                     Cell Name |     Power-Grid View |      Number of Instances
-------------------------------------------------------------------------------
                        ADDFX1 |                Tech |                      548
                        ADDHX1 |                Tech |                      192
                        AND2X1 |                Tech |                      241
                        AND2X2 |                Tech |                       38
                        AND3X1 |                Tech |                        5
                        AND3X4 |                Tech |                        1
                        AND3XL |                Tech |                        5
                        AND4X1 |                Tech |                        5
                        AND4XL |                Tech |                       10
                        AO21X1 |                Tech |                       33
                        AO22X1 |                Tech |                      194
                      AOI211XL |                Tech |                       64
                       AOI21X1 |                Tech |                       76
                      AOI221X1 |                Tech |                      505
                      AOI222X1 |                Tech |                       88
                       AOI22X1 |                Tech |                     1386
                     AOI2BB1X1 |                Tech |                        3
                     AOI2BB2X1 |                Tech |                       31
                       AOI32X1 |                Tech |                       28
                       AOI33XL |                Tech |                        1
                         BUFX2 |                Tech |                       22
                         BUFX8 |                Tech |                        1
                      CLKBUFX8 |                Tech |                       64
                      CLKINVX8 |                Tech |                      125
                     CLKXOR2X1 |                Tech |                       44
                       DFFHQX1 |                Tech |                      810
                       DFFHQX8 |                Tech |                        9
                        DFFQXL |                Tech |                      179
                        DFFRX1 |                Tech |                        1
                       DFFTRX2 |                Tech |                        1
                         DFFX1 |                Tech |                       51
                         DFFX2 |                Tech |                        2
                      EDFFHQX1 |                Tech |                     1250
                      EDFFHQX8 |                Tech |                       13
                        EDFFX2 |                Tech |                       64
                         INVX1 |                Tech |                      316
                         INVX2 |                Tech |                        2
                         INVXL |                Tech |                       67
                      MDFFHQX1 |                Tech |                       18
                         MX2X1 |                Tech |                      192
                        MXI2XL |                Tech |                      289
                      NAND2BX1 |                Tech |                      137
                      NAND2BX2 |                Tech |                        1
                      NAND2BX4 |                Tech |                        1
                       NAND2X1 |                Tech |                      333
                       NAND2X2 |                Tech |                       30
                      NAND3BXL |                Tech |                       25
                       NAND3X1 |                Tech |                       83
                      NAND4BX1 |                Tech |                        5
                       NAND4X1 |                Tech |                       24
                       NAND4XL |                Tech |                      260
                       NOR2BX1 |                Tech |                       97
                       NOR2BX2 |                Tech |                       15
                       NOR2BX4 |                Tech |                        1
                        NOR2X1 |                Tech |                      326
                        NOR2X2 |                Tech |                        4
                       NOR3BX1 |                Tech |                       12
                        NOR3X1 |                Tech |                       12
                      NOR4BBX1 |                Tech |                        4
                       NOR4BX1 |                Tech |                        3
                        NOR4X1 |                Tech |                       29
                        OA21X1 |                Tech |                       11
                        OA22X1 |                Tech |                       50
                      OAI211X1 |                Tech |                       76
                       OAI21X1 |                Tech |                       78
                      OAI221X1 |                Tech |                       66
                      OAI222X1 |                Tech |                       16
                       OAI22X1 |                Tech |                      390
                     OAI2BB1X1 |                Tech |                      269
                     OAI2BB1X2 |                Tech |                        1
                       OAI31X1 |                Tech |                        6
                       OAI32X1 |                Tech |                        1
                         OR2X1 |                Tech |                       84
                         OR2X2 |                Tech |                        2
                         OR3X1 |                Tech |                        9
                         OR3X2 |                Tech |                        1
                         OR3XL |                Tech |                        7
                         OR4X1 |                Tech |                       75
                     SMDFFHQX1 |                Tech |                        1
                       XNOR2X1 |                Tech |                      471
