###############################################################
#  Generated by:      Cadence Innovus 21.35-s114_1
#  OS:                Linux x86_64(Host ID cn88.it.auth.gr)
#  Generated on:      Sun Nov 30 19:24:48 2025
#  Design:            picorv32_wb
#  Command:           report_timing -path_group in2reg -check_type hold -max_paths 50 > reports/postCTS/in2reg_hold.rpt
###############################################################
Path 1: VIOLATED Hold Check with Pin state_reg[0]/CK 
Endpoint:   state_reg[0]/SI (v) checked with  leading edge of 'clk'
Beginpoint: scan_in         (v) triggered by  leading edge of '@'
Path Groups: {in2reg}
Analysis View: analysis1
Other End Arrival Time          0.004
+ Hold                         -0.012
+ Phase Shift                   0.000
+ Uncertainty                   0.020
= Required Time                 0.011
  Arrival Time                  0.000
  Slack Time                   -0.011
     Clock Rise Edge                      0.000
     + Input Delay                        0.000
     = Beginpoint Arrival Time            0.000
     +-----------------------------------------------------------------+ 
     |   Instance   |    Arc    |  Cell   | Delay | Arrival | Required | 
     |              |           |         |       |  Time   |   Time   | 
     |--------------+-----------+---------+-------+---------+----------| 
     |              | scan_in v |         |       |   0.000 |    0.011 | 
     | state_reg[0] | SI v      | SDFFQX1 | 0.000 |   0.000 |    0.011 | 
     +-----------------------------------------------------------------+ 
Path 2: MET Hold Check with Pin picorv32_core_cpuregs_reg[8][11]/CK 
Endpoint:   picorv32_core_cpuregs_reg[8][11]/SE (v) checked with  leading edge 
of 'clk'
Beginpoint: se                                  (v) triggered by  leading edge 
of '@'
Path Groups: {in2reg}
Analysis View: analysis1
Other End Arrival Time         -0.005
+ Hold                         -0.017
+ Phase Shift                   0.000
+ Uncertainty                   0.020
= Required Time                -0.002
  Arrival Time                  0.151
  Slack Time                    0.153
     Clock Rise Edge                      0.000
     + Input Delay                        0.000
     = Beginpoint Arrival Time            0.000
     +--------------------------------------------------------------------------------------+ 
     |             Instance             |    Arc     |  Cell   | Delay | Arrival | Required | 
     |                                  |            |         |       |  Time   |   Time   | 
     |----------------------------------+------------+---------+-------+---------+----------| 
     |                                  | se v       |         |       |   0.000 |   -0.153 | 
     | FE_OFC961_se                     | A v -> Y ^ | INVX3   | 0.079 |   0.079 |   -0.074 | 
     | FE_OFC1738_se                    | A ^ -> Y v | INVX1   | 0.072 |   0.150 |   -0.003 | 
     | picorv32_core_cpuregs_reg[8][11] | SE v       | SDFFQX1 | 0.000 |   0.151 |   -0.002 | 
     +--------------------------------------------------------------------------------------+ 
Path 3: MET Hold Check with Pin picorv32_core_cpuregs_reg[8][28]/CK 
Endpoint:   picorv32_core_cpuregs_reg[8][28]/SE (v) checked with  leading edge 
of 'clk'
Beginpoint: se                                  (v) triggered by  leading edge 
of '@'
Path Groups: {in2reg}
Analysis View: analysis1
Other End Arrival Time         -0.005
+ Hold                         -0.017
+ Phase Shift                   0.000
+ Uncertainty                   0.020
= Required Time                -0.002
  Arrival Time                  0.151
  Slack Time                    0.153
     Clock Rise Edge                      0.000
     + Input Delay                        0.000
     = Beginpoint Arrival Time            0.000
     +--------------------------------------------------------------------------------------+ 
     |             Instance             |    Arc     |  Cell   | Delay | Arrival | Required | 
     |                                  |            |         |       |  Time   |   Time   | 
     |----------------------------------+------------+---------+-------+---------+----------| 
     |                                  | se v       |         |       |   0.000 |   -0.153 | 
     | FE_OFC961_se                     | A v -> Y ^ | INVX3   | 0.079 |   0.079 |   -0.074 | 
     | FE_OFC1738_se                    | A ^ -> Y v | INVX1   | 0.072 |   0.150 |   -0.003 | 
     | picorv32_core_cpuregs_reg[8][28] | SE v       | SDFFQX1 | 0.000 |   0.151 |   -0.002 | 
     +--------------------------------------------------------------------------------------+ 
Path 4: MET Hold Check with Pin picorv32_core_cpuregs_reg[9][11]/CK 
Endpoint:   picorv32_core_cpuregs_reg[9][11]/SE (v) checked with  leading edge 
of 'clk'
Beginpoint: se                                  (v) triggered by  leading edge 
of '@'
Path Groups: {in2reg}
Analysis View: analysis1
Other End Arrival Time         -0.005
+ Hold                         -0.017
+ Phase Shift                   0.000
+ Uncertainty                   0.020
= Required Time                -0.002
  Arrival Time                  0.151
  Slack Time                    0.153
     Clock Rise Edge                      0.000
     + Input Delay                        0.000
     = Beginpoint Arrival Time            0.000
     +--------------------------------------------------------------------------------------+ 
     |             Instance             |    Arc     |  Cell   | Delay | Arrival | Required | 
     |                                  |            |         |       |  Time   |   Time   | 
     |----------------------------------+------------+---------+-------+---------+----------| 
     |                                  | se v       |         |       |   0.000 |   -0.153 | 
     | FE_OFC961_se                     | A v -> Y ^ | INVX3   | 0.079 |   0.079 |   -0.074 | 
     | FE_OFC1738_se                    | A ^ -> Y v | INVX1   | 0.072 |   0.150 |   -0.003 | 
     | picorv32_core_cpuregs_reg[9][11] | SE v       | SDFFQX1 | 0.000 |   0.151 |   -0.002 | 
     +--------------------------------------------------------------------------------------+ 
Path 5: MET Hold Check with Pin picorv32_core_cpuregs_reg[3][10]/CK 
Endpoint:   picorv32_core_cpuregs_reg[3][10]/SE (v) checked with  leading edge 
of 'clk'
Beginpoint: se                                  (v) triggered by  leading edge 
of '@'
Path Groups: {in2reg}
Analysis View: analysis1
Other End Arrival Time         -0.006
+ Hold                         -0.017
+ Phase Shift                   0.000
+ Uncertainty                   0.020
= Required Time                -0.003
  Arrival Time                  0.151
  Slack Time                    0.154
     Clock Rise Edge                      0.000
     + Input Delay                        0.000
     = Beginpoint Arrival Time            0.000
     +--------------------------------------------------------------------------------------+ 
     |             Instance             |    Arc     |  Cell   | Delay | Arrival | Required | 
     |                                  |            |         |       |  Time   |   Time   | 
     |----------------------------------+------------+---------+-------+---------+----------| 
     |                                  | se v       |         |       |   0.000 |   -0.154 | 
     | FE_OFC961_se                     | A v -> Y ^ | INVX3   | 0.079 |   0.079 |   -0.075 | 
     | FE_OFC1738_se                    | A ^ -> Y v | INVX1   | 0.072 |   0.150 |   -0.003 | 
     | picorv32_core_cpuregs_reg[3][10] | SE v       | SDFFQX1 | 0.000 |   0.151 |   -0.003 | 
     +--------------------------------------------------------------------------------------+ 
Path 6: MET Hold Check with Pin picorv32_core_cpuregs_reg[2][28]/CK 
Endpoint:   picorv32_core_cpuregs_reg[2][28]/SE (v) checked with  leading edge 
of 'clk'
Beginpoint: se                                  (v) triggered by  leading edge 
of '@'
Path Groups: {in2reg}
Analysis View: analysis1
Other End Arrival Time         -0.006
+ Hold                         -0.017
+ Phase Shift                   0.000
+ Uncertainty                   0.020
= Required Time                -0.003
  Arrival Time                  0.151
  Slack Time                    0.154
     Clock Rise Edge                      0.000
     + Input Delay                        0.000
     = Beginpoint Arrival Time            0.000
     +--------------------------------------------------------------------------------------+ 
     |             Instance             |    Arc     |  Cell   | Delay | Arrival | Required | 
     |                                  |            |         |       |  Time   |   Time   | 
     |----------------------------------+------------+---------+-------+---------+----------| 
     |                                  | se v       |         |       |   0.000 |   -0.154 | 
     | FE_OFC961_se                     | A v -> Y ^ | INVX3   | 0.079 |   0.079 |   -0.075 | 
     | FE_OFC1738_se                    | A ^ -> Y v | INVX1   | 0.072 |   0.150 |   -0.003 | 
     | picorv32_core_cpuregs_reg[2][28] | SE v       | SDFFQX1 | 0.000 |   0.151 |   -0.003 | 
     +--------------------------------------------------------------------------------------+ 
Path 7: MET Hold Check with Pin picorv32_core_cpuregs_reg[2][10]/CK 
Endpoint:   picorv32_core_cpuregs_reg[2][10]/SE (v) checked with  leading edge 
of 'clk'
Beginpoint: se                                  (v) triggered by  leading edge 
of '@'
Path Groups: {in2reg}
Analysis View: analysis1
Other End Arrival Time         -0.006
+ Hold                         -0.017
+ Phase Shift                   0.000
+ Uncertainty                   0.020
= Required Time                -0.003
  Arrival Time                  0.151
  Slack Time                    0.154
     Clock Rise Edge                      0.000
     + Input Delay                        0.000
     = Beginpoint Arrival Time            0.000
     +--------------------------------------------------------------------------------------+ 
     |             Instance             |    Arc     |  Cell   | Delay | Arrival | Required | 
     |                                  |            |         |       |  Time   |   Time   | 
     |----------------------------------+------------+---------+-------+---------+----------| 
     |                                  | se v       |         |       |   0.000 |   -0.154 | 
     | FE_OFC961_se                     | A v -> Y ^ | INVX3   | 0.079 |   0.079 |   -0.075 | 
     | FE_OFC1738_se                    | A ^ -> Y v | INVX1   | 0.072 |   0.150 |   -0.003 | 
     | picorv32_core_cpuregs_reg[2][10] | SE v       | SDFFQX1 | 0.000 |   0.151 |   -0.003 | 
     +--------------------------------------------------------------------------------------+ 
Path 8: MET Hold Check with Pin picorv32_core_cpuregs_reg[15][28]/CK 
Endpoint:   picorv32_core_cpuregs_reg[15][28]/SE (v) checked with  leading edge 
of 'clk'
Beginpoint: se                                   (v) triggered by  leading edge 
of '@'
Path Groups: {in2reg}
Analysis View: analysis1
Other End Arrival Time         -0.006
+ Hold                         -0.017
+ Phase Shift                   0.000
+ Uncertainty                   0.020
= Required Time                -0.003
  Arrival Time                  0.151
  Slack Time                    0.154
     Clock Rise Edge                      0.000
     + Input Delay                        0.000
     = Beginpoint Arrival Time            0.000
     +---------------------------------------------------------------------------------------+ 
     |             Instance              |    Arc     |  Cell   | Delay | Arrival | Required | 
     |                                   |            |         |       |  Time   |   Time   | 
     |-----------------------------------+------------+---------+-------+---------+----------| 
     |                                   | se v       |         |       |   0.000 |   -0.154 | 
     | FE_OFC961_se                      | A v -> Y ^ | INVX3   | 0.079 |   0.079 |   -0.075 | 
     | FE_OFC1738_se                     | A ^ -> Y v | INVX1   | 0.072 |   0.150 |   -0.004 | 
     | picorv32_core_cpuregs_reg[15][28] | SE v       | SDFFQX1 | 0.000 |   0.151 |   -0.003 | 
     +---------------------------------------------------------------------------------------+ 
Path 9: MET Hold Check with Pin picorv32_core_cpuregs_reg[14][28]/CK 
Endpoint:   picorv32_core_cpuregs_reg[14][28]/SE (v) checked with  leading edge 
of 'clk'
Beginpoint: se                                   (v) triggered by  leading edge 
of '@'
Path Groups: {in2reg}
Analysis View: analysis1
Other End Arrival Time         -0.006
+ Hold                         -0.017
+ Phase Shift                   0.000
+ Uncertainty                   0.020
= Required Time                -0.003
  Arrival Time                  0.151
  Slack Time                    0.154
     Clock Rise Edge                      0.000
     + Input Delay                        0.000
     = Beginpoint Arrival Time            0.000
     +---------------------------------------------------------------------------------------+ 
     |             Instance              |    Arc     |  Cell   | Delay | Arrival | Required | 
     |                                   |            |         |       |  Time   |   Time   | 
     |-----------------------------------+------------+---------+-------+---------+----------| 
     |                                   | se v       |         |       |   0.000 |   -0.154 | 
     | FE_OFC961_se                      | A v -> Y ^ | INVX3   | 0.079 |   0.079 |   -0.075 | 
     | FE_OFC1738_se                     | A ^ -> Y v | INVX1   | 0.072 |   0.150 |   -0.004 | 
     | picorv32_core_cpuregs_reg[14][28] | SE v       | SDFFQX1 | 0.000 |   0.151 |   -0.003 | 
     +---------------------------------------------------------------------------------------+ 
Path 10: MET Hold Check with Pin picorv32_core_cpuregs_reg[14][10]/CK 
Endpoint:   picorv32_core_cpuregs_reg[14][10]/SE (v) checked with  leading edge 
of 'clk'
Beginpoint: se                                   (v) triggered by  leading edge 
of '@'
Path Groups: {in2reg}
Analysis View: analysis1
Other End Arrival Time         -0.006
+ Hold                         -0.017
+ Phase Shift                   0.000
+ Uncertainty                   0.020
= Required Time                -0.003
  Arrival Time                  0.151
  Slack Time                    0.154
     Clock Rise Edge                      0.000
     + Input Delay                        0.000
     = Beginpoint Arrival Time            0.000
     +---------------------------------------------------------------------------------------+ 
     |             Instance              |    Arc     |  Cell   | Delay | Arrival | Required | 
     |                                   |            |         |       |  Time   |   Time   | 
     |-----------------------------------+------------+---------+-------+---------+----------| 
     |                                   | se v       |         |       |   0.000 |   -0.154 | 
     | FE_OFC961_se                      | A v -> Y ^ | INVX3   | 0.079 |   0.079 |   -0.075 | 
     | FE_OFC1738_se                     | A ^ -> Y v | INVX1   | 0.072 |   0.150 |   -0.004 | 
     | picorv32_core_cpuregs_reg[14][10] | SE v       | SDFFQX1 | 0.000 |   0.151 |   -0.003 | 
     +---------------------------------------------------------------------------------------+ 
Path 11: MET Hold Check with Pin picorv32_core_cpuregs_reg[9][28]/CK 
Endpoint:   picorv32_core_cpuregs_reg[9][28]/SE (v) checked with  leading edge 
of 'clk'
Beginpoint: se                                  (v) triggered by  leading edge 
of '@'
Path Groups: {in2reg}
Analysis View: analysis1
Other End Arrival Time         -0.006
+ Hold                         -0.017
+ Phase Shift                   0.000
+ Uncertainty                   0.020
= Required Time                -0.003
  Arrival Time                  0.151
  Slack Time                    0.154
     Clock Rise Edge                      0.000
     + Input Delay                        0.000
     = Beginpoint Arrival Time            0.000
     +--------------------------------------------------------------------------------------+ 
     |             Instance             |    Arc     |  Cell   | Delay | Arrival | Required | 
     |                                  |            |         |       |  Time   |   Time   | 
     |----------------------------------+------------+---------+-------+---------+----------| 
     |                                  | se v       |         |       |   0.000 |   -0.154 | 
     | FE_OFC961_se                     | A v -> Y ^ | INVX3   | 0.079 |   0.079 |   -0.075 | 
     | FE_OFC1738_se                    | A ^ -> Y v | INVX1   | 0.072 |   0.150 |   -0.004 | 
     | picorv32_core_cpuregs_reg[9][28] | SE v       | SDFFQX1 | 0.000 |   0.151 |   -0.003 | 
     +--------------------------------------------------------------------------------------+ 
Path 12: MET Hold Check with Pin picorv32_core_cpuregs_reg[8][10]/CK 
Endpoint:   picorv32_core_cpuregs_reg[8][10]/SE (v) checked with  leading edge 
of 'clk'
Beginpoint: se                                  (v) triggered by  leading edge 
of '@'
Path Groups: {in2reg}
Analysis View: analysis1
Other End Arrival Time         -0.006
+ Hold                         -0.017
+ Phase Shift                   0.000
+ Uncertainty                   0.020
= Required Time                -0.003
  Arrival Time                  0.151
  Slack Time                    0.154
     Clock Rise Edge                      0.000
     + Input Delay                        0.000
     = Beginpoint Arrival Time            0.000
     +--------------------------------------------------------------------------------------+ 
     |             Instance             |    Arc     |  Cell   | Delay | Arrival | Required | 
     |                                  |            |         |       |  Time   |   Time   | 
     |----------------------------------+------------+---------+-------+---------+----------| 
     |                                  | se v       |         |       |   0.000 |   -0.154 | 
     | FE_OFC961_se                     | A v -> Y ^ | INVX3   | 0.079 |   0.079 |   -0.075 | 
     | FE_OFC1738_se                    | A ^ -> Y v | INVX1   | 0.072 |   0.150 |   -0.004 | 
     | picorv32_core_cpuregs_reg[8][10] | SE v       | SDFFQX1 | 0.000 |   0.151 |   -0.003 | 
     +--------------------------------------------------------------------------------------+ 
Path 13: MET Hold Check with Pin picorv32_core_cpuregs_reg[16][29]/CK 
Endpoint:   picorv32_core_cpuregs_reg[16][29]/SE (v) checked with  leading edge 
of 'clk'
Beginpoint: se                                   (v) triggered by  leading edge 
of '@'
Path Groups: {in2reg}
Analysis View: analysis1
Other End Arrival Time         -0.006
+ Hold                         -0.017
+ Phase Shift                   0.000
+ Uncertainty                   0.020
= Required Time                -0.003
  Arrival Time                  0.151
  Slack Time                    0.154
     Clock Rise Edge                      0.000
     + Input Delay                        0.000
     = Beginpoint Arrival Time            0.000
     +---------------------------------------------------------------------------------------+ 
     |             Instance              |    Arc     |  Cell   | Delay | Arrival | Required | 
     |                                   |            |         |       |  Time   |   Time   | 
     |-----------------------------------+------------+---------+-------+---------+----------| 
     |                                   | se v       |         |       |   0.000 |   -0.154 | 
     | FE_OFC961_se                      | A v -> Y ^ | INVX3   | 0.079 |   0.079 |   -0.075 | 
     | FE_OFC1738_se                     | A ^ -> Y v | INVX1   | 0.072 |   0.150 |   -0.004 | 
     | picorv32_core_cpuregs_reg[16][29] | SE v       | SDFFQX1 | 0.000 |   0.151 |   -0.003 | 
     +---------------------------------------------------------------------------------------+ 
Path 14: MET Hold Check with Pin picorv32_core_cpuregs_reg[10][11]/CK 
Endpoint:   picorv32_core_cpuregs_reg[10][11]/SE (v) checked with  leading edge 
of 'clk'
Beginpoint: se                                   (v) triggered by  leading edge 
of '@'
Path Groups: {in2reg}
Analysis View: analysis1
Other End Arrival Time         -0.006
+ Hold                         -0.017
+ Phase Shift                   0.000
+ Uncertainty                   0.020
= Required Time                -0.003
  Arrival Time                  0.151
  Slack Time                    0.154
     Clock Rise Edge                      0.000
     + Input Delay                        0.000
     = Beginpoint Arrival Time            0.000
     +---------------------------------------------------------------------------------------+ 
     |             Instance              |    Arc     |  Cell   | Delay | Arrival | Required | 
     |                                   |            |         |       |  Time   |   Time   | 
     |-----------------------------------+------------+---------+-------+---------+----------| 
     |                                   | se v       |         |       |   0.000 |   -0.154 | 
     | FE_OFC961_se                      | A v -> Y ^ | INVX3   | 0.079 |   0.079 |   -0.075 | 
     | FE_OFC1738_se                     | A ^ -> Y v | INVX1   | 0.072 |   0.150 |   -0.004 | 
     | picorv32_core_cpuregs_reg[10][11] | SE v       | SDFFQX1 | 0.000 |   0.151 |   -0.003 | 
     +---------------------------------------------------------------------------------------+ 
Path 15: MET Hold Check with Pin picorv32_core_cpuregs_reg[3][28]/CK 
Endpoint:   picorv32_core_cpuregs_reg[3][28]/SE (v) checked with  leading edge 
of 'clk'
Beginpoint: se                                  (v) triggered by  leading edge 
of '@'
Path Groups: {in2reg}
Analysis View: analysis1
Other End Arrival Time         -0.006
+ Hold                         -0.017
+ Phase Shift                   0.000
+ Uncertainty                   0.020
= Required Time                -0.003
  Arrival Time                  0.151
  Slack Time                    0.154
     Clock Rise Edge                      0.000
     + Input Delay                        0.000
     = Beginpoint Arrival Time            0.000
     +--------------------------------------------------------------------------------------+ 
     |             Instance             |    Arc     |  Cell   | Delay | Arrival | Required | 
     |                                  |            |         |       |  Time   |   Time   | 
     |----------------------------------+------------+---------+-------+---------+----------| 
     |                                  | se v       |         |       |   0.000 |   -0.154 | 
     | FE_OFC961_se                     | A v -> Y ^ | INVX3   | 0.079 |   0.079 |   -0.075 | 
     | FE_OFC1738_se                    | A ^ -> Y v | INVX1   | 0.072 |   0.150 |   -0.004 | 
     | picorv32_core_cpuregs_reg[3][28] | SE v       | SDFFQX1 | 0.000 |   0.151 |   -0.003 | 
     +--------------------------------------------------------------------------------------+ 
Path 16: MET Hold Check with Pin picorv32_core_cpuregs_reg[28][18]/CK 
Endpoint:   picorv32_core_cpuregs_reg[28][18]/SE (v) checked with  leading edge 
of 'clk'
Beginpoint: se                                   (v) triggered by  leading edge 
of '@'
Path Groups: {in2reg}
Analysis View: analysis1
Other End Arrival Time          0.003
+ Hold                         -0.020
+ Phase Shift                   0.000
+ Uncertainty                   0.020
= Required Time                 0.004
  Arrival Time                  0.161
  Slack Time                    0.157
     Clock Rise Edge                      0.000
     + Input Delay                        0.000
     = Beginpoint Arrival Time            0.000
     +---------------------------------------------------------------------------------------+ 
     |             Instance              |    Arc     |  Cell   | Delay | Arrival | Required | 
     |                                   |            |         |       |  Time   |   Time   | 
     |-----------------------------------+------------+---------+-------+---------+----------| 
     |                                   | se v       |         |       |   0.000 |   -0.157 | 
     | FE_OFC961_se                      | A v -> Y ^ | INVX3   | 0.079 |   0.079 |   -0.078 | 
     | FE_OFC1018_se                     | A ^ -> Y v | INVX2   | 0.081 |   0.160 |    0.002 | 
     | picorv32_core_cpuregs_reg[28][18] | SE v       | SDFFQX1 | 0.001 |   0.161 |    0.004 | 
     +---------------------------------------------------------------------------------------+ 
Path 17: MET Hold Check with Pin picorv32_core_cpuregs_reg[27][20]/CK 
Endpoint:   picorv32_core_cpuregs_reg[27][20]/SE (v) checked with  leading edge 
of 'clk'
Beginpoint: se                                   (v) triggered by  leading edge 
of '@'
Path Groups: {in2reg}
Analysis View: analysis1
Other End Arrival Time          0.004
+ Hold                         -0.020
+ Phase Shift                   0.000
+ Uncertainty                   0.020
= Required Time                 0.004
  Arrival Time                  0.161
  Slack Time                    0.157
     Clock Rise Edge                      0.000
     + Input Delay                        0.000
     = Beginpoint Arrival Time            0.000
     +---------------------------------------------------------------------------------------+ 
     |             Instance              |    Arc     |  Cell   | Delay | Arrival | Required | 
     |                                   |            |         |       |  Time   |   Time   | 
     |-----------------------------------+------------+---------+-------+---------+----------| 
     |                                   | se v       |         |       |   0.000 |   -0.157 | 
     | FE_OFC961_se                      | A v -> Y ^ | INVX3   | 0.079 |   0.079 |   -0.078 | 
     | FE_OFC1018_se                     | A ^ -> Y v | INVX2   | 0.081 |   0.160 |    0.002 | 
     | picorv32_core_cpuregs_reg[27][20] | SE v       | SDFFQX1 | 0.002 |   0.161 |    0.004 | 
     +---------------------------------------------------------------------------------------+ 
Path 18: MET Hold Check with Pin picorv32_core_cpuregs_reg[27][18]/CK 
Endpoint:   picorv32_core_cpuregs_reg[27][18]/SE (v) checked with  leading edge 
of 'clk'
Beginpoint: se                                   (v) triggered by  leading edge 
of '@'
Path Groups: {in2reg}
Analysis View: analysis1
Other End Arrival Time          0.004
+ Hold                         -0.020
+ Phase Shift                   0.000
+ Uncertainty                   0.020
= Required Time                 0.004
  Arrival Time                  0.161
  Slack Time                    0.157
     Clock Rise Edge                      0.000
     + Input Delay                        0.000
     = Beginpoint Arrival Time            0.000
     +---------------------------------------------------------------------------------------+ 
     |             Instance              |    Arc     |  Cell   | Delay | Arrival | Required | 
     |                                   |            |         |       |  Time   |   Time   | 
     |-----------------------------------+------------+---------+-------+---------+----------| 
     |                                   | se v       |         |       |   0.000 |   -0.157 | 
     | FE_OFC961_se                      | A v -> Y ^ | INVX3   | 0.079 |   0.079 |   -0.078 | 
     | FE_OFC1018_se                     | A ^ -> Y v | INVX2   | 0.081 |   0.160 |    0.002 | 
     | picorv32_core_cpuregs_reg[27][18] | SE v       | SDFFQX1 | 0.002 |   0.161 |    0.004 | 
     +---------------------------------------------------------------------------------------+ 
Path 19: MET Hold Check with Pin picorv32_core_cpuregs_reg[26][20]/CK 
Endpoint:   picorv32_core_cpuregs_reg[26][20]/SE (v) checked with  leading edge 
of 'clk'
Beginpoint: se                                   (v) triggered by  leading edge 
of '@'
Path Groups: {in2reg}
Analysis View: analysis1
Other End Arrival Time          0.004
+ Hold                         -0.020
+ Phase Shift                   0.000
+ Uncertainty                   0.020
= Required Time                 0.004
  Arrival Time                  0.161
  Slack Time                    0.157
     Clock Rise Edge                      0.000
     + Input Delay                        0.000
     = Beginpoint Arrival Time            0.000
     +---------------------------------------------------------------------------------------+ 
     |             Instance              |    Arc     |  Cell   | Delay | Arrival | Required | 
     |                                   |            |         |       |  Time   |   Time   | 
     |-----------------------------------+------------+---------+-------+---------+----------| 
     |                                   | se v       |         |       |   0.000 |   -0.157 | 
     | FE_OFC961_se                      | A v -> Y ^ | INVX3   | 0.079 |   0.079 |   -0.078 | 
     | FE_OFC1018_se                     | A ^ -> Y v | INVX2   | 0.081 |   0.160 |    0.002 | 
     | picorv32_core_cpuregs_reg[26][20] | SE v       | SDFFQX1 | 0.002 |   0.161 |    0.004 | 
     +---------------------------------------------------------------------------------------+ 
Path 20: MET Hold Check with Pin picorv32_core_cpuregs_reg[28][19]/CK 
Endpoint:   picorv32_core_cpuregs_reg[28][19]/SE (v) checked with  leading edge 
of 'clk'
Beginpoint: se                                   (v) triggered by  leading edge 
of '@'
Path Groups: {in2reg}
Analysis View: analysis1
Other End Arrival Time          0.003
+ Hold                         -0.020
+ Phase Shift                   0.000
+ Uncertainty                   0.020
= Required Time                 0.004
  Arrival Time                  0.161
  Slack Time                    0.157
     Clock Rise Edge                      0.000
     + Input Delay                        0.000
     = Beginpoint Arrival Time            0.000
     +---------------------------------------------------------------------------------------+ 
     |             Instance              |    Arc     |  Cell   | Delay | Arrival | Required | 
     |                                   |            |         |       |  Time   |   Time   | 
     |-----------------------------------+------------+---------+-------+---------+----------| 
     |                                   | se v       |         |       |   0.000 |   -0.157 | 
     | FE_OFC961_se                      | A v -> Y ^ | INVX3   | 0.079 |   0.079 |   -0.079 | 
     | FE_OFC1018_se                     | A ^ -> Y v | INVX2   | 0.081 |   0.160 |    0.002 | 
     | picorv32_core_cpuregs_reg[28][19] | SE v       | SDFFQX1 | 0.002 |   0.161 |    0.004 | 
     +---------------------------------------------------------------------------------------+ 
Path 21: MET Hold Check with Pin picorv32_core_cpuregs_reg[26][21]/CK 
Endpoint:   picorv32_core_cpuregs_reg[26][21]/SE (v) checked with  leading edge 
of 'clk'
Beginpoint: se                                   (v) triggered by  leading edge 
of '@'
Path Groups: {in2reg}
Analysis View: analysis1
Other End Arrival Time          0.003
+ Hold                         -0.020
+ Phase Shift                   0.000
+ Uncertainty                   0.020
= Required Time                 0.004
  Arrival Time                  0.161
  Slack Time                    0.157
     Clock Rise Edge                      0.000
     + Input Delay                        0.000
     = Beginpoint Arrival Time            0.000
     +---------------------------------------------------------------------------------------+ 
     |             Instance              |    Arc     |  Cell   | Delay | Arrival | Required | 
     |                                   |            |         |       |  Time   |   Time   | 
     |-----------------------------------+------------+---------+-------+---------+----------| 
     |                                   | se v       |         |       |   0.000 |   -0.157 | 
     | FE_OFC961_se                      | A v -> Y ^ | INVX3   | 0.079 |   0.079 |   -0.079 | 
     | FE_OFC1018_se                     | A ^ -> Y v | INVX2   | 0.081 |   0.160 |    0.002 | 
     | picorv32_core_cpuregs_reg[26][21] | SE v       | SDFFQX1 | 0.002 |   0.161 |    0.004 | 
     +---------------------------------------------------------------------------------------+ 
Path 22: MET Hold Check with Pin picorv32_core_cpuregs_reg[27][19]/CK 
Endpoint:   picorv32_core_cpuregs_reg[27][19]/SE (v) checked with  leading edge 
of 'clk'
Beginpoint: se                                   (v) triggered by  leading edge 
of '@'
Path Groups: {in2reg}
Analysis View: analysis1
Other End Arrival Time          0.004
+ Hold                         -0.020
+ Phase Shift                   0.000
+ Uncertainty                   0.020
= Required Time                 0.004
  Arrival Time                  0.162
  Slack Time                    0.158
     Clock Rise Edge                      0.000
     + Input Delay                        0.000
     = Beginpoint Arrival Time            0.000
     +---------------------------------------------------------------------------------------+ 
     |             Instance              |    Arc     |  Cell   | Delay | Arrival | Required | 
     |                                   |            |         |       |  Time   |   Time   | 
     |-----------------------------------+------------+---------+-------+---------+----------| 
     |                                   | se v       |         |       |   0.000 |   -0.158 | 
     | FE_OFC961_se                      | A v -> Y ^ | INVX3   | 0.079 |   0.079 |   -0.079 | 
     | FE_OFC1018_se                     | A ^ -> Y v | INVX2   | 0.081 |   0.160 |    0.002 | 
     | picorv32_core_cpuregs_reg[27][19] | SE v       | SDFFQX1 | 0.002 |   0.162 |    0.004 | 
     +---------------------------------------------------------------------------------------+ 
Path 23: MET Hold Check with Pin picorv32_core_cpuregs_reg[30][18]/CK 
Endpoint:   picorv32_core_cpuregs_reg[30][18]/SE (v) checked with  leading edge 
of 'clk'
Beginpoint: se                                   (v) triggered by  leading edge 
of '@'
Path Groups: {in2reg}
Analysis View: analysis1
Other End Arrival Time          0.003
+ Hold                         -0.020
+ Phase Shift                   0.000
+ Uncertainty                   0.020
= Required Time                 0.003
  Arrival Time                  0.161
  Slack Time                    0.158
     Clock Rise Edge                      0.000
     + Input Delay                        0.000
     = Beginpoint Arrival Time            0.000
     +---------------------------------------------------------------------------------------+ 
     |             Instance              |    Arc     |  Cell   | Delay | Arrival | Required | 
     |                                   |            |         |       |  Time   |   Time   | 
     |-----------------------------------+------------+---------+-------+---------+----------| 
     |                                   | se v       |         |       |   0.000 |   -0.158 | 
     | FE_OFC961_se                      | A v -> Y ^ | INVX3   | 0.079 |   0.079 |   -0.079 | 
     | FE_OFC1018_se                     | A ^ -> Y v | INVX2   | 0.081 |   0.160 |    0.002 | 
     | picorv32_core_cpuregs_reg[30][18] | SE v       | SDFFQX1 | 0.001 |   0.161 |    0.003 | 
     +---------------------------------------------------------------------------------------+ 
Path 24: MET Hold Check with Pin picorv32_core_cpuregs_reg[28][20]/CK 
Endpoint:   picorv32_core_cpuregs_reg[28][20]/SE (v) checked with  leading edge 
of 'clk'
Beginpoint: se                                   (v) triggered by  leading edge 
of '@'
Path Groups: {in2reg}
Analysis View: analysis1
Other End Arrival Time          0.003
+ Hold                         -0.020
+ Phase Shift                   0.000
+ Uncertainty                   0.020
= Required Time                 0.004
  Arrival Time                  0.161
  Slack Time                    0.158
     Clock Rise Edge                      0.000
     + Input Delay                        0.000
     = Beginpoint Arrival Time            0.000
     +---------------------------------------------------------------------------------------+ 
     |             Instance              |    Arc     |  Cell   | Delay | Arrival | Required | 
     |                                   |            |         |       |  Time   |   Time   | 
     |-----------------------------------+------------+---------+-------+---------+----------| 
     |                                   | se v       |         |       |   0.000 |   -0.158 | 
     | FE_OFC961_se                      | A v -> Y ^ | INVX3   | 0.079 |   0.079 |   -0.079 | 
     | FE_OFC1018_se                     | A ^ -> Y v | INVX2   | 0.081 |   0.160 |    0.002 | 
     | picorv32_core_cpuregs_reg[28][20] | SE v       | SDFFQX1 | 0.002 |   0.161 |    0.004 | 
     +---------------------------------------------------------------------------------------+ 
Path 25: MET Hold Check with Pin picorv32_core_cpuregs_reg[26][18]/CK 
Endpoint:   picorv32_core_cpuregs_reg[26][18]/SE (v) checked with  leading edge 
of 'clk'
Beginpoint: se                                   (v) triggered by  leading edge 
of '@'
Path Groups: {in2reg}
Analysis View: analysis1
Other End Arrival Time          0.003
+ Hold                         -0.020
+ Phase Shift                   0.000
+ Uncertainty                   0.020
= Required Time                 0.004
  Arrival Time                  0.162
  Slack Time                    0.158
     Clock Rise Edge                      0.000
     + Input Delay                        0.000
     = Beginpoint Arrival Time            0.000
     +---------------------------------------------------------------------------------------+ 
     |             Instance              |    Arc     |  Cell   | Delay | Arrival | Required | 
     |                                   |            |         |       |  Time   |   Time   | 
     |-----------------------------------+------------+---------+-------+---------+----------| 
     |                                   | se v       |         |       |   0.000 |   -0.158 | 
     | FE_OFC961_se                      | A v -> Y ^ | INVX3   | 0.079 |   0.079 |   -0.079 | 
     | FE_OFC1018_se                     | A ^ -> Y v | INVX2   | 0.081 |   0.160 |    0.002 | 
     | picorv32_core_cpuregs_reg[26][18] | SE v       | SDFFQX1 | 0.002 |   0.162 |    0.004 | 
     +---------------------------------------------------------------------------------------+ 
Path 26: MET Hold Check with Pin picorv32_core_cpuregs_reg[27][17]/CK 
Endpoint:   picorv32_core_cpuregs_reg[27][17]/SE (v) checked with  leading edge 
of 'clk'
Beginpoint: se                                   (v) triggered by  leading edge 
of '@'
Path Groups: {in2reg}
Analysis View: analysis1
Other End Arrival Time          0.003
+ Hold                         -0.020
+ Phase Shift                   0.000
+ Uncertainty                   0.020
= Required Time                 0.003
  Arrival Time                  0.161
  Slack Time                    0.158
     Clock Rise Edge                      0.000
     + Input Delay                        0.000
     = Beginpoint Arrival Time            0.000
     +---------------------------------------------------------------------------------------+ 
     |             Instance              |    Arc     |  Cell   | Delay | Arrival | Required | 
     |                                   |            |         |       |  Time   |   Time   | 
     |-----------------------------------+------------+---------+-------+---------+----------| 
     |                                   | se v       |         |       |   0.000 |   -0.158 | 
     | FE_OFC961_se                      | A v -> Y ^ | INVX3   | 0.079 |   0.079 |   -0.079 | 
     | FE_OFC1018_se                     | A ^ -> Y v | INVX2   | 0.081 |   0.160 |    0.002 | 
     | picorv32_core_cpuregs_reg[27][17] | SE v       | SDFFQX1 | 0.001 |   0.161 |    0.003 | 
     +---------------------------------------------------------------------------------------+ 
Path 27: MET Hold Check with Pin picorv32_core_cpuregs_reg[29][18]/CK 
Endpoint:   picorv32_core_cpuregs_reg[29][18]/SE (v) checked with  leading edge 
of 'clk'
Beginpoint: se                                   (v) triggered by  leading edge 
of '@'
Path Groups: {in2reg}
Analysis View: analysis1
Other End Arrival Time          0.003
+ Hold                         -0.020
+ Phase Shift                   0.000
+ Uncertainty                   0.020
= Required Time                 0.004
  Arrival Time                  0.162
  Slack Time                    0.158
     Clock Rise Edge                      0.000
     + Input Delay                        0.000
     = Beginpoint Arrival Time            0.000
     +---------------------------------------------------------------------------------------+ 
     |             Instance              |    Arc     |  Cell   | Delay | Arrival | Required | 
     |                                   |            |         |       |  Time   |   Time   | 
     |-----------------------------------+------------+---------+-------+---------+----------| 
     |                                   | se v       |         |       |   0.000 |   -0.158 | 
     | FE_OFC961_se                      | A v -> Y ^ | INVX3   | 0.079 |   0.079 |   -0.079 | 
     | FE_OFC1018_se                     | A ^ -> Y v | INVX2   | 0.081 |   0.160 |    0.002 | 
     | picorv32_core_cpuregs_reg[29][18] | SE v       | SDFFQX1 | 0.002 |   0.162 |    0.004 | 
     +---------------------------------------------------------------------------------------+ 
Path 28: MET Hold Check with Pin picorv32_core_cpuregs_reg[29][19]/CK 
Endpoint:   picorv32_core_cpuregs_reg[29][19]/SE (v) checked with  leading edge 
of 'clk'
Beginpoint: se                                   (v) triggered by  leading edge 
of '@'
Path Groups: {in2reg}
Analysis View: analysis1
Other End Arrival Time          0.003
+ Hold                         -0.020
+ Phase Shift                   0.000
+ Uncertainty                   0.020
= Required Time                 0.004
  Arrival Time                  0.162
  Slack Time                    0.158
     Clock Rise Edge                      0.000
     + Input Delay                        0.000
     = Beginpoint Arrival Time            0.000
     +---------------------------------------------------------------------------------------+ 
     |             Instance              |    Arc     |  Cell   | Delay | Arrival | Required | 
     |                                   |            |         |       |  Time   |   Time   | 
     |-----------------------------------+------------+---------+-------+---------+----------| 
     |                                   | se v       |         |       |   0.000 |   -0.158 | 
     | FE_OFC961_se                      | A v -> Y ^ | INVX3   | 0.079 |   0.079 |   -0.079 | 
     | FE_OFC1018_se                     | A ^ -> Y v | INVX2   | 0.081 |   0.160 |    0.002 | 
     | picorv32_core_cpuregs_reg[29][19] | SE v       | SDFFQX1 | 0.002 |   0.162 |    0.004 | 
     +---------------------------------------------------------------------------------------+ 
Path 29: MET Hold Check with Pin picorv32_core_cpuregs_reg[26][19]/CK 
Endpoint:   picorv32_core_cpuregs_reg[26][19]/SE (v) checked with  leading edge 
of 'clk'
Beginpoint: se                                   (v) triggered by  leading edge 
of '@'
Path Groups: {in2reg}
Analysis View: analysis1
Other End Arrival Time          0.003
+ Hold                         -0.020
+ Phase Shift                   0.000
+ Uncertainty                   0.020
= Required Time                 0.004
  Arrival Time                  0.162
  Slack Time                    0.158
     Clock Rise Edge                      0.000
     + Input Delay                        0.000
     = Beginpoint Arrival Time            0.000
     +---------------------------------------------------------------------------------------+ 
     |             Instance              |    Arc     |  Cell   | Delay | Arrival | Required | 
     |                                   |            |         |       |  Time   |   Time   | 
     |-----------------------------------+------------+---------+-------+---------+----------| 
     |                                   | se v       |         |       |   0.000 |   -0.158 | 
     | FE_OFC961_se                      | A v -> Y ^ | INVX3   | 0.079 |   0.079 |   -0.079 | 
     | FE_OFC1018_se                     | A ^ -> Y v | INVX2   | 0.081 |   0.160 |    0.002 | 
     | picorv32_core_cpuregs_reg[26][19] | SE v       | SDFFQX1 | 0.002 |   0.162 |    0.004 | 
     +---------------------------------------------------------------------------------------+ 
Path 30: MET Hold Check with Pin picorv32_core_cpuregs_reg[29][20]/CK 
Endpoint:   picorv32_core_cpuregs_reg[29][20]/SE (v) checked with  leading edge 
of 'clk'
Beginpoint: se                                   (v) triggered by  leading edge 
of '@'
Path Groups: {in2reg}
Analysis View: analysis1
Other End Arrival Time          0.003
+ Hold                         -0.020
+ Phase Shift                   0.000
+ Uncertainty                   0.020
= Required Time                 0.004
  Arrival Time                  0.162
  Slack Time                    0.158
     Clock Rise Edge                      0.000
     + Input Delay                        0.000
     = Beginpoint Arrival Time            0.000
     +---------------------------------------------------------------------------------------+ 
     |             Instance              |    Arc     |  Cell   | Delay | Arrival | Required | 
     |                                   |            |         |       |  Time   |   Time   | 
     |-----------------------------------+------------+---------+-------+---------+----------| 
     |                                   | se v       |         |       |   0.000 |   -0.158 | 
     | FE_OFC961_se                      | A v -> Y ^ | INVX3   | 0.079 |   0.079 |   -0.079 | 
     | FE_OFC1018_se                     | A ^ -> Y v | INVX2   | 0.081 |   0.160 |    0.002 | 
     | picorv32_core_cpuregs_reg[29][20] | SE v       | SDFFQX1 | 0.002 |   0.162 |    0.004 | 
     +---------------------------------------------------------------------------------------+ 
Path 31: MET Hold Check with Pin picorv32_core_cpuregs_reg[29][17]/CK 
Endpoint:   picorv32_core_cpuregs_reg[29][17]/SE (v) checked with  leading edge 
of 'clk'
Beginpoint: se                                   (v) triggered by  leading edge 
of '@'
Path Groups: {in2reg}
Analysis View: analysis1
Other End Arrival Time          0.003
+ Hold                         -0.020
+ Phase Shift                   0.000
+ Uncertainty                   0.020
= Required Time                 0.004
  Arrival Time                  0.162
  Slack Time                    0.158
     Clock Rise Edge                      0.000
     + Input Delay                        0.000
     = Beginpoint Arrival Time            0.000
     +---------------------------------------------------------------------------------------+ 
     |             Instance              |    Arc     |  Cell   | Delay | Arrival | Required | 
     |                                   |            |         |       |  Time   |   Time   | 
     |-----------------------------------+------------+---------+-------+---------+----------| 
     |                                   | se v       |         |       |   0.000 |   -0.158 | 
     | FE_OFC961_se                      | A v -> Y ^ | INVX3   | 0.079 |   0.079 |   -0.079 | 
     | FE_OFC1018_se                     | A ^ -> Y v | INVX2   | 0.081 |   0.160 |    0.002 | 
     | picorv32_core_cpuregs_reg[29][17] | SE v       | SDFFQX1 | 0.002 |   0.162 |    0.004 | 
     +---------------------------------------------------------------------------------------+ 
Path 32: MET Hold Check with Pin picorv32_core_cpuregs_reg[28][17]/CK 
Endpoint:   picorv32_core_cpuregs_reg[28][17]/SE (v) checked with  leading edge 
of 'clk'
Beginpoint: se                                   (v) triggered by  leading edge 
of '@'
Path Groups: {in2reg}
Analysis View: analysis1
Other End Arrival Time          0.003
+ Hold                         -0.020
+ Phase Shift                   0.000
+ Uncertainty                   0.020
= Required Time                 0.004
  Arrival Time                  0.162
  Slack Time                    0.158
     Clock Rise Edge                      0.000
     + Input Delay                        0.000
     = Beginpoint Arrival Time            0.000
     +---------------------------------------------------------------------------------------+ 
     |             Instance              |    Arc     |  Cell   | Delay | Arrival | Required | 
     |                                   |            |         |       |  Time   |   Time   | 
     |-----------------------------------+------------+---------+-------+---------+----------| 
     |                                   | se v       |         |       |   0.000 |   -0.158 | 
     | FE_OFC961_se                      | A v -> Y ^ | INVX3   | 0.079 |   0.079 |   -0.079 | 
     | FE_OFC1018_se                     | A ^ -> Y v | INVX2   | 0.081 |   0.160 |    0.002 | 
     | picorv32_core_cpuregs_reg[28][17] | SE v       | SDFFQX1 | 0.002 |   0.162 |    0.004 | 
     +---------------------------------------------------------------------------------------+ 
Path 33: MET Hold Check with Pin picorv32_core_reg_op2_reg[20]/CK 
Endpoint:   picorv32_core_reg_op2_reg[20]/SE (v) checked with  leading edge of 
'clk'
Beginpoint: se                               (v) triggered by  leading edge of 
'@'
Path Groups: {in2reg}
Analysis View: analysis1
Other End Arrival Time          0.003
+ Hold                         -0.020
+ Phase Shift                   0.000
+ Uncertainty                   0.020
= Required Time                 0.004
  Arrival Time                  0.162
  Slack Time                    0.158
     Clock Rise Edge                      0.000
     + Input Delay                        0.000
     = Beginpoint Arrival Time            0.000
     +-----------------------------------------------------------------------------------+ 
     |           Instance            |    Arc     |  Cell   | Delay | Arrival | Required | 
     |                               |            |         |       |  Time   |   Time   | 
     |-------------------------------+------------+---------+-------+---------+----------| 
     |                               | se v       |         |       |   0.000 |   -0.158 | 
     | FE_OFC961_se                  | A v -> Y ^ | INVX3   | 0.079 |   0.079 |   -0.079 | 
     | FE_OFC1018_se                 | A ^ -> Y v | INVX2   | 0.081 |   0.160 |    0.002 | 
     | picorv32_core_reg_op2_reg[20] | SE v       | SDFFQX1 | 0.002 |   0.162 |    0.004 | 
     +-----------------------------------------------------------------------------------+ 
Path 34: MET Hold Check with Pin picorv32_core_reg_op2_reg[19]/CK 
Endpoint:   picorv32_core_reg_op2_reg[19]/SE (v) checked with  leading edge of 
'clk'
Beginpoint: se                               (v) triggered by  leading edge of 
'@'
Path Groups: {in2reg}
Analysis View: analysis1
Other End Arrival Time          0.003
+ Hold                         -0.020
+ Phase Shift                   0.000
+ Uncertainty                   0.020
= Required Time                 0.004
  Arrival Time                  0.162
  Slack Time                    0.158
     Clock Rise Edge                      0.000
     + Input Delay                        0.000
     = Beginpoint Arrival Time            0.000
     +-----------------------------------------------------------------------------------+ 
     |           Instance            |    Arc     |  Cell   | Delay | Arrival | Required | 
     |                               |            |         |       |  Time   |   Time   | 
     |-------------------------------+------------+---------+-------+---------+----------| 
     |                               | se v       |         |       |   0.000 |   -0.158 | 
     | FE_OFC961_se                  | A v -> Y ^ | INVX3   | 0.079 |   0.079 |   -0.079 | 
     | FE_OFC1018_se                 | A ^ -> Y v | INVX2   | 0.081 |   0.160 |    0.001 | 
     | picorv32_core_reg_op2_reg[19] | SE v       | SDFFQX1 | 0.002 |   0.162 |    0.004 | 
     +-----------------------------------------------------------------------------------+ 
Path 35: MET Hold Check with Pin picorv32_core_eoi_reg[22]/CK 
Endpoint:   picorv32_core_eoi_reg[22]/SE (v) checked with  leading edge of 'clk'
Beginpoint: se                           (v) triggered by  leading edge of '@'
Path Groups: {in2reg}
Analysis View: analysis1
Other End Arrival Time          0.002
+ Hold                         -0.020
+ Phase Shift                   0.000
+ Uncertainty                   0.020
= Required Time                 0.002
  Arrival Time                  0.162
  Slack Time                    0.159
     Clock Rise Edge                      0.000
     + Input Delay                        0.000
     = Beginpoint Arrival Time            0.000
     +-------------------------------------------------------------------------------+ 
     |         Instance          |    Arc     |  Cell   | Delay | Arrival | Required | 
     |                           |            |         |       |  Time   |   Time   | 
     |---------------------------+------------+---------+-------+---------+----------| 
     |                           | se v       |         |       |   0.000 |   -0.159 | 
     | FE_OFC961_se              | A v -> Y ^ | INVX3   | 0.079 |   0.079 |   -0.081 | 
     | FE_OFC1018_se             | A ^ -> Y v | INVX2   | 0.081 |   0.160 |    0.000 | 
     | picorv32_core_eoi_reg[22] | SE v       | SDFFQX1 | 0.002 |   0.162 |    0.002 | 
     +-------------------------------------------------------------------------------+ 
Path 36: MET Hold Check with Pin picorv32_core_eoi_reg[19]/CK 
Endpoint:   picorv32_core_eoi_reg[19]/SE (v) checked with  leading edge of 'clk'
Beginpoint: se                           (v) triggered by  leading edge of '@'
Path Groups: {in2reg}
Analysis View: analysis1
Other End Arrival Time          0.002
+ Hold                         -0.020
+ Phase Shift                   0.000
+ Uncertainty                   0.020
= Required Time                 0.002
  Arrival Time                  0.162
  Slack Time                    0.159
     Clock Rise Edge                      0.000
     + Input Delay                        0.000
     = Beginpoint Arrival Time            0.000
     +-------------------------------------------------------------------------------+ 
     |         Instance          |    Arc     |  Cell   | Delay | Arrival | Required | 
     |                           |            |         |       |  Time   |   Time   | 
     |---------------------------+------------+---------+-------+---------+----------| 
     |                           | se v       |         |       |   0.000 |   -0.159 | 
     | FE_OFC961_se              | A v -> Y ^ | INVX3   | 0.079 |   0.079 |   -0.081 | 
     | FE_OFC1018_se             | A ^ -> Y v | INVX2   | 0.081 |   0.160 |    0.000 | 
     | picorv32_core_eoi_reg[19] | SE v       | SDFFQX1 | 0.002 |   0.162 |    0.002 | 
     +-------------------------------------------------------------------------------+ 
Path 37: MET Hold Check with Pin picorv32_core_eoi_reg[18]/CK 
Endpoint:   picorv32_core_eoi_reg[18]/SE (v) checked with  leading edge of 'clk'
Beginpoint: se                           (v) triggered by  leading edge of '@'
Path Groups: {in2reg}
Analysis View: analysis1
Other End Arrival Time          0.002
+ Hold                         -0.020
+ Phase Shift                   0.000
+ Uncertainty                   0.020
= Required Time                 0.002
  Arrival Time                  0.162
  Slack Time                    0.159
     Clock Rise Edge                      0.000
     + Input Delay                        0.000
     = Beginpoint Arrival Time            0.000
     +-------------------------------------------------------------------------------+ 
     |         Instance          |    Arc     |  Cell   | Delay | Arrival | Required | 
     |                           |            |         |       |  Time   |   Time   | 
     |---------------------------+------------+---------+-------+---------+----------| 
     |                           | se v       |         |       |   0.000 |   -0.159 | 
     | FE_OFC961_se              | A v -> Y ^ | INVX3   | 0.079 |   0.079 |   -0.081 | 
     | FE_OFC1018_se             | A ^ -> Y v | INVX2   | 0.081 |   0.160 |    0.000 | 
     | picorv32_core_eoi_reg[18] | SE v       | SDFFQX1 | 0.002 |   0.162 |    0.002 | 
     +-------------------------------------------------------------------------------+ 
Path 38: MET Hold Check with Pin picorv32_core_eoi_reg[23]/CK 
Endpoint:   picorv32_core_eoi_reg[23]/SE (v) checked with  leading edge of 'clk'
Beginpoint: se                           (v) triggered by  leading edge of '@'
Path Groups: {in2reg}
Analysis View: analysis1
Other End Arrival Time          0.002
+ Hold                         -0.020
+ Phase Shift                   0.000
+ Uncertainty                   0.020
= Required Time                 0.002
  Arrival Time                  0.162
  Slack Time                    0.160
     Clock Rise Edge                      0.000
     + Input Delay                        0.000
     = Beginpoint Arrival Time            0.000
     +-------------------------------------------------------------------------------+ 
     |         Instance          |    Arc     |  Cell   | Delay | Arrival | Required | 
     |                           |            |         |       |  Time   |   Time   | 
     |---------------------------+------------+---------+-------+---------+----------| 
     |                           | se v       |         |       |   0.000 |   -0.160 | 
     | FE_OFC961_se              | A v -> Y ^ | INVX3   | 0.079 |   0.079 |   -0.081 | 
     | FE_OFC1018_se             | A ^ -> Y v | INVX2   | 0.081 |   0.160 |    0.000 | 
     | picorv32_core_eoi_reg[23] | SE v       | SDFFQX1 | 0.002 |   0.162 |    0.002 | 
     +-------------------------------------------------------------------------------+ 
Path 39: MET Hold Check with Pin wbm_adr_o_reg[13]/CK 
Endpoint:   wbm_adr_o_reg[13]/SE (v) checked with  leading edge of 'clk'
Beginpoint: se                   (v) triggered by  leading edge of '@'
Path Groups: {in2reg}
Analysis View: analysis1
Other End Arrival Time          0.002
+ Hold                         -0.020
+ Phase Shift                   0.000
+ Uncertainty                   0.020
= Required Time                 0.002
  Arrival Time                  0.162
  Slack Time                    0.160
     Clock Rise Edge                      0.000
     + Input Delay                        0.000
     = Beginpoint Arrival Time            0.000
     +-----------------------------------------------------------------------+ 
     |     Instance      |    Arc     |  Cell   | Delay | Arrival | Required | 
     |                   |            |         |       |  Time   |   Time   | 
     |-------------------+------------+---------+-------+---------+----------| 
     |                   | se v       |         |       |   0.000 |   -0.160 | 
     | FE_OFC961_se      | A v -> Y ^ | INVX3   | 0.079 |   0.079 |   -0.081 | 
     | FE_OFC1018_se     | A ^ -> Y v | INVX2   | 0.081 |   0.160 |    0.000 | 
     | wbm_adr_o_reg[13] | SE v       | SDFFQX1 | 0.002 |   0.162 |    0.002 | 
     +-----------------------------------------------------------------------+ 
Path 40: MET Hold Check with Pin wbm_adr_o_reg[12]/CK 
Endpoint:   wbm_adr_o_reg[12]/SE (v) checked with  leading edge of 'clk'
Beginpoint: se                   (v) triggered by  leading edge of '@'
Path Groups: {in2reg}
Analysis View: analysis1
Other End Arrival Time          0.002
+ Hold                         -0.020
+ Phase Shift                   0.000
+ Uncertainty                   0.020
= Required Time                 0.002
  Arrival Time                  0.162
  Slack Time                    0.160
     Clock Rise Edge                      0.000
     + Input Delay                        0.000
     = Beginpoint Arrival Time            0.000
     +-----------------------------------------------------------------------+ 
     |     Instance      |    Arc     |  Cell   | Delay | Arrival | Required | 
     |                   |            |         |       |  Time   |   Time   | 
     |-------------------+------------+---------+-------+---------+----------| 
     |                   | se v       |         |       |   0.000 |   -0.160 | 
     | FE_OFC961_se      | A v -> Y ^ | INVX3   | 0.079 |   0.079 |   -0.081 | 
     | FE_OFC1018_se     | A ^ -> Y v | INVX2   | 0.081 |   0.160 |    0.000 | 
     | wbm_adr_o_reg[12] | SE v       | SDFFQX1 | 0.002 |   0.162 |    0.002 | 
     +-----------------------------------------------------------------------+ 
Path 41: MET Hold Check with Pin mem_rdata_reg[23]/CK 
Endpoint:   mem_rdata_reg[23]/SE (v) checked with  leading edge of 'clk'
Beginpoint: se                   (v) triggered by  leading edge of '@'
Path Groups: {in2reg}
Analysis View: analysis1
Other End Arrival Time          0.002
+ Hold                         -0.020
+ Phase Shift                   0.000
+ Uncertainty                   0.020
= Required Time                 0.002
  Arrival Time                  0.162
  Slack Time                    0.160
     Clock Rise Edge                      0.000
     + Input Delay                        0.000
     = Beginpoint Arrival Time            0.000
     +-----------------------------------------------------------------------+ 
     |     Instance      |    Arc     |  Cell   | Delay | Arrival | Required | 
     |                   |            |         |       |  Time   |   Time   | 
     |-------------------+------------+---------+-------+---------+----------| 
     |                   | se v       |         |       |   0.000 |   -0.160 | 
     | FE_OFC961_se      | A v -> Y ^ | INVX3   | 0.079 |   0.079 |   -0.081 | 
     | FE_OFC1018_se     | A ^ -> Y v | INVX2   | 0.081 |   0.160 |    0.000 | 
     | mem_rdata_reg[23] | SE v       | SDFFQX1 | 0.002 |   0.162 |    0.002 | 
     +-----------------------------------------------------------------------+ 
Path 42: MET Hold Check with Pin picorv32_core_cpuregs_reg[27][21]/CK 
Endpoint:   picorv32_core_cpuregs_reg[27][21]/SE (v) checked with  leading edge 
of 'clk'
Beginpoint: se                                   (v) triggered by  leading edge 
of '@'
Path Groups: {in2reg}
Analysis View: analysis1
Other End Arrival Time         -0.004
+ Hold                         -0.020
+ Phase Shift                   0.000
+ Uncertainty                   0.020
= Required Time                -0.003
  Arrival Time                  0.161
  Slack Time                    0.165
     Clock Rise Edge                      0.000
     + Input Delay                        0.000
     = Beginpoint Arrival Time            0.000
     +---------------------------------------------------------------------------------------+ 
     |             Instance              |    Arc     |  Cell   | Delay | Arrival | Required | 
     |                                   |            |         |       |  Time   |   Time   | 
     |-----------------------------------+------------+---------+-------+---------+----------| 
     |                                   | se v       |         |       |   0.000 |   -0.165 | 
     | FE_OFC961_se                      | A v -> Y ^ | INVX3   | 0.079 |   0.079 |   -0.086 | 
     | FE_OFC1018_se                     | A ^ -> Y v | INVX2   | 0.081 |   0.160 |   -0.005 | 
     | picorv32_core_cpuregs_reg[27][21] | SE v       | SDFFQX1 | 0.001 |   0.161 |   -0.003 | 
     +---------------------------------------------------------------------------------------+ 
Path 43: MET Hold Check with Pin picorv32_core_cpuregs_reg[21][20]/CK 
Endpoint:   picorv32_core_cpuregs_reg[21][20]/SE (v) checked with  leading edge 
of 'clk'
Beginpoint: se                                   (v) triggered by  leading edge 
of '@'
Path Groups: {in2reg}
Analysis View: analysis1
Other End Arrival Time         -0.004
+ Hold                         -0.020
+ Phase Shift                   0.000
+ Uncertainty                   0.020
= Required Time                -0.003
  Arrival Time                  0.162
  Slack Time                    0.165
     Clock Rise Edge                      0.000
     + Input Delay                        0.000
     = Beginpoint Arrival Time            0.000
     +---------------------------------------------------------------------------------------+ 
     |             Instance              |    Arc     |  Cell   | Delay | Arrival | Required | 
     |                                   |            |         |       |  Time   |   Time   | 
     |-----------------------------------+------------+---------+-------+---------+----------| 
     |                                   | se v       |         |       |   0.000 |   -0.165 | 
     | FE_OFC961_se                      | A v -> Y ^ | INVX3   | 0.079 |   0.079 |   -0.086 | 
     | FE_OFC1018_se                     | A ^ -> Y v | INVX2   | 0.081 |   0.160 |   -0.005 | 
     | picorv32_core_cpuregs_reg[21][20] | SE v       | SDFFQX1 | 0.002 |   0.162 |   -0.003 | 
     +---------------------------------------------------------------------------------------+ 
Path 44: MET Hold Check with Pin picorv32_core_cpuregs_reg[21][19]/CK 
Endpoint:   picorv32_core_cpuregs_reg[21][19]/SE (v) checked with  leading edge 
of 'clk'
Beginpoint: se                                   (v) triggered by  leading edge 
of '@'
Path Groups: {in2reg}
Analysis View: analysis1
Other End Arrival Time         -0.004
+ Hold                         -0.020
+ Phase Shift                   0.000
+ Uncertainty                   0.020
= Required Time                -0.003
  Arrival Time                  0.162
  Slack Time                    0.165
     Clock Rise Edge                      0.000
     + Input Delay                        0.000
     = Beginpoint Arrival Time            0.000
     +---------------------------------------------------------------------------------------+ 
     |             Instance              |    Arc     |  Cell   | Delay | Arrival | Required | 
     |                                   |            |         |       |  Time   |   Time   | 
     |-----------------------------------+------------+---------+-------+---------+----------| 
     |                                   | se v       |         |       |   0.000 |   -0.165 | 
     | FE_OFC961_se                      | A v -> Y ^ | INVX3   | 0.079 |   0.079 |   -0.086 | 
     | FE_OFC1018_se                     | A ^ -> Y v | INVX2   | 0.081 |   0.160 |   -0.005 | 
     | picorv32_core_cpuregs_reg[21][19] | SE v       | SDFFQX1 | 0.002 |   0.162 |   -0.003 | 
     +---------------------------------------------------------------------------------------+ 
Path 45: MET Hold Check with Pin picorv32_core_cpuregs_reg[20][20]/CK 
Endpoint:   picorv32_core_cpuregs_reg[20][20]/SE (v) checked with  leading edge 
of 'clk'
Beginpoint: se                                   (v) triggered by  leading edge 
of '@'
Path Groups: {in2reg}
Analysis View: analysis1
Other End Arrival Time         -0.004
+ Hold                         -0.020
+ Phase Shift                   0.000
+ Uncertainty                   0.020
= Required Time                -0.003
  Arrival Time                  0.162
  Slack Time                    0.165
     Clock Rise Edge                      0.000
     + Input Delay                        0.000
     = Beginpoint Arrival Time            0.000
     +---------------------------------------------------------------------------------------+ 
     |             Instance              |    Arc     |  Cell   | Delay | Arrival | Required | 
     |                                   |            |         |       |  Time   |   Time   | 
     |-----------------------------------+------------+---------+-------+---------+----------| 
     |                                   | se v       |         |       |   0.000 |   -0.165 | 
     | FE_OFC961_se                      | A v -> Y ^ | INVX3   | 0.079 |   0.079 |   -0.086 | 
     | FE_OFC1018_se                     | A ^ -> Y v | INVX2   | 0.081 |   0.160 |   -0.005 | 
     | picorv32_core_cpuregs_reg[20][20] | SE v       | SDFFQX1 | 0.002 |   0.162 |   -0.003 | 
     +---------------------------------------------------------------------------------------+ 
Path 46: MET Hold Check with Pin picorv32_core_cpuregs_reg[20][19]/CK 
Endpoint:   picorv32_core_cpuregs_reg[20][19]/SE (v) checked with  leading edge 
of 'clk'
Beginpoint: se                                   (v) triggered by  leading edge 
of '@'
Path Groups: {in2reg}
Analysis View: analysis1
Other End Arrival Time         -0.004
+ Hold                         -0.020
+ Phase Shift                   0.000
+ Uncertainty                   0.020
= Required Time                -0.003
  Arrival Time                  0.162
  Slack Time                    0.165
     Clock Rise Edge                      0.000
     + Input Delay                        0.000
     = Beginpoint Arrival Time            0.000
     +---------------------------------------------------------------------------------------+ 
     |             Instance              |    Arc     |  Cell   | Delay | Arrival | Required | 
     |                                   |            |         |       |  Time   |   Time   | 
     |-----------------------------------+------------+---------+-------+---------+----------| 
     |                                   | se v       |         |       |   0.000 |   -0.165 | 
     | FE_OFC961_se                      | A v -> Y ^ | INVX3   | 0.079 |   0.079 |   -0.086 | 
     | FE_OFC1018_se                     | A ^ -> Y v | INVX2   | 0.081 |   0.160 |   -0.005 | 
     | picorv32_core_cpuregs_reg[20][19] | SE v       | SDFFQX1 | 0.002 |   0.162 |   -0.003 | 
     +---------------------------------------------------------------------------------------+ 
Path 47: MET Hold Check with Pin picorv32_core_cpuregs_reg[23][17]/CK 
Endpoint:   picorv32_core_cpuregs_reg[23][17]/SE (v) checked with  leading edge 
of 'clk'
Beginpoint: se                                   (v) triggered by  leading edge 
of '@'
Path Groups: {in2reg}
Analysis View: analysis1
Other End Arrival Time         -0.004
+ Hold                         -0.020
+ Phase Shift                   0.000
+ Uncertainty                   0.020
= Required Time                -0.003
  Arrival Time                  0.161
  Slack Time                    0.165
     Clock Rise Edge                      0.000
     + Input Delay                        0.000
     = Beginpoint Arrival Time            0.000
     +---------------------------------------------------------------------------------------+ 
     |             Instance              |    Arc     |  Cell   | Delay | Arrival | Required | 
     |                                   |            |         |       |  Time   |   Time   | 
     |-----------------------------------+------------+---------+-------+---------+----------| 
     |                                   | se v       |         |       |   0.000 |   -0.165 | 
     | FE_OFC961_se                      | A v -> Y ^ | INVX3   | 0.079 |   0.079 |   -0.086 | 
     | FE_OFC1018_se                     | A ^ -> Y v | INVX2   | 0.081 |   0.160 |   -0.005 | 
     | picorv32_core_cpuregs_reg[23][17] | SE v       | SDFFQX1 | 0.002 |   0.161 |   -0.003 | 
     +---------------------------------------------------------------------------------------+ 
Path 48: MET Hold Check with Pin picorv32_core_cpuregs_reg[21][21]/CK 
Endpoint:   picorv32_core_cpuregs_reg[21][21]/SE (v) checked with  leading edge 
of 'clk'
Beginpoint: se                                   (v) triggered by  leading edge 
of '@'
Path Groups: {in2reg}
Analysis View: analysis1
Other End Arrival Time         -0.004
+ Hold                         -0.020
+ Phase Shift                   0.000
+ Uncertainty                   0.020
= Required Time                -0.003
  Arrival Time                  0.161
  Slack Time                    0.165
     Clock Rise Edge                      0.000
     + Input Delay                        0.000
     = Beginpoint Arrival Time            0.000
     +---------------------------------------------------------------------------------------+ 
     |             Instance              |    Arc     |  Cell   | Delay | Arrival | Required | 
     |                                   |            |         |       |  Time   |   Time   | 
     |-----------------------------------+------------+---------+-------+---------+----------| 
     |                                   | se v       |         |       |   0.000 |   -0.165 | 
     | FE_OFC961_se                      | A v -> Y ^ | INVX3   | 0.079 |   0.079 |   -0.086 | 
     | FE_OFC1018_se                     | A ^ -> Y v | INVX2   | 0.081 |   0.160 |   -0.005 | 
     | picorv32_core_cpuregs_reg[21][21] | SE v       | SDFFQX1 | 0.002 |   0.161 |   -0.003 | 
     +---------------------------------------------------------------------------------------+ 
Path 49: MET Hold Check with Pin picorv32_core_cpuregs_reg[21][18]/CK 
Endpoint:   picorv32_core_cpuregs_reg[21][18]/SE (v) checked with  leading edge 
of 'clk'
Beginpoint: se                                   (v) triggered by  leading edge 
of '@'
Path Groups: {in2reg}
Analysis View: analysis1
Other End Arrival Time         -0.004
+ Hold                         -0.020
+ Phase Shift                   0.000
+ Uncertainty                   0.020
= Required Time                -0.003
  Arrival Time                  0.161
  Slack Time                    0.165
     Clock Rise Edge                      0.000
     + Input Delay                        0.000
     = Beginpoint Arrival Time            0.000
     +---------------------------------------------------------------------------------------+ 
     |             Instance              |    Arc     |  Cell   | Delay | Arrival | Required | 
     |                                   |            |         |       |  Time   |   Time   | 
     |-----------------------------------+------------+---------+-------+---------+----------| 
     |                                   | se v       |         |       |   0.000 |   -0.165 | 
     | FE_OFC961_se                      | A v -> Y ^ | INVX3   | 0.079 |   0.079 |   -0.086 | 
     | FE_OFC1018_se                     | A ^ -> Y v | INVX2   | 0.081 |   0.160 |   -0.005 | 
     | picorv32_core_cpuregs_reg[21][18] | SE v       | SDFFQX1 | 0.002 |   0.161 |   -0.003 | 
     +---------------------------------------------------------------------------------------+ 
Path 50: MET Hold Check with Pin picorv32_core_cpuregs_reg[21][17]/CK 
Endpoint:   picorv32_core_cpuregs_reg[21][17]/SE (v) checked with  leading edge 
of 'clk'
Beginpoint: se                                   (v) triggered by  leading edge 
of '@'
Path Groups: {in2reg}
Analysis View: analysis1
Other End Arrival Time         -0.004
+ Hold                         -0.020
+ Phase Shift                   0.000
+ Uncertainty                   0.020
= Required Time                -0.003
  Arrival Time                  0.161
  Slack Time                    0.165
     Clock Rise Edge                      0.000
     + Input Delay                        0.000
     = Beginpoint Arrival Time            0.000
     +---------------------------------------------------------------------------------------+ 
     |             Instance              |    Arc     |  Cell   | Delay | Arrival | Required | 
     |                                   |            |         |       |  Time   |   Time   | 
     |-----------------------------------+------------+---------+-------+---------+----------| 
     |                                   | se v       |         |       |   0.000 |   -0.165 | 
     | FE_OFC961_se                      | A v -> Y ^ | INVX3   | 0.079 |   0.079 |   -0.086 | 
     | FE_OFC1018_se                     | A ^ -> Y v | INVX2   | 0.081 |   0.160 |   -0.005 | 
     | picorv32_core_cpuregs_reg[21][17] | SE v       | SDFFQX1 | 0.002 |   0.161 |   -0.003 | 
     +---------------------------------------------------------------------------------------+ 

