###############################################################
#  Generated by:      Cadence Innovus 21.35-s114_1
#  OS:                Linux x86_64(Host ID cn88.it.auth.gr)
#  Generated on:      Sun Nov 30 19:24:44 2025
#  Design:            picorv32_wb
#  Command:           report_timing -path_group reg2reg -check_type hold -max_paths 50 > reports/postCTS/reg2reg_hold.rpt
###############################################################
Path 1: MET Hold Check with Pin picorv32_core_pcpi_valid_reg/CK 
Endpoint:   picorv32_core_pcpi_valid_reg/SI            (v) checked with  
leading edge of 'clk'
Beginpoint: picorv32_core_decoder_pseudo_trigger_reg/Q (v) triggered by  
leading edge of 'clk'
Path Groups: {reg2reg}
Analysis View: analysis1
Other End Arrival Time          0.001
+ Hold                         -0.013
+ Phase Shift                   0.000
+ Uncertainty                   0.020
= Required Time                 0.009
  Arrival Time                  0.042
  Slack Time                    0.033
     Clock Rise Edge                 0.000
     + Clock Network Latency (Prop)  0.001
     = Beginpoint Arrival Time       0.001
     +-----------------------------------------------------------------------------------------------+ 
     |                 Instance                 |     Arc     |  Cell   | Delay | Arrival | Required | 
     |                                          |             |         |       |  Time   |   Time   | 
     |------------------------------------------+-------------+---------+-------+---------+----------| 
     | picorv32_core_decoder_pseudo_trigger_reg | CK ^        |         |       |   0.001 |   -0.032 | 
     | picorv32_core_decoder_pseudo_trigger_reg | CK ^ -> Q v | SDFFQX1 | 0.040 |   0.042 |    0.009 | 
     | picorv32_core_pcpi_valid_reg             | SI v        | SDFFQX1 | 0.000 |   0.042 |    0.009 | 
     +-----------------------------------------------------------------------------------------------+ 
Path 2: MET Hold Check with Pin picorv32_core_eoi_reg[19]/CK 
Endpoint:   picorv32_core_eoi_reg[19]/SI (v) checked with  leading edge of 'clk'
Beginpoint: picorv32_core_eoi_reg[22]/Q  (v) triggered by  leading edge of 'clk'
Path Groups: {reg2reg}
Analysis View: analysis1
Other End Arrival Time          0.002
+ Hold                         -0.013
+ Phase Shift                   0.000
+ Uncertainty                   0.020
= Required Time                 0.009
  Arrival Time                  0.043
  Slack Time                    0.034
     Clock Rise Edge                 0.000
     + Clock Network Latency (Prop)  0.002
     = Beginpoint Arrival Time       0.002
     +--------------------------------------------------------------------------------+ 
     |         Instance          |     Arc     |  Cell   | Delay | Arrival | Required | 
     |                           |             |         |       |  Time   |   Time   | 
     |---------------------------+-------------+---------+-------+---------+----------| 
     | picorv32_core_eoi_reg[22] | CK ^        |         |       |   0.002 |   -0.032 | 
     | picorv32_core_eoi_reg[22] | CK ^ -> Q v | SDFFQX1 | 0.041 |   0.043 |    0.009 | 
     | picorv32_core_eoi_reg[19] | SI v        | SDFFQX1 | 0.000 |   0.043 |    0.009 | 
     +--------------------------------------------------------------------------------+ 
Path 3: MET Hold Check with Pin picorv32_core_alu_add_sub_reg[24]/CK 
Endpoint:   picorv32_core_alu_add_sub_reg[24]/SI (v) checked with  leading edge 
of 'clk'
Beginpoint: picorv32_core_alu_add_sub_reg[22]/Q  (v) triggered by  leading edge 
of 'clk'
Path Groups: {reg2reg}
Analysis View: analysis1
Other End Arrival Time          0.004
+ Hold                         -0.013
+ Phase Shift                   0.000
+ Uncertainty                   0.020
= Required Time                 0.011
  Arrival Time                  0.045
  Slack Time                    0.034
     Clock Rise Edge                 0.000
     + Clock Network Latency (Prop)  0.004
     = Beginpoint Arrival Time       0.004
     +----------------------------------------------------------------------------------------+ 
     |             Instance              |     Arc     |  Cell   | Delay | Arrival | Required | 
     |                                   |             |         |       |  Time   |   Time   | 
     |-----------------------------------+-------------+---------+-------+---------+----------| 
     | picorv32_core_alu_add_sub_reg[22] | CK ^        |         |       |   0.004 |   -0.030 | 
     | picorv32_core_alu_add_sub_reg[22] | CK ^ -> Q v | SDFFQX1 | 0.041 |   0.045 |    0.011 | 
     | picorv32_core_alu_add_sub_reg[24] | SI v        | SDFFQX1 | 0.000 |   0.045 |    0.011 | 
     +----------------------------------------------------------------------------------------+ 
Path 4: MET Hold Check with Pin picorv32_core_eoi_reg[24]/CK 
Endpoint:   picorv32_core_eoi_reg[24]/SI (v) checked with  leading edge of 'clk'
Beginpoint: picorv32_core_eoi_reg[20]/Q  (v) triggered by  leading edge of 'clk'
Path Groups: {reg2reg}
Analysis View: analysis1
Other End Arrival Time          0.002
+ Hold                         -0.013
+ Phase Shift                   0.000
+ Uncertainty                   0.020
= Required Time                 0.009
  Arrival Time                  0.043
  Slack Time                    0.034
     Clock Rise Edge                 0.000
     + Clock Network Latency (Prop)  0.002
     = Beginpoint Arrival Time       0.002
     +--------------------------------------------------------------------------------+ 
     |         Instance          |     Arc     |  Cell   | Delay | Arrival | Required | 
     |                           |             |         |       |  Time   |   Time   | 
     |---------------------------+-------------+---------+-------+---------+----------| 
     | picorv32_core_eoi_reg[20] | CK ^        |         |       |   0.002 |   -0.032 | 
     | picorv32_core_eoi_reg[20] | CK ^ -> Q v | SDFFQX1 | 0.041 |   0.043 |    0.009 | 
     | picorv32_core_eoi_reg[24] | SI v        | SDFFQX1 | 0.000 |   0.043 |    0.009 | 
     +--------------------------------------------------------------------------------+ 
Path 5: MET Hold Check with Pin picorv32_core_eoi_reg[27]/CK 
Endpoint:   picorv32_core_eoi_reg[27]/SI (v) checked with  leading edge of 'clk'
Beginpoint: picorv32_core_eoi_reg[28]/Q  (v) triggered by  leading edge of 'clk'
Path Groups: {reg2reg}
Analysis View: analysis1
Other End Arrival Time         -0.001
+ Hold                         -0.013
+ Phase Shift                   0.000
+ Uncertainty                   0.020
= Required Time                 0.006
  Arrival Time                  0.040
  Slack Time                    0.034
     Clock Rise Edge                 0.000
     + Clock Network Latency (Prop)  -0.001
     = Beginpoint Arrival Time       -0.001
     +--------------------------------------------------------------------------------+ 
     |         Instance          |     Arc     |  Cell   | Delay | Arrival | Required | 
     |                           |             |         |       |  Time   |   Time   | 
     |---------------------------+-------------+---------+-------+---------+----------| 
     | picorv32_core_eoi_reg[28] | CK ^        |         |       |  -0.001 |   -0.035 | 
     | picorv32_core_eoi_reg[28] | CK ^ -> Q v | SDFFQX1 | 0.041 |   0.040 |    0.006 | 
     | picorv32_core_eoi_reg[27] | SI v        | SDFFQX1 | 0.000 |   0.040 |    0.006 | 
     +--------------------------------------------------------------------------------+ 
Path 6: MET Hold Check with Pin picorv32_core_alu_add_sub_reg[23]/CK 
Endpoint:   picorv32_core_alu_add_sub_reg[23]/SI (v) checked with  leading edge 
of 'clk'
Beginpoint: picorv32_core_alu_add_sub_reg[24]/Q  (v) triggered by  leading edge 
of 'clk'
Path Groups: {reg2reg}
Analysis View: analysis1
Other End Arrival Time          0.004
+ Hold                         -0.013
+ Phase Shift                   0.000
+ Uncertainty                   0.020
= Required Time                 0.011
  Arrival Time                  0.045
  Slack Time                    0.034
     Clock Rise Edge                 0.000
     + Clock Network Latency (Prop)  0.004
     = Beginpoint Arrival Time       0.004
     +----------------------------------------------------------------------------------------+ 
     |             Instance              |     Arc     |  Cell   | Delay | Arrival | Required | 
     |                                   |             |         |       |  Time   |   Time   | 
     |-----------------------------------+-------------+---------+-------+---------+----------| 
     | picorv32_core_alu_add_sub_reg[24] | CK ^        |         |       |   0.004 |   -0.031 | 
     | picorv32_core_alu_add_sub_reg[24] | CK ^ -> Q v | SDFFQX1 | 0.042 |   0.045 |    0.011 | 
     | picorv32_core_alu_add_sub_reg[23] | SI v        | SDFFQX1 | 0.000 |   0.045 |    0.011 | 
     +----------------------------------------------------------------------------------------+ 
Path 7: MET Hold Check with Pin picorv32_core_genblk2.pcpi_div_pcpi_rd_reg[2]/
CK 
Endpoint:   picorv32_core_genblk2.pcpi_div_pcpi_rd_reg[2]/SI (v) checked with  
leading edge of 'clk'
Beginpoint: picorv32_core_genblk2.pcpi_div_pcpi_wait_q_reg/Q (v) triggered by  
leading edge of 'clk'
Path Groups: {reg2reg}
Analysis View: analysis1
Other End Arrival Time          0.001
+ Hold                         -0.013
+ Phase Shift                   0.000
+ Uncertainty                   0.020
= Required Time                 0.008
  Arrival Time                  0.042
  Slack Time                    0.034
     Clock Rise Edge                 0.000
     + Clock Network Latency (Prop)  0.001
     = Beginpoint Arrival Time       0.001
     +-----------------------------------------------------------------------------------------------------+ 
     |                    Instance                    |     Arc     |  Cell   | Delay | Arrival | Required | 
     |                                                |             |         |       |  Time   |   Time   | 
     |------------------------------------------------+-------------+---------+-------+---------+----------| 
     | picorv32_core_genblk2.pcpi_div_pcpi_wait_q_reg | CK ^        |         |       |   0.001 |   -0.034 | 
     | picorv32_core_genblk2.pcpi_div_pcpi_wait_q_reg | CK ^ -> Q v | SDFFQX1 | 0.041 |   0.042 |    0.008 | 
     | picorv32_core_genblk2.pcpi_div_pcpi_rd_reg[2]  | SI v        | SDFFQX1 | 0.000 |   0.042 |    0.008 | 
     +-----------------------------------------------------------------------------------------------------+ 
Path 8: MET Hold Check with Pin picorv32_core_decoded_imm_reg[25]/CK 
Endpoint:   picorv32_core_decoded_imm_reg[25]/SI (v) checked with  leading edge 
of 'clk'
Beginpoint: picorv32_core_eoi_reg[29]/Q          (v) triggered by  leading edge 
of 'clk'
Path Groups: {reg2reg}
Analysis View: analysis1
Other End Arrival Time         -0.001
+ Hold                         -0.013
+ Phase Shift                   0.000
+ Uncertainty                   0.020
= Required Time                 0.006
  Arrival Time                  0.040
  Slack Time                    0.034
     Clock Rise Edge                 0.000
     + Clock Network Latency (Prop)  -0.001
     = Beginpoint Arrival Time       -0.001
     +----------------------------------------------------------------------------------------+ 
     |             Instance              |     Arc     |  Cell   | Delay | Arrival | Required | 
     |                                   |             |         |       |  Time   |   Time   | 
     |-----------------------------------+-------------+---------+-------+---------+----------| 
     | picorv32_core_eoi_reg[29]         | CK ^        |         |       |  -0.001 |   -0.036 | 
     | picorv32_core_eoi_reg[29]         | CK ^ -> Q v | SDFFQX1 | 0.041 |   0.040 |    0.006 | 
     | picorv32_core_decoded_imm_reg[25] | SI v        | SDFFQX1 | 0.000 |   0.040 |    0.006 | 
     +----------------------------------------------------------------------------------------+ 
Path 9: MET Hold Check with Pin picorv32_core_eoi_reg[6]/CK 
Endpoint:   picorv32_core_eoi_reg[6]/SI (v) checked with  leading edge of 'clk'
Beginpoint: picorv32_core_eoi_reg[7]/Q  (v) triggered by  leading edge of 'clk'
Path Groups: {reg2reg}
Analysis View: analysis1
Other End Arrival Time          0.001
+ Hold                         -0.013
+ Phase Shift                   0.000
+ Uncertainty                   0.020
= Required Time                 0.008
  Arrival Time                  0.043
  Slack Time                    0.035
     Clock Rise Edge                 0.000
     + Clock Network Latency (Prop)  0.001
     = Beginpoint Arrival Time       0.001
     +-------------------------------------------------------------------------------+ 
     |         Instance         |     Arc     |  Cell   | Delay | Arrival | Required | 
     |                          |             |         |       |  Time   |   Time   | 
     |--------------------------+-------------+---------+-------+---------+----------| 
     | picorv32_core_eoi_reg[7] | CK ^        |         |       |   0.001 |   -0.033 | 
     | picorv32_core_eoi_reg[7] | CK ^ -> Q v | SDFFQX1 | 0.042 |   0.043 |    0.008 | 
     | picorv32_core_eoi_reg[6] | SI v        | SDFFQX1 | 0.000 |   0.043 |    0.008 | 
     +-------------------------------------------------------------------------------+ 
Path 10: MET Hold Check with Pin picorv32_core_genblk1.pcpi_mul_rd_reg[19]/CK 
Endpoint:   picorv32_core_genblk1.pcpi_mul_rd_reg[19]/SI (v) checked with  
leading edge of 'clk'
Beginpoint: picorv32_core_genblk1.pcpi_mul_rd_reg[28]/Q  (v) triggered by  
leading edge of 'clk'
Path Groups: {reg2reg}
Analysis View: analysis1
Other End Arrival Time          0.001
+ Hold                         -0.013
+ Phase Shift                   0.000
+ Uncertainty                   0.020
= Required Time                 0.008
  Arrival Time                  0.043
  Slack Time                    0.035
     Clock Rise Edge                 0.000
     + Clock Network Latency (Prop)  0.001
     = Beginpoint Arrival Time       0.001
     +------------------------------------------------------------------------------------------------+ 
     |                 Instance                  |     Arc     |  Cell   | Delay | Arrival | Required | 
     |                                           |             |         |       |  Time   |   Time   | 
     |-------------------------------------------+-------------+---------+-------+---------+----------| 
     | picorv32_core_genblk1.pcpi_mul_rd_reg[28] | CK ^        |         |       |   0.001 |   -0.033 | 
     | picorv32_core_genblk1.pcpi_mul_rd_reg[28] | CK ^ -> Q v | SDFFQX1 | 0.041 |   0.043 |    0.008 | 
     | picorv32_core_genblk1.pcpi_mul_rd_reg[19] | SI v        | SDFFQX1 | 0.000 |   0.043 |    0.008 | 
     +------------------------------------------------------------------------------------------------+ 
Path 11: MET Hold Check with Pin picorv32_core_genblk2.pcpi_div_instr_divu_reg/
CK 
Endpoint:   picorv32_core_genblk2.pcpi_div_instr_divu_reg/SI (v) checked with  
leading edge of 'clk'
Beginpoint: picorv32_core_alu_add_sub_reg[3]/Q               (v) triggered by  
leading edge of 'clk'
Path Groups: {reg2reg}
Analysis View: analysis1
Other End Arrival Time          0.004
+ Hold                         -0.013
+ Phase Shift                   0.000
+ Uncertainty                   0.020
= Required Time                 0.011
  Arrival Time                  0.046
  Slack Time                    0.035
     Clock Rise Edge                 0.000
     + Clock Network Latency (Prop)  0.004
     = Beginpoint Arrival Time       0.004
     +----------------------------------------------------------------------------------------------------+ 
     |                   Instance                    |     Arc     |  Cell   | Delay | Arrival | Required | 
     |                                               |             |         |       |  Time   |   Time   | 
     |-----------------------------------------------+-------------+---------+-------+---------+----------| 
     | picorv32_core_alu_add_sub_reg[3]              | CK ^        |         |       |   0.004 |   -0.031 | 
     | picorv32_core_alu_add_sub_reg[3]              | CK ^ -> Q v | SDFFQX1 | 0.042 |   0.046 |    0.011 | 
     | picorv32_core_genblk2.pcpi_div_instr_divu_reg | SI v        | SDFFQX1 | 0.000 |   0.046 |    0.011 | 
     +----------------------------------------------------------------------------------------------------+ 
Path 12: MET Hold Check with Pin picorv32_core_reg_pc_reg[16]/CK 
Endpoint:   picorv32_core_reg_pc_reg[16]/SI (v) checked with  leading edge of 
'clk'
Beginpoint: picorv32_core_eoi_reg[26]/Q     (v) triggered by  leading edge of 
'clk'
Path Groups: {reg2reg}
Analysis View: analysis1
Other End Arrival Time         -0.001
+ Hold                         -0.013
+ Phase Shift                   0.000
+ Uncertainty                   0.020
= Required Time                 0.006
  Arrival Time                  0.041
  Slack Time                    0.035
     Clock Rise Edge                 0.000
     + Clock Network Latency (Prop)  -0.001
     = Beginpoint Arrival Time       -0.001
     +-----------------------------------------------------------------------------------+ 
     |           Instance           |     Arc     |  Cell   | Delay | Arrival | Required | 
     |                              |             |         |       |  Time   |   Time   | 
     |------------------------------+-------------+---------+-------+---------+----------| 
     | picorv32_core_eoi_reg[26]    | CK ^        |         |       |  -0.001 |   -0.035 | 
     | picorv32_core_eoi_reg[26]    | CK ^ -> Q v | SDFFQX1 | 0.041 |   0.041 |    0.006 | 
     | picorv32_core_reg_pc_reg[16] | SI v        | SDFFQX1 | 0.000 |   0.041 |    0.006 | 
     +-----------------------------------------------------------------------------------+ 
Path 13: MET Hold Check with Pin picorv32_core_eoi_reg[20]/CK 
Endpoint:   picorv32_core_eoi_reg[20]/SI (v) checked with  leading edge of 'clk'
Beginpoint: picorv32_core_eoi_reg[21]/Q  (v) triggered by  leading edge of 'clk'
Path Groups: {reg2reg}
Analysis View: analysis1
Other End Arrival Time          0.002
+ Hold                         -0.013
+ Phase Shift                   0.000
+ Uncertainty                   0.020
= Required Time                 0.009
  Arrival Time                  0.044
  Slack Time                    0.035
     Clock Rise Edge                 0.000
     + Clock Network Latency (Prop)  0.002
     = Beginpoint Arrival Time       0.002
     +--------------------------------------------------------------------------------+ 
     |         Instance          |     Arc     |  Cell   | Delay | Arrival | Required | 
     |                           |             |         |       |  Time   |   Time   | 
     |---------------------------+-------------+---------+-------+---------+----------| 
     | picorv32_core_eoi_reg[21] | CK ^        |         |       |   0.002 |   -0.033 | 
     | picorv32_core_eoi_reg[21] | CK ^ -> Q v | SDFFQX1 | 0.042 |   0.044 |    0.009 | 
     | picorv32_core_eoi_reg[20] | SI v        | SDFFQX1 | 0.000 |   0.044 |    0.009 | 
     +--------------------------------------------------------------------------------+ 
Path 14: MET Hold Check with Pin picorv32_core_alu_out_q_reg[7]/CK 
Endpoint:   picorv32_core_alu_out_q_reg[7]/SI  (v) checked with  leading edge 
of 'clk'
Beginpoint: picorv32_core_alu_add_sub_reg[6]/Q (v) triggered by  leading edge 
of 'clk'
Path Groups: {reg2reg}
Analysis View: analysis1
Other End Arrival Time          0.001
+ Hold                         -0.013
+ Phase Shift                   0.000
+ Uncertainty                   0.020
= Required Time                 0.008
  Arrival Time                  0.042
  Slack Time                    0.035
     Clock Rise Edge                 0.000
     + Clock Network Latency (Prop)  0.001
     = Beginpoint Arrival Time       0.001
     +---------------------------------------------------------------------------------------+ 
     |             Instance             |     Arc     |  Cell   | Delay | Arrival | Required | 
     |                                  |             |         |       |  Time   |   Time   | 
     |----------------------------------+-------------+---------+-------+---------+----------| 
     | picorv32_core_alu_add_sub_reg[6] | CK ^        |         |       |   0.001 |   -0.034 | 
     | picorv32_core_alu_add_sub_reg[6] | CK ^ -> Q v | SDFFQX1 | 0.042 |   0.042 |    0.008 | 
     | picorv32_core_alu_out_q_reg[7]   | SI v        | SDFFQX1 | 0.000 |   0.042 |    0.008 | 
     +---------------------------------------------------------------------------------------+ 
Path 15: MET Hold Check with Pin picorv32_core_reg_op2_reg[24]/CK 
Endpoint:   picorv32_core_reg_op2_reg[24]/SI (v) checked with  leading edge of 
'clk'
Beginpoint: picorv32_core_eoi_reg[14]/Q      (v) triggered by  leading edge of 
'clk'
Path Groups: {reg2reg}
Analysis View: analysis1
Other End Arrival Time         -0.001
+ Hold                         -0.013
+ Phase Shift                   0.000
+ Uncertainty                   0.020
= Required Time                 0.006
  Arrival Time                  0.041
  Slack Time                    0.035
     Clock Rise Edge                 0.000
     + Clock Network Latency (Prop)  -0.001
     = Beginpoint Arrival Time       -0.001
     +------------------------------------------------------------------------------------+ 
     |           Instance            |     Arc     |  Cell   | Delay | Arrival | Required | 
     |                               |             |         |       |  Time   |   Time   | 
     |-------------------------------+-------------+---------+-------+---------+----------| 
     | picorv32_core_eoi_reg[14]     | CK ^        |         |       |  -0.001 |   -0.036 | 
     | picorv32_core_eoi_reg[14]     | CK ^ -> Q v | SDFFQX1 | 0.042 |   0.041 |    0.006 | 
     | picorv32_core_reg_op2_reg[24] | SI v        | SDFFQX1 | 0.000 |   0.041 |    0.006 | 
     +------------------------------------------------------------------------------------+ 
Path 16: MET Hold Check with Pin picorv32_core_genblk1.pcpi_mul_rd_reg[42]/CK 
Endpoint:   picorv32_core_genblk1.pcpi_mul_rd_reg[42]/SI (v) checked with  
leading edge of 'clk'
Beginpoint: picorv32_core_genblk1.pcpi_mul_rd_reg[41]/Q  (v) triggered by  
leading edge of 'clk'
Path Groups: {reg2reg}
Analysis View: analysis1
Other End Arrival Time          0.003
+ Hold                         -0.013
+ Phase Shift                   0.000
+ Uncertainty                   0.020
= Required Time                 0.010
  Arrival Time                  0.045
  Slack Time                    0.035
     Clock Rise Edge                 0.000
     + Clock Network Latency (Prop)  0.003
     = Beginpoint Arrival Time       0.003
     +------------------------------------------------------------------------------------------------+ 
     |                 Instance                  |     Arc     |  Cell   | Delay | Arrival | Required | 
     |                                           |             |         |       |  Time   |   Time   | 
     |-------------------------------------------+-------------+---------+-------+---------+----------| 
     | picorv32_core_genblk1.pcpi_mul_rd_reg[41] | CK ^        |         |       |   0.003 |   -0.032 | 
     | picorv32_core_genblk1.pcpi_mul_rd_reg[41] | CK ^ -> Q v | SDFFQX1 | 0.042 |   0.045 |    0.010 | 
     | picorv32_core_genblk1.pcpi_mul_rd_reg[42] | SI v        | SDFFQX1 | 0.000 |   0.045 |    0.010 | 
     +------------------------------------------------------------------------------------------------+ 
Path 17: MET Hold Check with Pin picorv32_core_count_cycle_reg[44]/CK 
Endpoint:   picorv32_core_count_cycle_reg[44]/SI        (v) checked with  
leading edge of 'clk'
Beginpoint: picorv32_core_genblk1.pcpi_mul_rd_reg[42]/Q (v) triggered by  
leading edge of 'clk'
Path Groups: {reg2reg}
Analysis View: analysis1
Other End Arrival Time          0.003
+ Hold                         -0.013
+ Phase Shift                   0.000
+ Uncertainty                   0.020
= Required Time                 0.010
  Arrival Time                  0.045
  Slack Time                    0.035
     Clock Rise Edge                 0.000
     + Clock Network Latency (Prop)  0.003
     = Beginpoint Arrival Time       0.003
     +------------------------------------------------------------------------------------------------+ 
     |                 Instance                  |     Arc     |  Cell   | Delay | Arrival | Required | 
     |                                           |             |         |       |  Time   |   Time   | 
     |-------------------------------------------+-------------+---------+-------+---------+----------| 
     | picorv32_core_genblk1.pcpi_mul_rd_reg[42] | CK ^        |         |       |   0.003 |   -0.032 | 
     | picorv32_core_genblk1.pcpi_mul_rd_reg[42] | CK ^ -> Q v | SDFFQX1 | 0.042 |   0.045 |    0.010 | 
     | picorv32_core_count_cycle_reg[44]         | SI v        | SDFFQX1 | 0.000 |   0.045 |    0.010 | 
     +------------------------------------------------------------------------------------------------+ 
Path 18: MET Hold Check with Pin picorv32_core_mem_wdata_reg[11]/CK 
Endpoint:   picorv32_core_mem_wdata_reg[11]/SI          (v) checked with  
leading edge of 'clk'
Beginpoint: picorv32_core_pcpi_timeout_counter_reg[2]/Q (v) triggered by  
leading edge of 'clk'
Path Groups: {reg2reg}
Analysis View: analysis1
Other End Arrival Time         -0.001
+ Hold                         -0.013
+ Phase Shift                   0.000
+ Uncertainty                   0.020
= Required Time                 0.006
  Arrival Time                  0.041
  Slack Time                    0.035
     Clock Rise Edge                 0.000
     + Clock Network Latency (Prop)  -0.001
     = Beginpoint Arrival Time       -0.001
     +------------------------------------------------------------------------------------------------+ 
     |                 Instance                  |     Arc     |  Cell   | Delay | Arrival | Required | 
     |                                           |             |         |       |  Time   |   Time   | 
     |-------------------------------------------+-------------+---------+-------+---------+----------| 
     | picorv32_core_pcpi_timeout_counter_reg[2] | CK ^        |         |       |  -0.001 |   -0.036 | 
     | picorv32_core_pcpi_timeout_counter_reg[2] | CK ^ -> Q v | SDFFQX1 | 0.042 |   0.041 |    0.006 | 
     | picorv32_core_mem_wdata_reg[11]           | SI v        | SDFFQX1 | 0.000 |   0.041 |    0.006 | 
     +------------------------------------------------------------------------------------------------+ 
Path 19: MET Hold Check with Pin picorv32_core_eoi_reg[8]/CK 
Endpoint:   picorv32_core_eoi_reg[8]/SI (v) checked with  leading edge of 'clk'
Beginpoint: picorv32_core_eoi_reg[31]/Q (v) triggered by  leading edge of 'clk'
Path Groups: {reg2reg}
Analysis View: analysis1
Other End Arrival Time          0.001
+ Hold                         -0.013
+ Phase Shift                   0.000
+ Uncertainty                   0.020
= Required Time                 0.008
  Arrival Time                  0.043
  Slack Time                    0.035
     Clock Rise Edge                 0.000
     + Clock Network Latency (Prop)  0.001
     = Beginpoint Arrival Time       0.001
     +--------------------------------------------------------------------------------+ 
     |         Instance          |     Arc     |  Cell   | Delay | Arrival | Required | 
     |                           |             |         |       |  Time   |   Time   | 
     |---------------------------+-------------+---------+-------+---------+----------| 
     | picorv32_core_eoi_reg[31] | CK ^        |         |       |   0.001 |   -0.034 | 
     | picorv32_core_eoi_reg[31] | CK ^ -> Q v | SDFFQX1 | 0.042 |   0.043 |    0.008 | 
     | picorv32_core_eoi_reg[8]  | SI v        | SDFFQX1 | 0.000 |   0.043 |    0.008 | 
     +--------------------------------------------------------------------------------+ 
Path 20: MET Hold Check with Pin picorv32_core_eoi_reg[21]/CK 
Endpoint:   picorv32_core_eoi_reg[21]/SI (v) checked with  leading edge of 'clk'
Beginpoint: picorv32_core_eoi_reg[23]/Q  (v) triggered by  leading edge of 'clk'
Path Groups: {reg2reg}
Analysis View: analysis1
Other End Arrival Time          0.002
+ Hold                         -0.013
+ Phase Shift                   0.000
+ Uncertainty                   0.020
= Required Time                 0.009
  Arrival Time                  0.044
  Slack Time                    0.035
     Clock Rise Edge                 0.000
     + Clock Network Latency (Prop)  0.002
     = Beginpoint Arrival Time       0.002
     +--------------------------------------------------------------------------------+ 
     |         Instance          |     Arc     |  Cell   | Delay | Arrival | Required | 
     |                           |             |         |       |  Time   |   Time   | 
     |---------------------------+-------------+---------+-------+---------+----------| 
     | picorv32_core_eoi_reg[23] | CK ^        |         |       |   0.002 |   -0.033 | 
     | picorv32_core_eoi_reg[23] | CK ^ -> Q v | SDFFQX1 | 0.042 |   0.044 |    0.009 | 
     | picorv32_core_eoi_reg[21] | SI v        | SDFFQX1 | 0.000 |   0.044 |    0.009 | 
     +--------------------------------------------------------------------------------+ 
Path 21: MET Hold Check with Pin picorv32_core_alu_add_sub_reg[18]/CK 
Endpoint:   picorv32_core_alu_add_sub_reg[18]/SI (v) checked with  leading edge 
of 'clk'
Beginpoint: picorv32_core_alu_shr_reg[17]/Q      (v) triggered by  leading edge 
of 'clk'
Path Groups: {reg2reg}
Analysis View: analysis1
Other End Arrival Time          0.003
+ Hold                         -0.013
+ Phase Shift                   0.000
+ Uncertainty                   0.020
= Required Time                 0.010
  Arrival Time                  0.045
  Slack Time                    0.035
     Clock Rise Edge                 0.000
     + Clock Network Latency (Prop)  0.003
     = Beginpoint Arrival Time       0.003
     +----------------------------------------------------------------------------------------+ 
     |             Instance              |     Arc     |  Cell   | Delay | Arrival | Required | 
     |                                   |             |         |       |  Time   |   Time   | 
     |-----------------------------------+-------------+---------+-------+---------+----------| 
     | picorv32_core_alu_shr_reg[17]     | CK ^        |         |       |   0.003 |   -0.032 | 
     | picorv32_core_alu_shr_reg[17]     | CK ^ -> Q v | SDFFQX1 | 0.042 |   0.045 |    0.010 | 
     | picorv32_core_alu_add_sub_reg[18] | SI v        | SDFFQX1 | 0.000 |   0.045 |    0.010 | 
     +----------------------------------------------------------------------------------------+ 
Path 22: MET Hold Check with Pin picorv32_core_reg_next_pc_reg[15]/CK 
Endpoint:   picorv32_core_reg_next_pc_reg[15]/SI (v) checked with  leading edge 
of 'clk'
Beginpoint: picorv32_core_eoi_reg[27]/Q          (v) triggered by  leading edge 
of 'clk'
Path Groups: {reg2reg}
Analysis View: analysis1
Other End Arrival Time         -0.001
+ Hold                         -0.013
+ Phase Shift                   0.000
+ Uncertainty                   0.020
= Required Time                 0.006
  Arrival Time                  0.041
  Slack Time                    0.035
     Clock Rise Edge                 0.000
     + Clock Network Latency (Prop)  -0.001
     = Beginpoint Arrival Time       -0.001
     +----------------------------------------------------------------------------------------+ 
     |             Instance              |     Arc     |  Cell   | Delay | Arrival | Required | 
     |                                   |             |         |       |  Time   |   Time   | 
     |-----------------------------------+-------------+---------+-------+---------+----------| 
     | picorv32_core_eoi_reg[27]         | CK ^        |         |       |  -0.001 |   -0.036 | 
     | picorv32_core_eoi_reg[27]         | CK ^ -> Q v | SDFFQX1 | 0.042 |   0.041 |    0.006 | 
     | picorv32_core_reg_next_pc_reg[15] | SI v        | SDFFQX1 | 0.000 |   0.041 |    0.006 | 
     +----------------------------------------------------------------------------------------+ 
Path 23: MET Hold Check with Pin picorv32_core_reg_op1_reg[2]/CK 
Endpoint:   picorv32_core_reg_op1_reg[2]/SI (v) checked with  leading edge of 
'clk'
Beginpoint: picorv32_core_reg_out_reg[0]/Q  (v) triggered by  leading edge of 
'clk'
Path Groups: {reg2reg}
Analysis View: analysis1
Other End Arrival Time          0.003
+ Hold                         -0.013
+ Phase Shift                   0.000
+ Uncertainty                   0.020
= Required Time                 0.010
  Arrival Time                  0.045
  Slack Time                    0.035
     Clock Rise Edge                 0.000
     + Clock Network Latency (Prop)  0.003
     = Beginpoint Arrival Time       0.003
     +-----------------------------------------------------------------------------------+ 
     |           Instance           |     Arc     |  Cell   | Delay | Arrival | Required | 
     |                              |             |         |       |  Time   |   Time   | 
     |------------------------------+-------------+---------+-------+---------+----------| 
     | picorv32_core_reg_out_reg[0] | CK ^        |         |       |   0.003 |   -0.032 | 
     | picorv32_core_reg_out_reg[0] | CK ^ -> Q v | SDFFQX1 | 0.042 |   0.045 |    0.010 | 
     | picorv32_core_reg_op1_reg[2] | SI v        | SDFFQX1 | 0.000 |   0.045 |    0.010 | 
     +-----------------------------------------------------------------------------------+ 
Path 24: MET Hold Check with Pin picorv32_core_alu_add_sub_reg[31]/CK 
Endpoint:   picorv32_core_alu_add_sub_reg[31]/SI (v) checked with  leading edge 
of 'clk'
Beginpoint: picorv32_core_alu_add_sub_reg[30]/Q  (v) triggered by  leading edge 
of 'clk'
Path Groups: {reg2reg}
Analysis View: analysis1
Other End Arrival Time          0.004
+ Hold                         -0.013
+ Phase Shift                   0.000
+ Uncertainty                   0.020
= Required Time                 0.011
  Arrival Time                  0.046
  Slack Time                    0.035
     Clock Rise Edge                 0.000
     + Clock Network Latency (Prop)  0.004
     = Beginpoint Arrival Time       0.004
     +----------------------------------------------------------------------------------------+ 
     |             Instance              |     Arc     |  Cell   | Delay | Arrival | Required | 
     |                                   |             |         |       |  Time   |   Time   | 
     |-----------------------------------+-------------+---------+-------+---------+----------| 
     | picorv32_core_alu_add_sub_reg[30] | CK ^        |         |       |   0.004 |   -0.031 | 
     | picorv32_core_alu_add_sub_reg[30] | CK ^ -> Q v | SDFFQX1 | 0.042 |   0.046 |    0.011 | 
     | picorv32_core_alu_add_sub_reg[31] | SI v        | SDFFQX1 | 0.000 |   0.046 |    0.011 | 
     +----------------------------------------------------------------------------------------+ 
Path 25: MET Hold Check with Pin picorv32_core_cpuregs_reg[34][21]/CK 
Endpoint:   picorv32_core_cpuregs_reg[34][21]/SI (v) checked with  leading edge 
of 'clk'
Beginpoint: picorv32_core_cpuregs_reg[35][21]/Q  (v) triggered by  leading edge 
of 'clk'
Path Groups: {reg2reg}
Analysis View: analysis1
Other End Arrival Time         -0.006
+ Hold                         -0.013
+ Phase Shift                   0.000
+ Uncertainty                   0.020
= Required Time                 0.001
  Arrival Time                  0.036
  Slack Time                    0.035
     Clock Rise Edge                 0.000
     + Clock Network Latency (Prop)  -0.006
     = Beginpoint Arrival Time       -0.006
     +----------------------------------------------------------------------------------------+ 
     |             Instance              |     Arc     |  Cell   | Delay | Arrival | Required | 
     |                                   |             |         |       |  Time   |   Time   | 
     |-----------------------------------+-------------+---------+-------+---------+----------| 
     | picorv32_core_cpuregs_reg[35][21] | CK ^        |         |       |  -0.006 |   -0.041 | 
     | picorv32_core_cpuregs_reg[35][21] | CK ^ -> Q v | SDFFQX1 | 0.042 |   0.036 |    0.001 | 
     | picorv32_core_cpuregs_reg[34][21] | SI v        | SDFFQX1 | 0.000 |   0.036 |    0.001 | 
     +----------------------------------------------------------------------------------------+ 
Path 26: MET Hold Check with Pin picorv32_core_alu_add_sub_reg[30]/CK 
Endpoint:   picorv32_core_alu_add_sub_reg[30]/SI (v) checked with  leading edge 
of 'clk'
Beginpoint: picorv32_core_alu_add_sub_reg[29]/Q  (v) triggered by  leading edge 
of 'clk'
Path Groups: {reg2reg}
Analysis View: analysis1
Other End Arrival Time          0.004
+ Hold                         -0.013
+ Phase Shift                   0.000
+ Uncertainty                   0.020
= Required Time                 0.011
  Arrival Time                  0.046
  Slack Time                    0.035
     Clock Rise Edge                 0.000
     + Clock Network Latency (Prop)  0.004
     = Beginpoint Arrival Time       0.004
     +----------------------------------------------------------------------------------------+ 
     |             Instance              |     Arc     |  Cell   | Delay | Arrival | Required | 
     |                                   |             |         |       |  Time   |   Time   | 
     |-----------------------------------+-------------+---------+-------+---------+----------| 
     | picorv32_core_alu_add_sub_reg[29] | CK ^        |         |       |   0.004 |   -0.031 | 
     | picorv32_core_alu_add_sub_reg[29] | CK ^ -> Q v | SDFFQX1 | 0.042 |   0.046 |    0.011 | 
     | picorv32_core_alu_add_sub_reg[30] | SI v        | SDFFQX1 | 0.000 |   0.046 |    0.011 | 
     +----------------------------------------------------------------------------------------+ 
Path 27: MET Hold Check with Pin picorv32_core_genblk1.pcpi_mul_rs2_reg[13]/CK 
Endpoint:   picorv32_core_genblk1.pcpi_mul_rs2_reg[13]/SI (v) checked with  
leading edge of 'clk'
Beginpoint: picorv32_core_genblk1.pcpi_mul_rd_reg[63]/Q   (v) triggered by  
leading edge of 'clk'
Path Groups: {reg2reg}
Analysis View: analysis1
Other End Arrival Time          0.001
+ Hold                         -0.013
+ Phase Shift                   0.000
+ Uncertainty                   0.020
= Required Time                 0.008
  Arrival Time                  0.043
  Slack Time                    0.035
     Clock Rise Edge                 0.000
     + Clock Network Latency (Prop)  0.001
     = Beginpoint Arrival Time       0.001
     +-------------------------------------------------------------------------------------------------+ 
     |                  Instance                  |     Arc     |  Cell   | Delay | Arrival | Required | 
     |                                            |             |         |       |  Time   |   Time   | 
     |--------------------------------------------+-------------+---------+-------+---------+----------| 
     | picorv32_core_genblk1.pcpi_mul_rd_reg[63]  | CK ^        |         |       |   0.001 |   -0.034 | 
     | picorv32_core_genblk1.pcpi_mul_rd_reg[63]  | CK ^ -> Q v | SDFFQX1 | 0.042 |   0.043 |    0.008 | 
     | picorv32_core_genblk1.pcpi_mul_rs2_reg[13] | SI v        | SDFFQX1 | 0.000 |   0.043 |    0.008 | 
     +-------------------------------------------------------------------------------------------------+ 
Path 28: MET Hold Check with Pin picorv32_core_genblk1.pcpi_mul_rd_reg[39]/CK 
Endpoint:   picorv32_core_genblk1.pcpi_mul_rd_reg[39]/SI (v) checked with  
leading edge of 'clk'
Beginpoint: picorv32_core_genblk1.pcpi_mul_rd_reg[40]/Q  (v) triggered by  
leading edge of 'clk'
Path Groups: {reg2reg}
Analysis View: analysis1
Other End Arrival Time          0.003
+ Hold                         -0.013
+ Phase Shift                   0.000
+ Uncertainty                   0.020
= Required Time                 0.010
  Arrival Time                  0.045
  Slack Time                    0.035
     Clock Rise Edge                 0.000
     + Clock Network Latency (Prop)  0.003
     = Beginpoint Arrival Time       0.003
     +------------------------------------------------------------------------------------------------+ 
     |                 Instance                  |     Arc     |  Cell   | Delay | Arrival | Required | 
     |                                           |             |         |       |  Time   |   Time   | 
     |-------------------------------------------+-------------+---------+-------+---------+----------| 
     | picorv32_core_genblk1.pcpi_mul_rd_reg[40] | CK ^        |         |       |   0.003 |   -0.033 | 
     | picorv32_core_genblk1.pcpi_mul_rd_reg[40] | CK ^ -> Q v | SDFFQX1 | 0.042 |   0.045 |    0.010 | 
     | picorv32_core_genblk1.pcpi_mul_rd_reg[39] | SI v        | SDFFQX1 | 0.000 |   0.045 |    0.010 | 
     +------------------------------------------------------------------------------------------------+ 
Path 29: MET Hold Check with Pin picorv32_core_genblk2.pcpi_div_divisor_reg[59]/
CK 
Endpoint:   picorv32_core_genblk2.pcpi_div_divisor_reg[59]/SI (v) checked with  
leading edge of 'clk'
Beginpoint: picorv32_core_alu_shr_reg[30]/Q                   (v) triggered by  
leading edge of 'clk'
Path Groups: {reg2reg}
Analysis View: analysis1
Other End Arrival Time          0.002
+ Hold                         -0.013
+ Phase Shift                   0.000
+ Uncertainty                   0.020
= Required Time                 0.009
  Arrival Time                  0.044
  Slack Time                    0.035
     Clock Rise Edge                 0.000
     + Clock Network Latency (Prop)  0.002
     = Beginpoint Arrival Time       0.002
     +-----------------------------------------------------------------------------------------------------+ 
     |                    Instance                    |     Arc     |  Cell   | Delay | Arrival | Required | 
     |                                                |             |         |       |  Time   |   Time   | 
     |------------------------------------------------+-------------+---------+-------+---------+----------| 
     | picorv32_core_alu_shr_reg[30]                  | CK ^        |         |       |   0.002 |   -0.033 | 
     | picorv32_core_alu_shr_reg[30]                  | CK ^ -> Q v | SDFFQX1 | 0.042 |   0.044 |    0.009 | 
     | picorv32_core_genblk2.pcpi_div_divisor_reg[59] | SI v        | SDFFQX1 | 0.000 |   0.044 |    0.009 | 
     +-----------------------------------------------------------------------------------------------------+ 
Path 30: MET Hold Check with Pin picorv32_core_alu_shr_reg[19]/CK 
Endpoint:   picorv32_core_alu_shr_reg[19]/SI (v) checked with  leading edge of 
'clk'
Beginpoint: picorv32_core_alu_shr_reg[18]/Q  (v) triggered by  leading edge of 
'clk'
Path Groups: {reg2reg}
Analysis View: analysis1
Other End Arrival Time          0.003
+ Hold                         -0.013
+ Phase Shift                   0.000
+ Uncertainty                   0.020
= Required Time                 0.010
  Arrival Time                  0.046
  Slack Time                    0.035
     Clock Rise Edge                 0.000
     + Clock Network Latency (Prop)  0.003
     = Beginpoint Arrival Time       0.003
     +------------------------------------------------------------------------------------+ 
     |           Instance            |     Arc     |  Cell   | Delay | Arrival | Required | 
     |                               |             |         |       |  Time   |   Time   | 
     |-------------------------------+-------------+---------+-------+---------+----------| 
     | picorv32_core_alu_shr_reg[18] | CK ^        |         |       |   0.003 |   -0.032 | 
     | picorv32_core_alu_shr_reg[18] | CK ^ -> Q v | SDFFQX1 | 0.043 |   0.046 |    0.010 | 
     | picorv32_core_alu_shr_reg[19] | SI v        | SDFFQX1 | 0.000 |   0.046 |    0.010 | 
     +------------------------------------------------------------------------------------+ 
Path 31: MET Hold Check with Pin picorv32_core_alu_out_q_reg[21]/CK 
Endpoint:   picorv32_core_alu_out_q_reg[21]/SI  (v) checked with  leading edge 
of 'clk'
Beginpoint: picorv32_core_alu_add_sub_reg[20]/Q (v) triggered by  leading edge 
of 'clk'
Path Groups: {reg2reg}
Analysis View: analysis1
Other End Arrival Time          0.003
+ Hold                         -0.013
+ Phase Shift                   0.000
+ Uncertainty                   0.020
= Required Time                 0.010
  Arrival Time                  0.046
  Slack Time                    0.035
     Clock Rise Edge                 0.000
     + Clock Network Latency (Prop)  0.003
     = Beginpoint Arrival Time       0.003
     +----------------------------------------------------------------------------------------+ 
     |             Instance              |     Arc     |  Cell   | Delay | Arrival | Required | 
     |                                   |             |         |       |  Time   |   Time   | 
     |-----------------------------------+-------------+---------+-------+---------+----------| 
     | picorv32_core_alu_add_sub_reg[20] | CK ^        |         |       |   0.003 |   -0.032 | 
     | picorv32_core_alu_add_sub_reg[20] | CK ^ -> Q v | SDFFQX1 | 0.043 |   0.046 |    0.010 | 
     | picorv32_core_alu_out_q_reg[21]   | SI v        | SDFFQX1 | 0.000 |   0.046 |    0.010 | 
     +----------------------------------------------------------------------------------------+ 
Path 32: MET Hold Check with Pin picorv32_core_alu_shl_reg[20]/CK 
Endpoint:   picorv32_core_alu_shl_reg[20]/SI (v) checked with  leading edge of 
'clk'
Beginpoint: picorv32_core_alu_shl_reg[14]/Q  (v) triggered by  leading edge of 
'clk'
Path Groups: {reg2reg}
Analysis View: analysis1
Other End Arrival Time          0.003
+ Hold                         -0.013
+ Phase Shift                   0.000
+ Uncertainty                   0.020
= Required Time                 0.010
  Arrival Time                  0.046
  Slack Time                    0.035
     Clock Rise Edge                 0.000
     + Clock Network Latency (Prop)  0.003
     = Beginpoint Arrival Time       0.003
     +------------------------------------------------------------------------------------+ 
     |           Instance            |     Arc     |  Cell   | Delay | Arrival | Required | 
     |                               |             |         |       |  Time   |   Time   | 
     |-------------------------------+-------------+---------+-------+---------+----------| 
     | picorv32_core_alu_shl_reg[14] | CK ^        |         |       |   0.003 |   -0.032 | 
     | picorv32_core_alu_shl_reg[14] | CK ^ -> Q v | SDFFQX1 | 0.043 |   0.046 |    0.010 | 
     | picorv32_core_alu_shl_reg[20] | SI v        | SDFFQX1 | 0.000 |   0.046 |    0.010 | 
     +------------------------------------------------------------------------------------+ 
Path 33: MET Hold Check with Pin picorv32_core_cpuregs_reg[32][0]/CK 
Endpoint:   picorv32_core_cpuregs_reg[32][0]/SI (v) checked with  leading edge 
of 'clk'
Beginpoint: picorv32_core_cpuregs_reg[32][5]/Q  (v) triggered by  leading edge 
of 'clk'
Path Groups: {reg2reg}
Analysis View: analysis1
Other End Arrival Time         -0.007
+ Hold                         -0.013
+ Phase Shift                   0.000
+ Uncertainty                   0.020
= Required Time                -0.000
  Arrival Time                  0.035
  Slack Time                    0.035
     Clock Rise Edge                 0.000
     + Clock Network Latency (Prop)  -0.007
     = Beginpoint Arrival Time       -0.007
     +---------------------------------------------------------------------------------------+ 
     |             Instance             |     Arc     |  Cell   | Delay | Arrival | Required | 
     |                                  |             |         |       |  Time   |   Time   | 
     |----------------------------------+-------------+---------+-------+---------+----------| 
     | picorv32_core_cpuregs_reg[32][5] | CK ^        |         |       |  -0.007 |   -0.043 | 
     | picorv32_core_cpuregs_reg[32][5] | CK ^ -> Q v | SDFFQX1 | 0.043 |   0.035 |   -0.000 | 
     | picorv32_core_cpuregs_reg[32][0] | SI v        | SDFFQX1 | 0.000 |   0.035 |   -0.000 | 
     +---------------------------------------------------------------------------------------+ 
Path 34: MET Hold Check with Pin picorv32_core_eoi_reg[28]/CK 
Endpoint:   picorv32_core_eoi_reg[28]/SI (v) checked with  leading edge of 'clk'
Beginpoint: picorv32_core_eoi_reg[13]/Q  (v) triggered by  leading edge of 'clk'
Path Groups: {reg2reg}
Analysis View: analysis1
Other End Arrival Time         -0.001
+ Hold                         -0.013
+ Phase Shift                   0.000
+ Uncertainty                   0.020
= Required Time                 0.006
  Arrival Time                  0.041
  Slack Time                    0.035
     Clock Rise Edge                 0.000
     + Clock Network Latency (Prop)  -0.001
     = Beginpoint Arrival Time       -0.001
     +--------------------------------------------------------------------------------+ 
     |         Instance          |     Arc     |  Cell   | Delay | Arrival | Required | 
     |                           |             |         |       |  Time   |   Time   | 
     |---------------------------+-------------+---------+-------+---------+----------| 
     | picorv32_core_eoi_reg[13] | CK ^        |         |       |  -0.001 |   -0.036 | 
     | picorv32_core_eoi_reg[13] | CK ^ -> Q v | SDFFQX1 | 0.042 |   0.041 |    0.006 | 
     | picorv32_core_eoi_reg[28] | SI v        | SDFFQX1 | 0.000 |   0.041 |    0.006 | 
     +--------------------------------------------------------------------------------+ 
Path 35: MET Hold Check with Pin picorv32_core_reg_next_pc_reg[10]/CK 
Endpoint:   picorv32_core_reg_next_pc_reg[10]/SI (v) checked with  leading edge 
of 'clk'
Beginpoint: picorv32_core_eoi_reg[9]/Q           (v) triggered by  leading edge 
of 'clk'
Path Groups: {reg2reg}
Analysis View: analysis1
Other End Arrival Time          0.001
+ Hold                         -0.013
+ Phase Shift                   0.000
+ Uncertainty                   0.020
= Required Time                 0.008
  Arrival Time                  0.043
  Slack Time                    0.035
     Clock Rise Edge                 0.000
     + Clock Network Latency (Prop)  0.001
     = Beginpoint Arrival Time       0.001
     +----------------------------------------------------------------------------------------+ 
     |             Instance              |     Arc     |  Cell   | Delay | Arrival | Required | 
     |                                   |             |         |       |  Time   |   Time   | 
     |-----------------------------------+-------------+---------+-------+---------+----------| 
     | picorv32_core_eoi_reg[9]          | CK ^        |         |       |   0.001 |   -0.035 | 
     | picorv32_core_eoi_reg[9]          | CK ^ -> Q v | SDFFQX1 | 0.043 |   0.043 |    0.008 | 
     | picorv32_core_reg_next_pc_reg[10] | SI v        | SDFFQX1 | 0.000 |   0.043 |    0.008 | 
     +----------------------------------------------------------------------------------------+ 
Path 36: MET Hold Check with Pin picorv32_core_decoded_imm_reg[12]/CK 
Endpoint:   picorv32_core_decoded_imm_reg[12]/SI (v) checked with  leading edge 
of 'clk'
Beginpoint: picorv32_core_eoi_reg[11]/Q          (v) triggered by  leading edge 
of 'clk'
Path Groups: {reg2reg}
Analysis View: analysis1
Other End Arrival Time          0.001
+ Hold                         -0.013
+ Phase Shift                   0.000
+ Uncertainty                   0.020
= Required Time                 0.008
  Arrival Time                  0.043
  Slack Time                    0.035
     Clock Rise Edge                 0.000
     + Clock Network Latency (Prop)  0.001
     = Beginpoint Arrival Time       0.001
     +----------------------------------------------------------------------------------------+ 
     |             Instance              |     Arc     |  Cell   | Delay | Arrival | Required | 
     |                                   |             |         |       |  Time   |   Time   | 
     |-----------------------------------+-------------+---------+-------+---------+----------| 
     | picorv32_core_eoi_reg[11]         | CK ^        |         |       |   0.001 |   -0.035 | 
     | picorv32_core_eoi_reg[11]         | CK ^ -> Q v | SDFFQX1 | 0.043 |   0.043 |    0.008 | 
     | picorv32_core_decoded_imm_reg[12] | SI v        | SDFFQX1 | 0.000 |   0.043 |    0.008 | 
     +----------------------------------------------------------------------------------------+ 
Path 37: MET Hold Check with Pin picorv32_core_cpuregs_reg[32][21]/CK 
Endpoint:   picorv32_core_cpuregs_reg[32][21]/SI (v) checked with  leading edge 
of 'clk'
Beginpoint: picorv32_core_cpuregs_reg[35][19]/Q  (v) triggered by  leading edge 
of 'clk'
Path Groups: {reg2reg}
Analysis View: analysis1
Other End Arrival Time         -0.005
+ Hold                         -0.013
+ Phase Shift                   0.000
+ Uncertainty                   0.020
= Required Time                 0.002
  Arrival Time                  0.037
  Slack Time                    0.035
     Clock Rise Edge                 0.000
     + Clock Network Latency (Prop)  -0.006
     = Beginpoint Arrival Time       -0.006
     +----------------------------------------------------------------------------------------+ 
     |             Instance              |     Arc     |  Cell   | Delay | Arrival | Required | 
     |                                   |             |         |       |  Time   |   Time   | 
     |-----------------------------------+-------------+---------+-------+---------+----------| 
     | picorv32_core_cpuregs_reg[35][19] | CK ^        |         |       |  -0.006 |   -0.041 | 
     | picorv32_core_cpuregs_reg[35][19] | CK ^ -> Q v | SDFFQX1 | 0.043 |   0.037 |    0.002 | 
     | picorv32_core_cpuregs_reg[32][21] | SI v        | SDFFQX1 | 0.000 |   0.037 |    0.002 | 
     +----------------------------------------------------------------------------------------+ 
Path 38: MET Hold Check with Pin picorv32_core_eoi_reg[23]/CK 
Endpoint:   picorv32_core_eoi_reg[23]/SI (v) checked with  leading edge of 'clk'
Beginpoint: picorv32_core_eoi_reg[18]/Q  (v) triggered by  leading edge of 'clk'
Path Groups: {reg2reg}
Analysis View: analysis1
Other End Arrival Time          0.002
+ Hold                         -0.013
+ Phase Shift                   0.000
+ Uncertainty                   0.020
= Required Time                 0.009
  Arrival Time                  0.045
  Slack Time                    0.035
     Clock Rise Edge                 0.000
     + Clock Network Latency (Prop)  0.002
     = Beginpoint Arrival Time       0.002
     +--------------------------------------------------------------------------------+ 
     |         Instance          |     Arc     |  Cell   | Delay | Arrival | Required | 
     |                           |             |         |       |  Time   |   Time   | 
     |---------------------------+-------------+---------+-------+---------+----------| 
     | picorv32_core_eoi_reg[18] | CK ^        |         |       |   0.002 |   -0.033 | 
     | picorv32_core_eoi_reg[18] | CK ^ -> Q v | SDFFQX1 | 0.043 |   0.045 |    0.009 | 
     | picorv32_core_eoi_reg[23] | SI v        | SDFFQX1 | 0.000 |   0.045 |    0.009 | 
     +--------------------------------------------------------------------------------+ 
Path 39: MET Hold Check with Pin picorv32_core_alu_shr_reg[20]/CK 
Endpoint:   picorv32_core_alu_shr_reg[20]/SI (v) checked with  leading edge of 
'clk'
Beginpoint: picorv32_core_alu_shr_reg[14]/Q  (v) triggered by  leading edge of 
'clk'
Path Groups: {reg2reg}
Analysis View: analysis1
Other End Arrival Time          0.003
+ Hold                         -0.013
+ Phase Shift                   0.000
+ Uncertainty                   0.020
= Required Time                 0.011
  Arrival Time                  0.046
  Slack Time                    0.035
     Clock Rise Edge                 0.000
     + Clock Network Latency (Prop)  0.003
     = Beginpoint Arrival Time       0.003
     +------------------------------------------------------------------------------------+ 
     |           Instance            |     Arc     |  Cell   | Delay | Arrival | Required | 
     |                               |             |         |       |  Time   |   Time   | 
     |-------------------------------+-------------+---------+-------+---------+----------| 
     | picorv32_core_alu_shr_reg[14] | CK ^        |         |       |   0.003 |   -0.032 | 
     | picorv32_core_alu_shr_reg[14] | CK ^ -> Q v | SDFFQX1 | 0.043 |   0.046 |    0.011 | 
     | picorv32_core_alu_shr_reg[20] | SI v        | SDFFQX1 | 0.000 |   0.046 |    0.011 | 
     +------------------------------------------------------------------------------------+ 
Path 40: MET Hold Check with Pin picorv32_core_cpuregs_reg[32][13]/CK 
Endpoint:   picorv32_core_cpuregs_reg[32][13]/SI (v) checked with  leading edge 
of 'clk'
Beginpoint: picorv32_core_cpuregs_reg[34][13]/Q  (v) triggered by  leading edge 
of 'clk'
Path Groups: {reg2reg}
Analysis View: analysis1
Other End Arrival Time         -0.005
+ Hold                         -0.013
+ Phase Shift                   0.000
+ Uncertainty                   0.020
= Required Time                 0.002
  Arrival Time                  0.037
  Slack Time                    0.035
     Clock Rise Edge                 0.000
     + Clock Network Latency (Prop)  -0.005
     = Beginpoint Arrival Time       -0.005
     +----------------------------------------------------------------------------------------+ 
     |             Instance              |     Arc     |  Cell   | Delay | Arrival | Required | 
     |                                   |             |         |       |  Time   |   Time   | 
     |-----------------------------------+-------------+---------+-------+---------+----------| 
     | picorv32_core_cpuregs_reg[34][13] | CK ^        |         |       |  -0.005 |   -0.041 | 
     | picorv32_core_cpuregs_reg[34][13] | CK ^ -> Q v | SDFFQX1 | 0.042 |   0.037 |    0.002 | 
     | picorv32_core_cpuregs_reg[32][13] | SI v        | SDFFQX1 | 0.000 |   0.037 |    0.002 | 
     +----------------------------------------------------------------------------------------+ 
Path 41: MET Hold Check with Pin picorv32_core_alu_shr_reg[2]/CK 
Endpoint:   picorv32_core_alu_shr_reg[2]/SI (v) checked with  leading edge of 
'clk'
Beginpoint: picorv32_core_alu_shr_reg[3]/Q  (v) triggered by  leading edge of 
'clk'
Path Groups: {reg2reg}
Analysis View: analysis1
Other End Arrival Time          0.001
+ Hold                         -0.013
+ Phase Shift                   0.000
+ Uncertainty                   0.020
= Required Time                 0.008
  Arrival Time                  0.043
  Slack Time                    0.035
     Clock Rise Edge                 0.000
     + Clock Network Latency (Prop)  0.001
     = Beginpoint Arrival Time       0.001
     +-----------------------------------------------------------------------------------+ 
     |           Instance           |     Arc     |  Cell   | Delay | Arrival | Required | 
     |                              |             |         |       |  Time   |   Time   | 
     |------------------------------+-------------+---------+-------+---------+----------| 
     | picorv32_core_alu_shr_reg[3] | CK ^        |         |       |   0.001 |   -0.034 | 
     | picorv32_core_alu_shr_reg[3] | CK ^ -> Q v | SDFFQX1 | 0.042 |   0.043 |    0.008 | 
     | picorv32_core_alu_shr_reg[2] | SI v        | SDFFQX1 | 0.000 |   0.043 |    0.008 | 
     +-----------------------------------------------------------------------------------+ 
Path 42: MET Hold Check with Pin picorv32_core_genblk2.pcpi_div_pcpi_rd_reg[31]/
CK 
Endpoint:   picorv32_core_genblk2.pcpi_div_pcpi_rd_reg[31]/SI (v) checked with  
leading edge of 'clk'
Beginpoint: picorv32_core_genblk2.pcpi_div_pcpi_rd_reg[4]/Q   (v) triggered by  
leading edge of 'clk'
Path Groups: {reg2reg}
Analysis View: analysis1
Other End Arrival Time          0.001
+ Hold                         -0.013
+ Phase Shift                   0.000
+ Uncertainty                   0.020
= Required Time                 0.007
  Arrival Time                  0.043
  Slack Time                    0.035
     Clock Rise Edge                 0.000
     + Clock Network Latency (Prop)  0.001
     = Beginpoint Arrival Time       0.001
     +-----------------------------------------------------------------------------------------------------+ 
     |                    Instance                    |     Arc     |  Cell   | Delay | Arrival | Required | 
     |                                                |             |         |       |  Time   |   Time   | 
     |------------------------------------------------+-------------+---------+-------+---------+----------| 
     | picorv32_core_genblk2.pcpi_div_pcpi_rd_reg[4]  | CK ^        |         |       |   0.001 |   -0.035 | 
     | picorv32_core_genblk2.pcpi_div_pcpi_rd_reg[4]  | CK ^ -> Q v | SDFFQX1 | 0.042 |   0.043 |    0.007 | 
     | picorv32_core_genblk2.pcpi_div_pcpi_rd_reg[31] | SI v        | SDFFQX1 | 0.000 |   0.043 |    0.007 | 
     +-----------------------------------------------------------------------------------------------------+ 
Path 43: MET Hold Check with Pin picorv32_core_pcpi_insn_reg[9]/CK 
Endpoint:   picorv32_core_pcpi_insn_reg[9]/SI           (v) checked with  
leading edge of 'clk'
Beginpoint: picorv32_core_pcpi_timeout_counter_reg[3]/Q (v) triggered by  
leading edge of 'clk'
Path Groups: {reg2reg}
Analysis View: analysis1
Other End Arrival Time         -0.001
+ Hold                         -0.013
+ Phase Shift                   0.000
+ Uncertainty                   0.020
= Required Time                 0.006
  Arrival Time                  0.041
  Slack Time                    0.035
     Clock Rise Edge                 0.000
     + Clock Network Latency (Prop)  -0.001
     = Beginpoint Arrival Time       -0.001
     +------------------------------------------------------------------------------------------------+ 
     |                 Instance                  |     Arc     |  Cell   | Delay | Arrival | Required | 
     |                                           |             |         |       |  Time   |   Time   | 
     |-------------------------------------------+-------------+---------+-------+---------+----------| 
     | picorv32_core_pcpi_timeout_counter_reg[3] | CK ^        |         |       |  -0.001 |   -0.037 | 
     | picorv32_core_pcpi_timeout_counter_reg[3] | CK ^ -> Q v | SDFFQX1 | 0.042 |   0.041 |    0.006 | 
     | picorv32_core_pcpi_insn_reg[9]            | SI v        | SDFFQX1 | 0.000 |   0.041 |    0.006 | 
     +------------------------------------------------------------------------------------------------+ 
Path 44: MET Hold Check with Pin picorv32_core_cpuregs_reg[12][3]/CK 
Endpoint:   picorv32_core_cpuregs_reg[12][3]/SI (v) checked with  leading edge 
of 'clk'
Beginpoint: picorv32_core_cpuregs_reg[32][2]/Q  (v) triggered by  leading edge 
of 'clk'
Path Groups: {reg2reg}
Analysis View: analysis1
Other End Arrival Time         -0.008
+ Hold                         -0.013
+ Phase Shift                   0.000
+ Uncertainty                   0.020
= Required Time                -0.001
  Arrival Time                  0.035
  Slack Time                    0.036
     Clock Rise Edge                 0.000
     + Clock Network Latency (Prop)  -0.008
     = Beginpoint Arrival Time       -0.008
     +---------------------------------------------------------------------------------------+ 
     |             Instance             |     Arc     |  Cell   | Delay | Arrival | Required | 
     |                                  |             |         |       |  Time   |   Time   | 
     |----------------------------------+-------------+---------+-------+---------+----------| 
     | picorv32_core_cpuregs_reg[32][2] | CK ^        |         |       |  -0.008 |   -0.043 | 
     | picorv32_core_cpuregs_reg[32][2] | CK ^ -> Q v | SDFFQX1 | 0.043 |   0.035 |   -0.001 | 
     | picorv32_core_cpuregs_reg[12][3] | SI v        | SDFFQX1 | 0.000 |   0.035 |   -0.001 | 
     +---------------------------------------------------------------------------------------+ 
Path 45: MET Hold Check with Pin picorv32_core_alu_shr_reg[11]/CK 
Endpoint:   picorv32_core_alu_shr_reg[11]/SI (v) checked with  leading edge of 
'clk'
Beginpoint: picorv32_core_alu_shl_reg[13]/Q  (v) triggered by  leading edge of 
'clk'
Path Groups: {reg2reg}
Analysis View: analysis1
Other End Arrival Time          0.002
+ Hold                         -0.013
+ Phase Shift                   0.000
+ Uncertainty                   0.020
= Required Time                 0.008
  Arrival Time                  0.044
  Slack Time                    0.036
     Clock Rise Edge                 0.000
     + Clock Network Latency (Prop)  0.001
     = Beginpoint Arrival Time       0.001
     +------------------------------------------------------------------------------------+ 
     |           Instance            |     Arc     |  Cell   | Delay | Arrival | Required | 
     |                               |             |         |       |  Time   |   Time   | 
     |-------------------------------+-------------+---------+-------+---------+----------| 
     | picorv32_core_alu_shl_reg[13] | CK ^        |         |       |   0.001 |   -0.034 | 
     | picorv32_core_alu_shl_reg[13] | CK ^ -> Q v | SDFFQX1 | 0.042 |   0.044 |    0.008 | 
     | picorv32_core_alu_shr_reg[11] | SI v        | SDFFQX1 | 0.000 |   0.044 |    0.008 | 
     +------------------------------------------------------------------------------------+ 
Path 46: MET Hold Check with Pin picorv32_core_cpuregs_reg[34][25]/CK 
Endpoint:   picorv32_core_cpuregs_reg[34][25]/SI (v) checked with  leading edge 
of 'clk'
Beginpoint: picorv32_core_cpuregs_reg[32][25]/Q  (v) triggered by  leading edge 
of 'clk'
Path Groups: {reg2reg}
Analysis View: analysis1
Other End Arrival Time         -0.005
+ Hold                         -0.013
+ Phase Shift                   0.000
+ Uncertainty                   0.020
= Required Time                 0.002
  Arrival Time                  0.037
  Slack Time                    0.036
     Clock Rise Edge                 0.000
     + Clock Network Latency (Prop)  -0.005
     = Beginpoint Arrival Time       -0.005
     +----------------------------------------------------------------------------------------+ 
     |             Instance              |     Arc     |  Cell   | Delay | Arrival | Required | 
     |                                   |             |         |       |  Time   |   Time   | 
     |-----------------------------------+-------------+---------+-------+---------+----------| 
     | picorv32_core_cpuregs_reg[32][25] | CK ^        |         |       |  -0.005 |   -0.041 | 
     | picorv32_core_cpuregs_reg[32][25] | CK ^ -> Q v | SDFFQX1 | 0.043 |   0.037 |    0.002 | 
     | picorv32_core_cpuregs_reg[34][25] | SI v        | SDFFQX1 | 0.000 |   0.037 |    0.002 | 
     +----------------------------------------------------------------------------------------+ 
Path 47: MET Hold Check with Pin picorv32_core_genblk1.pcpi_mul_rd_reg[47]/CK 
Endpoint:   picorv32_core_genblk1.pcpi_mul_rd_reg[47]/SI (v) checked with  
leading edge of 'clk'
Beginpoint: picorv32_core_genblk1.pcpi_mul_rd_reg[24]/Q  (v) triggered by  
leading edge of 'clk'
Path Groups: {reg2reg}
Analysis View: analysis1
Other End Arrival Time          0.002
+ Hold                         -0.013
+ Phase Shift                   0.000
+ Uncertainty                   0.020
= Required Time                 0.008
  Arrival Time                  0.044
  Slack Time                    0.036
     Clock Rise Edge                 0.000
     + Clock Network Latency (Prop)  0.001
     = Beginpoint Arrival Time       0.001
     +------------------------------------------------------------------------------------------------+ 
     |                 Instance                  |     Arc     |  Cell   | Delay | Arrival | Required | 
     |                                           |             |         |       |  Time   |   Time   | 
     |-------------------------------------------+-------------+---------+-------+---------+----------| 
     | picorv32_core_genblk1.pcpi_mul_rd_reg[24] | CK ^        |         |       |   0.001 |   -0.034 | 
     | picorv32_core_genblk1.pcpi_mul_rd_reg[24] | CK ^ -> Q v | SDFFQX1 | 0.042 |   0.044 |    0.008 | 
     | picorv32_core_genblk1.pcpi_mul_rd_reg[47] | SI v        | SDFFQX1 | 0.000 |   0.044 |    0.008 | 
     +------------------------------------------------------------------------------------------------+ 
Path 48: MET Hold Check with Pin picorv32_core_genblk1.pcpi_mul_rs1_reg[27]/CK 
Endpoint:   picorv32_core_genblk1.pcpi_mul_rs1_reg[27]/SI (v) checked with  
leading edge of 'clk'
Beginpoint: picorv32_core_genblk1.pcpi_mul_rd_reg[14]/Q   (v) triggered by  
leading edge of 'clk'
Path Groups: {reg2reg}
Analysis View: analysis1
Other End Arrival Time          0.000
+ Hold                         -0.013
+ Phase Shift                   0.000
+ Uncertainty                   0.020
= Required Time                 0.007
  Arrival Time                  0.043
  Slack Time                    0.036
     Clock Rise Edge                 0.000
     + Clock Network Latency (Prop)  0.000
     = Beginpoint Arrival Time       0.000
     +-------------------------------------------------------------------------------------------------+ 
     |                  Instance                  |     Arc     |  Cell   | Delay | Arrival | Required | 
     |                                            |             |         |       |  Time   |   Time   | 
     |--------------------------------------------+-------------+---------+-------+---------+----------| 
     | picorv32_core_genblk1.pcpi_mul_rd_reg[14]  | CK ^        |         |       |   0.000 |   -0.035 | 
     | picorv32_core_genblk1.pcpi_mul_rd_reg[14]  | CK ^ -> Q v | SDFFQX1 | 0.042 |   0.043 |    0.007 | 
     | picorv32_core_genblk1.pcpi_mul_rs1_reg[27] | SI v        | SDFFQX1 | 0.000 |   0.043 |    0.007 | 
     +-------------------------------------------------------------------------------------------------+ 
Path 49: MET Hold Check with Pin picorv32_core_cpuregs_reg[35][16]/CK 
Endpoint:   picorv32_core_cpuregs_reg[35][16]/SI (v) checked with  leading edge 
of 'clk'
Beginpoint: picorv32_core_cpuregs_reg[33][16]/Q  (v) triggered by  leading edge 
of 'clk'
Path Groups: {reg2reg}
Analysis View: analysis1
Other End Arrival Time         -0.005
+ Hold                         -0.013
+ Phase Shift                   0.000
+ Uncertainty                   0.020
= Required Time                 0.002
  Arrival Time                  0.037
  Slack Time                    0.036
     Clock Rise Edge                 0.000
     + Clock Network Latency (Prop)  -0.005
     = Beginpoint Arrival Time       -0.005
     +----------------------------------------------------------------------------------------+ 
     |             Instance              |     Arc     |  Cell   | Delay | Arrival | Required | 
     |                                   |             |         |       |  Time   |   Time   | 
     |-----------------------------------+-------------+---------+-------+---------+----------| 
     | picorv32_core_cpuregs_reg[33][16] | CK ^        |         |       |  -0.005 |   -0.041 | 
     | picorv32_core_cpuregs_reg[33][16] | CK ^ -> Q v | SDFFQX1 | 0.043 |   0.037 |    0.002 | 
     | picorv32_core_cpuregs_reg[35][16] | SI v        | SDFFQX1 | 0.000 |   0.037 |    0.002 | 
     +----------------------------------------------------------------------------------------+ 
Path 50: MET Hold Check with Pin picorv32_core_alu_shr_reg[4]/CK 
Endpoint:   picorv32_core_alu_shr_reg[4]/SI (v) checked with  leading edge of 
'clk'
Beginpoint: picorv32_core_alu_shr_reg[5]/Q  (v) triggered by  leading edge of 
'clk'
Path Groups: {reg2reg}
Analysis View: analysis1
Other End Arrival Time          0.001
+ Hold                         -0.013
+ Phase Shift                   0.000
+ Uncertainty                   0.020
= Required Time                 0.008
  Arrival Time                  0.043
  Slack Time                    0.036
     Clock Rise Edge                 0.000
     + Clock Network Latency (Prop)  0.001
     = Beginpoint Arrival Time       0.001
     +-----------------------------------------------------------------------------------+ 
     |           Instance           |     Arc     |  Cell   | Delay | Arrival | Required | 
     |                              |             |         |       |  Time   |   Time   | 
     |------------------------------+-------------+---------+-------+---------+----------| 
     | picorv32_core_alu_shr_reg[5] | CK ^        |         |       |   0.001 |   -0.035 | 
     | picorv32_core_alu_shr_reg[5] | CK ^ -> Q v | SDFFQX1 | 0.042 |   0.043 |    0.008 | 
     | picorv32_core_alu_shr_reg[4] | SI v        | SDFFQX1 | 0.000 |   0.043 |    0.008 | 
     +-----------------------------------------------------------------------------------+ 

