###############################################################
#  Generated by:      Cadence Innovus 21.35-s114_1
#  OS:                Linux x86_64(Host ID cn88.it.auth.gr)
#  Generated on:      Sun Nov 30 19:24:44 2025
#  Design:            picorv32_wb
#  Command:           report_timing -path_group reg2out -check_type setup -max_paths 50 > reports/postCTS/setup_reg2out.rpt
###############################################################
Path 1: MET Late External Delay Assertion 
Endpoint:   pcpi_rs2[2]                    (v) checked with  leading edge of 
'clk'
Beginpoint: picorv32_core_reg_op2_reg[2]/Q (v) triggered by  leading edge of 
'clk'
Path Groups: {reg2out}
Analysis View: analysis1
Other End Arrival Time          0.000
- External Delay                0.500
+ Phase Shift                   4.000
- Uncertainty                   0.020
= Required Time                 3.480
- Arrival Time                  0.526
= Slack Time                    2.954
     Clock Rise Edge                 0.000
     + Clock Network Latency (Prop)  0.002
     = Beginpoint Arrival Time       0.002
     +--------------------------------------------------------------------------------------+ 
     |           Instance           |      Arc      |   Cell   | Delay | Arrival | Required | 
     |                              |               |          |       |  Time   |   Time   | 
     |------------------------------+---------------+----------+-------+---------+----------| 
     | picorv32_core_reg_op2_reg[2] | CK ^          |          |       |   0.002 |    2.955 | 
     | picorv32_core_reg_op2_reg[2] | CK ^ -> Q v   | SDFFQX1  | 0.111 |   0.112 |    3.066 | 
     | FE_OFC1838_pcpi_rs2_2        | A v -> Y ^    | INVX1    | 0.104 |   0.216 |    3.170 | 
     | FE_OFC1870_pcpi_rs2_2        | A ^ -> Y v    | INVX1    | 0.106 |   0.323 |    3.276 | 
     | FE_OFC1871_pcpi_rs2_2        | A v -> Y ^    | INVX1    | 0.051 |   0.373 |    3.327 | 
     | FE_OFC1685_pcpi_rs2_2        | A ^ -> Y v    | CLKINVX8 | 0.135 |   0.509 |    3.463 | 
     |                              | pcpi_rs2[2] v |          | 0.017 |   0.526 |    3.480 | 
     +--------------------------------------------------------------------------------------+ 
Path 2: MET Late External Delay Assertion 
Endpoint:   pcpi_rs2[0]                    (v) checked with  leading edge of 
'clk'
Beginpoint: picorv32_core_reg_op2_reg[0]/Q (v) triggered by  leading edge of 
'clk'
Path Groups: {reg2out}
Analysis View: analysis1
Other End Arrival Time          0.000
- External Delay                0.500
+ Phase Shift                   4.000
- Uncertainty                   0.020
= Required Time                 3.480
- Arrival Time                  0.415
= Slack Time                    3.065
     Clock Rise Edge                 0.000
     + Clock Network Latency (Prop)  0.001
     = Beginpoint Arrival Time       0.001
     +-----------------------------------------------------------------------------------------+ 
     |            Instance             |      Arc      |   Cell   | Delay | Arrival | Required | 
     |                                 |               |          |       |  Time   |   Time   | 
     |---------------------------------+---------------+----------+-------+---------+----------| 
     | picorv32_core_reg_op2_reg[0]    | CK ^          |          |       |   0.001 |    3.066 | 
     | picorv32_core_reg_op2_reg[0]    | CK ^ -> Q v   | SDFFQX1  | 0.039 |   0.040 |    3.105 | 
     | FE_OFC1881_FE_OFN491_pcpi_rs2_0 | A v -> Y v    | BUFX2    | 0.073 |   0.113 |    3.178 | 
     | FE_OFC921_pcpi_rs2_0            | A v -> Y ^    | INVX1    | 0.042 |   0.155 |    3.220 | 
     | FE_OFC922_pcpi_rs2_0            | A ^ -> Y v    | INVX2    | 0.069 |   0.224 |    3.289 | 
     | FE_OFC1466_pcpi_rs2_0           | A v -> Y ^    | INVX1    | 0.043 |   0.267 |    3.332 | 
     | FE_OFC1467_pcpi_rs2_0           | A ^ -> Y v    | CLKINVX8 | 0.136 |   0.403 |    3.468 | 
     |                                 | pcpi_rs2[0] v |          | 0.012 |   0.415 |    3.480 | 
     +-----------------------------------------------------------------------------------------+ 
Path 3: MET Late External Delay Assertion 
Endpoint:   pcpi_rs2[17]                    (v) checked with  leading edge of 
'clk'
Beginpoint: picorv32_core_reg_op2_reg[17]/Q (v) triggered by  leading edge of 
'clk'
Path Groups: {reg2out}
Analysis View: analysis1
Other End Arrival Time          0.000
- External Delay                0.500
+ Phase Shift                   4.000
- Uncertainty                   0.020
= Required Time                 3.480
- Arrival Time                  0.407
= Slack Time                    3.073
     Clock Rise Edge                 0.000
     + Clock Network Latency (Prop)  0.004
     = Beginpoint Arrival Time       0.004
     +----------------------------------------------------------------------------------------+ 
     |           Instance            |      Arc       |   Cell   | Delay | Arrival | Required | 
     |                               |                |          |       |  Time   |   Time   | 
     |-------------------------------+----------------+----------+-------+---------+----------| 
     | picorv32_core_reg_op2_reg[17] | CK ^           |          |       |   0.004 |    3.077 | 
     | picorv32_core_reg_op2_reg[17] | CK ^ -> Q v    | SDFFQX1  | 0.116 |   0.121 |    3.193 | 
     | FE_OFC1877_pcpi_rs2_17        | A v -> Y ^     | INVXL    | 0.058 |   0.178 |    3.251 | 
     | FE_OFC1878_pcpi_rs2_17        | A ^ -> Y v     | INVX1    | 0.068 |   0.246 |    3.319 | 
     | FE_OFC1672_pcpi_rs2_17        | A v -> Y v     | CLKBUFX8 | 0.154 |   0.400 |    3.473 | 
     |                               | pcpi_rs2[17] v |          | 0.007 |   0.407 |    3.480 | 
     +----------------------------------------------------------------------------------------+ 
Path 4: MET Late External Delay Assertion 
Endpoint:   pcpi_rs2[3]                     (v) checked with  leading edge of 
'clk'
Beginpoint: picorv32_core_reg_op2_reg[3]/QN (^) triggered by  leading edge of 
'clk'
Path Groups: {reg2out}
Analysis View: analysis1
Other End Arrival Time          0.000
- External Delay                0.500
+ Phase Shift                   4.000
- Uncertainty                   0.020
= Required Time                 3.480
- Arrival Time                  0.395
= Slack Time                    3.085
     Clock Rise Edge                 0.000
     + Clock Network Latency (Prop)  0.001
     = Beginpoint Arrival Time       0.001
     +--------------------------------------------------------------------------------------+ 
     |            Instance            |      Arc      |  Cell  | Delay | Arrival | Required | 
     |                                |               |        |       |  Time   |   Time   | 
     |--------------------------------+---------------+--------+-------+---------+----------| 
     | picorv32_core_reg_op2_reg[3]   | CK ^          |        |       |   0.001 |    3.086 | 
     | picorv32_core_reg_op2_reg[3]   | CK ^ -> QN ^  | SDFFX1 | 0.134 |   0.135 |    3.220 | 
     | FE_OFC1805_picorv32_core_n_901 | A ^ -> Y v    | INVX2  | 0.090 |   0.226 |    3.311 | 
     | FE_OFC1734_pcpi_rs2_3          | A v -> Y v    | BUFX8  | 0.156 |   0.381 |    3.466 | 
     |                                | pcpi_rs2[3] v |        | 0.014 |   0.395 |    3.480 | 
     +--------------------------------------------------------------------------------------+ 
Path 5: MET Late External Delay Assertion 
Endpoint:   pcpi_rs2[1]                    (v) checked with  leading edge of 
'clk'
Beginpoint: picorv32_core_reg_op2_reg[1]/Q (v) triggered by  leading edge of 
'clk'
Path Groups: {reg2out}
Analysis View: analysis1
Other End Arrival Time          0.000
- External Delay                0.500
+ Phase Shift                   4.000
- Uncertainty                   0.020
= Required Time                 3.480
- Arrival Time                  0.390
= Slack Time                    3.090
     Clock Rise Edge                 0.000
     + Clock Network Latency (Prop)  0.002
     = Beginpoint Arrival Time       0.002
     +--------------------------------------------------------------------------------------+ 
     |           Instance           |      Arc      |   Cell   | Delay | Arrival | Required | 
     |                              |               |          |       |  Time   |   Time   | 
     |------------------------------+---------------+----------+-------+---------+----------| 
     | picorv32_core_reg_op2_reg[1] | CK ^          |          |       |   0.002 |    3.091 | 
     | picorv32_core_reg_op2_reg[1] | CK ^ -> Q v   | SDFFQX1  | 0.094 |   0.095 |    3.185 | 
     | FE_OFC1462_pcpi_rs2_1        | A v -> Y v    | BUFX2    | 0.095 |   0.190 |    3.280 | 
     | FE_OFC1755_pcpi_rs2_1        | A v -> Y ^    | INVX1    | 0.050 |   0.240 |    3.330 | 
     | FE_OFC1687_pcpi_rs2_1        | A ^ -> Y v    | CLKINVX8 | 0.137 |   0.377 |    3.467 | 
     |                              | pcpi_rs2[1] v |          | 0.014 |   0.390 |    3.480 | 
     +--------------------------------------------------------------------------------------+ 
Path 6: MET Late External Delay Assertion 
Endpoint:   pcpi_rs1[27]                    (v) checked with  leading edge of 
'clk'
Beginpoint: picorv32_core_reg_op1_reg[27]/Q (v) triggered by  leading edge of 
'clk'
Path Groups: {reg2out}
Analysis View: analysis1
Other End Arrival Time          0.000
- External Delay                0.500
+ Phase Shift                   4.000
- Uncertainty                   0.020
= Required Time                 3.480
- Arrival Time                  0.387
= Slack Time                    3.093
     Clock Rise Edge                 0.000
     + Clock Network Latency (Prop)  -0.000
     = Beginpoint Arrival Time       -0.000
     +----------------------------------------------------------------------------------------+ 
     |           Instance            |      Arc       |   Cell   | Delay | Arrival | Required | 
     |                               |                |          |       |  Time   |   Time   | 
     |-------------------------------+----------------+----------+-------+---------+----------| 
     | picorv32_core_reg_op1_reg[27] | CK ^           |          |       |  -0.000 |    3.093 | 
     | picorv32_core_reg_op1_reg[27] | CK ^ -> Q v    | SDFFQX1  | 0.119 |   0.118 |    3.212 | 
     | FE_OFC307_pcpi_rs1_27         | A v -> Y ^     | INVX1    | 0.083 |   0.201 |    3.295 | 
     | FE_OFC680_pcpi_rs1_27         | A ^ -> Y v     | INVX1    | 0.031 |   0.233 |    3.326 | 
     | FE_OFC1633_pcpi_rs1_27        | A v -> Y v     | CLKBUFX8 | 0.136 |   0.369 |    3.462 | 
     |                               | pcpi_rs1[27] v |          | 0.018 |   0.387 |    3.480 | 
     +----------------------------------------------------------------------------------------+ 
Path 7: MET Late External Delay Assertion 
Endpoint:   pcpi_rs1[29]                    (v) checked with  leading edge of 
'clk'
Beginpoint: picorv32_core_reg_op1_reg[29]/Q (v) triggered by  leading edge of 
'clk'
Path Groups: {reg2out}
Analysis View: analysis1
Other End Arrival Time          0.000
- External Delay                0.500
+ Phase Shift                   4.000
- Uncertainty                   0.020
= Required Time                 3.480
- Arrival Time                  0.377
= Slack Time                    3.103
     Clock Rise Edge                 0.000
     + Clock Network Latency (Prop)  0.002
     = Beginpoint Arrival Time       0.002
     +----------------------------------------------------------------------------------------+ 
     |           Instance            |      Arc       |   Cell   | Delay | Arrival | Required | 
     |                               |                |          |       |  Time   |   Time   | 
     |-------------------------------+----------------+----------+-------+---------+----------| 
     | picorv32_core_reg_op1_reg[29] | CK ^           |          |       |   0.002 |    3.105 | 
     | picorv32_core_reg_op1_reg[29] | CK ^ -> Q v    | SDFFQX1  | 0.121 |   0.123 |    3.226 | 
     | FE_OFC302_pcpi_rs1_29         | A v -> Y ^     | INVX1    | 0.087 |   0.210 |    3.312 | 
     | FE_OFC1279_pcpi_rs1_29        | A ^ -> Y v     | CLKINVX8 | 0.155 |   0.364 |    3.467 | 
     |                               | pcpi_rs1[29] v |          | 0.013 |   0.377 |    3.480 | 
     +----------------------------------------------------------------------------------------+ 
Path 8: MET Late External Delay Assertion 
Endpoint:   pcpi_rs2[21]                    (v) checked with  leading edge of 
'clk'
Beginpoint: picorv32_core_reg_op2_reg[21]/Q (v) triggered by  leading edge of 
'clk'
Path Groups: {reg2out}
Analysis View: analysis1
Other End Arrival Time          0.000
- External Delay                0.500
+ Phase Shift                   4.000
- Uncertainty                   0.020
= Required Time                 3.480
- Arrival Time                  0.376
= Slack Time                    3.104
     Clock Rise Edge                 0.000
     + Clock Network Latency (Prop)  -0.003
     = Beginpoint Arrival Time       -0.003
     +----------------------------------------------------------------------------------------+ 
     |           Instance            |      Arc       |   Cell   | Delay | Arrival | Required | 
     |                               |                |          |       |  Time   |   Time   | 
     |-------------------------------+----------------+----------+-------+---------+----------| 
     | picorv32_core_reg_op2_reg[21] | CK ^           |          |       |  -0.003 |    3.101 | 
     | picorv32_core_reg_op2_reg[21] | CK ^ -> Q v    | SDFFQX1  | 0.073 |   0.070 |    3.174 | 
     | FE_OFC1879_pcpi_rs2_21        | A v -> Y ^     | INVX1    | 0.052 |   0.122 |    3.226 | 
     | FE_OFC1880_pcpi_rs2_21        | A ^ -> Y v     | INVX1    | 0.087 |   0.209 |    3.313 | 
     | FE_OFC1668_pcpi_rs2_21        | A v -> Y v     | CLKBUFX8 | 0.155 |   0.364 |    3.469 | 
     |                               | pcpi_rs2[21] v |          | 0.012 |   0.376 |    3.480 | 
     +----------------------------------------------------------------------------------------+ 
Path 9: MET Late External Delay Assertion 
Endpoint:   pcpi_rs2[16]                    (v) checked with  leading edge of 
'clk'
Beginpoint: picorv32_core_reg_op2_reg[16]/Q (v) triggered by  leading edge of 
'clk'
Path Groups: {reg2out}
Analysis View: analysis1
Other End Arrival Time          0.000
- External Delay                0.500
+ Phase Shift                   4.000
- Uncertainty                   0.020
= Required Time                 3.480
- Arrival Time                  0.375
= Slack Time                    3.105
     Clock Rise Edge                 0.000
     + Clock Network Latency (Prop)  0.004
     = Beginpoint Arrival Time       0.004
     +----------------------------------------------------------------------------------------+ 
     |           Instance            |      Arc       |   Cell   | Delay | Arrival | Required | 
     |                               |                |          |       |  Time   |   Time   | 
     |-------------------------------+----------------+----------+-------+---------+----------| 
     | picorv32_core_reg_op2_reg[16] | CK ^           |          |       |   0.004 |    3.109 | 
     | picorv32_core_reg_op2_reg[16] | CK ^ -> Q v    | SDFFQX1  | 0.143 |   0.147 |    3.252 | 
     | FE_OFC1412_pcpi_rs2_16        | A v -> Y ^     | INVX1    | 0.059 |   0.206 |    3.311 | 
     | FE_OFC1413_pcpi_rs2_16        | A ^ -> Y v     | INVX1    | 0.018 |   0.223 |    3.329 | 
     | FE_OFC1673_pcpi_rs2_16        | A v -> Y v     | CLKBUFX8 | 0.136 |   0.359 |    3.465 | 
     |                               | pcpi_rs2[16] v |          | 0.015 |   0.375 |    3.480 | 
     +----------------------------------------------------------------------------------------+ 
Path 10: MET Late External Delay Assertion 
Endpoint:   pcpi_rs1[18]                    (v) checked with  leading edge of 
'clk'
Beginpoint: picorv32_core_reg_op1_reg[18]/Q (v) triggered by  leading edge of 
'clk'
Path Groups: {reg2out}
Analysis View: analysis1
Other End Arrival Time          0.000
- External Delay                0.500
+ Phase Shift                   4.000
- Uncertainty                   0.020
= Required Time                 3.480
- Arrival Time                  0.369
= Slack Time                    3.111
     Clock Rise Edge                 0.000
     + Clock Network Latency (Prop)  0.004
     = Beginpoint Arrival Time       0.004
     +----------------------------------------------------------------------------------------+ 
     |           Instance            |      Arc       |   Cell   | Delay | Arrival | Required | 
     |                               |                |          |       |  Time   |   Time   | 
     |-------------------------------+----------------+----------+-------+---------+----------| 
     | picorv32_core_reg_op1_reg[18] | CK ^           |          |       |   0.004 |    3.115 | 
     | picorv32_core_reg_op1_reg[18] | CK ^ -> Q v    | SDFFQX1  | 0.047 |   0.050 |    3.162 | 
     | FE_OFC926_pcpi_rs1_18         | A v -> Y ^     | INVX1    | 0.017 |   0.068 |    3.179 | 
     | FE_OFC927_pcpi_rs1_18         | A ^ -> Y v     | INVX1    | 0.094 |   0.161 |    3.273 | 
     | FE_OFC1307_pcpi_rs1_18        | A v -> Y ^     | INVX1    | 0.056 |   0.217 |    3.329 | 
     | FE_OFC1637_pcpi_rs1_18        | A ^ -> Y v     | CLKINVX8 | 0.140 |   0.357 |    3.469 | 
     |                               | pcpi_rs1[18] v |          | 0.012 |   0.369 |    3.480 | 
     +----------------------------------------------------------------------------------------+ 
Path 11: MET Late External Delay Assertion 
Endpoint:   pcpi_rs1[19]                    (v) checked with  leading edge of 
'clk'
Beginpoint: picorv32_core_reg_op1_reg[19]/Q (v) triggered by  leading edge of 
'clk'
Path Groups: {reg2out}
Analysis View: analysis1
Other End Arrival Time          0.000
- External Delay                0.500
+ Phase Shift                   4.000
- Uncertainty                   0.020
= Required Time                 3.480
- Arrival Time                  0.368
= Slack Time                    3.112
     Clock Rise Edge                 0.000
     + Clock Network Latency (Prop)  0.003
     = Beginpoint Arrival Time       0.003
     +----------------------------------------------------------------------------------------+ 
     |           Instance            |      Arc       |   Cell   | Delay | Arrival | Required | 
     |                               |                |          |       |  Time   |   Time   | 
     |-------------------------------+----------------+----------+-------+---------+----------| 
     | picorv32_core_reg_op1_reg[19] | CK ^           |          |       |   0.003 |    3.115 | 
     | picorv32_core_reg_op1_reg[19] | CK ^ -> Q v    | SDFFQX1  | 0.046 |   0.049 |    3.161 | 
     | FE_OFC1829_pcpi_rs1_19        | A v -> Y ^     | INVX1    | 0.017 |   0.066 |    3.178 | 
     | FE_OFC1830_pcpi_rs1_19        | A ^ -> Y v     | INVX1    | 0.095 |   0.161 |    3.273 | 
     | FE_OFC1831_pcpi_rs1_19        | A v -> Y ^     | INVX1    | 0.056 |   0.217 |    3.329 | 
     | FE_OFC1305_pcpi_rs1_19        | A ^ -> Y v     | CLKINVX8 | 0.140 |   0.357 |    3.469 | 
     |                               | pcpi_rs1[19] v |          | 0.011 |   0.368 |    3.480 | 
     +----------------------------------------------------------------------------------------+ 
Path 12: MET Late External Delay Assertion 
Endpoint:   pcpi_rs2[15]                    (v) checked with  leading edge of 
'clk'
Beginpoint: picorv32_core_reg_op2_reg[15]/Q (v) triggered by  leading edge of 
'clk'
Path Groups: {reg2out}
Analysis View: analysis1
Other End Arrival Time          0.000
- External Delay                0.500
+ Phase Shift                   4.000
- Uncertainty                   0.020
= Required Time                 3.480
- Arrival Time                  0.363
= Slack Time                    3.117
     Clock Rise Edge                 0.000
     + Clock Network Latency (Prop)  -0.000
     = Beginpoint Arrival Time       -0.000
     +----------------------------------------------------------------------------------------+ 
     |           Instance            |      Arc       |   Cell   | Delay | Arrival | Required | 
     |                               |                |          |       |  Time   |   Time   | 
     |-------------------------------+----------------+----------+-------+---------+----------| 
     | picorv32_core_reg_op2_reg[15] | CK ^           |          |       |  -0.000 |    3.117 | 
     | picorv32_core_reg_op2_reg[15] | CK ^ -> Q v    | SDFFQX1  | 0.125 |   0.125 |    3.242 | 
     | FE_OFC1414_pcpi_rs2_15        | A v -> Y ^     | INVXL    | 0.078 |   0.203 |    3.321 | 
     | FE_OFC1675_pcpi_rs2_15        | A ^ -> Y v     | CLKINVX8 | 0.141 |   0.344 |    3.462 | 
     |                               | pcpi_rs2[15] v |          | 0.018 |   0.363 |    3.480 | 
     +----------------------------------------------------------------------------------------+ 
Path 13: MET Late External Delay Assertion 
Endpoint:   pcpi_rs2[14]                    (v) checked with  leading edge of 
'clk'
Beginpoint: picorv32_core_reg_op2_reg[14]/Q (v) triggered by  leading edge of 
'clk'
Path Groups: {reg2out}
Analysis View: analysis1
Other End Arrival Time          0.000
- External Delay                0.500
+ Phase Shift                   4.000
- Uncertainty                   0.020
= Required Time                 3.480
- Arrival Time                  0.359
= Slack Time                    3.121
     Clock Rise Edge                 0.000
     + Clock Network Latency (Prop)  0.000
     = Beginpoint Arrival Time       0.000
     +----------------------------------------------------------------------------------------+ 
     |           Instance            |      Arc       |   Cell   | Delay | Arrival | Required | 
     |                               |                |          |       |  Time   |   Time   | 
     |-------------------------------+----------------+----------+-------+---------+----------| 
     | picorv32_core_reg_op2_reg[14] | CK ^           |          |       |   0.000 |    3.121 | 
     | picorv32_core_reg_op2_reg[14] | CK ^ -> Q v    | SDFFQX1  | 0.125 |   0.125 |    3.246 | 
     | FE_OFC1417_pcpi_rs2_14        | A v -> Y ^     | INVXL    | 0.060 |   0.185 |    3.306 | 
     | FE_OFC1677_pcpi_rs2_14        | A ^ -> Y v     | INVX1    | 0.022 |   0.208 |    3.329 | 
     | FE_OFC1885_pcpi_rs2_14        | A v -> Y v     | CLKBUFX8 | 0.142 |   0.350 |    3.471 | 
     |                               | pcpi_rs2[14] v |          | 0.009 |   0.359 |    3.480 | 
     +----------------------------------------------------------------------------------------+ 
Path 14: MET Late External Delay Assertion 
Endpoint:   pcpi_rs1[31]                    (v) checked with  leading edge of 
'clk'
Beginpoint: picorv32_core_reg_op1_reg[31]/Q (v) triggered by  leading edge of 
'clk'
Path Groups: {reg2out}
Analysis View: analysis1
Other End Arrival Time          0.000
- External Delay                0.500
+ Phase Shift                   4.000
- Uncertainty                   0.020
= Required Time                 3.480
- Arrival Time                  0.354
= Slack Time                    3.126
     Clock Rise Edge                 0.000
     + Clock Network Latency (Prop)  0.002
     = Beginpoint Arrival Time       0.002
     +----------------------------------------------------------------------------------------+ 
     |           Instance            |      Arc       |   Cell   | Delay | Arrival | Required | 
     |                               |                |          |       |  Time   |   Time   | 
     |-------------------------------+----------------+----------+-------+---------+----------| 
     | picorv32_core_reg_op1_reg[31] | CK ^           |          |       |   0.002 |    3.128 | 
     | picorv32_core_reg_op1_reg[31] | CK ^ -> Q v    | SDFFQX1  | 0.058 |   0.060 |    3.186 | 
     | FE_OFC1271_pcpi_rs1_31        | A v -> Y ^     | INVXL    | 0.057 |   0.117 |    3.243 | 
     | FE_OFC1275_pcpi_rs1_31        | A ^ -> Y v     | INVX1    | 0.072 |   0.189 |    3.315 | 
     | FE_OFC1631_pcpi_rs1_31        | A v -> Y v     | CLKBUFX8 | 0.150 |   0.339 |    3.465 | 
     |                               | pcpi_rs1[31] v |          | 0.015 |   0.354 |    3.480 | 
     +----------------------------------------------------------------------------------------+ 
Path 15: MET Late External Delay Assertion 
Endpoint:   pcpi_rs1[21]                    (v) checked with  leading edge of 
'clk'
Beginpoint: picorv32_core_reg_op1_reg[21]/Q (v) triggered by  leading edge of 
'clk'
Path Groups: {reg2out}
Analysis View: analysis1
Other End Arrival Time          0.000
- External Delay                0.500
+ Phase Shift                   4.000
- Uncertainty                   0.020
= Required Time                 3.480
- Arrival Time                  0.351
= Slack Time                    3.129
     Clock Rise Edge                 0.000
     + Clock Network Latency (Prop)  0.003
     = Beginpoint Arrival Time       0.003
     +----------------------------------------------------------------------------------------+ 
     |           Instance            |      Arc       |   Cell   | Delay | Arrival | Required | 
     |                               |                |          |       |  Time   |   Time   | 
     |-------------------------------+----------------+----------+-------+---------+----------| 
     | picorv32_core_reg_op1_reg[21] | CK ^           |          |       |   0.003 |    3.132 | 
     | picorv32_core_reg_op1_reg[21] | CK ^ -> Q v    | SDFFQX1  | 0.135 |   0.138 |    3.267 | 
     | FE_OFC1799_pcpi_rs1_21        | A v -> Y ^     | INVX1    | 0.061 |   0.198 |    3.327 | 
     | FE_OFC1301_pcpi_rs1_21        | A ^ -> Y v     | CLKINVX8 | 0.137 |   0.336 |    3.465 | 
     |                               | pcpi_rs1[21] v |          | 0.015 |   0.351 |    3.480 | 
     +----------------------------------------------------------------------------------------+ 
Path 16: MET Late External Delay Assertion 
Endpoint:   pcpi_rs2[27]                    (v) checked with  leading edge of 
'clk'
Beginpoint: picorv32_core_reg_op2_reg[27]/Q (v) triggered by  leading edge of 
'clk'
Path Groups: {reg2out}
Analysis View: analysis1
Other End Arrival Time          0.000
- External Delay                0.500
+ Phase Shift                   4.000
- Uncertainty                   0.020
= Required Time                 3.480
- Arrival Time                  0.343
= Slack Time                    3.137
     Clock Rise Edge                 0.000
     + Clock Network Latency (Prop)  -0.001
     = Beginpoint Arrival Time       -0.001
     +----------------------------------------------------------------------------------------+ 
     |           Instance            |      Arc       |   Cell   | Delay | Arrival | Required | 
     |                               |                |          |       |  Time   |   Time   | 
     |-------------------------------+----------------+----------+-------+---------+----------| 
     | picorv32_core_reg_op2_reg[27] | CK ^           |          |       |  -0.001 |    3.136 | 
     | picorv32_core_reg_op2_reg[27] | CK ^ -> Q v    | SDFFQX1  | 0.113 |   0.112 |    3.249 | 
     | FE_OFC1375_pcpi_rs2_27        | A v -> Y ^     | INVXL    | 0.071 |   0.183 |    3.320 | 
     | FE_OFC1377_pcpi_rs2_27        | A ^ -> Y v     | CLKINVX8 | 0.143 |   0.325 |    3.462 | 
     |                               | pcpi_rs2[27] v |          | 0.018 |   0.343 |    3.480 | 
     +----------------------------------------------------------------------------------------+ 
Path 17: MET Late External Delay Assertion 
Endpoint:   pcpi_rs1[24]                    (v) checked with  leading edge of 
'clk'
Beginpoint: picorv32_core_reg_op1_reg[24]/Q (v) triggered by  leading edge of 
'clk'
Path Groups: {reg2out}
Analysis View: analysis1
Other End Arrival Time          0.000
- External Delay                0.500
+ Phase Shift                   4.000
- Uncertainty                   0.020
= Required Time                 3.480
- Arrival Time                  0.341
= Slack Time                    3.139
     Clock Rise Edge                 0.000
     + Clock Network Latency (Prop)  0.001
     = Beginpoint Arrival Time       0.001
     +----------------------------------------------------------------------------------------+ 
     |           Instance            |      Arc       |   Cell   | Delay | Arrival | Required | 
     |                               |                |          |       |  Time   |   Time   | 
     |-------------------------------+----------------+----------+-------+---------+----------| 
     | picorv32_core_reg_op1_reg[24] | CK ^           |          |       |   0.001 |    3.140 | 
     | picorv32_core_reg_op1_reg[24] | CK ^ -> Q v    | SDFFQX1  | 0.130 |   0.131 |    3.270 | 
     | FE_OFC1291_pcpi_rs1_24        | A v -> Y ^     | INVX1    | 0.058 |   0.189 |    3.329 | 
     | FE_OFC1292_pcpi_rs1_24        | A ^ -> Y v     | CLKINVX8 | 0.140 |   0.329 |    3.469 | 
     |                               | pcpi_rs1[24] v |          | 0.011 |   0.341 |    3.480 | 
     +----------------------------------------------------------------------------------------+ 
Path 18: MET Late External Delay Assertion 
Endpoint:   pcpi_rs1[25]                    (v) checked with  leading edge of 
'clk'
Beginpoint: picorv32_core_reg_op1_reg[25]/Q (v) triggered by  leading edge of 
'clk'
Path Groups: {reg2out}
Analysis View: analysis1
Other End Arrival Time          0.000
- External Delay                0.500
+ Phase Shift                   4.000
- Uncertainty                   0.020
= Required Time                 3.480
- Arrival Time                  0.337
= Slack Time                    3.143
     Clock Rise Edge                 0.000
     + Clock Network Latency (Prop)  0.001
     = Beginpoint Arrival Time       0.001
     +----------------------------------------------------------------------------------------+ 
     |           Instance            |      Arc       |   Cell   | Delay | Arrival | Required | 
     |                               |                |          |       |  Time   |   Time   | 
     |-------------------------------+----------------+----------+-------+---------+----------| 
     | picorv32_core_reg_op1_reg[25] | CK ^           |          |       |   0.001 |    3.144 | 
     | picorv32_core_reg_op1_reg[25] | CK ^ -> Q v    | SDFFQX1  | 0.126 |   0.127 |    3.270 | 
     | FE_OFC1289_pcpi_rs1_25        | A v -> Y ^     | INVX1    | 0.058 |   0.185 |    3.328 | 
     | FE_OFC1290_pcpi_rs1_25        | A ^ -> Y v     | CLKINVX8 | 0.140 |   0.325 |    3.468 | 
     |                               | pcpi_rs1[25] v |          | 0.012 |   0.337 |    3.480 | 
     +----------------------------------------------------------------------------------------+ 
Path 19: MET Late External Delay Assertion 
Endpoint:   pcpi_rs2[7]                    (v) checked with  leading edge of 
'clk'
Beginpoint: picorv32_core_reg_op2_reg[7]/Q (v) triggered by  leading edge of 
'clk'
Path Groups: {reg2out}
Analysis View: analysis1
Other End Arrival Time          0.000
- External Delay                0.500
+ Phase Shift                   4.000
- Uncertainty                   0.020
= Required Time                 3.480
- Arrival Time                  0.335
= Slack Time                    3.145
     Clock Rise Edge                 0.000
     + Clock Network Latency (Prop)  0.001
     = Beginpoint Arrival Time       0.001
     +--------------------------------------------------------------------------------------+ 
     |           Instance           |      Arc      |   Cell   | Delay | Arrival | Required | 
     |                              |               |          |       |  Time   |   Time   | 
     |------------------------------+---------------+----------+-------+---------+----------| 
     | picorv32_core_reg_op2_reg[7] | CK ^          |          |       |   0.001 |    3.147 | 
     | picorv32_core_reg_op2_reg[7] | CK ^ -> Q v   | SDFFQX1  | 0.138 |   0.139 |    3.284 | 
     | FE_OFC1679_pcpi_rs2_7        | A v -> Y v    | BUFX2    | 0.043 |   0.182 |    3.327 | 
     | FE_OFC1858_pcpi_rs2_7        | A v -> Y v    | CLKBUFX8 | 0.127 |   0.309 |    3.454 | 
     |                              | pcpi_rs2[7] v |          | 0.026 |   0.335 |    3.480 | 
     +--------------------------------------------------------------------------------------+ 
Path 20: MET Late External Delay Assertion 
Endpoint:   pcpi_rs2[4]                    (v) checked with  leading edge of 
'clk'
Beginpoint: picorv32_core_reg_op2_reg[4]/Q (v) triggered by  leading edge of 
'clk'
Path Groups: {reg2out}
Analysis View: analysis1
Other End Arrival Time          0.000
- External Delay                0.500
+ Phase Shift                   4.000
- Uncertainty                   0.020
= Required Time                 3.480
- Arrival Time                  0.334
= Slack Time                    3.146
     Clock Rise Edge                 0.000
     + Clock Network Latency (Prop)  0.002
     = Beginpoint Arrival Time       0.002
     +--------------------------------------------------------------------------------------+ 
     |           Instance           |      Arc      |   Cell   | Delay | Arrival | Required | 
     |                              |               |          |       |  Time   |   Time   | 
     |------------------------------+---------------+----------+-------+---------+----------| 
     | picorv32_core_reg_op2_reg[4] | CK ^          |          |       |   0.002 |    3.147 | 
     | picorv32_core_reg_op2_reg[4] | CK ^ -> Q v   | SDFFQX1  | 0.120 |   0.121 |    3.267 | 
     | FE_OFC1874_pcpi_rs2_4        | A v -> Y ^    | INVX1    | 0.058 |   0.180 |    3.325 | 
     | FE_OFC1683_pcpi_rs2_4        | A ^ -> Y v    | CLKINVX8 | 0.138 |   0.317 |    3.463 | 
     |                              | pcpi_rs2[4] v |          | 0.017 |   0.334 |    3.480 | 
     +--------------------------------------------------------------------------------------+ 
Path 21: MET Late External Delay Assertion 
Endpoint:   pcpi_rs2[28]                    (v) checked with  leading edge of 
'clk'
Beginpoint: picorv32_core_reg_op2_reg[28]/Q (v) triggered by  leading edge of 
'clk'
Path Groups: {reg2out}
Analysis View: analysis1
Other End Arrival Time          0.000
- External Delay                0.500
+ Phase Shift                   4.000
- Uncertainty                   0.020
= Required Time                 3.480
- Arrival Time                  0.334
= Slack Time                    3.146
     Clock Rise Edge                 0.000
     + Clock Network Latency (Prop)  -0.000
     = Beginpoint Arrival Time       -0.000
     +----------------------------------------------------------------------------------------+ 
     |           Instance            |      Arc       |   Cell   | Delay | Arrival | Required | 
     |                               |                |          |       |  Time   |   Time   | 
     |-------------------------------+----------------+----------+-------+---------+----------| 
     | picorv32_core_reg_op2_reg[28] | CK ^           |          |       |  -0.000 |    3.145 | 
     | picorv32_core_reg_op2_reg[28] | CK ^ -> Q v    | SDFFQX1  | 0.126 |   0.126 |    3.271 | 
     | FE_OFC1802_pcpi_rs2_28        | A v -> Y ^     | INVX1    | 0.055 |   0.181 |    3.327 | 
     | FE_OFC1663_pcpi_rs2_28        | A ^ -> Y v     | CLKINVX8 | 0.137 |   0.318 |    3.463 | 
     |                               | pcpi_rs2[28] v |          | 0.017 |   0.334 |    3.480 | 
     +----------------------------------------------------------------------------------------+ 
Path 22: MET Late External Delay Assertion 
Endpoint:   pcpi_rs2[30]                    (v) checked with  leading edge of 
'clk'
Beginpoint: picorv32_core_reg_op2_reg[30]/Q (v) triggered by  leading edge of 
'clk'
Path Groups: {reg2out}
Analysis View: analysis1
Other End Arrival Time          0.000
- External Delay                0.500
+ Phase Shift                   4.000
- Uncertainty                   0.020
= Required Time                 3.480
- Arrival Time                  0.331
= Slack Time                    3.149
     Clock Rise Edge                 0.000
     + Clock Network Latency (Prop)  0.000
     = Beginpoint Arrival Time       0.000
     +----------------------------------------------------------------------------------------+ 
     |           Instance            |      Arc       |   Cell   | Delay | Arrival | Required | 
     |                               |                |          |       |  Time   |   Time   | 
     |-------------------------------+----------------+----------+-------+---------+----------| 
     | picorv32_core_reg_op2_reg[30] | CK ^           |          |       |   0.000 |    3.149 | 
     | picorv32_core_reg_op2_reg[30] | CK ^ -> Q v    | SDFFQX1  | 0.123 |   0.123 |    3.272 | 
     | FE_OFC1368_pcpi_rs2_30        | A v -> Y ^     | INVX1    | 0.055 |   0.178 |    3.327 | 
     | FE_OFC1661_pcpi_rs2_30        | A ^ -> Y v     | CLKINVX8 | 0.137 |   0.315 |    3.464 | 
     |                               | pcpi_rs2[30] v |          | 0.016 |   0.331 |    3.480 | 
     +----------------------------------------------------------------------------------------+ 
Path 23: MET Late External Delay Assertion 
Endpoint:   pcpi_rs2[13]                    (v) checked with  leading edge of 
'clk'
Beginpoint: picorv32_core_reg_op2_reg[13]/Q (v) triggered by  leading edge of 
'clk'
Path Groups: {reg2out}
Analysis View: analysis1
Other End Arrival Time          0.000
- External Delay                0.500
+ Phase Shift                   4.000
- Uncertainty                   0.020
= Required Time                 3.480
- Arrival Time                  0.331
= Slack Time                    3.149
     Clock Rise Edge                 0.000
     + Clock Network Latency (Prop)  -0.000
     = Beginpoint Arrival Time       -0.000
     +----------------------------------------------------------------------------------------+ 
     |           Instance            |      Arc       |   Cell   | Delay | Arrival | Required | 
     |                               |                |          |       |  Time   |   Time   | 
     |-------------------------------+----------------+----------+-------+---------+----------| 
     | picorv32_core_reg_op2_reg[13] | CK ^           |          |       |  -0.000 |    3.148 | 
     | picorv32_core_reg_op2_reg[13] | CK ^ -> Q v    | SDFFQX1  | 0.121 |   0.120 |    3.269 | 
     | FE_OFC1812_pcpi_rs2_13        | A v -> Y ^     | INVX1    | 0.058 |   0.178 |    3.327 | 
     | FE_OFC1422_pcpi_rs2_13        | A ^ -> Y v     | CLKINVX8 | 0.139 |   0.317 |    3.466 | 
     |                               | pcpi_rs2[13] v |          | 0.014 |   0.331 |    3.480 | 
     +----------------------------------------------------------------------------------------+ 
Path 24: MET Late External Delay Assertion 
Endpoint:   pcpi_rs2[24]                    (v) checked with  leading edge of 
'clk'
Beginpoint: picorv32_core_reg_op2_reg[24]/Q (v) triggered by  leading edge of 
'clk'
Path Groups: {reg2out}
Analysis View: analysis1
Other End Arrival Time          0.000
- External Delay                0.500
+ Phase Shift                   4.000
- Uncertainty                   0.020
= Required Time                 3.480
- Arrival Time                  0.328
= Slack Time                    3.152
     Clock Rise Edge                 0.000
     + Clock Network Latency (Prop)  0.000
     = Beginpoint Arrival Time       0.000
     +----------------------------------------------------------------------------------------+ 
     |           Instance            |      Arc       |   Cell   | Delay | Arrival | Required | 
     |                               |                |          |       |  Time   |   Time   | 
     |-------------------------------+----------------+----------+-------+---------+----------| 
     | picorv32_core_reg_op2_reg[24] | CK ^           |          |       |   0.000 |    3.152 | 
     | picorv32_core_reg_op2_reg[24] | CK ^ -> Q v    | SDFFQX1  | 0.119 |   0.119 |    3.271 | 
     | FE_OFC1836_pcpi_rs2_24        | A v -> Y ^     | INVX1    | 0.056 |   0.175 |    3.327 | 
     | FE_OFC1386_pcpi_rs2_24        | A ^ -> Y v     | CLKINVX8 | 0.140 |   0.315 |    3.467 | 
     |                               | pcpi_rs2[24] v |          | 0.013 |   0.328 |    3.480 | 
     +----------------------------------------------------------------------------------------+ 
Path 25: MET Late External Delay Assertion 
Endpoint:   pcpi_rs1[1]                    (v) checked with  leading edge of 
'clk'
Beginpoint: picorv32_core_reg_op1_reg[1]/Q (v) triggered by  leading edge of 
'clk'
Path Groups: {reg2out}
Analysis View: analysis1
Other End Arrival Time          0.000
- External Delay                0.500
+ Phase Shift                   4.000
- Uncertainty                   0.020
= Required Time                 3.480
- Arrival Time                  0.328
= Slack Time                    3.152
     Clock Rise Edge                 0.000
     + Clock Network Latency (Prop)  0.004
     = Beginpoint Arrival Time       0.004
     +--------------------------------------------------------------------------------------+ 
     |           Instance           |      Arc      |   Cell   | Delay | Arrival | Required | 
     |                              |               |          |       |  Time   |   Time   | 
     |------------------------------+---------------+----------+-------+---------+----------| 
     | picorv32_core_reg_op1_reg[1] | CK ^          |          |       |   0.004 |    3.156 | 
     | picorv32_core_reg_op1_reg[1] | CK ^ -> Q v   | SDFFQX1  | 0.114 |   0.119 |    3.271 | 
     | FE_OFC1783_pcpi_rs1_1        | A v -> Y ^    | INVX1    | 0.054 |   0.173 |    3.325 | 
     | FE_OFC1655_pcpi_rs1_1        | A ^ -> Y v    | CLKINVX8 | 0.137 |   0.311 |    3.463 | 
     |                              | pcpi_rs1[1] v |          | 0.018 |   0.328 |    3.480 | 
     +--------------------------------------------------------------------------------------+ 
Path 26: MET Late External Delay Assertion 
Endpoint:   pcpi_rs2[31]                    (v) checked with  leading edge of 
'clk'
Beginpoint: picorv32_core_reg_op2_reg[31]/Q (v) triggered by  leading edge of 
'clk'
Path Groups: {reg2out}
Analysis View: analysis1
Other End Arrival Time          0.000
- External Delay                0.500
+ Phase Shift                   4.000
- Uncertainty                   0.020
= Required Time                 3.480
- Arrival Time                  0.325
= Slack Time                    3.155
     Clock Rise Edge                 0.000
     + Clock Network Latency (Prop)  0.001
     = Beginpoint Arrival Time       0.001
     +----------------------------------------------------------------------------------------+ 
     |           Instance            |      Arc       |   Cell   | Delay | Arrival | Required | 
     |                               |                |          |       |  Time   |   Time   | 
     |-------------------------------+----------------+----------+-------+---------+----------| 
     | picorv32_core_reg_op2_reg[31] | CK ^           |          |       |   0.001 |    3.156 | 
     | picorv32_core_reg_op2_reg[31] | CK ^ -> Q v    | SDFFQX1  | 0.118 |   0.119 |    3.274 | 
     | FE_OFC1803_pcpi_rs2_31        | A v -> Y ^     | INVX1    | 0.052 |   0.172 |    3.327 | 
     | FE_OFC1659_pcpi_rs2_31        | A ^ -> Y v     | CLKINVX8 | 0.134 |   0.306 |    3.461 | 
     |                               | pcpi_rs2[31] v |          | 0.019 |   0.325 |    3.480 | 
     +----------------------------------------------------------------------------------------+ 
Path 27: MET Late External Delay Assertion 
Endpoint:   pcpi_rs2[6]                    (v) checked with  leading edge of 
'clk'
Beginpoint: picorv32_core_reg_op2_reg[6]/Q (v) triggered by  leading edge of 
'clk'
Path Groups: {reg2out}
Analysis View: analysis1
Other End Arrival Time          0.000
- External Delay                0.500
+ Phase Shift                   4.000
- Uncertainty                   0.020
= Required Time                 3.480
- Arrival Time                  0.325
= Slack Time                    3.155
     Clock Rise Edge                 0.000
     + Clock Network Latency (Prop)  0.001
     = Beginpoint Arrival Time       0.001
     +--------------------------------------------------------------------------------------+ 
     |           Instance           |      Arc      |   Cell   | Delay | Arrival | Required | 
     |                              |               |          |       |  Time   |   Time   | 
     |------------------------------+---------------+----------+-------+---------+----------| 
     | picorv32_core_reg_op2_reg[6] | CK ^          |          |       |   0.001 |    3.155 | 
     | picorv32_core_reg_op2_reg[6] | CK ^ -> Q v   | SDFFQX1  | 0.144 |   0.144 |    3.299 | 
     | FE_OFC1680_pcpi_rs2_6        | A v -> Y v    | CLKBUFX8 | 0.162 |   0.306 |    3.461 | 
     |                              | pcpi_rs2[6] v |          | 0.019 |   0.325 |    3.480 | 
     +--------------------------------------------------------------------------------------+ 
Path 28: MET Late External Delay Assertion 
Endpoint:   pcpi_rs1[26]                    (v) checked with  leading edge of 
'clk'
Beginpoint: picorv32_core_reg_op1_reg[26]/Q (v) triggered by  leading edge of 
'clk'
Path Groups: {reg2out}
Analysis View: analysis1
Other End Arrival Time          0.000
- External Delay                0.500
+ Phase Shift                   4.000
- Uncertainty                   0.020
= Required Time                 3.480
- Arrival Time                  0.323
= Slack Time                    3.157
     Clock Rise Edge                 0.000
     + Clock Network Latency (Prop)  0.001
     = Beginpoint Arrival Time       0.001
     +----------------------------------------------------------------------------------------+ 
     |           Instance            |      Arc       |   Cell   | Delay | Arrival | Required | 
     |                               |                |          |       |  Time   |   Time   | 
     |-------------------------------+----------------+----------+-------+---------+----------| 
     | picorv32_core_reg_op1_reg[26] | CK ^           |          |       |   0.001 |    3.158 | 
     | picorv32_core_reg_op1_reg[26] | CK ^ -> Q v    | SDFFQX1  | 0.119 |   0.119 |    3.276 | 
     | FE_OFC1801_pcpi_rs1_26        | A v -> Y ^     | INVX1    | 0.052 |   0.171 |    3.328 | 
     | FE_OFC1288_pcpi_rs1_26        | A ^ -> Y v     | CLKINVX8 | 0.135 |   0.306 |    3.463 | 
     |                               | pcpi_rs1[26] v |          | 0.017 |   0.323 |    3.480 | 
     +----------------------------------------------------------------------------------------+ 
Path 29: MET Late External Delay Assertion 
Endpoint:   pcpi_rs2[9]                    (v) checked with  leading edge of 
'clk'
Beginpoint: picorv32_core_reg_op2_reg[9]/Q (v) triggered by  leading edge of 
'clk'
Path Groups: {reg2out}
Analysis View: analysis1
Other End Arrival Time          0.000
- External Delay                0.500
+ Phase Shift                   4.000
- Uncertainty                   0.020
= Required Time                 3.480
- Arrival Time                  0.321
= Slack Time                    3.159
     Clock Rise Edge                 0.000
     + Clock Network Latency (Prop)  -0.000
     = Beginpoint Arrival Time       -0.000
     +--------------------------------------------------------------------------------------+ 
     |           Instance           |      Arc      |   Cell   | Delay | Arrival | Required | 
     |                              |               |          |       |  Time   |   Time   | 
     |------------------------------+---------------+----------+-------+---------+----------| 
     | picorv32_core_reg_op2_reg[9] | CK ^          |          |       |  -0.000 |    3.159 | 
     | picorv32_core_reg_op2_reg[9] | CK ^ -> Q v   | SDFFQX1  | 0.112 |   0.112 |    3.271 | 
     | FE_OFC1808_pcpi_rs2_9        | A v -> Y ^    | INVX1    | 0.056 |   0.168 |    3.327 | 
     | FE_OFC1433_pcpi_rs2_9        | A ^ -> Y v    | CLKINVX8 | 0.139 |   0.307 |    3.466 | 
     |                              | pcpi_rs2[9] v |          | 0.014 |   0.321 |    3.480 | 
     +--------------------------------------------------------------------------------------+ 
Path 30: MET Late External Delay Assertion 
Endpoint:   pcpi_rs1[13]                    (v) checked with  leading edge of 
'clk'
Beginpoint: picorv32_core_reg_op1_reg[13]/Q (v) triggered by  leading edge of 
'clk'
Path Groups: {reg2out}
Analysis View: analysis1
Other End Arrival Time          0.000
- External Delay                0.500
+ Phase Shift                   4.000
- Uncertainty                   0.020
= Required Time                 3.480
- Arrival Time                  0.320
= Slack Time                    3.160
     Clock Rise Edge                 0.000
     + Clock Network Latency (Prop)  0.000
     = Beginpoint Arrival Time       0.000
     +----------------------------------------------------------------------------------------+ 
     |           Instance            |      Arc       |   Cell   | Delay | Arrival | Required | 
     |                               |                |          |       |  Time   |   Time   | 
     |-------------------------------+----------------+----------+-------+---------+----------| 
     | picorv32_core_reg_op1_reg[13] | CK ^           |          |       |   0.000 |    3.160 | 
     | picorv32_core_reg_op1_reg[13] | CK ^ -> Q v    | SDFFQX1  | 0.119 |   0.119 |    3.278 | 
     | FE_OFC1641_pcpi_rs1_13        | A v -> Y ^     | INVX1    | 0.051 |   0.169 |    3.329 | 
     | FE_OFC1642_pcpi_rs1_13        | A ^ -> Y v     | CLKINVX8 | 0.135 |   0.305 |    3.464 | 
     |                               | pcpi_rs1[13] v |          | 0.016 |   0.320 |    3.480 | 
     +----------------------------------------------------------------------------------------+ 
Path 31: MET Late External Delay Assertion 
Endpoint:   pcpi_rs1[14]                    (v) checked with  leading edge of 
'clk'
Beginpoint: picorv32_core_reg_op1_reg[14]/Q (v) triggered by  leading edge of 
'clk'
Path Groups: {reg2out}
Analysis View: analysis1
Other End Arrival Time          0.000
- External Delay                0.500
+ Phase Shift                   4.000
- Uncertainty                   0.020
= Required Time                 3.480
- Arrival Time                  0.319
= Slack Time                    3.161
     Clock Rise Edge                 0.000
     + Clock Network Latency (Prop)  0.001
     = Beginpoint Arrival Time       0.001
     +----------------------------------------------------------------------------------------+ 
     |           Instance            |      Arc       |   Cell   | Delay | Arrival | Required | 
     |                               |                |          |       |  Time   |   Time   | 
     |-------------------------------+----------------+----------+-------+---------+----------| 
     | picorv32_core_reg_op1_reg[14] | CK ^           |          |       |   0.001 |    3.161 | 
     | picorv32_core_reg_op1_reg[14] | CK ^ -> Q v    | SDFFQX1  | 0.117 |   0.117 |    3.278 | 
     | FE_OFC1639_pcpi_rs1_14        | A v -> Y ^     | INVX1    | 0.051 |   0.168 |    3.329 | 
     | FE_OFC1640_pcpi_rs1_14        | A ^ -> Y v     | CLKINVX8 | 0.135 |   0.304 |    3.464 | 
     |                               | pcpi_rs1[14] v |          | 0.016 |   0.319 |    3.480 | 
     +----------------------------------------------------------------------------------------+ 
Path 32: MET Late External Delay Assertion 
Endpoint:   pcpi_rs2[22]                    (v) checked with  leading edge of 
'clk'
Beginpoint: picorv32_core_reg_op2_reg[22]/Q (v) triggered by  leading edge of 
'clk'
Path Groups: {reg2out}
Analysis View: analysis1
Other End Arrival Time          0.000
- External Delay                0.500
+ Phase Shift                   4.000
- Uncertainty                   0.020
= Required Time                 3.480
- Arrival Time                  0.319
= Slack Time                    3.161
     Clock Rise Edge                 0.000
     + Clock Network Latency (Prop)  0.004
     = Beginpoint Arrival Time       0.004
     +----------------------------------------------------------------------------------------+ 
     |           Instance            |      Arc       |   Cell   | Delay | Arrival | Required | 
     |                               |                |          |       |  Time   |   Time   | 
     |-------------------------------+----------------+----------+-------+---------+----------| 
     | picorv32_core_reg_op2_reg[22] | CK ^           |          |       |   0.004 |    3.165 | 
     | picorv32_core_reg_op2_reg[22] | CK ^ -> Q v    | SDFFQX1  | 0.110 |   0.114 |    3.275 | 
     | FE_OFC1392_pcpi_rs2_22        | A v -> Y v     | BUFX2    | 0.049 |   0.163 |    3.325 | 
     | FE_OFC1667_pcpi_rs2_22        | A v -> Y v     | CLKBUFX8 | 0.135 |   0.299 |    3.460 | 
     |                               | pcpi_rs2[22] v |          | 0.020 |   0.319 |    3.480 | 
     +----------------------------------------------------------------------------------------+ 
Path 33: MET Late External Delay Assertion 
Endpoint:   pcpi_rs2[8]                    (v) checked with  leading edge of 
'clk'
Beginpoint: picorv32_core_reg_op2_reg[8]/Q (v) triggered by  leading edge of 
'clk'
Path Groups: {reg2out}
Analysis View: analysis1
Other End Arrival Time          0.000
- External Delay                0.500
+ Phase Shift                   4.000
- Uncertainty                   0.020
= Required Time                 3.480
- Arrival Time                  0.318
= Slack Time                    3.162
     Clock Rise Edge                 0.000
     + Clock Network Latency (Prop)  0.000
     = Beginpoint Arrival Time       0.000
     +--------------------------------------------------------------------------------------+ 
     |           Instance           |      Arc      |   Cell   | Delay | Arrival | Required | 
     |                              |               |          |       |  Time   |   Time   | 
     |------------------------------+---------------+----------+-------+---------+----------| 
     | picorv32_core_reg_op2_reg[8] | CK ^          |          |       |   0.000 |    3.162 | 
     | picorv32_core_reg_op2_reg[8] | CK ^ -> Q v   | SDFFQX1  | 0.111 |   0.111 |    3.274 | 
     | FE_OFC1806_pcpi_rs2_8        | A v -> Y ^    | INVX1    | 0.053 |   0.164 |    3.327 | 
     | FE_OFC1436_pcpi_rs2_8        | A ^ -> Y v    | CLKINVX8 | 0.136 |   0.300 |    3.463 | 
     |                              | pcpi_rs2[8] v |          | 0.018 |   0.318 |    3.480 | 
     +--------------------------------------------------------------------------------------+ 
Path 34: MET Late External Delay Assertion 
Endpoint:   pcpi_rs1[12]                    (v) checked with  leading edge of 
'clk'
Beginpoint: picorv32_core_reg_op1_reg[12]/Q (v) triggered by  leading edge of 
'clk'
Path Groups: {reg2out}
Analysis View: analysis1
Other End Arrival Time          0.000
- External Delay                0.500
+ Phase Shift                   4.000
- Uncertainty                   0.020
= Required Time                 3.480
- Arrival Time                  0.317
= Slack Time                    3.163
     Clock Rise Edge                 0.000
     + Clock Network Latency (Prop)  0.002
     = Beginpoint Arrival Time       0.002
     +----------------------------------------------------------------------------------------+ 
     |           Instance            |      Arc       |   Cell   | Delay | Arrival | Required | 
     |                               |                |          |       |  Time   |   Time   | 
     |-------------------------------+----------------+----------+-------+---------+----------| 
     | picorv32_core_reg_op1_reg[12] | CK ^           |          |       |   0.002 |    3.166 | 
     | picorv32_core_reg_op1_reg[12] | CK ^ -> Q v    | SDFFQX1  | 0.113 |   0.115 |    3.278 | 
     | FE_OFC1797_pcpi_rs1_12        | A v -> Y ^     | INVX1    | 0.050 |   0.165 |    3.329 | 
     | FE_OFC1644_pcpi_rs1_12        | A ^ -> Y v     | CLKINVX8 | 0.136 |   0.301 |    3.464 | 
     |                               | pcpi_rs1[12] v |          | 0.016 |   0.317 |    3.480 | 
     +----------------------------------------------------------------------------------------+ 
Path 35: MET Late External Delay Assertion 
Endpoint:   pcpi_rs2[26]                    (v) checked with  leading edge of 
'clk'
Beginpoint: picorv32_core_reg_op2_reg[26]/Q (v) triggered by  leading edge of 
'clk'
Path Groups: {reg2out}
Analysis View: analysis1
Other End Arrival Time          0.000
- External Delay                0.500
+ Phase Shift                   4.000
- Uncertainty                   0.020
= Required Time                 3.480
- Arrival Time                  0.315
= Slack Time                    3.165
     Clock Rise Edge                 0.000
     + Clock Network Latency (Prop)  -0.001
     = Beginpoint Arrival Time       -0.001
     +----------------------------------------------------------------------------------------+ 
     |           Instance            |      Arc       |   Cell   | Delay | Arrival | Required | 
     |                               |                |          |       |  Time   |   Time   | 
     |-------------------------------+----------------+----------+-------+---------+----------| 
     | picorv32_core_reg_op2_reg[26] | CK ^           |          |       |  -0.001 |    3.164 | 
     | picorv32_core_reg_op2_reg[26] | CK ^ -> Q v    | SDFFQX1  | 0.114 |   0.114 |    3.278 | 
     | FE_OFC1379_pcpi_rs2_26        | A v -> Y v     | BUFX2    | 0.045 |   0.159 |    3.323 | 
     | FE_OFC1664_pcpi_rs2_26        | A v -> Y v     | CLKBUFX8 | 0.130 |   0.289 |    3.454 | 
     |                               | pcpi_rs2[26] v |          | 0.026 |   0.315 |    3.480 | 
     +----------------------------------------------------------------------------------------+ 
Path 36: MET Late External Delay Assertion 
Endpoint:   pcpi_rs1[3]                    (v) checked with  leading edge of 
'clk'
Beginpoint: picorv32_core_reg_op1_reg[3]/Q (v) triggered by  leading edge of 
'clk'
Path Groups: {reg2out}
Analysis View: analysis1
Other End Arrival Time          0.000
- External Delay                0.500
+ Phase Shift                   4.000
- Uncertainty                   0.020
= Required Time                 3.480
- Arrival Time                  0.315
= Slack Time                    3.165
     Clock Rise Edge                 0.000
     + Clock Network Latency (Prop)  0.004
     = Beginpoint Arrival Time       0.004
     +--------------------------------------------------------------------------------------+ 
     |           Instance           |      Arc      |   Cell   | Delay | Arrival | Required | 
     |                              |               |          |       |  Time   |   Time   | 
     |------------------------------+---------------+----------+-------+---------+----------| 
     | picorv32_core_reg_op1_reg[3] | CK ^          |          |       |   0.004 |    3.169 | 
     | picorv32_core_reg_op1_reg[3] | CK ^ -> Q v   | SDFFQX1  | 0.100 |   0.104 |    3.269 | 
     | FE_OFC1351_pcpi_rs1_3        | A v -> Y ^    | INVXL    | 0.058 |   0.162 |    3.326 | 
     | FE_OFC1653_pcpi_rs1_3        | A ^ -> Y v    | CLKINVX8 | 0.141 |   0.303 |    3.468 | 
     |                              | pcpi_rs1[3] v |          | 0.012 |   0.315 |    3.480 | 
     +--------------------------------------------------------------------------------------+ 
Path 37: MET Late External Delay Assertion 
Endpoint:   pcpi_rs1[4]                    (v) checked with  leading edge of 
'clk'
Beginpoint: picorv32_core_reg_op1_reg[4]/Q (v) triggered by  leading edge of 
'clk'
Path Groups: {reg2out}
Analysis View: analysis1
Other End Arrival Time          0.000
- External Delay                0.500
+ Phase Shift                   4.000
- Uncertainty                   0.020
= Required Time                 3.480
- Arrival Time                  0.313
= Slack Time                    3.167
     Clock Rise Edge                 0.000
     + Clock Network Latency (Prop)  0.004
     = Beginpoint Arrival Time       0.004
     +--------------------------------------------------------------------------------------+ 
     |           Instance           |      Arc      |   Cell   | Delay | Arrival | Required | 
     |                              |               |          |       |  Time   |   Time   | 
     |------------------------------+---------------+----------+-------+---------+----------| 
     | picorv32_core_reg_op1_reg[4] | CK ^          |          |       |   0.004 |    3.171 | 
     | picorv32_core_reg_op1_reg[4] | CK ^ -> Q v   | SDFFQX1  | 0.093 |   0.097 |    3.264 | 
     | FE_OFC1347_pcpi_rs1_4        | A v -> Y ^    | INVXL    | 0.060 |   0.157 |    3.324 | 
     | FE_OFC1651_pcpi_rs1_4        | A ^ -> Y v    | CLKINVX8 | 0.141 |   0.298 |    3.465 | 
     |                              | pcpi_rs1[4] v |          | 0.015 |   0.313 |    3.480 | 
     +--------------------------------------------------------------------------------------+ 
Path 38: MET Late External Delay Assertion 
Endpoint:   pcpi_rs1[9]                    (v) checked with  leading edge of 
'clk'
Beginpoint: picorv32_core_reg_op1_reg[9]/Q (v) triggered by  leading edge of 
'clk'
Path Groups: {reg2out}
Analysis View: analysis1
Other End Arrival Time          0.000
- External Delay                0.500
+ Phase Shift                   4.000
- Uncertainty                   0.020
= Required Time                 3.480
- Arrival Time                  0.313
= Slack Time                    3.167
     Clock Rise Edge                 0.000
     + Clock Network Latency (Prop)  0.002
     = Beginpoint Arrival Time       0.002
     +--------------------------------------------------------------------------------------+ 
     |           Instance           |      Arc      |   Cell   | Delay | Arrival | Required | 
     |                              |               |          |       |  Time   |   Time   | 
     |------------------------------+---------------+----------+-------+---------+----------| 
     | picorv32_core_reg_op1_reg[9] | CK ^          |          |       |   0.002 |    3.169 | 
     | picorv32_core_reg_op1_reg[9] | CK ^ -> Q v   | SDFFQX1  | 0.112 |   0.114 |    3.281 | 
     | FE_OFC1793_pcpi_rs1_9        | A v -> Y ^    | INVX1    | 0.049 |   0.163 |    3.330 | 
     | FE_OFC1333_pcpi_rs1_9        | A ^ -> Y v    | CLKINVX8 | 0.138 |   0.302 |    3.469 | 
     |                              | pcpi_rs1[9] v |          | 0.011 |   0.313 |    3.480 | 
     +--------------------------------------------------------------------------------------+ 
Path 39: MET Late External Delay Assertion 
Endpoint:   pcpi_rs1[20]                    (v) checked with  leading edge of 
'clk'
Beginpoint: picorv32_core_reg_op1_reg[20]/Q (v) triggered by  leading edge of 
'clk'
Path Groups: {reg2out}
Analysis View: analysis1
Other End Arrival Time          0.000
- External Delay                0.500
+ Phase Shift                   4.000
- Uncertainty                   0.020
= Required Time                 3.480
- Arrival Time                  0.313
= Slack Time                    3.167
     Clock Rise Edge                 0.000
     + Clock Network Latency (Prop)  0.003
     = Beginpoint Arrival Time       0.003
     +----------------------------------------------------------------------------------------+ 
     |           Instance            |      Arc       |   Cell   | Delay | Arrival | Required | 
     |                               |                |          |       |  Time   |   Time   | 
     |-------------------------------+----------------+----------+-------+---------+----------| 
     | picorv32_core_reg_op1_reg[20] | CK ^           |          |       |   0.003 |    3.170 | 
     | picorv32_core_reg_op1_reg[20] | CK ^ -> Q v    | SDFFQX1  | 0.134 |   0.137 |    3.304 | 
     | FE_OFC1302_pcpi_rs1_20        | A v -> Y v     | CLKBUFX8 | 0.165 |   0.302 |    3.469 | 
     |                               | pcpi_rs1[20] v |          | 0.011 |   0.313 |    3.480 | 
     +----------------------------------------------------------------------------------------+ 
Path 40: MET Late External Delay Assertion 
Endpoint:   pcpi_rs2[23]                    (v) checked with  leading edge of 
'clk'
Beginpoint: picorv32_core_reg_op2_reg[23]/Q (v) triggered by  leading edge of 
'clk'
Path Groups: {reg2out}
Analysis View: analysis1
Other End Arrival Time          0.000
- External Delay                0.500
+ Phase Shift                   4.000
- Uncertainty                   0.020
= Required Time                 3.480
- Arrival Time                  0.313
= Slack Time                    3.167
     Clock Rise Edge                 0.000
     + Clock Network Latency (Prop)  0.004
     = Beginpoint Arrival Time       0.004
     +----------------------------------------------------------------------------------------+ 
     |           Instance            |      Arc       |   Cell   | Delay | Arrival | Required | 
     |                               |                |          |       |  Time   |   Time   | 
     |-------------------------------+----------------+----------+-------+---------+----------| 
     | picorv32_core_reg_op2_reg[23] | CK ^           |          |       |   0.004 |    3.171 | 
     | picorv32_core_reg_op2_reg[23] | CK ^ -> Q v    | SDFFQX1  | 0.130 |   0.134 |    3.301 | 
     | FE_OFC1666_pcpi_rs2_23        | A v -> Y v     | CLKBUFX8 | 0.161 |   0.294 |    3.462 | 
     |                               | pcpi_rs2[23] v |          | 0.018 |   0.313 |    3.480 | 
     +----------------------------------------------------------------------------------------+ 
Path 41: MET Late External Delay Assertion 
Endpoint:   pcpi_rs1[23]                    (v) checked with  leading edge of 
'clk'
Beginpoint: picorv32_core_reg_op1_reg[23]/Q (v) triggered by  leading edge of 
'clk'
Path Groups: {reg2out}
Analysis View: analysis1
Other End Arrival Time          0.000
- External Delay                0.500
+ Phase Shift                   4.000
- Uncertainty                   0.020
= Required Time                 3.480
- Arrival Time                  0.312
= Slack Time                    3.168
     Clock Rise Edge                 0.000
     + Clock Network Latency (Prop)  0.003
     = Beginpoint Arrival Time       0.003
     +----------------------------------------------------------------------------------------+ 
     |           Instance            |      Arc       |   Cell   | Delay | Arrival | Required | 
     |                               |                |          |       |  Time   |   Time   | 
     |-------------------------------+----------------+----------+-------+---------+----------| 
     | picorv32_core_reg_op1_reg[23] | CK ^           |          |       |   0.003 |    3.171 | 
     | picorv32_core_reg_op1_reg[23] | CK ^ -> Q v    | SDFFQX1  | 0.132 |   0.134 |    3.302 | 
     | FE_OFC1634_pcpi_rs1_23        | A v -> Y v     | CLKBUFX8 | 0.163 |   0.297 |    3.465 | 
     |                               | pcpi_rs1[23] v |          | 0.015 |   0.312 |    3.480 | 
     +----------------------------------------------------------------------------------------+ 
Path 42: MET Late External Delay Assertion 
Endpoint:   pcpi_rs2[10]                    (v) checked with  leading edge of 
'clk'
Beginpoint: picorv32_core_reg_op2_reg[10]/Q (v) triggered by  leading edge of 
'clk'
Path Groups: {reg2out}
Analysis View: analysis1
Other End Arrival Time          0.000
- External Delay                0.500
+ Phase Shift                   4.000
- Uncertainty                   0.020
= Required Time                 3.480
- Arrival Time                  0.312
= Slack Time                    3.168
     Clock Rise Edge                 0.000
     + Clock Network Latency (Prop)  0.001
     = Beginpoint Arrival Time       0.001
     +----------------------------------------------------------------------------------------+ 
     |           Instance            |      Arc       |   Cell   | Delay | Arrival | Required | 
     |                               |                |          |       |  Time   |   Time   | 
     |-------------------------------+----------------+----------+-------+---------+----------| 
     | picorv32_core_reg_op2_reg[10] | CK ^           |          |       |   0.001 |    3.169 | 
     | picorv32_core_reg_op2_reg[10] | CK ^ -> Q v    | SDFFQX1  | 0.105 |   0.106 |    3.274 | 
     | FE_OFC1810_pcpi_rs2_10        | A v -> Y ^     | INVX1    | 0.052 |   0.158 |    3.326 | 
     | FE_OFC1430_pcpi_rs2_10        | A ^ -> Y v     | CLKINVX8 | 0.136 |   0.294 |    3.462 | 
     |                               | pcpi_rs2[10] v |          | 0.018 |   0.312 |    3.480 | 
     +----------------------------------------------------------------------------------------+ 
Path 43: MET Late External Delay Assertion 
Endpoint:   pcpi_rs1[11]                    (v) checked with  leading edge of 
'clk'
Beginpoint: picorv32_core_reg_op1_reg[11]/Q (v) triggered by  leading edge of 
'clk'
Path Groups: {reg2out}
Analysis View: analysis1
Other End Arrival Time          0.000
- External Delay                0.500
+ Phase Shift                   4.000
- Uncertainty                   0.020
= Required Time                 3.480
- Arrival Time                  0.311
= Slack Time                    3.169
     Clock Rise Edge                 0.000
     + Clock Network Latency (Prop)  0.002
     = Beginpoint Arrival Time       0.002
     +----------------------------------------------------------------------------------------+ 
     |           Instance            |      Arc       |   Cell   | Delay | Arrival | Required | 
     |                               |                |          |       |  Time   |   Time   | 
     |-------------------------------+----------------+----------+-------+---------+----------| 
     | picorv32_core_reg_op1_reg[11] | CK ^           |          |       |   0.002 |    3.171 | 
     | picorv32_core_reg_op1_reg[11] | CK ^ -> Q v    | SDFFQX1  | 0.110 |   0.112 |    3.281 | 
     | FE_OFC1795_pcpi_rs1_11        | A v -> Y ^     | INVX1    | 0.048 |   0.160 |    3.329 | 
     | FE_OFC1327_pcpi_rs1_11        | A ^ -> Y v     | CLKINVX8 | 0.136 |   0.296 |    3.464 | 
     |                               | pcpi_rs1[11] v |          | 0.016 |   0.311 |    3.480 | 
     +----------------------------------------------------------------------------------------+ 
Path 44: MET Late External Delay Assertion 
Endpoint:   pcpi_rs1[17]                    (v) checked with  leading edge of 
'clk'
Beginpoint: picorv32_core_reg_op1_reg[17]/Q (v) triggered by  leading edge of 
'clk'
Path Groups: {reg2out}
Analysis View: analysis1
Other End Arrival Time          0.000
- External Delay                0.500
+ Phase Shift                   4.000
- Uncertainty                   0.020
= Required Time                 3.480
- Arrival Time                  0.310
= Slack Time                    3.170
     Clock Rise Edge                 0.000
     + Clock Network Latency (Prop)  0.003
     = Beginpoint Arrival Time       0.003
     +----------------------------------------------------------------------------------------+ 
     |           Instance            |      Arc       |   Cell   | Delay | Arrival | Required | 
     |                               |                |          |       |  Time   |   Time   | 
     |-------------------------------+----------------+----------+-------+---------+----------| 
     | picorv32_core_reg_op1_reg[17] | CK ^           |          |       |   0.003 |    3.173 | 
     | picorv32_core_reg_op1_reg[17] | CK ^ -> Q v    | SDFFQX1  | 0.132 |   0.134 |    3.304 | 
     | FE_OFC1638_pcpi_rs1_17        | A v -> Y v     | CLKBUFX8 | 0.164 |   0.298 |    3.469 | 
     |                               | pcpi_rs1[17] v |          | 0.011 |   0.310 |    3.480 | 
     +----------------------------------------------------------------------------------------+ 
Path 45: MET Late External Delay Assertion 
Endpoint:   pcpi_rs1[0]                    (v) checked with  leading edge of 
'clk'
Beginpoint: picorv32_core_reg_op1_reg[0]/Q (v) triggered by  leading edge of 
'clk'
Path Groups: {reg2out}
Analysis View: analysis1
Other End Arrival Time          0.000
- External Delay                0.500
+ Phase Shift                   4.000
- Uncertainty                   0.020
= Required Time                 3.480
- Arrival Time                  0.310
= Slack Time                    3.170
     Clock Rise Edge                 0.000
     + Clock Network Latency (Prop)  0.004
     = Beginpoint Arrival Time       0.004
     +--------------------------------------------------------------------------------------+ 
     |           Instance           |      Arc      |   Cell   | Delay | Arrival | Required | 
     |                              |               |          |       |  Time   |   Time   | 
     |------------------------------+---------------+----------+-------+---------+----------| 
     | picorv32_core_reg_op1_reg[0] | CK ^          |          |       |   0.004 |    3.175 | 
     | picorv32_core_reg_op1_reg[0] | CK ^ -> Q v   | SDFFQX1  | 0.078 |   0.083 |    3.253 | 
     | FE_OFC1360_pcpi_rs1_0        | A v -> Y ^    | INVXL    | 0.065 |   0.148 |    3.318 | 
     | FE_OFC1657_pcpi_rs1_0        | A ^ -> Y v    | CLKINVX8 | 0.145 |   0.293 |    3.463 | 
     |                              | pcpi_rs1[0] v |          | 0.017 |   0.310 |    3.480 | 
     +--------------------------------------------------------------------------------------+ 
Path 46: MET Late External Delay Assertion 
Endpoint:   pcpi_rs1[8]                    (v) checked with  leading edge of 
'clk'
Beginpoint: picorv32_core_reg_op1_reg[8]/Q (v) triggered by  leading edge of 
'clk'
Path Groups: {reg2out}
Analysis View: analysis1
Other End Arrival Time          0.000
- External Delay                0.500
+ Phase Shift                   4.000
- Uncertainty                   0.020
= Required Time                 3.480
- Arrival Time                  0.308
= Slack Time                    3.172
     Clock Rise Edge                 0.000
     + Clock Network Latency (Prop)  0.004
     = Beginpoint Arrival Time       0.004
     +--------------------------------------------------------------------------------------+ 
     |           Instance           |      Arc      |   Cell   | Delay | Arrival | Required | 
     |                              |               |          |       |  Time   |   Time   | 
     |------------------------------+---------------+----------+-------+---------+----------| 
     | picorv32_core_reg_op1_reg[8] | CK ^          |          |       |   0.004 |    3.177 | 
     | picorv32_core_reg_op1_reg[8] | CK ^ -> Q v   | SDFFQX1  | 0.108 |   0.112 |    3.284 | 
     | FE_OFC1791_pcpi_rs1_8        | A v -> Y ^    | INVX1    | 0.045 |   0.157 |    3.330 | 
     | FE_OFC1336_pcpi_rs1_8        | A ^ -> Y v    | CLKINVX8 | 0.135 |   0.292 |    3.464 | 
     |                              | pcpi_rs1[8] v |          | 0.016 |   0.308 |    3.480 | 
     +--------------------------------------------------------------------------------------+ 
Path 47: MET Late External Delay Assertion 
Endpoint:   pcpi_rs2[29]                    (v) checked with  leading edge of 
'clk'
Beginpoint: picorv32_core_reg_op2_reg[29]/Q (v) triggered by  leading edge of 
'clk'
Path Groups: {reg2out}
Analysis View: analysis1
Other End Arrival Time          0.000
- External Delay                0.500
+ Phase Shift                   4.000
- Uncertainty                   0.020
= Required Time                 3.480
- Arrival Time                  0.302
= Slack Time                    3.178
     Clock Rise Edge                 0.000
     + Clock Network Latency (Prop)  0.001
     = Beginpoint Arrival Time       0.001
     +----------------------------------------------------------------------------------------+ 
     |           Instance            |      Arc       |   Cell   | Delay | Arrival | Required | 
     |                               |                |          |       |  Time   |   Time   | 
     |-------------------------------+----------------+----------+-------+---------+----------| 
     | picorv32_core_reg_op2_reg[29] | CK ^           |          |       |   0.001 |    3.179 | 
     | picorv32_core_reg_op2_reg[29] | CK ^ -> Q v    | SDFFQX1  | 0.101 |   0.103 |    3.281 | 
     | FE_OFC1370_pcpi_rs2_29        | A v -> Y v     | BUFX2    | 0.045 |   0.147 |    3.325 | 
     | FE_OFC1371_pcpi_rs2_29        | A v -> Y v     | CLKBUFX8 | 0.137 |   0.284 |    3.462 | 
     |                               | pcpi_rs2[29] v |          | 0.018 |   0.302 |    3.480 | 
     +----------------------------------------------------------------------------------------+ 
Path 48: MET Late External Delay Assertion 
Endpoint:   pcpi_rs1[5]                    (v) checked with  leading edge of 
'clk'
Beginpoint: picorv32_core_reg_op1_reg[5]/Q (v) triggered by  leading edge of 
'clk'
Path Groups: {reg2out}
Analysis View: analysis1
Other End Arrival Time          0.000
- External Delay                0.500
+ Phase Shift                   4.000
- Uncertainty                   0.020
= Required Time                 3.480
- Arrival Time                  0.302
= Slack Time                    3.178
     Clock Rise Edge                 0.000
     + Clock Network Latency (Prop)  0.004
     = Beginpoint Arrival Time       0.004
     +--------------------------------------------------------------------------------------+ 
     |           Instance           |      Arc      |   Cell   | Delay | Arrival | Required | 
     |                              |               |          |       |  Time   |   Time   | 
     |------------------------------+---------------+----------+-------+---------+----------| 
     | picorv32_core_reg_op1_reg[5] | CK ^          |          |       |   0.004 |    3.182 | 
     | picorv32_core_reg_op1_reg[5] | CK ^ -> Q v   | SDFFQX1  | 0.104 |   0.108 |    3.286 | 
     | FE_OFC1787_pcpi_rs1_5        | A v -> Y ^    | INVX1    | 0.045 |   0.153 |    3.331 | 
     | FE_OFC1649_pcpi_rs1_5        | A ^ -> Y v    | CLKINVX8 | 0.138 |   0.291 |    3.469 | 
     |                              | pcpi_rs1[5] v |          | 0.012 |   0.302 |    3.480 | 
     +--------------------------------------------------------------------------------------+ 
Path 49: MET Late External Delay Assertion 
Endpoint:   pcpi_rs1[16]                    (v) checked with  leading edge of 
'clk'
Beginpoint: picorv32_core_reg_op1_reg[16]/Q (v) triggered by  leading edge of 
'clk'
Path Groups: {reg2out}
Analysis View: analysis1
Other End Arrival Time          0.000
- External Delay                0.500
+ Phase Shift                   4.000
- Uncertainty                   0.020
= Required Time                 3.480
- Arrival Time                  0.302
= Slack Time                    3.178
     Clock Rise Edge                 0.000
     + Clock Network Latency (Prop)  0.001
     = Beginpoint Arrival Time       0.001
     +----------------------------------------------------------------------------------------+ 
     |           Instance            |      Arc       |   Cell   | Delay | Arrival | Required | 
     |                               |                |          |       |  Time   |   Time   | 
     |-------------------------------+----------------+----------+-------+---------+----------| 
     | picorv32_core_reg_op1_reg[16] | CK ^           |          |       |   0.001 |    3.179 | 
     | picorv32_core_reg_op1_reg[16] | CK ^ -> Q v    | SDFFQX1  | 0.127 |   0.128 |    3.306 | 
     | FE_OFC1313_pcpi_rs1_16        | A v -> Y v     | CLKBUFX8 | 0.163 |   0.291 |    3.469 | 
     |                               | pcpi_rs1[16] v |          | 0.011 |   0.302 |    3.480 | 
     +----------------------------------------------------------------------------------------+ 
Path 50: MET Late External Delay Assertion 
Endpoint:   pcpi_rs1[15]                    (v) checked with  leading edge of 
'clk'
Beginpoint: picorv32_core_reg_op1_reg[15]/Q (v) triggered by  leading edge of 
'clk'
Path Groups: {reg2out}
Analysis View: analysis1
Other End Arrival Time          0.000
- External Delay                0.500
+ Phase Shift                   4.000
- Uncertainty                   0.020
= Required Time                 3.480
- Arrival Time                  0.302
= Slack Time                    3.178
     Clock Rise Edge                 0.000
     + Clock Network Latency (Prop)  0.001
     = Beginpoint Arrival Time       0.001
     +----------------------------------------------------------------------------------------+ 
     |           Instance            |      Arc       |   Cell   | Delay | Arrival | Required | 
     |                               |                |          |       |  Time   |   Time   | 
     |-------------------------------+----------------+----------+-------+---------+----------| 
     | picorv32_core_reg_op1_reg[15] | CK ^           |          |       |   0.001 |    3.179 | 
     | picorv32_core_reg_op1_reg[15] | CK ^ -> Q v    | SDFFQX1  | 0.126 |   0.127 |    3.305 | 
     | FE_OFC1314_pcpi_rs1_15        | A v -> Y v     | CLKBUFX8 | 0.164 |   0.291 |    3.469 | 
     |                               | pcpi_rs1[15] v |          | 0.011 |   0.302 |    3.480 | 
     +----------------------------------------------------------------------------------------+ 

