============================================================
  Generated by:           Genus(TM) Synthesis Solution 21.15-s080_1
  Generated on:           Nov 30 2025  06:56:44 pm
  Module:                 picorv32_wb
  Operating conditions:   PVT_1P32V_0C 
  Interconnect mode:      global
  Area mode:              physical library
============================================================

                                
   Gate    Instances    Area        Library    
-----------------------------------------------
ADDFX1           548   2811.240    fast_vdd1v2 
ADDHX1           195    733.590    fast_vdd1v2 
AND2X1           260    355.680    fast_vdd1v2 
AND2X2             2      3.420    fast_vdd1v2 
AND3X1             4      9.576    fast_vdd1v2 
AND3X4             1      3.078    fast_vdd1v2 
AND3XL             6     12.312    fast_vdd1v2 
AND4X1             5     11.970    fast_vdd1v2 
AND4XL             9     21.546    fast_vdd1v2 
AO21X1            35     83.790    fast_vdd1v2 
AO22X1           197    538.992    fast_vdd1v2 
AOI211XL          67    137.484    fast_vdd1v2 
AOI21X1           77    131.670    fast_vdd1v2 
AOI221X1         494   1182.636    fast_vdd1v2 
AOI222X1          89    273.942    fast_vdd1v2 
AOI22X1         1405   2883.060    fast_vdd1v2 
AOI22XL            1      2.052    fast_vdd1v2 
AOI2BB1X1          3      6.156    fast_vdd1v2 
AOI2BB2X1         30    102.600    fast_vdd1v2 
AOI31X1            1      2.052    fast_vdd1v2 
AOI32X1           28     67.032    fast_vdd1v2 
AOI33XL            1      2.394    fast_vdd1v2 
BUFX2              2      3.420    fast_vdd1v2 
BUFX8              3     11.286    fast_vdd1v2 
CLKINVX4           2      3.420    fast_vdd1v2 
CLKXOR2X1         42    114.912    fast_vdd1v2 
INVX1            362    247.608    fast_vdd1v2 
INVX2              1      1.026    fast_vdd1v2 
INVX3              1      1.368    fast_vdd1v2 
MX2X1           1524   3648.456    fast_vdd1v2 
MXI2XL           289    691.866    fast_vdd1v2 
NAND2BX1         137    187.416    fast_vdd1v2 
NAND2BX2           7     16.758    fast_vdd1v2 
NAND2BX4           1      3.762    fast_vdd1v2 
NAND2X1          324    332.424    fast_vdd1v2 
NAND2X2           37     63.270    fast_vdd1v2 
NAND2X4            1      3.420    fast_vdd1v2 
NAND3BXL          29     49.590    fast_vdd1v2 
NAND3X1           87    148.770    fast_vdd1v2 
NAND4BBXL          1      3.078    fast_vdd1v2 
NAND4BX1           3      7.182    fast_vdd1v2 
NAND4XL          298    509.580    fast_vdd1v2 
NOR2BX1           94    128.592    fast_vdd1v2 
NOR2BX2           14     38.304    fast_vdd1v2 
NOR2BX4            1      3.762    fast_vdd1v2 
NOR2X1           328    336.528    fast_vdd1v2 
NOR2X2             5      8.550    fast_vdd1v2 
NOR3BX1            7     14.364    fast_vdd1v2 
NOR3X1             9     15.390    fast_vdd1v2 
NOR4BBX1           5     13.680    fast_vdd1v2 
NOR4BX1            3      7.182    fast_vdd1v2 
NOR4X1            32     54.720    fast_vdd1v2 
OA21X1             9     18.468    fast_vdd1v2 
OA21X4             1      3.762    fast_vdd1v2 
OA22X1            50    119.700    fast_vdd1v2 
OAI211X1          64    109.440    fast_vdd1v2 
OAI21X1           69    117.990    fast_vdd1v2 
OAI221X1          65    155.610    fast_vdd1v2 
OAI222X1          15     41.040    fast_vdd1v2 
OAI22X1          385    790.020    fast_vdd1v2 
OAI22X2            1      3.420    fast_vdd1v2 
OAI2BB1X1        263    449.730    fast_vdd1v2 
OAI2BB1X2          1      3.078    fast_vdd1v2 
OAI31X1            4      8.208    fast_vdd1v2 
OAI32X1            4      9.576    fast_vdd1v2 
OR2X1            101    138.168    fast_vdd1v2 
OR2X2              1      1.710    fast_vdd1v2 
OR3X1             10     20.520    fast_vdd1v2 
OR3X2              1      2.394    fast_vdd1v2 
OR3XL              8     16.416    fast_vdd1v2 
OR4X1             72    147.744    fast_vdd1v2 
SDFFHQX2           1      9.234    fast_vdd1v2 
SDFFHQX8         197   2223.342    fast_vdd1v2 
SDFFQX1         2197  16530.228    fast_vdd1v2 
SDFFQX2            2     16.416    fast_vdd1v2 
SDFFX1             1      9.234    fast_vdd1v2 
SEDFFX1            1     11.970    fast_vdd1v2 
XNOR2X1          471   1127.574    fast_vdd1v2 
-----------------------------------------------
total          11101  38130.948                


                                          
     Type      Instances    Area   Area % 
------------------------------------------
sequential          2399 18800.424   49.3 
inverter             366   253.422    0.7 
buffer                 5    14.706    0.0 
logic               8331 19062.396   50.0 
physical_cells         0     0.000    0.0 
------------------------------------------
total              11101 38130.948  100.0 

