============================================================
  Generated by:           Genus(TM) Synthesis Solution 21.15-s080_1
  Generated on:           Nov 30 2025  10:55:42 pm
  Module:                 picorv32_wb
  Operating conditions:   PVT_1P32V_0C 
  Interconnect mode:      global
  Area mode:              physical library
============================================================


Path 1: MET (2134 ps) Setup Check with Pin picorv32_core_reg_op2_reg[30]/CK->D
          Group: clk
     Startpoint: (R) wb_rst_i
          Clock: (R) clk
       Endpoint: (F) picorv32_core_reg_op2_reg[30]/D
          Clock: (R) clk

                     Capture       Launch     
        Clock Edge:+    4000            0     
        Drv Adjust:+       0          148     
       Src Latency:+     200          200     
       Net Latency:+       0 (I)        0 (I) 
           Arrival:=    4200          348     
                                              
             Setup:-      26                  
       Uncertainty:-      20                  
     Required Time:=    4154                  
      Launch Clock:-     348                  
       Input Delay:-     500                  
         Data Path:-    1172                  
             Slack:=    2134                  

Exceptions/Constraints:
  input_delay             500             constraints.sdc_line_32 

#----------------------------------------------------------------------------------------------------------
#          Timing Point           Flags    Arc   Edge   Cell     Fanout  Load Trans Delay Arrival Instance 
#                                                                        (fF)  (ps)  (ps)   (ps)  Location 
#----------------------------------------------------------------------------------------------------------
  wb_rst_i                        <<<     -      R     (arrival)     74  97.3   272     0     848    (-,-) 
  g490/Y                          -       A->Y   F     CLKINVX4     127 149.5   255   181    1029    (-,-) 
  picorv32_core_g197859/Y         -       A->Y   R     CLKINVX4     111 143.2   234   161    1190    (-,-) 
  picorv32_core_g197074/Y         -       B->Y   R     OR2X1         34  43.8   244   162    1352    (-,-) 
  picorv32_core_g196974/Y         -       A->Y   F     INVX1          9  11.5   106    90    1442    (-,-) 
  picorv32_core_g196304/Y         -       A1N->Y F     OAI2BB1X1      9  11.6   118    82    1524    (-,-) 
  picorv32_core_g195925/Y         -       AN->Y  F     NOR2BX1        8   9.5    58    50    1574    (-,-) 
  picorv32_core_g195371/Y         -       B->Y   F     AND2X1        27  33.8   180   117    1692    (-,-) 
  picorv32_core_g194673/Y         -       B1->Y  R     AOI22X1        1   1.9    56    63    1755    (-,-) 
  picorv32_core_g193558/Y         -       C->Y   F     NAND4XL        1   1.9    73    58    1812    (-,-) 
  picorv32_core_g191657/Y         -       B0->Y  R     AOI211XL       1   1.9    67    56    1868    (-,-) 
  picorv32_core_g190949__5477/Y   -       D->Y   F     NAND4XL        1   2.0    76    60    1929    (-,-) 
  picorv32_core_g190907__7098/Y   -       B0->Y  R     AOI21X1        1   1.9    42    36    1965    (-,-) 
  picorv32_core_g190747__8428/Y   -       D->Y   F     NAND4XL        1   2.1    78    55    2020    (-,-) 
  picorv32_core_reg_op2_reg[30]/D <<<     -      F     SDFFHQX8       1     -     -     0    2020    (-,-) 
#----------------------------------------------------------------------------------------------------------

