============================================================
  Generated by:           Genus(TM) Synthesis Solution 21.15-s080_1
  Generated on:           Nov 30 2025  10:55:42 pm
  Module:                 picorv32_wb
  Operating conditions:   PVT_1P32V_0C 
  Interconnect mode:      global
  Area mode:              physical library
============================================================


Path 1: MET (979 ps) Setup Check with Pin picorv32_core_genblk1.pcpi_mul_rd_reg[63]/CK->D
          Group: clk
     Startpoint: (R) picorv32_core_genblk1.pcpi_mul_rs2_reg[5]/CK
          Clock: (R) clk
       Endpoint: (R) picorv32_core_genblk1.pcpi_mul_rd_reg[63]/D
          Clock: (R) clk

                     Capture       Launch     
        Clock Edge:+    4000            0     
       Src Latency:+     200          200     
       Net Latency:+       0 (I)        0 (I) 
           Arrival:=    4200          200     
                                              
             Setup:-      26                  
       Uncertainty:-      20                  
     Required Time:=    4154                  
      Launch Clock:-     200                  
         Data Path:-    2976                  
             Slack:=     979                  

#---------------------------------------------------------------------------------------------------------------------------------
#                      Timing Point                       Flags    Arc   Edge   Cell     Fanout Load Trans Delay Arrival Instance 
#                                                                                               (fF)  (ps)  (ps)   (ps)  Location 
#---------------------------------------------------------------------------------------------------------------------------------
  picorv32_core_genblk1.pcpi_mul_rs2_reg[5]/CK            <<<     -      R     (arrival)   2399    -    40     0     200    (-,-) 
  picorv32_core_genblk1.pcpi_mul_rs2_reg[5]/Q             -       CK->Q  R     SDFFQX1       41 46.7   259   176     376    (-,-) 
  picorv32_core_genblk1.pcpi_mul_mul_2371_47_g14113/Y     -       A->Y   F     INVX1          5  6.7    84    78     454    (-,-) 
  picorv32_core_genblk1.pcpi_mul_mul_2371_47_g13989/Y     -       B->Y   F     XNOR2X1        2  3.0    20    39     494    (-,-) 
  picorv32_core_genblk1.pcpi_mul_mul_2371_47_g13897/Y     -       A->Y   F     OR2X1         26 34.3   183   122     616    (-,-) 
  picorv32_core_genblk1.pcpi_mul_mul_2371_47_g13890/Y     -       A->Y   R     INVX1          8 11.1    95    75     691    (-,-) 
  picorv32_core_genblk1.pcpi_mul_mul_2371_47_g13740/Y     -       A1->Y  F     OAI21X1        1  2.2    65    38     729    (-,-) 
  picorv32_core_genblk1.pcpi_mul_mul_2371_47_g13495/Y     -       B->Y   R     XNOR2X1        1  2.5    18    36     765    (-,-) 
  picorv32_core_genblk1.pcpi_mul_mul_2371_47_g13440/S     -       B->S   F     ADDHX1         1  2.7    19    35     800    (-,-) 
  picorv32_core_genblk1.pcpi_mul_mul_2371_47_cdnfadd3/CO  -       A->CO  F     ADDFX1         1  2.4    18    40     840    (-,-) 
  picorv32_core_genblk1.pcpi_mul_mul_2371_47_cdnfadd4/CO  -       CI->CO F     ADDFX1         1  2.4    18    39     879    (-,-) 
  picorv32_core_genblk1.pcpi_mul_mul_2371_47_cdnfadd5/CO  -       CI->CO F     ADDFX1         1  2.4    18    39     917    (-,-) 
  picorv32_core_genblk1.pcpi_mul_mul_2371_47_cdnfadd6/CO  -       CI->CO F     ADDFX1         1  2.4    18    39     956    (-,-) 
  picorv32_core_genblk1.pcpi_mul_mul_2371_47_cdnfadd7/CO  -       CI->CO F     ADDFX1         1  2.4    18    39     995    (-,-) 
  picorv32_core_genblk1.pcpi_mul_mul_2371_47_cdnfadd8/CO  -       CI->CO F     ADDFX1         1  2.4    18    39    1033    (-,-) 
  picorv32_core_genblk1.pcpi_mul_mul_2371_47_cdnfadd9/CO  -       CI->CO F     ADDFX1         1  2.4    18    39    1072    (-,-) 
  picorv32_core_genblk1.pcpi_mul_mul_2371_47_cdnfadd10/CO -       CI->CO F     ADDFX1         1  2.4    18    39    1111    (-,-) 
  picorv32_core_genblk1.pcpi_mul_mul_2371_47_cdnfadd11/CO -       CI->CO F     ADDFX1         1  2.4    18    39    1150    (-,-) 
  picorv32_core_genblk1.pcpi_mul_mul_2371_47_cdnfadd12/CO -       CI->CO F     ADDFX1         1  2.4    18    39    1188    (-,-) 
  picorv32_core_genblk1.pcpi_mul_mul_2371_47_cdnfadd13/CO -       CI->CO F     ADDFX1         1  2.4    18    39    1227    (-,-) 
  picorv32_core_genblk1.pcpi_mul_mul_2371_47_cdnfadd14/CO -       CI->CO F     ADDFX1         1  2.4    18    39    1266    (-,-) 
  picorv32_core_genblk1.pcpi_mul_mul_2371_47_cdnfadd15/CO -       CI->CO F     ADDFX1         1  2.4    18    39    1304    (-,-) 
  picorv32_core_genblk1.pcpi_mul_mul_2371_47_cdnfadd16/CO -       CI->CO F     ADDFX1         1  2.4    18    39    1343    (-,-) 
  picorv32_core_genblk1.pcpi_mul_mul_2371_47_cdnfadd17/CO -       CI->CO F     ADDFX1         1  2.4    18    39    1382    (-,-) 
  picorv32_core_genblk1.pcpi_mul_mul_2371_47_cdnfadd18/CO -       CI->CO F     ADDFX1         1  2.4    18    39    1420    (-,-) 
  picorv32_core_genblk1.pcpi_mul_mul_2371_47_cdnfadd19/CO -       CI->CO F     ADDFX1         1  2.4    18    39    1459    (-,-) 
  picorv32_core_genblk1.pcpi_mul_mul_2371_47_cdnfadd20/CO -       CI->CO F     ADDFX1         1  2.4    18    39    1498    (-,-) 
  picorv32_core_genblk1.pcpi_mul_mul_2371_47_cdnfadd21/CO -       CI->CO F     ADDFX1         1  2.4    18    39    1536    (-,-) 
  picorv32_core_genblk1.pcpi_mul_mul_2371_47_cdnfadd22/CO -       CI->CO F     ADDFX1         1  2.4    18    39    1575    (-,-) 
  picorv32_core_genblk1.pcpi_mul_mul_2371_47_cdnfadd23/CO -       CI->CO F     ADDFX1         1  2.4    18    39    1614    (-,-) 
  picorv32_core_genblk1.pcpi_mul_mul_2371_47_cdnfadd24/CO -       CI->CO F     ADDFX1         1  2.4    18    39    1653    (-,-) 
  picorv32_core_genblk1.pcpi_mul_mul_2371_47_cdnfadd25/CO -       CI->CO F     ADDFX1         1  2.4    18    39    1691    (-,-) 
  picorv32_core_genblk1.pcpi_mul_mul_2371_47_cdnfadd26/CO -       CI->CO F     ADDFX1         1  2.4    18    39    1730    (-,-) 
  picorv32_core_genblk1.pcpi_mul_mul_2371_47_cdnfadd27/CO -       CI->CO F     ADDFX1         1  2.4    18    39    1769    (-,-) 
  picorv32_core_genblk1.pcpi_mul_mul_2371_47_cdnfadd28/CO -       CI->CO F     ADDFX1         1  2.4    18    39    1807    (-,-) 
  picorv32_core_genblk1.pcpi_mul_mul_2371_47_cdnfadd29/CO -       CI->CO F     ADDFX1         1  2.4    18    39    1846    (-,-) 
  picorv32_core_genblk1.pcpi_mul_mul_2371_47_cdnfadd30/CO -       CI->CO F     ADDFX1         1  2.4    18    39    1885    (-,-) 
  picorv32_core_genblk1.pcpi_mul_mul_2371_47_cdnfadd31/CO -       CI->CO F     ADDFX1         1  2.4    18    39    1924    (-,-) 
  picorv32_core_genblk1.pcpi_mul_mul_2371_47_cdnfadd32/CO -       CI->CO F     ADDFX1         1  2.4    18    39    1962    (-,-) 
  picorv32_core_genblk1.pcpi_mul_mul_2371_47_cdnfadd33/CO -       CI->CO F     ADDFX1         1  2.4    18    39    2001    (-,-) 
  picorv32_core_genblk1.pcpi_mul_mul_2371_47_cdnfadd34/CO -       CI->CO F     ADDFX1         1  2.4    18    39    2040    (-,-) 
  picorv32_core_genblk1.pcpi_mul_mul_2371_47_cdnfadd35/CO -       CI->CO F     ADDFX1         1  2.4    18    39    2078    (-,-) 
  picorv32_core_genblk1.pcpi_mul_mul_2371_47_cdnfadd36/CO -       CI->CO F     ADDFX1         1  2.4    18    39    2117    (-,-) 
  picorv32_core_genblk1.pcpi_mul_mul_2371_47_cdnfadd37/CO -       CI->CO F     ADDFX1         1  2.4    18    39    2156    (-,-) 
  picorv32_core_genblk1.pcpi_mul_mul_2371_47_cdnfadd38/CO -       CI->CO F     ADDFX1         1  2.4    18    39    2194    (-,-) 
  picorv32_core_genblk1.pcpi_mul_mul_2371_47_cdnfadd39/CO -       CI->CO F     ADDFX1         1  2.4    18    39    2233    (-,-) 
  picorv32_core_genblk1.pcpi_mul_mul_2371_47_cdnfadd40/CO -       CI->CO F     ADDFX1         1  2.4    18    39    2272    (-,-) 
  picorv32_core_genblk1.pcpi_mul_mul_2371_47_cdnfadd41/CO -       CI->CO F     ADDFX1         1  2.4    18    39    2310    (-,-) 
  picorv32_core_genblk1.pcpi_mul_mul_2371_47_cdnfadd42/CO -       CI->CO F     ADDFX1         1  2.4    18    39    2349    (-,-) 
  picorv32_core_genblk1.pcpi_mul_mul_2371_47_cdnfadd43/CO -       CI->CO F     ADDFX1         1  2.4    18    39    2388    (-,-) 
  picorv32_core_genblk1.pcpi_mul_mul_2371_47_cdnfadd44/CO -       CI->CO F     ADDFX1         1  2.4    18    39    2427    (-,-) 
  picorv32_core_genblk1.pcpi_mul_mul_2371_47_cdnfadd45/CO -       CI->CO F     ADDFX1         1  2.4    18    39    2465    (-,-) 
  picorv32_core_genblk1.pcpi_mul_mul_2371_47_cdnfadd46/CO -       CI->CO F     ADDFX1         1  2.4    18    39    2504    (-,-) 
  picorv32_core_genblk1.pcpi_mul_mul_2371_47_cdnfadd47/CO -       CI->CO F     ADDFX1         1  2.4    18    39    2543    (-,-) 
  picorv32_core_genblk1.pcpi_mul_mul_2371_47_cdnfadd48/CO -       CI->CO F     ADDFX1         1  2.4    18    39    2581    (-,-) 
  picorv32_core_genblk1.pcpi_mul_mul_2371_47_cdnfadd49/CO -       CI->CO F     ADDFX1         1  2.4    18    39    2620    (-,-) 
  picorv32_core_genblk1.pcpi_mul_mul_2371_47_cdnfadd50/CO -       CI->CO F     ADDFX1         1  2.4    18    39    2659    (-,-) 
  picorv32_core_genblk1.pcpi_mul_mul_2371_47_cdnfadd51/CO -       CI->CO F     ADDFX1         1  2.4    18    39    2698    (-,-) 
  picorv32_core_genblk1.pcpi_mul_mul_2371_47_cdnfadd52/CO -       CI->CO F     ADDFX1         1  2.4    18    39    2736    (-,-) 
  picorv32_core_genblk1.pcpi_mul_mul_2371_47_cdnfadd53/CO -       CI->CO F     ADDFX1         1  2.4    18    39    2775    (-,-) 
  picorv32_core_genblk1.pcpi_mul_mul_2371_47_cdnfadd54/CO -       CI->CO F     ADDFX1         1  2.4    18    39    2814    (-,-) 
  picorv32_core_genblk1.pcpi_mul_mul_2371_47_cdnfadd55/CO -       CI->CO F     ADDFX1         1  2.4    18    39    2852    (-,-) 
  picorv32_core_genblk1.pcpi_mul_mul_2371_47_cdnfadd56/CO -       CI->CO F     ADDFX1         1  2.4    18    39    2891    (-,-) 
  picorv32_core_genblk1.pcpi_mul_mul_2371_47_cdnfadd57/CO -       CI->CO F     ADDFX1         1  2.4    18    39    2930    (-,-) 
  picorv32_core_genblk1.pcpi_mul_mul_2371_47_cdnfadd58/CO -       CI->CO F     ADDFX1         1  2.4    18    39    2968    (-,-) 
  picorv32_core_genblk1.pcpi_mul_mul_2371_47_cdnfadd59/CO -       CI->CO F     ADDFX1         1  2.4    18    39    3007    (-,-) 
  picorv32_core_genblk1.pcpi_mul_mul_2371_47_cdnfadd60/CO -       CI->CO F     ADDFX1         1  2.4    18    39    3046    (-,-) 
  picorv32_core_genblk1.pcpi_mul_mul_2371_47_cdnfadd61/CO -       CI->CO F     ADDFX1         1  2.4    18    39    3084    (-,-) 
  picorv32_core_genblk1.pcpi_mul_mul_2371_47_cdnfadd62/CO -       CI->CO F     ADDFX1         1  2.4    18    39    3123    (-,-) 
  picorv32_core_genblk1.pcpi_mul_mul_2371_47_g14138/S     -       CI->S  R     ADDFX1         1  1.9    15    52    3176    (-,-) 
  picorv32_core_genblk1.pcpi_mul_rd_reg[63]/D             <<<     -      R     SDFFQX1        1    -     -     0    3176    (-,-) 
#---------------------------------------------------------------------------------------------------------------------------------

