                          CONFORMAL (R)
                   Version 23.10-s300 (30-Aug-2023) (64 bit executable)
   Copyright (c) Cadence Design Systems, Inc., 1997-2023. All Rights Reserved


This program is proprietary and confidential information belonging to
Cadence Design Systems, Inc., and may be used and disclosed only as authorized
in a license agreement controlling such use and disclosure.

// Warning: This version is 825 days old. You can download the latest version from http://downloads.cadence.com.

0
// Command: usage -auto -elapse
CPU time     : 0.27    seconds
Elapse time  : 12      seconds
Memory usage : 80.34   M bytes
0
// Command: set_mapping_method -sensitive
0
// Command: set_verification_information rtl_picorv32_elabv_db
// Note: Verification information rtl_picorv32_elabv_db does not exist. New directory created.
// Verification information is set to /home/p/ppapadoe/Desktop/vlsi-asic/askhsh7/genus/rtl_picorv32_elabv_db.
0
// Command: set lec_version_required "18.10204"
18.10204
// Command: if {$lec_version >= $lec_version_required} {
//              set_flatten_model -verification_info_strip_cdn_name_extension
//          }
// Command: set_flatten_model -verification_info_strip_cdn_name_extension
0
// Command: read_implementation_information fv/picorv32_wb -revised picorv32_elabv
// Reading implementation information from fv/picorv32_wb ...
// Note: Implementation information 'picorv32_elabv.fv.json' will be used
================================================================================
          Information Category                         Count
--------------------------------------------------------------------------------
     Sequential instance phase                          2505
       Sequential optimization                            35
        Sequential duplication                             0
         Boundary optimization                             0
            Synthesis equation                            68
    Combinational loop breaker                             0
                       Mapping                             0
================================================================================
// Note: Read implementation information successfully.
0
CPU time     : 0.47    seconds
Elapse time  : 12      seconds
Memory usage : 86.96   M bytes
// Command: set_parallel_option -threads 1,4 -norelease_license
// Number of threads is set to 1,4.
0
// Command: set_compare_options -threads 1,4
Set computing threads of compare to 1,4.
0
// Command: set env(RC_VERSION)     "21.15-s080_1"
21.15-s080_1
// Command: set env(CDN_SYNTH_ROOT) "/mnt/apps/prebuilt/EDA/cadence/2022-23/RHELx86/GENUS/tools.lnx86"
/mnt/apps/prebuilt/EDA/cadence/2022-23/RHELx86/GENUS/tools.lnx86
// Command: set CDN_SYNTH_ROOT      "/mnt/apps/prebuilt/EDA/cadence/2022-23/RHELx86/GENUS/tools.lnx86"
/mnt/apps/prebuilt/EDA/cadence/2022-23/RHELx86/GENUS/tools.lnx86
// Command: set env(CW_DIR) "/mnt/apps/prebuilt/EDA/cadence/2022-23/RHELx86/GENUS/tools.lnx86/lib/chipware"
/mnt/apps/prebuilt/EDA/cadence/2022-23/RHELx86/GENUS/tools.lnx86/lib/chipware
// Command: set CW_DIR      "/mnt/apps/prebuilt/EDA/cadence/2022-23/RHELx86/GENUS/tools.lnx86/lib/chipware"
/mnt/apps/prebuilt/EDA/cadence/2022-23/RHELx86/GENUS/tools.lnx86/lib/chipware
// Command: set lec_version_required "21.20249"
21.20249
// Command: if { ($lec_version < $lec_version_required) &&
//              [file exists /mnt/apps/prebuilt/EDA/cadence/2022-23/RHELx86/GENUS/tools.lnx86/lib/chipware/old_encrypt_sim]} {
//              set env(CW_DIR_SIM) "/mnt/apps/prebuilt/EDA/cadence/2022-23/RHELx86/GENUS/tools.lnx86/lib/chipware/old_encrypt_sim"
//              set CW_DIR_SIM      "/mnt/apps/prebuilt/EDA/cadence/2022-23/RHELx86/GENUS/tools.lnx86/lib/chipware/old_encrypt_sim"
//          } else {
//              set env(CW_DIR_SIM) "/mnt/apps/prebuilt/EDA/cadence/2022-23/RHELx86/GENUS/tools.lnx86/lib/chipware/sim"
//              set CW_DIR_SIM      "/mnt/apps/prebuilt/EDA/cadence/2022-23/RHELx86/GENUS/tools.lnx86/lib/chipware/sim"
//          }
/mnt/apps/prebuilt/EDA/cadence/2022-23/RHELx86/GENUS/tools.lnx86/lib/chipware/sim
// Command: set_multiplier_implementation boothrca -both
0
// Command: set_undefined_cell black_box -noascend -both
0
// Command: add_search_path . /mnt/apps/prebuilt/EDA/cadence/2022-23/RHELx86/GENUS/tools.lnx86/lib/tech -library -both
0
// Command: read_library -liberty -both \
//              /mnt/apps/prebuilt/eda/designkits/GPDK/gsclib045/lan/flow/t1u1/reference_libs/GPDK045/gsclib045_svt_v4.4/gsclib045/timing/fast_vdd1v2_basicCells.lib
// Parsing file /mnt/apps/prebuilt/eda/designkits/GPDK/gsclib045/lan/flow/t1u1/reference_libs/GPDK045/gsclib045_svt_v4.4/gsclib045/timing/fast_vdd1v2_basicCells.lib ...
// Warning: (RTL9.17) Cell doesn't have any output pins or all output pins are undriven (blackboxed) (occurrence:10)
// Note: (RTL9.26) Liberty pin with internal_node use default input_map (occurrence:16)
// Note: Read Liberty library successfully
0
CPU time     : 0.79    seconds
Elapse time  : 13      seconds
Memory usage : 106.20  M bytes
// Command: set lec_version_required "16.20100"
16.20100
// Command: if {$lec_version >= $lec_version_required} {
//              set_naming_style genus -golden
//          } else {
//              set_naming_style rc -golden
//          }
// Command: set_naming_style genus -golden
0
// Command: set_naming_rule "%s\[%d\]" -instance_array -golden
0
// Command: set_naming_rule "%s_reg" -register -golden
0
// Command: set_naming_rule "%L.%s" "%L\[%d\].%s" "%s" -instance -golden
0
// Command: set_naming_rule "%L.%s" "%L\[%d\].%s" "%s" -variable -golden
0
// Command: set lec_version_required "17.10200"
17.10200
// Command: if {$lec_version >= $lec_version_required} {
//              set_naming_rule -ungroup_separator {_} -golden
//          }
// Command: set_naming_rule -ungroup_separator _ -golden
0
// Command: set lec_version_required "17.20301"
17.20301
// Command: if {$lec_version >= $lec_version_required} {
//              set_hdl_options -const_port_extend
//          }
// Command: set_hdl_options -const_port_extend
0
// Command: set_hdl_options -unsigned_conversion_overflow on
0
// Command: set_hdl_option -v_to_vd on
// Command: set_hdl_options -v_to_vd on
// Note: '-v' to '-vd' option is 'ON'
0
// Command: set lec_version_required "20.20226"
20.20226
// Command: if {$lec_version >= $lec_version_required} {
//              set_hdl_options -VERILOG_INCLUDE_DIR "sep:src"
//          } else {
//              set_hdl_options -VERILOG_INCLUDE_DIR "sep:src:cwd"
//          }
// Command: set_hdl_options -VERILOG_INCLUDE_DIR sep:src
0
// Command: add_search_path . -design -golden
0
// Command: read_design  -define SYNTHESIS  -merge bbox -golden -lastmod -noelab -verilog2k  /home/p/ppapadoe/Desktop/vlsi-asic/picorv32.v
// Parsing file /home/p/ppapadoe/Desktop/vlsi-asic/picorv32.v ...
0
// Command: elaborate_design -golden -root {picorv32_wb} -rootonly -rootonly  
// Golden root module is set to 'picorv32_wb'
// Warning: (RTL1.2) Variable/signal is assigned by multiple non-blocking assignments (occurrence:44)
// Warning: (RTL1.4) Assignment with LHS bit width is greater than RHS bit width (occurrence:13)
// Warning: (RTL1.5a) Assignment with RHS bit width is greater than LHS bit width (occurrence:15)
// Warning: (RTL1.5b) Potential loss of RHS msb or carry-out bit (occurrence:3)
// Warning: (RTL1.6) Blocking assignment is in sequential always block (occurrence:3)
// Warning: (RTL5.1b) Parallel case statement may have overlapping case items (occurrence:15)
// Warning: (RTL5.3) Case expressions/items are resized (occurrence:2)
// Note: (RTL5.4) Partial case items are in full case statement (occurrence:10)
// Note: (RTL5.5a) Default case item with non-X assignment(s) (occurrence:2)
// Note: (RTL5.6) Case statement with no default (occurrence:18)
// Note: (RTL5.7) Default case item with inconsistent assignment(s). (occurrence:1)
// Warning: (RTL6.1) X created due to the assignment of value X (occurrence:9)
// Warning: (RTL6.1a) X created due to default case item with X assignment(s) (occurrence:1)
// Warning: (RTL7.3) Array index in RHS might be out of range (occurrence:1)
// Warning: (RTL7.4) Array index in LHS might be out of range (occurrence:1)
// Warning: (RTL7.10a) Comparison with different data sizes (occurrence:6)
// Warning: (RTL7.10b) Ternary branches have different data sizes (occurrence:2)
// Warning: (RTL7.10c) Bit-wise operation with different data sizes (occurrence:1)
// Warning: (RTL7.10d) Comparison with positive constant of different signedness (occurrence:1)
// Warning: (RTL7.11) Implicit signed expression is converted to unsigned (occurrence:2)
// Warning: (RTL7.13) Logical operator is applied to multiple-bit operand (occurrence:27)
// Warning: (RTL8.3) Unreachable DFF/DLAT is removed (occurrence:627)
// Warning: (RTL14) Signal has input but it has no output (occurrence:339)
// Warning: (RTL14.1) Fanout load of the signal is removed (occurrence:328)
// Warning: (RTL25) Non-automatic task/function (occurrence:1)
// Warning: (VLG3.1) Unsized constant(s) with leading X/Z value is extended beyond 32 bits (occurrence:1)
// Note: (VLG9.2) The `define macro is used (occurrence:5)
// Warning: (VLG15.2) Generate block is not named explicitly by user. LEC will use IEEE naming convention (occurrence:3)
// Warning: (DIR2.1) full_case directive is detected (occurrence:10)
// Warning: (DIR2.2) parallel_case directive is detected (occurrence:16)
// Warning: (DIR4.2) Design includes one or more HDL directives or pragmas that Conformal supports (occurrence:26)
// Warning: (DIR6.1) Ignored compiler directive is detected (occurrence:1)
// Warning: (DIR6.2) Supported compiler directive is detected (occurrence:64)
// Note: (DIR6.3) Conditional compiler directive clause is effective (occurrence:11)
// Warning: (IGN1.1) Initial construct is not supported. The entire initial construct will be ignored (occurrence:1)
// Note: (HRC3.5b) Open output port connection is detected (occurrence:1)
// Warning: (HRC3.10a) An input port is declared, but it is not completely used in the module (occurrence:30)
// Warning: (HRC3.16) A wire is declared, but not used in the module (occurrence:15)
0
CPU time     : 1.08    seconds
Elapse time  : 13      seconds
Memory usage : 133.80  M bytes
// Command: read_design -verilog95   -revised -lastmod -noelab picorv32_elab.v
// Parsing file picorv32_elab.v ...
0
CPU time     : 1.56    seconds
Elapse time  : 13      seconds
Memory usage : 152.86  M bytes
// Command: elaborate_design -revised -root {picorv32_wb}
// Revised root module is set to 'picorv32_wb'
// Warning: (RTL3.4) DFF/DLAT is with both asynchronous set and reset connections (occurrence:1)
// Warning: (RTL6.1) X created due to the assignment of value X (occurrence:1)
// Warning: (RTL14) Signal has input but it has no output (occurrence:116)
// Warning: (RTL14.1) Fanout load of the signal is removed (occurrence:3)
// Warning: (DIR6.2) Supported compiler directive is detected (occurrence:84)
// Note: (DIR6.3) Conditional compiler directive clause is effective (occurrence:28)
// Warning: (IGN1.1) Initial construct is not supported. The entire initial construct will be ignored (occurrence:1)
// Warning: (IGN2.1) Delay value(s) are ignored (occurrence:1)
// Warning: (HRC3.10a) An input port is declared, but it is not completely used in the module (occurrence:31)
0
CPU time     : 1.98    seconds
Elapse time  : 14      seconds
Memory usage : 150.83  M bytes
// Command: uniquify -all -nolib -golden
Uniquified 1 instance(s) referring to module 'picorv32_ENABLE_COUNTERS1_ENABLE_COUNTERS641_ENABLE_REGS_16_311_ENABLE_REGS_DUALPORT1_TWO_STAGE_SHIFT1_BARREL_SHIFTER1_TWO_CYCLE_COMPARE0_TWO_CYCLE_ALU1_COMPRESSED_ISA0_CATCH_MISALIGN1_CATCH_ILLINSN1_ENABLE_PCPI1_ENABLE_MUL1_ENABLE_FAST_MUL1_ENABLE_DIV1_ENABLE_IRQ1_ENABLE_IRQ_QREGS1_ENABLE_IRQ_TIMER1_ENABLE_TRACE0_REGS_INIT_ZERO0_MASKED_IRQ0_LATCHED_IRQxffffffff_PROGADDR_RESET0_PROGADDR_IRQ16_STACKADDRxffffffff' in Golden
Uniquified 3 instance(s) referring to module 'VDW_minus_32' in Golden
Uniquified 1 instance(s) referring to module 'VDW_mult_boothrca_s33_s33_66' in Golden
Uniquified 4 instance(s) referring to module 'VDW_ADD_32_1_0' in Golden
Uniquified 2 instance(s) referring to module 'VDW_SUB_32_1_0' in Golden
Uniquified 5 module(s)
0
CPU time     : 2.11    seconds
Elapse time  : 14      seconds
Memory usage : 157.34  M bytes
// Command: report_design_data
============================================
Summary           Golden         Revised
============================================
Design-modules        14            5164
Library-cells        364               0
============================================
Primitives      Golden              Revised
============================================
INPUT              102                  102
OUTPUT             239                  239
--------------------------------------------
AND        *     10642                 8902
BUF        *       142                    0
DFF               2505                 2505
INV        *       598                 4256
MUX        *      6081                 5012
NAND       *        17                 5962
NOR        *       672                 2590
OR         *      2660                 2600
WIRE       *       100                 2557
XNOR       *       710                  890
XOR        *      1989                 1635
------ word-level --------------------------
ADD        *         8                    0
EQ         *         1                    0
GE         *         1                    0
GT         *         1                    0
LE         *         1                    0
LT         *         2                    0
MULT       *         1                    0
NE         *         1                    0
SLL        *         2                    0
SRA        *         1                    0
SUBTRACT   *        10                    0
WAND       *         7                    0
WINV       *         1                    0
WMUX       *       220                    0
WOR        *         5                    0
WSEL       *       111                    0
WXOR       *         1                    0
------ don't care --------------------------
X-assignments     1521                    2
--------------------------------------------
Total            27637                36911

0
// Command: report_black_box
0
// Command: set_flatten_model -seq_constant
0
// Command: set_flatten_model -seq_constant_x_to 0
0
// Command: set_flatten_model -nodff_to_dlat_zero
0
// Command: set_flatten_model -nodff_to_dlat_feedback
0
// Command: set_flatten_model -hier_seq_merge
0
// Command: set_flatten_model -balanced_modeling
0
// Command: set lec_version_required "20.10100"
20.10100
// Command: if {$lec_version >= $lec_version_required} {
//              check_verification_information
//          }
// Command: check_verification_information
Checking Sequential constant...
Checking Sequential merge...
Checking Synthesis equation...
================================================================================
Implementation Information Check Summary: 
--------------------------------------------------------------------------------
Total Sequential Constants:     0
  Name Collision:               0
  Name Ambiguous:               0
  Name not Found:               0
--------------------------------------------------------------------------------
Total Sequential Merges:        0
  Name Collision:               0
  Name Ambiguous:               0
  Name not Found:               0
  Merge Target:
    Name Ambiguous:             0
    Name not Found:             0
--------------------------------------------------------------------------------
Total Synthesis Equations:      68
  Module not Found:             0
  Equation Conflict:            0
  Equation Syntax Error:        0
No Equation Modules:            0
================================================================================
0
CPU time     : 2.89    seconds
Elapse time  : 18      seconds
Memory usage : 160.34  M bytes
// Command: set_analyze_option -auto -report_map
0
// Command: write_hier_compare_dofile hier_tmp1.lec.do -verbose -noexact_pin_match -constraint -usage \
//          -replace -balanced_extraction -input_output_pin_equivalence \
//          -prepend_string "report_design_data; report_unmapped_points -summary; report_unmapped_points -notmapped; analyze_datapath -module -verbose; eval analyze_datapath $DATAPATH_SOLVER_OPTION -verbose"
// The following settings are used for hierarchical dofile generation:
// Modeling Options:
    Auto setup disabled
    GATED_Clock modeling enabled
// Mapping Method:
    Name Only
--------------------------------------------------------------------------------
// Flattening Golden and Revised designs ...
--------------------------------------------------------------------------------
// Processing Golden ...
// Modeling Golden ...
// Warning: (F34) Converted 1521 X assignment(s) as don't care(s)
// Processing Revised ...
// Modeling Revised ...
// Warning: (F34.3) Converted 2 X assignment(s) as E(s)
// Balanced modeling mapped 5010 out of 5010 DFF/DLATs
// Warning: Golden and Revised have different numbers of key points:
// Golden  key points = 2846
// Revised key points = 2848
// Warning: Automatic key point mapping is skipped
// Command: MAP KEy Points
// Mapping key points ...
// Warning: Revised has 2 unmapped key points
================================================================================
Mapped points: SYSTEM class
--------------------------------------------------------------------------------
Mapped points     PI     PO     DFF       Total   
--------------------------------------------------------------------------------
Golden            102    239    2504      2845    
--------------------------------------------------------------------------------
Revised           102    239    2504      2845    
================================================================================
Unmapped points:
================================================================================
Golden:
--------------------------------------------------------------------------------
Unmapped points   DFF       Total   
--------------------------------------------------------------------------------
Unreachable       1         1       
================================================================================
Revised:
--------------------------------------------------------------------------------
Unmapped points   DFF    E         Total   
--------------------------------------------------------------------------------
Unreachable       1      0         1       
Not-mapped        0      2         2       
================================================================================
// Warning: Key point mapping is incomplete
CPU time     : 18.80   seconds
Elapse time  : 34      seconds
Memory usage : 206.54  M bytes
--------------------------------------------------------------------------------
// Starting hierarchical dofile generation ...
--------------------------------------------------------------------------------
// Total Matching Module Instance Pairs =  4
// Module Instantiation Ratio in Golden = 1.00
// Module Instantiation Ratio in Revised = 1.00
// Gathering Instance Boundary Information ...
// Extracting Constraints in Golden ...
// Extracting Constraints in Revised ...
// Extracting logic-cone properties of pins ...
// Balancing Constraints ...
// boundary_change values use the revised names to match.
// Checking constraints with verification information ...
Module: picorv32_pcpi_div
    Instance picorv32_core/genblk2.pcpi_div
// Checking constraints with verification information ...
Module: picorv32_ENABLE_COUNTERS1_ENABLE_COUNTERS641_ENABLE_REGS_16_311_ENABLE_REGS_DUALPORT1_TWO_STAGE_SHIFT1_BARREL_SHIFTER1_TWO_CYCLE_COMPARE0_TWO_CYCLE_ALU1_COMPRESSED_ISA0_CATCH_MISALIGN1_CATCH_ILLINSN1_ENABLE_PCPI1_ENABLE_MUL1_ENABLE_FAST_MUL1_ENABLE_DIV1_ENABLE_IRQ1_ENABLE_IRQ_QREGS1_ENABLE_IRQ_TIMER1_ENABLE_TRACE0_REGS_INIT_ZERO0_MASKED_IRQ0_LATCHED_IRQn1_PROGADDR_RESET0_PROGADDR_IRQ16_STACKADDRn1
    Instance picorv32_core
// Checking constraints with verification information ...
Module: picorv32_pcpi_fast_mul
    Instance picorv32_core/genblk1.pcpi_mul
// Resolving Constraints ...
// Writing hierarchical dofile ...
# The following Revised modules are not written because of non-matching
# instance names in Golden:
# add_unsigned (Instance: picorv32_core/add_382_74) (R)
# add_unsigned_1082 (Instance: picorv32_core/add_1560_32) (R)
# add_unsigned_1418 (Instance: picorv32_core/add_1433_40) (R)
# arith_shift_right_vlog_signed_690 (Instance: picorv32_core/sra_1236_80) (R)
# bmux_1465 (Instance: picorv32_core/mux_1433_19) (R)
# bmux_1471 (Instance: picorv32_core/mux_mem_rdata_word_412_11) (R)
# bmux_1472 (Instance: picorv32_core/mux_mem_rdata_word_420_11) (R)
# bmux_1473 (Instance: picorv32_core/mux_mem_rdata_word_403_9) (R)
# bmux_1479 (Instance: picorv32_core/mux_cpuregs[decoded_rs2]_1353_32) (R)
# bmux_1499 (Instance: picorv32_core/mux_cpuregs[decoded_rs1]_1352_32) (R)
# bmux_1554 (Instance: picorv32_core/mux_mem_la_wdata_403_9) (R)
# bmux_1556 (Instance: picorv32_core/mux_382_40) (R)
# bmux_967 (Instance: picorv32_core/genblk2.pcpi_div/mux_quotient_2472_7) (R)
# bmux_991 (Instance: picorv32_core/genblk2.pcpi_div/mux_divisor_2472_7) (R)
# case_box_496 (Instance: picorv32_core/ctl_latched_rd_1344_4) (R)
# leq_unsigned (Instance: picorv32_core/genblk2.pcpi_div/lte_2498_16) (R)
# lt_signed (Instance: picorv32_core/lt_1233_32) (R)
# lt_unsigned (Instance: picorv32_core/lt_1234_23) (R)
# mult_signed (Instance: picorv32_core/genblk1.pcpi_mul/mul_2371_47) (R)
# mux_1464 (Instance: picorv32_core/mux_pcpi_int_rd_332_3) (R)
# mux_1466 (Instance: picorv32_core/mux_reg_op2_1584_5) (R)
# mux_1474 (Instance: picorv32_core/mux_reg_out_1902_7) (R)
# mux_1485 (Instance: picorv32_core/mux_alu_out_1269_3) (R)
# mux_1547 (Instance: picorv32_core/mux_cpu_state_1584_5) (R)
# mux_1591 (Instance: picorv32_core/mux_reg_op2_1486_9) (R)
# mux_1672 (Instance: picorv32_core/mux_cpu_state_1486_9) (R)
# mux_995 (Instance: picorv32_core/genblk2.pcpi_div/mux_pcpi_rd_2469_7) (R)
# shift_left_vlog_unsigned_1244 (Instance: picorv32_core/sll_1235_23) (R)
# sub_unsigned (Instance: picorv32_core/genblk2.pcpi_div/minus_2493_26) (R)
# sub_unsigned_1449 (Instance: picorv32_core/sub_1443_19) (R)
# sub_unsigned_982 (Instance: picorv32_core/sub_1231_39) (R)
# sub_unsigned_984 (Instance: picorv32_core/genblk2.pcpi_div/minus_2475_59) (R)
4 module pairs are written for hierarchical comparison
// Command: report mapped point -summary -method
================================================================================
Mapped points: SYSTEM class
--------------------------------------------------------------------------------
Mapped points     PI     PO     DFF       Total   
--------------------------------------------------------------------------------
Golden            102    239    2504      2845    
--------------------------------------------------------------------------------
Revised           102    239    2504      2845    
================================================================================
================================================================================
Mapping method    PI     PO     DFF    Total 
--------------------------------------------------------------------------------
Name              102    239    2504   2845  
================================================================================
CPU time     : 19.11   seconds
Elapse time  : 35      seconds
Memory usage : 215.88  M bytes
// Command: report unmapped point -summary
================================================================================
Golden:
--------------------------------------------------------------------------------
Unmapped points   DFF       Total   
--------------------------------------------------------------------------------
Unreachable       1         1       
================================================================================
Revised:
--------------------------------------------------------------------------------
Unmapped points   DFF    E         Total   
--------------------------------------------------------------------------------
Unreachable       1      0         1       
Not-mapped        0      2         2       
================================================================================
0
// Command: run_hier_compare hier_tmp1.lec.do -dynamic_hierarchy
// Running Module picorv32_pcpi_fast_mul and picorv32_pcpi_fast_mul
// Command: set_root_module picorv32_pcpi_fast_mul -Golden
0
// Command: set_root_module picorv32_pcpi_fast_mul -Revised
0
// Command: set_module_property -instance /picorv32_core/genblk1.pcpi_mul -Golden
0
// Command: set_module_property -instance /picorv32_core/genblk1.pcpi_mul -Revised
0
// Command: report_black_box -NOHidden
0
// Applying constraints to module boundaries ...
// 1 Golden and 1 Revised pins constrained to constant value
// 16 Golden and 16 Revised pins marked as unreachable
// 1 Golden and 1 Revised pin equivalences applied
// Command: set_system_mode lec
// Processing Golden ...
// Modeling Golden ...
// Processing Revised ...
// Modeling Revised ...
// Balanced modeling mapped 268 out of 268 DFF/DLATs
CPU time     : 19.66   seconds
Elapse time  : 35      seconds
Memory usage : 216.25  M bytes
// Mapping key points ...
================================================================================
Mapped points: SYSTEM class
--------------------------------------------------------------------------------
Mapped points     PI     PO     DFF       Total   
--------------------------------------------------------------------------------
Golden            99     34     133       266     
--------------------------------------------------------------------------------
Revised           99     34     133       266     
================================================================================
Unmapped points:
================================================================================
Golden:
--------------------------------------------------------------------------------
Unmapped points   DFF       Total   
--------------------------------------------------------------------------------
Unreachable       1         1       
================================================================================
Revised:
--------------------------------------------------------------------------------
Unmapped points   DFF       Total   
--------------------------------------------------------------------------------
Unreachable       1         1       
================================================================================
CPU time     : 19.88   seconds
Elapse time  : 35      seconds
Memory usage : 216.25  M bytes
// Running automatic setup...
================================================================================
Mapped points: SYSTEM class
--------------------------------------------------------------------------------
Mapped points     PI     PO     DFF       Total   
--------------------------------------------------------------------------------
Golden            99     34     133       266     
--------------------------------------------------------------------------------
Revised           99     34     133       266     
================================================================================
Unmapped points:
================================================================================
Golden:
--------------------------------------------------------------------------------
Unmapped points   DFF       Total   
--------------------------------------------------------------------------------
Unreachable       1         1       
================================================================================
Revised:
--------------------------------------------------------------------------------
Unmapped points   DFF       Total   
--------------------------------------------------------------------------------
Unreachable       1         1       
================================================================================
// Automatic setup finished.
0
CPU time     : 20.17   seconds
Elapse time  : 36      seconds
Memory usage : 216.88  M bytes
// Command: report_design_data
============================================
Summary           Golden         Revised
============================================
Design-modules         2             190
Library-cells         10               0
============================================
Primitives      Golden              Revised
============================================
INPUT               99                   99
OUTPUT              35                   35
--------------------------------------------
AND        *      2352                  182
DFF                134                  134
INV        *       105                  387
MUX        *       167                  268
NAND       *        17                 3835
NOR        *       532                  409
OR         *       576                   60
WIRE       *         3                  136
XNOR       *       578                   62
XOR        *      1231                 1583
------ word-level --------------------------
MULT       *         1                    0
WMUX       *         6                    0
WSEL       *         4                    0
--------------------------------------------
Total             5695                 7056

// Command: report_unmapped_points -summary
================================================================================
Golden:
--------------------------------------------------------------------------------
Unmapped points   DFF       Total   
--------------------------------------------------------------------------------
Unreachable       1         1       
================================================================================
Revised:
--------------------------------------------------------------------------------
Unmapped points   DFF       Total   
--------------------------------------------------------------------------------
Unreachable       1         1       
================================================================================
// Command: report_unmapped_points -notmapped

0 unmapped points reported
// Command: analyze_datapath -module -verbose
// Note: Multithreaded module datapath analysis (MDP) is enabled
// 4 datapath modules are detected based on verification information.
// Note: g1 : quality evaluated 100% success 
// Note: g2 : quality evaluated 100% success 
// Note: g3 : quality evaluated 100% success 
// Note: mul_2371_47 : quality evaluated 100% success 
// Command: analyze_datapath -flowgraph -verbose
0
CPU time     : 35.95   seconds
Elapse time  : 56      seconds
Memory usage : 219.62  M bytes
// Command: add_compared_points -all
// 167 compared points added to compare list
0
// Command: compare -noneq_stop 1  -threads 1,4
// Compare will stop on the 1st non-equivalent point
================================================================================
Compared points      PO     DFF       Total   
--------------------------------------------------------------------------------
Equivalent           34     133       167     
================================================================================
CPU time     : 36.98   seconds
Elapse time  : 59      seconds
Memory usage : 219.75  M bytes
// Command: analyze abort -compare
There is no abort/specified point to be analyzed.
// Command: save_hier_compare_result
0
CPU time     : 37.26   seconds
Elapse time  : 59      seconds
Memory usage : 219.75  M bytes
// Command: set_system_mode setup
0
// Command: add_black_box picorv32_pcpi_fast_mul -module -hier -Golden
0
// Command: add_black_box picorv32_pcpi_fast_mul -module -hier -Revised
0
// Command: usage
CPU time     : 37.26   seconds
Memory usage : 219.75  M bytes
0
Processed 1 out of 4 module pairs	EQ: 1	NEQ: 0	ABORT: 0
// Running Module picorv32_pcpi_div and picorv32_pcpi_div
// Command: set_root_module picorv32_pcpi_div -Golden
0
// Command: set_root_module picorv32_pcpi_div -Revised
0
// Command: set_module_property -instance /picorv32_core/genblk2.pcpi_div -Golden
0
// Command: set_module_property -instance /picorv32_core/genblk2.pcpi_div -Revised
0
// Command: report_black_box -NOHidden
0
// Applying constraints to module boundaries ...
// 15 Golden and 15 Revised pins marked as unreachable
// Command: set_system_mode lec
// Processing Golden ...
// Modeling Golden ...
// Warning: (F34) Converted 32 X assignment(s) as don't care(s)
// Processing Revised ...
// Modeling Revised ...
// Warning: (F34.3) Converted 1 X assignment(s) as E(s)
// Balanced modeling mapped 402 out of 402 DFF/DLATs
CPU time     : 38.53   seconds
Elapse time  : 60      seconds
Memory usage : 220.75  M bytes
// Warning: Golden and Revised have different numbers of key points:
// Golden  key points = 335
// Revised key points = 336
// Mapping key points ...
// Warning: Revised has 1 unmapped key points
================================================================================
Mapped points: SYSTEM class
--------------------------------------------------------------------------------
Mapped points     PI     PO     DFF       Total   
--------------------------------------------------------------------------------
Golden            99     35     201       335     
--------------------------------------------------------------------------------
Revised           99     35     201       335     
================================================================================
Unmapped points:
================================================================================
Revised:
--------------------------------------------------------------------------------
Unmapped points   E         Total   
--------------------------------------------------------------------------------
Not-mapped        1         1       
================================================================================
// Warning: Key point mapping is incomplete
CPU time     : 38.97   seconds
Elapse time  : 61      seconds
Memory usage : 220.75  M bytes
// Running automatic setup...
================================================================================
Mapped points: SYSTEM class
--------------------------------------------------------------------------------
Mapped points     PI     PO     DFF       Total   
--------------------------------------------------------------------------------
Golden            99     35     201       335     
--------------------------------------------------------------------------------
Revised           99     35     201       335     
================================================================================
Unmapped points:
================================================================================
Revised:
--------------------------------------------------------------------------------
Unmapped points   E         Total   
--------------------------------------------------------------------------------
Not-mapped        1         1       
================================================================================
// Automatic setup finished.
0
CPU time     : 39.29   seconds
Elapse time  : 61      seconds
Memory usage : 220.75  M bytes
// Command: report_design_data
============================================
Summary           Golden         Revised
============================================
Design-modules         5             561
Library-cells         26               0
============================================
Primitives      Golden              Revised
============================================
INPUT               99                   99
OUTPUT              35                   35
--------------------------------------------
AND        *       340                  827
BUF        *         4                    0
DFF                201                  201
INV        *       239                  779
MUX        *       671                  403
NAND       *         0                  416
NOR        *         4                  402
OR         *       148                  370
WIRE       *         0                  231
XNOR       *        31                  161
XOR        *       188                    5
------ word-level --------------------------
LE         *         1                    0
NE         *         1                    0
SUBTRACT   *         5                    0
WMUX       *        18                    0
WOR        *         1                    0
WSEL       *         4                    0
------ don't care --------------------------
X-assignments       32                    1
--------------------------------------------
Total             1858                 3796

// Command: report_unmapped_points -summary
================================================================================
Revised:
--------------------------------------------------------------------------------
Unmapped points   E         Total   
--------------------------------------------------------------------------------
Not-mapped        1         1       
================================================================================
// Command: report_unmapped_points -notmapped
Unmapped point (not-mapped):
  (R)   336  E    /logicX_inst/n25150

1 unmapped points reported
================================================================================
Revised:
--------------------------------------------------------------------------------
Unmapped points   E         Total   
--------------------------------------------------------------------------------
Not-mapped        1         1       
================================================================================
// Command: analyze_datapath -module -verbose
// Note: Multithreaded module datapath analysis (MDP) is enabled
// 9 datapath modules are detected based on verification information.
// Note: g1 : quality evaluated 100% success 
// Note: g23 : quality evaluated 100% success 
// Note: g30 : quality evaluated 100% success 
// Note: minus_2493_26 : quality evaluated 100% success 
// Note: minus_2495_26 : quality evaluated 100% success 
// Note: minus_2474_59 : quality evaluated 100% success 
// Note: lte_2498_16 : quality evaluated 100% success 
// Note: sub_2499_26 : quality evaluated 100% success 
// Note: minus_2475_59 : quality evaluated 100% success 
// Command: analyze_datapath -flowgraph -verbose
0
CPU time     : 42.80   seconds
Elapse time  : 74      seconds
Memory usage : 220.75  M bytes
// Command: add_compared_points -all
// 236 compared points added to compare list
0
// Command: compare -noneq_stop 1  -threads 1,4
// Compare will stop on the 1st non-equivalent point
================================================================================
Compared points      PO     DFF       Total   
--------------------------------------------------------------------------------
Equivalent           35     201       236     
================================================================================
CPU time     : 48.95   seconds
Elapse time  : 81      seconds
Memory usage : 220.75  M bytes
// Command: analyze abort -compare
There is no abort/specified point to be analyzed.
// Command: save_hier_compare_result
0
CPU time     : 49.29   seconds
Elapse time  : 82      seconds
Memory usage : 220.75  M bytes
// Command: set_system_mode setup
0
// Command: add_black_box picorv32_pcpi_div -module -hier -Golden
0
// Command: add_black_box picorv32_pcpi_div -module -hier -Revised
0
// Command: usage
CPU time     : 49.29   seconds
Memory usage : 220.75  M bytes
0
Processed 2 out of 4 module pairs	EQ: 2	NEQ: 0	ABORT: 0
// Running Module picorv32_ENABLE_COUNTERS1_ENABLE_COUNTERS641_ENABLE_REGS_16_311_ENABLE_REGS_DUALPORT1_TWO_STAGE_SHIFT1_BARREL_SHIFTER1_TWO_CYCLE_COMPARE0_TWO_CYCLE_ALU1_COMPRESSED_ISA0_CATCH_MISALIGN1_CATCH_ILLINSN1_ENABLE_PCPI1_ENABLE_MUL1_ENABLE_FAST_MUL1_ENABLE_DIV1_ENABLE_IRQ1_ENABLE_IRQ_QREGS1_ENABLE_IRQ_TIMER1_ENABLE_TRACE0_REGS_INIT_ZERO0_MASKED_IRQ0_LATCHED_IRQn1_PROGADDR_RESET0_PROGADDR_IRQ16_STACKADDRn1 and picorv32_ENABLE_COUNTERS1_ENABLE_COUNTERS641_ENABLE_REGS_16_311_ENABLE_REGS_DUALPORT1_TWO_STAGE_SHIFT1_BARREL_SHIFTER1_TWO_CYCLE_COMPARE0_TWO_CYCLE_ALU1_COMPRESSED_ISA0_CATCH_MISALIGN1_CATCH_ILLINSN1_ENABLE_PCPI1_ENABLE_MUL1_ENABLE_FAST_MUL1_ENABLE_DIV1_ENABLE_IRQ1_ENABLE_IRQ_QREGS1_ENABLE_IRQ_TIMER1_ENABLE_TRACE0_REGS_INIT_ZERO0_MASKED_IRQ0_LATCHED_IRQn1_PROGADDR_RESET0_PROGADDR_IRQ16_STACKADDRn1
// Command: set_root_module picorv32_ENABLE_COUNTERS1_ENABLE_COUNTERS641_ENABLE_REGS_16_311_ENABLE_REGS_DUALPORT1_TWO_STAGE_SHIFT1_BARREL_SHIFTER1_TWO_CYCLE_COMPARE0_TWO_CYCLE_ALU1_COMPRESSED_ISA0_CATCH_MISALIGN1_CATCH_ILLINSN1_ENABLE_PCPI1_ENABLE_MUL1_ENABLE_FAST_MUL1_ENABLE_DIV1_ENABLE_IRQ1_ENABLE_IRQ_QREGS1_ENABLE_IRQ_TIMER1_ENABLE_TRACE0_REGS_INIT_ZERO0_MASKED_IRQ0_LATCHED_IRQn1_PROGADDR_RESET0_PROGADDR_IRQ16_STACKADDRn1 -Golden
// Warning: Total black box modules referenced in Golden = 2
0
// Command: set_root_module picorv32_ENABLE_COUNTERS1_ENABLE_COUNTERS641_ENABLE_REGS_16_311_ENABLE_REGS_DUALPORT1_TWO_STAGE_SHIFT1_BARREL_SHIFTER1_TWO_CYCLE_COMPARE0_TWO_CYCLE_ALU1_COMPRESSED_ISA0_CATCH_MISALIGN1_CATCH_ILLINSN1_ENABLE_PCPI1_ENABLE_MUL1_ENABLE_FAST_MUL1_ENABLE_DIV1_ENABLE_IRQ1_ENABLE_IRQ_QREGS1_ENABLE_IRQ_TIMER1_ENABLE_TRACE0_REGS_INIT_ZERO0_MASKED_IRQ0_LATCHED_IRQn1_PROGADDR_RESET0_PROGADDR_IRQ16_STACKADDRn1 -Revised
// Warning: Total black box modules referenced in Revised = 2
0
// Command: set_module_property -instance /picorv32_core -Golden
0
// Command: set_module_property -instance /picorv32_core -Revised
0
// Command: report_black_box -NOHidden
HIER: (G R) picorv32_pcpi_div
HIER: (G R) picorv32_pcpi_fast_mul
0
// Applying constraints to module boundaries ...
// 2 Golden and 2 Revised pins constrained to constant value
// 70 Golden and 78 Revised pins marked as unreachable
// 0 Golden and 8 Revised pin equivalences applied
// Command: set_system_mode lec
// Processing Golden ...
// Modeling Golden ...
// Warning: (F34) Converted 1489 X assignment(s) as don't care(s)
// Processing Revised ...
// Modeling Revised ...
// Warning: (F34.3) Converted 1 X assignment(s) as E(s)
// Balanced modeling mapped 4128 out of 4128 DFF/DLATs
CPU time     : 57.07   seconds
Elapse time  : 89      seconds
Memory usage : 234.50  M bytes
// Warning: Golden and Revised have different numbers of key points:
// Golden  key points = 2405
// Revised key points = 2406
// Mapping key points ...
// Warning: Revised has 1 unmapped key points
================================================================================
Mapped points: SYSTEM class
--------------------------------------------------------------------------------
Mapped points     PI     PO     DFF    BBOX      Total   
--------------------------------------------------------------------------------
Golden            102    237    2064   2         2405    
--------------------------------------------------------------------------------
Revised           102    237    2064   2         2405    
================================================================================
Unmapped points:
================================================================================
Revised:
--------------------------------------------------------------------------------
Unmapped points   E         Total   
--------------------------------------------------------------------------------
Not-mapped        1         1       
================================================================================
// Warning: Key point mapping is incomplete
CPU time     : 60.26   seconds
Elapse time  : 93      seconds
Memory usage : 234.50  M bytes
// Running automatic setup...
// Converted 2 DFF/DLAT(s) in (G) to ZERO/ONE
// Converted 2 DFF/DLAT(s) in (R) to ZERO/ONE
================================================================================
Mapped points: SYSTEM class
--------------------------------------------------------------------------------
Mapped points     PI     PO     DFF    BBOX      Total   
--------------------------------------------------------------------------------
Golden            102    237    2062   2         2403    
--------------------------------------------------------------------------------
Revised           102    237    2062   2         2403    
================================================================================
Unmapped points:
================================================================================
Golden:
--------------------------------------------------------------------------------
Unmapped points   DFF       Total   
--------------------------------------------------------------------------------
Unreachable       2         2       
================================================================================
Revised:
--------------------------------------------------------------------------------
Unmapped points   DFF    E         Total   
--------------------------------------------------------------------------------
Unreachable       2      0         2       
Not-mapped        0      1         1       
================================================================================
// Automatic setup finished.
0
CPU time     : 63.28   seconds
Elapse time  : 96      seconds
Memory usage : 234.50  M bytes
// Command: report_design_data
============================================
Summary           Golden         Revised
============================================
Design-modules         8            4290
Library-cells        308               0
============================================
Primitives      Golden              Revised
============================================
INPUT              102                  102
OUTPUT             307                  307
--------------------------------------------
AND        *      7722                 7865
BUF        *       138                    0
DFF               2064                 2064
INV        *       246                 3083
MUX        *      5035                 4129
NAND       *         0                 1711
NOR        *       133                 1775
OR         *      1822                 2156
WIRE       *        96                 2084
XNOR       *       101                  667
XOR        *       570                   47
------ word-level --------------------------
ADD        *         8                    0
EQ         *         1                    0
GE         *         1                    0
GT         *         1                    0
LT         *         2                    0
SLL        *         2                    0
SRA        *         1                    0
SUBTRACT   *         5                    0
WAND       *         7                    0
WINV       *         1                    0
WMUX       *       185                    0
WOR        *         4                    0
WSEL       *        94                    0
WXOR       *         1                    0
BBOX                 2                    2
------ don't care --------------------------
X-assignments     1489                    1
--------------------------------------------
Total            19418                25584

// Command: report_unmapped_points -summary
================================================================================
Golden:
--------------------------------------------------------------------------------
Unmapped points   DFF       Total   
--------------------------------------------------------------------------------
Unreachable       2         2       
================================================================================
Revised:
--------------------------------------------------------------------------------
Unmapped points   DFF    E         Total   
--------------------------------------------------------------------------------
Unreachable       2      0         2       
Not-mapped        0      1         1       
================================================================================
// Command: report_unmapped_points -notmapped
Unmapped point (not-mapped):
  (R)   2475  E    /logicX_inst/n25150

1 unmapped points reported
================================================================================
Revised:
--------------------------------------------------------------------------------
Unmapped points   E         Total   
--------------------------------------------------------------------------------
Not-mapped        1         1       
================================================================================
// Command: analyze_datapath -module -verbose
// Note: Multithreaded module datapath analysis (MDP) is enabled
// 55 datapath modules are detected based on verification information.
// Note: g285 : quality evaluated 100% success 
// Note: g326 : quality evaluated 100% success 
// Note: eq_1918_19 : quality evaluated 100% success 
// Note: g278 : quality evaluated 100% success 
// Note: g29 : quality evaluated 100% success 
// Note: g284 : quality evaluated 100% success 
// Note: g225 : quality evaluated 100% success 
// Note: g42 : quality evaluated 100% success 
// Note: g43 : quality evaluated 100% success 
// Note: g44 : quality evaluated 100% success 
// Note: g46 : quality evaluated 100% success 
// Note: g45 : quality evaluated 100% success 
// Note: g41 : quality evaluated 100% success 
// Note: g5 : quality evaluated 100% success 
// Note: g47 : quality evaluated 100% success 
// Note: g129 : quality evaluated 100% success 
// Note: g212 : quality evaluated 100% success 
// Note: g214 : quality evaluated 100% success 
// Note: g216 : quality evaluated 100% success 
// Note: g224 : quality evaluated 100% success 
// Note: g123 : quality evaluated 100% success 
// Note: g264 : quality evaluated 100% success 
// Note: g1 : quality evaluated 100% success 
// Note: g279 : quality evaluated 100% success 
// Note: g128 : quality evaluated 100% success 
// Note: g125 : quality evaluated 100% success 
// Note: g2 : quality evaluated 100% success 
// Note: sub_1231_39 : quality evaluated 100% success 
// Note: add_382_74 : quality evaluated 100% success 
// Note: sll_419_28 : quality evaluated 100% success 
// Note: eq_1079_77 : quality evaluated 100% success 
// Note: eq_1080_77 : quality evaluated 100% success 
// Note: eq_1081_77 : quality evaluated 100% success 
// Note: eq_1082_77 : quality evaluated 100% success 
// Note: eq_1083_77 : quality evaluated 100% success 
// Note: eq_1084_77 : quality evaluated 100% success 
// Note: add_1231_59 : quality evaluated 100% success 
// Note: add_1317_30 : quality evaluated 100% success 
// Note: add_1552_33 : quality evaluated 100% success 
// Note: add_1569_33 : quality evaluated 100% success 
// Note: add_1560_32 : quality evaluated 100% success 
// Note: add_1869_26 : quality evaluated 100% success 
// Note: add_1806_23 : quality evaluated 100% success 
// Note: sll_1235_23 : quality evaluated 100% success 
// Note: eq_1232_22 : quality evaluated 100% success 
// Note: lt_1234_23 : quality evaluated 100% success 
// Note: lt_1233_32 : quality evaluated 100% success 
// Note: add_1433_40 : quality evaluated 100% success 
// Note: add_1564_34 : quality evaluated 100% success 
// Note: gte_1835_34 : quality evaluated 100% success 
// Note: sub_1842_23 : quality evaluated 100% success 
// Note: sub_1850_23 : quality evaluated 100% success 
// Note: g339 : quality evaluated 100% success 
// Note: sub_1443_19 : quality evaluated 100% success 
// Note: sub_1426_51 : quality evaluated 100% success 
// Command: analyze_datapath -flowgraph -verbose
0
CPU time     : 85.37   seconds
Elapse time  : 177     seconds
Memory usage : 244.20  M bytes
// Command: add_compared_points -all
// 2301 compared points added to compare list
0
// Command: compare -noneq_stop 1  -threads 1,4
// Compare will stop on the 1st non-equivalent point
================================================================================
Compared points      PO     DFF    BBOX      Total   
--------------------------------------------------------------------------------
Equivalent           237    2062   2         2301    
================================================================================
// Warning: (COMP5) There are 22 equivalent point(s) optimized by don't-care space.
CPU time     : 99.04   seconds
Elapse time  : 186     seconds
Memory usage : 244.20  M bytes
// Command: analyze abort -compare
There is no abort/specified point to be analyzed.
// Command: save_hier_compare_result
0
CPU time     : 101.24  seconds
Elapse time  : 188     seconds
Memory usage : 244.20  M bytes
// Command: set_system_mode setup
0
// Command: add_black_box picorv32_ENABLE_COUNTERS1_ENABLE_COUNTERS641_ENABLE_REGS_16_311_ENABLE_REGS_DUALPORT1_TWO_STAGE_SHIFT1_BARREL_SHIFTER1_TWO_CYCLE_COMPARE0_TWO_CYCLE_ALU1_COMPRESSED_ISA0_CATCH_MISALIGN1_CATCH_ILLINSN1_ENABLE_PCPI1_ENABLE_MUL1_ENABLE_FAST_MUL1_ENABLE_DIV1_ENABLE_IRQ1_ENABLE_IRQ_QREGS1_ENABLE_IRQ_TIMER1_ENABLE_TRACE0_REGS_INIT_ZERO0_MASKED_IRQ0_LATCHED_IRQn1_PROGADDR_RESET0_PROGADDR_IRQ16_STACKADDRn1 -module -hier -Golden
0
// Command: add_black_box picorv32_ENABLE_COUNTERS1_ENABLE_COUNTERS641_ENABLE_REGS_16_311_ENABLE_REGS_DUALPORT1_TWO_STAGE_SHIFT1_BARREL_SHIFTER1_TWO_CYCLE_COMPARE0_TWO_CYCLE_ALU1_COMPRESSED_ISA0_CATCH_MISALIGN1_CATCH_ILLINSN1_ENABLE_PCPI1_ENABLE_MUL1_ENABLE_FAST_MUL1_ENABLE_DIV1_ENABLE_IRQ1_ENABLE_IRQ_QREGS1_ENABLE_IRQ_TIMER1_ENABLE_TRACE0_REGS_INIT_ZERO0_MASKED_IRQ0_LATCHED_IRQn1_PROGADDR_RESET0_PROGADDR_IRQ16_STACKADDRn1 -module -hier -Revised
0
// Command: usage
CPU time     : 101.24  seconds
Memory usage : 244.20  M bytes
0
Processed 3 out of 4 module pairs	EQ: 3	NEQ: 0	ABORT: 0
// Running Module picorv32_wb and picorv32_wb
// Command: set_root_module picorv32_wb -Golden
// Warning: Total black box modules referenced in Golden = 3
0
// Command: set_root_module picorv32_wb -Revised
// Warning: Total black box modules referenced in Revised = 3
0
// Command: set_module_property -instance / -Golden
0
// Command: set_module_property -instance / -Revised
0
// Command: report_black_box -NOHidden
HIER: (G R) picorv32_ENABLE_COUNTERS1_ENABLE_COUNTERS641_ENABLE_REGS_16_311_ENABLE_REGS_DUALPORT1_TWO_STAGE_SHIFT1_BARREL_SHIFTER1_TWO_CYCLE_COMPARE0_TWO_CYCLE_ALU1_COMPRESSED_ISA0_CATCH_MISALIGN1_CATCH_ILLINSN1_ENABLE_PCPI1_ENABLE_MUL1_ENABLE_FAST_MUL1_ENABLE_DIV1_ENABLE_IRQ1_ENABLE_IRQ_QREGS1_ENABLE_IRQ_TIMER1_ENABLE_TRACE0_REGS_INIT_ZERO0_MASKED_IRQ0_LATCHED_IRQn1_PROGADDR_RESET0_PROGADDR_IRQ16_STACKADDRn1
0
// Command: set_system_mode lec
// Processing Golden ...
// Modeling Golden ...
// Processing Revised ...
// Modeling Revised ...
// Balanced modeling mapped 212 out of 212 DFF/DLATs
CPU time     : 101.71  seconds
Elapse time  : 188     seconds
Memory usage : 245.70  M bytes
// Mapping key points ...
================================================================================
Mapped points: SYSTEM class
--------------------------------------------------------------------------------
Mapped points     PI     PO     DFF    BBOX      Total   
--------------------------------------------------------------------------------
Golden            102    239    106    1         448     
--------------------------------------------------------------------------------
Revised           102    239    106    1         448     
================================================================================
CPU time     : 101.90  seconds
Elapse time  : 189     seconds
Memory usage : 245.70  M bytes
// Running automatic setup...
================================================================================
Mapped points: SYSTEM class
--------------------------------------------------------------------------------
Mapped points     PI     PO     DFF    BBOX      Total   
--------------------------------------------------------------------------------
Golden            102    239    106    1         448     
--------------------------------------------------------------------------------
Revised           102    239    106    1         448     
================================================================================
// Automatic setup finished.
0
CPU time     : 102.06  seconds
Elapse time  : 189     seconds
Memory usage : 245.70  M bytes
// Command: report_design_data
============================================
Summary           Golden         Revised
============================================
Design-modules         2             126
Library-cells         20               0
============================================
Primitives      Golden              Revised
============================================
INPUT              102                  102
OUTPUT             239                  239
--------------------------------------------
AND        *       228                   28
DFF                106                  106
INV        *         8                    7
MUX        *       208                  212
NOR        *         3                    4
OR         *       114                   14
WIRE       *         1                  106
------ word-level --------------------------
WMUX       *        11                    0
WSEL       *         9                    0
BBOX                 1                    1
--------------------------------------------
Total              669                  478

// Command: report_unmapped_points -summary
There is no unmapped point
// Command: report_unmapped_points -notmapped
There is no unmapped point
// Command: analyze_datapath -module -verbose
// Note: Multithreaded module datapath analysis (MDP) is enabled
// Warning: No eligible datapath module in the design. Skip ...
// Command: analyze_datapath -flowgraph -verbose
0
// Command: add_compared_points -all
// 346 compared points added to compare list
0
// Command: compare -noneq_stop 1  -threads 1,4
// Compare will stop on the 1st non-equivalent point
================================================================================
Compared points      PO     DFF    BBOX      Total   
--------------------------------------------------------------------------------
Equivalent           239    106    1         346     
================================================================================
CPU time     : 102.93  seconds
Elapse time  : 192     seconds
Memory usage : 245.82  M bytes
// Command: analyze abort -compare
There is no abort/specified point to be analyzed.
// Command: save_hier_compare_result
0
CPU time     : 103.37  seconds
Elapse time  : 193     seconds
Memory usage : 245.82  M bytes
// Command: set_system_mode setup
0
// Command: usage
CPU time     : 103.37  seconds
Memory usage : 245.82  M bytes
0
Processed 4 out of 4 module pairs	EQ: 4	NEQ: 0	ABORT: 0

================================================================================
Module Comparison Results
--------------------------------------------------------------------------------
Equivalent                     4
--------------------------------------------------------------------------------
Total                          4
--------------------------------------------------------------------------------
Hierarchical compare : Equivalent 
================================================================================
0
CPU time     : 103.71  seconds
Elapse time  : 193     seconds
Memory usage : 246.32  M bytes
// Command: report_hier_compare_result -dynamicflattened
0
// Command: report_verification -hier -verbose
================================================================================
                            Verification Report
--------------------------------------------------------------------------------
Category                                                                  Count
--------------------------------------------------------------------------------
1. Non-standard modeling options used:                                      0
     Tri-stated output:                                        checked
     Revised X signals set to E:                               yes
     Floating signals tied to Z:                               yes
     Command "add clock" for clock-gating:                     not used
--------------------------------------------------------------------------------
2. Incomplete verification:                                                 0
     All primary outputs are mapped:                           yes
     Not-mapped DFF/DLAT is detected:                          no
     All mapped points are added as compare points:            yes
     All compared points are compared:                         yes
     User added black box:                                     no
     Black box mapped with different module name:              no
     Empty module is not black boxed:                          no
     Command "add ignore outputs" used:                        no
     Always false constraints detected:                        no
     Verified pin-equivalent outputs are unmapped:             no
--------------------------------------------------------------------------------
3. User modification to design:                                             0
     Change gate type:                                         no
     Change wire:                                              no
     Primary input added by user:                              no
--------------------------------------------------------------------------------
4. Conformal Constraint Designer clock domain crossing checks recommended:  1
     RTL5.4 Partial case items in full case statement:         used *
     Multiple clocks in the design:                            no
--------------------------------------------------------------------------------
5. Design ambiguity:                                                        0
     Duplicate module definition:                              no
     Black box due to undefined cells:                         no
     Golden design has abnormal ratio of unreachable gates:    no
     Ratio of golden unreachable gates:                        0%
     Revised design has abnormal ratio of unreachable gates:   no
     Ratio of revised unreachable gates:                       1%
     All primary input bus ordering is consistent:             yes
     All primary output bus ordering is consistent:            yes
     DFF/DLAT not compared due to disabled clock port(s):        0
     Always X compared point is detected:                      not checked
--------------------------------------------------------------------------------
6. Compare Results:                                                        PASS
     Total Equivalent modules  = 4
================================================================================
pass
// Command: set_system_mode lec
0
// Command: write_compared_points noneq.compared_points.picorv32_wb.rtl.picorv32_elabv.tcl -class noneq -tclmode -replace
0
// Command: set lec_version_required "21.10100"
21.10100
// Command: if {$lec_version >= $lec_version_required} {
//              analyze_nonequivalent -source_diagnosis
//              report_nonequivalent_analysis > noneq.source_diag.picorv32_wb.rtl.picorv32_elabv.rpt
//          }
// Command: analyze_nonequivalent -source_diagnosis
// Warning: Non-equivalent points do not exist.
// Command: report_nonequivalent_analysis > noneq.source_diag.picorv32_wb.rtl.picorv32_elabv.rpt
0
// Command: report_test_vector -noneq > noneq.test_vector.picorv32_wb.rtl.picorv32_elabv.rpt
0
// Command: set_system_mode setup
0
// Command: write_verification_information
// Verification information is written to rtl_picorv32_elabv_db.
0
CPU time     : 103.91  seconds
Elapse time  : 193     seconds
Memory usage : 246.45  M bytes
// Command: report_verification_information
// Generating reports on verification information at /home/p/ppapadoe/Desktop/vlsi-asic/askhsh7/genus/rtl_picorv32_elabv_db...
LEC run scores:
================================================================================
Step                Score     Range          
--------------------------------------------------------------------------------
result_status       10        10             
runtime             10        10             
mapping             10        10             
sequential_constant 10        10             
sequential_merge    5         10             
sequential_phase    10        10             
datapath_analysis   10        10             
combinational_loop  5         10             
mismatch_detection  5         10             
overall             75        90             
================================================================================
LEC results versus attributes:
================================================================================
Attribute           Total     Inconsistency  Combined Table                
--------------------------------------------------------------------------------
sequential_constant 6         0              sequential_constant.json      
sequential_merge    0         0                                            
sequential_phase    2502      0              sequential_phase.json         
================================================================================
The tables can be viewed directly using web interface.
// Done with reporting verification information.
0
// Command: set lec_version_required "18.20330"
18.20330
// Command: if {$lec_version >= $lec_version_required} {
//              report_implementation_information
//          }
// Command: report_implementation_information
// Reporting implementation information...
// Information summary:
================================================================================
        Information Category     Total      Used    Unused  Rejected     Abort
--------------------------------------------------------------------------------
   Sequential instance phase      2505      2505         0         0         0
               Phase mapping         0         0         0         0         0
         Sequential constant         0         0         0         0         0
            Sequential merge         0         0         0         0         0
      Sequential unreachable        35         0        35         0         0
      Sequential duplication         0         0         0         0         0
       Boundary optimization         0         0         0         0         0
          Synthesis equation        68        54        14         0         0
  Combinational loop breaker         0         0         0         0         0
================================================================================
0
// Command: set_system_mode lec
0
// Command: puts "No of compare points = [get_compare_points -count]"
// Command: get_compare_points -count
No of compare points = 346
// Command: puts "No of diff points    = [get_compare_points -NONequivalent -count]"
// Command: get_compare_points -NONequivalent -count
No of diff points    = 0
// Command: puts "No of abort points   = [get_compare_points -abort -count]"
// Command: get_compare_points -abort -count
No of abort points   = 0
// Command: puts "No of unknown points = [get_compare_points -unknown -count]"
// Command: get_compare_points -unknown -count
No of unknown points = 0
// Command: if {[get_compare_points -count] == 0} {
//              puts "---------------------------------"
//              puts "ERROR: No compare points detected"
//              puts "---------------------------------"
//          }
// Command: get_compare_points -count
// Command: if {[get_compare_points -NONequivalent -count] > 0} {
//              puts "------------------------------------"
//              puts "ERROR: Different Key Points detected"
//              puts "------------------------------------"
//          }
// Command: get_compare_points -NONequivalent -count
// Command: if {[get_compare_points -abort -count] > 0} {
//              puts "-----------------------------"
//              puts "ERROR: Abort Points detected "
//              puts "-----------------------------"
//          }
// Command: get_compare_points -abort -count
// Command: if {[get_compare_points -unknown -count] > 0} {
//              puts "----------------------------------"
//              puts "ERROR: Unknown Key Points detected"
//              puts "----------------------------------"
//          }
// Command: get_compare_points -unknown -count
// Command: set lec_version_required "19.10100"
19.10100
// Command: if {$lec_version >= $lec_version_required} {
//              analyze_results -logfiles $logfile
//          }
// Command: analyze_results -logfiles rtl_vs_elab.lec.log
// Analyzing logfile 'rtl_vs_elab.lec.log'
// Warning: Analyze results collects information from the log file but does not
//          qualify the execution or completeness of the run.
// Logfile Results
================================================================================
|                  Conformal Version |23.10-s300 
|                        Root Module |picorv32_wb 
|                           CPU Time |103 sec
|                       Elapsed Time |181 sec
|                             Memory |246.45 MB
|              Power Grid Comparison |N/A 
|               Power Intent Compare |N/A 
|           Supply Power Consistency |N/A 
|        Retention Power Consistency |N/A 
|             Compare Power Crossing |N/A 
|                     LEC Comparison |PASS 
|                 Flatten Comparison |N/A 
|            Hierarchical Comparison |PASS 
|                      Logfile Lines |1360 
|                       Logfile Name |rtl_vs_elab.lec.log 
|              Logfile Modified Time |Wed Dec  3 19:29:53 2025 
|         Implementation Information |fv/picorv32_wb 
|       Set Verification Information |/home/p/ppapadoe/Desktop/vlsi-asic/askhsh7/genus/rtl_picorv32_elabv_db 
|      Read Verification Information |N/A 
|                   Analysis Elapsed |0.2 sec
|                    Runtime / #Gate |0.0 sec
|Matched back-to-back isolation cell |N/A 
|            Time-consuming commands | 1. analyze datapath: 114s(62.98%) (execute 8 time(s))
|                                    | 2. compare: 22s(12.15%) (execute 4 time(s))
|                                    | 3. set system mode: 18s(9.94%) (execute 11 time(s))
================================================================================
           
// Usage Breakdown Summary
================================================================================
|Command                   |  Total Elapse Time|  Total CPU Time|    Peak Memory
--------------------------------------------------------------------------------
|read library              |                1 s|             0 s|      106.20 MB
|read design -golden       |                0 s|             0 s|        0.00 MB
|read design -revised      |                0 s|             0 s|      152.86 MB
|write hier_compare dofile |               16 s|            16 s|      206.54 MB
|run hier_compare          |              158 s|            84 s|      246.32 MB
           
// Critical Warnings
================================================================================
|Occurrence|Warning
--------------------------------------------------------------------------------
|6         |(RTL7.10a) Comparison with different data sizes
|2         |(RTL5.3) Case expressions/items are resized
|2         |(RTL7.10b) Ternary branches have different data sizes
|1         |(RTL7.3) Array index in RHS might be out of range
|1         |(RTL7.4) Array index in LHS might be out of range
|1         |(RTL7.10c) Bit-wise operation with different data sizes
================================================================================
           
           
// Hierarchical Comparison Information
--------------------------------------------------------------------------------
// Hierarchical Run #1
             
// Write Dofile Command          : write_hier_compare_dofile hier_tmp1.lec.do -verbose -noexact_pin_match -constraint -usage -replace -balanced_extraction -input_output_pin_equivalence -prepend_string "report_design_data; report_unmapped_points -summary; report_unmapped_points -notmapped; analyze_datapath -module -verbose; eval analyze_datapath $DATAPATH_SOLVER_OPTION -verbose" (line: 318)
// Run Hier_compare Command      : run_hier_compare hier_tmp1.lec.do -dynamic_hierarchy (line: 464)
// Hierarchical Compare Result   : Equivalent
// Smart instance selection      : Disable
           
// Hierarchical Comparison Statistics
================================================================================
|     Modules|       Total|         Max|         Min|         Avg
--------------------------------------------------------------------------------
|           4|         158|         106|           5|          40
================================================================================
  Modules: Total number of modules.
  Total: Sum of all module runtimes(sec).
  Max: Runtime of module with longest runtime.
  Min: Runtime of module with shortest runtime.
  Avg: Average runtime of all modules.
           
// Bottleneck Modules: 
// Note: Report skipped due to brief overall runtime
 
// Smart LEC Parallel Hierarchical Comparison Analysis
// Note: Analysis is skipped due to brief overall runtime
--------------------------------------------------------------------------------
               
// Resource usages of analysis: Cpu=0.42s Mem=190MB
0
// Command: vpxmode
// Command: exit -f
