###############################################################
#  Generated by:      Cadence Innovus 21.35-s114_1
#  OS:                Linux x86_64(Host ID cn88.it.auth.gr)
#  Generated on:      Sun Nov 30 19:20:39 2025
#  Design:            picorv32_wb
#  Command:           report_timing -path_group reg2out -check_type setup -max_paths 50 > reports/preCTS/setup_reg2out.rpt
###############################################################
Path 1: MET Late External Delay Assertion 
Endpoint:   pcpi_rs2[0]                    (v) checked with  leading edge of 
'clk'
Beginpoint: picorv32_core_reg_op2_reg[0]/Q (v) triggered by  leading edge of 
'clk'
Path Groups: {reg2out}
Analysis View: analysis1
Other End Arrival Time          0.000
- External Delay                0.500
+ Phase Shift                   4.000
- Uncertainty                   0.020
= Required Time                 3.480
- Arrival Time                  0.477
= Slack Time                    3.003
     Clock Rise Edge                 0.000
     + Clock Network Latency (Ideal) 0.000
     = Beginpoint Arrival Time       0.000
     +--------------------------------------------------------------------------------------+ 
     |           Instance           |      Arc      |   Cell   | Delay | Arrival | Required | 
     |                              |               |          |       |  Time   |   Time   | 
     |------------------------------+---------------+----------+-------+---------+----------| 
     | picorv32_core_reg_op2_reg[0] | CK ^          |          |       |   0.000 |    3.003 | 
     | picorv32_core_reg_op2_reg[0] | CK ^ -> Q v   | SDFFQX1  | 0.148 |   0.148 |    3.151 | 
     | FE_OFC921_pcpi_rs2_0         | A v -> Y ^    | INVX1    | 0.062 |   0.210 |    3.212 | 
     | FE_OFC922_pcpi_rs2_0         | A ^ -> Y v    | INVX2    | 0.075 |   0.284 |    3.287 | 
     | FE_OFC1466_pcpi_rs2_0        | A v -> Y ^    | INVX1    | 0.044 |   0.328 |    3.331 | 
     | FE_OFC1467_pcpi_rs2_0        | A ^ -> Y v    | CLKINVX8 | 0.137 |   0.465 |    3.468 | 
     |                              | pcpi_rs2[0] v |          | 0.012 |   0.477 |    3.480 | 
     +--------------------------------------------------------------------------------------+ 
Path 2: MET Late External Delay Assertion 
Endpoint:   pcpi_rs2[2]                    (v) checked with  leading edge of 
'clk'
Beginpoint: picorv32_core_reg_op2_reg[2]/Q (v) triggered by  leading edge of 
'clk'
Path Groups: {reg2out}
Analysis View: analysis1
Other End Arrival Time          0.000
- External Delay                0.500
+ Phase Shift                   4.000
- Uncertainty                   0.020
= Required Time                 3.480
- Arrival Time                  0.469
= Slack Time                    3.011
     Clock Rise Edge                 0.000
     + Clock Network Latency (Ideal) 0.000
     = Beginpoint Arrival Time       0.000
     +--------------------------------------------------------------------------------------+ 
     |           Instance           |      Arc      |   Cell   | Delay | Arrival | Required | 
     |                              |               |          |       |  Time   |   Time   | 
     |------------------------------+---------------+----------+-------+---------+----------| 
     | picorv32_core_reg_op2_reg[2] | CK ^          |          |       |   0.000 |    3.011 | 
     | picorv32_core_reg_op2_reg[2] | CK ^ -> Q v   | SDFFQX1  | 0.113 |   0.113 |    3.124 | 
     | FE_OFC1838_pcpi_rs2_2        | A v -> Y ^    | INVX1    | 0.101 |   0.213 |    3.224 | 
     | FE_OFC1839_pcpi_rs2_2        | A ^ -> Y v    | INVX1    | 0.068 |   0.281 |    3.292 | 
     | FE_OFC1841_pcpi_rs2_2        | A v -> Y ^    | INVX1    | 0.038 |   0.319 |    3.330 | 
     | FE_OFC1685_pcpi_rs2_2        | A ^ -> Y v    | CLKINVX8 | 0.135 |   0.455 |    3.465 | 
     |                              | pcpi_rs2[2] v |          | 0.015 |   0.469 |    3.480 | 
     +--------------------------------------------------------------------------------------+ 
Path 3: MET Late External Delay Assertion 
Endpoint:   pcpi_rs2[4]                    (v) checked with  leading edge of 
'clk'
Beginpoint: picorv32_core_reg_op2_reg[4]/Q (v) triggered by  leading edge of 
'clk'
Path Groups: {reg2out}
Analysis View: analysis1
Other End Arrival Time          0.000
- External Delay                0.500
+ Phase Shift                   4.000
- Uncertainty                   0.020
= Required Time                 3.480
- Arrival Time                  0.402
= Slack Time                    3.078
     Clock Rise Edge                 0.000
     + Clock Network Latency (Ideal) 0.000
     = Beginpoint Arrival Time       0.000
     +--------------------------------------------------------------------------------------+ 
     |           Instance           |      Arc      |   Cell   | Delay | Arrival | Required | 
     |                              |               |          |       |  Time   |   Time   | 
     |------------------------------+---------------+----------+-------+---------+----------| 
     | picorv32_core_reg_op2_reg[4] | CK ^          |          |       |   0.000 |    3.078 | 
     | picorv32_core_reg_op2_reg[4] | CK ^ -> Q v   | SDFFQX1  | 0.116 |   0.116 |    3.194 | 
     | FE_OFC1449_pcpi_rs2_4        | A v -> Y v    | BUFX2    | 0.076 |   0.193 |    3.270 | 
     | FE_OFC1450_pcpi_rs2_4        | A v -> Y ^    | INVXL    | 0.054 |   0.247 |    3.325 | 
     | FE_OFC1683_pcpi_rs2_4        | A ^ -> Y v    | CLKINVX8 | 0.142 |   0.389 |    3.467 | 
     |                              | pcpi_rs2[4] v |          | 0.013 |   0.402 |    3.480 | 
     +--------------------------------------------------------------------------------------+ 
Path 4: MET Late External Delay Assertion 
Endpoint:   pcpi_rs2[3]                     (v) checked with  leading edge of 
'clk'
Beginpoint: picorv32_core_reg_op2_reg[3]/QN (^) triggered by  leading edge of 
'clk'
Path Groups: {reg2out}
Analysis View: analysis1
Other End Arrival Time          0.000
- External Delay                0.500
+ Phase Shift                   4.000
- Uncertainty                   0.020
= Required Time                 3.480
- Arrival Time                  0.400
= Slack Time                    3.080
     Clock Rise Edge                 0.000
     + Clock Network Latency (Ideal) 0.000
     = Beginpoint Arrival Time       0.000
     +--------------------------------------------------------------------------------------+ 
     |            Instance            |      Arc      |  Cell  | Delay | Arrival | Required | 
     |                                |               |        |       |  Time   |   Time   | 
     |--------------------------------+---------------+--------+-------+---------+----------| 
     | picorv32_core_reg_op2_reg[3]   | CK ^          |        |       |   0.000 |    3.080 | 
     | picorv32_core_reg_op2_reg[3]   | CK ^ -> QN ^  | SDFFX1 | 0.136 |   0.136 |    3.216 | 
     | FE_OFC1805_picorv32_core_n_901 | A ^ -> Y v    | INVX2  | 0.094 |   0.230 |    3.310 | 
     | FE_OFC1734_pcpi_rs2_3          | A v -> Y v    | BUFX8  | 0.160 |   0.390 |    3.470 | 
     |                                | pcpi_rs2[3] v |        | 0.010 |   0.400 |    3.480 | 
     +--------------------------------------------------------------------------------------+ 
Path 5: MET Late External Delay Assertion 
Endpoint:   pcpi_rs2[1]                    (v) checked with  leading edge of 
'clk'
Beginpoint: picorv32_core_reg_op2_reg[1]/Q (v) triggered by  leading edge of 
'clk'
Path Groups: {reg2out}
Analysis View: analysis1
Other End Arrival Time          0.000
- External Delay                0.500
+ Phase Shift                   4.000
- Uncertainty                   0.020
= Required Time                 3.480
- Arrival Time                  0.399
= Slack Time                    3.081
     Clock Rise Edge                 0.000
     + Clock Network Latency (Ideal) 0.000
     = Beginpoint Arrival Time       0.000
     +--------------------------------------------------------------------------------------+ 
     |           Instance           |      Arc      |   Cell   | Delay | Arrival | Required | 
     |                              |               |          |       |  Time   |   Time   | 
     |------------------------------+---------------+----------+-------+---------+----------| 
     | picorv32_core_reg_op2_reg[1] | CK ^          |          |       |   0.000 |    3.081 | 
     | picorv32_core_reg_op2_reg[1] | CK ^ -> Q v   | SDFFQX1  | 0.095 |   0.095 |    3.176 | 
     | FE_OFC1462_pcpi_rs2_1        | A v -> Y v    | BUFX2    | 0.099 |   0.194 |    3.275 | 
     | FE_OFC1755_pcpi_rs2_1        | A v -> Y ^    | INVX1    | 0.053 |   0.247 |    3.328 | 
     | FE_OFC1687_pcpi_rs2_1        | A ^ -> Y v    | CLKINVX8 | 0.139 |   0.386 |    3.467 | 
     |                              | pcpi_rs2[1] v |          | 0.014 |   0.399 |    3.480 | 
     +--------------------------------------------------------------------------------------+ 
Path 6: MET Late External Delay Assertion 
Endpoint:   pcpi_rs1[27]                    (v) checked with  leading edge of 
'clk'
Beginpoint: picorv32_core_reg_op1_reg[27]/Q (v) triggered by  leading edge of 
'clk'
Path Groups: {reg2out}
Analysis View: analysis1
Other End Arrival Time          0.000
- External Delay                0.500
+ Phase Shift                   4.000
- Uncertainty                   0.020
= Required Time                 3.480
- Arrival Time                  0.384
= Slack Time                    3.096
     Clock Rise Edge                 0.000
     + Clock Network Latency (Ideal) 0.000
     = Beginpoint Arrival Time       0.000
     +----------------------------------------------------------------------------------------+ 
     |           Instance            |      Arc       |   Cell   | Delay | Arrival | Required | 
     |                               |                |          |       |  Time   |   Time   | 
     |-------------------------------+----------------+----------+-------+---------+----------| 
     | picorv32_core_reg_op1_reg[27] | CK ^           |          |       |   0.000 |    3.096 | 
     | picorv32_core_reg_op1_reg[27] | CK ^ -> Q v    | SDFFQX1  | 0.119 |   0.120 |    3.215 | 
     | FE_OFC307_pcpi_rs1_27         | A v -> Y ^     | INVX1    | 0.080 |   0.200 |    3.295 | 
     | FE_OFC680_pcpi_rs1_27         | A ^ -> Y v     | INVX1    | 0.031 |   0.230 |    3.326 | 
     | FE_OFC1633_pcpi_rs1_27        | A v -> Y v     | CLKBUFX8 | 0.136 |   0.366 |    3.462 | 
     |                               | pcpi_rs1[27] v |          | 0.018 |   0.384 |    3.480 | 
     +----------------------------------------------------------------------------------------+ 
Path 7: MET Late External Delay Assertion 
Endpoint:   pcpi_rs1[29]                    (v) checked with  leading edge of 
'clk'
Beginpoint: picorv32_core_reg_op1_reg[29]/Q (v) triggered by  leading edge of 
'clk'
Path Groups: {reg2out}
Analysis View: analysis1
Other End Arrival Time          0.000
- External Delay                0.500
+ Phase Shift                   4.000
- Uncertainty                   0.020
= Required Time                 3.480
- Arrival Time                  0.373
= Slack Time                    3.107
     Clock Rise Edge                 0.000
     + Clock Network Latency (Ideal) 0.000
     = Beginpoint Arrival Time       0.000
     +----------------------------------------------------------------------------------------+ 
     |           Instance            |      Arc       |   Cell   | Delay | Arrival | Required | 
     |                               |                |          |       |  Time   |   Time   | 
     |-------------------------------+----------------+----------+-------+---------+----------| 
     | picorv32_core_reg_op1_reg[29] | CK ^           |          |       |   0.000 |    3.107 | 
     | picorv32_core_reg_op1_reg[29] | CK ^ -> Q v    | SDFFQX1  | 0.118 |   0.118 |    3.225 | 
     | FE_OFC302_pcpi_rs1_29         | A v -> Y ^     | INVX1    | 0.088 |   0.207 |    3.313 | 
     | FE_OFC1279_pcpi_rs1_29        | A ^ -> Y v     | CLKINVX8 | 0.157 |   0.363 |    3.470 | 
     |                               | pcpi_rs1[29] v |          | 0.010 |   0.373 |    3.480 | 
     +----------------------------------------------------------------------------------------+ 
Path 8: MET Late External Delay Assertion 
Endpoint:   pcpi_rs1[19]                    (v) checked with  leading edge of 
'clk'
Beginpoint: picorv32_core_reg_op1_reg[19]/Q (v) triggered by  leading edge of 
'clk'
Path Groups: {reg2out}
Analysis View: analysis1
Other End Arrival Time          0.000
- External Delay                0.500
+ Phase Shift                   4.000
- Uncertainty                   0.020
= Required Time                 3.480
- Arrival Time                  0.372
= Slack Time                    3.108
     Clock Rise Edge                 0.000
     + Clock Network Latency (Ideal) 0.000
     = Beginpoint Arrival Time       0.000
     +----------------------------------------------------------------------------------------+ 
     |           Instance            |      Arc       |   Cell   | Delay | Arrival | Required | 
     |                               |                |          |       |  Time   |   Time   | 
     |-------------------------------+----------------+----------+-------+---------+----------| 
     | picorv32_core_reg_op1_reg[19] | CK ^           |          |       |   0.000 |    3.108 | 
     | picorv32_core_reg_op1_reg[19] | CK ^ -> Q v    | SDFFQX1  | 0.048 |   0.048 |    3.155 | 
     | FE_OFC1829_pcpi_rs1_19        | A v -> Y ^     | INVX1    | 0.018 |   0.065 |    3.173 | 
     | FE_OFC1830_pcpi_rs1_19        | A ^ -> Y v     | INVX1    | 0.098 |   0.163 |    3.271 | 
     | FE_OFC1831_pcpi_rs1_19        | A v -> Y ^     | INVX1    | 0.057 |   0.221 |    3.328 | 
     | FE_OFC1305_pcpi_rs1_19        | A ^ -> Y v     | CLKINVX8 | 0.140 |   0.361 |    3.469 | 
     |                               | pcpi_rs1[19] v |          | 0.011 |   0.372 |    3.480 | 
     +----------------------------------------------------------------------------------------+ 
Path 9: MET Late External Delay Assertion 
Endpoint:   pcpi_rs2[16]                    (v) checked with  leading edge of 
'clk'
Beginpoint: picorv32_core_reg_op2_reg[16]/Q (v) triggered by  leading edge of 
'clk'
Path Groups: {reg2out}
Analysis View: analysis1
Other End Arrival Time          0.000
- External Delay                0.500
+ Phase Shift                   4.000
- Uncertainty                   0.020
= Required Time                 3.480
- Arrival Time                  0.372
= Slack Time                    3.108
     Clock Rise Edge                 0.000
     + Clock Network Latency (Ideal) 0.000
     = Beginpoint Arrival Time       0.000
     +----------------------------------------------------------------------------------------+ 
     |           Instance            |      Arc       |   Cell   | Delay | Arrival | Required | 
     |                               |                |          |       |  Time   |   Time   | 
     |-------------------------------+----------------+----------+-------+---------+----------| 
     | picorv32_core_reg_op2_reg[16] | CK ^           |          |       |   0.000 |    3.108 | 
     | picorv32_core_reg_op2_reg[16] | CK ^ -> Q v    | SDFFQX1  | 0.144 |   0.144 |    3.252 | 
     | FE_OFC1412_pcpi_rs2_16        | A v -> Y ^     | INVX1    | 0.059 |   0.203 |    3.311 | 
     | FE_OFC1413_pcpi_rs2_16        | A ^ -> Y v     | INVX1    | 0.018 |   0.220 |    3.329 | 
     | FE_OFC1673_pcpi_rs2_16        | A v -> Y v     | CLKBUFX8 | 0.136 |   0.357 |    3.465 | 
     |                               | pcpi_rs2[16] v |          | 0.015 |   0.372 |    3.480 | 
     +----------------------------------------------------------------------------------------+ 
Path 10: MET Late External Delay Assertion 
Endpoint:   pcpi_rs2[14]                    (v) checked with  leading edge of 
'clk'
Beginpoint: picorv32_core_reg_op2_reg[14]/Q (v) triggered by  leading edge of 
'clk'
Path Groups: {reg2out}
Analysis View: analysis1
Other End Arrival Time          0.000
- External Delay                0.500
+ Phase Shift                   4.000
- Uncertainty                   0.020
= Required Time                 3.480
- Arrival Time                  0.367
= Slack Time                    3.113
     Clock Rise Edge                 0.000
     + Clock Network Latency (Ideal) 0.000
     = Beginpoint Arrival Time       0.000
     +----------------------------------------------------------------------------------------+ 
     |           Instance            |      Arc       |   Cell   | Delay | Arrival | Required | 
     |                               |                |          |       |  Time   |   Time   | 
     |-------------------------------+----------------+----------+-------+---------+----------| 
     | picorv32_core_reg_op2_reg[14] | CK ^           |          |       |   0.000 |    3.113 | 
     | picorv32_core_reg_op2_reg[14] | CK ^ -> Q v    | SDFFQX1  | 0.127 |   0.127 |    3.240 | 
     | FE_OFC1417_pcpi_rs2_14        | A v -> Y ^     | INVXL    | 0.079 |   0.206 |    3.319 | 
     | FE_OFC1677_pcpi_rs2_14        | A ^ -> Y v     | CLKINVX8 | 0.142 |   0.347 |    3.461 | 
     |                               | pcpi_rs2[14] v |          | 0.019 |   0.367 |    3.480 | 
     +----------------------------------------------------------------------------------------+ 
Path 11: MET Late External Delay Assertion 
Endpoint:   pcpi_rs2[15]                    (v) checked with  leading edge of 
'clk'
Beginpoint: picorv32_core_reg_op2_reg[15]/Q (v) triggered by  leading edge of 
'clk'
Path Groups: {reg2out}
Analysis View: analysis1
Other End Arrival Time          0.000
- External Delay                0.500
+ Phase Shift                   4.000
- Uncertainty                   0.020
= Required Time                 3.480
- Arrival Time                  0.366
= Slack Time                    3.114
     Clock Rise Edge                 0.000
     + Clock Network Latency (Ideal) 0.000
     = Beginpoint Arrival Time       0.000
     +----------------------------------------------------------------------------------------+ 
     |           Instance            |      Arc       |   Cell   | Delay | Arrival | Required | 
     |                               |                |          |       |  Time   |   Time   | 
     |-------------------------------+----------------+----------+-------+---------+----------| 
     | picorv32_core_reg_op2_reg[15] | CK ^           |          |       |   0.000 |    3.114 | 
     | picorv32_core_reg_op2_reg[15] | CK ^ -> Q v    | SDFFQX1  | 0.128 |   0.128 |    3.242 | 
     | FE_OFC1414_pcpi_rs2_15        | A v -> Y ^     | INVXL    | 0.079 |   0.207 |    3.321 | 
     | FE_OFC1675_pcpi_rs2_15        | A ^ -> Y v     | CLKINVX8 | 0.145 |   0.353 |    3.467 | 
     |                               | pcpi_rs2[15] v |          | 0.014 |   0.366 |    3.480 | 
     +----------------------------------------------------------------------------------------+ 
Path 12: MET Late External Delay Assertion 
Endpoint:   pcpi_rs1[18]                    (v) checked with  leading edge of 
'clk'
Beginpoint: picorv32_core_reg_op1_reg[18]/Q (v) triggered by  leading edge of 
'clk'
Path Groups: {reg2out}
Analysis View: analysis1
Other End Arrival Time          0.000
- External Delay                0.500
+ Phase Shift                   4.000
- Uncertainty                   0.020
= Required Time                 3.480
- Arrival Time                  0.365
= Slack Time                    3.115
     Clock Rise Edge                 0.000
     + Clock Network Latency (Ideal) 0.000
     = Beginpoint Arrival Time       0.000
     +----------------------------------------------------------------------------------------+ 
     |           Instance            |      Arc       |   Cell   | Delay | Arrival | Required | 
     |                               |                |          |       |  Time   |   Time   | 
     |-------------------------------+----------------+----------+-------+---------+----------| 
     | picorv32_core_reg_op1_reg[18] | CK ^           |          |       |   0.000 |    3.115 | 
     | picorv32_core_reg_op1_reg[18] | CK ^ -> Q v    | SDFFQX1  | 0.047 |   0.047 |    3.162 | 
     | FE_OFC926_pcpi_rs1_18         | A v -> Y ^     | INVX1    | 0.017 |   0.064 |    3.179 | 
     | FE_OFC927_pcpi_rs1_18         | A ^ -> Y v     | INVX1    | 0.093 |   0.157 |    3.272 | 
     | FE_OFC1307_pcpi_rs1_18        | A v -> Y ^     | INVX1    | 0.056 |   0.214 |    3.329 | 
     | FE_OFC1637_pcpi_rs1_18        | A ^ -> Y v     | CLKINVX8 | 0.140 |   0.354 |    3.469 | 
     |                               | pcpi_rs1[18] v |          | 0.011 |   0.365 |    3.480 | 
     +----------------------------------------------------------------------------------------+ 
Path 13: MET Late External Delay Assertion 
Endpoint:   pcpi_rs1[14]                    (v) checked with  leading edge of 
'clk'
Beginpoint: picorv32_core_reg_op1_reg[14]/Q (v) triggered by  leading edge of 
'clk'
Path Groups: {reg2out}
Analysis View: analysis1
Other End Arrival Time          0.000
- External Delay                0.500
+ Phase Shift                   4.000
- Uncertainty                   0.020
= Required Time                 3.480
- Arrival Time                  0.356
= Slack Time                    3.124
     Clock Rise Edge                 0.000
     + Clock Network Latency (Ideal) 0.000
     = Beginpoint Arrival Time       0.000
     +----------------------------------------------------------------------------------------+ 
     |           Instance            |      Arc       |   Cell   | Delay | Arrival | Required | 
     |                               |                |          |       |  Time   |   Time   | 
     |-------------------------------+----------------+----------+-------+---------+----------| 
     | picorv32_core_reg_op1_reg[14] | CK ^           |          |       |   0.000 |    3.124 | 
     | picorv32_core_reg_op1_reg[14] | CK ^ -> Q v    | SDFFQX1  | 0.143 |   0.143 |    3.267 | 
     | FE_OFC1639_pcpi_rs1_14        | A v -> Y ^     | INVX1    | 0.060 |   0.204 |    3.328 | 
     | FE_OFC1640_pcpi_rs1_14        | A ^ -> Y v     | CLKINVX8 | 0.137 |   0.341 |    3.465 | 
     |                               | pcpi_rs1[14] v |          | 0.015 |   0.356 |    3.480 | 
     +----------------------------------------------------------------------------------------+ 
Path 14: MET Late External Delay Assertion 
Endpoint:   pcpi_rs1[31]                    (v) checked with  leading edge of 
'clk'
Beginpoint: picorv32_core_reg_op1_reg[31]/Q (v) triggered by  leading edge of 
'clk'
Path Groups: {reg2out}
Analysis View: analysis1
Other End Arrival Time          0.000
- External Delay                0.500
+ Phase Shift                   4.000
- Uncertainty                   0.020
= Required Time                 3.480
- Arrival Time                  0.352
= Slack Time                    3.128
     Clock Rise Edge                 0.000
     + Clock Network Latency (Ideal) 0.000
     = Beginpoint Arrival Time       0.000
     +----------------------------------------------------------------------------------------+ 
     |           Instance            |      Arc       |   Cell   | Delay | Arrival | Required | 
     |                               |                |          |       |  Time   |   Time   | 
     |-------------------------------+----------------+----------+-------+---------+----------| 
     | picorv32_core_reg_op1_reg[31] | CK ^           |          |       |   0.000 |    3.128 | 
     | picorv32_core_reg_op1_reg[31] | CK ^ -> Q v    | SDFFQX1  | 0.059 |   0.059 |    3.187 | 
     | FE_OFC1271_pcpi_rs1_31        | A v -> Y ^     | INVXL    | 0.054 |   0.113 |    3.240 | 
     | FE_OFC1275_pcpi_rs1_31        | A ^ -> Y v     | INVX1    | 0.074 |   0.187 |    3.314 | 
     | FE_OFC1631_pcpi_rs1_31        | A v -> Y v     | CLKBUFX8 | 0.150 |   0.336 |    3.464 | 
     |                               | pcpi_rs1[31] v |          | 0.016 |   0.352 |    3.480 | 
     +----------------------------------------------------------------------------------------+ 
Path 15: MET Late External Delay Assertion 
Endpoint:   pcpi_rs1[21]                    (v) checked with  leading edge of 
'clk'
Beginpoint: picorv32_core_reg_op1_reg[21]/Q (v) triggered by  leading edge of 
'clk'
Path Groups: {reg2out}
Analysis View: analysis1
Other End Arrival Time          0.000
- External Delay                0.500
+ Phase Shift                   4.000
- Uncertainty                   0.020
= Required Time                 3.480
- Arrival Time                  0.350
= Slack Time                    3.130
     Clock Rise Edge                 0.000
     + Clock Network Latency (Ideal) 0.000
     = Beginpoint Arrival Time       0.000
     +----------------------------------------------------------------------------------------+ 
     |           Instance            |      Arc       |   Cell   | Delay | Arrival | Required | 
     |                               |                |          |       |  Time   |   Time   | 
     |-------------------------------+----------------+----------+-------+---------+----------| 
     | picorv32_core_reg_op1_reg[21] | CK ^           |          |       |   0.000 |    3.130 | 
     | picorv32_core_reg_op1_reg[21] | CK ^ -> Q v    | SDFFQX1  | 0.128 |   0.128 |    3.258 | 
     | FE_OFC1799_pcpi_rs1_21        | A v -> Y ^     | INVX1    | 0.066 |   0.194 |    3.324 | 
     | FE_OFC1301_pcpi_rs1_21        | A ^ -> Y v     | CLKINVX8 | 0.141 |   0.335 |    3.465 | 
     |                               | pcpi_rs1[21] v |          | 0.015 |   0.350 |    3.480 | 
     +----------------------------------------------------------------------------------------+ 
Path 16: MET Late External Delay Assertion 
Endpoint:   pcpi_rs2[27]                    (v) checked with  leading edge of 
'clk'
Beginpoint: picorv32_core_reg_op2_reg[27]/Q (v) triggered by  leading edge of 
'clk'
Path Groups: {reg2out}
Analysis View: analysis1
Other End Arrival Time          0.000
- External Delay                0.500
+ Phase Shift                   4.000
- Uncertainty                   0.020
= Required Time                 3.480
- Arrival Time                  0.344
= Slack Time                    3.136
     Clock Rise Edge                 0.000
     + Clock Network Latency (Ideal) 0.000
     = Beginpoint Arrival Time       0.000
     +----------------------------------------------------------------------------------------+ 
     |           Instance            |      Arc       |   Cell   | Delay | Arrival | Required | 
     |                               |                |          |       |  Time   |   Time   | 
     |-------------------------------+----------------+----------+-------+---------+----------| 
     | picorv32_core_reg_op2_reg[27] | CK ^           |          |       |   0.000 |    3.136 | 
     | picorv32_core_reg_op2_reg[27] | CK ^ -> Q v    | SDFFQX1  | 0.110 |   0.110 |    3.246 | 
     | FE_OFC1375_pcpi_rs2_27        | A v -> Y ^     | INVXL    | 0.071 |   0.182 |    3.318 | 
     | FE_OFC1377_pcpi_rs2_27        | A ^ -> Y v     | CLKINVX8 | 0.140 |   0.322 |    3.458 | 
     |                               | pcpi_rs2[27] v |          | 0.022 |   0.344 |    3.480 | 
     +----------------------------------------------------------------------------------------+ 
Path 17: MET Late External Delay Assertion 
Endpoint:   pcpi_rs1[24]                    (v) checked with  leading edge of 
'clk'
Beginpoint: picorv32_core_reg_op1_reg[24]/Q (v) triggered by  leading edge of 
'clk'
Path Groups: {reg2out}
Analysis View: analysis1
Other End Arrival Time          0.000
- External Delay                0.500
+ Phase Shift                   4.000
- Uncertainty                   0.020
= Required Time                 3.480
- Arrival Time                  0.341
= Slack Time                    3.139
     Clock Rise Edge                 0.000
     + Clock Network Latency (Ideal) 0.000
     = Beginpoint Arrival Time       0.000
     +----------------------------------------------------------------------------------------+ 
     |           Instance            |      Arc       |   Cell   | Delay | Arrival | Required | 
     |                               |                |          |       |  Time   |   Time   | 
     |-------------------------------+----------------+----------+-------+---------+----------| 
     | picorv32_core_reg_op1_reg[24] | CK ^           |          |       |   0.000 |    3.139 | 
     | picorv32_core_reg_op1_reg[24] | CK ^ -> Q v    | SDFFQX1  | 0.133 |   0.133 |    3.272 | 
     | FE_OFC1291_pcpi_rs1_24        | A v -> Y ^     | INVX1    | 0.057 |   0.190 |    3.329 | 
     | FE_OFC1292_pcpi_rs1_24        | A ^ -> Y v     | CLKINVX8 | 0.140 |   0.329 |    3.469 | 
     |                               | pcpi_rs1[24] v |          | 0.011 |   0.341 |    3.480 | 
     +----------------------------------------------------------------------------------------+ 
Path 18: MET Late External Delay Assertion 
Endpoint:   pcpi_rs1[25]                    (v) checked with  leading edge of 
'clk'
Beginpoint: picorv32_core_reg_op1_reg[25]/Q (v) triggered by  leading edge of 
'clk'
Path Groups: {reg2out}
Analysis View: analysis1
Other End Arrival Time          0.000
- External Delay                0.500
+ Phase Shift                   4.000
- Uncertainty                   0.020
= Required Time                 3.480
- Arrival Time                  0.340
= Slack Time                    3.140
     Clock Rise Edge                 0.000
     + Clock Network Latency (Ideal) 0.000
     = Beginpoint Arrival Time       0.000
     +----------------------------------------------------------------------------------------+ 
     |           Instance            |      Arc       |   Cell   | Delay | Arrival | Required | 
     |                               |                |          |       |  Time   |   Time   | 
     |-------------------------------+----------------+----------+-------+---------+----------| 
     | picorv32_core_reg_op1_reg[25] | CK ^           |          |       |   0.000 |    3.139 | 
     | picorv32_core_reg_op1_reg[25] | CK ^ -> Q v    | SDFFQX1  | 0.131 |   0.131 |    3.271 | 
     | FE_OFC1289_pcpi_rs1_25        | A v -> Y ^     | INVX1    | 0.057 |   0.188 |    3.328 | 
     | FE_OFC1290_pcpi_rs1_25        | A ^ -> Y v     | CLKINVX8 | 0.137 |   0.325 |    3.465 | 
     |                               | pcpi_rs1[25] v |          | 0.015 |   0.340 |    3.480 | 
     +----------------------------------------------------------------------------------------+ 
Path 19: MET Late External Delay Assertion 
Endpoint:   pcpi_rs1[13]                    (v) checked with  leading edge of 
'clk'
Beginpoint: picorv32_core_reg_op1_reg[13]/Q (v) triggered by  leading edge of 
'clk'
Path Groups: {reg2out}
Analysis View: analysis1
Other End Arrival Time          0.000
- External Delay                0.500
+ Phase Shift                   4.000
- Uncertainty                   0.020
= Required Time                 3.480
- Arrival Time                  0.339
= Slack Time                    3.141
     Clock Rise Edge                 0.000
     + Clock Network Latency (Ideal) 0.000
     = Beginpoint Arrival Time       0.000
     +----------------------------------------------------------------------------------------+ 
     |           Instance            |      Arc       |   Cell   | Delay | Arrival | Required | 
     |                               |                |          |       |  Time   |   Time   | 
     |-------------------------------+----------------+----------+-------+---------+----------| 
     | picorv32_core_reg_op1_reg[13] | CK ^           |          |       |   0.000 |    3.141 | 
     | picorv32_core_reg_op1_reg[13] | CK ^ -> Q v    | SDFFQX1  | 0.132 |   0.132 |    3.272 | 
     | FE_OFC1641_pcpi_rs1_13        | A v -> Y ^     | INVX1    | 0.056 |   0.188 |    3.328 | 
     | FE_OFC1642_pcpi_rs1_13        | A ^ -> Y v     | CLKINVX8 | 0.136 |   0.324 |    3.464 | 
     |                               | pcpi_rs1[13] v |          | 0.016 |   0.339 |    3.480 | 
     +----------------------------------------------------------------------------------------+ 
Path 20: MET Late External Delay Assertion 
Endpoint:   pcpi_rs2[28]                    (v) checked with  leading edge of 
'clk'
Beginpoint: picorv32_core_reg_op2_reg[28]/Q (v) triggered by  leading edge of 
'clk'
Path Groups: {reg2out}
Analysis View: analysis1
Other End Arrival Time          0.000
- External Delay                0.500
+ Phase Shift                   4.000
- Uncertainty                   0.020
= Required Time                 3.480
- Arrival Time                  0.337
= Slack Time                    3.143
     Clock Rise Edge                 0.000
     + Clock Network Latency (Ideal) 0.000
     = Beginpoint Arrival Time       0.000
     +----------------------------------------------------------------------------------------+ 
     |           Instance            |      Arc       |   Cell   | Delay | Arrival | Required | 
     |                               |                |          |       |  Time   |   Time   | 
     |-------------------------------+----------------+----------+-------+---------+----------| 
     | picorv32_core_reg_op2_reg[28] | CK ^           |          |       |   0.000 |    3.143 | 
     | picorv32_core_reg_op2_reg[28] | CK ^ -> Q v    | SDFFQX1  | 0.125 |   0.125 |    3.268 | 
     | FE_OFC1802_pcpi_rs2_28        | A v -> Y ^     | INVX1    | 0.059 |   0.184 |    3.327 | 
     | FE_OFC1663_pcpi_rs2_28        | A ^ -> Y v     | CLKINVX8 | 0.140 |   0.323 |    3.467 | 
     |                               | pcpi_rs2[28] v |          | 0.013 |   0.337 |    3.480 | 
     +----------------------------------------------------------------------------------------+ 
Path 21: MET Late External Delay Assertion 
Endpoint:   pcpi_rs2[7]                    (v) checked with  leading edge of 
'clk'
Beginpoint: picorv32_core_reg_op2_reg[7]/Q (v) triggered by  leading edge of 
'clk'
Path Groups: {reg2out}
Analysis View: analysis1
Other End Arrival Time          0.000
- External Delay                0.500
+ Phase Shift                   4.000
- Uncertainty                   0.020
= Required Time                 3.480
- Arrival Time                  0.336
= Slack Time                    3.144
     Clock Rise Edge                 0.000
     + Clock Network Latency (Ideal) 0.000
     = Beginpoint Arrival Time       0.000
     +--------------------------------------------------------------------------------------+ 
     |           Instance           |      Arc      |   Cell   | Delay | Arrival | Required | 
     |                              |               |          |       |  Time   |   Time   | 
     |------------------------------+---------------+----------+-------+---------+----------| 
     | picorv32_core_reg_op2_reg[7] | CK ^          |          |       |   0.000 |    3.144 | 
     | picorv32_core_reg_op2_reg[7] | CK ^ -> Q v   | SDFFQX1  | 0.135 |   0.135 |    3.279 | 
     | FE_OFC1679_pcpi_rs2_7        | A v -> Y v    | BUFX2    | 0.049 |   0.184 |    3.328 | 
     | FE_OFC1858_pcpi_rs2_7        | A v -> Y v    | CLKBUFX8 | 0.135 |   0.319 |    3.463 | 
     |                              | pcpi_rs2[7] v |          | 0.018 |   0.336 |    3.480 | 
     +--------------------------------------------------------------------------------------+ 
Path 22: MET Late External Delay Assertion 
Endpoint:   pcpi_rs2[18]                    (v) checked with  leading edge of 
'clk'
Beginpoint: picorv32_core_reg_op2_reg[18]/Q (v) triggered by  leading edge of 
'clk'
Path Groups: {reg2out}
Analysis View: analysis1
Other End Arrival Time          0.000
- External Delay                0.500
+ Phase Shift                   4.000
- Uncertainty                   0.020
= Required Time                 3.480
- Arrival Time                  0.336
= Slack Time                    3.144
     Clock Rise Edge                 0.000
     + Clock Network Latency (Ideal) 0.000
     = Beginpoint Arrival Time       0.000
     +----------------------------------------------------------------------------------------+ 
     |           Instance            |      Arc       |   Cell   | Delay | Arrival | Required | 
     |                               |                |          |       |  Time   |   Time   | 
     |-------------------------------+----------------+----------+-------+---------+----------| 
     | picorv32_core_reg_op2_reg[18] | CK ^           |          |       |   0.000 |    3.144 | 
     | picorv32_core_reg_op2_reg[18] | CK ^ -> Q v    | SDFFQX1  | 0.147 |   0.147 |    3.291 | 
     | FE_OFC1671_pcpi_rs2_18        | A v -> Y v     | CLKBUFX8 | 0.167 |   0.314 |    3.458 | 
     |                               | pcpi_rs2[18] v |          | 0.022 |   0.336 |    3.480 | 
     +----------------------------------------------------------------------------------------+ 
Path 23: MET Late External Delay Assertion 
Endpoint:   pcpi_rs1[10]                    (v) checked with  leading edge of 
'clk'
Beginpoint: picorv32_core_reg_op1_reg[10]/Q (v) triggered by  leading edge of 
'clk'
Path Groups: {reg2out}
Analysis View: analysis1
Other End Arrival Time          0.000
- External Delay                0.500
+ Phase Shift                   4.000
- Uncertainty                   0.020
= Required Time                 3.480
- Arrival Time                  0.334
= Slack Time                    3.146
     Clock Rise Edge                 0.000
     + Clock Network Latency (Ideal) 0.000
     = Beginpoint Arrival Time       0.000
     +----------------------------------------------------------------------------------------+ 
     |           Instance            |      Arc       |   Cell   | Delay | Arrival | Required | 
     |                               |                |          |       |  Time   |   Time   | 
     |-------------------------------+----------------+----------+-------+---------+----------| 
     | picorv32_core_reg_op1_reg[10] | CK ^           |          |       |   0.000 |    3.146 | 
     | picorv32_core_reg_op1_reg[10] | CK ^ -> Q v    | SDFFQX1  | 0.068 |   0.068 |    3.214 | 
     | FE_OFC1328_pcpi_rs1_10        | A v -> Y ^     | INVXL    | 0.080 |   0.148 |    3.293 | 
     | FE_OFC1330_pcpi_rs1_10        | A ^ -> Y v     | INVX1    | 0.034 |   0.182 |    3.327 | 
     | FE_OFC1860_pcpi_rs1_10        | A v -> Y v     | CLKBUFX8 | 0.141 |   0.322 |    3.468 | 
     |                               | pcpi_rs1[10] v |          | 0.012 |   0.334 |    3.480 | 
     +----------------------------------------------------------------------------------------+ 
Path 24: MET Late External Delay Assertion 
Endpoint:   pcpi_rs1[26]                    (v) checked with  leading edge of 
'clk'
Beginpoint: picorv32_core_reg_op1_reg[26]/Q (v) triggered by  leading edge of 
'clk'
Path Groups: {reg2out}
Analysis View: analysis1
Other End Arrival Time          0.000
- External Delay                0.500
+ Phase Shift                   4.000
- Uncertainty                   0.020
= Required Time                 3.480
- Arrival Time                  0.333
= Slack Time                    3.147
     Clock Rise Edge                 0.000
     + Clock Network Latency (Ideal) 0.000
     = Beginpoint Arrival Time       0.000
     +----------------------------------------------------------------------------------------+ 
     |           Instance            |      Arc       |   Cell   | Delay | Arrival | Required | 
     |                               |                |          |       |  Time   |   Time   | 
     |-------------------------------+----------------+----------+-------+---------+----------| 
     | picorv32_core_reg_op1_reg[26] | CK ^           |          |       |   0.000 |    3.147 | 
     | picorv32_core_reg_op1_reg[26] | CK ^ -> Q v    | SDFFQX1  | 0.118 |   0.118 |    3.265 | 
     | FE_OFC1801_pcpi_rs1_26        | A v -> Y ^     | INVX1    | 0.061 |   0.179 |    3.326 | 
     | FE_OFC1288_pcpi_rs1_26        | A ^ -> Y v     | CLKINVX8 | 0.143 |   0.322 |    3.469 | 
     |                               | pcpi_rs1[26] v |          | 0.012 |   0.333 |    3.480 | 
     +----------------------------------------------------------------------------------------+ 
Path 25: MET Late External Delay Assertion 
Endpoint:   pcpi_rs2[13]                    (v) checked with  leading edge of 
'clk'
Beginpoint: picorv32_core_reg_op2_reg[13]/Q (v) triggered by  leading edge of 
'clk'
Path Groups: {reg2out}
Analysis View: analysis1
Other End Arrival Time          0.000
- External Delay                0.500
+ Phase Shift                   4.000
- Uncertainty                   0.020
= Required Time                 3.480
- Arrival Time                  0.332
= Slack Time                    3.148
     Clock Rise Edge                 0.000
     + Clock Network Latency (Ideal) 0.000
     = Beginpoint Arrival Time       0.000
     +----------------------------------------------------------------------------------------+ 
     |           Instance            |      Arc       |   Cell   | Delay | Arrival | Required | 
     |                               |                |          |       |  Time   |   Time   | 
     |-------------------------------+----------------+----------+-------+---------+----------| 
     | picorv32_core_reg_op2_reg[13] | CK ^           |          |       |   0.000 |    3.148 | 
     | picorv32_core_reg_op2_reg[13] | CK ^ -> Q v    | SDFFQX1  | 0.115 |   0.115 |    3.263 | 
     | FE_OFC1812_pcpi_rs2_13        | A v -> Y ^     | INVX1    | 0.062 |   0.176 |    3.325 | 
     | FE_OFC1422_pcpi_rs2_13        | A ^ -> Y v     | CLKINVX8 | 0.142 |   0.318 |    3.466 | 
     |                               | pcpi_rs2[13] v |          | 0.014 |   0.332 |    3.480 | 
     +----------------------------------------------------------------------------------------+ 
Path 26: MET Late External Delay Assertion 
Endpoint:   pcpi_rs2[24]                    (v) checked with  leading edge of 
'clk'
Beginpoint: picorv32_core_reg_op2_reg[24]/Q (v) triggered by  leading edge of 
'clk'
Path Groups: {reg2out}
Analysis View: analysis1
Other End Arrival Time          0.000
- External Delay                0.500
+ Phase Shift                   4.000
- Uncertainty                   0.020
= Required Time                 3.480
- Arrival Time                  0.331
= Slack Time                    3.149
     Clock Rise Edge                 0.000
     + Clock Network Latency (Ideal) 0.000
     = Beginpoint Arrival Time       0.000
     +----------------------------------------------------------------------------------------+ 
     |           Instance            |      Arc       |   Cell   | Delay | Arrival | Required | 
     |                               |                |          |       |  Time   |   Time   | 
     |-------------------------------+----------------+----------+-------+---------+----------| 
     | picorv32_core_reg_op2_reg[24] | CK ^           |          |       |   0.000 |    3.149 | 
     | picorv32_core_reg_op2_reg[24] | CK ^ -> Q v    | SDFFQX1  | 0.117 |   0.117 |    3.265 | 
     | FE_OFC1836_pcpi_rs2_24        | A v -> Y ^     | INVX1    | 0.061 |   0.177 |    3.326 | 
     | FE_OFC1386_pcpi_rs2_24        | A ^ -> Y v     | CLKINVX8 | 0.145 |   0.322 |    3.470 | 
     |                               | pcpi_rs2[24] v |          | 0.010 |   0.331 |    3.480 | 
     +----------------------------------------------------------------------------------------+ 
Path 27: MET Late External Delay Assertion 
Endpoint:   pcpi_rs2[30]                    (v) checked with  leading edge of 
'clk'
Beginpoint: picorv32_core_reg_op2_reg[30]/Q (v) triggered by  leading edge of 
'clk'
Path Groups: {reg2out}
Analysis View: analysis1
Other End Arrival Time          0.000
- External Delay                0.500
+ Phase Shift                   4.000
- Uncertainty                   0.020
= Required Time                 3.480
- Arrival Time                  0.330
= Slack Time                    3.150
     Clock Rise Edge                 0.000
     + Clock Network Latency (Ideal) 0.000
     = Beginpoint Arrival Time       0.000
     +----------------------------------------------------------------------------------------+ 
     |           Instance            |      Arc       |   Cell   | Delay | Arrival | Required | 
     |                               |                |          |       |  Time   |   Time   | 
     |-------------------------------+----------------+----------+-------+---------+----------| 
     | picorv32_core_reg_op2_reg[30] | CK ^           |          |       |   0.000 |    3.150 | 
     | picorv32_core_reg_op2_reg[30] | CK ^ -> Q v    | SDFFQX1  | 0.123 |   0.123 |    3.273 | 
     | FE_OFC1368_pcpi_rs2_30        | A v -> Y ^     | INVX1    | 0.054 |   0.177 |    3.327 | 
     | FE_OFC1661_pcpi_rs2_30        | A ^ -> Y v     | CLKINVX8 | 0.137 |   0.314 |    3.464 | 
     |                               | pcpi_rs2[30] v |          | 0.016 |   0.330 |    3.480 | 
     +----------------------------------------------------------------------------------------+ 
Path 28: MET Late External Delay Assertion 
Endpoint:   pcpi_rs2[12]                    (v) checked with  leading edge of 
'clk'
Beginpoint: picorv32_core_reg_op2_reg[12]/Q (v) triggered by  leading edge of 
'clk'
Path Groups: {reg2out}
Analysis View: analysis1
Other End Arrival Time          0.000
- External Delay                0.500
+ Phase Shift                   4.000
- Uncertainty                   0.020
= Required Time                 3.480
- Arrival Time                  0.328
= Slack Time                    3.152
     Clock Rise Edge                 0.000
     + Clock Network Latency (Ideal) 0.000
     = Beginpoint Arrival Time       0.000
     +----------------------------------------------------------------------------------------+ 
     |           Instance            |      Arc       |   Cell   | Delay | Arrival | Required | 
     |                               |                |          |       |  Time   |   Time   | 
     |-------------------------------+----------------+----------+-------+---------+----------| 
     | picorv32_core_reg_op2_reg[12] | CK ^           |          |       |   0.000 |    3.152 | 
     | picorv32_core_reg_op2_reg[12] | CK ^ -> Q v    | SDFFQX1  | 0.085 |   0.085 |    3.237 | 
     | FE_OFC1423_pcpi_rs2_12        | A v -> Y v     | BUFX2    | 0.059 |   0.144 |    3.296 | 
     | FE_OFC1424_pcpi_rs2_12        | A v -> Y v     | BUFX2    | 0.032 |   0.177 |    3.329 | 
     | FE_OFC1857_pcpi_rs2_12        | A v -> Y v     | CLKBUFX8 | 0.138 |   0.315 |    3.467 | 
     |                               | pcpi_rs2[12] v |          | 0.013 |   0.328 |    3.480 | 
     +----------------------------------------------------------------------------------------+ 
Path 29: MET Late External Delay Assertion 
Endpoint:   pcpi_rs2[9]                    (v) checked with  leading edge of 
'clk'
Beginpoint: picorv32_core_reg_op2_reg[9]/Q (v) triggered by  leading edge of 
'clk'
Path Groups: {reg2out}
Analysis View: analysis1
Other End Arrival Time          0.000
- External Delay                0.500
+ Phase Shift                   4.000
- Uncertainty                   0.020
= Required Time                 3.480
- Arrival Time                  0.327
= Slack Time                    3.153
     Clock Rise Edge                 0.000
     + Clock Network Latency (Ideal) 0.000
     = Beginpoint Arrival Time       0.000
     +--------------------------------------------------------------------------------------+ 
     |           Instance           |      Arc      |   Cell   | Delay | Arrival | Required | 
     |                              |               |          |       |  Time   |   Time   | 
     |------------------------------+---------------+----------+-------+---------+----------| 
     | picorv32_core_reg_op2_reg[9] | CK ^          |          |       |   0.000 |    3.153 | 
     | picorv32_core_reg_op2_reg[9] | CK ^ -> Q v   | SDFFQX1  | 0.110 |   0.110 |    3.263 | 
     | FE_OFC1808_pcpi_rs2_9        | A v -> Y ^    | INVX1    | 0.061 |   0.171 |    3.324 | 
     | FE_OFC1433_pcpi_rs2_9        | A ^ -> Y v    | CLKINVX8 | 0.142 |   0.314 |    3.467 | 
     |                              | pcpi_rs2[9] v |          | 0.013 |   0.327 |    3.480 | 
     +--------------------------------------------------------------------------------------+ 
Path 30: MET Late External Delay Assertion 
Endpoint:   pcpi_rs2[31]                    (v) checked with  leading edge of 
'clk'
Beginpoint: picorv32_core_reg_op2_reg[31]/Q (v) triggered by  leading edge of 
'clk'
Path Groups: {reg2out}
Analysis View: analysis1
Other End Arrival Time          0.000
- External Delay                0.500
+ Phase Shift                   4.000
- Uncertainty                   0.020
= Required Time                 3.480
- Arrival Time                  0.326
= Slack Time                    3.154
     Clock Rise Edge                 0.000
     + Clock Network Latency (Ideal) 0.000
     = Beginpoint Arrival Time       0.000
     +----------------------------------------------------------------------------------------+ 
     |           Instance            |      Arc       |   Cell   | Delay | Arrival | Required | 
     |                               |                |          |       |  Time   |   Time   | 
     |-------------------------------+----------------+----------+-------+---------+----------| 
     | picorv32_core_reg_op2_reg[31] | CK ^           |          |       |   0.000 |    3.154 | 
     | picorv32_core_reg_op2_reg[31] | CK ^ -> Q v    | SDFFQX1  | 0.120 |   0.120 |    3.273 | 
     | FE_OFC1803_pcpi_rs2_31        | A v -> Y ^     | INVX1    | 0.053 |   0.173 |    3.326 | 
     | FE_OFC1659_pcpi_rs2_31        | A ^ -> Y v     | CLKINVX8 | 0.136 |   0.308 |    3.462 | 
     |                               | pcpi_rs2[31] v |          | 0.018 |   0.326 |    3.480 | 
     +----------------------------------------------------------------------------------------+ 
Path 31: MET Late External Delay Assertion 
Endpoint:   pcpi_rs2[6]                    (v) checked with  leading edge of 
'clk'
Beginpoint: picorv32_core_reg_op2_reg[6]/Q (v) triggered by  leading edge of 
'clk'
Path Groups: {reg2out}
Analysis View: analysis1
Other End Arrival Time          0.000
- External Delay                0.500
+ Phase Shift                   4.000
- Uncertainty                   0.020
= Required Time                 3.480
- Arrival Time                  0.325
= Slack Time                    3.155
     Clock Rise Edge                 0.000
     + Clock Network Latency (Ideal) 0.000
     = Beginpoint Arrival Time       0.000
     +--------------------------------------------------------------------------------------+ 
     |           Instance           |      Arc      |   Cell   | Delay | Arrival | Required | 
     |                              |               |          |       |  Time   |   Time   | 
     |------------------------------+---------------+----------+-------+---------+----------| 
     | picorv32_core_reg_op2_reg[6] | CK ^          |          |       |   0.000 |    3.155 | 
     | picorv32_core_reg_op2_reg[6] | CK ^ -> Q v   | SDFFQX1  | 0.144 |   0.144 |    3.299 | 
     | FE_OFC1680_pcpi_rs2_6        | A v -> Y v    | CLKBUFX8 | 0.162 |   0.306 |    3.461 | 
     |                              | pcpi_rs2[6] v |          | 0.019 |   0.325 |    3.480 | 
     +--------------------------------------------------------------------------------------+ 
Path 32: MET Late External Delay Assertion 
Endpoint:   pcpi_rs1[1]                    (v) checked with  leading edge of 
'clk'
Beginpoint: picorv32_core_reg_op1_reg[1]/Q (v) triggered by  leading edge of 
'clk'
Path Groups: {reg2out}
Analysis View: analysis1
Other End Arrival Time          0.000
- External Delay                0.500
+ Phase Shift                   4.000
- Uncertainty                   0.020
= Required Time                 3.480
- Arrival Time                  0.324
= Slack Time                    3.156
     Clock Rise Edge                 0.000
     + Clock Network Latency (Ideal) 0.000
     = Beginpoint Arrival Time       0.000
     +--------------------------------------------------------------------------------------+ 
     |           Instance           |      Arc      |   Cell   | Delay | Arrival | Required | 
     |                              |               |          |       |  Time   |   Time   | 
     |------------------------------+---------------+----------+-------+---------+----------| 
     | picorv32_core_reg_op1_reg[1] | CK ^          |          |       |   0.000 |    3.156 | 
     | picorv32_core_reg_op1_reg[1] | CK ^ -> Q v   | SDFFQX1  | 0.111 |   0.111 |    3.267 | 
     | FE_OFC1783_pcpi_rs1_1        | A v -> Y ^    | INVX1    | 0.057 |   0.167 |    3.324 | 
     | FE_OFC1655_pcpi_rs1_1        | A ^ -> Y v    | CLKINVX8 | 0.142 |   0.309 |    3.466 | 
     |                              | pcpi_rs1[1] v |          | 0.014 |   0.324 |    3.480 | 
     +--------------------------------------------------------------------------------------+ 
Path 33: MET Late External Delay Assertion 
Endpoint:   pcpi_rs2[8]                    (v) checked with  leading edge of 
'clk'
Beginpoint: picorv32_core_reg_op2_reg[8]/Q (v) triggered by  leading edge of 
'clk'
Path Groups: {reg2out}
Analysis View: analysis1
Other End Arrival Time          0.000
- External Delay                0.500
+ Phase Shift                   4.000
- Uncertainty                   0.020
= Required Time                 3.480
- Arrival Time                  0.323
= Slack Time                    3.157
     Clock Rise Edge                 0.000
     + Clock Network Latency (Ideal) 0.000
     = Beginpoint Arrival Time       0.000
     +--------------------------------------------------------------------------------------+ 
     |           Instance           |      Arc      |   Cell   | Delay | Arrival | Required | 
     |                              |               |          |       |  Time   |   Time   | 
     |------------------------------+---------------+----------+-------+---------+----------| 
     | picorv32_core_reg_op2_reg[8] | CK ^          |          |       |   0.000 |    3.157 | 
     | picorv32_core_reg_op2_reg[8] | CK ^ -> Q v   | SDFFQX1  | 0.108 |   0.108 |    3.265 | 
     | FE_OFC1806_pcpi_rs2_8        | A v -> Y ^    | INVX1    | 0.060 |   0.167 |    3.325 | 
     | FE_OFC1436_pcpi_rs2_8        | A ^ -> Y v    | CLKINVX8 | 0.141 |   0.309 |    3.466 | 
     |                              | pcpi_rs2[8] v |          | 0.014 |   0.323 |    3.480 | 
     +--------------------------------------------------------------------------------------+ 
Path 34: MET Late External Delay Assertion 
Endpoint:   pcpi_rs2[19]                    (v) checked with  leading edge of 
'clk'
Beginpoint: picorv32_core_reg_op2_reg[19]/Q (v) triggered by  leading edge of 
'clk'
Path Groups: {reg2out}
Analysis View: analysis1
Other End Arrival Time          0.000
- External Delay                0.500
+ Phase Shift                   4.000
- Uncertainty                   0.020
= Required Time                 3.480
- Arrival Time                  0.322
= Slack Time                    3.158
     Clock Rise Edge                 0.000
     + Clock Network Latency (Ideal) 0.000
     = Beginpoint Arrival Time       0.000
     +----------------------------------------------------------------------------------------+ 
     |           Instance            |      Arc       |   Cell   | Delay | Arrival | Required | 
     |                               |                |          |       |  Time   |   Time   | 
     |-------------------------------+----------------+----------+-------+---------+----------| 
     | picorv32_core_reg_op2_reg[19] | CK ^           |          |       |   0.000 |    3.158 | 
     | picorv32_core_reg_op2_reg[19] | CK ^ -> Q v    | SDFFQX1  | 0.142 |   0.142 |    3.299 | 
     | FE_OFC1670_pcpi_rs2_19        | A v -> Y v     | CLKBUFX8 | 0.169 |   0.311 |    3.468 | 
     |                               | pcpi_rs2[19] v |          | 0.012 |   0.322 |    3.480 | 
     +----------------------------------------------------------------------------------------+ 
Path 35: MET Late External Delay Assertion 
Endpoint:   pcpi_rs1[20]                    (v) checked with  leading edge of 
'clk'
Beginpoint: picorv32_core_reg_op1_reg[20]/Q (v) triggered by  leading edge of 
'clk'
Path Groups: {reg2out}
Analysis View: analysis1
Other End Arrival Time          0.000
- External Delay                0.500
+ Phase Shift                   4.000
- Uncertainty                   0.020
= Required Time                 3.480
- Arrival Time                  0.322
= Slack Time                    3.158
     Clock Rise Edge                 0.000
     + Clock Network Latency (Ideal) 0.000
     = Beginpoint Arrival Time       0.000
     +----------------------------------------------------------------------------------------+ 
     |           Instance            |      Arc       |   Cell   | Delay | Arrival | Required | 
     |                               |                |          |       |  Time   |   Time   | 
     |-------------------------------+----------------+----------+-------+---------+----------| 
     | picorv32_core_reg_op1_reg[20] | CK ^           |          |       |   0.000 |    3.158 | 
     | picorv32_core_reg_op1_reg[20] | CK ^ -> Q v    | SDFFQX1  | 0.143 |   0.143 |    3.301 | 
     | FE_OFC1302_pcpi_rs1_20        | A v -> Y v     | CLKBUFX8 | 0.167 |   0.310 |    3.469 | 
     |                               | pcpi_rs1[20] v |          | 0.011 |   0.322 |    3.480 | 
     +----------------------------------------------------------------------------------------+ 
Path 36: MET Late External Delay Assertion 
Endpoint:   pcpi_rs2[23]                    (v) checked with  leading edge of 
'clk'
Beginpoint: picorv32_core_reg_op2_reg[23]/Q (v) triggered by  leading edge of 
'clk'
Path Groups: {reg2out}
Analysis View: analysis1
Other End Arrival Time          0.000
- External Delay                0.500
+ Phase Shift                   4.000
- Uncertainty                   0.020
= Required Time                 3.480
- Arrival Time                  0.319
= Slack Time                    3.161
     Clock Rise Edge                 0.000
     + Clock Network Latency (Ideal) 0.000
     = Beginpoint Arrival Time       0.000
     +----------------------------------------------------------------------------------------+ 
     |           Instance            |      Arc       |   Cell   | Delay | Arrival | Required | 
     |                               |                |          |       |  Time   |   Time   | 
     |-------------------------------+----------------+----------+-------+---------+----------| 
     | picorv32_core_reg_op2_reg[23] | CK ^           |          |       |   0.000 |    3.161 | 
     | picorv32_core_reg_op2_reg[23] | CK ^ -> Q v    | SDFFQX1  | 0.137 |   0.137 |    3.299 | 
     | FE_OFC1666_pcpi_rs2_23        | A v -> Y v     | CLKBUFX8 | 0.160 |   0.297 |    3.459 | 
     |                               | pcpi_rs2[23] v |          | 0.021 |   0.319 |    3.480 | 
     +----------------------------------------------------------------------------------------+ 
Path 37: MET Late External Delay Assertion 
Endpoint:   pcpi_rs1[12]                    (v) checked with  leading edge of 
'clk'
Beginpoint: picorv32_core_reg_op1_reg[12]/Q (v) triggered by  leading edge of 
'clk'
Path Groups: {reg2out}
Analysis View: analysis1
Other End Arrival Time          0.000
- External Delay                0.500
+ Phase Shift                   4.000
- Uncertainty                   0.020
= Required Time                 3.480
- Arrival Time                  0.318
= Slack Time                    3.162
     Clock Rise Edge                 0.000
     + Clock Network Latency (Ideal) 0.000
     = Beginpoint Arrival Time       0.000
     +----------------------------------------------------------------------------------------+ 
     |           Instance            |      Arc       |   Cell   | Delay | Arrival | Required | 
     |                               |                |          |       |  Time   |   Time   | 
     |-------------------------------+----------------+----------+-------+---------+----------| 
     | picorv32_core_reg_op1_reg[12] | CK ^           |          |       |   0.000 |    3.162 | 
     | picorv32_core_reg_op1_reg[12] | CK ^ -> Q v    | SDFFQX1  | 0.116 |   0.116 |    3.278 | 
     | FE_OFC1797_pcpi_rs1_12        | A v -> Y ^     | INVX1    | 0.051 |   0.167 |    3.329 | 
     | FE_OFC1644_pcpi_rs1_12        | A ^ -> Y v     | CLKINVX8 | 0.136 |   0.303 |    3.465 | 
     |                               | pcpi_rs1[12] v |          | 0.015 |   0.318 |    3.480 | 
     +----------------------------------------------------------------------------------------+ 
Path 38: MET Late External Delay Assertion 
Endpoint:   pcpi_rs2[22]                    (v) checked with  leading edge of 
'clk'
Beginpoint: picorv32_core_reg_op2_reg[22]/Q (v) triggered by  leading edge of 
'clk'
Path Groups: {reg2out}
Analysis View: analysis1
Other End Arrival Time          0.000
- External Delay                0.500
+ Phase Shift                   4.000
- Uncertainty                   0.020
= Required Time                 3.480
- Arrival Time                  0.317
= Slack Time                    3.163
     Clock Rise Edge                 0.000
     + Clock Network Latency (Ideal) 0.000
     = Beginpoint Arrival Time       0.000
     +----------------------------------------------------------------------------------------+ 
     |           Instance            |      Arc       |   Cell   | Delay | Arrival | Required | 
     |                               |                |          |       |  Time   |   Time   | 
     |-------------------------------+----------------+----------+-------+---------+----------| 
     | picorv32_core_reg_op2_reg[22] | CK ^           |          |       |   0.000 |    3.163 | 
     | picorv32_core_reg_op2_reg[22] | CK ^ -> Q v    | SDFFQX1  | 0.113 |   0.113 |    3.275 | 
     | FE_OFC1392_pcpi_rs2_22        | A v -> Y v     | BUFX2    | 0.048 |   0.160 |    3.323 | 
     | FE_OFC1667_pcpi_rs2_22        | A v -> Y v     | CLKBUFX8 | 0.130 |   0.291 |    3.453 | 
     |                               | pcpi_rs2[22] v |          | 0.027 |   0.317 |    3.480 | 
     +----------------------------------------------------------------------------------------+ 
Path 39: MET Late External Delay Assertion 
Endpoint:   pcpi_rs2[26]                    (v) checked with  leading edge of 
'clk'
Beginpoint: picorv32_core_reg_op2_reg[26]/Q (v) triggered by  leading edge of 
'clk'
Path Groups: {reg2out}
Analysis View: analysis1
Other End Arrival Time          0.000
- External Delay                0.500
+ Phase Shift                   4.000
- Uncertainty                   0.020
= Required Time                 3.480
- Arrival Time                  0.316
= Slack Time                    3.164
     Clock Rise Edge                 0.000
     + Clock Network Latency (Ideal) 0.000
     = Beginpoint Arrival Time       0.000
     +----------------------------------------------------------------------------------------+ 
     |           Instance            |      Arc       |   Cell   | Delay | Arrival | Required | 
     |                               |                |          |       |  Time   |   Time   | 
     |-------------------------------+----------------+----------+-------+---------+----------| 
     | picorv32_core_reg_op2_reg[26] | CK ^           |          |       |   0.000 |    3.164 | 
     | picorv32_core_reg_op2_reg[26] | CK ^ -> Q v    | SDFFQX1  | 0.114 |   0.114 |    3.278 | 
     | FE_OFC1379_pcpi_rs2_26        | A v -> Y v     | BUFX2    | 0.045 |   0.159 |    3.323 | 
     | FE_OFC1664_pcpi_rs2_26        | A v -> Y v     | CLKBUFX8 | 0.129 |   0.288 |    3.452 | 
     |                               | pcpi_rs2[26] v |          | 0.028 |   0.316 |    3.480 | 
     +----------------------------------------------------------------------------------------+ 
Path 40: MET Late External Delay Assertion 
Endpoint:   pcpi_rs1[8]                    (v) checked with  leading edge of 
'clk'
Beginpoint: picorv32_core_reg_op1_reg[8]/Q (v) triggered by  leading edge of 
'clk'
Path Groups: {reg2out}
Analysis View: analysis1
Other End Arrival Time          0.000
- External Delay                0.500
+ Phase Shift                   4.000
- Uncertainty                   0.020
= Required Time                 3.480
- Arrival Time                  0.315
= Slack Time                    3.165
     Clock Rise Edge                 0.000
     + Clock Network Latency (Ideal) 0.000
     = Beginpoint Arrival Time       0.000
     +--------------------------------------------------------------------------------------+ 
     |           Instance           |      Arc      |   Cell   | Delay | Arrival | Required | 
     |                              |               |          |       |  Time   |   Time   | 
     |------------------------------+---------------+----------+-------+---------+----------| 
     | picorv32_core_reg_op1_reg[8] | CK ^          |          |       |   0.000 |    3.165 | 
     | picorv32_core_reg_op1_reg[8] | CK ^ -> Q v   | SDFFQX1  | 0.115 |   0.115 |    3.279 | 
     | FE_OFC1791_pcpi_rs1_8        | A v -> Y ^    | INVX1    | 0.050 |   0.165 |    3.330 | 
     | FE_OFC1336_pcpi_rs1_8        | A ^ -> Y v    | CLKINVX8 | 0.139 |   0.304 |    3.469 | 
     |                              | pcpi_rs1[8] v |          | 0.012 |   0.315 |    3.480 | 
     +--------------------------------------------------------------------------------------+ 
Path 41: MET Late External Delay Assertion 
Endpoint:   pcpi_rs1[9]                    (v) checked with  leading edge of 
'clk'
Beginpoint: picorv32_core_reg_op1_reg[9]/Q (v) triggered by  leading edge of 
'clk'
Path Groups: {reg2out}
Analysis View: analysis1
Other End Arrival Time          0.000
- External Delay                0.500
+ Phase Shift                   4.000
- Uncertainty                   0.020
= Required Time                 3.480
- Arrival Time                  0.314
= Slack Time                    3.166
     Clock Rise Edge                 0.000
     + Clock Network Latency (Ideal) 0.000
     = Beginpoint Arrival Time       0.000
     +--------------------------------------------------------------------------------------+ 
     |           Instance           |      Arc      |   Cell   | Delay | Arrival | Required | 
     |                              |               |          |       |  Time   |   Time   | 
     |------------------------------+---------------+----------+-------+---------+----------| 
     | picorv32_core_reg_op1_reg[9] | CK ^          |          |       |   0.000 |    3.166 | 
     | picorv32_core_reg_op1_reg[9] | CK ^ -> Q v   | SDFFQX1  | 0.115 |   0.115 |    3.281 | 
     | FE_OFC1793_pcpi_rs1_9        | A v -> Y ^    | INVX1    | 0.049 |   0.164 |    3.330 | 
     | FE_OFC1333_pcpi_rs1_9        | A ^ -> Y v    | CLKINVX8 | 0.139 |   0.303 |    3.469 | 
     |                              | pcpi_rs1[9] v |          | 0.011 |   0.314 |    3.480 | 
     +--------------------------------------------------------------------------------------+ 
Path 42: MET Late External Delay Assertion 
Endpoint:   pcpi_rs2[10]                    (v) checked with  leading edge of 
'clk'
Beginpoint: picorv32_core_reg_op2_reg[10]/Q (v) triggered by  leading edge of 
'clk'
Path Groups: {reg2out}
Analysis View: analysis1
Other End Arrival Time          0.000
- External Delay                0.500
+ Phase Shift                   4.000
- Uncertainty                   0.020
= Required Time                 3.480
- Arrival Time                  0.313
= Slack Time                    3.167
     Clock Rise Edge                 0.000
     + Clock Network Latency (Ideal) 0.000
     = Beginpoint Arrival Time       0.000
     +----------------------------------------------------------------------------------------+ 
     |           Instance            |      Arc       |   Cell   | Delay | Arrival | Required | 
     |                               |                |          |       |  Time   |   Time   | 
     |-------------------------------+----------------+----------+-------+---------+----------| 
     | picorv32_core_reg_op2_reg[10] | CK ^           |          |       |   0.000 |    3.167 | 
     | picorv32_core_reg_op2_reg[10] | CK ^ -> Q v    | SDFFQX1  | 0.107 |   0.107 |    3.274 | 
     | FE_OFC1810_pcpi_rs2_10        | A v -> Y ^     | INVX1    | 0.052 |   0.159 |    3.326 | 
     | FE_OFC1430_pcpi_rs2_10        | A ^ -> Y v     | CLKINVX8 | 0.136 |   0.295 |    3.462 | 
     |                               | pcpi_rs2[10] v |          | 0.018 |   0.313 |    3.480 | 
     +----------------------------------------------------------------------------------------+ 
Path 43: MET Late External Delay Assertion 
Endpoint:   pcpi_rs1[17]                    (v) checked with  leading edge of 
'clk'
Beginpoint: picorv32_core_reg_op1_reg[17]/Q (v) triggered by  leading edge of 
'clk'
Path Groups: {reg2out}
Analysis View: analysis1
Other End Arrival Time          0.000
- External Delay                0.500
+ Phase Shift                   4.000
- Uncertainty                   0.020
= Required Time                 3.480
- Arrival Time                  0.312
= Slack Time                    3.168
     Clock Rise Edge                 0.000
     + Clock Network Latency (Ideal) 0.000
     = Beginpoint Arrival Time       0.000
     +----------------------------------------------------------------------------------------+ 
     |           Instance            |      Arc       |   Cell   | Delay | Arrival | Required | 
     |                               |                |          |       |  Time   |   Time   | 
     |-------------------------------+----------------+----------+-------+---------+----------| 
     | picorv32_core_reg_op1_reg[17] | CK ^           |          |       |   0.000 |    3.168 | 
     | picorv32_core_reg_op1_reg[17] | CK ^ -> Q v    | SDFFQX1  | 0.136 |   0.136 |    3.304 | 
     | FE_OFC1638_pcpi_rs1_17        | A v -> Y v     | CLKBUFX8 | 0.165 |   0.301 |    3.469 | 
     |                               | pcpi_rs1[17] v |          | 0.011 |   0.312 |    3.480 | 
     +----------------------------------------------------------------------------------------+ 
Path 44: MET Late External Delay Assertion 
Endpoint:   pcpi_rs1[0]                    (v) checked with  leading edge of 
'clk'
Beginpoint: picorv32_core_reg_op1_reg[0]/Q (v) triggered by  leading edge of 
'clk'
Path Groups: {reg2out}
Analysis View: analysis1
Other End Arrival Time          0.000
- External Delay                0.500
+ Phase Shift                   4.000
- Uncertainty                   0.020
= Required Time                 3.480
- Arrival Time                  0.310
= Slack Time                    3.170
     Clock Rise Edge                 0.000
     + Clock Network Latency (Ideal) 0.000
     = Beginpoint Arrival Time       0.000
     +--------------------------------------------------------------------------------------+ 
     |           Instance           |      Arc      |   Cell   | Delay | Arrival | Required | 
     |                              |               |          |       |  Time   |   Time   | 
     |------------------------------+---------------+----------+-------+---------+----------| 
     | picorv32_core_reg_op1_reg[0] | CK ^          |          |       |   0.000 |    3.170 | 
     | picorv32_core_reg_op1_reg[0] | CK ^ -> Q v   | SDFFQX1  | 0.078 |   0.078 |    3.248 | 
     | FE_OFC1360_pcpi_rs1_0        | A v -> Y ^    | INVXL    | 0.069 |   0.147 |    3.317 | 
     | FE_OFC1657_pcpi_rs1_0        | A ^ -> Y v    | CLKINVX8 | 0.149 |   0.296 |    3.466 | 
     |                              | pcpi_rs1[0] v |          | 0.014 |   0.310 |    3.480 | 
     +--------------------------------------------------------------------------------------+ 
Path 45: MET Late External Delay Assertion 
Endpoint:   pcpi_rs1[3]                    (v) checked with  leading edge of 
'clk'
Beginpoint: picorv32_core_reg_op1_reg[3]/Q (v) triggered by  leading edge of 
'clk'
Path Groups: {reg2out}
Analysis View: analysis1
Other End Arrival Time          0.000
- External Delay                0.500
+ Phase Shift                   4.000
- Uncertainty                   0.020
= Required Time                 3.480
- Arrival Time                  0.310
= Slack Time                    3.170
     Clock Rise Edge                 0.000
     + Clock Network Latency (Ideal) 0.000
     = Beginpoint Arrival Time       0.000
     +--------------------------------------------------------------------------------------+ 
     |           Instance           |      Arc      |   Cell   | Delay | Arrival | Required | 
     |                              |               |          |       |  Time   |   Time   | 
     |------------------------------+---------------+----------+-------+---------+----------| 
     | picorv32_core_reg_op1_reg[3] | CK ^          |          |       |   0.000 |    3.170 | 
     | picorv32_core_reg_op1_reg[3] | CK ^ -> Q v   | SDFFQX1  | 0.098 |   0.098 |    3.268 | 
     | FE_OFC1351_pcpi_rs1_3        | A v -> Y ^    | INVXL    | 0.057 |   0.155 |    3.325 | 
     | FE_OFC1653_pcpi_rs1_3        | A ^ -> Y v    | CLKINVX8 | 0.139 |   0.295 |    3.465 | 
     |                              | pcpi_rs1[3] v |          | 0.015 |   0.310 |    3.480 | 
     +--------------------------------------------------------------------------------------+ 
Path 46: MET Late External Delay Assertion 
Endpoint:   pcpi_rs1[23]                    (v) checked with  leading edge of 
'clk'
Beginpoint: picorv32_core_reg_op1_reg[23]/Q (v) triggered by  leading edge of 
'clk'
Path Groups: {reg2out}
Analysis View: analysis1
Other End Arrival Time          0.000
- External Delay                0.500
+ Phase Shift                   4.000
- Uncertainty                   0.020
= Required Time                 3.480
- Arrival Time                  0.309
= Slack Time                    3.171
     Clock Rise Edge                 0.000
     + Clock Network Latency (Ideal) 0.000
     = Beginpoint Arrival Time       0.000
     +----------------------------------------------------------------------------------------+ 
     |           Instance            |      Arc       |   Cell   | Delay | Arrival | Required | 
     |                               |                |          |       |  Time   |   Time   | 
     |-------------------------------+----------------+----------+-------+---------+----------| 
     | picorv32_core_reg_op1_reg[23] | CK ^           |          |       |   0.000 |    3.171 | 
     | picorv32_core_reg_op1_reg[23] | CK ^ -> Q v    | SDFFQX1  | 0.130 |   0.130 |    3.302 | 
     | FE_OFC1634_pcpi_rs1_23        | A v -> Y v     | CLKBUFX8 | 0.160 |   0.290 |    3.462 | 
     |                               | pcpi_rs1[23] v |          | 0.018 |   0.309 |    3.480 | 
     +----------------------------------------------------------------------------------------+ 
Path 47: MET Late External Delay Assertion 
Endpoint:   pcpi_rs1[11]                    (v) checked with  leading edge of 
'clk'
Beginpoint: picorv32_core_reg_op1_reg[11]/Q (v) triggered by  leading edge of 
'clk'
Path Groups: {reg2out}
Analysis View: analysis1
Other End Arrival Time          0.000
- External Delay                0.500
+ Phase Shift                   4.000
- Uncertainty                   0.020
= Required Time                 3.480
- Arrival Time                  0.308
= Slack Time                    3.172
     Clock Rise Edge                 0.000
     + Clock Network Latency (Ideal) 0.000
     = Beginpoint Arrival Time       0.000
     +----------------------------------------------------------------------------------------+ 
     |           Instance            |      Arc       |   Cell   | Delay | Arrival | Required | 
     |                               |                |          |       |  Time   |   Time   | 
     |-------------------------------+----------------+----------+-------+---------+----------| 
     | picorv32_core_reg_op1_reg[11] | CK ^           |          |       |   0.000 |    3.172 | 
     | picorv32_core_reg_op1_reg[11] | CK ^ -> Q v    | SDFFQX1  | 0.110 |   0.110 |    3.281 | 
     | FE_OFC1795_pcpi_rs1_11        | A v -> Y ^     | INVX1    | 0.048 |   0.157 |    3.329 | 
     | FE_OFC1327_pcpi_rs1_11        | A ^ -> Y v     | CLKINVX8 | 0.136 |   0.293 |    3.465 | 
     |                               | pcpi_rs1[11] v |          | 0.015 |   0.308 |    3.480 | 
     +----------------------------------------------------------------------------------------+ 
Path 48: MET Late External Delay Assertion 
Endpoint:   pcpi_rs1[16]                    (v) checked with  leading edge of 
'clk'
Beginpoint: picorv32_core_reg_op1_reg[16]/Q (v) triggered by  leading edge of 
'clk'
Path Groups: {reg2out}
Analysis View: analysis1
Other End Arrival Time          0.000
- External Delay                0.500
+ Phase Shift                   4.000
- Uncertainty                   0.020
= Required Time                 3.480
- Arrival Time                  0.306
= Slack Time                    3.174
     Clock Rise Edge                 0.000
     + Clock Network Latency (Ideal) 0.000
     = Beginpoint Arrival Time       0.000
     +----------------------------------------------------------------------------------------+ 
     |           Instance            |      Arc       |   Cell   | Delay | Arrival | Required | 
     |                               |                |          |       |  Time   |   Time   | 
     |-------------------------------+----------------+----------+-------+---------+----------| 
     | picorv32_core_reg_op1_reg[16] | CK ^           |          |       |   0.000 |    3.174 | 
     | picorv32_core_reg_op1_reg[16] | CK ^ -> Q v    | SDFFQX1  | 0.131 |   0.131 |    3.305 | 
     | FE_OFC1313_pcpi_rs1_16        | A v -> Y v     | CLKBUFX8 | 0.164 |   0.295 |    3.469 | 
     |                               | pcpi_rs1[16] v |          | 0.011 |   0.306 |    3.480 | 
     +----------------------------------------------------------------------------------------+ 
Path 49: MET Late External Delay Assertion 
Endpoint:   pcpi_rs1[15]                    (v) checked with  leading edge of 
'clk'
Beginpoint: picorv32_core_reg_op1_reg[15]/Q (v) triggered by  leading edge of 
'clk'
Path Groups: {reg2out}
Analysis View: analysis1
Other End Arrival Time          0.000
- External Delay                0.500
+ Phase Shift                   4.000
- Uncertainty                   0.020
= Required Time                 3.480
- Arrival Time                  0.305
= Slack Time                    3.175
     Clock Rise Edge                 0.000
     + Clock Network Latency (Ideal) 0.000
     = Beginpoint Arrival Time       0.000
     +----------------------------------------------------------------------------------------+ 
     |           Instance            |      Arc       |   Cell   | Delay | Arrival | Required | 
     |                               |                |          |       |  Time   |   Time   | 
     |-------------------------------+----------------+----------+-------+---------+----------| 
     | picorv32_core_reg_op1_reg[15] | CK ^           |          |       |   0.000 |    3.175 | 
     | picorv32_core_reg_op1_reg[15] | CK ^ -> Q v    | SDFFQX1  | 0.131 |   0.131 |    3.306 | 
     | FE_OFC1314_pcpi_rs1_15        | A v -> Y v     | CLKBUFX8 | 0.163 |   0.294 |    3.469 | 
     |                               | pcpi_rs1[15] v |          | 0.011 |   0.305 |    3.480 | 
     +----------------------------------------------------------------------------------------+ 
Path 50: MET Late External Delay Assertion 
Endpoint:   pcpi_rs1[28]                    (v) checked with  leading edge of 
'clk'
Beginpoint: picorv32_core_reg_op1_reg[28]/Q (v) triggered by  leading edge of 
'clk'
Path Groups: {reg2out}
Analysis View: analysis1
Other End Arrival Time          0.000
- External Delay                0.500
+ Phase Shift                   4.000
- Uncertainty                   0.020
= Required Time                 3.480
- Arrival Time                  0.304
= Slack Time                    3.176
     Clock Rise Edge                 0.000
     + Clock Network Latency (Ideal) 0.000
     = Beginpoint Arrival Time       0.000
     +----------------------------------------------------------------------------------------+ 
     |           Instance            |      Arc       |   Cell   | Delay | Arrival | Required | 
     |                               |                |          |       |  Time   |   Time   | 
     |-------------------------------+----------------+----------+-------+---------+----------| 
     | picorv32_core_reg_op1_reg[28] | CK ^           |          |       |   0.000 |    3.176 | 
     | picorv32_core_reg_op1_reg[28] | CK ^ -> Q v    | SDFFQX1  | 0.128 |   0.128 |    3.304 | 
     | FE_OFC1632_pcpi_rs1_28        | A v -> Y v     | CLKBUFX8 | 0.160 |   0.288 |    3.464 | 
     |                               | pcpi_rs1[28] v |          | 0.016 |   0.304 |    3.480 | 
     +----------------------------------------------------------------------------------------+ 

