
Power Net Detected:
        Voltage	    Name
             0V	    VSS
          1.32V	    VDD
Using Power View: analysis1.

Begin Power Analysis

             0V	    VSS
          1.32V	    VDD

Begin Processing Timing Library for Power Calculation

Begin Processing Timing Library for Power Calculation



Begin Processing Power Net/Grid for Power Calculation

Ended Processing Power Net/Grid for Power Calculation: (cpu=0:00:00, real=0:00:00, mem(process/total/peak)=1753.29MB/3269.16MB/1897.71MB)

Begin Processing Timing Window Data for Power Calculation

clk(250MHz) CK: assigning clock clk to net wb_clk_i
Ended Processing Timing Window Data for Power Calculation: (cpu=0:00:00, real=0:00:00, mem(process/total/peak)=1753.91MB/3269.16MB/1897.71MB)

Begin Processing User Attributes

Ended Processing User Attributes: (cpu=0:00:00, real=0:00:00, mem(process/total/peak)=1754.04MB/3269.16MB/1897.71MB)

Begin Processing Signal Activity


Starting Levelizing
2025-Dec-22 17:00:26 (2025-Dec-22 15:00:26 GMT)
2025-Dec-22 17:00:26 (2025-Dec-22 15:00:26 GMT): 10%
2025-Dec-22 17:00:26 (2025-Dec-22 15:00:26 GMT): 20%
2025-Dec-22 17:00:26 (2025-Dec-22 15:00:26 GMT): 30%
2025-Dec-22 17:00:26 (2025-Dec-22 15:00:26 GMT): 40%
2025-Dec-22 17:00:26 (2025-Dec-22 15:00:26 GMT): 50%
2025-Dec-22 17:00:26 (2025-Dec-22 15:00:26 GMT): 60%
2025-Dec-22 17:00:26 (2025-Dec-22 15:00:26 GMT): 70%
2025-Dec-22 17:00:26 (2025-Dec-22 15:00:26 GMT): 80%
2025-Dec-22 17:00:26 (2025-Dec-22 15:00:26 GMT): 90%

Finished Levelizing
2025-Dec-22 17:00:26 (2025-Dec-22 15:00:26 GMT)

Starting Activity Propagation
2025-Dec-22 17:00:26 (2025-Dec-22 15:00:26 GMT)
** INFO:  (VOLTUS_POWR-1356): No default input activity has been set. Defaulting to 0.2.
Use 'set_default_switching_activity -input_activity' command to change the default activity value.

2025-Dec-22 17:00:26 (2025-Dec-22 15:00:26 GMT): 10%
2025-Dec-22 17:00:26 (2025-Dec-22 15:00:26 GMT): 20%

Finished Activity Propagation
2025-Dec-22 17:00:27 (2025-Dec-22 15:00:27 GMT)
Ended Processing Signal Activity: (cpu=0:00:00, real=0:00:00, mem(process/total/peak)=1754.66MB/3269.16MB/1897.71MB)

Begin Power Computation

      ----------------------------------------------------------
      # of cell(s) missing both power/leakage table: 0
      # of cell(s) missing power table: 0
      # of cell(s) missing leakage table: 0
      ----------------------------------------------------------



Starting Calculating power
2025-Dec-22 17:00:27 (2025-Dec-22 15:00:27 GMT)
 ... Calculating switching power
2025-Dec-22 17:00:27 (2025-Dec-22 15:00:27 GMT): 10%
2025-Dec-22 17:00:27 (2025-Dec-22 15:00:27 GMT): 20%
2025-Dec-22 17:00:27 (2025-Dec-22 15:00:27 GMT): 30%
2025-Dec-22 17:00:27 (2025-Dec-22 15:00:27 GMT): 40%
2025-Dec-22 17:00:27 (2025-Dec-22 15:00:27 GMT): 50%
 ... Calculating internal and leakage power
2025-Dec-22 17:00:27 (2025-Dec-22 15:00:27 GMT): 60%
2025-Dec-22 17:00:27 (2025-Dec-22 15:00:27 GMT): 70%
2025-Dec-22 17:00:27 (2025-Dec-22 15:00:27 GMT): 80%
2025-Dec-22 17:00:27 (2025-Dec-22 15:00:27 GMT): 90%

Finished Calculating power
2025-Dec-22 17:00:28 (2025-Dec-22 15:00:28 GMT)
      # of MSMV cell(s) missing power_level: 0
Ended Power Computation: (cpu=0:00:01, real=0:00:01, mem(process/total/peak)=1755.29MB/3269.16MB/1897.71MB)

Begin Processing User Attributes

Ended Processing User Attributes: (cpu=0:00:00, real=0:00:00, mem(process/total/peak)=1755.54MB/3269.16MB/1897.71MB)

Ended Power Analysis: (cpu=0:00:01, real=0:00:01, mem(process/total/peak)=1755.54MB/3269.16MB/1897.71MB)

Begin Boundary Leakage Calculation
Ended Boundary Leakage Calculation: (cpu=0:00:00, real=0:00:00,
mem(process/total/peak)=1755.54MB/3269.16MB/1897.71MB)
Begin Static Power Report Generation
*----------------------------------------------------------------------------------------
*	Innovus 21.35-s114_1 (64bit) 10/13/2022 12:11 (Linux 3.10.0-693.el7.x86_64)
*	
*
* 	Date & Time:	2025-Dec-22 17:00:28 (2025-Dec-22 15:00:28 GMT)
*
*----------------------------------------------------------------------------------------
*
*	Design: picorv32_wb
*
*	Liberty Libraries used:
*	        analysis1: /mnt/apps/prebuilt/eda/designkits/GPDK/gsclib045/lan/flow/t1u1/reference_libs/GPDK045/gsclib045_svt_v4.4/gsclib045/timing/fast_vdd1v2_basicCells.lib
*
*	Parasitic Files used:
*
*       Power View : analysis1
*
*       User-Defined Activity : N.A.
*
*       Activity File: N.A.
*
*       Hierarchical Global Activity: N.A.
*
*       Global Activity: N.A.
*
*       Sequential Element Activity: 0.200000
*
*       Primary Input Activity: 0.200000
*
*       Default icg ratio: N.A.
*
*       Global Comb ClockGate Ratio: N.A.
*
*	Power Units = 1mW
*
*	Time Units = 1e-09 secs
*
*       report_power
*
-----------------------------------------------------------------------------------------
*



Total Power
-----------------------------------------------------------------------------------------
Total Internal Power:        5.04103381 	   53.9423%
Total Switching Power:       4.29993231 	   46.0120%
Total Leakage Power:         0.00427392 	    0.0457%
Total Power:                 9.34524005
-----------------------------------------------------------------------------------------


Group                           Internal   Switching     Leakage       Total  Percentage 
                                Power      Power         Power         Power  (%)        
-----------------------------------------------------------------------------------------
Sequential                         3.558      0.5252    0.001941       4.085       43.71
Macro                                  0           0           0           0           0
IO                                     0           0           0           0           0
Combinational                      1.483       3.775    0.002332        5.26       56.29
Clock (Combinational)                  0           0           0           0           0
Clock (Sequential)                     0           0           0           0           0
-----------------------------------------------------------------------------------------
Total                              5.041         4.3    0.004274       9.345         100
-----------------------------------------------------------------------------------------


Rail                  Voltage   Internal   Switching     Leakage       Total  Percentage 
                                Power      Power         Power         Power  (%)        
-----------------------------------------------------------------------------------------
VDD                      1.32      5.041         4.3    0.004274       9.345         100
 
 
-----------------------------------------------------------------------------------------
*	Power Distribution Summary: 
*              Highest Average Power: picorv32_core_pcpi_insn_reg[20] (EDFFHQX8):          0.01523
*              Highest Leakage Power: picorv32_core_pcpi_insn_reg[0] (EDFFHQX8):        1.656e-06
*                Total Cap:      8.94217e-11 F
*                Total instances in design:  9992
*                Total instances in design with no power:     0
*                Total instances in design with no activty:     0

*                Total Fillers and Decap:     0
-----------------------------------------------------------------------------------------
 
** INFO:  (VOLTUS_POWR-3465): There are 0 decaps and 0 fillers in the design

Ended Static Power Report Generation: (cpu=0:00:00, real=0:00:00,
mem(process/total/peak)=1759.29MB/3269.16MB/1897.71MB)

