###############################################################
#  Generated by:      Cadence Innovus 21.35-s114_1
#  OS:                Linux x86_64(Host ID cn99.it.auth.gr)
#  Generated on:      Sat Nov 29 13:04:08 2025
#  Design:            picorv32_wb
#  Command:           report_timing -path_group reg2out -check_type setup -max_paths 50 > reports/postRouting/setup_reg2out.rpt
###############################################################
Path 1: MET Late External Delay Assertion 
Endpoint:   pcpi_rs2[5]                    (v) checked with  leading edge of 
'clk'
Beginpoint: picorv32_core_reg_op2_reg[5]/Q (v) triggered by  leading edge of 
'clk'
Path Groups: {reg2out}
Analysis View: analysis1
Other End Arrival Time          0.000
- External Delay                0.500
+ Phase Shift                   4.000
- Uncertainty                   0.020
= Required Time                 3.480
- Arrival Time                  0.819
= Slack Time                    2.661
     Clock Rise Edge                 0.000
     + Clock Network Latency (Prop)  0.003
     = Beginpoint Arrival Time       0.003
     +---------------------------------------------------------------------------------------+ 
     |           Instance           |      Arc      |   Cell    | Delay | Arrival | Required | 
     |                              |               |           |       |  Time   |   Time   | 
     |------------------------------+---------------+-----------+-------+---------+----------| 
     | picorv32_core_reg_op2_reg[5] | CK ^          |           |       |   0.003 |    2.665 | 
     | picorv32_core_reg_op2_reg[5] | CK ^ -> Q v   | DFFX1     | 0.233 |   0.236 |    2.897 | 
     | FE_OFC313_pcpi_rs2_5         | A v -> Y ^    | INVXL     | 0.161 |   0.396 |    3.058 | 
     | FE_OFC316_pcpi_rs2_5         | A ^ -> Y v    | INVXL     | 0.173 |   0.570 |    3.231 | 
     | FE_OFC317_pcpi_rs2_5         | A v -> Y v    | CLKBUFX20 | 0.236 |   0.805 |    3.467 | 
     |                              | pcpi_rs2[5] v |           | 0.013 |   0.819 |    3.480 | 
     +---------------------------------------------------------------------------------------+ 
Path 2: MET Late External Delay Assertion 
Endpoint:   pcpi_rs2[26]                    (v) checked with  leading edge of 
'clk'
Beginpoint: picorv32_core_reg_op2_reg[26]/Q (v) triggered by  leading edge of 
'clk'
Path Groups: {reg2out}
Analysis View: analysis1
Other End Arrival Time          0.000
- External Delay                0.500
+ Phase Shift                   4.000
- Uncertainty                   0.020
= Required Time                 3.480
- Arrival Time                  0.747
= Slack Time                    2.733
     Clock Rise Edge                 0.000
     + Clock Network Latency (Prop)  0.002
     = Beginpoint Arrival Time       0.002
     +------------------------------------------------------------------------------------------+ 
     |            Instance            |      Arc       |   Cell    | Delay | Arrival | Required | 
     |                                |                |           |       |  Time   |   Time   | 
     |--------------------------------+----------------+-----------+-------+---------+----------| 
     | picorv32_core_reg_op2_reg[26]  | CK ^           |           |       |   0.002 |    2.736 | 
     | picorv32_core_reg_op2_reg[26]  | CK ^ -> Q v    | DFFHQX1   | 0.140 |   0.142 |    2.876 | 
     | FE_OFC247_pcpi_rs2_26          | A v -> Y v     | BUFX2     | 0.165 |   0.308 |    3.041 | 
     | picorv32_core_lt_1234_23_g2034 | A v -> Y ^     | INVX1     | 0.146 |   0.453 |    3.187 | 
     | FE_OFC249_pcpi_rs2_26          | A ^ -> Y v     | INVX1     | 0.085 |   0.539 |    3.272 | 
     | FE_OFC250_pcpi_rs2_26          | A v -> Y v     | CLKBUFX20 | 0.186 |   0.724 |    3.458 | 
     |                                | pcpi_rs2[26] v |           | 0.022 |   0.747 |    3.480 | 
     +------------------------------------------------------------------------------------------+ 
Path 3: MET Late External Delay Assertion 
Endpoint:   pcpi_rs2[17]                    (v) checked with  leading edge of 
'clk'
Beginpoint: picorv32_core_reg_op2_reg[17]/Q (v) triggered by  leading edge of 
'clk'
Path Groups: {reg2out}
Analysis View: analysis1
Other End Arrival Time          0.000
- External Delay                0.500
+ Phase Shift                   4.000
- Uncertainty                   0.020
= Required Time                 3.480
- Arrival Time                  0.694
= Slack Time                    2.786
     Clock Rise Edge                 0.000
     + Clock Network Latency (Prop)  -0.000
     = Beginpoint Arrival Time       -0.000
     +-----------------------------------------------------------------------------------------+ 
     |           Instance            |      Arc       |   Cell    | Delay | Arrival | Required | 
     |                               |                |           |       |  Time   |   Time   | 
     |-------------------------------+----------------+-----------+-------+---------+----------| 
     | picorv32_core_reg_op2_reg[17] | CK ^           |           |       |  -0.000 |    2.785 | 
     | picorv32_core_reg_op2_reg[17] | CK ^ -> Q v    | DFFHQX1   | 0.225 |   0.224 |    3.010 | 
     | FE_OFC276_pcpi_rs2_17         | A v -> Y v     | BUFX2     | 0.213 |   0.437 |    3.223 | 
     | FE_OFC278_pcpi_rs2_17         | A v -> Y v     | CLKBUFX20 | 0.245 |   0.682 |    3.468 | 
     |                               | pcpi_rs2[17] v |           | 0.012 |   0.694 |    3.480 | 
     +-----------------------------------------------------------------------------------------+ 
Path 4: MET Late External Delay Assertion 
Endpoint:   pcpi_rs2[28]                    (v) checked with  leading edge of 
'clk'
Beginpoint: picorv32_core_reg_op2_reg[28]/Q (v) triggered by  leading edge of 
'clk'
Path Groups: {reg2out}
Analysis View: analysis1
Other End Arrival Time          0.000
- External Delay                0.500
+ Phase Shift                   4.000
- Uncertainty                   0.020
= Required Time                 3.480
- Arrival Time                  0.688
= Slack Time                    2.792
     Clock Rise Edge                 0.000
     + Clock Network Latency (Prop)  -0.002
     = Beginpoint Arrival Time       -0.002
     +-----------------------------------------------------------------------------------------+ 
     |           Instance            |      Arc       |   Cell    | Delay | Arrival | Required | 
     |                               |                |           |       |  Time   |   Time   | 
     |-------------------------------+----------------+-----------+-------+---------+----------| 
     | picorv32_core_reg_op2_reg[28] | CK ^           |           |       |  -0.002 |    2.791 | 
     | picorv32_core_reg_op2_reg[28] | CK ^ -> Q v    | DFFHQX1   | 0.192 |   0.191 |    2.983 | 
     | FE_OFC526_pcpi_rs2_28         | A v -> Y ^     | INVX1     | 0.109 |   0.300 |    3.092 | 
     | FE_OFC527_pcpi_rs2_28         | A ^ -> Y v     | INVX2     | 0.142 |   0.442 |    3.234 | 
     | FE_OFC242_pcpi_rs2_28         | A v -> Y v     | CLKBUFX20 | 0.236 |   0.678 |    3.470 | 
     |                               | pcpi_rs2[28] v |           | 0.010 |   0.688 |    3.480 | 
     +-----------------------------------------------------------------------------------------+ 
Path 5: MET Late External Delay Assertion 
Endpoint:   pcpi_rs1[1]                    (v) checked with  leading edge of 
'clk'
Beginpoint: picorv32_core_reg_op1_reg[1]/Q (v) triggered by  leading edge of 
'clk'
Path Groups: {reg2out}
Analysis View: analysis1
Other End Arrival Time          0.000
- External Delay                0.500
+ Phase Shift                   4.000
- Uncertainty                   0.020
= Required Time                 3.480
- Arrival Time                  0.676
= Slack Time                    2.804
     Clock Rise Edge                 0.000
     + Clock Network Latency (Prop)  0.004
     = Beginpoint Arrival Time       0.004
     +---------------------------------------------------------------------------------------+ 
     |           Instance           |      Arc      |   Cell    | Delay | Arrival | Required | 
     |                              |               |           |       |  Time   |   Time   | 
     |------------------------------+---------------+-----------+-------+---------+----------| 
     | picorv32_core_reg_op1_reg[1] | CK ^          |           |       |   0.004 |    2.808 | 
     | picorv32_core_reg_op1_reg[1] | CK ^ -> Q v   | DFFX1     | 0.225 |   0.228 |    3.033 | 
     | FE_OFC220_pcpi_rs1_1         | A v -> Y v    | BUFX2     | 0.199 |   0.427 |    3.232 | 
     | FE_OFC172272_pcpi_rs1_1      | A v -> Y v    | CLKBUFX20 | 0.225 |   0.652 |    3.457 | 
     |                              | pcpi_rs1[1] v |           | 0.023 |   0.676 |    3.480 | 
     +---------------------------------------------------------------------------------------+ 
Path 6: MET Late External Delay Assertion 
Endpoint:   pcpi_rs1[20]                    (v) checked with  leading edge of 
'clk'
Beginpoint: picorv32_core_reg_op1_reg[20]/Q (v) triggered by  leading edge of 
'clk'
Path Groups: {reg2out}
Analysis View: analysis1
Other End Arrival Time          0.000
- External Delay                0.500
+ Phase Shift                   4.000
- Uncertainty                   0.020
= Required Time                 3.480
- Arrival Time                  0.672
= Slack Time                    2.808
     Clock Rise Edge                 0.000
     + Clock Network Latency (Prop)  0.002
     = Beginpoint Arrival Time       0.002
     +-----------------------------------------------------------------------------------------+ 
     |           Instance            |      Arc       |   Cell    | Delay | Arrival | Required | 
     |                               |                |           |       |  Time   |   Time   | 
     |-------------------------------+----------------+-----------+-------+---------+----------| 
     | picorv32_core_reg_op1_reg[20] | CK ^           |           |       |   0.002 |    2.810 | 
     | picorv32_core_reg_op1_reg[20] | CK ^ -> Q v    | DFFHQX1   | 0.175 |   0.177 |    2.985 | 
     | FE_OFC524_pcpi_rs1_20         | A v -> Y ^     | INVX1     | 0.084 |   0.261 |    3.069 | 
     | FE_OFC525_pcpi_rs1_20         | A ^ -> Y v     | INVX2     | 0.124 |   0.385 |    3.193 | 
     | FE_OFC461_pcpi_rs1_20         | A v -> Y v     | CLKBUFX20 | 0.099 |   0.484 |    3.292 | 
     | FE_OFC172280_pcpi_rs1_20      | A v -> Y v     | CLKBUFX20 | 0.180 |   0.664 |    3.472 | 
     |                               | pcpi_rs1[20] v |           | 0.008 |   0.672 |    3.480 | 
     +-----------------------------------------------------------------------------------------+ 
Path 7: MET Late External Delay Assertion 
Endpoint:   pcpi_rs2[4]                    (v) checked with  leading edge of 
'clk'
Beginpoint: picorv32_core_reg_op2_reg[4]/Q (v) triggered by  leading edge of 
'clk'
Path Groups: {reg2out}
Analysis View: analysis1
Other End Arrival Time          0.000
- External Delay                0.500
+ Phase Shift                   4.000
- Uncertainty                   0.020
= Required Time                 3.480
- Arrival Time                  0.664
= Slack Time                    2.816
     Clock Rise Edge                 0.000
     + Clock Network Latency (Prop)  0.003
     = Beginpoint Arrival Time       0.003
     +---------------------------------------------------------------------------------------+ 
     |           Instance           |      Arc      |   Cell    | Delay | Arrival | Required | 
     |                              |               |           |       |  Time   |   Time   | 
     |------------------------------+---------------+-----------+-------+---------+----------| 
     | picorv32_core_reg_op2_reg[4] | CK ^          |           |       |   0.003 |    2.819 | 
     | picorv32_core_reg_op2_reg[4] | CK ^ -> Q v   | DFFX1     | 0.130 |   0.133 |    2.948 | 
     | FE_OFC318_pcpi_rs2_4         | A v -> Y v    | BUFX2     | 0.153 |   0.286 |    3.101 | 
     | FE_OFC319_pcpi_rs2_4         | A v -> Y v    | BUFX2     | 0.161 |   0.447 |    3.262 | 
     | FE_OFC321_pcpi_rs2_4         | A v -> Y v    | CLKBUFX20 | 0.204 |   0.651 |    3.466 | 
     |                              | pcpi_rs2[4] v |           | 0.014 |   0.664 |    3.480 | 
     +---------------------------------------------------------------------------------------+ 
Path 8: MET Late External Delay Assertion 
Endpoint:   pcpi_rs2[31]                    (v) checked with  leading edge of 
'clk'
Beginpoint: picorv32_core_reg_op2_reg[31]/Q (v) triggered by  leading edge of 
'clk'
Path Groups: {reg2out}
Analysis View: analysis1
Other End Arrival Time          0.000
- External Delay                0.500
+ Phase Shift                   4.000
- Uncertainty                   0.020
= Required Time                 3.480
- Arrival Time                  0.659
= Slack Time                    2.821
     Clock Rise Edge                 0.000
     + Clock Network Latency (Prop)  -0.001
     = Beginpoint Arrival Time       -0.001
     +-----------------------------------------------------------------------------------------+ 
     |           Instance            |      Arc       |   Cell    | Delay | Arrival | Required | 
     |                               |                |           |       |  Time   |   Time   | 
     |-------------------------------+----------------+-----------+-------+---------+----------| 
     | picorv32_core_reg_op2_reg[31] | CK ^           |           |       |  -0.001 |    2.820 | 
     | picorv32_core_reg_op2_reg[31] | CK ^ -> Q v    | DFFHQX1   | 0.126 |   0.125 |    2.946 | 
     | FE_OFC226_pcpi_rs2_31         | A v -> Y v     | BUFX2     | 0.126 |   0.251 |    3.072 | 
     | FE_OFC227_pcpi_rs2_31         | A v -> Y v     | BUFX2     | 0.172 |   0.423 |    3.244 | 
     | FE_OFC230_pcpi_rs2_31         | A v -> Y v     | CLKBUFX20 | 0.220 |   0.643 |    3.464 | 
     |                               | pcpi_rs2[31] v |           | 0.016 |   0.659 |    3.480 | 
     +-----------------------------------------------------------------------------------------+ 
Path 9: MET Late External Delay Assertion 
Endpoint:   pcpi_rs2[22]                    (v) checked with  leading edge of 
'clk'
Beginpoint: picorv32_core_reg_op2_reg[22]/Q (v) triggered by  leading edge of 
'clk'
Path Groups: {reg2out}
Analysis View: analysis1
Other End Arrival Time          0.000
- External Delay                0.500
+ Phase Shift                   4.000
- Uncertainty                   0.020
= Required Time                 3.480
- Arrival Time                  0.659
= Slack Time                    2.821
     Clock Rise Edge                 0.000
     + Clock Network Latency (Prop)  -0.001
     = Beginpoint Arrival Time       -0.001
     +-----------------------------------------------------------------------------------------+ 
     |           Instance            |      Arc       |   Cell    | Delay | Arrival | Required | 
     |                               |                |           |       |  Time   |   Time   | 
     |-------------------------------+----------------+-----------+-------+---------+----------| 
     | picorv32_core_reg_op2_reg[22] | CK ^           |           |       |  -0.001 |    2.820 | 
     | picorv32_core_reg_op2_reg[22] | CK ^ -> Q v    | DFFHQX1   | 0.192 |   0.190 |    3.011 | 
     | FE_OFC260_pcpi_rs2_22         | A v -> Y v     | BUFX2     | 0.206 |   0.397 |    3.218 | 
     | FE_OFC262_pcpi_rs2_22         | A v -> Y v     | CLKBUFX20 | 0.254 |   0.651 |    3.472 | 
     |                               | pcpi_rs2[22] v |           | 0.008 |   0.659 |    3.480 | 
     +-----------------------------------------------------------------------------------------+ 
Path 10: MET Late External Delay Assertion 
Endpoint:   pcpi_rs2[0]                    (v) checked with  leading edge of 
'clk'
Beginpoint: picorv32_core_reg_op2_reg[0]/Q (v) triggered by  leading edge of 
'clk'
Path Groups: {reg2out}
Analysis View: analysis1
Other End Arrival Time          0.000
- External Delay                0.500
+ Phase Shift                   4.000
- Uncertainty                   0.020
= Required Time                 3.480
- Arrival Time                  0.656
= Slack Time                    2.824
     Clock Rise Edge                 0.000
     + Clock Network Latency (Prop)  0.004
     = Beginpoint Arrival Time       0.004
     +---------------------------------------------------------------------------------------+ 
     |           Instance           |      Arc      |   Cell    | Delay | Arrival | Required | 
     |                              |               |           |       |  Time   |   Time   | 
     |------------------------------+---------------+-----------+-------+---------+----------| 
     | picorv32_core_reg_op2_reg[0] | CK ^          |           |       |   0.004 |    2.828 | 
     | picorv32_core_reg_op2_reg[0] | CK ^ -> Q v   | DFFHQX1   | 0.141 |   0.145 |    2.969 | 
     | FE_OFC333_pcpi_rs2_0         | A v -> Y v    | CLKBUFX6  | 0.136 |   0.281 |    3.105 | 
     | FE_OFC334_pcpi_rs2_0         | A v -> Y ^    | INVXL     | 0.097 |   0.378 |    3.202 | 
     | FE_OFC335_pcpi_rs2_0         | A ^ -> Y v    | INVX1     | 0.066 |   0.444 |    3.268 | 
     | FE_OFC336_pcpi_rs2_0         | A v -> Y v    | CLKBUFX20 | 0.193 |   0.637 |    3.461 | 
     |                              | pcpi_rs2[0] v |           | 0.019 |   0.656 |    3.480 | 
     +---------------------------------------------------------------------------------------+ 
Path 11: MET Late External Delay Assertion 
Endpoint:   pcpi_rs2[9]                    (v) checked with  leading edge of 
'clk'
Beginpoint: picorv32_core_reg_op2_reg[9]/Q (v) triggered by  leading edge of 
'clk'
Path Groups: {reg2out}
Analysis View: analysis1
Other End Arrival Time          0.000
- External Delay                0.500
+ Phase Shift                   4.000
- Uncertainty                   0.020
= Required Time                 3.480
- Arrival Time                  0.653
= Slack Time                    2.827
     Clock Rise Edge                 0.000
     + Clock Network Latency (Prop)  -0.000
     = Beginpoint Arrival Time       -0.000
     +---------------------------------------------------------------------------------------+ 
     |           Instance           |      Arc      |   Cell    | Delay | Arrival | Required | 
     |                              |               |           |       |  Time   |   Time   | 
     |------------------------------+---------------+-----------+-------+---------+----------| 
     | picorv32_core_reg_op2_reg[9] | CK ^          |           |       |  -0.000 |    2.827 | 
     | picorv32_core_reg_op2_reg[9] | CK ^ -> Q v   | DFFHQX1   | 0.214 |   0.214 |    3.041 | 
     | FE_OFC508_pcpi_rs2_9         | A v -> Y v    | BUFX2     | 0.192 |   0.405 |    3.233 | 
     | FE_OFC303_pcpi_rs2_9         | A v -> Y v    | CLKBUFX20 | 0.235 |   0.641 |    3.468 | 
     |                              | pcpi_rs2[9] v |           | 0.012 |   0.653 |    3.480 | 
     +---------------------------------------------------------------------------------------+ 
Path 12: MET Late External Delay Assertion 
Endpoint:   pcpi_rs2[12]                    (v) checked with  leading edge of 
'clk'
Beginpoint: picorv32_core_reg_op2_reg[12]/Q (v) triggered by  leading edge of 
'clk'
Path Groups: {reg2out}
Analysis View: analysis1
Other End Arrival Time          0.000
- External Delay                0.500
+ Phase Shift                   4.000
- Uncertainty                   0.020
= Required Time                 3.480
- Arrival Time                  0.650
= Slack Time                    2.830
     Clock Rise Edge                 0.000
     + Clock Network Latency (Prop)  -0.000
     = Beginpoint Arrival Time       -0.000
     +-----------------------------------------------------------------------------------------+ 
     |           Instance            |      Arc       |   Cell    | Delay | Arrival | Required | 
     |                               |                |           |       |  Time   |   Time   | 
     |-------------------------------+----------------+-----------+-------+---------+----------| 
     | picorv32_core_reg_op2_reg[12] | CK ^           |           |       |  -0.000 |    2.830 | 
     | picorv32_core_reg_op2_reg[12] | CK ^ -> Q v    | DFFHQX1   | 0.211 |   0.211 |    3.041 | 
     | FE_OFC510_pcpi_rs2_12         | A v -> Y v     | BUFX2     | 0.191 |   0.402 |    3.232 | 
     | FE_OFC294_pcpi_rs2_12         | A v -> Y v     | CLKBUFX20 | 0.234 |   0.636 |    3.466 | 
     |                               | pcpi_rs2[12] v |           | 0.014 |   0.650 |    3.480 | 
     +-----------------------------------------------------------------------------------------+ 
Path 13: MET Late External Delay Assertion 
Endpoint:   pcpi_rs1[11]                    (v) checked with  leading edge of 
'clk'
Beginpoint: picorv32_core_reg_op1_reg[11]/Q (v) triggered by  leading edge of 
'clk'
Path Groups: {reg2out}
Analysis View: analysis1
Other End Arrival Time          0.000
- External Delay                0.500
+ Phase Shift                   4.000
- Uncertainty                   0.020
= Required Time                 3.480
- Arrival Time                  0.647
= Slack Time                    2.833
     Clock Rise Edge                 0.000
     + Clock Network Latency (Prop)  0.002
     = Beginpoint Arrival Time       0.002
     +-----------------------------------------------------------------------------------------+ 
     |           Instance            |      Arc       |   Cell    | Delay | Arrival | Required | 
     |                               |                |           |       |  Time   |   Time   | 
     |-------------------------------+----------------+-----------+-------+---------+----------| 
     | picorv32_core_reg_op1_reg[11] | CK ^           |           |       |   0.002 |    2.835 | 
     | picorv32_core_reg_op1_reg[11] | CK ^ -> Q v    | DFFHQX1   | 0.217 |   0.219 |    3.052 | 
     | FE_OFC539_pcpi_rs1_11         | A v -> Y v     | BUFX2     | 0.186 |   0.405 |    3.239 | 
     | FE_OFC172276_pcpi_rs1_11      | A v -> Y v     | CLKBUFX20 | 0.227 |   0.632 |    3.466 | 
     |                               | pcpi_rs1[11] v |           | 0.014 |   0.647 |    3.480 | 
     +-----------------------------------------------------------------------------------------+ 
Path 14: MET Late External Delay Assertion 
Endpoint:   pcpi_rs1[10]                    (v) checked with  leading edge of 
'clk'
Beginpoint: picorv32_core_reg_op1_reg[10]/Q (v) triggered by  leading edge of 
'clk'
Path Groups: {reg2out}
Analysis View: analysis1
Other End Arrival Time          0.000
- External Delay                0.500
+ Phase Shift                   4.000
- Uncertainty                   0.020
= Required Time                 3.480
- Arrival Time                  0.643
= Slack Time                    2.837
     Clock Rise Edge                 0.000
     + Clock Network Latency (Prop)  0.003
     = Beginpoint Arrival Time       0.003
     +-----------------------------------------------------------------------------------------+ 
     |           Instance            |      Arc       |   Cell    | Delay | Arrival | Required | 
     |                               |                |           |       |  Time   |   Time   | 
     |-------------------------------+----------------+-----------+-------+---------+----------| 
     | picorv32_core_reg_op1_reg[10] | CK ^           |           |       |   0.003 |    2.839 | 
     | picorv32_core_reg_op1_reg[10] | CK ^ -> Q v    | DFFHQX1   | 0.216 |   0.219 |    3.056 | 
     | FE_OFC505_pcpi_rs1_10         | A v -> Y v     | BUFX2     | 0.182 |   0.401 |    3.238 | 
     | FE_OFC198_pcpi_rs1_10         | A v -> Y v     | CLKBUFX20 | 0.215 |   0.616 |    3.453 | 
     |                               | pcpi_rs1[10] v |           | 0.027 |   0.643 |    3.480 | 
     +-----------------------------------------------------------------------------------------+ 
Path 15: MET Late External Delay Assertion 
Endpoint:   pcpi_rs2[8]                    (v) checked with  leading edge of 
'clk'
Beginpoint: picorv32_core_reg_op2_reg[8]/Q (v) triggered by  leading edge of 
'clk'
Path Groups: {reg2out}
Analysis View: analysis1
Other End Arrival Time          0.000
- External Delay                0.500
+ Phase Shift                   4.000
- Uncertainty                   0.020
= Required Time                 3.480
- Arrival Time                  0.642
= Slack Time                    2.838
     Clock Rise Edge                 0.000
     + Clock Network Latency (Prop)  -0.001
     = Beginpoint Arrival Time       -0.001
     +---------------------------------------------------------------------------------------+ 
     |           Instance           |      Arc      |   Cell    | Delay | Arrival | Required | 
     |                              |               |           |       |  Time   |   Time   | 
     |------------------------------+---------------+-----------+-------+---------+----------| 
     | picorv32_core_reg_op2_reg[8] | CK ^          |           |       |  -0.001 |    2.837 | 
     | picorv32_core_reg_op2_reg[8] | CK ^ -> Q v   | DFFHQX1   | 0.219 |   0.217 |    3.056 | 
     | FE_OFC305_pcpi_rs2_8         | A v -> Y v    | BUFX2     | 0.185 |   0.402 |    3.241 | 
     | FE_OFC306_pcpi_rs2_8         | A v -> Y v    | CLKBUFX20 | 0.228 |   0.631 |    3.469 | 
     |                              | pcpi_rs2[8] v |           | 0.011 |   0.642 |    3.480 | 
     +---------------------------------------------------------------------------------------+ 
Path 16: MET Late External Delay Assertion 
Endpoint:   pcpi_rs2[11]                    (v) checked with  leading edge of 
'clk'
Beginpoint: picorv32_core_reg_op2_reg[11]/Q (v) triggered by  leading edge of 
'clk'
Path Groups: {reg2out}
Analysis View: analysis1
Other End Arrival Time          0.000
- External Delay                0.500
+ Phase Shift                   4.000
- Uncertainty                   0.020
= Required Time                 3.480
- Arrival Time                  0.639
= Slack Time                    2.841
     Clock Rise Edge                 0.000
     + Clock Network Latency (Prop)  -0.000
     = Beginpoint Arrival Time       -0.000
     +-----------------------------------------------------------------------------------------+ 
     |           Instance            |      Arc       |   Cell    | Delay | Arrival | Required | 
     |                               |                |           |       |  Time   |   Time   | 
     |-------------------------------+----------------+-----------+-------+---------+----------| 
     | picorv32_core_reg_op2_reg[11] | CK ^           |           |       |  -0.000 |    2.841 | 
     | picorv32_core_reg_op2_reg[11] | CK ^ -> Q v    | DFFHQX1   | 0.210 |   0.210 |    3.051 | 
     | FE_OFC509_pcpi_rs2_11         | A v -> Y v     | BUFX2     | 0.185 |   0.395 |    3.236 | 
     | FE_OFC297_pcpi_rs2_11         | A v -> Y v     | CLKBUFX20 | 0.230 |   0.625 |    3.466 | 
     |                               | pcpi_rs2[11] v |           | 0.014 |   0.639 |    3.480 | 
     +-----------------------------------------------------------------------------------------+ 
Path 17: MET Late External Delay Assertion 
Endpoint:   pcpi_rs2[20]                    (v) checked with  leading edge of 
'clk'
Beginpoint: picorv32_core_reg_op2_reg[20]/Q (v) triggered by  leading edge of 
'clk'
Path Groups: {reg2out}
Analysis View: analysis1
Other End Arrival Time          0.000
- External Delay                0.500
+ Phase Shift                   4.000
- Uncertainty                   0.020
= Required Time                 3.480
- Arrival Time                  0.637
= Slack Time                    2.843
     Clock Rise Edge                 0.000
     + Clock Network Latency (Prop)  0.000
     = Beginpoint Arrival Time       0.000
     +-----------------------------------------------------------------------------------------+ 
     |           Instance            |      Arc       |   Cell    | Delay | Arrival | Required | 
     |                               |                |           |       |  Time   |   Time   | 
     |-------------------------------+----------------+-----------+-------+---------+----------| 
     | picorv32_core_reg_op2_reg[20] | CK ^           |           |       |   0.000 |    2.843 | 
     | picorv32_core_reg_op2_reg[20] | CK ^ -> Q v    | DFFHQX1   | 0.198 |   0.198 |    3.041 | 
     | FE_OFC516_pcpi_rs2_20         | A v -> Y v     | BUFX2     | 0.187 |   0.385 |    3.228 | 
     | FE_OFC269_pcpi_rs2_20         | A v -> Y v     | CLKBUFX20 | 0.228 |   0.613 |    3.456 | 
     |                               | pcpi_rs2[20] v |           | 0.024 |   0.637 |    3.480 | 
     +-----------------------------------------------------------------------------------------+ 
Path 18: MET Late External Delay Assertion 
Endpoint:   pcpi_rs1[28]                    (v) checked with  leading edge of 
'clk'
Beginpoint: picorv32_core_reg_op1_reg[28]/Q (v) triggered by  leading edge of 
'clk'
Path Groups: {reg2out}
Analysis View: analysis1
Other End Arrival Time          0.000
- External Delay                0.500
+ Phase Shift                   4.000
- Uncertainty                   0.020
= Required Time                 3.480
- Arrival Time                  0.634
= Slack Time                    2.846
     Clock Rise Edge                 0.000
     + Clock Network Latency (Prop)  0.002
     = Beginpoint Arrival Time       0.002
     +-----------------------------------------------------------------------------------------+ 
     |           Instance            |      Arc       |   Cell    | Delay | Arrival | Required | 
     |                               |                |           |       |  Time   |   Time   | 
     |-------------------------------+----------------+-----------+-------+---------+----------| 
     | picorv32_core_reg_op1_reg[28] | CK ^           |           |       |   0.002 |    2.848 | 
     | picorv32_core_reg_op1_reg[28] | CK ^ -> Q v    | DFFHQX1   | 0.200 |   0.203 |    3.048 | 
     | FE_OFC507_pcpi_rs1_28         | A v -> Y v     | BUFX2     | 0.185 |   0.388 |    3.233 | 
     | FE_OFC142_pcpi_rs1_28         | A v -> Y v     | CLKBUFX20 | 0.235 |   0.622 |    3.468 | 
     |                               | pcpi_rs1[28] v |           | 0.012 |   0.634 |    3.480 | 
     +-----------------------------------------------------------------------------------------+ 
Path 19: MET Late External Delay Assertion 
Endpoint:   pcpi_rs2[16]                    (v) checked with  leading edge of 
'clk'
Beginpoint: picorv32_core_reg_op2_reg[16]/Q (v) triggered by  leading edge of 
'clk'
Path Groups: {reg2out}
Analysis View: analysis1
Other End Arrival Time          0.000
- External Delay                0.500
+ Phase Shift                   4.000
- Uncertainty                   0.020
= Required Time                 3.480
- Arrival Time                  0.633
= Slack Time                    2.847
     Clock Rise Edge                 0.000
     + Clock Network Latency (Prop)  -0.002
     = Beginpoint Arrival Time       -0.002
     +-----------------------------------------------------------------------------------------+ 
     |           Instance            |      Arc       |   Cell    | Delay | Arrival | Required | 
     |                               |                |           |       |  Time   |   Time   | 
     |-------------------------------+----------------+-----------+-------+---------+----------| 
     | picorv32_core_reg_op2_reg[16] | CK ^           |           |       |  -0.002 |    2.845 | 
     | picorv32_core_reg_op2_reg[16] | CK ^ -> Q v    | DFFHQX1   | 0.146 |   0.143 |    2.990 | 
     | FE_OFC279_pcpi_rs2_16         | A v -> Y ^     | INVX1     | 0.074 |   0.217 |    3.065 | 
     | FE_OFC280_pcpi_rs2_16         | A ^ -> Y v     | INVX2     | 0.156 |   0.373 |    3.220 | 
     | FE_OFC282_pcpi_rs2_16         | A v -> Y v     | CLKBUFX20 | 0.236 |   0.609 |    3.457 | 
     |                               | pcpi_rs2[16] v |           | 0.023 |   0.633 |    3.480 | 
     +-----------------------------------------------------------------------------------------+ 
Path 20: MET Late External Delay Assertion 
Endpoint:   pcpi_rs1[30]                    (v) checked with  leading edge of 
'clk'
Beginpoint: picorv32_core_reg_op1_reg[30]/Q (v) triggered by  leading edge of 
'clk'
Path Groups: {reg2out}
Analysis View: analysis1
Other End Arrival Time          0.000
- External Delay                0.500
+ Phase Shift                   4.000
- Uncertainty                   0.020
= Required Time                 3.480
- Arrival Time                  0.631
= Slack Time                    2.849
     Clock Rise Edge                 0.000
     + Clock Network Latency (Prop)  0.003
     = Beginpoint Arrival Time       0.003
     +-----------------------------------------------------------------------------------------+ 
     |           Instance            |      Arc       |   Cell    | Delay | Arrival | Required | 
     |                               |                |           |       |  Time   |   Time   | 
     |-------------------------------+----------------+-----------+-------+---------+----------| 
     | picorv32_core_reg_op1_reg[30] | CK ^           |           |       |   0.003 |    2.852 | 
     | picorv32_core_reg_op1_reg[30] | CK ^ -> Q v    | DFFHQX1   | 0.205 |   0.208 |    3.057 | 
     | FE_OFC541_pcpi_rs1_30         | A v -> Y ^     | INVX1     | 0.082 |   0.290 |    3.139 | 
     | FE_OFC542_pcpi_rs1_30         | A ^ -> Y v     | INVX2     | 0.105 |   0.396 |    3.244 | 
     | FE_OFC172270_pcpi_rs1_30      | A v -> Y v     | CLKBUFX20 | 0.228 |   0.624 |    3.473 | 
     |                               | pcpi_rs1[30] v |           | 0.007 |   0.631 |    3.480 | 
     +-----------------------------------------------------------------------------------------+ 
Path 21: MET Late External Delay Assertion 
Endpoint:   pcpi_rs1[21]                    (v) checked with  leading edge of 
'clk'
Beginpoint: picorv32_core_reg_op1_reg[21]/Q (v) triggered by  leading edge of 
'clk'
Path Groups: {reg2out}
Analysis View: analysis1
Other End Arrival Time          0.000
- External Delay                0.500
+ Phase Shift                   4.000
- Uncertainty                   0.020
= Required Time                 3.480
- Arrival Time                  0.608
= Slack Time                    2.872
     Clock Rise Edge                 0.000
     + Clock Network Latency (Prop)  0.002
     = Beginpoint Arrival Time       0.002
     +-----------------------------------------------------------------------------------------+ 
     |           Instance            |      Arc       |   Cell    | Delay | Arrival | Required | 
     |                               |                |           |       |  Time   |   Time   | 
     |-------------------------------+----------------+-----------+-------+---------+----------| 
     | picorv32_core_reg_op1_reg[21] | CK ^           |           |       |   0.002 |    2.875 | 
     | picorv32_core_reg_op1_reg[21] | CK ^ -> Q v    | DFFHQX1   | 0.207 |   0.210 |    3.082 | 
     | FE_OFC504_pcpi_rs1_21         | A v -> Y v     | BUFX2     | 0.165 |   0.375 |    3.247 | 
     | FE_OFC463_pcpi_rs1_21         | A v -> Y v     | CLKBUFX20 | 0.209 |   0.584 |    3.456 | 
     |                               | pcpi_rs1[21] v |           | 0.024 |   0.608 |    3.480 | 
     +-----------------------------------------------------------------------------------------+ 
Path 22: MET Late External Delay Assertion 
Endpoint:   pcpi_rs2[3]                    (v) checked with  leading edge of 
'clk'
Beginpoint: picorv32_core_reg_op2_reg[3]/Q (v) triggered by  leading edge of 
'clk'
Path Groups: {reg2out}
Analysis View: analysis1
Other End Arrival Time          0.000
- External Delay                0.500
+ Phase Shift                   4.000
- Uncertainty                   0.020
= Required Time                 3.480
- Arrival Time                  0.598
= Slack Time                    2.882
     Clock Rise Edge                 0.000
     + Clock Network Latency (Prop)  0.003
     = Beginpoint Arrival Time       0.003
     +---------------------------------------------------------------------------------------+ 
     |           Instance           |      Arc      |   Cell    | Delay | Arrival | Required | 
     |                              |               |           |       |  Time   |   Time   | 
     |------------------------------+---------------+-----------+-------+---------+----------| 
     | picorv32_core_reg_op2_reg[3] | CK ^          |           |       |   0.003 |    2.885 | 
     | picorv32_core_reg_op2_reg[3] | CK ^ -> Q v   | DFFX1     | 0.129 |   0.132 |    3.014 | 
     | FE_OFC322_pcpi_rs2_3         | A v -> Y v    | BUFX2     | 0.123 |   0.255 |    3.136 | 
     | FE_OFC324_pcpi_rs2_3         | A v -> Y v    | BUFX2     | 0.132 |   0.387 |    3.269 | 
     | FE_OFC325_pcpi_rs2_3         | A v -> Y v    | CLKBUFX20 | 0.197 |   0.584 |    3.465 | 
     |                              | pcpi_rs2[3] v |           | 0.015 |   0.598 |    3.480 | 
     +---------------------------------------------------------------------------------------+ 
Path 23: MET Late External Delay Assertion 
Endpoint:   pcpi_insn[13]                     (v) checked with  leading edge of 
'clk'
Beginpoint: picorv32_core_pcpi_insn_reg[13]/Q (v) triggered by  leading edge of 
'clk'
Path Groups: {reg2out}
Analysis View: analysis1
Other End Arrival Time          0.000
- External Delay                0.500
+ Phase Shift                   4.000
- Uncertainty                   0.020
= Required Time                 3.480
- Arrival Time                  0.595
= Slack Time                    2.885
     Clock Rise Edge                 0.000
     + Clock Network Latency (Prop)  0.002
     = Beginpoint Arrival Time       0.002
     +--------------------------------------------------------------------------------------------+ 
     |            Instance             |       Arc       |   Cell    | Delay | Arrival | Required | 
     |                                 |                 |           |       |  Time   |   Time   | 
     |---------------------------------+-----------------+-----------+-------+---------+----------| 
     | picorv32_core_pcpi_insn_reg[13] | CK ^            |           |       |   0.002 |    2.886 | 
     | picorv32_core_pcpi_insn_reg[13] | CK ^ -> Q v     | EDFFHQX1  | 0.135 |   0.137 |    3.021 | 
     | FE_OFC111_pcpi_insn_13          | A v -> Y ^      | INVX1     | 0.054 |   0.191 |    3.075 | 
     | FE_OFC112_pcpi_insn_13          | A ^ -> Y v      | INVX1     | 0.151 |   0.342 |    3.227 | 
     | FE_OFC113_pcpi_insn_13          | A v -> Y v      | CLKBUFX20 | 0.240 |   0.582 |    3.466 | 
     |                                 | pcpi_insn[13] v |           | 0.014 |   0.595 |    3.480 | 
     +--------------------------------------------------------------------------------------------+ 
Path 24: MET Late External Delay Assertion 
Endpoint:   pcpi_insn[12]                     (v) checked with  leading edge of 
'clk'
Beginpoint: picorv32_core_pcpi_insn_reg[12]/Q (v) triggered by  leading edge of 
'clk'
Path Groups: {reg2out}
Analysis View: analysis1
Other End Arrival Time          0.000
- External Delay                0.500
+ Phase Shift                   4.000
- Uncertainty                   0.020
= Required Time                 3.480
- Arrival Time                  0.592
= Slack Time                    2.888
     Clock Rise Edge                 0.000
     + Clock Network Latency (Prop)  0.002
     = Beginpoint Arrival Time       0.002
     +--------------------------------------------------------------------------------------------+ 
     |            Instance             |       Arc       |   Cell    | Delay | Arrival | Required | 
     |                                 |                 |           |       |  Time   |   Time   | 
     |---------------------------------+-----------------+-----------+-------+---------+----------| 
     | picorv32_core_pcpi_insn_reg[12] | CK ^            |           |       |   0.002 |    2.889 | 
     | picorv32_core_pcpi_insn_reg[12] | CK ^ -> Q v     | EDFFHQX1  | 0.138 |   0.140 |    3.027 | 
     | FE_OFC114_pcpi_insn_12          | A v -> Y ^      | INVX1     | 0.055 |   0.195 |    3.083 | 
     | FE_OFC115_pcpi_insn_12          | A ^ -> Y v      | INVX1     | 0.146 |   0.342 |    3.229 | 
     | FE_OFC116_pcpi_insn_12          | A v -> Y v      | CLKBUFX20 | 0.237 |   0.578 |    3.466 | 
     |                                 | pcpi_insn[12] v |           | 0.014 |   0.592 |    3.480 | 
     +--------------------------------------------------------------------------------------------+ 
Path 25: MET Late External Delay Assertion 
Endpoint:   pcpi_rs2[7]                    (v) checked with  leading edge of 
'clk'
Beginpoint: picorv32_core_reg_op2_reg[7]/Q (v) triggered by  leading edge of 
'clk'
Path Groups: {reg2out}
Analysis View: analysis1
Other End Arrival Time          0.000
- External Delay                0.500
+ Phase Shift                   4.000
- Uncertainty                   0.020
= Required Time                 3.480
- Arrival Time                  0.591
= Slack Time                    2.889
     Clock Rise Edge                 0.000
     + Clock Network Latency (Prop)  0.003
     = Beginpoint Arrival Time       0.003
     +---------------------------------------------------------------------------------------+ 
     |           Instance           |      Arc      |   Cell    | Delay | Arrival | Required | 
     |                              |               |           |       |  Time   |   Time   | 
     |------------------------------+---------------+-----------+-------+---------+----------| 
     | picorv32_core_reg_op2_reg[7] | CK ^          |           |       |   0.003 |    2.893 | 
     | picorv32_core_reg_op2_reg[7] | CK ^ -> Q v   | DFFX1     | 0.131 |   0.134 |    3.023 | 
     | FE_OFC307_pcpi_rs2_7         | A v -> Y ^    | INVX1     | 0.023 |   0.157 |    3.047 | 
     | FE_OFC308_pcpi_rs2_7         | A ^ -> Y v    | INVX2     | 0.131 |   0.288 |    3.177 | 
     | FE_OFC309_pcpi_rs2_7         | A v -> Y v    | CLKBUFX20 | 0.114 |   0.402 |    3.292 | 
     | FE_OFC172278_pcpi_rs2_7      | A v -> Y v    | CLKBUFX20 | 0.177 |   0.579 |    3.468 | 
     |                              | pcpi_rs2[7] v |           | 0.012 |   0.591 |    3.480 | 
     +---------------------------------------------------------------------------------------+ 
Path 26: MET Late External Delay Assertion 
Endpoint:   pcpi_rs2[21]                    (v) checked with  leading edge of 
'clk'
Beginpoint: picorv32_core_reg_op2_reg[21]/Q (v) triggered by  leading edge of 
'clk'
Path Groups: {reg2out}
Analysis View: analysis1
Other End Arrival Time          0.000
- External Delay                0.500
+ Phase Shift                   4.000
- Uncertainty                   0.020
= Required Time                 3.480
- Arrival Time                  0.588
= Slack Time                    2.892
     Clock Rise Edge                 0.000
     + Clock Network Latency (Prop)  0.003
     = Beginpoint Arrival Time       0.003
     +-----------------------------------------------------------------------------------------+ 
     |           Instance            |      Arc       |   Cell    | Delay | Arrival | Required | 
     |                               |                |           |       |  Time   |   Time   | 
     |-------------------------------+----------------+-----------+-------+---------+----------| 
     | picorv32_core_reg_op2_reg[21] | CK ^           |           |       |   0.003 |    2.894 | 
     | picorv32_core_reg_op2_reg[21] | CK ^ -> Q v    | DFFHQX1   | 0.196 |   0.199 |    3.090 | 
     | FE_OFC517_pcpi_rs2_21         | A v -> Y v     | BUFX3     | 0.156 |   0.355 |    3.246 | 
     | FE_OFC266_pcpi_rs2_21         | A v -> Y v     | CLKBUFX20 | 0.220 |   0.575 |    3.467 | 
     |                               | pcpi_rs2[21] v |           | 0.013 |   0.588 |    3.480 | 
     +-----------------------------------------------------------------------------------------+ 
Path 27: MET Late External Delay Assertion 
Endpoint:   pcpi_rs1[29]                    (v) checked with  leading edge of 
'clk'
Beginpoint: picorv32_core_reg_op1_reg[29]/Q (v) triggered by  leading edge of 
'clk'
Path Groups: {reg2out}
Analysis View: analysis1
Other End Arrival Time          0.000
- External Delay                0.500
+ Phase Shift                   4.000
- Uncertainty                   0.020
= Required Time                 3.480
- Arrival Time                  0.588
= Slack Time                    2.892
     Clock Rise Edge                 0.000
     + Clock Network Latency (Prop)  0.002
     = Beginpoint Arrival Time       0.002
     +-----------------------------------------------------------------------------------------+ 
     |           Instance            |      Arc       |   Cell    | Delay | Arrival | Required | 
     |                               |                |           |       |  Time   |   Time   | 
     |-------------------------------+----------------+-----------+-------+---------+----------| 
     | picorv32_core_reg_op1_reg[29] | CK ^           |           |       |   0.002 |    2.894 | 
     | picorv32_core_reg_op1_reg[29] | CK ^ -> Q v    | DFFHQX1   | 0.181 |   0.183 |    3.075 | 
     | FE_OFC137_pcpi_rs1_29         | A v -> Y v     | BUFX2     | 0.163 |   0.346 |    3.238 | 
     | FE_OFC139_pcpi_rs1_29         | A v -> Y v     | CLKBUFX20 | 0.221 |   0.566 |    3.458 | 
     |                               | pcpi_rs1[29] v |           | 0.022 |   0.588 |    3.480 | 
     +-----------------------------------------------------------------------------------------+ 
Path 28: MET Late External Delay Assertion 
Endpoint:   pcpi_rs1[27]                    (v) checked with  leading edge of 
'clk'
Beginpoint: picorv32_core_reg_op1_reg[27]/Q (v) triggered by  leading edge of 
'clk'
Path Groups: {reg2out}
Analysis View: analysis1
Other End Arrival Time          0.000
- External Delay                0.500
+ Phase Shift                   4.000
- Uncertainty                   0.020
= Required Time                 3.480
- Arrival Time                  0.586
= Slack Time                    2.894
     Clock Rise Edge                 0.000
     + Clock Network Latency (Prop)  0.004
     = Beginpoint Arrival Time       0.004
     +-----------------------------------------------------------------------------------------+ 
     |           Instance            |      Arc       |   Cell    | Delay | Arrival | Required | 
     |                               |                |           |       |  Time   |   Time   | 
     |-------------------------------+----------------+-----------+-------+---------+----------| 
     | picorv32_core_reg_op1_reg[27] | CK ^           |           |       |   0.004 |    2.897 | 
     | picorv32_core_reg_op1_reg[27] | CK ^ -> Q v    | DFFHQX1   | 0.193 |   0.196 |    3.090 | 
     | FE_OFC143_pcpi_rs1_27         | A v -> Y v     | BUFX2     | 0.157 |   0.353 |    3.247 | 
     | FE_OFC144_pcpi_rs1_27         | A v -> Y v     | CLKBUFX20 | 0.217 |   0.570 |    3.464 | 
     |                               | pcpi_rs1[27] v |           | 0.016 |   0.586 |    3.480 | 
     +-----------------------------------------------------------------------------------------+ 
Path 29: MET Late External Delay Assertion 
Endpoint:   pcpi_rs1[2]                    (v) checked with  leading edge of 
'clk'
Beginpoint: picorv32_core_reg_op1_reg[2]/Q (v) triggered by  leading edge of 
'clk'
Path Groups: {reg2out}
Analysis View: analysis1
Other End Arrival Time          0.000
- External Delay                0.500
+ Phase Shift                   4.000
- Uncertainty                   0.020
= Required Time                 3.480
- Arrival Time                  0.584
= Slack Time                    2.896
     Clock Rise Edge                 0.000
     + Clock Network Latency (Prop)  0.004
     = Beginpoint Arrival Time       0.004
     +---------------------------------------------------------------------------------------+ 
     |           Instance           |      Arc      |   Cell    | Delay | Arrival | Required | 
     |                              |               |           |       |  Time   |   Time   | 
     |------------------------------+---------------+-----------+-------+---------+----------| 
     | picorv32_core_reg_op1_reg[2] | CK ^          |           |       |   0.004 |    2.900 | 
     | picorv32_core_reg_op1_reg[2] | CK ^ -> Q v   | DFFX1     | 0.167 |   0.171 |    3.067 | 
     | FE_OFC217_pcpi_rs1_2         | A v -> Y v    | BUFX2     | 0.164 |   0.335 |    3.231 | 
     | FE_OFC218_pcpi_rs1_2         | A v -> Y v    | CLKBUFX20 | 0.232 |   0.567 |    3.463 | 
     |                              | pcpi_rs1[2] v |           | 0.017 |   0.584 |    3.480 | 
     +---------------------------------------------------------------------------------------+ 
Path 30: MET Late External Delay Assertion 
Endpoint:   pcpi_rs1[5]                    (v) checked with  leading edge of 
'clk'
Beginpoint: picorv32_core_reg_op1_reg[5]/Q (v) triggered by  leading edge of 
'clk'
Path Groups: {reg2out}
Analysis View: analysis1
Other End Arrival Time          0.000
- External Delay                0.500
+ Phase Shift                   4.000
- Uncertainty                   0.020
= Required Time                 3.480
- Arrival Time                  0.579
= Slack Time                    2.901
     Clock Rise Edge                 0.000
     + Clock Network Latency (Prop)  0.004
     = Beginpoint Arrival Time       0.004
     +---------------------------------------------------------------------------------------+ 
     |           Instance           |      Arc      |   Cell    | Delay | Arrival | Required | 
     |                              |               |           |       |  Time   |   Time   | 
     |------------------------------+---------------+-----------+-------+---------+----------| 
     | picorv32_core_reg_op1_reg[5] | CK ^          |           |       |   0.004 |    2.905 | 
     | picorv32_core_reg_op1_reg[5] | CK ^ -> Q v   | DFFX1     | 0.129 |   0.133 |    3.034 | 
     | FE_OFC209_pcpi_rs1_5         | A v -> Y v    | BUFX2     | 0.103 |   0.236 |    3.137 | 
     | FE_OFC210_pcpi_rs1_5         | A v -> Y v    | BUFX2     | 0.129 |   0.365 |    3.265 | 
     | FE_OFC211_pcpi_rs1_5         | A v -> Y v    | CLKBUFX20 | 0.207 |   0.572 |    3.473 | 
     |                              | pcpi_rs1[5] v |           | 0.007 |   0.579 |    3.480 | 
     +---------------------------------------------------------------------------------------+ 
Path 31: MET Late External Delay Assertion 
Endpoint:   pcpi_rs2[24]                    (v) checked with  leading edge of 
'clk'
Beginpoint: picorv32_core_reg_op2_reg[24]/Q (v) triggered by  leading edge of 
'clk'
Path Groups: {reg2out}
Analysis View: analysis1
Other End Arrival Time          0.000
- External Delay                0.500
+ Phase Shift                   4.000
- Uncertainty                   0.020
= Required Time                 3.480
- Arrival Time                  0.577
= Slack Time                    2.903
     Clock Rise Edge                 0.000
     + Clock Network Latency (Prop)  0.002
     = Beginpoint Arrival Time       0.002
     +-----------------------------------------------------------------------------------------+ 
     |           Instance            |      Arc       |   Cell    | Delay | Arrival | Required | 
     |                               |                |           |       |  Time   |   Time   | 
     |-------------------------------+----------------+-----------+-------+---------+----------| 
     | picorv32_core_reg_op2_reg[24] | CK ^           |           |       |   0.002 |    2.905 | 
     | picorv32_core_reg_op2_reg[24] | CK ^ -> Q v    | DFFHQX1   | 0.187 |   0.189 |    3.091 | 
     | FE_OFC518_pcpi_rs2_24         | A v -> Y v     | BUFX3     | 0.152 |   0.341 |    3.243 | 
     | FE_OFC256_pcpi_rs2_24         | A v -> Y v     | CLKBUFX20 | 0.227 |   0.568 |    3.470 | 
     |                               | pcpi_rs2[24] v |           | 0.010 |   0.577 |    3.480 | 
     +-----------------------------------------------------------------------------------------+ 
Path 32: MET Late External Delay Assertion 
Endpoint:   pcpi_rs1[3]                    (v) checked with  leading edge of 
'clk'
Beginpoint: picorv32_core_reg_op1_reg[3]/Q (v) triggered by  leading edge of 
'clk'
Path Groups: {reg2out}
Analysis View: analysis1
Other End Arrival Time          0.000
- External Delay                0.500
+ Phase Shift                   4.000
- Uncertainty                   0.020
= Required Time                 3.480
- Arrival Time                  0.577
= Slack Time                    2.903
     Clock Rise Edge                 0.000
     + Clock Network Latency (Prop)  0.004
     = Beginpoint Arrival Time       0.004
     +---------------------------------------------------------------------------------------+ 
     |           Instance           |      Arc      |   Cell    | Delay | Arrival | Required | 
     |                              |               |           |       |  Time   |   Time   | 
     |------------------------------+---------------+-----------+-------+---------+----------| 
     | picorv32_core_reg_op1_reg[3] | CK ^          |           |       |   0.004 |    2.907 | 
     | picorv32_core_reg_op1_reg[3] | CK ^ -> Q v   | DFFX1     | 0.128 |   0.132 |    3.035 | 
     | FE_OFC214_pcpi_rs1_3         | A v -> Y v    | BUFX2     | 0.128 |   0.260 |    3.163 | 
     | FE_OFC215_pcpi_rs1_3         | A v -> Y v    | BUFX2     | 0.117 |   0.378 |    3.280 | 
     | FE_OFC216_pcpi_rs1_3         | A v -> Y v    | CLKBUFX20 | 0.182 |   0.559 |    3.462 | 
     |                              | pcpi_rs1[3] v |           | 0.018 |   0.577 |    3.480 | 
     +---------------------------------------------------------------------------------------+ 
Path 33: MET Late External Delay Assertion 
Endpoint:   pcpi_rs2[6]                    (v) checked with  leading edge of 
'clk'
Beginpoint: picorv32_core_reg_op2_reg[6]/Q (v) triggered by  leading edge of 
'clk'
Path Groups: {reg2out}
Analysis View: analysis1
Other End Arrival Time          0.000
- External Delay                0.500
+ Phase Shift                   4.000
- Uncertainty                   0.020
= Required Time                 3.480
- Arrival Time                  0.559
= Slack Time                    2.921
     Clock Rise Edge                 0.000
     + Clock Network Latency (Prop)  0.003
     = Beginpoint Arrival Time       0.003
     +---------------------------------------------------------------------------------------+ 
     |           Instance           |      Arc      |   Cell    | Delay | Arrival | Required | 
     |                              |               |           |       |  Time   |   Time   | 
     |------------------------------+---------------+-----------+-------+---------+----------| 
     | picorv32_core_reg_op2_reg[6] | CK ^          |           |       |   0.003 |    2.925 | 
     | picorv32_core_reg_op2_reg[6] | CK ^ -> Q v   | DFFX1     | 0.130 |   0.134 |    3.055 | 
     | FE_OFC310_pcpi_rs2_6         | A v -> Y v    | BUFX2     | 0.164 |   0.298 |    3.219 | 
     | FE_OFC312_pcpi_rs2_6         | A v -> Y v    | CLKBUFX20 | 0.252 |   0.550 |    3.471 | 
     |                              | pcpi_rs2[6] v |           | 0.009 |   0.559 |    3.480 | 
     +---------------------------------------------------------------------------------------+ 
Path 34: MET Late External Delay Assertion 
Endpoint:   pcpi_rs1[6]                    (v) checked with  leading edge of 
'clk'
Beginpoint: picorv32_core_reg_op1_reg[6]/Q (v) triggered by  leading edge of 
'clk'
Path Groups: {reg2out}
Analysis View: analysis1
Other End Arrival Time          0.000
- External Delay                0.500
+ Phase Shift                   4.000
- Uncertainty                   0.020
= Required Time                 3.480
- Arrival Time                  0.553
= Slack Time                    2.927
     Clock Rise Edge                 0.000
     + Clock Network Latency (Prop)  0.004
     = Beginpoint Arrival Time       0.004
     +---------------------------------------------------------------------------------------+ 
     |           Instance           |      Arc      |   Cell    | Delay | Arrival | Required | 
     |                              |               |           |       |  Time   |   Time   | 
     |------------------------------+---------------+-----------+-------+---------+----------| 
     | picorv32_core_reg_op1_reg[6] | CK ^          |           |       |   0.004 |    2.931 | 
     | picorv32_core_reg_op1_reg[6] | CK ^ -> Q v   | DFFX1     | 0.161 |   0.165 |    3.092 | 
     | FE_OFC206_pcpi_rs1_6         | A v -> Y v    | BUFX2     | 0.148 |   0.313 |    3.240 | 
     | FE_OFC208_pcpi_rs1_6         | A v -> Y v    | CLKBUFX20 | 0.227 |   0.540 |    3.466 | 
     |                              | pcpi_rs1[6] v |           | 0.014 |   0.553 |    3.480 | 
     +---------------------------------------------------------------------------------------+ 
Path 35: MET Late External Delay Assertion 
Endpoint:   pcpi_rs1[12]                    (v) checked with  leading edge of 
'clk'
Beginpoint: picorv32_core_reg_op1_reg[12]/Q (v) triggered by  leading edge of 
'clk'
Path Groups: {reg2out}
Analysis View: analysis1
Other End Arrival Time          0.000
- External Delay                0.500
+ Phase Shift                   4.000
- Uncertainty                   0.020
= Required Time                 3.480
- Arrival Time                  0.551
= Slack Time                    2.929
     Clock Rise Edge                 0.000
     + Clock Network Latency (Prop)  0.002
     = Beginpoint Arrival Time       0.002
     +-----------------------------------------------------------------------------------------+ 
     |           Instance            |      Arc       |   Cell    | Delay | Arrival | Required | 
     |                               |                |           |       |  Time   |   Time   | 
     |-------------------------------+----------------+-----------+-------+---------+----------| 
     | picorv32_core_reg_op1_reg[12] | CK ^           |           |       |   0.002 |    2.931 | 
     | picorv32_core_reg_op1_reg[12] | CK ^ -> Q v    | DFFHQX1   | 0.143 |   0.145 |    3.075 | 
     | FE_OFC544_pcpi_rs1_12         | A v -> Y ^     | INVX1     | 0.045 |   0.190 |    3.119 | 
     | FE_OFC545_pcpi_rs1_12         | A ^ -> Y v     | INVX3     | 0.115 |   0.305 |    3.234 | 
     | FE_OFC471_pcpi_rs1_12         | A v -> Y v     | CLKBUFX20 | 0.233 |   0.538 |    3.467 | 
     |                               | pcpi_rs1[12] v |           | 0.013 |   0.551 |    3.480 | 
     +-----------------------------------------------------------------------------------------+ 
Path 36: MET Late External Delay Assertion 
Endpoint:   pcpi_rs2[2]                    (v) checked with  leading edge of 
'clk'
Beginpoint: picorv32_core_reg_op2_reg[2]/Q (v) triggered by  leading edge of 
'clk'
Path Groups: {reg2out}
Analysis View: analysis1
Other End Arrival Time          0.000
- External Delay                0.500
+ Phase Shift                   4.000
- Uncertainty                   0.020
= Required Time                 3.480
- Arrival Time                  0.550
= Slack Time                    2.930
     Clock Rise Edge                 0.000
     + Clock Network Latency (Prop)  0.004
     = Beginpoint Arrival Time       0.004
     +---------------------------------------------------------------------------------------+ 
     |           Instance           |      Arc      |   Cell    | Delay | Arrival | Required | 
     |                              |               |           |       |  Time   |   Time   | 
     |------------------------------+---------------+-----------+-------+---------+----------| 
     | picorv32_core_reg_op2_reg[2] | CK ^          |           |       |   0.004 |    2.934 | 
     | picorv32_core_reg_op2_reg[2] | CK ^ -> Q v   | DFFX1     | 0.196 |   0.200 |    3.130 | 
     | FE_OFC327_pcpi_rs2_2         | A v -> Y v    | BUFX2     | 0.132 |   0.332 |    3.263 | 
     | FE_OFC329_pcpi_rs2_2         | A v -> Y v    | CLKBUFX20 | 0.198 |   0.530 |    3.460 | 
     |                              | pcpi_rs2[2] v |           | 0.020 |   0.550 |    3.480 | 
     +---------------------------------------------------------------------------------------+ 
Path 37: MET Late External Delay Assertion 
Endpoint:   pcpi_rs1[24]                    (v) checked with  leading edge of 
'clk'
Beginpoint: picorv32_core_reg_op1_reg[24]/Q (v) triggered by  leading edge of 
'clk'
Path Groups: {reg2out}
Analysis View: analysis1
Other End Arrival Time          0.000
- External Delay                0.500
+ Phase Shift                   4.000
- Uncertainty                   0.020
= Required Time                 3.480
- Arrival Time                  0.550
= Slack Time                    2.930
     Clock Rise Edge                 0.000
     + Clock Network Latency (Prop)  0.002
     = Beginpoint Arrival Time       0.002
     +-----------------------------------------------------------------------------------------+ 
     |           Instance            |      Arc       |   Cell    | Delay | Arrival | Required | 
     |                               |                |           |       |  Time   |   Time   | 
     |-------------------------------+----------------+-----------+-------+---------+----------| 
     | picorv32_core_reg_op1_reg[24] | CK ^           |           |       |   0.002 |    2.933 | 
     | picorv32_core_reg_op1_reg[24] | CK ^ -> Q v    | DFFHQX1   | 0.126 |   0.128 |    3.059 | 
     | FE_OFC152_pcpi_rs1_24         | A v -> Y ^     | INVX1     | 0.019 |   0.147 |    3.077 | 
     | FE_OFC153_pcpi_rs1_24         | A ^ -> Y v     | INVX2     | 0.138 |   0.285 |    3.215 | 
     | FE_OFC154_pcpi_rs1_24         | A v -> Y v     | CLKBUFX20 | 0.255 |   0.540 |    3.470 | 
     |                               | pcpi_rs1[24] v |           | 0.010 |   0.550 |    3.480 | 
     +-----------------------------------------------------------------------------------------+ 
Path 38: MET Late External Delay Assertion 
Endpoint:   pcpi_rs2[23]                    (v) checked with  leading edge of 
'clk'
Beginpoint: picorv32_core_reg_op2_reg[23]/Q (v) triggered by  leading edge of 
'clk'
Path Groups: {reg2out}
Analysis View: analysis1
Other End Arrival Time          0.000
- External Delay                0.500
+ Phase Shift                   4.000
- Uncertainty                   0.020
= Required Time                 3.480
- Arrival Time                  0.549
= Slack Time                    2.931
     Clock Rise Edge                 0.000
     + Clock Network Latency (Prop)  0.000
     = Beginpoint Arrival Time       0.000
     +-----------------------------------------------------------------------------------------+ 
     |           Instance            |      Arc       |   Cell    | Delay | Arrival | Required | 
     |                               |                |           |       |  Time   |   Time   | 
     |-------------------------------+----------------+-----------+-------+---------+----------| 
     | picorv32_core_reg_op2_reg[23] | CK ^           |           |       |   0.000 |    2.931 | 
     | picorv32_core_reg_op2_reg[23] | CK ^ -> Q v    | DFFHQX1   | 0.135 |   0.135 |    3.066 | 
     | FE_OFC257_pcpi_rs2_23         | A v -> Y v     | BUFX3     | 0.152 |   0.287 |    3.217 | 
     | FE_OFC259_pcpi_rs2_23         | A v -> Y v     | CLKBUFX20 | 0.244 |   0.531 |    3.462 | 
     |                               | pcpi_rs2[23] v |           | 0.018 |   0.549 |    3.480 | 
     +-----------------------------------------------------------------------------------------+ 
Path 39: MET Late External Delay Assertion 
Endpoint:   pcpi_rs2[15]                    (v) checked with  leading edge of 
'clk'
Beginpoint: picorv32_core_reg_op2_reg[15]/Q (v) triggered by  leading edge of 
'clk'
Path Groups: {reg2out}
Analysis View: analysis1
Other End Arrival Time          0.000
- External Delay                0.500
+ Phase Shift                   4.000
- Uncertainty                   0.020
= Required Time                 3.480
- Arrival Time                  0.547
= Slack Time                    2.933
     Clock Rise Edge                 0.000
     + Clock Network Latency (Prop)  -0.000
     = Beginpoint Arrival Time       -0.000
     +-----------------------------------------------------------------------------------------+ 
     |           Instance            |      Arc       |   Cell    | Delay | Arrival | Required | 
     |                               |                |           |       |  Time   |   Time   | 
     |-------------------------------+----------------+-----------+-------+---------+----------| 
     | picorv32_core_reg_op2_reg[15] | CK ^           |           |       |  -0.000 |    2.933 | 
     | picorv32_core_reg_op2_reg[15] | CK ^ -> Q v    | DFFHQX1   | 0.143 |   0.143 |    3.076 | 
     | FE_OFC514_pcpi_rs2_15         | A v -> Y v     | BUFX3     | 0.148 |   0.290 |    3.224 | 
     | FE_OFC285_pcpi_rs2_15         | A v -> Y v     | CLKBUFX20 | 0.240 |   0.530 |    3.464 | 
     |                               | pcpi_rs2[15] v |           | 0.016 |   0.547 |    3.480 | 
     +-----------------------------------------------------------------------------------------+ 
Path 40: MET Late External Delay Assertion 
Endpoint:   pcpi_rs2[30]                    (v) checked with  leading edge of 
'clk'
Beginpoint: picorv32_core_reg_op2_reg[30]/Q (v) triggered by  leading edge of 
'clk'
Path Groups: {reg2out}
Analysis View: analysis1
Other End Arrival Time          0.000
- External Delay                0.500
+ Phase Shift                   4.000
- Uncertainty                   0.020
= Required Time                 3.480
- Arrival Time                  0.546
= Slack Time                    2.934
     Clock Rise Edge                 0.000
     + Clock Network Latency (Prop)  0.001
     = Beginpoint Arrival Time       0.001
     +-----------------------------------------------------------------------------------------+ 
     |           Instance            |      Arc       |   Cell    | Delay | Arrival | Required | 
     |                               |                |           |       |  Time   |   Time   | 
     |-------------------------------+----------------+-----------+-------+---------+----------| 
     | picorv32_core_reg_op2_reg[30] | CK ^           |           |       |   0.001 |    2.935 | 
     | picorv32_core_reg_op2_reg[30] | CK ^ -> Q v    | DFFHQX1   | 0.132 |   0.133 |    3.067 | 
     | FE_OFC231_pcpi_rs2_30         | A v -> Y v     | BUFX3     | 0.149 |   0.282 |    3.216 | 
     | FE_OFC234_pcpi_rs2_30         | A v -> Y v     | CLKBUFX20 | 0.244 |   0.525 |    3.460 | 
     |                               | pcpi_rs2[30] v |           | 0.020 |   0.546 |    3.480 | 
     +-----------------------------------------------------------------------------------------+ 
Path 41: MET Late External Delay Assertion 
Endpoint:   pcpi_rs1[13]                    (v) checked with  leading edge of 
'clk'
Beginpoint: picorv32_core_reg_op1_reg[13]/Q (v) triggered by  leading edge of 
'clk'
Path Groups: {reg2out}
Analysis View: analysis1
Other End Arrival Time          0.000
- External Delay                0.500
+ Phase Shift                   4.000
- Uncertainty                   0.020
= Required Time                 3.480
- Arrival Time                  0.545
= Slack Time                    2.935
     Clock Rise Edge                 0.000
     + Clock Network Latency (Prop)  0.002
     = Beginpoint Arrival Time       0.002
     +-----------------------------------------------------------------------------------------+ 
     |           Instance            |      Arc       |   Cell    | Delay | Arrival | Required | 
     |                               |                |           |       |  Time   |   Time   | 
     |-------------------------------+----------------+-----------+-------+---------+----------| 
     | picorv32_core_reg_op1_reg[13] | CK ^           |           |       |   0.002 |    2.937 | 
     | picorv32_core_reg_op1_reg[13] | CK ^ -> Q v    | DFFHQX1   | 0.146 |   0.148 |    3.082 | 
     | FE_OFC546_pcpi_rs1_13         | A v -> Y ^     | INVX1     | 0.036 |   0.184 |    3.119 | 
     | FE_OFC547_pcpi_rs1_13         | A ^ -> Y v     | INVX3     | 0.112 |   0.296 |    3.231 | 
     | FE_OFC465_pcpi_rs1_13         | A v -> Y v     | CLKBUFX20 | 0.236 |   0.532 |    3.467 | 
     |                               | pcpi_rs1[13] v |           | 0.013 |   0.545 |    3.480 | 
     +-----------------------------------------------------------------------------------------+ 
Path 42: MET Late External Delay Assertion 
Endpoint:   pcpi_rs1[22]                    (v) checked with  leading edge of 
'clk'
Beginpoint: picorv32_core_reg_op1_reg[22]/Q (v) triggered by  leading edge of 
'clk'
Path Groups: {reg2out}
Analysis View: analysis1
Other End Arrival Time          0.000
- External Delay                0.500
+ Phase Shift                   4.000
- Uncertainty                   0.020
= Required Time                 3.480
- Arrival Time                  0.545
= Slack Time                    2.935
     Clock Rise Edge                 0.000
     + Clock Network Latency (Prop)  0.002
     = Beginpoint Arrival Time       0.002
     +-----------------------------------------------------------------------------------------+ 
     |           Instance            |      Arc       |   Cell    | Delay | Arrival | Required | 
     |                               |                |           |       |  Time   |   Time   | 
     |-------------------------------+----------------+-----------+-------+---------+----------| 
     | picorv32_core_reg_op1_reg[22] | CK ^           |           |       |   0.002 |    2.937 | 
     | picorv32_core_reg_op1_reg[22] | CK ^ -> Q v    | DFFHQX1   | 0.163 |   0.165 |    3.100 | 
     | FE_OFC502_pcpi_rs1_22         | A v -> Y v     | BUFX3     | 0.140 |   0.305 |    3.239 | 
     | FE_OFC469_pcpi_rs1_22         | A v -> Y v     | CLKBUFX20 | 0.222 |   0.527 |    3.461 | 
     |                               | pcpi_rs1[22] v |           | 0.019 |   0.545 |    3.480 | 
     +-----------------------------------------------------------------------------------------+ 
Path 43: MET Late External Delay Assertion 
Endpoint:   pcpi_rs1[15]                    (v) checked with  leading edge of 
'clk'
Beginpoint: picorv32_core_reg_op1_reg[15]/Q (v) triggered by  leading edge of 
'clk'
Path Groups: {reg2out}
Analysis View: analysis1
Other End Arrival Time          0.000
- External Delay                0.500
+ Phase Shift                   4.000
- Uncertainty                   0.020
= Required Time                 3.480
- Arrival Time                  0.544
= Slack Time                    2.936
     Clock Rise Edge                 0.000
     + Clock Network Latency (Prop)  -0.003
     = Beginpoint Arrival Time       -0.003
     +-----------------------------------------------------------------------------------------+ 
     |           Instance            |      Arc       |   Cell    | Delay | Arrival | Required | 
     |                               |                |           |       |  Time   |   Time   | 
     |-------------------------------+----------------+-----------+-------+---------+----------| 
     | picorv32_core_reg_op1_reg[15] | CK ^           |           |       |  -0.003 |    2.934 | 
     | picorv32_core_reg_op1_reg[15] | CK ^ -> Q v    | DFFHQX1   | 0.157 |   0.155 |    3.091 | 
     | FE_OFC503_pcpi_rs1_15         | A v -> Y v     | BUFX3     | 0.145 |   0.300 |    3.236 | 
     | FE_OFC459_pcpi_rs1_15         | A v -> Y v     | CLKBUFX20 | 0.237 |   0.536 |    3.473 | 
     |                               | pcpi_rs1[15] v |           | 0.007 |   0.544 |    3.480 | 
     +-----------------------------------------------------------------------------------------+ 
Path 44: MET Late External Delay Assertion 
Endpoint:   pcpi_rs1[26]                    (v) checked with  leading edge of 
'clk'
Beginpoint: picorv32_core_reg_op1_reg[26]/Q (v) triggered by  leading edge of 
'clk'
Path Groups: {reg2out}
Analysis View: analysis1
Other End Arrival Time          0.000
- External Delay                0.500
+ Phase Shift                   4.000
- Uncertainty                   0.020
= Required Time                 3.480
- Arrival Time                  0.538
= Slack Time                    2.942
     Clock Rise Edge                 0.000
     + Clock Network Latency (Prop)  0.003
     = Beginpoint Arrival Time       0.003
     +-----------------------------------------------------------------------------------------+ 
     |           Instance            |      Arc       |   Cell    | Delay | Arrival | Required | 
     |                               |                |           |       |  Time   |   Time   | 
     |-------------------------------+----------------+-----------+-------+---------+----------| 
     | picorv32_core_reg_op1_reg[26] | CK ^           |           |       |   0.003 |    2.945 | 
     | picorv32_core_reg_op1_reg[26] | CK ^ -> Q v    | DFFHQX1   | 0.127 |   0.130 |    3.072 | 
     | FE_OFC145_pcpi_rs1_26         | A v -> Y v     | BUFX2     | 0.152 |   0.282 |    3.224 | 
     | FE_OFC148_pcpi_rs1_26         | A v -> Y v     | CLKBUFX20 | 0.242 |   0.524 |    3.465 | 
     |                               | pcpi_rs1[26] v |           | 0.015 |   0.538 |    3.480 | 
     +-----------------------------------------------------------------------------------------+ 
Path 45: MET Late External Delay Assertion 
Endpoint:   pcpi_rs2[29]                    (v) checked with  leading edge of 
'clk'
Beginpoint: picorv32_core_reg_op2_reg[29]/Q (v) triggered by  leading edge of 
'clk'
Path Groups: {reg2out}
Analysis View: analysis1
Other End Arrival Time          0.000
- External Delay                0.500
+ Phase Shift                   4.000
- Uncertainty                   0.020
= Required Time                 3.480
- Arrival Time                  0.533
= Slack Time                    2.947
     Clock Rise Edge                 0.000
     + Clock Network Latency (Prop)  -0.001
     = Beginpoint Arrival Time       -0.001
     +-----------------------------------------------------------------------------------------+ 
     |           Instance            |      Arc       |   Cell    | Delay | Arrival | Required | 
     |                               |                |           |       |  Time   |   Time   | 
     |-------------------------------+----------------+-----------+-------+---------+----------| 
     | picorv32_core_reg_op2_reg[29] | CK ^           |           |       |  -0.001 |    2.945 | 
     | picorv32_core_reg_op2_reg[29] | CK ^ -> Q v    | DFFHQX1   | 0.138 |   0.136 |    3.083 | 
     | FE_OFC235_pcpi_rs2_29         | A v -> Y v     | BUFX3     | 0.143 |   0.280 |    3.226 | 
     | FE_OFC237_pcpi_rs2_29         | A v -> Y v     | CLKBUFX20 | 0.240 |   0.520 |    3.466 | 
     |                               | pcpi_rs2[29] v |           | 0.014 |   0.533 |    3.480 | 
     +-----------------------------------------------------------------------------------------+ 
Path 46: MET Late External Delay Assertion 
Endpoint:   pcpi_rs1[4]                    (v) checked with  leading edge of 
'clk'
Beginpoint: picorv32_core_reg_op1_reg[4]/Q (v) triggered by  leading edge of 
'clk'
Path Groups: {reg2out}
Analysis View: analysis1
Other End Arrival Time          0.000
- External Delay                0.500
+ Phase Shift                   4.000
- Uncertainty                   0.020
= Required Time                 3.480
- Arrival Time                  0.533
= Slack Time                    2.947
     Clock Rise Edge                 0.000
     + Clock Network Latency (Prop)  0.004
     = Beginpoint Arrival Time       0.004
     +---------------------------------------------------------------------------------------+ 
     |           Instance           |      Arc      |   Cell    | Delay | Arrival | Required | 
     |                              |               |           |       |  Time   |   Time   | 
     |------------------------------+---------------+-----------+-------+---------+----------| 
     | picorv32_core_reg_op1_reg[4] | CK ^          |           |       |   0.004 |    2.951 | 
     | picorv32_core_reg_op1_reg[4] | CK ^ -> Q v   | DFFX1     | 0.129 |   0.133 |    3.080 | 
     | FE_OFC212_pcpi_rs1_4         | A v -> Y v    | BUFX2     | 0.148 |   0.281 |    3.228 | 
     | FE_OFC213_pcpi_rs1_4         | A v -> Y v    | CLKBUFX20 | 0.243 |   0.523 |    3.471 | 
     |                              | pcpi_rs1[4] v |           | 0.009 |   0.533 |    3.480 | 
     +---------------------------------------------------------------------------------------+ 
Path 47: MET Late External Delay Assertion 
Endpoint:   pcpi_rs1[25]                    (v) checked with  leading edge of 
'clk'
Beginpoint: picorv32_core_reg_op1_reg[25]/Q (v) triggered by  leading edge of 
'clk'
Path Groups: {reg2out}
Analysis View: analysis1
Other End Arrival Time          0.000
- External Delay                0.500
+ Phase Shift                   4.000
- Uncertainty                   0.020
= Required Time                 3.480
- Arrival Time                  0.532
= Slack Time                    2.948
     Clock Rise Edge                 0.000
     + Clock Network Latency (Prop)  0.004
     = Beginpoint Arrival Time       0.004
     +-----------------------------------------------------------------------------------------+ 
     |           Instance            |      Arc       |   Cell    | Delay | Arrival | Required | 
     |                               |                |           |       |  Time   |   Time   | 
     |-------------------------------+----------------+-----------+-------+---------+----------| 
     | picorv32_core_reg_op1_reg[25] | CK ^           |           |       |   0.004 |    2.951 | 
     | picorv32_core_reg_op1_reg[25] | CK ^ -> Q v    | DFFHQX1   | 0.126 |   0.130 |    3.078 | 
     | FE_OFC149_pcpi_rs1_25         | A v -> Y ^     | INVX1     | 0.018 |   0.148 |    3.096 | 
     | FE_OFC150_pcpi_rs1_25         | A ^ -> Y v     | INVX2     | 0.127 |   0.275 |    3.223 | 
     | FE_OFC151_pcpi_rs1_25         | A v -> Y v     | CLKBUFX20 | 0.247 |   0.522 |    3.470 | 
     |                               | pcpi_rs1[25] v |           | 0.010 |   0.532 |    3.480 | 
     +-----------------------------------------------------------------------------------------+ 
Path 48: MET Late External Delay Assertion 
Endpoint:   pcpi_rs2[14]                    (v) checked with  leading edge of 
'clk'
Beginpoint: picorv32_core_reg_op2_reg[14]/Q (v) triggered by  leading edge of 
'clk'
Path Groups: {reg2out}
Analysis View: analysis1
Other End Arrival Time          0.000
- External Delay                0.500
+ Phase Shift                   4.000
- Uncertainty                   0.020
= Required Time                 3.480
- Arrival Time                  0.530
= Slack Time                    2.950
     Clock Rise Edge                 0.000
     + Clock Network Latency (Prop)  -0.001
     = Beginpoint Arrival Time       -0.001
     +-----------------------------------------------------------------------------------------+ 
     |           Instance            |      Arc       |   Cell    | Delay | Arrival | Required | 
     |                               |                |           |       |  Time   |   Time   | 
     |-------------------------------+----------------+-----------+-------+---------+----------| 
     | picorv32_core_reg_op2_reg[14] | CK ^           |           |       |  -0.001 |    2.949 | 
     | picorv32_core_reg_op2_reg[14] | CK ^ -> Q v    | DFFHQX1   | 0.145 |   0.143 |    3.094 | 
     | FE_OFC513_pcpi_rs2_14         | A v -> Y v     | BUFX3     | 0.137 |   0.281 |    3.231 | 
     | FE_OFC288_pcpi_rs2_14         | A v -> Y v     | CLKBUFX20 | 0.236 |   0.516 |    3.467 | 
     |                               | pcpi_rs2[14] v |           | 0.013 |   0.530 |    3.480 | 
     +-----------------------------------------------------------------------------------------+ 
Path 49: MET Late External Delay Assertion 
Endpoint:   pcpi_rs1[7]                    (v) checked with  leading edge of 
'clk'
Beginpoint: picorv32_core_reg_op1_reg[7]/Q (v) triggered by  leading edge of 
'clk'
Path Groups: {reg2out}
Analysis View: analysis1
Other End Arrival Time          0.000
- External Delay                0.500
+ Phase Shift                   4.000
- Uncertainty                   0.020
= Required Time                 3.480
- Arrival Time                  0.529
= Slack Time                    2.951
     Clock Rise Edge                 0.000
     + Clock Network Latency (Prop)  0.004
     = Beginpoint Arrival Time       0.004
     +---------------------------------------------------------------------------------------+ 
     |           Instance           |      Arc      |   Cell    | Delay | Arrival | Required | 
     |                              |               |           |       |  Time   |   Time   | 
     |------------------------------+---------------+-----------+-------+---------+----------| 
     | picorv32_core_reg_op1_reg[7] | CK ^          |           |       |   0.004 |    2.955 | 
     | picorv32_core_reg_op1_reg[7] | CK ^ -> Q v   | DFFX1     | 0.131 |   0.135 |    3.086 | 
     | FE_OFC204_pcpi_rs1_7         | A v -> Y v    | BUFX2     | 0.144 |   0.279 |    3.230 | 
     | FE_OFC205_pcpi_rs1_7         | A v -> Y v    | CLKBUFX20 | 0.232 |   0.511 |    3.462 | 
     |                              | pcpi_rs1[7] v |           | 0.018 |   0.529 |    3.480 | 
     +---------------------------------------------------------------------------------------+ 
Path 50: MET Late External Delay Assertion 
Endpoint:   pcpi_rs1[19]                    (v) checked with  leading edge of 
'clk'
Beginpoint: picorv32_core_reg_op1_reg[19]/Q (v) triggered by  leading edge of 
'clk'
Path Groups: {reg2out}
Analysis View: analysis1
Other End Arrival Time          0.000
- External Delay                0.500
+ Phase Shift                   4.000
- Uncertainty                   0.020
= Required Time                 3.480
- Arrival Time                  0.528
= Slack Time                    2.952
     Clock Rise Edge                 0.000
     + Clock Network Latency (Prop)  0.002
     = Beginpoint Arrival Time       0.002
     +-----------------------------------------------------------------------------------------+ 
     |           Instance            |      Arc       |   Cell    | Delay | Arrival | Required | 
     |                               |                |           |       |  Time   |   Time   | 
     |-------------------------------+----------------+-----------+-------+---------+----------| 
     | picorv32_core_reg_op1_reg[19] | CK ^           |           |       |   0.002 |    2.954 | 
     | picorv32_core_reg_op1_reg[19] | CK ^ -> Q v    | DFFHQX1   | 0.127 |   0.129 |    3.081 | 
     | FE_OFC170_pcpi_rs1_19         | A v -> Y v     | BUFX3     | 0.143 |   0.272 |    3.224 | 
     | FE_OFC466_pcpi_rs1_19         | A v -> Y v     | CLKBUFX20 | 0.245 |   0.516 |    3.469 | 
     |                               | pcpi_rs1[19] v |           | 0.011 |   0.528 |    3.480 | 
     +-----------------------------------------------------------------------------------------+ 

