###############################################################
#  Generated by:      Cadence Innovus 21.35-s114_1
#  OS:                Linux x86_64(Host ID cn92.it.auth.gr)
#  Generated on:      Fri Nov 28 21:08:30 2025
#  Design:            picorv32_wb
#  Command:           report_timing -path_group reg2out -check_type hold -max_paths 50 > reports/postCTS/reg2out_hold.rpt
###############################################################
Path 1: MET Early External Delay Assertion 
Endpoint:   pcpi_insn[22]                     (^) checked with  leading edge of 
'clk'
Beginpoint: picorv32_core_pcpi_insn_reg[22]/Q (^) triggered by  leading edge of 
'clk'
Path Groups: {reg2out}
Analysis View: analysis1
Other End Arrival Time          0.000
- External Delay                0.250
+ Phase Shift                   0.000
+ Uncertainty                   0.020
= Required Time                -0.230
  Arrival Time                  0.065
  Slack Time                    0.295
     Clock Rise Edge                 0.000
     + Clock Network Latency (Prop)  -0.002
     = Beginpoint Arrival Time       -0.002
     +-------------------------------------------------------------------------------------------+ 
     |            Instance             |       Arc       |   Cell   | Delay | Arrival | Required | 
     |                                 |                 |          |       |  Time   |   Time   | 
     |---------------------------------+-----------------+----------+-------+---------+----------| 
     | picorv32_core_pcpi_insn_reg[22] | CK ^            |          |       |  -0.002 |   -0.297 | 
     | picorv32_core_pcpi_insn_reg[22] | CK ^ -> Q ^     | EDFFHQX8 | 0.065 |   0.063 |   -0.232 | 
     |                                 | pcpi_insn[22] ^ |          | 0.002 |   0.065 |   -0.230 | 
     +-------------------------------------------------------------------------------------------+ 
Path 2: MET Early External Delay Assertion 
Endpoint:   pcpi_insn[23]                     (^) checked with  leading edge of 
'clk'
Beginpoint: picorv32_core_pcpi_insn_reg[23]/Q (^) triggered by  leading edge of 
'clk'
Path Groups: {reg2out}
Analysis View: analysis1
Other End Arrival Time          0.000
- External Delay                0.250
+ Phase Shift                   0.000
+ Uncertainty                   0.020
= Required Time                -0.230
  Arrival Time                  0.065
  Slack Time                    0.295
     Clock Rise Edge                 0.000
     + Clock Network Latency (Prop)  -0.002
     = Beginpoint Arrival Time       -0.002
     +-------------------------------------------------------------------------------------------+ 
     |            Instance             |       Arc       |   Cell   | Delay | Arrival | Required | 
     |                                 |                 |          |       |  Time   |   Time   | 
     |---------------------------------+-----------------+----------+-------+---------+----------| 
     | picorv32_core_pcpi_insn_reg[23] | CK ^            |          |       |  -0.002 |   -0.297 | 
     | picorv32_core_pcpi_insn_reg[23] | CK ^ -> Q ^     | EDFFHQX8 | 0.065 |   0.064 |   -0.232 | 
     |                                 | pcpi_insn[23] ^ |          | 0.002 |   0.065 |   -0.230 | 
     +-------------------------------------------------------------------------------------------+ 
Path 3: MET Early External Delay Assertion 
Endpoint:   pcpi_insn[8]                     (^) checked with  leading edge of 
'clk'
Beginpoint: picorv32_core_pcpi_insn_reg[8]/Q (^) triggered by  leading edge of 
'clk'
Path Groups: {reg2out}
Analysis View: analysis1
Other End Arrival Time          0.000
- External Delay                0.250
+ Phase Shift                   0.000
+ Uncertainty                   0.020
= Required Time                -0.230
  Arrival Time                  0.066
  Slack Time                    0.296
     Clock Rise Edge                 0.000
     + Clock Network Latency (Prop)  -0.001
     = Beginpoint Arrival Time       -0.001
     +-----------------------------------------------------------------------------------------+ 
     |            Instance            |      Arc       |   Cell   | Delay | Arrival | Required | 
     |                                |                |          |       |  Time   |   Time   | 
     |--------------------------------+----------------+----------+-------+---------+----------| 
     | picorv32_core_pcpi_insn_reg[8] | CK ^           |          |       |  -0.001 |   -0.297 | 
     | picorv32_core_pcpi_insn_reg[8] | CK ^ -> Q ^    | EDFFHQX8 | 0.066 |   0.065 |   -0.231 | 
     |                                | pcpi_insn[8] ^ |          | 0.001 |   0.066 |   -0.230 | 
     +-----------------------------------------------------------------------------------------+ 
Path 4: MET Early External Delay Assertion 
Endpoint:   pcpi_insn[11]                     (^) checked with  leading edge of 
'clk'
Beginpoint: picorv32_core_pcpi_insn_reg[11]/Q (^) triggered by  leading edge of 
'clk'
Path Groups: {reg2out}
Analysis View: analysis1
Other End Arrival Time          0.000
- External Delay                0.250
+ Phase Shift                   0.000
+ Uncertainty                   0.020
= Required Time                -0.230
  Arrival Time                  0.066
  Slack Time                    0.296
     Clock Rise Edge                 0.000
     + Clock Network Latency (Prop)  -0.001
     = Beginpoint Arrival Time       -0.001
     +-------------------------------------------------------------------------------------------+ 
     |            Instance             |       Arc       |   Cell   | Delay | Arrival | Required | 
     |                                 |                 |          |       |  Time   |   Time   | 
     |---------------------------------+-----------------+----------+-------+---------+----------| 
     | picorv32_core_pcpi_insn_reg[11] | CK ^            |          |       |  -0.001 |   -0.297 | 
     | picorv32_core_pcpi_insn_reg[11] | CK ^ -> Q ^     | EDFFHQX8 | 0.066 |   0.065 |   -0.231 | 
     |                                 | pcpi_insn[11] ^ |          | 0.001 |   0.066 |   -0.230 | 
     +-------------------------------------------------------------------------------------------+ 
Path 5: MET Early External Delay Assertion 
Endpoint:   pcpi_insn[19]                     (^) checked with  leading edge of 
'clk'
Beginpoint: picorv32_core_pcpi_insn_reg[19]/Q (^) triggered by  leading edge of 
'clk'
Path Groups: {reg2out}
Analysis View: analysis1
Other End Arrival Time          0.000
- External Delay                0.250
+ Phase Shift                   0.000
+ Uncertainty                   0.020
= Required Time                -0.230
  Arrival Time                  0.066
  Slack Time                    0.296
     Clock Rise Edge                 0.000
     + Clock Network Latency (Prop)  -0.001
     = Beginpoint Arrival Time       -0.001
     +-------------------------------------------------------------------------------------------+ 
     |            Instance             |       Arc       |   Cell   | Delay | Arrival | Required | 
     |                                 |                 |          |       |  Time   |   Time   | 
     |---------------------------------+-----------------+----------+-------+---------+----------| 
     | picorv32_core_pcpi_insn_reg[19] | CK ^            |          |       |  -0.001 |   -0.297 | 
     | picorv32_core_pcpi_insn_reg[19] | CK ^ -> Q ^     | EDFFHQX8 | 0.066 |   0.065 |   -0.231 | 
     |                                 | pcpi_insn[19] ^ |          | 0.001 |   0.066 |   -0.230 | 
     +-------------------------------------------------------------------------------------------+ 
Path 6: MET Early External Delay Assertion 
Endpoint:   mem_instr                     (^) checked with  leading edge of 
'clk'
Beginpoint: picorv32_core_mem_instr_reg/Q (^) triggered by  leading edge of 
'clk'
Path Groups: {reg2out}
Analysis View: analysis1
Other End Arrival Time          0.000
- External Delay                0.250
+ Phase Shift                   0.000
+ Uncertainty                   0.020
= Required Time                -0.230
  Arrival Time                  0.066
  Slack Time                    0.296
     Clock Rise Edge                 0.000
     + Clock Network Latency (Prop)  -0.001
     = Beginpoint Arrival Time       -0.001
     +-----------------------------------------------------------------------------------+ 
     |          Instance           |     Arc     |   Cell   | Delay | Arrival | Required | 
     |                             |             |          |       |  Time   |   Time   | 
     |-----------------------------+-------------+----------+-------+---------+----------| 
     | picorv32_core_mem_instr_reg | CK ^        |          |       |  -0.001 |   -0.297 | 
     | picorv32_core_mem_instr_reg | CK ^ -> Q ^ | EDFFHQX8 | 0.065 |   0.064 |   -0.232 | 
     |                             | mem_instr ^ |          | 0.002 |   0.066 |   -0.230 | 
     +-----------------------------------------------------------------------------------+ 
Path 7: MET Early External Delay Assertion 
Endpoint:   pcpi_insn[10]                     (^) checked with  leading edge of 
'clk'
Beginpoint: picorv32_core_pcpi_insn_reg[10]/Q (^) triggered by  leading edge of 
'clk'
Path Groups: {reg2out}
Analysis View: analysis1
Other End Arrival Time          0.000
- External Delay                0.250
+ Phase Shift                   0.000
+ Uncertainty                   0.020
= Required Time                -0.230
  Arrival Time                  0.066
  Slack Time                    0.296
     Clock Rise Edge                 0.000
     + Clock Network Latency (Prop)  -0.001
     = Beginpoint Arrival Time       -0.001
     +-------------------------------------------------------------------------------------------+ 
     |            Instance             |       Arc       |   Cell   | Delay | Arrival | Required | 
     |                                 |                 |          |       |  Time   |   Time   | 
     |---------------------------------+-----------------+----------+-------+---------+----------| 
     | picorv32_core_pcpi_insn_reg[10] | CK ^            |          |       |  -0.001 |   -0.297 | 
     | picorv32_core_pcpi_insn_reg[10] | CK ^ -> Q ^     | EDFFHQX8 | 0.065 |   0.064 |   -0.232 | 
     |                                 | pcpi_insn[10] ^ |          | 0.002 |   0.066 |   -0.230 | 
     +-------------------------------------------------------------------------------------------+ 
Path 8: MET Early External Delay Assertion 
Endpoint:   pcpi_insn[20]                     (^) checked with  leading edge of 
'clk'
Beginpoint: picorv32_core_pcpi_insn_reg[20]/Q (^) triggered by  leading edge of 
'clk'
Path Groups: {reg2out}
Analysis View: analysis1
Other End Arrival Time          0.000
- External Delay                0.250
+ Phase Shift                   0.000
+ Uncertainty                   0.020
= Required Time                -0.230
  Arrival Time                  0.066
  Slack Time                    0.296
     Clock Rise Edge                 0.000
     + Clock Network Latency (Prop)  -0.001
     = Beginpoint Arrival Time       -0.001
     +-------------------------------------------------------------------------------------------+ 
     |            Instance             |       Arc       |   Cell   | Delay | Arrival | Required | 
     |                                 |                 |          |       |  Time   |   Time   | 
     |---------------------------------+-----------------+----------+-------+---------+----------| 
     | picorv32_core_pcpi_insn_reg[20] | CK ^            |          |       |  -0.001 |   -0.297 | 
     | picorv32_core_pcpi_insn_reg[20] | CK ^ -> Q ^     | EDFFHQX8 | 0.065 |   0.064 |   -0.232 | 
     |                                 | pcpi_insn[20] ^ |          | 0.002 |   0.066 |   -0.230 | 
     +-------------------------------------------------------------------------------------------+ 
Path 9: MET Early External Delay Assertion 
Endpoint:   pcpi_insn[9]                     (^) checked with  leading edge of 
'clk'
Beginpoint: picorv32_core_pcpi_insn_reg[9]/Q (^) triggered by  leading edge of 
'clk'
Path Groups: {reg2out}
Analysis View: analysis1
Other End Arrival Time          0.000
- External Delay                0.250
+ Phase Shift                   0.000
+ Uncertainty                   0.020
= Required Time                -0.230
  Arrival Time                  0.066
  Slack Time                    0.296
     Clock Rise Edge                 0.000
     + Clock Network Latency (Prop)  -0.001
     = Beginpoint Arrival Time       -0.001
     +-----------------------------------------------------------------------------------------+ 
     |            Instance            |      Arc       |   Cell   | Delay | Arrival | Required | 
     |                                |                |          |       |  Time   |   Time   | 
     |--------------------------------+----------------+----------+-------+---------+----------| 
     | picorv32_core_pcpi_insn_reg[9] | CK ^           |          |       |  -0.001 |   -0.297 | 
     | picorv32_core_pcpi_insn_reg[9] | CK ^ -> Q ^    | EDFFHQX8 | 0.065 |   0.064 |   -0.232 | 
     |                                | pcpi_insn[9] ^ |          | 0.002 |   0.066 |   -0.230 | 
     +-----------------------------------------------------------------------------------------+ 
Path 10: MET Early External Delay Assertion 
Endpoint:   pcpi_insn[17]                     (^) checked with  leading edge of 
'clk'
Beginpoint: picorv32_core_pcpi_insn_reg[17]/Q (^) triggered by  leading edge of 
'clk'
Path Groups: {reg2out}
Analysis View: analysis1
Other End Arrival Time          0.000
- External Delay                0.250
+ Phase Shift                   0.000
+ Uncertainty                   0.020
= Required Time                -0.230
  Arrival Time                  0.066
  Slack Time                    0.296
     Clock Rise Edge                 0.000
     + Clock Network Latency (Prop)  -0.001
     = Beginpoint Arrival Time       -0.001
     +-------------------------------------------------------------------------------------------+ 
     |            Instance             |       Arc       |   Cell   | Delay | Arrival | Required | 
     |                                 |                 |          |       |  Time   |   Time   | 
     |---------------------------------+-----------------+----------+-------+---------+----------| 
     | picorv32_core_pcpi_insn_reg[17] | CK ^            |          |       |  -0.001 |   -0.297 | 
     | picorv32_core_pcpi_insn_reg[17] | CK ^ -> Q ^     | EDFFHQX8 | 0.065 |   0.064 |   -0.232 | 
     |                                 | pcpi_insn[17] ^ |          | 0.002 |   0.066 |   -0.230 | 
     +-------------------------------------------------------------------------------------------+ 
Path 11: MET Early External Delay Assertion 
Endpoint:   pcpi_insn[15]                     (^) checked with  leading edge of 
'clk'
Beginpoint: picorv32_core_pcpi_insn_reg[15]/Q (^) triggered by  leading edge of 
'clk'
Path Groups: {reg2out}
Analysis View: analysis1
Other End Arrival Time          0.000
- External Delay                0.250
+ Phase Shift                   0.000
+ Uncertainty                   0.020
= Required Time                -0.230
  Arrival Time                  0.066
  Slack Time                    0.296
     Clock Rise Edge                 0.000
     + Clock Network Latency (Prop)  -0.001
     = Beginpoint Arrival Time       -0.001
     +-------------------------------------------------------------------------------------------+ 
     |            Instance             |       Arc       |   Cell   | Delay | Arrival | Required | 
     |                                 |                 |          |       |  Time   |   Time   | 
     |---------------------------------+-----------------+----------+-------+---------+----------| 
     | picorv32_core_pcpi_insn_reg[15] | CK ^            |          |       |  -0.001 |   -0.297 | 
     | picorv32_core_pcpi_insn_reg[15] | CK ^ -> Q ^     | EDFFHQX8 | 0.066 |   0.065 |   -0.232 | 
     |                                 | pcpi_insn[15] ^ |          | 0.002 |   0.066 |   -0.230 | 
     +-------------------------------------------------------------------------------------------+ 
Path 12: MET Early External Delay Assertion 
Endpoint:   wbm_dat_o[3]       (^) checked with  leading edge of 'clk'
Beginpoint: wbm_dat_o_reg[3]/Q (^) triggered by  leading edge of 'clk'
Path Groups: {reg2out}
Analysis View: analysis1
Other End Arrival Time          0.000
- External Delay                0.250
+ Phase Shift                   0.000
+ Uncertainty                   0.020
= Required Time                -0.230
  Arrival Time                  0.073
  Slack Time                    0.303
     Clock Rise Edge                 0.000
     + Clock Network Latency (Prop)  -0.001
     = Beginpoint Arrival Time       -0.001
     +--------------------------------------------------------------------------------+ 
     |       Instance        |      Arc       |   Cell   | Delay | Arrival | Required | 
     |                       |                |          |       |  Time   |   Time   | 
     |-----------------------+----------------+----------+-------+---------+----------| 
     | wbm_dat_o_reg[3]      | CK ^           |          |       |  -0.001 |   -0.304 | 
     | wbm_dat_o_reg[3]      | CK ^ -> Q ^    | DFFHQX1  | 0.039 |   0.038 |   -0.265 | 
     | FE_OFC712_wbm_dat_o_3 | A ^ -> Y ^     | CLKBUFX8 | 0.033 |   0.071 |   -0.232 | 
     |                       | wbm_dat_o[3] ^ |          | 0.002 |   0.073 |   -0.230 | 
     +--------------------------------------------------------------------------------+ 
Path 13: MET Early External Delay Assertion 
Endpoint:   wbm_sel_o[2]       (^) checked with  leading edge of 'clk'
Beginpoint: wbm_sel_o_reg[2]/Q (^) triggered by  leading edge of 'clk'
Path Groups: {reg2out}
Analysis View: analysis1
Other End Arrival Time          0.000
- External Delay                0.250
+ Phase Shift                   0.000
+ Uncertainty                   0.020
= Required Time                -0.230
  Arrival Time                  0.073
  Slack Time                    0.303
     Clock Rise Edge                 0.000
     + Clock Network Latency (Prop)  -0.001
     = Beginpoint Arrival Time       -0.001
     +--------------------------------------------------------------------------------+ 
     |       Instance        |      Arc       |   Cell   | Delay | Arrival | Required | 
     |                       |                |          |       |  Time   |   Time   | 
     |-----------------------+----------------+----------+-------+---------+----------| 
     | wbm_sel_o_reg[2]      | CK ^           |          |       |  -0.001 |   -0.304 | 
     | wbm_sel_o_reg[2]      | CK ^ -> Q ^    | DFFHQX1  | 0.039 |   0.038 |   -0.265 | 
     | FE_OFC693_wbm_sel_o_2 | A ^ -> Y ^     | CLKBUFX8 | 0.033 |   0.072 |   -0.232 | 
     |                       | wbm_sel_o[2] ^ |          | 0.002 |   0.073 |   -0.230 | 
     +--------------------------------------------------------------------------------+ 
Path 14: MET Early External Delay Assertion 
Endpoint:   wbm_dat_o[2]       (^) checked with  leading edge of 'clk'
Beginpoint: wbm_dat_o_reg[2]/Q (^) triggered by  leading edge of 'clk'
Path Groups: {reg2out}
Analysis View: analysis1
Other End Arrival Time          0.000
- External Delay                0.250
+ Phase Shift                   0.000
+ Uncertainty                   0.020
= Required Time                -0.230
  Arrival Time                  0.073
  Slack Time                    0.303
     Clock Rise Edge                 0.000
     + Clock Network Latency (Prop)  -0.001
     = Beginpoint Arrival Time       -0.001
     +--------------------------------------------------------------------------------+ 
     |       Instance        |      Arc       |   Cell   | Delay | Arrival | Required | 
     |                       |                |          |       |  Time   |   Time   | 
     |-----------------------+----------------+----------+-------+---------+----------| 
     | wbm_dat_o_reg[2]      | CK ^           |          |       |  -0.001 |   -0.304 | 
     | wbm_dat_o_reg[2]      | CK ^ -> Q ^    | DFFHQX1  | 0.040 |   0.038 |   -0.265 | 
     | FE_OFC710_wbm_dat_o_2 | A ^ -> Y ^     | CLKBUFX8 | 0.033 |   0.072 |   -0.231 | 
     |                       | wbm_dat_o[2] ^ |          | 0.002 |   0.073 |   -0.230 | 
     +--------------------------------------------------------------------------------+ 
Path 15: MET Early External Delay Assertion 
Endpoint:   wbm_dat_o[4]       (^) checked with  leading edge of 'clk'
Beginpoint: wbm_dat_o_reg[4]/Q (^) triggered by  leading edge of 'clk'
Path Groups: {reg2out}
Analysis View: analysis1
Other End Arrival Time          0.000
- External Delay                0.250
+ Phase Shift                   0.000
+ Uncertainty                   0.020
= Required Time                -0.230
  Arrival Time                  0.074
  Slack Time                    0.304
     Clock Rise Edge                 0.000
     + Clock Network Latency (Prop)  -0.001
     = Beginpoint Arrival Time       -0.001
     +--------------------------------------------------------------------------------+ 
     |       Instance        |      Arc       |   Cell   | Delay | Arrival | Required | 
     |                       |                |          |       |  Time   |   Time   | 
     |-----------------------+----------------+----------+-------+---------+----------| 
     | wbm_dat_o_reg[4]      | CK ^           |          |       |  -0.001 |   -0.304 | 
     | wbm_dat_o_reg[4]      | CK ^ -> Q ^    | DFFHQX1  | 0.040 |   0.039 |   -0.265 | 
     | FE_OFC497_wbm_dat_o_4 | A ^ -> Y ^     | CLKBUFX8 | 0.033 |   0.072 |   -0.232 | 
     |                       | wbm_dat_o[4] ^ |          | 0.002 |   0.074 |   -0.230 | 
     +--------------------------------------------------------------------------------+ 
Path 16: MET Early External Delay Assertion 
Endpoint:   wbm_dat_o[22]       (^) checked with  leading edge of 'clk'
Beginpoint: wbm_dat_o_reg[22]/Q (^) triggered by  leading edge of 'clk'
Path Groups: {reg2out}
Analysis View: analysis1
Other End Arrival Time          0.000
- External Delay                0.250
+ Phase Shift                   0.000
+ Uncertainty                   0.020
= Required Time                -0.230
  Arrival Time                  0.074
  Slack Time                    0.304
     Clock Rise Edge                 0.000
     + Clock Network Latency (Prop)  -0.001
     = Beginpoint Arrival Time       -0.001
     +----------------------------------------------------------------------------------+ 
     |        Instance        |       Arc       |   Cell   | Delay | Arrival | Required | 
     |                        |                 |          |       |  Time   |   Time   | 
     |------------------------+-----------------+----------+-------+---------+----------| 
     | wbm_dat_o_reg[22]      | CK ^            |          |       |  -0.001 |   -0.304 | 
     | wbm_dat_o_reg[22]      | CK ^ -> Q ^     | DFFHQX1  | 0.040 |   0.039 |   -0.264 | 
     | FE_OFC702_wbm_dat_o_22 | A ^ -> Y ^      | CLKBUFX8 | 0.034 |   0.073 |   -0.230 | 
     |                        | wbm_dat_o[22] ^ |          | 0.001 |   0.074 |   -0.230 | 
     +----------------------------------------------------------------------------------+ 
Path 17: MET Early External Delay Assertion 
Endpoint:   wbm_dat_o[23]       (^) checked with  leading edge of 'clk'
Beginpoint: wbm_dat_o_reg[23]/Q (^) triggered by  leading edge of 'clk'
Path Groups: {reg2out}
Analysis View: analysis1
Other End Arrival Time          0.000
- External Delay                0.250
+ Phase Shift                   0.000
+ Uncertainty                   0.020
= Required Time                -0.230
  Arrival Time                  0.074
  Slack Time                    0.304
     Clock Rise Edge                 0.000
     + Clock Network Latency (Prop)  -0.001
     = Beginpoint Arrival Time       -0.001
     +----------------------------------------------------------------------------------+ 
     |        Instance        |       Arc       |   Cell   | Delay | Arrival | Required | 
     |                        |                 |          |       |  Time   |   Time   | 
     |------------------------+-----------------+----------+-------+---------+----------| 
     | wbm_dat_o_reg[23]      | CK ^            |          |       |  -0.001 |   -0.304 | 
     | wbm_dat_o_reg[23]      | CK ^ -> Q ^     | DFFHQX1  | 0.040 |   0.039 |   -0.265 | 
     | FE_OFC711_wbm_dat_o_23 | A ^ -> Y ^      | CLKBUFX8 | 0.033 |   0.072 |   -0.232 | 
     |                        | wbm_dat_o[23] ^ |          | 0.002 |   0.074 |   -0.230 | 
     +----------------------------------------------------------------------------------+ 
Path 18: MET Early External Delay Assertion 
Endpoint:   wbm_dat_o[26]       (^) checked with  leading edge of 'clk'
Beginpoint: wbm_dat_o_reg[26]/Q (^) triggered by  leading edge of 'clk'
Path Groups: {reg2out}
Analysis View: analysis1
Other End Arrival Time          0.000
- External Delay                0.250
+ Phase Shift                   0.000
+ Uncertainty                   0.020
= Required Time                -0.230
  Arrival Time                  0.074
  Slack Time                    0.304
     Clock Rise Edge                 0.000
     + Clock Network Latency (Prop)  -0.001
     = Beginpoint Arrival Time       -0.001
     +----------------------------------------------------------------------------------+ 
     |        Instance        |       Arc       |   Cell   | Delay | Arrival | Required | 
     |                        |                 |          |       |  Time   |   Time   | 
     |------------------------+-----------------+----------+-------+---------+----------| 
     | wbm_dat_o_reg[26]      | CK ^            |          |       |  -0.001 |   -0.305 | 
     | wbm_dat_o_reg[26]      | CK ^ -> Q ^     | DFFHQX1  | 0.041 |   0.039 |   -0.265 | 
     | FE_OFC704_wbm_dat_o_26 | A ^ -> Y ^      | CLKBUFX8 | 0.034 |   0.073 |   -0.231 | 
     |                        | wbm_dat_o[26] ^ |          | 0.001 |   0.074 |   -0.230 | 
     +----------------------------------------------------------------------------------+ 
Path 19: MET Early External Delay Assertion 
Endpoint:   wbm_dat_o[27]       (^) checked with  leading edge of 'clk'
Beginpoint: wbm_dat_o_reg[27]/Q (^) triggered by  leading edge of 'clk'
Path Groups: {reg2out}
Analysis View: analysis1
Other End Arrival Time          0.000
- External Delay                0.250
+ Phase Shift                   0.000
+ Uncertainty                   0.020
= Required Time                -0.230
  Arrival Time                  0.074
  Slack Time                    0.304
     Clock Rise Edge                 0.000
     + Clock Network Latency (Prop)  -0.001
     = Beginpoint Arrival Time       -0.001
     +----------------------------------------------------------------------------------+ 
     |        Instance        |       Arc       |   Cell   | Delay | Arrival | Required | 
     |                        |                 |          |       |  Time   |   Time   | 
     |------------------------+-----------------+----------+-------+---------+----------| 
     | wbm_dat_o_reg[27]      | CK ^            |          |       |  -0.001 |   -0.305 | 
     | wbm_dat_o_reg[27]      | CK ^ -> Q ^     | DFFHQX1  | 0.040 |   0.039 |   -0.265 | 
     | FE_OFC479_wbm_dat_o_27 | A ^ -> Y ^      | CLKBUFX8 | 0.033 |   0.072 |   -0.232 | 
     |                        | wbm_dat_o[27] ^ |          | 0.002 |   0.074 |   -0.230 | 
     +----------------------------------------------------------------------------------+ 
Path 20: MET Early External Delay Assertion 
Endpoint:   wbm_dat_o[5]       (^) checked with  leading edge of 'clk'
Beginpoint: wbm_dat_o_reg[5]/Q (^) triggered by  leading edge of 'clk'
Path Groups: {reg2out}
Analysis View: analysis1
Other End Arrival Time          0.000
- External Delay                0.250
+ Phase Shift                   0.000
+ Uncertainty                   0.020
= Required Time                -0.230
  Arrival Time                  0.074
  Slack Time                    0.304
     Clock Rise Edge                 0.000
     + Clock Network Latency (Prop)  -0.001
     = Beginpoint Arrival Time       -0.001
     +--------------------------------------------------------------------------------+ 
     |       Instance        |      Arc       |   Cell   | Delay | Arrival | Required | 
     |                       |                |          |       |  Time   |   Time   | 
     |-----------------------+----------------+----------+-------+---------+----------| 
     | wbm_dat_o_reg[5]      | CK ^           |          |       |  -0.001 |   -0.305 | 
     | wbm_dat_o_reg[5]      | CK ^ -> Q ^    | DFFHQX1  | 0.040 |   0.039 |   -0.265 | 
     | FE_OFC707_wbm_dat_o_5 | A ^ -> Y ^     | CLKBUFX8 | 0.033 |   0.072 |   -0.232 | 
     |                       | wbm_dat_o[5] ^ |          | 0.002 |   0.074 |   -0.230 | 
     +--------------------------------------------------------------------------------+ 
Path 21: MET Early External Delay Assertion 
Endpoint:   wbm_dat_o[6]       (^) checked with  leading edge of 'clk'
Beginpoint: wbm_dat_o_reg[6]/Q (^) triggered by  leading edge of 'clk'
Path Groups: {reg2out}
Analysis View: analysis1
Other End Arrival Time          0.000
- External Delay                0.250
+ Phase Shift                   0.000
+ Uncertainty                   0.020
= Required Time                -0.230
  Arrival Time                  0.074
  Slack Time                    0.304
     Clock Rise Edge                 0.000
     + Clock Network Latency (Prop)  -0.001
     = Beginpoint Arrival Time       -0.001
     +--------------------------------------------------------------------------------+ 
     |       Instance        |      Arc       |   Cell   | Delay | Arrival | Required | 
     |                       |                |          |       |  Time   |   Time   | 
     |-----------------------+----------------+----------+-------+---------+----------| 
     | wbm_dat_o_reg[6]      | CK ^           |          |       |  -0.001 |   -0.305 | 
     | wbm_dat_o_reg[6]      | CK ^ -> Q ^    | DFFHQX1  | 0.040 |   0.039 |   -0.265 | 
     | FE_OFC709_wbm_dat_o_6 | A ^ -> Y ^     | CLKBUFX8 | 0.033 |   0.072 |   -0.232 | 
     |                       | wbm_dat_o[6] ^ |          | 0.002 |   0.074 |   -0.230 | 
     +--------------------------------------------------------------------------------+ 
Path 22: MET Early External Delay Assertion 
Endpoint:   wbm_dat_o[21]       (^) checked with  leading edge of 'clk'
Beginpoint: wbm_dat_o_reg[21]/Q (^) triggered by  leading edge of 'clk'
Path Groups: {reg2out}
Analysis View: analysis1
Other End Arrival Time          0.000
- External Delay                0.250
+ Phase Shift                   0.000
+ Uncertainty                   0.020
= Required Time                -0.230
  Arrival Time                  0.074
  Slack Time                    0.304
     Clock Rise Edge                 0.000
     + Clock Network Latency (Prop)  -0.001
     = Beginpoint Arrival Time       -0.001
     +----------------------------------------------------------------------------------+ 
     |        Instance        |       Arc       |   Cell   | Delay | Arrival | Required | 
     |                        |                 |          |       |  Time   |   Time   | 
     |------------------------+-----------------+----------+-------+---------+----------| 
     | wbm_dat_o_reg[21]      | CK ^            |          |       |  -0.001 |   -0.305 | 
     | wbm_dat_o_reg[21]      | CK ^ -> Q ^     | DFFHQX1  | 0.040 |   0.039 |   -0.265 | 
     | FE_OFC705_wbm_dat_o_21 | A ^ -> Y ^      | CLKBUFX8 | 0.033 |   0.073 |   -0.232 | 
     |                        | wbm_dat_o[21] ^ |          | 0.002 |   0.074 |   -0.230 | 
     +----------------------------------------------------------------------------------+ 
Path 23: MET Early External Delay Assertion 
Endpoint:   wbm_dat_o[13]       (^) checked with  leading edge of 'clk'
Beginpoint: wbm_dat_o_reg[13]/Q (^) triggered by  leading edge of 'clk'
Path Groups: {reg2out}
Analysis View: analysis1
Other End Arrival Time          0.000
- External Delay                0.250
+ Phase Shift                   0.000
+ Uncertainty                   0.020
= Required Time                -0.230
  Arrival Time                  0.074
  Slack Time                    0.304
     Clock Rise Edge                 0.000
     + Clock Network Latency (Prop)  -0.001
     = Beginpoint Arrival Time       -0.001
     +---------------------------------------------------------------------------------+ 
     |       Instance        |       Arc       |   Cell   | Delay | Arrival | Required | 
     |                       |                 |          |       |  Time   |   Time   | 
     |-----------------------+-----------------+----------+-------+---------+----------| 
     | wbm_dat_o_reg[13]     | CK ^            |          |       |  -0.001 |   -0.305 | 
     | wbm_dat_o_reg[13]     | CK ^ -> Q ^     | DFFHQX1  | 0.037 |   0.036 |   -0.268 | 
     | FE_OFC95_wbm_dat_o_13 | A ^ -> Y v      | INVX1    | 0.014 |   0.050 |   -0.254 | 
     | FE_OFC96_wbm_dat_o_13 | A v -> Y ^      | CLKINVX8 | 0.022 |   0.073 |   -0.232 | 
     |                       | wbm_dat_o[13] ^ |          | 0.002 |   0.074 |   -0.230 | 
     +---------------------------------------------------------------------------------+ 
Path 24: MET Early External Delay Assertion 
Endpoint:   wbm_sel_o[3]       (^) checked with  leading edge of 'clk'
Beginpoint: wbm_sel_o_reg[3]/Q (^) triggered by  leading edge of 'clk'
Path Groups: {reg2out}
Analysis View: analysis1
Other End Arrival Time          0.000
- External Delay                0.250
+ Phase Shift                   0.000
+ Uncertainty                   0.020
= Required Time                -0.230
  Arrival Time                  0.074
  Slack Time                    0.304
     Clock Rise Edge                 0.000
     + Clock Network Latency (Prop)  -0.001
     = Beginpoint Arrival Time       -0.001
     +--------------------------------------------------------------------------------+ 
     |       Instance        |      Arc       |   Cell   | Delay | Arrival | Required | 
     |                       |                |          |       |  Time   |   Time   | 
     |-----------------------+----------------+----------+-------+---------+----------| 
     | wbm_sel_o_reg[3]      | CK ^           |          |       |  -0.001 |   -0.305 | 
     | wbm_sel_o_reg[3]      | CK ^ -> Q ^    | DFFHQX1  | 0.040 |   0.039 |   -0.265 | 
     | FE_OFC701_wbm_sel_o_3 | A ^ -> Y ^     | CLKBUFX8 | 0.033 |   0.073 |   -0.232 | 
     |                       | wbm_sel_o[3] ^ |          | 0.002 |   0.074 |   -0.230 | 
     +--------------------------------------------------------------------------------+ 
Path 25: MET Early External Delay Assertion 
Endpoint:   wbm_we_o       (^) checked with  leading edge of 'clk'
Beginpoint: wbm_we_o_reg/Q (^) triggered by  leading edge of 'clk'
Path Groups: {reg2out}
Analysis View: analysis1
Other End Arrival Time          0.000
- External Delay                0.250
+ Phase Shift                   0.000
+ Uncertainty                   0.020
= Required Time                -0.230
  Arrival Time                  0.075
  Slack Time                    0.305
     Clock Rise Edge                 0.000
     + Clock Network Latency (Prop)  -0.000
     = Beginpoint Arrival Time       -0.000
     +--------------------------------------------------------------------------+ 
     |      Instance      |     Arc     |   Cell   | Delay | Arrival | Required | 
     |                    |             |          |       |  Time   |   Time   | 
     |--------------------+-------------+----------+-------+---------+----------| 
     | wbm_we_o_reg       | CK ^        |          |       |  -0.000 |   -0.305 | 
     | wbm_we_o_reg       | CK ^ -> Q ^ | DFFHQX1  | 0.040 |   0.040 |   -0.265 | 
     | FE_OFC500_wbm_we_o | A ^ -> Y ^  | CLKBUFX8 | 0.033 |   0.073 |   -0.232 | 
     |                    | wbm_we_o ^  |          | 0.002 |   0.075 |   -0.230 | 
     +--------------------------------------------------------------------------+ 
Path 26: MET Early External Delay Assertion 
Endpoint:   wbm_dat_o[1]       (^) checked with  leading edge of 'clk'
Beginpoint: wbm_dat_o_reg[1]/Q (^) triggered by  leading edge of 'clk'
Path Groups: {reg2out}
Analysis View: analysis1
Other End Arrival Time          0.000
- External Delay                0.250
+ Phase Shift                   0.000
+ Uncertainty                   0.020
= Required Time                -0.230
  Arrival Time                  0.075
  Slack Time                    0.305
     Clock Rise Edge                 0.000
     + Clock Network Latency (Prop)  -0.001
     = Beginpoint Arrival Time       -0.001
     +--------------------------------------------------------------------------------+ 
     |       Instance        |      Arc       |   Cell   | Delay | Arrival | Required | 
     |                       |                |          |       |  Time   |   Time   | 
     |-----------------------+----------------+----------+-------+---------+----------| 
     | wbm_dat_o_reg[1]      | CK ^           |          |       |  -0.001 |   -0.306 | 
     | wbm_dat_o_reg[1]      | CK ^ -> Q ^    | DFFHQX1  | 0.038 |   0.036 |   -0.268 | 
     | FE_OFC111_wbm_dat_o_1 | A ^ -> Y v     | INVX1    | 0.014 |   0.050 |   -0.254 | 
     | FE_OFC112_wbm_dat_o_1 | A v -> Y ^     | CLKINVX8 | 0.022 |   0.072 |   -0.232 | 
     |                       | wbm_dat_o[1] ^ |          | 0.002 |   0.075 |   -0.230 | 
     +--------------------------------------------------------------------------------+ 
Path 27: MET Early External Delay Assertion 
Endpoint:   wbm_dat_o[14]       (^) checked with  leading edge of 'clk'
Beginpoint: wbm_dat_o_reg[14]/Q (^) triggered by  leading edge of 'clk'
Path Groups: {reg2out}
Analysis View: analysis1
Other End Arrival Time          0.000
- External Delay                0.250
+ Phase Shift                   0.000
+ Uncertainty                   0.020
= Required Time                -0.230
  Arrival Time                  0.075
  Slack Time                    0.305
     Clock Rise Edge                 0.000
     + Clock Network Latency (Prop)  -0.001
     = Beginpoint Arrival Time       -0.001
     +---------------------------------------------------------------------------------+ 
     |       Instance        |       Arc       |   Cell   | Delay | Arrival | Required | 
     |                       |                 |          |       |  Time   |   Time   | 
     |-----------------------+-----------------+----------+-------+---------+----------| 
     | wbm_dat_o_reg[14]     | CK ^            |          |       |  -0.001 |   -0.306 | 
     | wbm_dat_o_reg[14]     | CK ^ -> Q ^     | DFFHQX1  | 0.037 |   0.036 |   -0.269 | 
     | FE_OFC93_wbm_dat_o_14 | A ^ -> Y v      | INVX1    | 0.014 |   0.050 |   -0.254 | 
     | FE_OFC94_wbm_dat_o_14 | A v -> Y ^      | CLKINVX8 | 0.023 |   0.073 |   -0.232 | 
     |                       | wbm_dat_o[14] ^ |          | 0.002 |   0.075 |   -0.230 | 
     +---------------------------------------------------------------------------------+ 
Path 28: MET Early External Delay Assertion 
Endpoint:   wbm_adr_o[3]       (^) checked with  leading edge of 'clk'
Beginpoint: wbm_adr_o_reg[3]/Q (^) triggered by  leading edge of 'clk'
Path Groups: {reg2out}
Analysis View: analysis1
Other End Arrival Time          0.000
- External Delay                0.250
+ Phase Shift                   0.000
+ Uncertainty                   0.020
= Required Time                -0.230
  Arrival Time                  0.075
  Slack Time                    0.305
     Clock Rise Edge                 0.000
     + Clock Network Latency (Prop)  -0.001
     = Beginpoint Arrival Time       -0.001
     +--------------------------------------------------------------------------------+ 
     |       Instance        |      Arc       |   Cell   | Delay | Arrival | Required | 
     |                       |                |          |       |  Time   |   Time   | 
     |-----------------------+----------------+----------+-------+---------+----------| 
     | wbm_adr_o_reg[3]      | CK ^           |          |       |  -0.001 |   -0.306 | 
     | wbm_adr_o_reg[3]      | CK ^ -> Q ^    | DFFHQX1  | 0.040 |   0.039 |   -0.265 | 
     | FE_OFC698_wbm_adr_o_3 | A ^ -> Y ^     | CLKBUFX8 | 0.034 |   0.073 |   -0.232 | 
     |                       | wbm_adr_o[3] ^ |          | 0.002 |   0.075 |   -0.230 | 
     +--------------------------------------------------------------------------------+ 
Path 29: MET Early External Delay Assertion 
Endpoint:   wbm_sel_o[0]       (^) checked with  leading edge of 'clk'
Beginpoint: wbm_sel_o_reg[0]/Q (^) triggered by  leading edge of 'clk'
Path Groups: {reg2out}
Analysis View: analysis1
Other End Arrival Time          0.000
- External Delay                0.250
+ Phase Shift                   0.000
+ Uncertainty                   0.020
= Required Time                -0.230
  Arrival Time                  0.075
  Slack Time                    0.305
     Clock Rise Edge                 0.000
     + Clock Network Latency (Prop)  -0.001
     = Beginpoint Arrival Time       -0.001
     +--------------------------------------------------------------------------------+ 
     |       Instance        |      Arc       |   Cell   | Delay | Arrival | Required | 
     |                       |                |          |       |  Time   |   Time   | 
     |-----------------------+----------------+----------+-------+---------+----------| 
     | wbm_sel_o_reg[0]      | CK ^           |          |       |  -0.001 |   -0.306 | 
     | wbm_sel_o_reg[0]      | CK ^ -> Q ^    | DFFHQX1  | 0.040 |   0.039 |   -0.265 | 
     | FE_OFC708_wbm_sel_o_0 | A ^ -> Y ^     | CLKBUFX8 | 0.033 |   0.073 |   -0.232 | 
     |                       | wbm_sel_o[0] ^ |          | 0.002 |   0.075 |   -0.230 | 
     +--------------------------------------------------------------------------------+ 
Path 30: MET Early External Delay Assertion 
Endpoint:   wbm_dat_o[19]       (^) checked with  leading edge of 'clk'
Beginpoint: wbm_dat_o_reg[19]/Q (^) triggered by  leading edge of 'clk'
Path Groups: {reg2out}
Analysis View: analysis1
Other End Arrival Time          0.000
- External Delay                0.250
+ Phase Shift                   0.000
+ Uncertainty                   0.020
= Required Time                -0.230
  Arrival Time                  0.075
  Slack Time                    0.305
     Clock Rise Edge                 0.000
     + Clock Network Latency (Prop)  -0.001
     = Beginpoint Arrival Time       -0.001
     +----------------------------------------------------------------------------------+ 
     |        Instance        |       Arc       |   Cell   | Delay | Arrival | Required | 
     |                        |                 |          |       |  Time   |   Time   | 
     |------------------------+-----------------+----------+-------+---------+----------| 
     | wbm_dat_o_reg[19]      | CK ^            |          |       |  -0.001 |   -0.306 | 
     | wbm_dat_o_reg[19]      | CK ^ -> Q ^     | DFFHQX1  | 0.041 |   0.040 |   -0.265 | 
     | FE_OFC484_wbm_dat_o_19 | A ^ -> Y ^      | CLKBUFX8 | 0.034 |   0.073 |   -0.232 | 
     |                        | wbm_dat_o[19] ^ |          | 0.002 |   0.075 |   -0.230 | 
     +----------------------------------------------------------------------------------+ 
Path 31: MET Early External Delay Assertion 
Endpoint:   wbm_dat_o[10]       (^) checked with  leading edge of 'clk'
Beginpoint: wbm_dat_o_reg[10]/Q (^) triggered by  leading edge of 'clk'
Path Groups: {reg2out}
Analysis View: analysis1
Other End Arrival Time          0.000
- External Delay                0.250
+ Phase Shift                   0.000
+ Uncertainty                   0.020
= Required Time                -0.230
  Arrival Time                  0.075
  Slack Time                    0.305
     Clock Rise Edge                 0.000
     + Clock Network Latency (Prop)  -0.001
     = Beginpoint Arrival Time       -0.001
     +----------------------------------------------------------------------------------+ 
     |        Instance        |       Arc       |   Cell   | Delay | Arrival | Required | 
     |                        |                 |          |       |  Time   |   Time   | 
     |------------------------+-----------------+----------+-------+---------+----------| 
     | wbm_dat_o_reg[10]      | CK ^            |          |       |  -0.001 |   -0.306 | 
     | wbm_dat_o_reg[10]      | CK ^ -> Q ^     | DFFHQX1  | 0.041 |   0.040 |   -0.265 | 
     | FE_OFC706_wbm_dat_o_10 | A ^ -> Y ^      | CLKBUFX8 | 0.034 |   0.073 |   -0.232 | 
     |                        | wbm_dat_o[10] ^ |          | 0.002 |   0.075 |   -0.230 | 
     +----------------------------------------------------------------------------------+ 
Path 32: MET Early External Delay Assertion 
Endpoint:   wbm_dat_o[15]       (^) checked with  leading edge of 'clk'
Beginpoint: wbm_dat_o_reg[15]/Q (^) triggered by  leading edge of 'clk'
Path Groups: {reg2out}
Analysis View: analysis1
Other End Arrival Time          0.000
- External Delay                0.250
+ Phase Shift                   0.000
+ Uncertainty                   0.020
= Required Time                -0.230
  Arrival Time                  0.075
  Slack Time                    0.305
     Clock Rise Edge                 0.000
     + Clock Network Latency (Prop)  -0.001
     = Beginpoint Arrival Time       -0.001
     +----------------------------------------------------------------------------------+ 
     |        Instance        |       Arc       |   Cell   | Delay | Arrival | Required | 
     |                        |                 |          |       |  Time   |   Time   | 
     |------------------------+-----------------+----------+-------+---------+----------| 
     | wbm_dat_o_reg[15]      | CK ^            |          |       |  -0.001 |   -0.306 | 
     | wbm_dat_o_reg[15]      | CK ^ -> Q ^     | DFFHQX1  | 0.041 |   0.040 |   -0.265 | 
     | FE_OFC697_wbm_dat_o_15 | A ^ -> Y ^      | CLKBUFX8 | 0.033 |   0.073 |   -0.232 | 
     |                        | wbm_dat_o[15] ^ |          | 0.002 |   0.075 |   -0.230 | 
     +----------------------------------------------------------------------------------+ 
Path 33: MET Early External Delay Assertion 
Endpoint:   wbm_dat_o[11]       (^) checked with  leading edge of 'clk'
Beginpoint: wbm_dat_o_reg[11]/Q (^) triggered by  leading edge of 'clk'
Path Groups: {reg2out}
Analysis View: analysis1
Other End Arrival Time          0.000
- External Delay                0.250
+ Phase Shift                   0.000
+ Uncertainty                   0.020
= Required Time                -0.230
  Arrival Time                  0.075
  Slack Time                    0.305
     Clock Rise Edge                 0.000
     + Clock Network Latency (Prop)  -0.001
     = Beginpoint Arrival Time       -0.001
     +----------------------------------------------------------------------------------+ 
     |        Instance        |       Arc       |   Cell   | Delay | Arrival | Required | 
     |                        |                 |          |       |  Time   |   Time   | 
     |------------------------+-----------------+----------+-------+---------+----------| 
     | wbm_dat_o_reg[11]      | CK ^            |          |       |  -0.001 |   -0.306 | 
     | wbm_dat_o_reg[11]      | CK ^ -> Q ^     | DFFHQX1  | 0.041 |   0.040 |   -0.265 | 
     | FE_OFC696_wbm_dat_o_11 | A ^ -> Y ^      | CLKBUFX8 | 0.033 |   0.073 |   -0.232 | 
     |                        | wbm_dat_o[11] ^ |          | 0.002 |   0.075 |   -0.230 | 
     +----------------------------------------------------------------------------------+ 
Path 34: MET Early External Delay Assertion 
Endpoint:   wbm_dat_o[28]       (^) checked with  leading edge of 'clk'
Beginpoint: wbm_dat_o_reg[28]/Q (^) triggered by  leading edge of 'clk'
Path Groups: {reg2out}
Analysis View: analysis1
Other End Arrival Time          0.000
- External Delay                0.250
+ Phase Shift                   0.000
+ Uncertainty                   0.020
= Required Time                -0.230
  Arrival Time                  0.075
  Slack Time                    0.305
     Clock Rise Edge                 0.000
     + Clock Network Latency (Prop)  -0.001
     = Beginpoint Arrival Time       -0.001
     +----------------------------------------------------------------------------------+ 
     |        Instance        |       Arc       |   Cell   | Delay | Arrival | Required | 
     |                        |                 |          |       |  Time   |   Time   | 
     |------------------------+-----------------+----------+-------+---------+----------| 
     | wbm_dat_o_reg[28]      | CK ^            |          |       |  -0.001 |   -0.306 | 
     | wbm_dat_o_reg[28]      | CK ^ -> Q ^     | DFFHQX1  | 0.038 |   0.037 |   -0.268 | 
     | FE_OFC477_wbm_dat_o_28 | A ^ -> Y v      | INVX1    | 0.014 |   0.051 |   -0.254 | 
     | FE_OFC478_wbm_dat_o_28 | A v -> Y ^      | CLKINVX8 | 0.022 |   0.073 |   -0.232 | 
     |                        | wbm_dat_o[28] ^ |          | 0.002 |   0.075 |   -0.230 | 
     +----------------------------------------------------------------------------------+ 
Path 35: MET Early External Delay Assertion 
Endpoint:   wbm_dat_o[31]       (^) checked with  leading edge of 'clk'
Beginpoint: wbm_dat_o_reg[31]/Q (^) triggered by  leading edge of 'clk'
Path Groups: {reg2out}
Analysis View: analysis1
Other End Arrival Time          0.000
- External Delay                0.250
+ Phase Shift                   0.000
+ Uncertainty                   0.020
= Required Time                -0.230
  Arrival Time                  0.075
  Slack Time                    0.305
     Clock Rise Edge                 0.000
     + Clock Network Latency (Prop)  -0.001
     = Beginpoint Arrival Time       -0.001
     +----------------------------------------------------------------------------------+ 
     |        Instance        |       Arc       |   Cell   | Delay | Arrival | Required | 
     |                        |                 |          |       |  Time   |   Time   | 
     |------------------------+-----------------+----------+-------+---------+----------| 
     | wbm_dat_o_reg[31]      | CK ^            |          |       |  -0.001 |   -0.306 | 
     | wbm_dat_o_reg[31]      | CK ^ -> Q ^     | DFFHQX1  | 0.041 |   0.040 |   -0.265 | 
     | FE_OFC703_wbm_dat_o_31 | A ^ -> Y ^      | CLKBUFX8 | 0.034 |   0.075 |   -0.231 | 
     |                        | wbm_dat_o[31] ^ |          | 0.001 |   0.075 |   -0.230 | 
     +----------------------------------------------------------------------------------+ 
Path 36: MET Early External Delay Assertion 
Endpoint:   wbm_dat_o[16]       (^) checked with  leading edge of 'clk'
Beginpoint: wbm_dat_o_reg[16]/Q (^) triggered by  leading edge of 'clk'
Path Groups: {reg2out}
Analysis View: analysis1
Other End Arrival Time          0.000
- External Delay                0.250
+ Phase Shift                   0.000
+ Uncertainty                   0.020
= Required Time                -0.230
  Arrival Time                  0.075
  Slack Time                    0.305
     Clock Rise Edge                 0.000
     + Clock Network Latency (Prop)  -0.001
     = Beginpoint Arrival Time       -0.001
     +----------------------------------------------------------------------------------+ 
     |        Instance        |       Arc       |   Cell   | Delay | Arrival | Required | 
     |                        |                 |          |       |  Time   |   Time   | 
     |------------------------+-----------------+----------+-------+---------+----------| 
     | wbm_dat_o_reg[16]      | CK ^            |          |       |  -0.001 |   -0.306 | 
     | wbm_dat_o_reg[16]      | CK ^ -> Q ^     | DFFHQX1  | 0.038 |   0.037 |   -0.268 | 
     | FE_OFC487_wbm_dat_o_16 | A ^ -> Y v      | INVX1    | 0.014 |   0.051 |   -0.254 | 
     | FE_OFC488_wbm_dat_o_16 | A v -> Y ^      | CLKINVX8 | 0.022 |   0.073 |   -0.232 | 
     |                        | wbm_dat_o[16] ^ |          | 0.002 |   0.075 |   -0.230 | 
     +----------------------------------------------------------------------------------+ 
Path 37: MET Early External Delay Assertion 
Endpoint:   wbm_sel_o[1]       (^) checked with  leading edge of 'clk'
Beginpoint: wbm_sel_o_reg[1]/Q (^) triggered by  leading edge of 'clk'
Path Groups: {reg2out}
Analysis View: analysis1
Other End Arrival Time          0.000
- External Delay                0.250
+ Phase Shift                   0.000
+ Uncertainty                   0.020
= Required Time                -0.230
  Arrival Time                  0.076
  Slack Time                    0.306
     Clock Rise Edge                 0.000
     + Clock Network Latency (Prop)  -0.001
     = Beginpoint Arrival Time       -0.001
     +--------------------------------------------------------------------------------+ 
     |       Instance        |      Arc       |   Cell   | Delay | Arrival | Required | 
     |                       |                |          |       |  Time   |   Time   | 
     |-----------------------+----------------+----------+-------+---------+----------| 
     | wbm_sel_o_reg[1]      | CK ^           |          |       |  -0.001 |   -0.306 | 
     | wbm_sel_o_reg[1]      | CK ^ -> Q ^    | DFFHQX1  | 0.038 |   0.037 |   -0.268 | 
     | FE_OFC118_wbm_sel_o_1 | A ^ -> Y v     | INVX1    | 0.014 |   0.052 |   -0.254 | 
     | FE_OFC119_wbm_sel_o_1 | A v -> Y ^     | CLKINVX8 | 0.022 |   0.074 |   -0.232 | 
     |                       | wbm_sel_o[1] ^ |          | 0.002 |   0.076 |   -0.230 | 
     +--------------------------------------------------------------------------------+ 
Path 38: MET Early External Delay Assertion 
Endpoint:   wbm_dat_o[29]       (^) checked with  leading edge of 'clk'
Beginpoint: wbm_dat_o_reg[29]/Q (^) triggered by  leading edge of 'clk'
Path Groups: {reg2out}
Analysis View: analysis1
Other End Arrival Time          0.000
- External Delay                0.250
+ Phase Shift                   0.000
+ Uncertainty                   0.020
= Required Time                -0.230
  Arrival Time                  0.076
  Slack Time                    0.306
     Clock Rise Edge                 0.000
     + Clock Network Latency (Prop)  -0.001
     = Beginpoint Arrival Time       -0.001
     +----------------------------------------------------------------------------------+ 
     |        Instance        |       Arc       |   Cell   | Delay | Arrival | Required | 
     |                        |                 |          |       |  Time   |   Time   | 
     |------------------------+-----------------+----------+-------+---------+----------| 
     | wbm_dat_o_reg[29]      | CK ^            |          |       |  -0.001 |   -0.307 | 
     | wbm_dat_o_reg[29]      | CK ^ -> Q ^     | DFFHQX1  | 0.038 |   0.037 |   -0.269 | 
     | FE_OFC475_wbm_dat_o_29 | A ^ -> Y v      | INVX1    | 0.015 |   0.052 |   -0.254 | 
     | FE_OFC476_wbm_dat_o_29 | A v -> Y ^      | CLKINVX8 | 0.022 |   0.074 |   -0.232 | 
     |                        | wbm_dat_o[29] ^ |          | 0.002 |   0.076 |   -0.230 | 
     +----------------------------------------------------------------------------------+ 
Path 39: MET Early External Delay Assertion 
Endpoint:   wbm_adr_o[2]       (^) checked with  leading edge of 'clk'
Beginpoint: wbm_adr_o_reg[2]/Q (^) triggered by  leading edge of 'clk'
Path Groups: {reg2out}
Analysis View: analysis1
Other End Arrival Time          0.000
- External Delay                0.250
+ Phase Shift                   0.000
+ Uncertainty                   0.020
= Required Time                -0.230
  Arrival Time                  0.076
  Slack Time                    0.306
     Clock Rise Edge                 0.000
     + Clock Network Latency (Prop)  -0.001
     = Beginpoint Arrival Time       -0.001
     +-------------------------------------------------------------------------------+ 
     |       Instance       |      Arc       |   Cell   | Delay | Arrival | Required | 
     |                      |                |          |       |  Time   |   Time   | 
     |----------------------+----------------+----------+-------+---------+----------| 
     | wbm_adr_o_reg[2]     | CK ^           |          |       |  -0.001 |   -0.307 | 
     | wbm_adr_o_reg[2]     | CK ^ -> Q ^    | DFFHQX1  | 0.039 |   0.038 |   -0.268 | 
     | FE_OFC62_wbm_adr_o_2 | A ^ -> Y v     | INVX1    | 0.015 |   0.053 |   -0.254 | 
     | FE_OFC63_wbm_adr_o_2 | A v -> Y ^     | CLKINVX8 | 0.023 |   0.076 |   -0.231 | 
     |                      | wbm_adr_o[2] ^ |          | 0.001 |   0.076 |   -0.230 | 
     +-------------------------------------------------------------------------------+ 
Path 40: MET Early External Delay Assertion 
Endpoint:   wbm_dat_o[25]       (^) checked with  leading edge of 'clk'
Beginpoint: wbm_dat_o_reg[25]/Q (^) triggered by  leading edge of 'clk'
Path Groups: {reg2out}
Analysis View: analysis1
Other End Arrival Time          0.000
- External Delay                0.250
+ Phase Shift                   0.000
+ Uncertainty                   0.020
= Required Time                -0.230
  Arrival Time                  0.076
  Slack Time                    0.306
     Clock Rise Edge                 0.000
     + Clock Network Latency (Prop)  -0.001
     = Beginpoint Arrival Time       -0.001
     +---------------------------------------------------------------------------------+ 
     |       Instance        |       Arc       |   Cell   | Delay | Arrival | Required | 
     |                       |                 |          |       |  Time   |   Time   | 
     |-----------------------+-----------------+----------+-------+---------+----------| 
     | wbm_dat_o_reg[25]     | CK ^            |          |       |  -0.001 |   -0.307 | 
     | wbm_dat_o_reg[25]     | CK ^ -> Q ^     | DFFHQX1  | 0.039 |   0.038 |   -0.268 | 
     | FE_OFC75_wbm_dat_o_25 | A ^ -> Y v      | INVX1    | 0.014 |   0.052 |   -0.254 | 
     | FE_OFC76_wbm_dat_o_25 | A v -> Y ^      | CLKINVX8 | 0.022 |   0.075 |   -0.232 | 
     |                       | wbm_dat_o[25] ^ |          | 0.002 |   0.076 |   -0.230 | 
     +---------------------------------------------------------------------------------+ 
Path 41: MET Early External Delay Assertion 
Endpoint:   pcpi_insn[21]                     (^) checked with  leading edge of 
'clk'
Beginpoint: picorv32_core_pcpi_insn_reg[21]/Q (^) triggered by  leading edge of 
'clk'
Path Groups: {reg2out}
Analysis View: analysis1
Other End Arrival Time          0.000
- External Delay                0.250
+ Phase Shift                   0.000
+ Uncertainty                   0.020
= Required Time                -0.230
  Arrival Time                  0.077
  Slack Time                    0.307
     Clock Rise Edge                 0.000
     + Clock Network Latency (Prop)  -0.001
     = Beginpoint Arrival Time       -0.001
     +-------------------------------------------------------------------------------------------+ 
     |            Instance             |       Arc       |   Cell   | Delay | Arrival | Required | 
     |                                 |                 |          |       |  Time   |   Time   | 
     |---------------------------------+-----------------+----------+-------+---------+----------| 
     | picorv32_core_pcpi_insn_reg[21] | CK ^            |          |       |  -0.001 |   -0.308 | 
     | picorv32_core_pcpi_insn_reg[21] | CK ^ -> Q ^     | EDFFHQX1 | 0.039 |   0.038 |   -0.269 | 
     | FE_OFC141_pcpi_insn_21          | A ^ -> Y v      | INVX1    | 0.014 |   0.052 |   -0.254 | 
     | FE_OFC514_pcpi_insn_21          | A v -> Y ^      | CLKINVX8 | 0.022 |   0.075 |   -0.232 | 
     |                                 | pcpi_insn[21] ^ |          | 0.002 |   0.077 |   -0.230 | 
     +-------------------------------------------------------------------------------------------+ 
Path 42: MET Early External Delay Assertion 
Endpoint:   pcpi_insn[24]                     (^) checked with  leading edge of 
'clk'
Beginpoint: picorv32_core_pcpi_insn_reg[24]/Q (^) triggered by  leading edge of 
'clk'
Path Groups: {reg2out}
Analysis View: analysis1
Other End Arrival Time          0.000
- External Delay                0.250
+ Phase Shift                   0.000
+ Uncertainty                   0.020
= Required Time                -0.230
  Arrival Time                  0.077
  Slack Time                    0.307
     Clock Rise Edge                 0.000
     + Clock Network Latency (Prop)  -0.001
     = Beginpoint Arrival Time       -0.001
     +-------------------------------------------------------------------------------------------+ 
     |            Instance             |       Arc       |   Cell   | Delay | Arrival | Required | 
     |                                 |                 |          |       |  Time   |   Time   | 
     |---------------------------------+-----------------+----------+-------+---------+----------| 
     | picorv32_core_pcpi_insn_reg[24] | CK ^            |          |       |  -0.001 |   -0.308 | 
     | picorv32_core_pcpi_insn_reg[24] | CK ^ -> Q ^     | EDFFHQX1 | 0.039 |   0.038 |   -0.269 | 
     | FE_OFC139_pcpi_insn_24          | A ^ -> Y v      | INVX1    | 0.015 |   0.053 |   -0.254 | 
     | FE_OFC140_pcpi_insn_24          | A v -> Y ^      | CLKINVX8 | 0.022 |   0.075 |   -0.232 | 
     |                                 | pcpi_insn[24] ^ |          | 0.002 |   0.077 |   -0.230 | 
     +-------------------------------------------------------------------------------------------+ 
Path 43: MET Early External Delay Assertion 
Endpoint:   pcpi_insn[16]                     (^) checked with  leading edge of 
'clk'
Beginpoint: picorv32_core_pcpi_insn_reg[16]/Q (^) triggered by  leading edge of 
'clk'
Path Groups: {reg2out}
Analysis View: analysis1
Other End Arrival Time          0.000
- External Delay                0.250
+ Phase Shift                   0.000
+ Uncertainty                   0.020
= Required Time                -0.230
  Arrival Time                  0.077
  Slack Time                    0.307
     Clock Rise Edge                 0.000
     + Clock Network Latency (Prop)  -0.001
     = Beginpoint Arrival Time       -0.001
     +-------------------------------------------------------------------------------------------+ 
     |            Instance             |       Arc       |   Cell   | Delay | Arrival | Required | 
     |                                 |                 |          |       |  Time   |   Time   | 
     |---------------------------------+-----------------+----------+-------+---------+----------| 
     | picorv32_core_pcpi_insn_reg[16] | CK ^            |          |       |  -0.001 |   -0.308 | 
     | picorv32_core_pcpi_insn_reg[16] | CK ^ -> Q ^     | EDFFHQX1 | 0.039 |   0.038 |   -0.269 | 
     | FE_OFC145_pcpi_insn_16          | A ^ -> Y v      | INVX1    | 0.014 |   0.053 |   -0.254 | 
     | FE_OFC146_pcpi_insn_16          | A v -> Y ^      | CLKINVX8 | 0.022 |   0.075 |   -0.232 | 
     |                                 | pcpi_insn[16] ^ |          | 0.002 |   0.077 |   -0.230 | 
     +-------------------------------------------------------------------------------------------+ 
Path 44: MET Early External Delay Assertion 
Endpoint:   wbm_dat_o[18]       (^) checked with  leading edge of 'clk'
Beginpoint: wbm_dat_o_reg[18]/Q (^) triggered by  leading edge of 'clk'
Path Groups: {reg2out}
Analysis View: analysis1
Other End Arrival Time          0.000
- External Delay                0.250
+ Phase Shift                   0.000
+ Uncertainty                   0.020
= Required Time                -0.230
  Arrival Time                  0.077
  Slack Time                    0.307
     Clock Rise Edge                 0.000
     + Clock Network Latency (Prop)  -0.001
     = Beginpoint Arrival Time       -0.001
     +---------------------------------------------------------------------------------+ 
     |       Instance        |       Arc       |   Cell   | Delay | Arrival | Required | 
     |                       |                 |          |       |  Time   |   Time   | 
     |-----------------------+-----------------+----------+-------+---------+----------| 
     | wbm_dat_o_reg[18]     | CK ^            |          |       |  -0.001 |   -0.308 | 
     | wbm_dat_o_reg[18]     | CK ^ -> Q ^     | DFFHQX1  | 0.039 |   0.038 |   -0.269 | 
     | FE_OFC85_wbm_dat_o_18 | A ^ -> Y v      | INVX1    | 0.014 |   0.053 |   -0.254 | 
     | FE_OFC86_wbm_dat_o_18 | A v -> Y ^      | CLKINVX8 | 0.023 |   0.075 |   -0.232 | 
     |                       | wbm_dat_o[18] ^ |          | 0.002 |   0.077 |   -0.230 | 
     +---------------------------------------------------------------------------------+ 
Path 45: MET Early External Delay Assertion 
Endpoint:   wbm_dat_o[17]       (^) checked with  leading edge of 'clk'
Beginpoint: wbm_dat_o_reg[17]/Q (^) triggered by  leading edge of 'clk'
Path Groups: {reg2out}
Analysis View: analysis1
Other End Arrival Time          0.000
- External Delay                0.250
+ Phase Shift                   0.000
+ Uncertainty                   0.020
= Required Time                -0.230
  Arrival Time                  0.077
  Slack Time                    0.307
     Clock Rise Edge                 0.000
     + Clock Network Latency (Prop)  -0.001
     = Beginpoint Arrival Time       -0.001
     +----------------------------------------------------------------------------------+ 
     |        Instance        |       Arc       |   Cell   | Delay | Arrival | Required | 
     |                        |                 |          |       |  Time   |   Time   | 
     |------------------------+-----------------+----------+-------+---------+----------| 
     | wbm_dat_o_reg[17]      | CK ^            |          |       |  -0.001 |   -0.308 | 
     | wbm_dat_o_reg[17]      | CK ^ -> Q ^     | DFFHQX1  | 0.039 |   0.038 |   -0.269 | 
     | FE_OFC485_wbm_dat_o_17 | A ^ -> Y v      | INVX1    | 0.014 |   0.053 |   -0.254 | 
     | FE_OFC486_wbm_dat_o_17 | A v -> Y ^      | CLKINVX8 | 0.022 |   0.075 |   -0.232 | 
     |                        | wbm_dat_o[17] ^ |          | 0.002 |   0.077 |   -0.230 | 
     +----------------------------------------------------------------------------------+ 
Path 46: MET Early External Delay Assertion 
Endpoint:   pcpi_insn[18]                     (^) checked with  leading edge of 
'clk'
Beginpoint: picorv32_core_pcpi_insn_reg[18]/Q (^) triggered by  leading edge of 
'clk'
Path Groups: {reg2out}
Analysis View: analysis1
Other End Arrival Time          0.000
- External Delay                0.250
+ Phase Shift                   0.000
+ Uncertainty                   0.020
= Required Time                -0.230
  Arrival Time                  0.077
  Slack Time                    0.307
     Clock Rise Edge                 0.000
     + Clock Network Latency (Prop)  -0.001
     = Beginpoint Arrival Time       -0.001
     +-------------------------------------------------------------------------------------------+ 
     |            Instance             |       Arc       |   Cell   | Delay | Arrival | Required | 
     |                                 |                 |          |       |  Time   |   Time   | 
     |---------------------------------+-----------------+----------+-------+---------+----------| 
     | picorv32_core_pcpi_insn_reg[18] | CK ^            |          |       |  -0.001 |   -0.308 | 
     | picorv32_core_pcpi_insn_reg[18] | CK ^ -> Q ^     | EDFFHQX1 | 0.039 |   0.038 |   -0.269 | 
     | FE_OFC143_pcpi_insn_18          | A ^ -> Y v      | INVX1    | 0.014 |   0.053 |   -0.254 | 
     | FE_OFC144_pcpi_insn_18          | A v -> Y ^      | CLKINVX8 | 0.022 |   0.075 |   -0.232 | 
     |                                 | pcpi_insn[18] ^ |          | 0.002 |   0.077 |   -0.230 | 
     +-------------------------------------------------------------------------------------------+ 
Path 47: MET Early External Delay Assertion 
Endpoint:   pcpi_insn[7]                     (^) checked with  leading edge of 
'clk'
Beginpoint: picorv32_core_pcpi_insn_reg[7]/Q (^) triggered by  leading edge of 
'clk'
Path Groups: {reg2out}
Analysis View: analysis1
Other End Arrival Time          0.000
- External Delay                0.250
+ Phase Shift                   0.000
+ Uncertainty                   0.020
= Required Time                -0.230
  Arrival Time                  0.078
  Slack Time                    0.308
     Clock Rise Edge                 0.000
     + Clock Network Latency (Prop)  -0.001
     = Beginpoint Arrival Time       -0.001
     +-----------------------------------------------------------------------------------------+ 
     |            Instance            |      Arc       |   Cell   | Delay | Arrival | Required | 
     |                                |                |          |       |  Time   |   Time   | 
     |--------------------------------+----------------+----------+-------+---------+----------| 
     | picorv32_core_pcpi_insn_reg[7] | CK ^           |          |       |  -0.001 |   -0.309 | 
     | picorv32_core_pcpi_insn_reg[7] | CK ^ -> Q ^    | EDFFHQX1 | 0.040 |   0.039 |   -0.269 | 
     | FE_OFC154_pcpi_insn_7          | A ^ -> Y v     | INVX1    | 0.014 |   0.054 |   -0.254 | 
     | FE_OFC519_pcpi_insn_7          | A v -> Y ^     | CLKINVX8 | 0.022 |   0.076 |   -0.232 | 
     |                                | pcpi_insn[7] ^ |          | 0.002 |   0.078 |   -0.230 | 
     +-----------------------------------------------------------------------------------------+ 
Path 48: MET Early External Delay Assertion 
Endpoint:   wbm_adr_o[9]       (^) checked with  leading edge of 'clk'
Beginpoint: wbm_adr_o_reg[9]/Q (^) triggered by  leading edge of 'clk'
Path Groups: {reg2out}
Analysis View: analysis1
Other End Arrival Time          0.000
- External Delay                0.250
+ Phase Shift                   0.000
+ Uncertainty                   0.020
= Required Time                -0.230
  Arrival Time                  0.078
  Slack Time                    0.308
     Clock Rise Edge                 0.000
     + Clock Network Latency (Prop)  -0.002
     = Beginpoint Arrival Time       -0.002
     +-------------------------------------------------------------------------------+ 
     |       Instance       |      Arc       |   Cell   | Delay | Arrival | Required | 
     |                      |                |          |       |  Time   |   Time   | 
     |----------------------+----------------+----------+-------+---------+----------| 
     | wbm_adr_o_reg[9]     | CK ^           |          |       |  -0.002 |   -0.309 | 
     | wbm_adr_o_reg[9]     | CK ^ -> Q ^    | DFFHQX1  | 0.040 |   0.038 |   -0.270 | 
     | FE_OFC48_wbm_adr_o_9 | A ^ -> Y v     | INVX1    | 0.015 |   0.054 |   -0.254 | 
     | FE_OFC49_wbm_adr_o_9 | A v -> Y ^     | CLKINVX8 | 0.023 |   0.076 |   -0.232 | 
     |                      | wbm_adr_o[9] ^ |          | 0.002 |   0.078 |   -0.230 | 
     +-------------------------------------------------------------------------------+ 
Path 49: MET Early External Delay Assertion 
Endpoint:   wbm_adr_o[6]       (^) checked with  leading edge of 'clk'
Beginpoint: wbm_adr_o_reg[6]/Q (^) triggered by  leading edge of 'clk'
Path Groups: {reg2out}
Analysis View: analysis1
Other End Arrival Time          0.000
- External Delay                0.250
+ Phase Shift                   0.000
+ Uncertainty                   0.020
= Required Time                -0.230
  Arrival Time                  0.078
  Slack Time                    0.308
     Clock Rise Edge                 0.000
     + Clock Network Latency (Prop)  -0.001
     = Beginpoint Arrival Time       -0.001
     +-------------------------------------------------------------------------------+ 
     |       Instance       |      Arc       |   Cell   | Delay | Arrival | Required | 
     |                      |                |          |       |  Time   |   Time   | 
     |----------------------+----------------+----------+-------+---------+----------| 
     | wbm_adr_o_reg[6]     | CK ^           |          |       |  -0.001 |   -0.309 | 
     | wbm_adr_o_reg[6]     | CK ^ -> Q ^    | DFFHQX1  | 0.040 |   0.039 |   -0.269 | 
     | FE_OFC54_wbm_adr_o_6 | A ^ -> Y v     | INVX1    | 0.015 |   0.054 |   -0.254 | 
     | FE_OFC55_wbm_adr_o_6 | A v -> Y ^     | CLKINVX8 | 0.023 |   0.076 |   -0.232 | 
     |                      | wbm_adr_o[6] ^ |          | 0.002 |   0.078 |   -0.230 | 
     +-------------------------------------------------------------------------------+ 
Path 50: MET Early External Delay Assertion 
Endpoint:   wbm_adr_o[7]       (^) checked with  leading edge of 'clk'
Beginpoint: wbm_adr_o_reg[7]/Q (^) triggered by  leading edge of 'clk'
Path Groups: {reg2out}
Analysis View: analysis1
Other End Arrival Time          0.000
- External Delay                0.250
+ Phase Shift                   0.000
+ Uncertainty                   0.020
= Required Time                -0.230
  Arrival Time                  0.079
  Slack Time                    0.309
     Clock Rise Edge                 0.000
     + Clock Network Latency (Prop)  -0.002
     = Beginpoint Arrival Time       -0.002
     +-------------------------------------------------------------------------------+ 
     |       Instance       |      Arc       |   Cell   | Delay | Arrival | Required | 
     |                      |                |          |       |  Time   |   Time   | 
     |----------------------+----------------+----------+-------+---------+----------| 
     | wbm_adr_o_reg[7]     | CK ^           |          |       |  -0.002 |   -0.310 | 
     | wbm_adr_o_reg[7]     | CK ^ -> Q ^    | DFFHQX1  | 0.041 |   0.039 |   -0.270 | 
     | FE_OFC52_wbm_adr_o_7 | A ^ -> Y v     | INVX1    | 0.015 |   0.054 |   -0.255 | 
     | FE_OFC53_wbm_adr_o_7 | A v -> Y ^     | CLKINVX8 | 0.023 |   0.077 |   -0.231 | 
     |                      | wbm_adr_o[7] ^ |          | 0.002 |   0.079 |   -0.230 | 
     +-------------------------------------------------------------------------------+ 

