###############################################################
#  Generated by:      Cadence Innovus 21.35-s114_1
#  OS:                Linux x86_64(Host ID cn92.it.auth.gr)
#  Generated on:      Fri Nov 28 21:13:13 2025
#  Design:            picorv32_wb
#  Command:           report_timing -path_group in2reg -check_type hold -max_paths 50 > reports/postRouting/in2reg_hold.rpt
###############################################################
Path 1: MET Hold Check with Pin mem_rdata_reg[6]/CK 
Endpoint:   mem_rdata_reg[6]/D (v) checked with  leading edge of 'clk'
Beginpoint: wbm_dat_i[6]       (v) triggered by  leading edge of 'clk'
Path Groups: {in2reg}
Analysis View: analysis1
Other End Arrival Time         -0.001
+ Hold                         -0.011
+ Phase Shift                   0.000
+ Uncertainty                   0.020
= Required Time                 0.008
  Arrival Time                  0.253
  Slack Time                    0.245
     Clock Rise Edge                      0.000
     + Input Delay                        0.250
     + Drive Adjustment                   0.003
     = Beginpoint Arrival Time            0.253
     +---------------------------------------------------------------------------+ 
     |     Instance     |      Arc       |   Cell   | Delay | Arrival | Required | 
     |                  |                |          |       |  Time   |   Time   | 
     |------------------+----------------+----------+-------+---------+----------| 
     |                  | wbm_dat_i[6] v |          |       |   0.253 |    0.008 | 
     | mem_rdata_reg[6] | D v            | EDFFHQX1 | 0.000 |   0.253 |    0.008 | 
     +---------------------------------------------------------------------------+ 
Path 2: MET Hold Check with Pin mem_rdata_reg[5]/CK 
Endpoint:   mem_rdata_reg[5]/D (v) checked with  leading edge of 'clk'
Beginpoint: wbm_dat_i[5]       (v) triggered by  leading edge of 'clk'
Path Groups: {in2reg}
Analysis View: analysis1
Other End Arrival Time         -0.001
+ Hold                         -0.011
+ Phase Shift                   0.000
+ Uncertainty                   0.020
= Required Time                 0.008
  Arrival Time                  0.253
  Slack Time                    0.245
     Clock Rise Edge                      0.000
     + Input Delay                        0.250
     + Drive Adjustment                   0.003
     = Beginpoint Arrival Time            0.253
     +---------------------------------------------------------------------------+ 
     |     Instance     |      Arc       |   Cell   | Delay | Arrival | Required | 
     |                  |                |          |       |  Time   |   Time   | 
     |------------------+----------------+----------+-------+---------+----------| 
     |                  | wbm_dat_i[5] v |          |       |   0.253 |    0.008 | 
     | mem_rdata_reg[5] | D v            | EDFFHQX1 | 0.000 |   0.253 |    0.008 | 
     +---------------------------------------------------------------------------+ 
Path 3: MET Hold Check with Pin mem_rdata_reg[4]/CK 
Endpoint:   mem_rdata_reg[4]/D (v) checked with  leading edge of 'clk'
Beginpoint: wbm_dat_i[4]       (v) triggered by  leading edge of 'clk'
Path Groups: {in2reg}
Analysis View: analysis1
Other End Arrival Time         -0.001
+ Hold                         -0.011
+ Phase Shift                   0.000
+ Uncertainty                   0.020
= Required Time                 0.008
  Arrival Time                  0.253
  Slack Time                    0.245
     Clock Rise Edge                      0.000
     + Input Delay                        0.250
     + Drive Adjustment                   0.003
     = Beginpoint Arrival Time            0.253
     +---------------------------------------------------------------------------+ 
     |     Instance     |      Arc       |   Cell   | Delay | Arrival | Required | 
     |                  |                |          |       |  Time   |   Time   | 
     |------------------+----------------+----------+-------+---------+----------| 
     |                  | wbm_dat_i[4] v |          |       |   0.253 |    0.008 | 
     | mem_rdata_reg[4] | D v            | EDFFHQX1 | 0.000 |   0.253 |    0.008 | 
     +---------------------------------------------------------------------------+ 
Path 4: MET Hold Check with Pin mem_rdata_reg[0]/CK 
Endpoint:   mem_rdata_reg[0]/D (v) checked with  leading edge of 'clk'
Beginpoint: wbm_dat_i[0]       (v) triggered by  leading edge of 'clk'
Path Groups: {in2reg}
Analysis View: analysis1
Other End Arrival Time         -0.001
+ Hold                         -0.011
+ Phase Shift                   0.000
+ Uncertainty                   0.020
= Required Time                 0.008
  Arrival Time                  0.253
  Slack Time                    0.245
     Clock Rise Edge                      0.000
     + Input Delay                        0.250
     + Drive Adjustment                   0.003
     = Beginpoint Arrival Time            0.253
     +---------------------------------------------------------------------------+ 
     |     Instance     |      Arc       |   Cell   | Delay | Arrival | Required | 
     |                  |                |          |       |  Time   |   Time   | 
     |------------------+----------------+----------+-------+---------+----------| 
     |                  | wbm_dat_i[0] v |          |       |   0.253 |    0.008 | 
     | mem_rdata_reg[0] | D v            | EDFFHQX1 | 0.000 |   0.253 |    0.008 | 
     +---------------------------------------------------------------------------+ 
Path 5: MET Hold Check with Pin mem_rdata_reg[30]/CK 
Endpoint:   mem_rdata_reg[30]/D (v) checked with  leading edge of 'clk'
Beginpoint: wbm_dat_i[30]       (v) triggered by  leading edge of 'clk'
Path Groups: {in2reg}
Analysis View: analysis1
Other End Arrival Time         -0.001
+ Hold                         -0.011
+ Phase Shift                   0.000
+ Uncertainty                   0.020
= Required Time                 0.008
  Arrival Time                  0.253
  Slack Time                    0.245
     Clock Rise Edge                      0.000
     + Input Delay                        0.250
     + Drive Adjustment                   0.003
     = Beginpoint Arrival Time            0.253
     +-----------------------------------------------------------------------------+ 
     |     Instance      |       Arc       |   Cell   | Delay | Arrival | Required | 
     |                   |                 |          |       |  Time   |   Time   | 
     |-------------------+-----------------+----------+-------+---------+----------| 
     |                   | wbm_dat_i[30] v |          |       |   0.253 |    0.008 | 
     | mem_rdata_reg[30] | D v             | EDFFHQX1 | 0.000 |   0.253 |    0.008 | 
     +-----------------------------------------------------------------------------+ 
Path 6: MET Hold Check with Pin mem_rdata_reg[12]/CK 
Endpoint:   mem_rdata_reg[12]/D (v) checked with  leading edge of 'clk'
Beginpoint: wbm_dat_i[12]       (v) triggered by  leading edge of 'clk'
Path Groups: {in2reg}
Analysis View: analysis1
Other End Arrival Time         -0.001
+ Hold                         -0.011
+ Phase Shift                   0.000
+ Uncertainty                   0.020
= Required Time                 0.008
  Arrival Time                  0.253
  Slack Time                    0.245
     Clock Rise Edge                      0.000
     + Input Delay                        0.250
     + Drive Adjustment                   0.003
     = Beginpoint Arrival Time            0.253
     +-----------------------------------------------------------------------------+ 
     |     Instance      |       Arc       |   Cell   | Delay | Arrival | Required | 
     |                   |                 |          |       |  Time   |   Time   | 
     |-------------------+-----------------+----------+-------+---------+----------| 
     |                   | wbm_dat_i[12] v |          |       |   0.253 |    0.008 | 
     | mem_rdata_reg[12] | D v             | EDFFHQX1 | 0.000 |   0.253 |    0.008 | 
     +-----------------------------------------------------------------------------+ 
Path 7: MET Hold Check with Pin mem_rdata_reg[1]/CK 
Endpoint:   mem_rdata_reg[1]/D (v) checked with  leading edge of 'clk'
Beginpoint: wbm_dat_i[1]       (v) triggered by  leading edge of 'clk'
Path Groups: {in2reg}
Analysis View: analysis1
Other End Arrival Time         -0.001
+ Hold                         -0.011
+ Phase Shift                   0.000
+ Uncertainty                   0.020
= Required Time                 0.008
  Arrival Time                  0.253
  Slack Time                    0.245
     Clock Rise Edge                      0.000
     + Input Delay                        0.250
     + Drive Adjustment                   0.003
     = Beginpoint Arrival Time            0.253
     +---------------------------------------------------------------------------+ 
     |     Instance     |      Arc       |   Cell   | Delay | Arrival | Required | 
     |                  |                |          |       |  Time   |   Time   | 
     |------------------+----------------+----------+-------+---------+----------| 
     |                  | wbm_dat_i[1] v |          |       |   0.253 |    0.008 | 
     | mem_rdata_reg[1] | D v            | EDFFHQX1 | 0.000 |   0.253 |    0.008 | 
     +---------------------------------------------------------------------------+ 
Path 8: MET Hold Check with Pin mem_rdata_reg[7]/CK 
Endpoint:   mem_rdata_reg[7]/D (v) checked with  leading edge of 'clk'
Beginpoint: wbm_dat_i[7]       (v) triggered by  leading edge of 'clk'
Path Groups: {in2reg}
Analysis View: analysis1
Other End Arrival Time         -0.001
+ Hold                         -0.011
+ Phase Shift                   0.000
+ Uncertainty                   0.020
= Required Time                 0.008
  Arrival Time                  0.253
  Slack Time                    0.245
     Clock Rise Edge                      0.000
     + Input Delay                        0.250
     + Drive Adjustment                   0.003
     = Beginpoint Arrival Time            0.253
     +---------------------------------------------------------------------------+ 
     |     Instance     |      Arc       |   Cell   | Delay | Arrival | Required | 
     |                  |                |          |       |  Time   |   Time   | 
     |------------------+----------------+----------+-------+---------+----------| 
     |                  | wbm_dat_i[7] v |          |       |   0.253 |    0.008 | 
     | mem_rdata_reg[7] | D v            | EDFFHQX1 | 0.000 |   0.253 |    0.008 | 
     +---------------------------------------------------------------------------+ 
Path 9: MET Hold Check with Pin mem_rdata_reg[9]/CK 
Endpoint:   mem_rdata_reg[9]/D (v) checked with  leading edge of 'clk'
Beginpoint: wbm_dat_i[9]       (v) triggered by  leading edge of 'clk'
Path Groups: {in2reg}
Analysis View: analysis1
Other End Arrival Time         -0.001
+ Hold                         -0.011
+ Phase Shift                   0.000
+ Uncertainty                   0.020
= Required Time                 0.008
  Arrival Time                  0.253
  Slack Time                    0.245
     Clock Rise Edge                      0.000
     + Input Delay                        0.250
     + Drive Adjustment                   0.003
     = Beginpoint Arrival Time            0.253
     +---------------------------------------------------------------------------+ 
     |     Instance     |      Arc       |   Cell   | Delay | Arrival | Required | 
     |                  |                |          |       |  Time   |   Time   | 
     |------------------+----------------+----------+-------+---------+----------| 
     |                  | wbm_dat_i[9] v |          |       |   0.253 |    0.008 | 
     | mem_rdata_reg[9] | D v            | EDFFHQX1 | 0.000 |   0.253 |    0.008 | 
     +---------------------------------------------------------------------------+ 
Path 10: MET Hold Check with Pin mem_rdata_reg[13]/CK 
Endpoint:   mem_rdata_reg[13]/D (v) checked with  leading edge of 'clk'
Beginpoint: wbm_dat_i[13]       (v) triggered by  leading edge of 'clk'
Path Groups: {in2reg}
Analysis View: analysis1
Other End Arrival Time         -0.001
+ Hold                         -0.011
+ Phase Shift                   0.000
+ Uncertainty                   0.020
= Required Time                 0.008
  Arrival Time                  0.253
  Slack Time                    0.245
     Clock Rise Edge                      0.000
     + Input Delay                        0.250
     + Drive Adjustment                   0.003
     = Beginpoint Arrival Time            0.253
     +-----------------------------------------------------------------------------+ 
     |     Instance      |       Arc       |   Cell   | Delay | Arrival | Required | 
     |                   |                 |          |       |  Time   |   Time   | 
     |-------------------+-----------------+----------+-------+---------+----------| 
     |                   | wbm_dat_i[13] v |          |       |   0.253 |    0.008 | 
     | mem_rdata_reg[13] | D v             | EDFFHQX1 | 0.000 |   0.253 |    0.008 | 
     +-----------------------------------------------------------------------------+ 
Path 11: MET Hold Check with Pin mem_rdata_reg[10]/CK 
Endpoint:   mem_rdata_reg[10]/D (v) checked with  leading edge of 'clk'
Beginpoint: wbm_dat_i[10]       (v) triggered by  leading edge of 'clk'
Path Groups: {in2reg}
Analysis View: analysis1
Other End Arrival Time         -0.001
+ Hold                         -0.011
+ Phase Shift                   0.000
+ Uncertainty                   0.020
= Required Time                 0.008
  Arrival Time                  0.253
  Slack Time                    0.245
     Clock Rise Edge                      0.000
     + Input Delay                        0.250
     + Drive Adjustment                   0.003
     = Beginpoint Arrival Time            0.253
     +-----------------------------------------------------------------------------+ 
     |     Instance      |       Arc       |   Cell   | Delay | Arrival | Required | 
     |                   |                 |          |       |  Time   |   Time   | 
     |-------------------+-----------------+----------+-------+---------+----------| 
     |                   | wbm_dat_i[10] v |          |       |   0.253 |    0.008 | 
     | mem_rdata_reg[10] | D v             | EDFFHQX1 | 0.000 |   0.253 |    0.008 | 
     +-----------------------------------------------------------------------------+ 
Path 12: MET Hold Check with Pin mem_rdata_reg[3]/CK 
Endpoint:   mem_rdata_reg[3]/D (v) checked with  leading edge of 'clk'
Beginpoint: wbm_dat_i[3]       (v) triggered by  leading edge of 'clk'
Path Groups: {in2reg}
Analysis View: analysis1
Other End Arrival Time         -0.001
+ Hold                         -0.011
+ Phase Shift                   0.000
+ Uncertainty                   0.020
= Required Time                 0.008
  Arrival Time                  0.253
  Slack Time                    0.245
     Clock Rise Edge                      0.000
     + Input Delay                        0.250
     + Drive Adjustment                   0.003
     = Beginpoint Arrival Time            0.253
     +---------------------------------------------------------------------------+ 
     |     Instance     |      Arc       |   Cell   | Delay | Arrival | Required | 
     |                  |                |          |       |  Time   |   Time   | 
     |------------------+----------------+----------+-------+---------+----------| 
     |                  | wbm_dat_i[3] v |          |       |   0.253 |    0.008 | 
     | mem_rdata_reg[3] | D v            | EDFFHQX1 | 0.000 |   0.253 |    0.008 | 
     +---------------------------------------------------------------------------+ 
Path 13: MET Hold Check with Pin mem_rdata_reg[15]/CK 
Endpoint:   mem_rdata_reg[15]/D (v) checked with  leading edge of 'clk'
Beginpoint: wbm_dat_i[15]       (v) triggered by  leading edge of 'clk'
Path Groups: {in2reg}
Analysis View: analysis1
Other End Arrival Time         -0.001
+ Hold                         -0.011
+ Phase Shift                   0.000
+ Uncertainty                   0.020
= Required Time                 0.008
  Arrival Time                  0.253
  Slack Time                    0.245
     Clock Rise Edge                      0.000
     + Input Delay                        0.250
     + Drive Adjustment                   0.003
     = Beginpoint Arrival Time            0.253
     +-----------------------------------------------------------------------------+ 
     |     Instance      |       Arc       |   Cell   | Delay | Arrival | Required | 
     |                   |                 |          |       |  Time   |   Time   | 
     |-------------------+-----------------+----------+-------+---------+----------| 
     |                   | wbm_dat_i[15] v |          |       |   0.253 |    0.008 | 
     | mem_rdata_reg[15] | D v             | EDFFHQX1 | 0.000 |   0.253 |    0.008 | 
     +-----------------------------------------------------------------------------+ 
Path 14: MET Hold Check with Pin mem_rdata_reg[14]/CK 
Endpoint:   mem_rdata_reg[14]/D (v) checked with  leading edge of 'clk'
Beginpoint: wbm_dat_i[14]       (v) triggered by  leading edge of 'clk'
Path Groups: {in2reg}
Analysis View: analysis1
Other End Arrival Time         -0.001
+ Hold                         -0.011
+ Phase Shift                   0.000
+ Uncertainty                   0.020
= Required Time                 0.008
  Arrival Time                  0.253
  Slack Time                    0.245
     Clock Rise Edge                      0.000
     + Input Delay                        0.250
     + Drive Adjustment                   0.003
     = Beginpoint Arrival Time            0.253
     +-----------------------------------------------------------------------------+ 
     |     Instance      |       Arc       |   Cell   | Delay | Arrival | Required | 
     |                   |                 |          |       |  Time   |   Time   | 
     |-------------------+-----------------+----------+-------+---------+----------| 
     |                   | wbm_dat_i[14] v |          |       |   0.253 |    0.008 | 
     | mem_rdata_reg[14] | D v             | EDFFHQX1 | 0.000 |   0.253 |    0.008 | 
     +-----------------------------------------------------------------------------+ 
Path 15: MET Hold Check with Pin mem_rdata_reg[2]/CK 
Endpoint:   mem_rdata_reg[2]/D (v) checked with  leading edge of 'clk'
Beginpoint: wbm_dat_i[2]       (v) triggered by  leading edge of 'clk'
Path Groups: {in2reg}
Analysis View: analysis1
Other End Arrival Time         -0.001
+ Hold                         -0.011
+ Phase Shift                   0.000
+ Uncertainty                   0.020
= Required Time                 0.008
  Arrival Time                  0.253
  Slack Time                    0.245
     Clock Rise Edge                      0.000
     + Input Delay                        0.250
     + Drive Adjustment                   0.003
     = Beginpoint Arrival Time            0.253
     +---------------------------------------------------------------------------+ 
     |     Instance     |      Arc       |   Cell   | Delay | Arrival | Required | 
     |                  |                |          |       |  Time   |   Time   | 
     |------------------+----------------+----------+-------+---------+----------| 
     |                  | wbm_dat_i[2] v |          |       |   0.253 |    0.008 | 
     | mem_rdata_reg[2] | D v            | EDFFHQX1 | 0.000 |   0.253 |    0.008 | 
     +---------------------------------------------------------------------------+ 
Path 16: MET Hold Check with Pin mem_rdata_reg[23]/CK 
Endpoint:   mem_rdata_reg[23]/D (v) checked with  leading edge of 'clk'
Beginpoint: wbm_dat_i[23]       (v) triggered by  leading edge of 'clk'
Path Groups: {in2reg}
Analysis View: analysis1
Other End Arrival Time         -0.001
+ Hold                         -0.011
+ Phase Shift                   0.000
+ Uncertainty                   0.020
= Required Time                 0.008
  Arrival Time                  0.253
  Slack Time                    0.245
     Clock Rise Edge                      0.000
     + Input Delay                        0.250
     + Drive Adjustment                   0.003
     = Beginpoint Arrival Time            0.253
     +-----------------------------------------------------------------------------+ 
     |     Instance      |       Arc       |   Cell   | Delay | Arrival | Required | 
     |                   |                 |          |       |  Time   |   Time   | 
     |-------------------+-----------------+----------+-------+---------+----------| 
     |                   | wbm_dat_i[23] v |          |       |   0.253 |    0.008 | 
     | mem_rdata_reg[23] | D v             | EDFFHQX1 | 0.000 |   0.253 |    0.008 | 
     +-----------------------------------------------------------------------------+ 
Path 17: MET Hold Check with Pin mem_rdata_reg[8]/CK 
Endpoint:   mem_rdata_reg[8]/D (v) checked with  leading edge of 'clk'
Beginpoint: wbm_dat_i[8]       (v) triggered by  leading edge of 'clk'
Path Groups: {in2reg}
Analysis View: analysis1
Other End Arrival Time         -0.001
+ Hold                         -0.011
+ Phase Shift                   0.000
+ Uncertainty                   0.020
= Required Time                 0.008
  Arrival Time                  0.253
  Slack Time                    0.245
     Clock Rise Edge                      0.000
     + Input Delay                        0.250
     + Drive Adjustment                   0.003
     = Beginpoint Arrival Time            0.253
     +---------------------------------------------------------------------------+ 
     |     Instance     |      Arc       |   Cell   | Delay | Arrival | Required | 
     |                  |                |          |       |  Time   |   Time   | 
     |------------------+----------------+----------+-------+---------+----------| 
     |                  | wbm_dat_i[8] v |          |       |   0.253 |    0.008 | 
     | mem_rdata_reg[8] | D v            | EDFFHQX1 | 0.000 |   0.253 |    0.008 | 
     +---------------------------------------------------------------------------+ 
Path 18: MET Hold Check with Pin mem_rdata_reg[19]/CK 
Endpoint:   mem_rdata_reg[19]/D (v) checked with  leading edge of 'clk'
Beginpoint: wbm_dat_i[19]       (v) triggered by  leading edge of 'clk'
Path Groups: {in2reg}
Analysis View: analysis1
Other End Arrival Time         -0.001
+ Hold                         -0.011
+ Phase Shift                   0.000
+ Uncertainty                   0.020
= Required Time                 0.008
  Arrival Time                  0.253
  Slack Time                    0.245
     Clock Rise Edge                      0.000
     + Input Delay                        0.250
     + Drive Adjustment                   0.003
     = Beginpoint Arrival Time            0.253
     +-----------------------------------------------------------------------------+ 
     |     Instance      |       Arc       |   Cell   | Delay | Arrival | Required | 
     |                   |                 |          |       |  Time   |   Time   | 
     |-------------------+-----------------+----------+-------+---------+----------| 
     |                   | wbm_dat_i[19] v |          |       |   0.253 |    0.008 | 
     | mem_rdata_reg[19] | D v             | EDFFHQX1 | 0.000 |   0.253 |    0.008 | 
     +-----------------------------------------------------------------------------+ 
Path 19: MET Hold Check with Pin mem_rdata_reg[18]/CK 
Endpoint:   mem_rdata_reg[18]/D (v) checked with  leading edge of 'clk'
Beginpoint: wbm_dat_i[18]       (v) triggered by  leading edge of 'clk'
Path Groups: {in2reg}
Analysis View: analysis1
Other End Arrival Time         -0.001
+ Hold                         -0.011
+ Phase Shift                   0.000
+ Uncertainty                   0.020
= Required Time                 0.008
  Arrival Time                  0.253
  Slack Time                    0.245
     Clock Rise Edge                      0.000
     + Input Delay                        0.250
     + Drive Adjustment                   0.003
     = Beginpoint Arrival Time            0.253
     +-----------------------------------------------------------------------------+ 
     |     Instance      |       Arc       |   Cell   | Delay | Arrival | Required | 
     |                   |                 |          |       |  Time   |   Time   | 
     |-------------------+-----------------+----------+-------+---------+----------| 
     |                   | wbm_dat_i[18] v |          |       |   0.253 |    0.008 | 
     | mem_rdata_reg[18] | D v             | EDFFHQX1 | 0.000 |   0.253 |    0.008 | 
     +-----------------------------------------------------------------------------+ 
Path 20: MET Hold Check with Pin mem_rdata_reg[17]/CK 
Endpoint:   mem_rdata_reg[17]/D (v) checked with  leading edge of 'clk'
Beginpoint: wbm_dat_i[17]       (v) triggered by  leading edge of 'clk'
Path Groups: {in2reg}
Analysis View: analysis1
Other End Arrival Time         -0.001
+ Hold                         -0.011
+ Phase Shift                   0.000
+ Uncertainty                   0.020
= Required Time                 0.008
  Arrival Time                  0.253
  Slack Time                    0.245
     Clock Rise Edge                      0.000
     + Input Delay                        0.250
     + Drive Adjustment                   0.003
     = Beginpoint Arrival Time            0.253
     +-----------------------------------------------------------------------------+ 
     |     Instance      |       Arc       |   Cell   | Delay | Arrival | Required | 
     |                   |                 |          |       |  Time   |   Time   | 
     |-------------------+-----------------+----------+-------+---------+----------| 
     |                   | wbm_dat_i[17] v |          |       |   0.253 |    0.008 | 
     | mem_rdata_reg[17] | D v             | EDFFHQX1 | 0.000 |   0.253 |    0.008 | 
     +-----------------------------------------------------------------------------+ 
Path 21: MET Hold Check with Pin mem_rdata_reg[16]/CK 
Endpoint:   mem_rdata_reg[16]/D (v) checked with  leading edge of 'clk'
Beginpoint: wbm_dat_i[16]       (v) triggered by  leading edge of 'clk'
Path Groups: {in2reg}
Analysis View: analysis1
Other End Arrival Time         -0.001
+ Hold                         -0.011
+ Phase Shift                   0.000
+ Uncertainty                   0.020
= Required Time                 0.008
  Arrival Time                  0.253
  Slack Time                    0.245
     Clock Rise Edge                      0.000
     + Input Delay                        0.250
     + Drive Adjustment                   0.003
     = Beginpoint Arrival Time            0.253
     +-----------------------------------------------------------------------------+ 
     |     Instance      |       Arc       |   Cell   | Delay | Arrival | Required | 
     |                   |                 |          |       |  Time   |   Time   | 
     |-------------------+-----------------+----------+-------+---------+----------| 
     |                   | wbm_dat_i[16] v |          |       |   0.253 |    0.008 | 
     | mem_rdata_reg[16] | D v             | EDFFHQX1 | 0.000 |   0.253 |    0.008 | 
     +-----------------------------------------------------------------------------+ 
Path 22: MET Hold Check with Pin mem_rdata_reg[22]/CK 
Endpoint:   mem_rdata_reg[22]/D (v) checked with  leading edge of 'clk'
Beginpoint: wbm_dat_i[22]       (v) triggered by  leading edge of 'clk'
Path Groups: {in2reg}
Analysis View: analysis1
Other End Arrival Time         -0.002
+ Hold                         -0.011
+ Phase Shift                   0.000
+ Uncertainty                   0.020
= Required Time                 0.008
  Arrival Time                  0.253
  Slack Time                    0.246
     Clock Rise Edge                      0.000
     + Input Delay                        0.250
     + Drive Adjustment                   0.003
     = Beginpoint Arrival Time            0.253
     +-----------------------------------------------------------------------------+ 
     |     Instance      |       Arc       |   Cell   | Delay | Arrival | Required | 
     |                   |                 |          |       |  Time   |   Time   | 
     |-------------------+-----------------+----------+-------+---------+----------| 
     |                   | wbm_dat_i[22] v |          |       |   0.253 |    0.007 | 
     | mem_rdata_reg[22] | D v             | EDFFHQX1 | 0.000 |   0.253 |    0.008 | 
     +-----------------------------------------------------------------------------+ 
Path 23: MET Hold Check with Pin mem_rdata_reg[20]/CK 
Endpoint:   mem_rdata_reg[20]/D (v) checked with  leading edge of 'clk'
Beginpoint: wbm_dat_i[20]       (v) triggered by  leading edge of 'clk'
Path Groups: {in2reg}
Analysis View: analysis1
Other End Arrival Time         -0.002
+ Hold                         -0.011
+ Phase Shift                   0.000
+ Uncertainty                   0.020
= Required Time                 0.008
  Arrival Time                  0.253
  Slack Time                    0.246
     Clock Rise Edge                      0.000
     + Input Delay                        0.250
     + Drive Adjustment                   0.003
     = Beginpoint Arrival Time            0.253
     +-----------------------------------------------------------------------------+ 
     |     Instance      |       Arc       |   Cell   | Delay | Arrival | Required | 
     |                   |                 |          |       |  Time   |   Time   | 
     |-------------------+-----------------+----------+-------+---------+----------| 
     |                   | wbm_dat_i[20] v |          |       |   0.253 |    0.007 | 
     | mem_rdata_reg[20] | D v             | EDFFHQX1 | 0.000 |   0.253 |    0.008 | 
     +-----------------------------------------------------------------------------+ 
Path 24: MET Hold Check with Pin mem_rdata_reg[11]/CK 
Endpoint:   mem_rdata_reg[11]/D (v) checked with  leading edge of 'clk'
Beginpoint: wbm_dat_i[11]       (v) triggered by  leading edge of 'clk'
Path Groups: {in2reg}
Analysis View: analysis1
Other End Arrival Time         -0.002
+ Hold                         -0.011
+ Phase Shift                   0.000
+ Uncertainty                   0.020
= Required Time                 0.007
  Arrival Time                  0.253
  Slack Time                    0.246
     Clock Rise Edge                      0.000
     + Input Delay                        0.250
     + Drive Adjustment                   0.003
     = Beginpoint Arrival Time            0.253
     +-----------------------------------------------------------------------------+ 
     |     Instance      |       Arc       |   Cell   | Delay | Arrival | Required | 
     |                   |                 |          |       |  Time   |   Time   | 
     |-------------------+-----------------+----------+-------+---------+----------| 
     |                   | wbm_dat_i[11] v |          |       |   0.253 |    0.007 | 
     | mem_rdata_reg[11] | D v             | EDFFHQX1 | 0.000 |   0.253 |    0.007 | 
     +-----------------------------------------------------------------------------+ 
Path 25: MET Hold Check with Pin mem_rdata_reg[21]/CK 
Endpoint:   mem_rdata_reg[21]/D (v) checked with  leading edge of 'clk'
Beginpoint: wbm_dat_i[21]       (v) triggered by  leading edge of 'clk'
Path Groups: {in2reg}
Analysis View: analysis1
Other End Arrival Time         -0.001
+ Hold                         -0.013
+ Phase Shift                   0.000
+ Uncertainty                   0.020
= Required Time                 0.005
  Arrival Time                  0.253
  Slack Time                    0.248
     Clock Rise Edge                      0.000
     + Input Delay                        0.250
     + Drive Adjustment                   0.003
     = Beginpoint Arrival Time            0.253
     +---------------------------------------------------------------------------+ 
     |     Instance      |       Arc       |  Cell  | Delay | Arrival | Required | 
     |                   |                 |        |       |  Time   |   Time   | 
     |-------------------+-----------------+--------+-------+---------+----------| 
     |                   | wbm_dat_i[21] v |        |       |   0.253 |    0.005 | 
     | mem_rdata_reg[21] | D v             | EDFFX2 | 0.000 |   0.253 |    0.005 | 
     +---------------------------------------------------------------------------+ 
Path 26: MET Hold Check with Pin mem_rdata_reg[25]/CK 
Endpoint:   mem_rdata_reg[25]/D (v) checked with  leading edge of 'clk'
Beginpoint: wbm_dat_i[25]       (v) triggered by  leading edge of 'clk'
Path Groups: {in2reg}
Analysis View: analysis1
Other End Arrival Time         -0.001
+ Hold                         -0.013
+ Phase Shift                   0.000
+ Uncertainty                   0.020
= Required Time                 0.005
  Arrival Time                  0.254
  Slack Time                    0.248
     Clock Rise Edge                      0.000
     + Input Delay                        0.250
     + Drive Adjustment                   0.004
     = Beginpoint Arrival Time            0.254
     +---------------------------------------------------------------------------+ 
     |     Instance      |       Arc       |  Cell  | Delay | Arrival | Required | 
     |                   |                 |        |       |  Time   |   Time   | 
     |-------------------+-----------------+--------+-------+---------+----------| 
     |                   | wbm_dat_i[25] v |        |       |   0.254 |    0.005 | 
     | mem_rdata_reg[25] | D v             | EDFFX2 | 0.000 |   0.254 |    0.005 | 
     +---------------------------------------------------------------------------+ 
Path 27: MET Hold Check with Pin mem_rdata_reg[31]/CK 
Endpoint:   mem_rdata_reg[31]/D (v) checked with  leading edge of 'clk'
Beginpoint: wbm_dat_i[31]       (v) triggered by  leading edge of 'clk'
Path Groups: {in2reg}
Analysis View: analysis1
Other End Arrival Time         -0.002
+ Hold                         -0.013
+ Phase Shift                   0.000
+ Uncertainty                   0.020
= Required Time                 0.005
  Arrival Time                  0.253
  Slack Time                    0.248
     Clock Rise Edge                      0.000
     + Input Delay                        0.250
     + Drive Adjustment                   0.003
     = Beginpoint Arrival Time            0.253
     +---------------------------------------------------------------------------+ 
     |     Instance      |       Arc       |  Cell  | Delay | Arrival | Required | 
     |                   |                 |        |       |  Time   |   Time   | 
     |-------------------+-----------------+--------+-------+---------+----------| 
     |                   | wbm_dat_i[31] v |        |       |   0.253 |    0.005 | 
     | mem_rdata_reg[31] | D v             | EDFFX2 | 0.000 |   0.253 |    0.005 | 
     +---------------------------------------------------------------------------+ 
Path 28: MET Hold Check with Pin mem_rdata_reg[26]/CK 
Endpoint:   mem_rdata_reg[26]/D (v) checked with  leading edge of 'clk'
Beginpoint: wbm_dat_i[26]       (v) triggered by  leading edge of 'clk'
Path Groups: {in2reg}
Analysis View: analysis1
Other End Arrival Time         -0.002
+ Hold                         -0.013
+ Phase Shift                   0.000
+ Uncertainty                   0.020
= Required Time                 0.005
  Arrival Time                  0.253
  Slack Time                    0.248
     Clock Rise Edge                      0.000
     + Input Delay                        0.250
     + Drive Adjustment                   0.003
     = Beginpoint Arrival Time            0.253
     +---------------------------------------------------------------------------+ 
     |     Instance      |       Arc       |  Cell  | Delay | Arrival | Required | 
     |                   |                 |        |       |  Time   |   Time   | 
     |-------------------+-----------------+--------+-------+---------+----------| 
     |                   | wbm_dat_i[26] v |        |       |   0.253 |    0.005 | 
     | mem_rdata_reg[26] | D v             | EDFFX2 | 0.000 |   0.253 |    0.005 | 
     +---------------------------------------------------------------------------+ 
Path 29: MET Hold Check with Pin mem_rdata_reg[28]/CK 
Endpoint:   mem_rdata_reg[28]/D (v) checked with  leading edge of 'clk'
Beginpoint: wbm_dat_i[28]       (v) triggered by  leading edge of 'clk'
Path Groups: {in2reg}
Analysis View: analysis1
Other End Arrival Time         -0.001
+ Hold                         -0.013
+ Phase Shift                   0.000
+ Uncertainty                   0.020
= Required Time                 0.005
  Arrival Time                  0.254
  Slack Time                    0.248
     Clock Rise Edge                      0.000
     + Input Delay                        0.250
     + Drive Adjustment                   0.004
     = Beginpoint Arrival Time            0.254
     +---------------------------------------------------------------------------+ 
     |     Instance      |       Arc       |  Cell  | Delay | Arrival | Required | 
     |                   |                 |        |       |  Time   |   Time   | 
     |-------------------+-----------------+--------+-------+---------+----------| 
     |                   | wbm_dat_i[28] v |        |       |   0.254 |    0.005 | 
     | mem_rdata_reg[28] | D v             | EDFFX2 | 0.000 |   0.254 |    0.005 | 
     +---------------------------------------------------------------------------+ 
Path 30: MET Hold Check with Pin mem_rdata_reg[27]/CK 
Endpoint:   mem_rdata_reg[27]/D (v) checked with  leading edge of 'clk'
Beginpoint: wbm_dat_i[27]       (v) triggered by  leading edge of 'clk'
Path Groups: {in2reg}
Analysis View: analysis1
Other End Arrival Time         -0.002
+ Hold                         -0.013
+ Phase Shift                   0.000
+ Uncertainty                   0.020
= Required Time                 0.005
  Arrival Time                  0.253
  Slack Time                    0.248
     Clock Rise Edge                      0.000
     + Input Delay                        0.250
     + Drive Adjustment                   0.003
     = Beginpoint Arrival Time            0.253
     +---------------------------------------------------------------------------+ 
     |     Instance      |       Arc       |  Cell  | Delay | Arrival | Required | 
     |                   |                 |        |       |  Time   |   Time   | 
     |-------------------+-----------------+--------+-------+---------+----------| 
     |                   | wbm_dat_i[27] v |        |       |   0.253 |    0.005 | 
     | mem_rdata_reg[27] | D v             | EDFFX2 | 0.000 |   0.253 |    0.005 | 
     +---------------------------------------------------------------------------+ 
Path 31: MET Hold Check with Pin mem_rdata_reg[24]/CK 
Endpoint:   mem_rdata_reg[24]/D (v) checked with  leading edge of 'clk'
Beginpoint: wbm_dat_i[24]       (v) triggered by  leading edge of 'clk'
Path Groups: {in2reg}
Analysis View: analysis1
Other End Arrival Time         -0.002
+ Hold                         -0.013
+ Phase Shift                   0.000
+ Uncertainty                   0.020
= Required Time                 0.005
  Arrival Time                  0.254
  Slack Time                    0.248
     Clock Rise Edge                      0.000
     + Input Delay                        0.250
     + Drive Adjustment                   0.003
     = Beginpoint Arrival Time            0.253
     +---------------------------------------------------------------------------+ 
     |     Instance      |       Arc       |  Cell  | Delay | Arrival | Required | 
     |                   |                 |        |       |  Time   |   Time   | 
     |-------------------+-----------------+--------+-------+---------+----------| 
     |                   | wbm_dat_i[24] v |        |       |   0.253 |    0.005 | 
     | mem_rdata_reg[24] | D v             | EDFFX2 | 0.000 |   0.254 |    0.005 | 
     +---------------------------------------------------------------------------+ 
Path 32: MET Hold Check with Pin mem_rdata_reg[29]/CK 
Endpoint:   mem_rdata_reg[29]/D (v) checked with  leading edge of 'clk'
Beginpoint: wbm_dat_i[29]       (v) triggered by  leading edge of 'clk'
Path Groups: {in2reg}
Analysis View: analysis1
Other End Arrival Time         -0.001
+ Hold                         -0.013
+ Phase Shift                   0.000
+ Uncertainty                   0.020
= Required Time                 0.005
  Arrival Time                  0.254
  Slack Time                    0.249
     Clock Rise Edge                      0.000
     + Input Delay                        0.250
     + Drive Adjustment                   0.004
     = Beginpoint Arrival Time            0.254
     +---------------------------------------------------------------------------+ 
     |     Instance      |       Arc       |  Cell  | Delay | Arrival | Required | 
     |                   |                 |        |       |  Time   |   Time   | 
     |-------------------+-----------------+--------+-------+---------+----------| 
     |                   | wbm_dat_i[29] v |        |       |   0.254 |    0.005 | 
     | mem_rdata_reg[29] | D v             | EDFFX2 | 0.000 |   0.254 |    0.005 | 
     +---------------------------------------------------------------------------+ 
Path 33: MET Hold Check with Pin picorv32_core_irq_pending_reg[10]/CK 
Endpoint:   picorv32_core_irq_pending_reg[10]/D (v) checked with  leading edge 
of 'clk'
Beginpoint: irq[10]                             (v) triggered by  leading edge 
of 'clk'
Path Groups: {in2reg}
Analysis View: analysis1
Other End Arrival Time         -0.002
+ Hold                          0.001
+ Phase Shift                   0.000
+ Uncertainty                   0.020
= Required Time                 0.019
  Arrival Time                  0.278
  Slack Time                    0.259
     Clock Rise Edge                      0.000
     + Input Delay                        0.250
     + Drive Adjustment                   0.004
     = Beginpoint Arrival Time            0.254
     +----------------------------------------------------------------------------------------+ 
     |             Instance              |     Arc     |  Cell   | Delay | Arrival | Required | 
     |                                   |             |         |       |  Time   |   Time   | 
     |-----------------------------------+-------------+---------+-------+---------+----------| 
     |                                   | irq[10] v   |         |       |   0.254 |   -0.005 | 
     | picorv32_core_g175459             | B0 v -> Y v | AO21X1  | 0.024 |   0.278 |    0.019 | 
     | picorv32_core_irq_pending_reg[10] | D v         | DFFHQX1 | 0.000 |   0.278 |    0.019 | 
     +----------------------------------------------------------------------------------------+ 
Path 34: MET Hold Check with Pin picorv32_core_irq_pending_reg[3]/CK 
Endpoint:   picorv32_core_irq_pending_reg[3]/D (v) checked with  leading edge 
of 'clk'
Beginpoint: irq[3]                             (v) triggered by  leading edge 
of 'clk'
Path Groups: {in2reg}
Analysis View: analysis1
Other End Arrival Time         -0.002
+ Hold                          0.001
+ Phase Shift                   0.000
+ Uncertainty                   0.020
= Required Time                 0.020
  Arrival Time                  0.278
  Slack Time                    0.259
     Clock Rise Edge                      0.000
     + Input Delay                        0.250
     + Drive Adjustment                   0.004
     = Beginpoint Arrival Time            0.254
     +---------------------------------------------------------------------------------------+ 
     |             Instance             |     Arc     |  Cell   | Delay | Arrival | Required | 
     |                                  |             |         |       |  Time   |   Time   | 
     |----------------------------------+-------------+---------+-------+---------+----------| 
     |                                  | irq[3] v    |         |       |   0.254 |   -0.005 | 
     | picorv32_core_g175452            | B0 v -> Y v | AO21X1  | 0.024 |   0.278 |    0.020 | 
     | picorv32_core_irq_pending_reg[3] | D v         | DFFHQX1 | 0.000 |   0.278 |    0.020 | 
     +---------------------------------------------------------------------------------------+ 
Path 35: MET Hold Check with Pin picorv32_core_irq_pending_reg[13]/CK 
Endpoint:   picorv32_core_irq_pending_reg[13]/D (v) checked with  leading edge 
of 'clk'
Beginpoint: irq[13]                             (v) triggered by  leading edge 
of 'clk'
Path Groups: {in2reg}
Analysis View: analysis1
Other End Arrival Time         -0.002
+ Hold                          0.001
+ Phase Shift                   0.000
+ Uncertainty                   0.020
= Required Time                 0.019
  Arrival Time                  0.278
  Slack Time                    0.259
     Clock Rise Edge                      0.000
     + Input Delay                        0.250
     + Drive Adjustment                   0.004
     = Beginpoint Arrival Time            0.254
     +----------------------------------------------------------------------------------------+ 
     |             Instance              |     Arc     |  Cell   | Delay | Arrival | Required | 
     |                                   |             |         |       |  Time   |   Time   | 
     |-----------------------------------+-------------+---------+-------+---------+----------| 
     |                                   | irq[13] v   |         |       |   0.254 |   -0.004 | 
     | picorv32_core_g175462             | B0 v -> Y v | AO21X1  | 0.024 |   0.278 |    0.019 | 
     | picorv32_core_irq_pending_reg[13] | D v         | DFFHQX1 | 0.000 |   0.278 |    0.019 | 
     +----------------------------------------------------------------------------------------+ 
Path 36: MET Hold Check with Pin picorv32_core_irq_pending_reg[12]/CK 
Endpoint:   picorv32_core_irq_pending_reg[12]/D (v) checked with  leading edge 
of 'clk'
Beginpoint: irq[12]                             (v) triggered by  leading edge 
of 'clk'
Path Groups: {in2reg}
Analysis View: analysis1
Other End Arrival Time         -0.002
+ Hold                          0.001
+ Phase Shift                   0.000
+ Uncertainty                   0.020
= Required Time                 0.019
  Arrival Time                  0.278
  Slack Time                    0.259
     Clock Rise Edge                      0.000
     + Input Delay                        0.250
     + Drive Adjustment                   0.004
     = Beginpoint Arrival Time            0.254
     +----------------------------------------------------------------------------------------+ 
     |             Instance              |     Arc     |  Cell   | Delay | Arrival | Required | 
     |                                   |             |         |       |  Time   |   Time   | 
     |-----------------------------------+-------------+---------+-------+---------+----------| 
     |                                   | irq[12] v   |         |       |   0.254 |   -0.005 | 
     | picorv32_core_g175461             | B0 v -> Y v | AO21X1  | 0.024 |   0.278 |    0.019 | 
     | picorv32_core_irq_pending_reg[12] | D v         | DFFHQX1 | 0.000 |   0.278 |    0.019 | 
     +----------------------------------------------------------------------------------------+ 
Path 37: MET Hold Check with Pin picorv32_core_irq_pending_reg[8]/CK 
Endpoint:   picorv32_core_irq_pending_reg[8]/D (v) checked with  leading edge 
of 'clk'
Beginpoint: irq[8]                             (v) triggered by  leading edge 
of 'clk'
Path Groups: {in2reg}
Analysis View: analysis1
Other End Arrival Time         -0.002
+ Hold                          0.001
+ Phase Shift                   0.000
+ Uncertainty                   0.020
= Required Time                 0.019
  Arrival Time                  0.278
  Slack Time                    0.259
     Clock Rise Edge                      0.000
     + Input Delay                        0.250
     + Drive Adjustment                   0.004
     = Beginpoint Arrival Time            0.254
     +---------------------------------------------------------------------------------------+ 
     |             Instance             |     Arc     |  Cell   | Delay | Arrival | Required | 
     |                                  |             |         |       |  Time   |   Time   | 
     |----------------------------------+-------------+---------+-------+---------+----------| 
     |                                  | irq[8] v    |         |       |   0.254 |   -0.005 | 
     | picorv32_core_g175457            | B0 v -> Y v | AO21X1  | 0.024 |   0.278 |    0.019 | 
     | picorv32_core_irq_pending_reg[8] | D v         | DFFHQX1 | 0.000 |   0.278 |    0.019 | 
     +---------------------------------------------------------------------------------------+ 
Path 38: MET Hold Check with Pin picorv32_core_irq_pending_reg[14]/CK 
Endpoint:   picorv32_core_irq_pending_reg[14]/D (v) checked with  leading edge 
of 'clk'
Beginpoint: irq[14]                             (v) triggered by  leading edge 
of 'clk'
Path Groups: {in2reg}
Analysis View: analysis1
Other End Arrival Time         -0.002
+ Hold                          0.001
+ Phase Shift                   0.000
+ Uncertainty                   0.020
= Required Time                 0.019
  Arrival Time                  0.279
  Slack Time                    0.259
     Clock Rise Edge                      0.000
     + Input Delay                        0.250
     + Drive Adjustment                   0.004
     = Beginpoint Arrival Time            0.254
     +----------------------------------------------------------------------------------------+ 
     |             Instance              |     Arc     |  Cell   | Delay | Arrival | Required | 
     |                                   |             |         |       |  Time   |   Time   | 
     |-----------------------------------+-------------+---------+-------+---------+----------| 
     |                                   | irq[14] v   |         |       |   0.254 |   -0.005 | 
     | picorv32_core_g175463             | B0 v -> Y v | AO21X1  | 0.024 |   0.279 |    0.019 | 
     | picorv32_core_irq_pending_reg[14] | D v         | DFFHQX1 | 0.000 |   0.279 |    0.019 | 
     +----------------------------------------------------------------------------------------+ 
Path 39: MET Hold Check with Pin picorv32_core_irq_pending_reg[7]/CK 
Endpoint:   picorv32_core_irq_pending_reg[7]/D (v) checked with  leading edge 
of 'clk'
Beginpoint: irq[7]                             (v) triggered by  leading edge 
of 'clk'
Path Groups: {in2reg}
Analysis View: analysis1
Other End Arrival Time         -0.002
+ Hold                          0.001
+ Phase Shift                   0.000
+ Uncertainty                   0.020
= Required Time                 0.019
  Arrival Time                  0.278
  Slack Time                    0.259
     Clock Rise Edge                      0.000
     + Input Delay                        0.250
     + Drive Adjustment                   0.004
     = Beginpoint Arrival Time            0.254
     +---------------------------------------------------------------------------------------+ 
     |             Instance             |     Arc     |  Cell   | Delay | Arrival | Required | 
     |                                  |             |         |       |  Time   |   Time   | 
     |----------------------------------+-------------+---------+-------+---------+----------| 
     |                                  | irq[7] v    |         |       |   0.254 |   -0.005 | 
     | picorv32_core_g175456            | B0 v -> Y v | AO21X1  | 0.024 |   0.278 |    0.019 | 
     | picorv32_core_irq_pending_reg[7] | D v         | DFFHQX1 | 0.000 |   0.278 |    0.019 | 
     +---------------------------------------------------------------------------------------+ 
Path 40: MET Hold Check with Pin picorv32_core_irq_pending_reg[11]/CK 
Endpoint:   picorv32_core_irq_pending_reg[11]/D (v) checked with  leading edge 
of 'clk'
Beginpoint: irq[11]                             (v) triggered by  leading edge 
of 'clk'
Path Groups: {in2reg}
Analysis View: analysis1
Other End Arrival Time         -0.002
+ Hold                          0.001
+ Phase Shift                   0.000
+ Uncertainty                   0.020
= Required Time                 0.019
  Arrival Time                  0.279
  Slack Time                    0.259
     Clock Rise Edge                      0.000
     + Input Delay                        0.250
     + Drive Adjustment                   0.004
     = Beginpoint Arrival Time            0.254
     +----------------------------------------------------------------------------------------+ 
     |             Instance              |     Arc     |  Cell   | Delay | Arrival | Required | 
     |                                   |             |         |       |  Time   |   Time   | 
     |-----------------------------------+-------------+---------+-------+---------+----------| 
     |                                   | irq[11] v   |         |       |   0.254 |   -0.005 | 
     | picorv32_core_g175460             | B0 v -> Y v | AO21X1  | 0.024 |   0.279 |    0.019 | 
     | picorv32_core_irq_pending_reg[11] | D v         | DFFHQX1 | 0.000 |   0.279 |    0.019 | 
     +----------------------------------------------------------------------------------------+ 
Path 41: MET Hold Check with Pin picorv32_core_irq_pending_reg[31]/CK 
Endpoint:   picorv32_core_irq_pending_reg[31]/D (v) checked with  leading edge 
of 'clk'
Beginpoint: irq[31]                             (v) triggered by  leading edge 
of 'clk'
Path Groups: {in2reg}
Analysis View: analysis1
Other End Arrival Time         -0.001
+ Hold                          0.002
+ Phase Shift                   0.000
+ Uncertainty                   0.020
= Required Time                 0.020
  Arrival Time                  0.280
  Slack Time                    0.259
     Clock Rise Edge                      0.000
     + Input Delay                        0.250
     + Drive Adjustment                   0.005
     = Beginpoint Arrival Time            0.255
     +----------------------------------------------------------------------------------------+ 
     |             Instance              |     Arc     |  Cell   | Delay | Arrival | Required | 
     |                                   |             |         |       |  Time   |   Time   | 
     |-----------------------------------+-------------+---------+-------+---------+----------| 
     |                                   | irq[31] v   |         |       |   0.255 |   -0.004 | 
     | picorv32_core_g175480             | B0 v -> Y v | AO21X1  | 0.025 |   0.280 |    0.020 | 
     | picorv32_core_irq_pending_reg[31] | D v         | DFFHQX1 | 0.000 |   0.280 |    0.020 | 
     +----------------------------------------------------------------------------------------+ 
Path 42: MET Hold Check with Pin picorv32_core_irq_pending_reg[6]/CK 
Endpoint:   picorv32_core_irq_pending_reg[6]/D (v) checked with  leading edge 
of 'clk'
Beginpoint: irq[6]                             (v) triggered by  leading edge 
of 'clk'
Path Groups: {in2reg}
Analysis View: analysis1
Other End Arrival Time         -0.002
+ Hold                          0.001
+ Phase Shift                   0.000
+ Uncertainty                   0.020
= Required Time                 0.019
  Arrival Time                  0.279
  Slack Time                    0.259
     Clock Rise Edge                      0.000
     + Input Delay                        0.250
     + Drive Adjustment                   0.004
     = Beginpoint Arrival Time            0.254
     +---------------------------------------------------------------------------------------+ 
     |             Instance             |     Arc     |  Cell   | Delay | Arrival | Required | 
     |                                  |             |         |       |  Time   |   Time   | 
     |----------------------------------+-------------+---------+-------+---------+----------| 
     |                                  | irq[6] v    |         |       |   0.254 |   -0.005 | 
     | picorv32_core_g175455            | B0 v -> Y v | AO21X1  | 0.024 |   0.279 |    0.019 | 
     | picorv32_core_irq_pending_reg[6] | D v         | DFFHQX1 | 0.000 |   0.279 |    0.019 | 
     +---------------------------------------------------------------------------------------+ 
Path 43: MET Hold Check with Pin picorv32_core_irq_pending_reg[15]/CK 
Endpoint:   picorv32_core_irq_pending_reg[15]/D (v) checked with  leading edge 
of 'clk'
Beginpoint: irq[15]                             (v) triggered by  leading edge 
of 'clk'
Path Groups: {in2reg}
Analysis View: analysis1
Other End Arrival Time         -0.002
+ Hold                          0.001
+ Phase Shift                   0.000
+ Uncertainty                   0.020
= Required Time                 0.019
  Arrival Time                  0.279
  Slack Time                    0.259
     Clock Rise Edge                      0.000
     + Input Delay                        0.250
     + Drive Adjustment                   0.004
     = Beginpoint Arrival Time            0.254
     +----------------------------------------------------------------------------------------+ 
     |             Instance              |     Arc     |  Cell   | Delay | Arrival | Required | 
     |                                   |             |         |       |  Time   |   Time   | 
     |-----------------------------------+-------------+---------+-------+---------+----------| 
     |                                   | irq[15] v   |         |       |   0.254 |   -0.005 | 
     | picorv32_core_g175464             | B0 v -> Y v | AO21X1  | 0.024 |   0.279 |    0.019 | 
     | picorv32_core_irq_pending_reg[15] | D v         | DFFHQX1 | 0.000 |   0.279 |    0.019 | 
     +----------------------------------------------------------------------------------------+ 
Path 44: MET Hold Check with Pin picorv32_core_irq_pending_reg[9]/CK 
Endpoint:   picorv32_core_irq_pending_reg[9]/D (v) checked with  leading edge 
of 'clk'
Beginpoint: irq[9]                             (v) triggered by  leading edge 
of 'clk'
Path Groups: {in2reg}
Analysis View: analysis1
Other End Arrival Time         -0.002
+ Hold                          0.001
+ Phase Shift                   0.000
+ Uncertainty                   0.020
= Required Time                 0.019
  Arrival Time                  0.279
  Slack Time                    0.260
     Clock Rise Edge                      0.000
     + Input Delay                        0.250
     + Drive Adjustment                   0.004
     = Beginpoint Arrival Time            0.254
     +---------------------------------------------------------------------------------------+ 
     |             Instance             |     Arc     |  Cell   | Delay | Arrival | Required | 
     |                                  |             |         |       |  Time   |   Time   | 
     |----------------------------------+-------------+---------+-------+---------+----------| 
     |                                  | irq[9] v    |         |       |   0.254 |   -0.005 | 
     | picorv32_core_g175458            | B0 v -> Y v | AO21X1  | 0.025 |   0.279 |    0.019 | 
     | picorv32_core_irq_pending_reg[9] | D v         | DFFHQX1 | 0.000 |   0.279 |    0.019 | 
     +---------------------------------------------------------------------------------------+ 
Path 45: MET Hold Check with Pin picorv32_core_irq_pending_reg[5]/CK 
Endpoint:   picorv32_core_irq_pending_reg[5]/D (v) checked with  leading edge 
of 'clk'
Beginpoint: irq[5]                             (v) triggered by  leading edge 
of 'clk'
Path Groups: {in2reg}
Analysis View: analysis1
Other End Arrival Time         -0.002
+ Hold                          0.001
+ Phase Shift                   0.000
+ Uncertainty                   0.020
= Required Time                 0.019
  Arrival Time                  0.279
  Slack Time                    0.260
     Clock Rise Edge                      0.000
     + Input Delay                        0.250
     + Drive Adjustment                   0.004
     = Beginpoint Arrival Time            0.254
     +---------------------------------------------------------------------------------------+ 
     |             Instance             |     Arc     |  Cell   | Delay | Arrival | Required | 
     |                                  |             |         |       |  Time   |   Time   | 
     |----------------------------------+-------------+---------+-------+---------+----------| 
     |                                  | irq[5] v    |         |       |   0.254 |   -0.006 | 
     | picorv32_core_g175454            | B0 v -> Y v | AO21X1  | 0.025 |   0.279 |    0.019 | 
     | picorv32_core_irq_pending_reg[5] | D v         | DFFHQX1 | 0.000 |   0.279 |    0.019 | 
     +---------------------------------------------------------------------------------------+ 
Path 46: MET Hold Check with Pin picorv32_core_irq_pending_reg[25]/CK 
Endpoint:   picorv32_core_irq_pending_reg[25]/D (v) checked with  leading edge 
of 'clk'
Beginpoint: irq[25]                             (v) triggered by  leading edge 
of 'clk'
Path Groups: {in2reg}
Analysis View: analysis1
Other End Arrival Time         -0.001
+ Hold                          0.001
+ Phase Shift                   0.000
+ Uncertainty                   0.020
= Required Time                 0.020
  Arrival Time                  0.280
  Slack Time                    0.260
     Clock Rise Edge                      0.000
     + Input Delay                        0.250
     + Drive Adjustment                   0.005
     = Beginpoint Arrival Time            0.255
     +----------------------------------------------------------------------------------------+ 
     |             Instance              |     Arc     |  Cell   | Delay | Arrival | Required | 
     |                                   |             |         |       |  Time   |   Time   | 
     |-----------------------------------+-------------+---------+-------+---------+----------| 
     |                                   | irq[25] v   |         |       |   0.255 |   -0.005 | 
     | picorv32_core_g175474             | B0 v -> Y v | AO21X1  | 0.025 |   0.280 |    0.020 | 
     | picorv32_core_irq_pending_reg[25] | D v         | DFFHQX1 | 0.000 |   0.280 |    0.020 | 
     +----------------------------------------------------------------------------------------+ 
Path 47: MET Hold Check with Pin picorv32_core_irq_pending_reg[28]/CK 
Endpoint:   picorv32_core_irq_pending_reg[28]/D (v) checked with  leading edge 
of 'clk'
Beginpoint: irq[28]                             (v) triggered by  leading edge 
of 'clk'
Path Groups: {in2reg}
Analysis View: analysis1
Other End Arrival Time         -0.002
+ Hold                          0.001
+ Phase Shift                   0.000
+ Uncertainty                   0.020
= Required Time                 0.020
  Arrival Time                  0.280
  Slack Time                    0.260
     Clock Rise Edge                      0.000
     + Input Delay                        0.250
     + Drive Adjustment                   0.006
     = Beginpoint Arrival Time            0.256
     +----------------------------------------------------------------------------------------+ 
     |             Instance              |     Arc     |  Cell   | Delay | Arrival | Required | 
     |                                   |             |         |       |  Time   |   Time   | 
     |-----------------------------------+-------------+---------+-------+---------+----------| 
     |                                   | irq[28] v   |         |       |   0.256 |   -0.005 | 
     | picorv32_core_g175477             | B0 v -> Y v | AO21X1  | 0.024 |   0.280 |    0.020 | 
     | picorv32_core_irq_pending_reg[28] | D v         | DFFHQX1 | 0.000 |   0.280 |    0.020 | 
     +----------------------------------------------------------------------------------------+ 
Path 48: MET Hold Check with Pin picorv32_core_irq_pending_reg[26]/CK 
Endpoint:   picorv32_core_irq_pending_reg[26]/D (v) checked with  leading edge 
of 'clk'
Beginpoint: irq[26]                             (v) triggered by  leading edge 
of 'clk'
Path Groups: {in2reg}
Analysis View: analysis1
Other End Arrival Time         -0.001
+ Hold                          0.001
+ Phase Shift                   0.000
+ Uncertainty                   0.020
= Required Time                 0.020
  Arrival Time                  0.280
  Slack Time                    0.260
     Clock Rise Edge                      0.000
     + Input Delay                        0.250
     + Drive Adjustment                   0.005
     = Beginpoint Arrival Time            0.255
     +----------------------------------------------------------------------------------------+ 
     |             Instance              |     Arc     |  Cell   | Delay | Arrival | Required | 
     |                                   |             |         |       |  Time   |   Time   | 
     |-----------------------------------+-------------+---------+-------+---------+----------| 
     |                                   | irq[26] v   |         |       |   0.255 |   -0.005 | 
     | picorv32_core_g175475             | B0 v -> Y v | AO21X1  | 0.025 |   0.280 |    0.020 | 
     | picorv32_core_irq_pending_reg[26] | D v         | DFFHQX1 | 0.000 |   0.280 |    0.020 | 
     +----------------------------------------------------------------------------------------+ 
Path 49: MET Hold Check with Pin picorv32_core_irq_pending_reg[29]/CK 
Endpoint:   picorv32_core_irq_pending_reg[29]/D (v) checked with  leading edge 
of 'clk'
Beginpoint: irq[29]                             (v) triggered by  leading edge 
of 'clk'
Path Groups: {in2reg}
Analysis View: analysis1
Other End Arrival Time         -0.002
+ Hold                          0.001
+ Phase Shift                   0.000
+ Uncertainty                   0.020
= Required Time                 0.020
  Arrival Time                  0.280
  Slack Time                    0.260
     Clock Rise Edge                      0.000
     + Input Delay                        0.250
     + Drive Adjustment                   0.005
     = Beginpoint Arrival Time            0.255
     +----------------------------------------------------------------------------------------+ 
     |             Instance              |     Arc     |  Cell   | Delay | Arrival | Required | 
     |                                   |             |         |       |  Time   |   Time   | 
     |-----------------------------------+-------------+---------+-------+---------+----------| 
     |                                   | irq[29] v   |         |       |   0.255 |   -0.005 | 
     | picorv32_core_g175478             | B0 v -> Y v | AO21X1  | 0.025 |   0.280 |    0.020 | 
     | picorv32_core_irq_pending_reg[29] | D v         | DFFHQX1 | 0.000 |   0.280 |    0.020 | 
     +----------------------------------------------------------------------------------------+ 
Path 50: MET Hold Check with Pin picorv32_core_irq_pending_reg[30]/CK 
Endpoint:   picorv32_core_irq_pending_reg[30]/D (v) checked with  leading edge 
of 'clk'
Beginpoint: irq[30]                             (v) triggered by  leading edge 
of 'clk'
Path Groups: {in2reg}
Analysis View: analysis1
Other End Arrival Time         -0.002
+ Hold                          0.001
+ Phase Shift                   0.000
+ Uncertainty                   0.020
= Required Time                 0.020
  Arrival Time                  0.280
  Slack Time                    0.260
     Clock Rise Edge                      0.000
     + Input Delay                        0.250
     + Drive Adjustment                   0.006
     = Beginpoint Arrival Time            0.256
     +----------------------------------------------------------------------------------------+ 
     |             Instance              |     Arc     |  Cell   | Delay | Arrival | Required | 
     |                                   |             |         |       |  Time   |   Time   | 
     |-----------------------------------+-------------+---------+-------+---------+----------| 
     |                                   | irq[30] v   |         |       |   0.256 |   -0.005 | 
     | picorv32_core_g175479             | B0 v -> Y v | AO21X1  | 0.025 |   0.280 |    0.020 | 
     | picorv32_core_irq_pending_reg[30] | D v         | DFFHQX1 | 0.000 |   0.280 |    0.020 | 
     +----------------------------------------------------------------------------------------+ 

