Using Power View: analysis1.
AAE_INFO: opIsDesignInPostRouteState() is 1
AAE_INFO: deleting AAE DB due to opIsDesignInPostRouteState() is changed ...
AAE DB initialization (MEM=2360.09 CPU=0:00:00.0 REAL=0:00:00.0) 
#################################################################################
# Design Stage: PostRoute
# Design Name: picorv32_wb
# Design Mode: 90nm
# Analysis Mode: MMMC Non-OCV 
# Parasitics Mode: No SPEF/RCDB 
# Signoff Settings: SI Off 
#################################################################################
Extraction called for design 'picorv32_wb' of instances=10411 and nets=11519 using extraction engine 'preRoute' .
**WARN: (IMPEXT-3530):	The process node is not set. Use the command setDesignMode -process <process node> prior to extraction for maximum accuracy and optimal automatic threshold setting.
Type 'man IMPEXT-3530' for more detail.
PreRoute RC Extraction called for design picorv32_wb.
RC Extraction called in multi-corner(1) mode.
RCMode: PreRoute
      RC Corner Indexes            0   
Capacitance Scaling Factor   : 1.00000 
Resistance Scaling Factor    : 1.00000 
Clock Cap. Scaling Factor    : 1.00000 
Clock Res. Scaling Factor    : 1.00000 
Shrink Factor                : 1.00000
PreRoute extraction is honoring NDR/Shielding/ExtraSpace for clock nets.
Using Quantus QRC technology file ...
Updating RC grid for preRoute extraction ...
Initializing multi-corner resistance tables ...
PreRoute RC Extraction DONE (CPU Time: 0:00:00.4  Real Time: 0:00:00.0  MEM: 2356.094M)
Calculate delays in Single mode...
Start delay calculation (fullDC) (1 T). (MEM=2361.87)
siFlow : Timing analysis mode is single, using late cdB files
Total number of fetched objects 11418
AAE_INFO: Total number of nets for which stage creation was skipped for all views 0
End delay calculation. (MEM=2405.82 CPU=0:00:02.3 REAL=0:00:02.0)
End delay calculation (fullDC). (MEM=2405.82 CPU=0:00:03.2 REAL=0:00:03.0)

Begin Power Analysis

             0V	    VSS
          1.32V	    VDD

Begin Processing Timing Library for Power Calculation

Begin Processing Timing Library for Power Calculation



Begin Processing Power Net/Grid for Power Calculation

Ended Processing Power Net/Grid for Power Calculation: (cpu=0:00:00, real=0:00:00, mem(process/total/peak)=2201.07MB/3694.34MB/2316.81MB)

Begin Processing Timing Window Data for Power Calculation

CK: assigning clock clk to net wb_clk_i
Ended Processing Timing Window Data for Power Calculation: (cpu=0:00:00, real=0:00:00, mem(process/total/peak)=2201.07MB/3694.34MB/2316.81MB)

Begin Processing User Attributes

Ended Processing User Attributes: (cpu=0:00:00, real=0:00:00, mem(process/total/peak)=2201.07MB/3694.34MB/2316.81MB)

Begin Processing Signal Activity


Starting Levelizing
2025-Nov-28 21:13:01 (2025-Nov-28 19:13:01 GMT)
2025-Nov-28 21:13:01 (2025-Nov-28 19:13:01 GMT): 10%
2025-Nov-28 21:13:01 (2025-Nov-28 19:13:01 GMT): 20%
2025-Nov-28 21:13:01 (2025-Nov-28 19:13:01 GMT): 30%
2025-Nov-28 21:13:01 (2025-Nov-28 19:13:01 GMT): 40%
2025-Nov-28 21:13:01 (2025-Nov-28 19:13:01 GMT): 50%
2025-Nov-28 21:13:01 (2025-Nov-28 19:13:01 GMT): 60%
2025-Nov-28 21:13:01 (2025-Nov-28 19:13:01 GMT): 70%
2025-Nov-28 21:13:01 (2025-Nov-28 19:13:01 GMT): 80%
2025-Nov-28 21:13:01 (2025-Nov-28 19:13:01 GMT): 90%

Finished Levelizing
2025-Nov-28 21:13:01 (2025-Nov-28 19:13:01 GMT)

Starting Activity Propagation
2025-Nov-28 21:13:02 (2025-Nov-28 19:13:02 GMT)
2025-Nov-28 21:13:02 (2025-Nov-28 19:13:02 GMT): 10%
2025-Nov-28 21:13:02 (2025-Nov-28 19:13:02 GMT): 20%

Finished Activity Propagation
2025-Nov-28 21:13:02 (2025-Nov-28 19:13:02 GMT)
Ended Processing Signal Activity: (cpu=0:00:00, real=0:00:00, mem(process/total/peak)=2201.44MB/3694.34MB/2316.81MB)

Begin Power Computation

      ----------------------------------------------------------
      # of cell(s) missing both power/leakage table: 0
      # of cell(s) missing power table: 0
      # of cell(s) missing leakage table: 0
      ----------------------------------------------------------



Starting Calculating power
2025-Nov-28 21:13:02 (2025-Nov-28 19:13:02 GMT)
 ... Calculating switching power
2025-Nov-28 21:13:02 (2025-Nov-28 19:13:02 GMT): 10%
2025-Nov-28 21:13:02 (2025-Nov-28 19:13:02 GMT): 20%
2025-Nov-28 21:13:02 (2025-Nov-28 19:13:02 GMT): 30%
2025-Nov-28 21:13:02 (2025-Nov-28 19:13:02 GMT): 40%
2025-Nov-28 21:13:02 (2025-Nov-28 19:13:02 GMT): 50%
 ... Calculating internal and leakage power
2025-Nov-28 21:13:02 (2025-Nov-28 19:13:02 GMT): 60%
2025-Nov-28 21:13:03 (2025-Nov-28 19:13:03 GMT): 70%
2025-Nov-28 21:13:03 (2025-Nov-28 19:13:03 GMT): 80%
2025-Nov-28 21:13:03 (2025-Nov-28 19:13:03 GMT): 90%

Finished Calculating power
2025-Nov-28 21:13:03 (2025-Nov-28 19:13:03 GMT)
      # of MSMV cell(s) missing power_level: 0
Ended Power Computation: (cpu=0:00:01, real=0:00:01, mem(process/total/peak)=2202.19MB/3702.34MB/2316.81MB)

Begin Processing User Attributes

Ended Processing User Attributes: (cpu=0:00:00, real=0:00:00, mem(process/total/peak)=2202.19MB/3702.34MB/2316.81MB)

Ended Power Analysis: (cpu=0:00:02, real=0:00:02, mem(process/total/peak)=2202.19MB/3702.34MB/2316.81MB)

Begin Boundary Leakage Calculation
Ended Boundary Leakage Calculation: (cpu=0:00:00, real=0:00:00,
mem(process/total/peak)=2202.19MB/3702.34MB/2316.81MB)
Begin Static Power Report Generation
*----------------------------------------------------------------------------------------
*	Innovus 21.35-s114_1 (64bit) 10/13/2022 12:11 (Linux 3.10.0-693.el7.x86_64)
*	
*
* 	Date & Time:	2025-Nov-28 21:13:03 (2025-Nov-28 19:13:03 GMT)
*
*----------------------------------------------------------------------------------------
*
*	Design: picorv32_wb
*
*	Liberty Libraries used:
*	        analysis1: /mnt/apps/prebuilt/eda/designkits/GPDK/gsclib045/lan/flow/t1u1/reference_libs/GPDK045/gsclib045_svt_v4.4/gsclib045/timing/fast_vdd1v2_basicCells.lib
*
*	Parasitic Files used:
*
*       Power View : analysis1
*
*       User-Defined Activity : N.A.
*
*       Activity File: N.A.
*
*       Hierarchical Global Activity: N.A.
*
*       Global Activity: N.A.
*
*       Sequential Element Activity: 0.200000
*
*       Primary Input Activity: 0.200000
*
*       Default icg ratio: N.A.
*
*       Global Comb ClockGate Ratio: N.A.
*
*	Power Units = 1mW
*
*	Time Units = 1e-09 secs
*
*       report_power
*
-----------------------------------------------------------------------------------------
*



Total Power
-----------------------------------------------------------------------------------------
Total Internal Power:        8.21769607 	   51.7754%
Total Switching Power:       7.64967052 	   48.1966%
Total Leakage Power:         0.00444426 	    0.0280%
Total Power:                15.87181086
-----------------------------------------------------------------------------------------


Group                           Internal   Switching     Leakage       Total  Percentage 
                                Power      Power         Power         Power  (%)        
-----------------------------------------------------------------------------------------
Sequential                         5.572       0.797    0.001924       6.371       40.14
Macro                                  0           0           0           0           0
IO                                     0           0           0           0           0
Combinational                      1.926       5.503    0.002429       7.432       46.82
Clock (Combinational)               0.72       1.349   9.105e-05       2.069       13.04
Clock (Sequential)                     0           0           0           0           0
-----------------------------------------------------------------------------------------
Total                              8.218        7.65    0.004444       15.87         100
-----------------------------------------------------------------------------------------


Rail                  Voltage   Internal   Switching     Leakage       Total  Percentage 
                                Power      Power         Power         Power  (%)        
-----------------------------------------------------------------------------------------
VDD                      1.32      8.218        7.65    0.004444       15.87         100


Clock                           Internal   Switching     Leakage       Total  Percentage 
                                Power      Power         Power         Power  (%)        
-----------------------------------------------------------------------------------------
clk                                 0.72       1.349   9.105e-05       2.069       13.04
-----------------------------------------------------------------------------------------
Total                               0.72       1.349   9.105e-05       2.069       13.04
-----------------------------------------------------------------------------------------
Clock: clk
Clock Period: 0.002500 usec 
Clock Toggle Rate:   800.0000 Mhz 
Clock Static Probability:  0.5000
  
 
 
-----------------------------------------------------------------------------------------
*	Power Distribution Summary: 
*              Highest Average Power:       CTS_ccl_a_buf_00009 (CLKBUFX20):          0.05254
*              Highest Leakage Power:       CTS_ccl_a_buf_00037 (CLKBUFX20):         2.21e-06
*                Total Cap:      8.92676e-11 F
*                Total instances in design: 10411
*                Total instances in design with no power:     0
*                Total instances in design with no activty:     0

*                Total Fillers and Decap:     0
-----------------------------------------------------------------------------------------
 
** INFO:  (VOLTUS_POWR-3465): There are 0 decaps and 0 fillers in the design

Ended Static Power Report Generation: (cpu=0:00:00, real=0:00:00,
mem(process/total/peak)=2204.44MB/3702.34MB/2316.81MB)

