###############################################################
#  Generated by:      Cadence Innovus 21.35-s114_1
#  OS:                Linux x86_64(Host ID cn92.it.auth.gr)
#  Generated on:      Fri Nov 28 21:13:08 2025
#  Design:            picorv32_wb
#  Command:           report_timing -path_group reg2out -check_type setup -max_paths 50 > reports/postRouting/setup_reg2out.rpt
###############################################################
Path 1: MET Late External Delay Assertion 
Endpoint:   pcpi_rs2[0]                    (v) checked with  leading edge of 
'clk'
Beginpoint: picorv32_core_reg_op2_reg[0]/Q (v) triggered by  leading edge of 
'clk'
Path Groups: {reg2out}
Analysis View: analysis1
Other End Arrival Time          0.000
- External Delay                0.500
+ Phase Shift                   2.500
- Uncertainty                   0.020
= Required Time                 1.980
- Arrival Time                  0.365
= Slack Time                    1.615
     Clock Rise Edge                 0.000
     + Clock Network Latency (Prop)  -0.001
     = Beginpoint Arrival Time       -0.001
     +--------------------------------------------------------------------------------------+ 
     |           Instance           |      Arc      |   Cell   | Delay | Arrival | Required | 
     |                              |               |          |       |  Time   |   Time   | 
     |------------------------------+---------------+----------+-------+---------+----------| 
     | picorv32_core_reg_op2_reg[0] | CK ^          |          |       |  -0.001 |    1.614 | 
     | picorv32_core_reg_op2_reg[0] | CK ^ -> Q v   | DFFHQX1  | 0.074 |   0.073 |    1.688 | 
     | FE_OFC657_pcpi_rs2_0         | A v -> Y v    | BUFX2    | 0.113 |   0.186 |    1.801 | 
     | FE_OFC592_pcpi_rs2_0         | A v -> Y v    | CLKBUFX8 | 0.163 |   0.349 |    1.964 | 
     |                              | pcpi_rs2[0] v |          | 0.016 |   0.365 |    1.980 | 
     +--------------------------------------------------------------------------------------+ 
Path 2: MET Late External Delay Assertion 
Endpoint:   pcpi_rs2[1]                    (v) checked with  leading edge of 
'clk'
Beginpoint: picorv32_core_reg_op2_reg[1]/Q (v) triggered by  leading edge of 
'clk'
Path Groups: {reg2out}
Analysis View: analysis1
Other End Arrival Time          0.000
- External Delay                0.500
+ Phase Shift                   2.500
- Uncertainty                   0.020
= Required Time                 1.980
- Arrival Time                  0.341
= Slack Time                    1.639
     Clock Rise Edge                 0.000
     + Clock Network Latency (Prop)  -0.001
     = Beginpoint Arrival Time       -0.001
     +--------------------------------------------------------------------------------------+ 
     |           Instance           |      Arc      |   Cell   | Delay | Arrival | Required | 
     |                              |               |          |       |  Time   |   Time   | 
     |------------------------------+---------------+----------+-------+---------+----------| 
     | picorv32_core_reg_op2_reg[1] | CK ^          |          |       |  -0.001 |    1.639 | 
     | picorv32_core_reg_op2_reg[1] | CK ^ -> Q v   | DFFHQX1  | 0.133 |   0.132 |    1.771 | 
     | FE_OFC720_pcpi_rs2_1         | A v -> Y ^    | INVX1    | 0.057 |   0.189 |    1.829 | 
     | FE_OFC377_pcpi_rs2_1         | A ^ -> Y v    | CLKINVX8 | 0.140 |   0.329 |    1.968 | 
     |                              | pcpi_rs2[1] v |          | 0.012 |   0.341 |    1.980 | 
     +--------------------------------------------------------------------------------------+ 
Path 3: MET Late External Delay Assertion 
Endpoint:   pcpi_rs2[25]                    (v) checked with  leading edge of 
'clk'
Beginpoint: picorv32_core_reg_op2_reg[25]/Q (v) triggered by  leading edge of 
'clk'
Path Groups: {reg2out}
Analysis View: analysis1
Other End Arrival Time          0.000
- External Delay                0.500
+ Phase Shift                   2.500
- Uncertainty                   0.020
= Required Time                 1.980
- Arrival Time                  0.332
= Slack Time                    1.648
     Clock Rise Edge                 0.000
     + Clock Network Latency (Prop)  0.001
     = Beginpoint Arrival Time       0.001
     +----------------------------------------------------------------------------------------+ 
     |           Instance            |      Arc       |   Cell   | Delay | Arrival | Required | 
     |                               |                |          |       |  Time   |   Time   | 
     |-------------------------------+----------------+----------+-------+---------+----------| 
     | picorv32_core_reg_op2_reg[25] | CK ^           |          |       |   0.001 |    1.650 | 
     | picorv32_core_reg_op2_reg[25] | CK ^ -> Q v    | DFFHQX1  | 0.125 |   0.126 |    1.774 | 
     | FE_OFC288_pcpi_rs2_25         | A v -> Y ^     | INVX1    | 0.054 |   0.180 |    1.829 | 
     | FE_OFC565_pcpi_rs2_25         | A ^ -> Y v     | CLKINVX8 | 0.137 |   0.318 |    1.966 | 
     |                               | pcpi_rs2[25] v |          | 0.014 |   0.332 |    1.980 | 
     +----------------------------------------------------------------------------------------+ 
Path 4: MET Late External Delay Assertion 
Endpoint:   pcpi_rs1[2]                    (v) checked with  leading edge of 
'clk'
Beginpoint: picorv32_core_reg_op1_reg[2]/Q (v) triggered by  leading edge of 
'clk'
Path Groups: {reg2out}
Analysis View: analysis1
Other End Arrival Time          0.000
- External Delay                0.500
+ Phase Shift                   2.500
- Uncertainty                   0.020
= Required Time                 1.980
- Arrival Time                  0.328
= Slack Time                    1.652
     Clock Rise Edge                 0.000
     + Clock Network Latency (Prop)  -0.000
     = Beginpoint Arrival Time       -0.000
     +--------------------------------------------------------------------------------------+ 
     |           Instance           |      Arc      |   Cell   | Delay | Arrival | Required | 
     |                              |               |          |       |  Time   |   Time   | 
     |------------------------------+---------------+----------+-------+---------+----------| 
     | picorv32_core_reg_op1_reg[2] | CK ^          |          |       |  -0.000 |    1.651 | 
     | picorv32_core_reg_op1_reg[2] | CK ^ -> Q v   | DFFX1    | 0.110 |   0.110 |    1.762 | 
     | FE_OFC260_pcpi_rs1_2         | A v -> Y ^    | INVXL    | 0.063 |   0.172 |    1.824 | 
     | FE_OFC555_pcpi_rs1_2         | A ^ -> Y v    | CLKINVX8 | 0.139 |   0.312 |    1.964 | 
     |                              | pcpi_rs1[2] v |          | 0.016 |   0.328 |    1.980 | 
     +--------------------------------------------------------------------------------------+ 
Path 5: MET Late External Delay Assertion 
Endpoint:   pcpi_rs1[1]                    (v) checked with  leading edge of 
'clk'
Beginpoint: picorv32_core_reg_op1_reg[1]/Q (v) triggered by  leading edge of 
'clk'
Path Groups: {reg2out}
Analysis View: analysis1
Other End Arrival Time          0.000
- External Delay                0.500
+ Phase Shift                   2.500
- Uncertainty                   0.020
= Required Time                 1.980
- Arrival Time                  0.326
= Slack Time                    1.654
     Clock Rise Edge                 0.000
     + Clock Network Latency (Prop)  -0.001
     = Beginpoint Arrival Time       -0.001
     +--------------------------------------------------------------------------------------+ 
     |           Instance           |      Arc      |   Cell   | Delay | Arrival | Required | 
     |                              |               |          |       |  Time   |   Time   | 
     |------------------------------+---------------+----------+-------+---------+----------| 
     | picorv32_core_reg_op1_reg[1] | CK ^          |          |       |  -0.001 |    1.654 | 
     | picorv32_core_reg_op1_reg[1] | CK ^ -> Q v   | DFFX1    | 0.112 |   0.111 |    1.766 | 
     | FE_OFC263_pcpi_rs1_1         | A v -> Y ^    | INVXL    | 0.041 |   0.152 |    1.806 | 
     | FE_OFC264_pcpi_rs1_1         | A ^ -> Y v    | INVX1    | 0.020 |   0.171 |    1.826 | 
     | FE_OFC556_pcpi_rs1_1         | A v -> Y v    | CLKBUFX8 | 0.134 |   0.305 |    1.960 | 
     |                              | pcpi_rs1[1] v |          | 0.020 |   0.326 |    1.980 | 
     +--------------------------------------------------------------------------------------+ 
Path 6: MET Late External Delay Assertion 
Endpoint:   pcpi_rs1[14]                    (v) checked with  leading edge of 
'clk'
Beginpoint: picorv32_core_reg_op1_reg[14]/Q (v) triggered by  leading edge of 
'clk'
Path Groups: {reg2out}
Analysis View: analysis1
Other End Arrival Time          0.000
- External Delay                0.500
+ Phase Shift                   2.500
- Uncertainty                   0.020
= Required Time                 1.980
- Arrival Time                  0.324
= Slack Time                    1.656
     Clock Rise Edge                 0.000
     + Clock Network Latency (Prop)  0.000
     = Beginpoint Arrival Time       0.000
     +----------------------------------------------------------------------------------------+ 
     |           Instance            |      Arc       |   Cell   | Delay | Arrival | Required | 
     |                               |                |          |       |  Time   |   Time   | 
     |-------------------------------+----------------+----------+-------+---------+----------| 
     | picorv32_core_reg_op1_reg[14] | CK ^           |          |       |   0.000 |    1.656 | 
     | picorv32_core_reg_op1_reg[14] | CK ^ -> Q v    | DFFX1    | 0.091 |   0.091 |    1.746 | 
     | FE_OFC220_pcpi_rs1_14         | A v -> Y ^     | INVXL    | 0.035 |   0.126 |    1.782 | 
     | FE_OFC223_pcpi_rs1_14         | A ^ -> Y v     | INVX1    | 0.028 |   0.154 |    1.810 | 
     | FE_OFC547_pcpi_rs1_14         | A v -> Y ^     | INVX1    | 0.025 |   0.179 |    1.835 | 
     | FE_OFC548_pcpi_rs1_14         | A ^ -> Y v     | CLKINVX8 | 0.133 |   0.312 |    1.968 | 
     |                               | pcpi_rs1[14] v |          | 0.012 |   0.324 |    1.980 | 
     +----------------------------------------------------------------------------------------+ 
Path 7: MET Late External Delay Assertion 
Endpoint:   pcpi_rs2[12]                    (v) checked with  leading edge of 
'clk'
Beginpoint: picorv32_core_reg_op2_reg[12]/Q (v) triggered by  leading edge of 
'clk'
Path Groups: {reg2out}
Analysis View: analysis1
Other End Arrival Time          0.000
- External Delay                0.500
+ Phase Shift                   2.500
- Uncertainty                   0.020
= Required Time                 1.980
- Arrival Time                  0.324
= Slack Time                    1.656
     Clock Rise Edge                 0.000
     + Clock Network Latency (Prop)  -0.002
     = Beginpoint Arrival Time       -0.002
     +----------------------------------------------------------------------------------------+ 
     |           Instance            |      Arc       |   Cell   | Delay | Arrival | Required | 
     |                               |                |          |       |  Time   |   Time   | 
     |-------------------------------+----------------+----------+-------+---------+----------| 
     | picorv32_core_reg_op2_reg[12] | CK ^           |          |       |  -0.002 |    1.654 | 
     | picorv32_core_reg_op2_reg[12] | CK ^ -> Q v    | DFFHQX1  | 0.121 |   0.119 |    1.776 | 
     | FE_OFC334_pcpi_rs2_12         | A v -> Y ^     | INVX1    | 0.054 |   0.173 |    1.830 | 
     | FE_OFC335_pcpi_rs2_12         | A ^ -> Y v     | CLKINVX8 | 0.139 |   0.312 |    1.969 | 
     |                               | pcpi_rs2[12] v |          | 0.011 |   0.324 |    1.980 | 
     +----------------------------------------------------------------------------------------+ 
Path 8: MET Late External Delay Assertion 
Endpoint:   pcpi_rs1[11]                    (v) checked with  leading edge of 
'clk'
Beginpoint: picorv32_core_reg_op1_reg[11]/Q (v) triggered by  leading edge of 
'clk'
Path Groups: {reg2out}
Analysis View: analysis1
Other End Arrival Time          0.000
- External Delay                0.500
+ Phase Shift                   2.500
- Uncertainty                   0.020
= Required Time                 1.980
- Arrival Time                  0.322
= Slack Time                    1.658
     Clock Rise Edge                 0.000
     + Clock Network Latency (Prop)  -0.001
     = Beginpoint Arrival Time       -0.001
     +----------------------------------------------------------------------------------------+ 
     |           Instance            |      Arc       |   Cell   | Delay | Arrival | Required | 
     |                               |                |          |       |  Time   |   Time   | 
     |-------------------------------+----------------+----------+-------+---------+----------| 
     | picorv32_core_reg_op1_reg[11] | CK ^           |          |       |  -0.001 |    1.657 | 
     | picorv32_core_reg_op1_reg[11] | CK ^ -> Q v    | DFFX1    | 0.091 |   0.090 |    1.748 | 
     | FE_OFC232_pcpi_rs1_11         | A v -> Y ^     | INVXL    | 0.030 |   0.120 |    1.778 | 
     | FE_OFC234_pcpi_rs1_11         | A ^ -> Y v     | INVX1    | 0.028 |   0.149 |    1.807 | 
     | FE_OFC552_pcpi_rs1_11         | A v -> Y ^     | INVX1    | 0.027 |   0.176 |    1.834 | 
     | FE_OFC553_pcpi_rs1_11         | A ^ -> Y v     | CLKINVX8 | 0.133 |   0.309 |    1.967 | 
     |                               | pcpi_rs1[11] v |          | 0.013 |   0.322 |    1.980 | 
     +----------------------------------------------------------------------------------------+ 
Path 9: MET Late External Delay Assertion 
Endpoint:   pcpi_rs2[30]                    (v) checked with  leading edge of 
'clk'
Beginpoint: picorv32_core_reg_op2_reg[30]/Q (v) triggered by  leading edge of 
'clk'
Path Groups: {reg2out}
Analysis View: analysis1
Other End Arrival Time          0.000
- External Delay                0.500
+ Phase Shift                   2.500
- Uncertainty                   0.020
= Required Time                 1.980
- Arrival Time                  0.321
= Slack Time                    1.659
     Clock Rise Edge                 0.000
     + Clock Network Latency (Prop)  0.001
     = Beginpoint Arrival Time       0.001
     +----------------------------------------------------------------------------------------+ 
     |           Instance            |      Arc       |   Cell   | Delay | Arrival | Required | 
     |                               |                |          |       |  Time   |   Time   | 
     |-------------------------------+----------------+----------+-------+---------+----------| 
     | picorv32_core_reg_op2_reg[30] | CK ^           |          |       |   0.001 |    1.660 | 
     | picorv32_core_reg_op2_reg[30] | CK ^ -> Q v    | DFFHQX1  | 0.115 |   0.116 |    1.775 | 
     | FE_OFC644_pcpi_rs2_30         | A v -> Y ^     | INVX1    | 0.052 |   0.168 |    1.828 | 
     | FE_OFC275_pcpi_rs2_30         | A ^ -> Y v     | CLKINVX8 | 0.135 |   0.304 |    1.963 | 
     |                               | pcpi_rs2[30] v |          | 0.017 |   0.321 |    1.980 | 
     +----------------------------------------------------------------------------------------+ 
Path 10: MET Late External Delay Assertion 
Endpoint:   pcpi_rs1[12]                    (v) checked with  leading edge of 
'clk'
Beginpoint: picorv32_core_reg_op1_reg[12]/Q (v) triggered by  leading edge of 
'clk'
Path Groups: {reg2out}
Analysis View: analysis1
Other End Arrival Time          0.000
- External Delay                0.500
+ Phase Shift                   2.500
- Uncertainty                   0.020
= Required Time                 1.980
- Arrival Time                  0.320
= Slack Time                    1.660
     Clock Rise Edge                 0.000
     + Clock Network Latency (Prop)  -0.001
     = Beginpoint Arrival Time       -0.001
     +----------------------------------------------------------------------------------------+ 
     |           Instance            |      Arc       |   Cell   | Delay | Arrival | Required | 
     |                               |                |          |       |  Time   |   Time   | 
     |-------------------------------+----------------+----------+-------+---------+----------| 
     | picorv32_core_reg_op1_reg[12] | CK ^           |          |       |  -0.001 |    1.659 | 
     | picorv32_core_reg_op1_reg[12] | CK ^ -> Q v    | DFFX1    | 0.113 |   0.112 |    1.772 | 
     | FE_OFC229_pcpi_rs1_12         | A v -> Y ^     | INVXL    | 0.040 |   0.152 |    1.812 | 
     | FE_OFC231_pcpi_rs1_12         | A ^ -> Y v     | INVX1    | 0.017 |   0.170 |    1.829 | 
     | FE_OFC551_pcpi_rs1_12         | A v -> Y v     | CLKBUFX8 | 0.142 |   0.312 |    1.972 | 
     |                               | pcpi_rs1[12] v |          | 0.008 |   0.320 |    1.980 | 
     +----------------------------------------------------------------------------------------+ 
Path 11: MET Late External Delay Assertion 
Endpoint:   pcpi_rs2[2]                    (v) checked with  leading edge of 
'clk'
Beginpoint: picorv32_core_reg_op2_reg[2]/Q (v) triggered by  leading edge of 
'clk'
Path Groups: {reg2out}
Analysis View: analysis1
Other End Arrival Time          0.000
- External Delay                0.500
+ Phase Shift                   2.500
- Uncertainty                   0.020
= Required Time                 1.980
- Arrival Time                  0.318
= Slack Time                    1.662
     Clock Rise Edge                 0.000
     + Clock Network Latency (Prop)  -0.001
     = Beginpoint Arrival Time       -0.001
     +--------------------------------------------------------------------------------------+ 
     |           Instance           |      Arc      |   Cell   | Delay | Arrival | Required | 
     |                              |               |          |       |  Time   |   Time   | 
     |------------------------------+---------------+----------+-------+---------+----------| 
     | picorv32_core_reg_op2_reg[2] | CK ^          |          |       |  -0.001 |    1.661 | 
     | picorv32_core_reg_op2_reg[2] | CK ^ -> Q v   | DFFHQX1  | 0.114 |   0.113 |    1.775 | 
     | FE_OFC677_pcpi_rs2_2         | A v -> Y ^    | INVX1    | 0.052 |   0.165 |    1.827 | 
     | FE_OFC591_pcpi_rs2_2         | A ^ -> Y v    | CLKINVX8 | 0.137 |   0.303 |    1.965 | 
     |                              | pcpi_rs2[2] v |          | 0.015 |   0.318 |    1.980 | 
     +--------------------------------------------------------------------------------------+ 
Path 12: MET Late External Delay Assertion 
Endpoint:   pcpi_rs1[13]                    (v) checked with  leading edge of 
'clk'
Beginpoint: picorv32_core_reg_op1_reg[13]/Q (v) triggered by  leading edge of 
'clk'
Path Groups: {reg2out}
Analysis View: analysis1
Other End Arrival Time          0.000
- External Delay                0.500
+ Phase Shift                   2.500
- Uncertainty                   0.020
= Required Time                 1.980
- Arrival Time                  0.318
= Slack Time                    1.662
     Clock Rise Edge                 0.000
     + Clock Network Latency (Prop)  0.000
     = Beginpoint Arrival Time       0.000
     +----------------------------------------------------------------------------------------+ 
     |           Instance            |      Arc       |   Cell   | Delay | Arrival | Required | 
     |                               |                |          |       |  Time   |   Time   | 
     |-------------------------------+----------------+----------+-------+---------+----------| 
     | picorv32_core_reg_op1_reg[13] | CK ^           |          |       |   0.000 |    1.662 | 
     | picorv32_core_reg_op1_reg[13] | CK ^ -> Q v    | DFFX1    | 0.087 |   0.087 |    1.749 | 
     | FE_OFC224_pcpi_rs1_13         | A v -> Y ^     | INVXL    | 0.032 |   0.119 |    1.782 | 
     | FE_OFC227_pcpi_rs1_13         | A ^ -> Y v     | INVX1    | 0.029 |   0.148 |    1.811 | 
     | FE_OFC549_pcpi_rs1_13         | A v -> Y ^     | INVX1    | 0.025 |   0.173 |    1.835 | 
     | FE_OFC550_pcpi_rs1_13         | A ^ -> Y v     | CLKINVX8 | 0.132 |   0.305 |    1.967 | 
     |                               | pcpi_rs1[13] v |          | 0.013 |   0.318 |    1.980 | 
     +----------------------------------------------------------------------------------------+ 
Path 13: MET Late External Delay Assertion 
Endpoint:   pcpi_rs2[21]                    (v) checked with  leading edge of 
'clk'
Beginpoint: picorv32_core_reg_op2_reg[21]/Q (v) triggered by  leading edge of 
'clk'
Path Groups: {reg2out}
Analysis View: analysis1
Other End Arrival Time          0.000
- External Delay                0.500
+ Phase Shift                   2.500
- Uncertainty                   0.020
= Required Time                 1.980
- Arrival Time                  0.317
= Slack Time                    1.663
     Clock Rise Edge                 0.000
     + Clock Network Latency (Prop)  0.000
     = Beginpoint Arrival Time       0.000
     +----------------------------------------------------------------------------------------+ 
     |           Instance            |      Arc       |   Cell   | Delay | Arrival | Required | 
     |                               |                |          |       |  Time   |   Time   | 
     |-------------------------------+----------------+----------+-------+---------+----------| 
     | picorv32_core_reg_op2_reg[21] | CK ^           |          |       |   0.000 |    1.663 | 
     | picorv32_core_reg_op2_reg[21] | CK ^ -> Q v    | DFFHQX1  | 0.097 |   0.098 |    1.761 | 
     | FE_OFC300_pcpi_rs2_21         | A v -> Y ^     | INVXL    | 0.063 |   0.161 |    1.824 | 
     | FE_OFC573_pcpi_rs2_21         | A ^ -> Y v     | CLKINVX8 | 0.145 |   0.306 |    1.969 | 
     |                               | pcpi_rs2[21] v |          | 0.011 |   0.317 |    1.980 | 
     +----------------------------------------------------------------------------------------+ 
Path 14: MET Late External Delay Assertion 
Endpoint:   pcpi_rs2[10]                    (v) checked with  leading edge of 
'clk'
Beginpoint: picorv32_core_reg_op2_reg[10]/Q (v) triggered by  leading edge of 
'clk'
Path Groups: {reg2out}
Analysis View: analysis1
Other End Arrival Time          0.000
- External Delay                0.500
+ Phase Shift                   2.500
- Uncertainty                   0.020
= Required Time                 1.980
- Arrival Time                  0.313
= Slack Time                    1.667
     Clock Rise Edge                 0.000
     + Clock Network Latency (Prop)  -0.002
     = Beginpoint Arrival Time       -0.002
     +----------------------------------------------------------------------------------------+ 
     |           Instance            |      Arc       |   Cell   | Delay | Arrival | Required | 
     |                               |                |          |       |  Time   |   Time   | 
     |-------------------------------+----------------+----------+-------+---------+----------| 
     | picorv32_core_reg_op2_reg[10] | CK ^           |          |       |  -0.002 |    1.665 | 
     | picorv32_core_reg_op2_reg[10] | CK ^ -> Q v    | DFFHQX1  | 0.113 |   0.111 |    1.778 | 
     | FE_OFC674_pcpi_rs2_10         | A v -> Y ^     | INVX1    | 0.052 |   0.163 |    1.830 | 
     | FE_OFC340_pcpi_rs2_10         | A ^ -> Y v     | CLKINVX8 | 0.143 |   0.306 |    1.973 | 
     |                               | pcpi_rs2[10] v |          | 0.007 |   0.313 |    1.980 | 
     +----------------------------------------------------------------------------------------+ 
Path 15: MET Late External Delay Assertion 
Endpoint:   pcpi_rs1[8]                    (v) checked with  leading edge of 
'clk'
Beginpoint: picorv32_core_reg_op1_reg[8]/Q (v) triggered by  leading edge of 
'clk'
Path Groups: {reg2out}
Analysis View: analysis1
Other End Arrival Time          0.000
- External Delay                0.500
+ Phase Shift                   2.500
- Uncertainty                   0.020
= Required Time                 1.980
- Arrival Time                  0.313
= Slack Time                    1.667
     Clock Rise Edge                 0.000
     + Clock Network Latency (Prop)  -0.001
     = Beginpoint Arrival Time       -0.001
     +--------------------------------------------------------------------------------------+ 
     |           Instance           |      Arc      |   Cell   | Delay | Arrival | Required | 
     |                              |               |          |       |  Time   |   Time   | 
     |------------------------------+---------------+----------+-------+---------+----------| 
     | picorv32_core_reg_op1_reg[8] | CK ^          |          |       |  -0.001 |    1.666 | 
     | picorv32_core_reg_op1_reg[8] | CK ^ -> Q v   | DFFX1    | 0.118 |   0.117 |    1.784 | 
     | FE_OFC242_pcpi_rs1_8         | A v -> Y ^    | INVX1    | 0.048 |   0.165 |    1.832 | 
     | FE_OFC243_pcpi_rs1_8         | A ^ -> Y v    | CLKINVX8 | 0.141 |   0.306 |    1.973 | 
     |                              | pcpi_rs1[8] v |          | 0.007 |   0.313 |    1.980 | 
     +--------------------------------------------------------------------------------------+ 
Path 16: MET Late External Delay Assertion 
Endpoint:   pcpi_rs1[10]                    (v) checked with  leading edge of 
'clk'
Beginpoint: picorv32_core_reg_op1_reg[10]/Q (v) triggered by  leading edge of 
'clk'
Path Groups: {reg2out}
Analysis View: analysis1
Other End Arrival Time          0.000
- External Delay                0.500
+ Phase Shift                   2.500
- Uncertainty                   0.020
= Required Time                 1.980
- Arrival Time                  0.313
= Slack Time                    1.667
     Clock Rise Edge                 0.000
     + Clock Network Latency (Prop)  -0.001
     = Beginpoint Arrival Time       -0.001
     +----------------------------------------------------------------------------------------+ 
     |           Instance            |      Arc       |   Cell   | Delay | Arrival | Required | 
     |                               |                |          |       |  Time   |   Time   | 
     |-------------------------------+----------------+----------+-------+---------+----------| 
     | picorv32_core_reg_op1_reg[10] | CK ^           |          |       |  -0.001 |    1.666 | 
     | picorv32_core_reg_op1_reg[10] | CK ^ -> Q v    | DFFX1    | 0.118 |   0.117 |    1.784 | 
     | FE_OFC236_pcpi_rs1_10         | A v -> Y ^     | INVX1    | 0.047 |   0.164 |    1.831 | 
     | FE_OFC237_pcpi_rs1_10         | A ^ -> Y v     | CLKINVX8 | 0.138 |   0.302 |    1.969 | 
     |                               | pcpi_rs1[10] v |          | 0.011 |   0.313 |    1.980 | 
     +----------------------------------------------------------------------------------------+ 
Path 17: MET Late External Delay Assertion 
Endpoint:   pcpi_rs1[18]                    (v) checked with  leading edge of 
'clk'
Beginpoint: picorv32_core_reg_op1_reg[18]/Q (v) triggered by  leading edge of 
'clk'
Path Groups: {reg2out}
Analysis View: analysis1
Other End Arrival Time          0.000
- External Delay                0.500
+ Phase Shift                   2.500
- Uncertainty                   0.020
= Required Time                 1.980
- Arrival Time                  0.313
= Slack Time                    1.667
     Clock Rise Edge                 0.000
     + Clock Network Latency (Prop)  -0.001
     = Beginpoint Arrival Time       -0.001
     +----------------------------------------------------------------------------------------+ 
     |           Instance            |      Arc       |   Cell   | Delay | Arrival | Required | 
     |                               |                |          |       |  Time   |   Time   | 
     |-------------------------------+----------------+----------+-------+---------+----------| 
     | picorv32_core_reg_op1_reg[18] | CK ^           |          |       |  -0.001 |    1.666 | 
     | picorv32_core_reg_op1_reg[18] | CK ^ -> Q v    | DFFX1    | 0.093 |   0.092 |    1.760 | 
     | FE_OFC208_pcpi_rs1_18         | A v -> Y ^     | INVXL    | 0.030 |   0.122 |    1.790 | 
     | FE_OFC209_pcpi_rs1_18         | A ^ -> Y v     | INVXL    | 0.035 |   0.158 |    1.825 | 
     | FE_OFC544_pcpi_rs1_18         | A v -> Y v     | CLKBUFX8 | 0.147 |   0.304 |    1.972 | 
     |                               | pcpi_rs1[18] v |          | 0.008 |   0.313 |    1.980 | 
     +----------------------------------------------------------------------------------------+ 
Path 18: MET Late External Delay Assertion 
Endpoint:   pcpi_rs2[24]                    (v) checked with  leading edge of 
'clk'
Beginpoint: picorv32_core_reg_op2_reg[24]/Q (v) triggered by  leading edge of 
'clk'
Path Groups: {reg2out}
Analysis View: analysis1
Other End Arrival Time          0.000
- External Delay                0.500
+ Phase Shift                   2.500
- Uncertainty                   0.020
= Required Time                 1.980
- Arrival Time                  0.312
= Slack Time                    1.668
     Clock Rise Edge                 0.000
     + Clock Network Latency (Prop)  0.001
     = Beginpoint Arrival Time       0.001
     +----------------------------------------------------------------------------------------+ 
     |           Instance            |      Arc       |   Cell   | Delay | Arrival | Required | 
     |                               |                |          |       |  Time   |   Time   | 
     |-------------------------------+----------------+----------+-------+---------+----------| 
     | picorv32_core_reg_op2_reg[24] | CK ^           |          |       |   0.001 |    1.669 | 
     | picorv32_core_reg_op2_reg[24] | CK ^ -> Q v    | DFFHQX1  | 0.112 |   0.113 |    1.781 | 
     | FE_OFC291_pcpi_rs2_24         | A v -> Y ^     | INVX1    | 0.049 |   0.162 |    1.830 | 
     | FE_OFC567_pcpi_rs2_24         | A ^ -> Y v     | CLKINVX8 | 0.138 |   0.300 |    1.968 | 
     |                               | pcpi_rs2[24] v |          | 0.012 |   0.312 |    1.980 | 
     +----------------------------------------------------------------------------------------+ 
Path 19: MET Late External Delay Assertion 
Endpoint:   pcpi_rs2[26]                    (v) checked with  leading edge of 
'clk'
Beginpoint: picorv32_core_reg_op2_reg[26]/Q (v) triggered by  leading edge of 
'clk'
Path Groups: {reg2out}
Analysis View: analysis1
Other End Arrival Time          0.000
- External Delay                0.500
+ Phase Shift                   2.500
- Uncertainty                   0.020
= Required Time                 1.980
- Arrival Time                  0.312
= Slack Time                    1.668
     Clock Rise Edge                 0.000
     + Clock Network Latency (Prop)  0.001
     = Beginpoint Arrival Time       0.001
     +----------------------------------------------------------------------------------------+ 
     |           Instance            |      Arc       |   Cell   | Delay | Arrival | Required | 
     |                               |                |          |       |  Time   |   Time   | 
     |-------------------------------+----------------+----------+-------+---------+----------| 
     | picorv32_core_reg_op2_reg[26] | CK ^           |          |       |   0.001 |    1.669 | 
     | picorv32_core_reg_op2_reg[26] | CK ^ -> Q v    | DFFHQX1  | 0.112 |   0.113 |    1.781 | 
     | FE_OFC285_pcpi_rs2_26         | A v -> Y ^     | INVX1    | 0.048 |   0.161 |    1.829 | 
     | FE_OFC563_pcpi_rs2_26         | A ^ -> Y v     | CLKINVX8 | 0.134 |   0.295 |    1.963 | 
     |                               | pcpi_rs2[26] v |          | 0.017 |   0.312 |    1.980 | 
     +----------------------------------------------------------------------------------------+ 
Path 20: MET Late External Delay Assertion 
Endpoint:   pcpi_rs2[31]                    (v) checked with  leading edge of 
'clk'
Beginpoint: picorv32_core_reg_op2_reg[31]/Q (v) triggered by  leading edge of 
'clk'
Path Groups: {reg2out}
Analysis View: analysis1
Other End Arrival Time          0.000
- External Delay                0.500
+ Phase Shift                   2.500
- Uncertainty                   0.020
= Required Time                 1.980
- Arrival Time                  0.312
= Slack Time                    1.668
     Clock Rise Edge                 0.000
     + Clock Network Latency (Prop)  -0.002
     = Beginpoint Arrival Time       -0.002
     +----------------------------------------------------------------------------------------+ 
     |           Instance            |      Arc       |   Cell   | Delay | Arrival | Required | 
     |                               |                |          |       |  Time   |   Time   | 
     |-------------------------------+----------------+----------+-------+---------+----------| 
     | picorv32_core_reg_op2_reg[31] | CK ^           |          |       |  -0.002 |    1.667 | 
     | picorv32_core_reg_op2_reg[31] | CK ^ -> Q v    | DFFHQX1  | 0.115 |   0.114 |    1.782 | 
     | FE_OFC675_pcpi_rs2_31         | A v -> Y ^     | INVX1    | 0.050 |   0.163 |    1.832 | 
     | FE_OFC560_pcpi_rs2_31         | A ^ -> Y v     | CLKINVX8 | 0.141 |   0.304 |    1.972 | 
     |                               | pcpi_rs2[31] v |          | 0.008 |   0.312 |    1.980 | 
     +----------------------------------------------------------------------------------------+ 
Path 21: MET Late External Delay Assertion 
Endpoint:   pcpi_rs1[9]                    (v) checked with  leading edge of 
'clk'
Beginpoint: picorv32_core_reg_op1_reg[9]/Q (v) triggered by  leading edge of 
'clk'
Path Groups: {reg2out}
Analysis View: analysis1
Other End Arrival Time          0.000
- External Delay                0.500
+ Phase Shift                   2.500
- Uncertainty                   0.020
= Required Time                 1.980
- Arrival Time                  0.312
= Slack Time                    1.668
     Clock Rise Edge                 0.000
     + Clock Network Latency (Prop)  -0.001
     = Beginpoint Arrival Time       -0.001
     +--------------------------------------------------------------------------------------+ 
     |           Instance           |      Arc      |   Cell   | Delay | Arrival | Required | 
     |                              |               |          |       |  Time   |   Time   | 
     |------------------------------+---------------+----------+-------+---------+----------| 
     | picorv32_core_reg_op1_reg[9] | CK ^          |          |       |  -0.001 |    1.667 | 
     | picorv32_core_reg_op1_reg[9] | CK ^ -> Q v   | DFFX1    | 0.116 |   0.115 |    1.783 | 
     | FE_OFC239_pcpi_rs1_9         | A v -> Y ^    | INVX1    | 0.048 |   0.163 |    1.832 | 
     | FE_OFC240_pcpi_rs1_9         | A ^ -> Y v    | CLKINVX8 | 0.141 |   0.304 |    1.973 | 
     |                              | pcpi_rs1[9] v |          | 0.007 |   0.312 |    1.980 | 
     +--------------------------------------------------------------------------------------+ 
Path 22: MET Late External Delay Assertion 
Endpoint:   pcpi_rs2[15]                    (v) checked with  leading edge of 
'clk'
Beginpoint: picorv32_core_reg_op2_reg[15]/Q (v) triggered by  leading edge of 
'clk'
Path Groups: {reg2out}
Analysis View: analysis1
Other End Arrival Time          0.000
- External Delay                0.500
+ Phase Shift                   2.500
- Uncertainty                   0.020
= Required Time                 1.980
- Arrival Time                  0.311
= Slack Time                    1.669
     Clock Rise Edge                 0.000
     + Clock Network Latency (Prop)  -0.002
     = Beginpoint Arrival Time       -0.002
     +----------------------------------------------------------------------------------------+ 
     |           Instance            |      Arc       |   Cell   | Delay | Arrival | Required | 
     |                               |                |          |       |  Time   |   Time   | 
     |-------------------------------+----------------+----------+-------+---------+----------| 
     | picorv32_core_reg_op2_reg[15] | CK ^           |          |       |  -0.002 |    1.667 | 
     | picorv32_core_reg_op2_reg[15] | CK ^ -> Q v    | DFFHQX1  | 0.114 |   0.112 |    1.781 | 
     | FE_OFC579_pcpi_rs2_15         | A v -> Y ^     | INVX1    | 0.049 |   0.161 |    1.830 | 
     | FE_OFC580_pcpi_rs2_15         | A ^ -> Y v     | CLKINVX8 | 0.137 |   0.298 |    1.967 | 
     |                               | pcpi_rs2[15] v |          | 0.014 |   0.311 |    1.980 | 
     +----------------------------------------------------------------------------------------+ 
Path 23: MET Late External Delay Assertion 
Endpoint:   pcpi_rs2[23]                    (v) checked with  leading edge of 
'clk'
Beginpoint: picorv32_core_reg_op2_reg[23]/Q (v) triggered by  leading edge of 
'clk'
Path Groups: {reg2out}
Analysis View: analysis1
Other End Arrival Time          0.000
- External Delay                0.500
+ Phase Shift                   2.500
- Uncertainty                   0.020
= Required Time                 1.980
- Arrival Time                  0.309
= Slack Time                    1.671
     Clock Rise Edge                 0.000
     + Clock Network Latency (Prop)  0.001
     = Beginpoint Arrival Time       0.001
     +----------------------------------------------------------------------------------------+ 
     |           Instance            |      Arc       |   Cell   | Delay | Arrival | Required | 
     |                               |                |          |       |  Time   |   Time   | 
     |-------------------------------+----------------+----------+-------+---------+----------| 
     | picorv32_core_reg_op2_reg[23] | CK ^           |          |       |   0.001 |    1.672 | 
     | picorv32_core_reg_op2_reg[23] | CK ^ -> Q v    | DFFHQX1  | 0.110 |   0.111 |    1.781 | 
     | FE_OFC568_pcpi_rs2_23         | A v -> Y ^     | INVX1    | 0.047 |   0.158 |    1.828 | 
     | FE_OFC569_pcpi_rs2_23         | A ^ -> Y v     | CLKINVX8 | 0.130 |   0.287 |    1.958 | 
     |                               | pcpi_rs2[23] v |          | 0.022 |   0.309 |    1.980 | 
     +----------------------------------------------------------------------------------------+ 
Path 24: MET Late External Delay Assertion 
Endpoint:   pcpi_rs2[11]                    (v) checked with  leading edge of 
'clk'
Beginpoint: picorv32_core_reg_op2_reg[11]/Q (v) triggered by  leading edge of 
'clk'
Path Groups: {reg2out}
Analysis View: analysis1
Other End Arrival Time          0.000
- External Delay                0.500
+ Phase Shift                   2.500
- Uncertainty                   0.020
= Required Time                 1.980
- Arrival Time                  0.309
= Slack Time                    1.671
     Clock Rise Edge                 0.000
     + Clock Network Latency (Prop)  -0.003
     = Beginpoint Arrival Time       -0.003
     +----------------------------------------------------------------------------------------+ 
     |           Instance            |      Arc       |   Cell   | Delay | Arrival | Required | 
     |                               |                |          |       |  Time   |   Time   | 
     |-------------------------------+----------------+----------+-------+---------+----------| 
     | picorv32_core_reg_op2_reg[11] | CK ^           |          |       |  -0.003 |    1.668 | 
     | picorv32_core_reg_op2_reg[11] | CK ^ -> Q v    | DFFHQX1  | 0.112 |   0.109 |    1.781 | 
     | FE_OFC336_pcpi_rs2_11         | A v -> Y ^     | INVX1    | 0.051 |   0.160 |    1.831 | 
     | FE_OFC337_pcpi_rs2_11         | A ^ -> Y v     | CLKINVX8 | 0.142 |   0.302 |    1.973 | 
     |                               | pcpi_rs2[11] v |          | 0.007 |   0.309 |    1.980 | 
     +----------------------------------------------------------------------------------------+ 
Path 25: MET Late External Delay Assertion 
Endpoint:   pcpi_rs2[14]                    (v) checked with  leading edge of 
'clk'
Beginpoint: picorv32_core_reg_op2_reg[14]/Q (v) triggered by  leading edge of 
'clk'
Path Groups: {reg2out}
Analysis View: analysis1
Other End Arrival Time          0.000
- External Delay                0.500
+ Phase Shift                   2.500
- Uncertainty                   0.020
= Required Time                 1.980
- Arrival Time                  0.307
= Slack Time                    1.673
     Clock Rise Edge                 0.000
     + Clock Network Latency (Prop)  -0.003
     = Beginpoint Arrival Time       -0.003
     +----------------------------------------------------------------------------------------+ 
     |           Instance            |      Arc       |   Cell   | Delay | Arrival | Required | 
     |                               |                |          |       |  Time   |   Time   | 
     |-------------------------------+----------------+----------+-------+---------+----------| 
     | picorv32_core_reg_op2_reg[14] | CK ^           |          |       |  -0.003 |    1.669 | 
     | picorv32_core_reg_op2_reg[14] | CK ^ -> Q v    | DFFHQX1  | 0.113 |   0.110 |    1.783 | 
     | FE_OFC581_pcpi_rs2_14         | A v -> Y ^     | INVX1    | 0.047 |   0.157 |    1.830 | 
     | FE_OFC582_pcpi_rs2_14         | A ^ -> Y v     | CLKINVX8 | 0.136 |   0.294 |    1.966 | 
     |                               | pcpi_rs2[14] v |          | 0.014 |   0.307 |    1.980 | 
     +----------------------------------------------------------------------------------------+ 
Path 26: MET Late External Delay Assertion 
Endpoint:   pcpi_rs2[17]                    (v) checked with  leading edge of 
'clk'
Beginpoint: picorv32_core_reg_op2_reg[17]/Q (v) triggered by  leading edge of 
'clk'
Path Groups: {reg2out}
Analysis View: analysis1
Other End Arrival Time          0.000
- External Delay                0.500
+ Phase Shift                   2.500
- Uncertainty                   0.020
= Required Time                 1.980
- Arrival Time                  0.307
= Slack Time                    1.673
     Clock Rise Edge                 0.000
     + Clock Network Latency (Prop)  -0.000
     = Beginpoint Arrival Time       -0.000
     +----------------------------------------------------------------------------------------+ 
     |           Instance            |      Arc       |   Cell   | Delay | Arrival | Required | 
     |                               |                |          |       |  Time   |   Time   | 
     |-------------------------------+----------------+----------+-------+---------+----------| 
     | picorv32_core_reg_op2_reg[17] | CK ^           |          |       |  -0.000 |    1.672 | 
     | picorv32_core_reg_op2_reg[17] | CK ^ -> Q v    | DFFHQX1  | 0.112 |   0.111 |    1.784 | 
     | FE_OFC577_pcpi_rs2_17         | A v -> Y ^     | INVX1    | 0.047 |   0.158 |    1.831 | 
     | FE_OFC578_pcpi_rs2_17         | A ^ -> Y v     | CLKINVX8 | 0.137 |   0.296 |    1.968 | 
     |                               | pcpi_rs2[17] v |          | 0.012 |   0.307 |    1.980 | 
     +----------------------------------------------------------------------------------------+ 
Path 27: MET Late External Delay Assertion 
Endpoint:   pcpi_rs1[4]                    (v) checked with  leading edge of 
'clk'
Beginpoint: picorv32_core_reg_op1_reg[4]/Q (v) triggered by  leading edge of 
'clk'
Path Groups: {reg2out}
Analysis View: analysis1
Other End Arrival Time          0.000
- External Delay                0.500
+ Phase Shift                   2.500
- Uncertainty                   0.020
= Required Time                 1.980
- Arrival Time                  0.307
= Slack Time                    1.673
     Clock Rise Edge                 0.000
     + Clock Network Latency (Prop)  -0.001
     = Beginpoint Arrival Time       -0.001
     +--------------------------------------------------------------------------------------+ 
     |           Instance           |      Arc      |   Cell   | Delay | Arrival | Required | 
     |                              |               |          |       |  Time   |   Time   | 
     |------------------------------+---------------+----------+-------+---------+----------| 
     | picorv32_core_reg_op1_reg[4] | CK ^          |          |       |  -0.001 |    1.673 | 
     | picorv32_core_reg_op1_reg[4] | CK ^ -> Q v   | DFFX1    | 0.112 |   0.111 |    1.785 | 
     | FE_OFC254_pcpi_rs1_4         | A v -> Y ^    | INVX1    | 0.048 |   0.159 |    1.832 | 
     | FE_OFC255_pcpi_rs1_4         | A ^ -> Y v    | CLKINVX8 | 0.141 |   0.299 |    1.973 | 
     |                              | pcpi_rs1[4] v |          | 0.007 |   0.307 |    1.980 | 
     +--------------------------------------------------------------------------------------+ 
Path 28: MET Late External Delay Assertion 
Endpoint:   pcpi_rs2[22]                    (v) checked with  leading edge of 
'clk'
Beginpoint: picorv32_core_reg_op2_reg[22]/Q (v) triggered by  leading edge of 
'clk'
Path Groups: {reg2out}
Analysis View: analysis1
Other End Arrival Time          0.000
- External Delay                0.500
+ Phase Shift                   2.500
- Uncertainty                   0.020
= Required Time                 1.980
- Arrival Time                  0.306
= Slack Time                    1.674
     Clock Rise Edge                 0.000
     + Clock Network Latency (Prop)  -0.001
     = Beginpoint Arrival Time       -0.001
     +----------------------------------------------------------------------------------------+ 
     |           Instance            |      Arc       |   Cell   | Delay | Arrival | Required | 
     |                               |                |          |       |  Time   |   Time   | 
     |-------------------------------+----------------+----------+-------+---------+----------| 
     | picorv32_core_reg_op2_reg[22] | CK ^           |          |       |  -0.001 |    1.673 | 
     | picorv32_core_reg_op2_reg[22] | CK ^ -> Q v    | DFFHQX1  | 0.112 |   0.111 |    1.785 | 
     | FE_OFC298_pcpi_rs2_22         | A v -> Y ^     | INVX1    | 0.046 |   0.157 |    1.831 | 
     | FE_OFC571_pcpi_rs2_22         | A ^ -> Y v     | CLKINVX8 | 0.137 |   0.294 |    1.968 | 
     |                               | pcpi_rs2[22] v |          | 0.012 |   0.306 |    1.980 | 
     +----------------------------------------------------------------------------------------+ 
Path 29: MET Late External Delay Assertion 
Endpoint:   pcpi_rs2[19]                    (v) checked with  leading edge of 
'clk'
Beginpoint: picorv32_core_reg_op2_reg[19]/Q (v) triggered by  leading edge of 
'clk'
Path Groups: {reg2out}
Analysis View: analysis1
Other End Arrival Time          0.000
- External Delay                0.500
+ Phase Shift                   2.500
- Uncertainty                   0.020
= Required Time                 1.980
- Arrival Time                  0.306
= Slack Time                    1.674
     Clock Rise Edge                 0.000
     + Clock Network Latency (Prop)  -0.001
     = Beginpoint Arrival Time       -0.001
     +----------------------------------------------------------------------------------------+ 
     |           Instance            |      Arc       |   Cell   | Delay | Arrival | Required | 
     |                               |                |          |       |  Time   |   Time   | 
     |-------------------------------+----------------+----------+-------+---------+----------| 
     | picorv32_core_reg_op2_reg[19] | CK ^           |          |       |  -0.001 |    1.674 | 
     | picorv32_core_reg_op2_reg[19] | CK ^ -> Q v    | DFFHQX1  | 0.110 |   0.109 |    1.784 | 
     | FE_OFC575_pcpi_rs2_19         | A v -> Y ^     | INVX1    | 0.047 |   0.157 |    1.831 | 
     | FE_OFC576_pcpi_rs2_19         | A ^ -> Y v     | CLKINVX8 | 0.138 |   0.294 |    1.969 | 
     |                               | pcpi_rs2[19] v |          | 0.011 |   0.306 |    1.980 | 
     +----------------------------------------------------------------------------------------+ 
Path 30: MET Late External Delay Assertion 
Endpoint:   pcpi_rs1[15]                    (v) checked with  leading edge of 
'clk'
Beginpoint: picorv32_core_reg_op1_reg[15]/Q (v) triggered by  leading edge of 
'clk'
Path Groups: {reg2out}
Analysis View: analysis1
Other End Arrival Time          0.000
- External Delay                0.500
+ Phase Shift                   2.500
- Uncertainty                   0.020
= Required Time                 1.980
- Arrival Time                  0.305
= Slack Time                    1.675
     Clock Rise Edge                 0.000
     + Clock Network Latency (Prop)  0.000
     = Beginpoint Arrival Time       0.000
     +----------------------------------------------------------------------------------------+ 
     |           Instance            |      Arc       |   Cell   | Delay | Arrival | Required | 
     |                               |                |          |       |  Time   |   Time   | 
     |-------------------------------+----------------+----------+-------+---------+----------| 
     | picorv32_core_reg_op1_reg[15] | CK ^           |          |       |   0.000 |    1.675 | 
     | picorv32_core_reg_op1_reg[15] | CK ^ -> Q v    | DFFX1    | 0.113 |   0.113 |    1.787 | 
     | FE_OFC218_pcpi_rs1_15         | A v -> Y ^     | INVX1    | 0.045 |   0.158 |    1.832 | 
     | FE_OFC219_pcpi_rs1_15         | A ^ -> Y v     | CLKINVX8 | 0.140 |   0.298 |    1.972 | 
     |                               | pcpi_rs1[15] v |          | 0.008 |   0.305 |    1.980 | 
     +----------------------------------------------------------------------------------------+ 
Path 31: MET Late External Delay Assertion 
Endpoint:   pcpi_rs1[25]                    (v) checked with  leading edge of 
'clk'
Beginpoint: picorv32_core_reg_op1_reg[25]/Q (v) triggered by  leading edge of 
'clk'
Path Groups: {reg2out}
Analysis View: analysis1
Other End Arrival Time          0.000
- External Delay                0.500
+ Phase Shift                   2.500
- Uncertainty                   0.020
= Required Time                 1.980
- Arrival Time                  0.304
= Slack Time                    1.676
     Clock Rise Edge                 0.000
     + Clock Network Latency (Prop)  -0.001
     = Beginpoint Arrival Time       -0.001
     +----------------------------------------------------------------------------------------+ 
     |           Instance            |      Arc       |   Cell   | Delay | Arrival | Required | 
     |                               |                |          |       |  Time   |   Time   | 
     |-------------------------------+----------------+----------+-------+---------+----------| 
     | picorv32_core_reg_op1_reg[25] | CK ^           |          |       |  -0.001 |    1.675 | 
     | picorv32_core_reg_op1_reg[25] | CK ^ -> Q v    | DFFHQX1  | 0.107 |   0.105 |    1.782 | 
     | FE_OFC188_pcpi_rs1_25         | A v -> Y ^     | INVX1    | 0.047 |   0.153 |    1.829 | 
     | FE_OFC537_pcpi_rs1_25         | A ^ -> Y v     | CLKINVX8 | 0.137 |   0.289 |    1.966 | 
     |                               | pcpi_rs1[25] v |          | 0.014 |   0.304 |    1.980 | 
     +----------------------------------------------------------------------------------------+ 
Path 32: MET Late External Delay Assertion 
Endpoint:   pcpi_rs1[21]                    (v) checked with  leading edge of 
'clk'
Beginpoint: picorv32_core_reg_op1_reg[21]/Q (v) triggered by  leading edge of 
'clk'
Path Groups: {reg2out}
Analysis View: analysis1
Other End Arrival Time          0.000
- External Delay                0.500
+ Phase Shift                   2.500
- Uncertainty                   0.020
= Required Time                 1.980
- Arrival Time                  0.303
= Slack Time                    1.677
     Clock Rise Edge                 0.000
     + Clock Network Latency (Prop)  -0.001
     = Beginpoint Arrival Time       -0.001
     +----------------------------------------------------------------------------------------+ 
     |           Instance            |      Arc       |   Cell   | Delay | Arrival | Required | 
     |                               |                |          |       |  Time   |   Time   | 
     |-------------------------------+----------------+----------+-------+---------+----------| 
     | picorv32_core_reg_op1_reg[21] | CK ^           |          |       |  -0.001 |    1.676 | 
     | picorv32_core_reg_op1_reg[21] | CK ^ -> Q v    | DFFX1    | 0.111 |   0.110 |    1.787 | 
     | FE_OFC200_pcpi_rs1_21         | A v -> Y ^     | INVX1    | 0.045 |   0.155 |    1.831 | 
     | FE_OFC543_pcpi_rs1_21         | A ^ -> Y v     | CLKINVX8 | 0.137 |   0.292 |    1.969 | 
     |                               | pcpi_rs1[21] v |          | 0.011 |   0.303 |    1.980 | 
     +----------------------------------------------------------------------------------------+ 
Path 33: MET Late External Delay Assertion 
Endpoint:   pcpi_rs2[16]                    (v) checked with  leading edge of 
'clk'
Beginpoint: picorv32_core_reg_op2_reg[16]/Q (v) triggered by  leading edge of 
'clk'
Path Groups: {reg2out}
Analysis View: analysis1
Other End Arrival Time          0.000
- External Delay                0.500
+ Phase Shift                   2.500
- Uncertainty                   0.020
= Required Time                 1.980
- Arrival Time                  0.301
= Slack Time                    1.679
     Clock Rise Edge                 0.000
     + Clock Network Latency (Prop)  -0.001
     = Beginpoint Arrival Time       -0.001
     +----------------------------------------------------------------------------------------+ 
     |           Instance            |      Arc       |   Cell   | Delay | Arrival | Required | 
     |                               |                |          |       |  Time   |   Time   | 
     |-------------------------------+----------------+----------+-------+---------+----------| 
     | picorv32_core_reg_op2_reg[16] | CK ^           |          |       |  -0.001 |    1.678 | 
     | picorv32_core_reg_op2_reg[16] | CK ^ -> Q v    | DFFHQX1  | 0.108 |   0.108 |    1.786 | 
     | FE_OFC317_pcpi_rs2_16         | A v -> Y ^     | INVX1    | 0.045 |   0.153 |    1.831 | 
     | FE_OFC318_pcpi_rs2_16         | A ^ -> Y v     | CLKINVX8 | 0.137 |   0.290 |    1.968 | 
     |                               | pcpi_rs2[16] v |          | 0.012 |   0.301 |    1.980 | 
     +----------------------------------------------------------------------------------------+ 
Path 34: MET Late External Delay Assertion 
Endpoint:   pcpi_rs1[6]                    (v) checked with  leading edge of 
'clk'
Beginpoint: picorv32_core_reg_op1_reg[6]/Q (v) triggered by  leading edge of 
'clk'
Path Groups: {reg2out}
Analysis View: analysis1
Other End Arrival Time          0.000
- External Delay                0.500
+ Phase Shift                   2.500
- Uncertainty                   0.020
= Required Time                 1.980
- Arrival Time                  0.301
= Slack Time                    1.679
     Clock Rise Edge                 0.000
     + Clock Network Latency (Prop)  -0.000
     = Beginpoint Arrival Time       -0.000
     +--------------------------------------------------------------------------------------+ 
     |           Instance           |      Arc      |   Cell   | Delay | Arrival | Required | 
     |                              |               |          |       |  Time   |   Time   | 
     |------------------------------+---------------+----------+-------+---------+----------| 
     | picorv32_core_reg_op1_reg[6] | CK ^          |          |       |  -0.000 |    1.678 | 
     | picorv32_core_reg_op1_reg[6] | CK ^ -> Q v   | DFFX1    | 0.108 |   0.107 |    1.786 | 
     | FE_OFC248_pcpi_rs1_6         | A v -> Y ^    | INVX1    | 0.045 |   0.152 |    1.831 | 
     | FE_OFC249_pcpi_rs1_6         | A ^ -> Y v    | CLKINVX8 | 0.137 |   0.290 |    1.968 | 
     |                              | pcpi_rs1[6] v |          | 0.012 |   0.301 |    1.980 | 
     +--------------------------------------------------------------------------------------+ 
Path 35: MET Late External Delay Assertion 
Endpoint:   pcpi_rs1[16]                    (v) checked with  leading edge of 
'clk'
Beginpoint: picorv32_core_reg_op1_reg[16]/Q (v) triggered by  leading edge of 
'clk'
Path Groups: {reg2out}
Analysis View: analysis1
Other End Arrival Time          0.000
- External Delay                0.500
+ Phase Shift                   2.500
- Uncertainty                   0.020
= Required Time                 1.980
- Arrival Time                  0.301
= Slack Time                    1.679
     Clock Rise Edge                 0.000
     + Clock Network Latency (Prop)  -0.001
     = Beginpoint Arrival Time       -0.001
     +----------------------------------------------------------------------------------------+ 
     |           Instance            |      Arc       |   Cell   | Delay | Arrival | Required | 
     |                               |                |          |       |  Time   |   Time   | 
     |-------------------------------+----------------+----------+-------+---------+----------| 
     | picorv32_core_reg_op1_reg[16] | CK ^           |          |       |  -0.001 |    1.678 | 
     | picorv32_core_reg_op1_reg[16] | CK ^ -> Q v    | DFFX1    | 0.110 |   0.109 |    1.788 | 
     | FE_OFC216_pcpi_rs1_16         | A v -> Y ^     | INVX1    | 0.045 |   0.154 |    1.833 | 
     | FE_OFC217_pcpi_rs1_16         | A ^ -> Y v     | CLKINVX8 | 0.140 |   0.294 |    1.973 | 
     |                               | pcpi_rs1[16] v |          | 0.007 |   0.301 |    1.980 | 
     +----------------------------------------------------------------------------------------+ 
Path 36: MET Late External Delay Assertion 
Endpoint:   pcpi_rs1[26]                    (v) checked with  leading edge of 
'clk'
Beginpoint: picorv32_core_reg_op1_reg[26]/Q (v) triggered by  leading edge of 
'clk'
Path Groups: {reg2out}
Analysis View: analysis1
Other End Arrival Time          0.000
- External Delay                0.500
+ Phase Shift                   2.500
- Uncertainty                   0.020
= Required Time                 1.980
- Arrival Time                  0.301
= Slack Time                    1.679
     Clock Rise Edge                 0.000
     + Clock Network Latency (Prop)  -0.001
     = Beginpoint Arrival Time       -0.001
     +----------------------------------------------------------------------------------------+ 
     |           Instance            |      Arc       |   Cell   | Delay | Arrival | Required | 
     |                               |                |          |       |  Time   |   Time   | 
     |-------------------------------+----------------+----------+-------+---------+----------| 
     | picorv32_core_reg_op1_reg[26] | CK ^           |          |       |  -0.001 |    1.678 | 
     | picorv32_core_reg_op1_reg[26] | CK ^ -> Q v    | DFFHQX1  | 0.105 |   0.104 |    1.783 | 
     | FE_OFC665_pcpi_rs1_26         | A v -> Y ^     | INVX1    | 0.046 |   0.150 |    1.829 | 
     | FE_OFC535_pcpi_rs1_26         | A ^ -> Y v     | CLKINVX8 | 0.138 |   0.289 |    1.968 | 
     |                               | pcpi_rs1[26] v |          | 0.012 |   0.301 |    1.980 | 
     +----------------------------------------------------------------------------------------+ 
Path 37: MET Late External Delay Assertion 
Endpoint:   pcpi_rs1[31]                    (v) checked with  leading edge of 
'clk'
Beginpoint: picorv32_core_reg_op1_reg[31]/Q (v) triggered by  leading edge of 
'clk'
Path Groups: {reg2out}
Analysis View: analysis1
Other End Arrival Time          0.000
- External Delay                0.500
+ Phase Shift                   2.500
- Uncertainty                   0.020
= Required Time                 1.980
- Arrival Time                  0.301
= Slack Time                    1.679
     Clock Rise Edge                 0.000
     + Clock Network Latency (Prop)  -0.001
     = Beginpoint Arrival Time       -0.001
     +----------------------------------------------------------------------------------------+ 
     |           Instance            |      Arc       |   Cell   | Delay | Arrival | Required | 
     |                               |                |          |       |  Time   |   Time   | 
     |-------------------------------+----------------+----------+-------+---------+----------| 
     | picorv32_core_reg_op1_reg[31] | CK ^           |          |       |  -0.001 |    1.678 | 
     | picorv32_core_reg_op1_reg[31] | CK ^ -> Q v    | DFFHQX1  | 0.106 |   0.104 |    1.784 | 
     | FE_OFC673_pcpi_rs1_31         | A v -> Y ^     | INVX1    | 0.047 |   0.152 |    1.831 | 
     | FE_OFC171_pcpi_rs1_31         | A ^ -> Y v     | CLKINVX8 | 0.142 |   0.293 |    1.973 | 
     |                               | pcpi_rs1[31] v |          | 0.007 |   0.301 |    1.980 | 
     +----------------------------------------------------------------------------------------+ 
Path 38: MET Late External Delay Assertion 
Endpoint:   pcpi_rs1[5]                    (v) checked with  leading edge of 
'clk'
Beginpoint: picorv32_core_reg_op1_reg[5]/Q (v) triggered by  leading edge of 
'clk'
Path Groups: {reg2out}
Analysis View: analysis1
Other End Arrival Time          0.000
- External Delay                0.500
+ Phase Shift                   2.500
- Uncertainty                   0.020
= Required Time                 1.980
- Arrival Time                  0.300
= Slack Time                    1.680
     Clock Rise Edge                 0.000
     + Clock Network Latency (Prop)  -0.001
     = Beginpoint Arrival Time       -0.001
     +--------------------------------------------------------------------------------------+ 
     |           Instance           |      Arc      |   Cell   | Delay | Arrival | Required | 
     |                              |               |          |       |  Time   |   Time   | 
     |------------------------------+---------------+----------+-------+---------+----------| 
     | picorv32_core_reg_op1_reg[5] | CK ^          |          |       |  -0.001 |    1.680 | 
     | picorv32_core_reg_op1_reg[5] | CK ^ -> Q v   | DFFX1    | 0.107 |   0.106 |    1.786 | 
     | FE_OFC251_pcpi_rs1_5         | A v -> Y ^    | INVX1    | 0.045 |   0.151 |    1.831 | 
     | FE_OFC252_pcpi_rs1_5         | A ^ -> Y v    | CLKINVX8 | 0.138 |   0.289 |    1.969 | 
     |                              | pcpi_rs1[5] v |          | 0.011 |   0.300 |    1.980 | 
     +--------------------------------------------------------------------------------------+ 
Path 39: MET Late External Delay Assertion 
Endpoint:   pcpi_rs1[24]                    (v) checked with  leading edge of 
'clk'
Beginpoint: picorv32_core_reg_op1_reg[24]/Q (v) triggered by  leading edge of 
'clk'
Path Groups: {reg2out}
Analysis View: analysis1
Other End Arrival Time          0.000
- External Delay                0.500
+ Phase Shift                   2.500
- Uncertainty                   0.020
= Required Time                 1.980
- Arrival Time                  0.299
= Slack Time                    1.681
     Clock Rise Edge                 0.000
     + Clock Network Latency (Prop)  -0.001
     = Beginpoint Arrival Time       -0.001
     +----------------------------------------------------------------------------------------+ 
     |           Instance            |      Arc       |   Cell   | Delay | Arrival | Required | 
     |                               |                |          |       |  Time   |   Time   | 
     |-------------------------------+----------------+----------+-------+---------+----------| 
     | picorv32_core_reg_op1_reg[24] | CK ^           |          |       |  -0.001 |    1.679 | 
     | picorv32_core_reg_op1_reg[24] | CK ^ -> Q v    | DFFHQX1  | 0.103 |   0.102 |    1.783 | 
     | FE_OFC663_pcpi_rs1_24         | A v -> Y ^     | INVX1    | 0.047 |   0.149 |    1.829 | 
     | FE_OFC539_pcpi_rs1_24         | A ^ -> Y v     | CLKINVX8 | 0.138 |   0.286 |    1.967 | 
     |                               | pcpi_rs1[24] v |          | 0.013 |   0.299 |    1.980 | 
     +----------------------------------------------------------------------------------------+ 
Path 40: MET Late External Delay Assertion 
Endpoint:   pcpi_rs2[5]                    (v) checked with  leading edge of 
'clk'
Beginpoint: picorv32_core_reg_op2_reg[5]/Q (v) triggered by  leading edge of 
'clk'
Path Groups: {reg2out}
Analysis View: analysis1
Other End Arrival Time          0.000
- External Delay                0.500
+ Phase Shift                   2.500
- Uncertainty                   0.020
= Required Time                 1.980
- Arrival Time                  0.299
= Slack Time                    1.681
     Clock Rise Edge                 0.000
     + Clock Network Latency (Prop)  -0.002
     = Beginpoint Arrival Time       -0.002
     +--------------------------------------------------------------------------------------+ 
     |           Instance           |      Arc      |   Cell   | Delay | Arrival | Required | 
     |                              |               |          |       |  Time   |   Time   | 
     |------------------------------+---------------+----------+-------+---------+----------| 
     | picorv32_core_reg_op2_reg[5] | CK ^          |          |       |  -0.002 |    1.679 | 
     | picorv32_core_reg_op2_reg[5] | CK ^ -> Q v   | DFFHQX1  | 0.127 |   0.125 |    1.806 | 
     | FE_OFC588_pcpi_rs2_5         | A v -> Y v    | CLKBUFX8 | 0.162 |   0.287 |    1.968 | 
     |                              | pcpi_rs2[5] v |          | 0.012 |   0.299 |    1.980 | 
     +--------------------------------------------------------------------------------------+ 
Path 41: MET Late External Delay Assertion 
Endpoint:   pcpi_rs2[20]                    (v) checked with  leading edge of 
'clk'
Beginpoint: picorv32_core_reg_op2_reg[20]/Q (v) triggered by  leading edge of 
'clk'
Path Groups: {reg2out}
Analysis View: analysis1
Other End Arrival Time          0.000
- External Delay                0.500
+ Phase Shift                   2.500
- Uncertainty                   0.020
= Required Time                 1.980
- Arrival Time                  0.298
= Slack Time                    1.682
     Clock Rise Edge                 0.000
     + Clock Network Latency (Prop)  0.001
     = Beginpoint Arrival Time       0.001
     +----------------------------------------------------------------------------------------+ 
     |           Instance            |      Arc       |   Cell   | Delay | Arrival | Required | 
     |                               |                |          |       |  Time   |   Time   | 
     |-------------------------------+----------------+----------+-------+---------+----------| 
     | picorv32_core_reg_op2_reg[20] | CK ^           |          |       |   0.001 |    1.683 | 
     | picorv32_core_reg_op2_reg[20] | CK ^ -> Q v    | DFFHQX1  | 0.123 |   0.124 |    1.806 | 
     | FE_OFC574_pcpi_rs2_20         | A v -> Y v     | CLKBUFX8 | 0.158 |   0.282 |    1.964 | 
     |                               | pcpi_rs2[20] v |          | 0.016 |   0.298 |    1.980 | 
     +----------------------------------------------------------------------------------------+ 
Path 42: MET Late External Delay Assertion 
Endpoint:   pcpi_rs1[22]                    (v) checked with  leading edge of 
'clk'
Beginpoint: picorv32_core_reg_op1_reg[22]/Q (v) triggered by  leading edge of 
'clk'
Path Groups: {reg2out}
Analysis View: analysis1
Other End Arrival Time          0.000
- External Delay                0.500
+ Phase Shift                   2.500
- Uncertainty                   0.020
= Required Time                 1.980
- Arrival Time                  0.298
= Slack Time                    1.682
     Clock Rise Edge                 0.000
     + Clock Network Latency (Prop)  -0.001
     = Beginpoint Arrival Time       -0.001
     +----------------------------------------------------------------------------------------+ 
     |           Instance            |      Arc       |   Cell   | Delay | Arrival | Required | 
     |                               |                |          |       |  Time   |   Time   | 
     |-------------------------------+----------------+----------+-------+---------+----------| 
     | picorv32_core_reg_op1_reg[22] | CK ^           |          |       |  -0.001 |    1.681 | 
     | picorv32_core_reg_op1_reg[22] | CK ^ -> Q v    | DFFHQX1  | 0.106 |   0.105 |    1.788 | 
     | FE_OFC659_pcpi_rs1_22         | A v -> Y ^     | INVX1    | 0.045 |   0.150 |    1.832 | 
     | FE_OFC198_pcpi_rs1_22         | A ^ -> Y v     | CLKINVX8 | 0.140 |   0.290 |    1.972 | 
     |                               | pcpi_rs1[22] v |          | 0.008 |   0.298 |    1.980 | 
     +----------------------------------------------------------------------------------------+ 
Path 43: MET Late External Delay Assertion 
Endpoint:   pcpi_rs2[7]                    (v) checked with  leading edge of 
'clk'
Beginpoint: picorv32_core_reg_op2_reg[7]/Q (v) triggered by  leading edge of 
'clk'
Path Groups: {reg2out}
Analysis View: analysis1
Other End Arrival Time          0.000
- External Delay                0.500
+ Phase Shift                   2.500
- Uncertainty                   0.020
= Required Time                 1.980
- Arrival Time                  0.298
= Slack Time                    1.682
     Clock Rise Edge                 0.000
     + Clock Network Latency (Prop)  -0.002
     = Beginpoint Arrival Time       -0.002
     +--------------------------------------------------------------------------------------+ 
     |           Instance           |      Arc      |   Cell   | Delay | Arrival | Required | 
     |                              |               |          |       |  Time   |   Time   | 
     |------------------------------+---------------+----------+-------+---------+----------| 
     | picorv32_core_reg_op2_reg[7] | CK ^          |          |       |  -0.002 |    1.680 | 
     | picorv32_core_reg_op2_reg[7] | CK ^ -> Q v   | DFFHQX1  | 0.126 |   0.124 |    1.806 | 
     | FE_OFC586_pcpi_rs2_7         | A v -> Y v    | CLKBUFX8 | 0.166 |   0.289 |    1.972 | 
     |                              | pcpi_rs2[7] v |          | 0.009 |   0.298 |    1.980 | 
     +--------------------------------------------------------------------------------------+ 
Path 44: MET Late External Delay Assertion 
Endpoint:   pcpi_rs2[4]                    (v) checked with  leading edge of 
'clk'
Beginpoint: picorv32_core_reg_op2_reg[4]/Q (v) triggered by  leading edge of 
'clk'
Path Groups: {reg2out}
Analysis View: analysis1
Other End Arrival Time          0.000
- External Delay                0.500
+ Phase Shift                   2.500
- Uncertainty                   0.020
= Required Time                 1.980
- Arrival Time                  0.297
= Slack Time                    1.683
     Clock Rise Edge                 0.000
     + Clock Network Latency (Prop)  -0.001
     = Beginpoint Arrival Time       -0.001
     +--------------------------------------------------------------------------------------+ 
     |           Instance           |      Arc      |   Cell   | Delay | Arrival | Required | 
     |                              |               |          |       |  Time   |   Time   | 
     |------------------------------+---------------+----------+-------+---------+----------| 
     | picorv32_core_reg_op2_reg[4] | CK ^          |          |       |  -0.001 |    1.683 | 
     | picorv32_core_reg_op2_reg[4] | CK ^ -> Q v   | DFFQXL   | 0.039 |   0.039 |    1.722 | 
     | FE_OFC361_pcpi_rs2_4         | A v -> Y v    | BUFX2    | 0.085 |   0.124 |    1.807 | 
     | FE_OFC589_pcpi_rs2_4         | A v -> Y v    | CLKBUFX8 | 0.158 |   0.283 |    1.966 | 
     |                              | pcpi_rs2[4] v |          | 0.014 |   0.297 |    1.980 | 
     +--------------------------------------------------------------------------------------+ 
Path 45: MET Late External Delay Assertion 
Endpoint:   pcpi_rs1[19]                    (v) checked with  leading edge of 
'clk'
Beginpoint: picorv32_core_reg_op1_reg[19]/Q (v) triggered by  leading edge of 
'clk'
Path Groups: {reg2out}
Analysis View: analysis1
Other End Arrival Time          0.000
- External Delay                0.500
+ Phase Shift                   2.500
- Uncertainty                   0.020
= Required Time                 1.980
- Arrival Time                  0.296
= Slack Time                    1.684
     Clock Rise Edge                 0.000
     + Clock Network Latency (Prop)  -0.001
     = Beginpoint Arrival Time       -0.001
     +----------------------------------------------------------------------------------------+ 
     |           Instance            |      Arc       |   Cell   | Delay | Arrival | Required | 
     |                               |                |          |       |  Time   |   Time   | 
     |-------------------------------+----------------+----------+-------+---------+----------| 
     | picorv32_core_reg_op1_reg[19] | CK ^           |          |       |  -0.001 |    1.683 | 
     | picorv32_core_reg_op1_reg[19] | CK ^ -> Q v    | DFFX1    | 0.107 |   0.106 |    1.790 | 
     | FE_OFC206_pcpi_rs1_19         | A v -> Y ^     | INVX1    | 0.043 |   0.149 |    1.833 | 
     | FE_OFC207_pcpi_rs1_19         | A ^ -> Y v     | CLKINVX8 | 0.140 |   0.289 |    1.973 | 
     |                               | pcpi_rs1[19] v |          | 0.007 |   0.296 |    1.980 | 
     +----------------------------------------------------------------------------------------+ 
Path 46: MET Late External Delay Assertion 
Endpoint:   pcpi_rs1[27]                    (v) checked with  leading edge of 
'clk'
Beginpoint: picorv32_core_reg_op1_reg[27]/Q (v) triggered by  leading edge of 
'clk'
Path Groups: {reg2out}
Analysis View: analysis1
Other End Arrival Time          0.000
- External Delay                0.500
+ Phase Shift                   2.500
- Uncertainty                   0.020
= Required Time                 1.980
- Arrival Time                  0.296
= Slack Time                    1.684
     Clock Rise Edge                 0.000
     + Clock Network Latency (Prop)  -0.001
     = Beginpoint Arrival Time       -0.001
     +----------------------------------------------------------------------------------------+ 
     |           Instance            |      Arc       |   Cell   | Delay | Arrival | Required | 
     |                               |                |          |       |  Time   |   Time   | 
     |-------------------------------+----------------+----------+-------+---------+----------| 
     | picorv32_core_reg_op1_reg[27] | CK ^           |          |       |  -0.001 |    1.684 | 
     | picorv32_core_reg_op1_reg[27] | CK ^ -> Q v    | DFFHQX1  | 0.106 |   0.105 |    1.789 | 
     | FE_OFC667_pcpi_rs1_27         | A v -> Y ^     | INVX1    | 0.043 |   0.148 |    1.833 | 
     | FE_OFC184_pcpi_rs1_27         | A ^ -> Y v     | CLKINVX8 | 0.140 |   0.288 |    1.973 | 
     |                               | pcpi_rs1[27] v |          | 0.007 |   0.296 |    1.980 | 
     +----------------------------------------------------------------------------------------+ 
Path 47: MET Late External Delay Assertion 
Endpoint:   pcpi_rs1[17]                    (v) checked with  leading edge of 
'clk'
Beginpoint: picorv32_core_reg_op1_reg[17]/Q (v) triggered by  leading edge of 
'clk'
Path Groups: {reg2out}
Analysis View: analysis1
Other End Arrival Time          0.000
- External Delay                0.500
+ Phase Shift                   2.500
- Uncertainty                   0.020
= Required Time                 1.980
- Arrival Time                  0.295
= Slack Time                    1.685
     Clock Rise Edge                 0.000
     + Clock Network Latency (Prop)  -0.001
     = Beginpoint Arrival Time       -0.001
     +----------------------------------------------------------------------------------------+ 
     |           Instance            |      Arc       |   Cell   | Delay | Arrival | Required | 
     |                               |                |          |       |  Time   |   Time   | 
     |-------------------------------+----------------+----------+-------+---------+----------| 
     | picorv32_core_reg_op1_reg[17] | CK ^           |          |       |  -0.001 |    1.683 | 
     | picorv32_core_reg_op1_reg[17] | CK ^ -> Q v    | DFFX1    | 0.107 |   0.106 |    1.790 | 
     | FE_OFC213_pcpi_rs1_17         | A v -> Y ^     | INVX1    | 0.043 |   0.149 |    1.833 | 
     | FE_OFC546_pcpi_rs1_17         | A ^ -> Y v     | CLKINVX8 | 0.140 |   0.289 |    1.973 | 
     |                               | pcpi_rs1[17] v |          | 0.007 |   0.295 |    1.980 | 
     +----------------------------------------------------------------------------------------+ 
Path 48: MET Late External Delay Assertion 
Endpoint:   pcpi_rs1[20]                    (v) checked with  leading edge of 
'clk'
Beginpoint: picorv32_core_reg_op1_reg[20]/Q (v) triggered by  leading edge of 
'clk'
Path Groups: {reg2out}
Analysis View: analysis1
Other End Arrival Time          0.000
- External Delay                0.500
+ Phase Shift                   2.500
- Uncertainty                   0.020
= Required Time                 1.980
- Arrival Time                  0.295
= Slack Time                    1.685
     Clock Rise Edge                 0.000
     + Clock Network Latency (Prop)  -0.001
     = Beginpoint Arrival Time       -0.001
     +----------------------------------------------------------------------------------------+ 
     |           Instance            |      Arc       |   Cell   | Delay | Arrival | Required | 
     |                               |                |          |       |  Time   |   Time   | 
     |-------------------------------+----------------+----------+-------+---------+----------| 
     | picorv32_core_reg_op1_reg[20] | CK ^           |          |       |  -0.001 |    1.684 | 
     | picorv32_core_reg_op1_reg[20] | CK ^ -> Q v    | DFFX1    | 0.106 |   0.105 |    1.790 | 
     | FE_OFC203_pcpi_rs1_20         | A v -> Y ^     | INVX1    | 0.043 |   0.148 |    1.833 | 
     | FE_OFC204_pcpi_rs1_20         | A ^ -> Y v     | CLKINVX8 | 0.139 |   0.288 |    1.973 | 
     |                               | pcpi_rs1[20] v |          | 0.007 |   0.295 |    1.980 | 
     +----------------------------------------------------------------------------------------+ 
Path 49: MET Late External Delay Assertion 
Endpoint:   pcpi_rs1[7]                    (v) checked with  leading edge of 
'clk'
Beginpoint: picorv32_core_reg_op1_reg[7]/Q (v) triggered by  leading edge of 
'clk'
Path Groups: {reg2out}
Analysis View: analysis1
Other End Arrival Time          0.000
- External Delay                0.500
+ Phase Shift                   2.500
- Uncertainty                   0.020
= Required Time                 1.980
- Arrival Time                  0.295
= Slack Time                    1.685
     Clock Rise Edge                 0.000
     + Clock Network Latency (Prop)  -0.001
     = Beginpoint Arrival Time       -0.001
     +--------------------------------------------------------------------------------------+ 
     |           Instance           |      Arc      |   Cell   | Delay | Arrival | Required | 
     |                              |               |          |       |  Time   |   Time   | 
     |------------------------------+---------------+----------+-------+---------+----------| 
     | picorv32_core_reg_op1_reg[7] | CK ^          |          |       |  -0.001 |    1.685 | 
     | picorv32_core_reg_op1_reg[7] | CK ^ -> Q v   | DFFX1    | 0.105 |   0.104 |    1.790 | 
     | FE_OFC245_pcpi_rs1_7         | A v -> Y ^    | INVX1    | 0.043 |   0.148 |    1.833 | 
     | FE_OFC246_pcpi_rs1_7         | A ^ -> Y v    | CLKINVX8 | 0.140 |   0.287 |    1.973 | 
     |                              | pcpi_rs1[7] v |          | 0.007 |   0.295 |    1.980 | 
     +--------------------------------------------------------------------------------------+ 
Path 50: MET Late External Delay Assertion 
Endpoint:   pcpi_rs1[23]                    (v) checked with  leading edge of 
'clk'
Beginpoint: picorv32_core_reg_op1_reg[23]/Q (v) triggered by  leading edge of 
'clk'
Path Groups: {reg2out}
Analysis View: analysis1
Other End Arrival Time          0.000
- External Delay                0.500
+ Phase Shift                   2.500
- Uncertainty                   0.020
= Required Time                 1.980
- Arrival Time                  0.295
= Slack Time                    1.685
     Clock Rise Edge                 0.000
     + Clock Network Latency (Prop)  -0.001
     = Beginpoint Arrival Time       -0.001
     +----------------------------------------------------------------------------------------+ 
     |           Instance            |      Arc       |   Cell   | Delay | Arrival | Required | 
     |                               |                |          |       |  Time   |   Time   | 
     |-------------------------------+----------------+----------+-------+---------+----------| 
     | picorv32_core_reg_op1_reg[23] | CK ^           |          |       |  -0.001 |    1.684 | 
     | picorv32_core_reg_op1_reg[23] | CK ^ -> Q v    | DFFHQX1  | 0.103 |   0.102 |    1.787 | 
     | FE_OFC661_pcpi_rs1_23         | A v -> Y ^     | INVX1    | 0.042 |   0.143 |    1.829 | 
     | FE_OFC541_pcpi_rs1_23         | A ^ -> Y v     | CLKINVX8 | 0.131 |   0.274 |    1.959 | 
     |                               | pcpi_rs1[23] v |          | 0.021 |   0.295 |    1.980 | 
     +----------------------------------------------------------------------------------------+ 

