###############################################################
#  Generated by:      Cadence Innovus 21.35-s114_1
#  OS:                Linux x86_64(Host ID cn95.it.auth.gr)
#  Generated on:      Mon Dec 22 16:28:56 2025
#  Design:            picorv32_wb
#  Command:           report_timing -path_group R2O -check_type hold -max_paths 50 > reports/postCTS/hold_R2O.rpt
###############################################################
Path 1: MET Early External Delay Assertion 
Endpoint:   pcpi_insn[8]                     (^) checked with  leading edge of 
'clk'
Beginpoint: picorv32_core_pcpi_insn_reg[8]/Q (^) triggered by  leading edge of 
'clk'
Path Groups: {R2O}
Analysis View: analysis1
Other End Arrival Time          0.000
- External Delay                0.250
+ Phase Shift                   0.000
+ Uncertainty                   0.020
= Required Time                -0.230
  Arrival Time                  0.057
  Slack Time                    0.287
     Clock Rise Edge                 0.000
     + Clock Network Latency (Prop)  -0.011
     = Beginpoint Arrival Time       -0.011
     +-----------------------------------------------------------------------------------------+ 
     |            Instance            |      Arc       |   Cell   | Delay | Arrival | Required | 
     |                                |                |          |       |  Time   |   Time   | 
     |--------------------------------+----------------+----------+-------+---------+----------| 
     | picorv32_core_pcpi_insn_reg[8] | CK ^           |          |       |  -0.011 |   -0.297 | 
     | picorv32_core_pcpi_insn_reg[8] | CK ^ -> Q ^    | EDFFHQX8 | 0.065 |   0.054 |   -0.233 | 
     |                                | pcpi_insn[8] ^ |          | 0.003 |   0.057 |   -0.230 | 
     +-----------------------------------------------------------------------------------------+ 
Path 2: MET Early External Delay Assertion 
Endpoint:   pcpi_insn[16]                     (^) checked with  leading edge of 
'clk'
Beginpoint: picorv32_core_pcpi_insn_reg[16]/Q (^) triggered by  leading edge of 
'clk'
Path Groups: {R2O}
Analysis View: analysis1
Other End Arrival Time          0.000
- External Delay                0.250
+ Phase Shift                   0.000
+ Uncertainty                   0.020
= Required Time                -0.230
  Arrival Time                  0.058
  Slack Time                    0.288
     Clock Rise Edge                 0.000
     + Clock Network Latency (Prop)  -0.010
     = Beginpoint Arrival Time       -0.010
     +-------------------------------------------------------------------------------------------+ 
     |            Instance             |       Arc       |   Cell   | Delay | Arrival | Required | 
     |                                 |                 |          |       |  Time   |   Time   | 
     |---------------------------------+-----------------+----------+-------+---------+----------| 
     | picorv32_core_pcpi_insn_reg[16] | CK ^            |          |       |  -0.010 |   -0.298 | 
     | picorv32_core_pcpi_insn_reg[16] | CK ^ -> Q ^     | EDFFHQX8 | 0.065 |   0.056 |   -0.232 | 
     |                                 | pcpi_insn[16] ^ |          | 0.002 |   0.058 |   -0.230 | 
     +-------------------------------------------------------------------------------------------+ 
Path 3: MET Early External Delay Assertion 
Endpoint:   pcpi_insn[10]                     (^) checked with  leading edge of 
'clk'
Beginpoint: picorv32_core_pcpi_insn_reg[10]/Q (^) triggered by  leading edge of 
'clk'
Path Groups: {R2O}
Analysis View: analysis1
Other End Arrival Time          0.000
- External Delay                0.250
+ Phase Shift                   0.000
+ Uncertainty                   0.020
= Required Time                -0.230
  Arrival Time                  0.058
  Slack Time                    0.288
     Clock Rise Edge                 0.000
     + Clock Network Latency (Prop)  -0.010
     = Beginpoint Arrival Time       -0.010
     +-------------------------------------------------------------------------------------------+ 
     |            Instance             |       Arc       |   Cell   | Delay | Arrival | Required | 
     |                                 |                 |          |       |  Time   |   Time   | 
     |---------------------------------+-----------------+----------+-------+---------+----------| 
     | picorv32_core_pcpi_insn_reg[10] | CK ^            |          |       |  -0.010 |   -0.298 | 
     | picorv32_core_pcpi_insn_reg[10] | CK ^ -> Q ^     | EDFFHQX8 | 0.065 |   0.056 |   -0.232 | 
     |                                 | pcpi_insn[10] ^ |          | 0.002 |   0.058 |   -0.230 | 
     +-------------------------------------------------------------------------------------------+ 
Path 4: MET Early External Delay Assertion 
Endpoint:   pcpi_insn[22]                     (^) checked with  leading edge of 
'clk'
Beginpoint: picorv32_core_pcpi_insn_reg[22]/Q (^) triggered by  leading edge of 
'clk'
Path Groups: {R2O}
Analysis View: analysis1
Other End Arrival Time          0.000
- External Delay                0.250
+ Phase Shift                   0.000
+ Uncertainty                   0.020
= Required Time                -0.230
  Arrival Time                  0.059
  Slack Time                    0.289
     Clock Rise Edge                 0.000
     + Clock Network Latency (Prop)  -0.009
     = Beginpoint Arrival Time       -0.009
     +-------------------------------------------------------------------------------------------+ 
     |            Instance             |       Arc       |   Cell   | Delay | Arrival | Required | 
     |                                 |                 |          |       |  Time   |   Time   | 
     |---------------------------------+-----------------+----------+-------+---------+----------| 
     | picorv32_core_pcpi_insn_reg[22] | CK ^            |          |       |  -0.009 |   -0.298 | 
     | picorv32_core_pcpi_insn_reg[22] | CK ^ -> Q ^     | EDFFHQX8 | 0.066 |   0.057 |   -0.232 | 
     |                                 | pcpi_insn[22] ^ |          | 0.002 |   0.059 |   -0.230 | 
     +-------------------------------------------------------------------------------------------+ 
Path 5: MET Early External Delay Assertion 
Endpoint:   pcpi_insn[20]                     (^) checked with  leading edge of 
'clk'
Beginpoint: picorv32_core_pcpi_insn_reg[20]/Q (^) triggered by  leading edge of 
'clk'
Path Groups: {R2O}
Analysis View: analysis1
Other End Arrival Time          0.000
- External Delay                0.250
+ Phase Shift                   0.000
+ Uncertainty                   0.020
= Required Time                -0.230
  Arrival Time                  0.059
  Slack Time                    0.289
     Clock Rise Edge                 0.000
     + Clock Network Latency (Prop)  -0.009
     = Beginpoint Arrival Time       -0.009
     +-------------------------------------------------------------------------------------------+ 
     |            Instance             |       Arc       |   Cell   | Delay | Arrival | Required | 
     |                                 |                 |          |       |  Time   |   Time   | 
     |---------------------------------+-----------------+----------+-------+---------+----------| 
     | picorv32_core_pcpi_insn_reg[20] | CK ^            |          |       |  -0.009 |   -0.298 | 
     | picorv32_core_pcpi_insn_reg[20] | CK ^ -> Q ^     | EDFFHQX8 | 0.066 |   0.057 |   -0.232 | 
     |                                 | pcpi_insn[20] ^ |          | 0.002 |   0.059 |   -0.230 | 
     +-------------------------------------------------------------------------------------------+ 
Path 6: MET Early External Delay Assertion 
Endpoint:   pcpi_insn[23]                     (^) checked with  leading edge of 
'clk'
Beginpoint: picorv32_core_pcpi_insn_reg[23]/Q (^) triggered by  leading edge of 
'clk'
Path Groups: {R2O}
Analysis View: analysis1
Other End Arrival Time          0.000
- External Delay                0.250
+ Phase Shift                   0.000
+ Uncertainty                   0.020
= Required Time                -0.230
  Arrival Time                  0.059
  Slack Time                    0.289
     Clock Rise Edge                 0.000
     + Clock Network Latency (Prop)  -0.009
     = Beginpoint Arrival Time       -0.009
     +-------------------------------------------------------------------------------------------+ 
     |            Instance             |       Arc       |   Cell   | Delay | Arrival | Required | 
     |                                 |                 |          |       |  Time   |   Time   | 
     |---------------------------------+-----------------+----------+-------+---------+----------| 
     | picorv32_core_pcpi_insn_reg[23] | CK ^            |          |       |  -0.009 |   -0.298 | 
     | picorv32_core_pcpi_insn_reg[23] | CK ^ -> Q ^     | EDFFHQX8 | 0.066 |   0.057 |   -0.232 | 
     |                                 | pcpi_insn[23] ^ |          | 0.002 |   0.059 |   -0.230 | 
     +-------------------------------------------------------------------------------------------+ 
Path 7: MET Early External Delay Assertion 
Endpoint:   pcpi_insn[21]                     (^) checked with  leading edge of 
'clk'
Beginpoint: picorv32_core_pcpi_insn_reg[21]/Q (^) triggered by  leading edge of 
'clk'
Path Groups: {R2O}
Analysis View: analysis1
Other End Arrival Time          0.000
- External Delay                0.250
+ Phase Shift                   0.000
+ Uncertainty                   0.020
= Required Time                -0.230
  Arrival Time                  0.066
  Slack Time                    0.296
     Clock Rise Edge                 0.000
     + Clock Network Latency (Prop)  -0.010
     = Beginpoint Arrival Time       -0.010
     +-------------------------------------------------------------------------------------------+ 
     |            Instance             |       Arc       |   Cell   | Delay | Arrival | Required | 
     |                                 |                 |          |       |  Time   |   Time   | 
     |---------------------------------+-----------------+----------+-------+---------+----------| 
     | picorv32_core_pcpi_insn_reg[21] | CK ^            |          |       |  -0.010 |   -0.306 | 
     | picorv32_core_pcpi_insn_reg[21] | CK ^ -> Q ^     | EDFFHQX1 | 0.041 |   0.032 |   -0.264 | 
     | FE_OFC679_pcpi_insn_21          | A ^ -> Y ^      | CLKBUFX8 | 0.032 |   0.063 |   -0.233 | 
     |                                 | pcpi_insn[21] ^ |          | 0.003 |   0.066 |   -0.230 | 
     +-------------------------------------------------------------------------------------------+ 
Path 8: MET Early External Delay Assertion 
Endpoint:   pcpi_insn[17]                     (^) checked with  leading edge of 
'clk'
Beginpoint: picorv32_core_pcpi_insn_reg[17]/Q (^) triggered by  leading edge of 
'clk'
Path Groups: {R2O}
Analysis View: analysis1
Other End Arrival Time          0.000
- External Delay                0.250
+ Phase Shift                   0.000
+ Uncertainty                   0.020
= Required Time                -0.230
  Arrival Time                  0.067
  Slack Time                    0.297
     Clock Rise Edge                 0.000
     + Clock Network Latency (Prop)  -0.010
     = Beginpoint Arrival Time       -0.010
     +-------------------------------------------------------------------------------------------+ 
     |            Instance             |       Arc       |   Cell   | Delay | Arrival | Required | 
     |                                 |                 |          |       |  Time   |   Time   | 
     |---------------------------------+-----------------+----------+-------+---------+----------| 
     | picorv32_core_pcpi_insn_reg[17] | CK ^            |          |       |  -0.010 |   -0.306 | 
     | picorv32_core_pcpi_insn_reg[17] | CK ^ -> Q ^     | EDFFHQX1 | 0.042 |   0.032 |   -0.265 | 
     | FE_OFC197673_pcpi_insn_17       | A ^ -> Y ^      | BUFX8    | 0.032 |   0.064 |   -0.233 | 
     |                                 | pcpi_insn[17] ^ |          | 0.003 |   0.067 |   -0.230 | 
     +-------------------------------------------------------------------------------------------+ 
Path 9: MET Early External Delay Assertion 
Endpoint:   pcpi_insn[18]                     (^) checked with  leading edge of 
'clk'
Beginpoint: picorv32_core_pcpi_insn_reg[18]/Q (^) triggered by  leading edge of 
'clk'
Path Groups: {R2O}
Analysis View: analysis1
Other End Arrival Time          0.000
- External Delay                0.250
+ Phase Shift                   0.000
+ Uncertainty                   0.020
= Required Time                -0.230
  Arrival Time                  0.067
  Slack Time                    0.297
     Clock Rise Edge                 0.000
     + Clock Network Latency (Prop)  -0.010
     = Beginpoint Arrival Time       -0.010
     +-------------------------------------------------------------------------------------------+ 
     |            Instance             |       Arc       |   Cell   | Delay | Arrival | Required | 
     |                                 |                 |          |       |  Time   |   Time   | 
     |---------------------------------+-----------------+----------+-------+---------+----------| 
     | picorv32_core_pcpi_insn_reg[18] | CK ^            |          |       |  -0.010 |   -0.306 | 
     | picorv32_core_pcpi_insn_reg[18] | CK ^ -> Q ^     | EDFFHQX1 | 0.042 |   0.032 |   -0.265 | 
     | FE_OFC577_pcpi_insn_18          | A ^ -> Y ^      | CLKBUFX8 | 0.032 |   0.064 |   -0.233 | 
     |                                 | pcpi_insn[18] ^ |          | 0.003 |   0.067 |   -0.230 | 
     +-------------------------------------------------------------------------------------------+ 
Path 10: MET Early External Delay Assertion 
Endpoint:   pcpi_insn[11]                     (^) checked with  leading edge of 
'clk'
Beginpoint: picorv32_core_pcpi_insn_reg[11]/Q (^) triggered by  leading edge of 
'clk'
Path Groups: {R2O}
Analysis View: analysis1
Other End Arrival Time          0.000
- External Delay                0.250
+ Phase Shift                   0.000
+ Uncertainty                   0.020
= Required Time                -0.230
  Arrival Time                  0.068
  Slack Time                    0.298
     Clock Rise Edge                 0.000
     + Clock Network Latency (Prop)  -0.011
     = Beginpoint Arrival Time       -0.011
     +-------------------------------------------------------------------------------------------+ 
     |            Instance             |       Arc       |   Cell   | Delay | Arrival | Required | 
     |                                 |                 |          |       |  Time   |   Time   | 
     |---------------------------------+-----------------+----------+-------+---------+----------| 
     | picorv32_core_pcpi_insn_reg[11] | CK ^            |          |       |  -0.011 |   -0.308 | 
     | picorv32_core_pcpi_insn_reg[11] | CK ^ -> Q ^     | EDFFHQX1 | 0.043 |   0.033 |   -0.265 | 
     | FE_OFC197598_pcpi_insn_11       | A ^ -> Y ^      | BUFX8    | 0.032 |   0.065 |   -0.232 | 
     |                                 | pcpi_insn[11] ^ |          | 0.002 |   0.068 |   -0.230 | 
     +-------------------------------------------------------------------------------------------+ 
Path 11: MET Early External Delay Assertion 
Endpoint:   pcpi_insn[9]                     (^) checked with  leading edge of 
'clk'
Beginpoint: picorv32_core_pcpi_insn_reg[9]/Q (^) triggered by  leading edge of 
'clk'
Path Groups: {R2O}
Analysis View: analysis1
Other End Arrival Time          0.000
- External Delay                0.250
+ Phase Shift                   0.000
+ Uncertainty                   0.020
= Required Time                -0.230
  Arrival Time                  0.068
  Slack Time                    0.298
     Clock Rise Edge                 0.000
     + Clock Network Latency (Prop)  -0.010
     = Beginpoint Arrival Time       -0.010
     +-----------------------------------------------------------------------------------------+ 
     |            Instance            |      Arc       |   Cell   | Delay | Arrival | Required | 
     |                                |                |          |       |  Time   |   Time   | 
     |--------------------------------+----------------+----------+-------+---------+----------| 
     | picorv32_core_pcpi_insn_reg[9] | CK ^           |          |       |  -0.010 |   -0.308 | 
     | picorv32_core_pcpi_insn_reg[9] | CK ^ -> Q ^    | EDFFHQX1 | 0.043 |   0.033 |   -0.265 | 
     | FE_OFC197600_pcpi_insn_9       | A ^ -> Y ^     | BUFX8    | 0.032 |   0.066 |   -0.233 | 
     |                                | pcpi_insn[9] ^ |          | 0.003 |   0.068 |   -0.230 | 
     +-----------------------------------------------------------------------------------------+ 
Path 12: MET Early External Delay Assertion 
Endpoint:   mem_instr                     (^) checked with  leading edge of 
'clk'
Beginpoint: picorv32_core_mem_instr_reg/Q (^) triggered by  leading edge of 
'clk'
Path Groups: {R2O}
Analysis View: analysis1
Other End Arrival Time          0.000
- External Delay                0.250
+ Phase Shift                   0.000
+ Uncertainty                   0.020
= Required Time                -0.230
  Arrival Time                  0.072
  Slack Time                    0.302
     Clock Rise Edge                 0.000
     + Clock Network Latency (Prop)  0.003
     = Beginpoint Arrival Time       0.003
     +-----------------------------------------------------------------------------------+ 
     |          Instance           |     Arc     |   Cell   | Delay | Arrival | Required | 
     |                             |             |          |       |  Time   |   Time   | 
     |-----------------------------+-------------+----------+-------+---------+----------| 
     | picorv32_core_mem_instr_reg | CK ^        |          |       |   0.003 |   -0.298 | 
     | picorv32_core_mem_instr_reg | CK ^ -> Q ^ | EDFFHQX8 | 0.066 |   0.069 |   -0.232 | 
     |                             | mem_instr ^ |          | 0.002 |   0.072 |   -0.230 | 
     +-----------------------------------------------------------------------------------+ 
Path 13: MET Early External Delay Assertion 
Endpoint:   pcpi_insn[5]                     (^) checked with  leading edge of 
'clk'
Beginpoint: picorv32_core_pcpi_insn_reg[5]/Q (^) triggered by  leading edge of 
'clk'
Path Groups: {R2O}
Analysis View: analysis1
Other End Arrival Time          0.000
- External Delay                0.250
+ Phase Shift                   0.000
+ Uncertainty                   0.020
= Required Time                -0.230
  Arrival Time                  0.072
  Slack Time                    0.302
     Clock Rise Edge                 0.000
     + Clock Network Latency (Prop)  -0.007
     = Beginpoint Arrival Time       -0.007
     +-----------------------------------------------------------------------------------------+ 
     |            Instance            |      Arc       |   Cell   | Delay | Arrival | Required | 
     |                                |                |          |       |  Time   |   Time   | 
     |--------------------------------+----------------+----------+-------+---------+----------| 
     | picorv32_core_pcpi_insn_reg[5] | CK ^           |          |       |  -0.007 |   -0.310 | 
     | picorv32_core_pcpi_insn_reg[5] | CK ^ -> Q ^    | EDFFHQX1 | 0.045 |   0.037 |   -0.265 | 
     | FE_OFC482_pcpi_insn_5          | A ^ -> Y ^     | CLKBUFX8 | 0.032 |   0.070 |   -0.233 | 
     |                                | pcpi_insn[5] ^ |          | 0.003 |   0.072 |   -0.230 | 
     +-----------------------------------------------------------------------------------------+ 
Path 14: MET Early External Delay Assertion 
Endpoint:   pcpi_insn[4]                     (^) checked with  leading edge of 
'clk'
Beginpoint: picorv32_core_pcpi_insn_reg[4]/Q (^) triggered by  leading edge of 
'clk'
Path Groups: {R2O}
Analysis View: analysis1
Other End Arrival Time          0.000
- External Delay                0.250
+ Phase Shift                   0.000
+ Uncertainty                   0.020
= Required Time                -0.230
  Arrival Time                  0.074
  Slack Time                    0.304
     Clock Rise Edge                 0.000
     + Clock Network Latency (Prop)  -0.007
     = Beginpoint Arrival Time       -0.007
     +-----------------------------------------------------------------------------------------+ 
     |            Instance            |      Arc       |   Cell   | Delay | Arrival | Required | 
     |                                |                |          |       |  Time   |   Time   | 
     |--------------------------------+----------------+----------+-------+---------+----------| 
     | picorv32_core_pcpi_insn_reg[4] | CK ^           |          |       |  -0.007 |   -0.311 | 
     | picorv32_core_pcpi_insn_reg[4] | CK ^ -> Q ^    | EDFFHQX1 | 0.046 |   0.039 |   -0.265 | 
     | FE_OFC197534_pcpi_insn_4       | A ^ -> Y ^     | BUFX8    | 0.033 |   0.072 |   -0.232 | 
     |                                | pcpi_insn[4] ^ |          | 0.002 |   0.074 |   -0.230 | 
     +-----------------------------------------------------------------------------------------+ 
Path 15: MET Early External Delay Assertion 
Endpoint:   pcpi_insn[26]                     (^) checked with  leading edge of 
'clk'
Beginpoint: picorv32_core_pcpi_insn_reg[26]/Q (^) triggered by  leading edge of 
'clk'
Path Groups: {R2O}
Analysis View: analysis1
Other End Arrival Time          0.000
- External Delay                0.250
+ Phase Shift                   0.000
+ Uncertainty                   0.020
= Required Time                -0.230
  Arrival Time                  0.074
  Slack Time                    0.304
     Clock Rise Edge                 0.000
     + Clock Network Latency (Prop)  -0.008
     = Beginpoint Arrival Time       -0.008
     +-------------------------------------------------------------------------------------------+ 
     |            Instance             |       Arc       |   Cell   | Delay | Arrival | Required | 
     |                                 |                 |          |       |  Time   |   Time   | 
     |---------------------------------+-----------------+----------+-------+---------+----------| 
     | picorv32_core_pcpi_insn_reg[26] | CK ^            |          |       |  -0.008 |   -0.312 | 
     | picorv32_core_pcpi_insn_reg[26] | CK ^ -> Q ^     | EDFFHQX1 | 0.046 |   0.039 |   -0.266 | 
     | FE_OFC197530_pcpi_insn_26       | A ^ -> Y ^      | BUFX8    | 0.033 |   0.071 |   -0.233 | 
     |                                 | pcpi_insn[26] ^ |          | 0.003 |   0.074 |   -0.230 | 
     +-------------------------------------------------------------------------------------------+ 
Path 16: MET Early External Delay Assertion 
Endpoint:   eoi[12]                     (^) checked with  leading edge of 'clk'
Beginpoint: picorv32_core_eoi_reg[12]/Q (^) triggered by  leading edge of 'clk'
Path Groups: {R2O}
Analysis View: analysis1
Other End Arrival Time          0.000
- External Delay                0.250
+ Phase Shift                   0.000
+ Uncertainty                   0.020
= Required Time                -0.230
  Arrival Time                  0.074
  Slack Time                    0.304
     Clock Rise Edge                 0.000
     + Clock Network Latency (Prop)  -0.009
     = Beginpoint Arrival Time       -0.009
     +---------------------------------------------------------------------------------+ 
     |         Instance          |     Arc     |   Cell   | Delay | Arrival | Required | 
     |                           |             |          |       |  Time   |   Time   | 
     |---------------------------+-------------+----------+-------+---------+----------| 
     | picorv32_core_eoi_reg[12] | CK ^        |          |       |  -0.009 |   -0.313 | 
     | picorv32_core_eoi_reg[12] | CK ^ -> Q ^ | DFFHQX1  | 0.047 |   0.038 |   -0.266 | 
     | FE_OFC620_eoi_12          | A ^ -> Y ^  | CLKBUFX8 | 0.034 |   0.072 |   -0.233 | 
     |                           | eoi[12] ^   |          | 0.003 |   0.074 |   -0.230 | 
     +---------------------------------------------------------------------------------+ 
Path 17: MET Early External Delay Assertion 
Endpoint:   pcpi_insn[27]                     (^) checked with  leading edge of 
'clk'
Beginpoint: picorv32_core_pcpi_insn_reg[27]/Q (^) triggered by  leading edge of 
'clk'
Path Groups: {R2O}
Analysis View: analysis1
Other End Arrival Time          0.000
- External Delay                0.250
+ Phase Shift                   0.000
+ Uncertainty                   0.020
= Required Time                -0.230
  Arrival Time                  0.074
  Slack Time                    0.304
     Clock Rise Edge                 0.000
     + Clock Network Latency (Prop)  -0.008
     = Beginpoint Arrival Time       -0.008
     +-------------------------------------------------------------------------------------------+ 
     |            Instance             |       Arc       |   Cell   | Delay | Arrival | Required | 
     |                                 |                 |          |       |  Time   |   Time   | 
     |---------------------------------+-----------------+----------+-------+---------+----------| 
     | picorv32_core_pcpi_insn_reg[27] | CK ^            |          |       |  -0.008 |   -0.312 | 
     | picorv32_core_pcpi_insn_reg[27] | CK ^ -> Q ^     | EDFFHQX1 | 0.047 |   0.039 |   -0.265 | 
     | FE_OFC678_pcpi_insn_27          | A ^ -> Y ^      | CLKBUFX8 | 0.033 |   0.072 |   -0.233 | 
     |                                 | pcpi_insn[27] ^ |          | 0.002 |   0.074 |   -0.230 | 
     +-------------------------------------------------------------------------------------------+ 
Path 18: MET Early External Delay Assertion 
Endpoint:   pcpi_insn[0]                     (^) checked with  leading edge of 
'clk'
Beginpoint: picorv32_core_pcpi_insn_reg[0]/Q (^) triggered by  leading edge of 
'clk'
Path Groups: {R2O}
Analysis View: analysis1
Other End Arrival Time          0.000
- External Delay                0.250
+ Phase Shift                   0.000
+ Uncertainty                   0.020
= Required Time                -0.230
  Arrival Time                  0.074
  Slack Time                    0.304
     Clock Rise Edge                 0.000
     + Clock Network Latency (Prop)  -0.008
     = Beginpoint Arrival Time       -0.008
     +-----------------------------------------------------------------------------------------+ 
     |            Instance            |      Arc       |   Cell   | Delay | Arrival | Required | 
     |                                |                |          |       |  Time   |   Time   | 
     |--------------------------------+----------------+----------+-------+---------+----------| 
     | picorv32_core_pcpi_insn_reg[0] | CK ^           |          |       |  -0.008 |   -0.312 | 
     | picorv32_core_pcpi_insn_reg[0] | CK ^ -> Q ^    | EDFFHQX1 | 0.047 |   0.039 |   -0.265 | 
     | FE_OFC582_pcpi_insn_0          | A ^ -> Y ^     | CLKBUFX8 | 0.033 |   0.072 |   -0.233 | 
     |                                | pcpi_insn[0] ^ |          | 0.002 |   0.074 |   -0.230 | 
     +-----------------------------------------------------------------------------------------+ 
Path 19: MET Early External Delay Assertion 
Endpoint:   pcpi_insn[28]                     (^) checked with  leading edge of 
'clk'
Beginpoint: picorv32_core_pcpi_insn_reg[28]/Q (^) triggered by  leading edge of 
'clk'
Path Groups: {R2O}
Analysis View: analysis1
Other End Arrival Time          0.000
- External Delay                0.250
+ Phase Shift                   0.000
+ Uncertainty                   0.020
= Required Time                -0.230
  Arrival Time                  0.074
  Slack Time                    0.304
     Clock Rise Edge                 0.000
     + Clock Network Latency (Prop)  -0.008
     = Beginpoint Arrival Time       -0.008
     +-------------------------------------------------------------------------------------------+ 
     |            Instance             |       Arc       |   Cell   | Delay | Arrival | Required | 
     |                                 |                 |          |       |  Time   |   Time   | 
     |---------------------------------+-----------------+----------+-------+---------+----------| 
     | picorv32_core_pcpi_insn_reg[28] | CK ^            |          |       |  -0.008 |   -0.312 | 
     | picorv32_core_pcpi_insn_reg[28] | CK ^ -> Q ^     | EDFFHQX1 | 0.047 |   0.039 |   -0.266 | 
     | FE_OFC197532_pcpi_insn_28       | A ^ -> Y ^      | BUFX8    | 0.033 |   0.072 |   -0.233 | 
     |                                 | pcpi_insn[28] ^ |          | 0.002 |   0.074 |   -0.230 | 
     +-------------------------------------------------------------------------------------------+ 
Path 20: MET Early External Delay Assertion 
Endpoint:   pcpi_insn[6]                     (^) checked with  leading edge of 
'clk'
Beginpoint: picorv32_core_pcpi_insn_reg[6]/Q (^) triggered by  leading edge of 
'clk'
Path Groups: {R2O}
Analysis View: analysis1
Other End Arrival Time          0.000
- External Delay                0.250
+ Phase Shift                   0.000
+ Uncertainty                   0.020
= Required Time                -0.230
  Arrival Time                  0.075
  Slack Time                    0.305
     Clock Rise Edge                 0.000
     + Clock Network Latency (Prop)  -0.008
     = Beginpoint Arrival Time       -0.008
     +-----------------------------------------------------------------------------------------+ 
     |            Instance            |      Arc       |   Cell   | Delay | Arrival | Required | 
     |                                |                |          |       |  Time   |   Time   | 
     |--------------------------------+----------------+----------+-------+---------+----------| 
     | picorv32_core_pcpi_insn_reg[6] | CK ^           |          |       |  -0.008 |   -0.312 | 
     | picorv32_core_pcpi_insn_reg[6] | CK ^ -> Q ^    | EDFFHQX1 | 0.047 |   0.039 |   -0.266 | 
     | FE_OFC480_pcpi_insn_6          | A ^ -> Y ^     | CLKBUFX8 | 0.033 |   0.072 |   -0.233 | 
     |                                | pcpi_insn[6] ^ |          | 0.003 |   0.075 |   -0.230 | 
     +-----------------------------------------------------------------------------------------+ 
Path 21: MET Early External Delay Assertion 
Endpoint:   pcpi_insn[1]                     (^) checked with  leading edge of 
'clk'
Beginpoint: picorv32_core_pcpi_insn_reg[1]/Q (^) triggered by  leading edge of 
'clk'
Path Groups: {R2O}
Analysis View: analysis1
Other End Arrival Time          0.000
- External Delay                0.250
+ Phase Shift                   0.000
+ Uncertainty                   0.020
= Required Time                -0.230
  Arrival Time                  0.076
  Slack Time                    0.306
     Clock Rise Edge                 0.000
     + Clock Network Latency (Prop)  -0.008
     = Beginpoint Arrival Time       -0.008
     +-----------------------------------------------------------------------------------------+ 
     |            Instance            |      Arc       |   Cell   | Delay | Arrival | Required | 
     |                                |                |          |       |  Time   |   Time   | 
     |--------------------------------+----------------+----------+-------+---------+----------| 
     | picorv32_core_pcpi_insn_reg[1] | CK ^           |          |       |  -0.008 |   -0.314 | 
     | picorv32_core_pcpi_insn_reg[1] | CK ^ -> Q ^    | EDFFHQX1 | 0.048 |   0.040 |   -0.266 | 
     | FE_OFC84_pcpi_insn_1           | A ^ -> Y ^     | CLKBUFX8 | 0.033 |   0.074 |   -0.233 | 
     |                                | pcpi_insn[1] ^ |          | 0.002 |   0.076 |   -0.230 | 
     +-----------------------------------------------------------------------------------------+ 
Path 22: MET Early External Delay Assertion 
Endpoint:   pcpi_insn[7]                     (^) checked with  leading edge of 
'clk'
Beginpoint: picorv32_core_pcpi_insn_reg[7]/Q (^) triggered by  leading edge of 
'clk'
Path Groups: {R2O}
Analysis View: analysis1
Other End Arrival Time          0.000
- External Delay                0.250
+ Phase Shift                   0.000
+ Uncertainty                   0.020
= Required Time                -0.230
  Arrival Time                  0.076
  Slack Time                    0.306
     Clock Rise Edge                 0.000
     + Clock Network Latency (Prop)  -0.008
     = Beginpoint Arrival Time       -0.008
     +-----------------------------------------------------------------------------------------+ 
     |            Instance            |      Arc       |   Cell   | Delay | Arrival | Required | 
     |                                |                |          |       |  Time   |   Time   | 
     |--------------------------------+----------------+----------+-------+---------+----------| 
     | picorv32_core_pcpi_insn_reg[7] | CK ^           |          |       |  -0.008 |   -0.314 | 
     | picorv32_core_pcpi_insn_reg[7] | CK ^ -> Q ^    | EDFFHQX8 | 0.051 |   0.043 |   -0.263 | 
     | FE_OFC718_pcpi_insn_7          | A ^ -> Y ^     | CLKBUFX8 | 0.033 |   0.076 |   -0.231 | 
     |                                | pcpi_insn[7] ^ |          | 0.001 |   0.076 |   -0.230 | 
     +-----------------------------------------------------------------------------------------+ 
Path 23: MET Early External Delay Assertion 
Endpoint:   pcpi_insn[15]                     (^) checked with  leading edge of 
'clk'
Beginpoint: picorv32_core_pcpi_insn_reg[15]/Q (^) triggered by  leading edge of 
'clk'
Path Groups: {R2O}
Analysis View: analysis1
Other End Arrival Time          0.000
- External Delay                0.250
+ Phase Shift                   0.000
+ Uncertainty                   0.020
= Required Time                -0.230
  Arrival Time                  0.076
  Slack Time                    0.306
     Clock Rise Edge                 0.000
     + Clock Network Latency (Prop)  -0.008
     = Beginpoint Arrival Time       -0.008
     +-------------------------------------------------------------------------------------------+ 
     |            Instance             |       Arc       |   Cell   | Delay | Arrival | Required | 
     |                                 |                 |          |       |  Time   |   Time   | 
     |---------------------------------+-----------------+----------+-------+---------+----------| 
     | picorv32_core_pcpi_insn_reg[15] | CK ^            |          |       |  -0.008 |   -0.314 | 
     | picorv32_core_pcpi_insn_reg[15] | CK ^ -> Q ^     | EDFFHQX8 | 0.051 |   0.043 |   -0.263 | 
     | FE_OFC717_pcpi_insn_15          | A ^ -> Y ^      | CLKBUFX8 | 0.033 |   0.076 |   -0.231 | 
     |                                 | pcpi_insn[15] ^ |          | 0.001 |   0.076 |   -0.230 | 
     +-------------------------------------------------------------------------------------------+ 
Path 24: MET Early External Delay Assertion 
Endpoint:   pcpi_insn[25]                     (^) checked with  leading edge of 
'clk'
Beginpoint: picorv32_core_pcpi_insn_reg[25]/Q (^) triggered by  leading edge of 
'clk'
Path Groups: {R2O}
Analysis View: analysis1
Other End Arrival Time          0.000
- External Delay                0.250
+ Phase Shift                   0.000
+ Uncertainty                   0.020
= Required Time                -0.230
  Arrival Time                  0.078
  Slack Time                    0.308
     Clock Rise Edge                 0.000
     + Clock Network Latency (Prop)  -0.008
     = Beginpoint Arrival Time       -0.008
     +-------------------------------------------------------------------------------------------+ 
     |            Instance             |       Arc       |   Cell   | Delay | Arrival | Required | 
     |                                 |                 |          |       |  Time   |   Time   | 
     |---------------------------------+-----------------+----------+-------+---------+----------| 
     | picorv32_core_pcpi_insn_reg[25] | CK ^            |          |       |  -0.008 |   -0.316 | 
     | picorv32_core_pcpi_insn_reg[25] | CK ^ -> Q ^     | EDFFHQX1 | 0.049 |   0.042 |   -0.266 | 
     | FE_OFC197540_pcpi_insn_25       | A ^ -> Y ^      | BUFX8    | 0.034 |   0.075 |   -0.233 | 
     |                                 | pcpi_insn[25] ^ |          | 0.002 |   0.078 |   -0.230 | 
     +-------------------------------------------------------------------------------------------+ 
Path 25: MET Early External Delay Assertion 
Endpoint:   eoi[5]                     (^) checked with  leading edge of 'clk'
Beginpoint: picorv32_core_eoi_reg[5]/Q (^) triggered by  leading edge of 'clk'
Path Groups: {R2O}
Analysis View: analysis1
Other End Arrival Time          0.000
- External Delay                0.250
+ Phase Shift                   0.000
+ Uncertainty                   0.020
= Required Time                -0.230
  Arrival Time                  0.078
  Slack Time                    0.308
     Clock Rise Edge                 0.000
     + Clock Network Latency (Prop)  -0.010
     = Beginpoint Arrival Time       -0.010
     +--------------------------------------------------------------------------------+ 
     |         Instance         |     Arc     |   Cell   | Delay | Arrival | Required | 
     |                          |             |          |       |  Time   |   Time   | 
     |--------------------------+-------------+----------+-------+---------+----------| 
     | picorv32_core_eoi_reg[5] | CK ^        |          |       |  -0.010 |   -0.318 | 
     | picorv32_core_eoi_reg[5] | CK ^ -> Q ^ | DFFHQX1  | 0.051 |   0.041 |   -0.267 | 
     | FE_OFC495_eoi_5          | A ^ -> Y ^  | CLKBUFX8 | 0.035 |   0.075 |   -0.233 | 
     |                          | eoi[5] ^    |          | 0.003 |   0.078 |   -0.230 | 
     +--------------------------------------------------------------------------------+ 
Path 26: MET Early External Delay Assertion 
Endpoint:   wbm_dat_o[24]       (^) checked with  leading edge of 'clk'
Beginpoint: wbm_dat_o_reg[24]/Q (^) triggered by  leading edge of 'clk'
Path Groups: {R2O}
Analysis View: analysis1
Other End Arrival Time          0.000
- External Delay                0.250
+ Phase Shift                   0.000
+ Uncertainty                   0.020
= Required Time                -0.230
  Arrival Time                  0.078
  Slack Time                    0.308
     Clock Rise Edge                 0.000
     + Clock Network Latency (Prop)  0.003
     = Beginpoint Arrival Time       0.003
     +------------------------------------------------------------------------------------+ 
     |         Instance          |       Arc       |  Cell   | Delay | Arrival | Required | 
     |                           |                 |         |       |  Time   |   Time   | 
     |---------------------------+-----------------+---------+-------+---------+----------| 
     | wbm_dat_o_reg[24]         | CK ^            |         |       |   0.003 |   -0.305 | 
     | wbm_dat_o_reg[24]         | CK ^ -> Q ^     | DFFHQX1 | 0.040 |   0.043 |   -0.265 | 
     | FE_OFC197510_wbm_dat_o_24 | A ^ -> Y ^      | BUFX8   | 0.033 |   0.076 |   -0.232 | 
     |                           | wbm_dat_o[24] ^ |         | 0.002 |   0.078 |   -0.230 | 
     +------------------------------------------------------------------------------------+ 
Path 27: MET Early External Delay Assertion 
Endpoint:   wbm_dat_o[16]       (^) checked with  leading edge of 'clk'
Beginpoint: wbm_dat_o_reg[16]/Q (^) triggered by  leading edge of 'clk'
Path Groups: {R2O}
Analysis View: analysis1
Other End Arrival Time          0.000
- External Delay                0.250
+ Phase Shift                   0.000
+ Uncertainty                   0.020
= Required Time                -0.230
  Arrival Time                  0.079
  Slack Time                    0.309
     Clock Rise Edge                 0.000
     + Clock Network Latency (Prop)  0.003
     = Beginpoint Arrival Time       0.003
     +----------------------------------------------------------------------------------+ 
     |        Instance        |       Arc       |   Cell   | Delay | Arrival | Required | 
     |                        |                 |          |       |  Time   |   Time   | 
     |------------------------+-----------------+----------+-------+---------+----------| 
     | wbm_dat_o_reg[16]      | CK ^            |          |       |   0.003 |   -0.305 | 
     | wbm_dat_o_reg[16]      | CK ^ -> Q ^     | DFFHQX1  | 0.041 |   0.044 |   -0.265 | 
     | FE_OFC558_wbm_dat_o_16 | A ^ -> Y ^      | CLKBUFX8 | 0.032 |   0.076 |   -0.232 | 
     |                        | wbm_dat_o[16] ^ |          | 0.002 |   0.079 |   -0.230 | 
     +----------------------------------------------------------------------------------+ 
Path 28: MET Early External Delay Assertion 
Endpoint:   wbm_dat_o[9]       (^) checked with  leading edge of 'clk'
Beginpoint: wbm_dat_o_reg[9]/Q (^) triggered by  leading edge of 'clk'
Path Groups: {R2O}
Analysis View: analysis1
Other End Arrival Time          0.000
- External Delay                0.250
+ Phase Shift                   0.000
+ Uncertainty                   0.020
= Required Time                -0.230
  Arrival Time                  0.079
  Slack Time                    0.309
     Clock Rise Edge                 0.000
     + Clock Network Latency (Prop)  0.004
     = Beginpoint Arrival Time       0.004
     +--------------------------------------------------------------------------------+ 
     |       Instance        |      Arc       |   Cell   | Delay | Arrival | Required | 
     |                       |                |          |       |  Time   |   Time   | 
     |-----------------------+----------------+----------+-------+---------+----------| 
     | wbm_dat_o_reg[9]      | CK ^           |          |       |   0.004 |   -0.305 | 
     | wbm_dat_o_reg[9]      | CK ^ -> Q ^    | DFFHQX1  | 0.040 |   0.044 |   -0.265 | 
     | FE_OFC626_wbm_dat_o_9 | A ^ -> Y ^     | CLKBUFX8 | 0.032 |   0.076 |   -0.233 | 
     |                       | wbm_dat_o[9] ^ |          | 0.003 |   0.079 |   -0.230 | 
     +--------------------------------------------------------------------------------+ 
Path 29: MET Early External Delay Assertion 
Endpoint:   wbm_dat_o[22]       (^) checked with  leading edge of 'clk'
Beginpoint: wbm_dat_o_reg[22]/Q (^) triggered by  leading edge of 'clk'
Path Groups: {R2O}
Analysis View: analysis1
Other End Arrival Time          0.000
- External Delay                0.250
+ Phase Shift                   0.000
+ Uncertainty                   0.020
= Required Time                -0.230
  Arrival Time                  0.079
  Slack Time                    0.309
     Clock Rise Edge                 0.000
     + Clock Network Latency (Prop)  0.003
     = Beginpoint Arrival Time       0.003
     +------------------------------------------------------------------------------------+ 
     |         Instance          |       Arc       |  Cell   | Delay | Arrival | Required | 
     |                           |                 |         |       |  Time   |   Time   | 
     |---------------------------+-----------------+---------+-------+---------+----------| 
     | wbm_dat_o_reg[22]         | CK ^            |         |       |   0.003 |   -0.306 | 
     | wbm_dat_o_reg[22]         | CK ^ -> Q ^     | DFFHQX1 | 0.041 |   0.045 |   -0.265 | 
     | FE_OFC197518_wbm_dat_o_22 | A ^ -> Y ^      | BUFX8   | 0.033 |   0.077 |   -0.232 | 
     |                           | wbm_dat_o[22] ^ |         | 0.002 |   0.079 |   -0.230 | 
     +------------------------------------------------------------------------------------+ 
Path 30: MET Early External Delay Assertion 
Endpoint:   wbm_dat_o[20]       (^) checked with  leading edge of 'clk'
Beginpoint: wbm_dat_o_reg[20]/Q (^) triggered by  leading edge of 'clk'
Path Groups: {R2O}
Analysis View: analysis1
Other End Arrival Time          0.000
- External Delay                0.250
+ Phase Shift                   0.000
+ Uncertainty                   0.020
= Required Time                -0.230
  Arrival Time                  0.079
  Slack Time                    0.309
     Clock Rise Edge                 0.000
     + Clock Network Latency (Prop)  0.003
     = Beginpoint Arrival Time       0.003
     +----------------------------------------------------------------------------------+ 
     |        Instance        |       Arc       |   Cell   | Delay | Arrival | Required | 
     |                        |                 |          |       |  Time   |   Time   | 
     |------------------------+-----------------+----------+-------+---------+----------| 
     | wbm_dat_o_reg[20]      | CK ^            |          |       |   0.003 |   -0.306 | 
     | wbm_dat_o_reg[20]      | CK ^ -> Q ^     | DFFHQX1  | 0.041 |   0.044 |   -0.265 | 
     | FE_OFC401_wbm_dat_o_20 | A ^ -> Y ^      | CLKBUFX8 | 0.033 |   0.077 |   -0.232 | 
     |                        | wbm_dat_o[20] ^ |          | 0.002 |   0.079 |   -0.230 | 
     +----------------------------------------------------------------------------------+ 
Path 31: MET Early External Delay Assertion 
Endpoint:   wbm_dat_o[11]       (^) checked with  leading edge of 'clk'
Beginpoint: wbm_dat_o_reg[11]/Q (^) triggered by  leading edge of 'clk'
Path Groups: {R2O}
Analysis View: analysis1
Other End Arrival Time          0.000
- External Delay                0.250
+ Phase Shift                   0.000
+ Uncertainty                   0.020
= Required Time                -0.230
  Arrival Time                  0.079
  Slack Time                    0.309
     Clock Rise Edge                 0.000
     + Clock Network Latency (Prop)  0.004
     = Beginpoint Arrival Time       0.004
     +---------------------------------------------------------------------------------+ 
     |        Instance        |       Arc       |  Cell   | Delay | Arrival | Required | 
     |                        |                 |         |       |  Time   |   Time   | 
     |------------------------+-----------------+---------+-------+---------+----------| 
     | wbm_dat_o_reg[11]      | CK ^            |         |       |   0.004 |   -0.305 | 
     | wbm_dat_o_reg[11]      | CK ^ -> Q ^     | DFFHQX1 | 0.041 |   0.045 |   -0.265 | 
     | FE_OFC698_wbm_dat_o_11 | A ^ -> Y ^      | BUFX8   | 0.032 |   0.077 |   -0.233 | 
     |                        | wbm_dat_o[11] ^ |         | 0.003 |   0.079 |   -0.230 | 
     +---------------------------------------------------------------------------------+ 
Path 32: MET Early External Delay Assertion 
Endpoint:   wbm_dat_o[21]       (^) checked with  leading edge of 'clk'
Beginpoint: wbm_dat_o_reg[21]/Q (^) triggered by  leading edge of 'clk'
Path Groups: {R2O}
Analysis View: analysis1
Other End Arrival Time          0.000
- External Delay                0.250
+ Phase Shift                   0.000
+ Uncertainty                   0.020
= Required Time                -0.230
  Arrival Time                  0.079
  Slack Time                    0.309
     Clock Rise Edge                 0.000
     + Clock Network Latency (Prop)  0.003
     = Beginpoint Arrival Time       0.003
     +----------------------------------------------------------------------------------+ 
     |        Instance        |       Arc       |   Cell   | Delay | Arrival | Required | 
     |                        |                 |          |       |  Time   |   Time   | 
     |------------------------+-----------------+----------+-------+---------+----------| 
     | wbm_dat_o_reg[21]      | CK ^            |          |       |   0.003 |   -0.306 | 
     | wbm_dat_o_reg[21]      | CK ^ -> Q ^     | DFFHQX1  | 0.041 |   0.045 |   -0.265 | 
     | FE_OFC534_wbm_dat_o_21 | A ^ -> Y ^      | CLKBUFX8 | 0.032 |   0.077 |   -0.232 | 
     |                        | wbm_dat_o[21] ^ |          | 0.002 |   0.079 |   -0.230 | 
     +----------------------------------------------------------------------------------+ 
Path 33: MET Early External Delay Assertion 
Endpoint:   wbm_we_o       (^) checked with  leading edge of 'clk'
Beginpoint: wbm_we_o_reg/Q (^) triggered by  leading edge of 'clk'
Path Groups: {R2O}
Analysis View: analysis1
Other End Arrival Time          0.000
- External Delay                0.250
+ Phase Shift                   0.000
+ Uncertainty                   0.020
= Required Time                -0.230
  Arrival Time                  0.080
  Slack Time                    0.310
     Clock Rise Edge                 0.000
     + Clock Network Latency (Prop)  0.004
     = Beginpoint Arrival Time       0.004
     +----------------------------------------------------------------------------+ 
     |       Instance        |     Arc     |  Cell   | Delay | Arrival | Required | 
     |                       |             |         |       |  Time   |   Time   | 
     |-----------------------+-------------+---------+-------+---------+----------| 
     | wbm_we_o_reg          | CK ^        |         |       |   0.004 |   -0.306 | 
     | wbm_we_o_reg          | CK ^ -> Q ^ | DFFHQX1 | 0.041 |   0.045 |   -0.265 | 
     | FE_OFC197520_wbm_we_o | A ^ -> Y ^  | BUFX8   | 0.032 |   0.077 |   -0.233 | 
     |                       | wbm_we_o ^  |         | 0.003 |   0.080 |   -0.230 | 
     +----------------------------------------------------------------------------+ 
Path 34: MET Early External Delay Assertion 
Endpoint:   wbm_sel_o[0]       (^) checked with  leading edge of 'clk'
Beginpoint: wbm_sel_o_reg[0]/Q (^) triggered by  leading edge of 'clk'
Path Groups: {R2O}
Analysis View: analysis1
Other End Arrival Time          0.000
- External Delay                0.250
+ Phase Shift                   0.000
+ Uncertainty                   0.020
= Required Time                -0.230
  Arrival Time                  0.080
  Slack Time                    0.310
     Clock Rise Edge                 0.000
     + Clock Network Latency (Prop)  0.004
     = Beginpoint Arrival Time       0.004
     +--------------------------------------------------------------------------------+ 
     |       Instance        |      Arc       |   Cell   | Delay | Arrival | Required | 
     |                       |                |          |       |  Time   |   Time   | 
     |-----------------------+----------------+----------+-------+---------+----------| 
     | wbm_sel_o_reg[0]      | CK ^           |          |       |   0.004 |   -0.306 | 
     | wbm_sel_o_reg[0]      | CK ^ -> Q ^    | DFFHQX1  | 0.041 |   0.045 |   -0.265 | 
     | FE_OFC559_wbm_sel_o_0 | A ^ -> Y ^     | CLKBUFX8 | 0.032 |   0.077 |   -0.233 | 
     |                       | wbm_sel_o[0] ^ |          | 0.003 |   0.080 |   -0.230 | 
     +--------------------------------------------------------------------------------+ 
Path 35: MET Early External Delay Assertion 
Endpoint:   wbm_dat_o[13]       (^) checked with  leading edge of 'clk'
Beginpoint: wbm_dat_o_reg[13]/Q (^) triggered by  leading edge of 'clk'
Path Groups: {R2O}
Analysis View: analysis1
Other End Arrival Time          0.000
- External Delay                0.250
+ Phase Shift                   0.000
+ Uncertainty                   0.020
= Required Time                -0.230
  Arrival Time                  0.080
  Slack Time                    0.310
     Clock Rise Edge                 0.000
     + Clock Network Latency (Prop)  0.004
     = Beginpoint Arrival Time       0.004
     +----------------------------------------------------------------------------------+ 
     |        Instance        |       Arc       |   Cell   | Delay | Arrival | Required | 
     |                        |                 |          |       |  Time   |   Time   | 
     |------------------------+-----------------+----------+-------+---------+----------| 
     | wbm_dat_o_reg[13]      | CK ^            |          |       |   0.004 |   -0.306 | 
     | wbm_dat_o_reg[13]      | CK ^ -> Q ^     | DFFHQX1  | 0.041 |   0.045 |   -0.265 | 
     | FE_OFC556_wbm_dat_o_13 | A ^ -> Y ^      | CLKBUFX8 | 0.032 |   0.077 |   -0.233 | 
     |                        | wbm_dat_o[13] ^ |          | 0.003 |   0.080 |   -0.230 | 
     +----------------------------------------------------------------------------------+ 
Path 36: MET Early External Delay Assertion 
Endpoint:   wbm_dat_o[25]       (^) checked with  leading edge of 'clk'
Beginpoint: wbm_dat_o_reg[25]/Q (^) triggered by  leading edge of 'clk'
Path Groups: {R2O}
Analysis View: analysis1
Other End Arrival Time          0.000
- External Delay                0.250
+ Phase Shift                   0.000
+ Uncertainty                   0.020
= Required Time                -0.230
  Arrival Time                  0.080
  Slack Time                    0.310
     Clock Rise Edge                 0.000
     + Clock Network Latency (Prop)  0.003
     = Beginpoint Arrival Time       0.003
     +----------------------------------------------------------------------------------+ 
     |        Instance        |       Arc       |   Cell   | Delay | Arrival | Required | 
     |                        |                 |          |       |  Time   |   Time   | 
     |------------------------+-----------------+----------+-------+---------+----------| 
     | wbm_dat_o_reg[25]      | CK ^            |          |       |   0.003 |   -0.307 | 
     | wbm_dat_o_reg[25]      | CK ^ -> Q ^     | DFFHQX1  | 0.042 |   0.045 |   -0.265 | 
     | FE_OFC529_wbm_dat_o_25 | A ^ -> Y ^      | CLKBUFX8 | 0.033 |   0.078 |   -0.232 | 
     |                        | wbm_dat_o[25] ^ |          | 0.002 |   0.080 |   -0.230 | 
     +----------------------------------------------------------------------------------+ 
Path 37: MET Early External Delay Assertion 
Endpoint:   wbm_dat_o[4]       (^) checked with  leading edge of 'clk'
Beginpoint: wbm_dat_o_reg[4]/Q (^) triggered by  leading edge of 'clk'
Path Groups: {R2O}
Analysis View: analysis1
Other End Arrival Time          0.000
- External Delay                0.250
+ Phase Shift                   0.000
+ Uncertainty                   0.020
= Required Time                -0.230
  Arrival Time                  0.080
  Slack Time                    0.310
     Clock Rise Edge                 0.000
     + Clock Network Latency (Prop)  0.004
     = Beginpoint Arrival Time       0.004
     +--------------------------------------------------------------------------------+ 
     |       Instance        |      Arc       |   Cell   | Delay | Arrival | Required | 
     |                       |                |          |       |  Time   |   Time   | 
     |-----------------------+----------------+----------+-------+---------+----------| 
     | wbm_dat_o_reg[4]      | CK ^           |          |       |   0.004 |   -0.306 | 
     | wbm_dat_o_reg[4]      | CK ^ -> Q ^    | DFFHQX1  | 0.041 |   0.045 |   -0.265 | 
     | FE_OFC537_wbm_dat_o_4 | A ^ -> Y ^     | CLKBUFX8 | 0.032 |   0.078 |   -0.232 | 
     |                       | wbm_dat_o[4] ^ |          | 0.002 |   0.080 |   -0.230 | 
     +--------------------------------------------------------------------------------+ 
Path 38: MET Early External Delay Assertion 
Endpoint:   wbm_dat_o[10]       (^) checked with  leading edge of 'clk'
Beginpoint: wbm_dat_o_reg[10]/Q (^) triggered by  leading edge of 'clk'
Path Groups: {R2O}
Analysis View: analysis1
Other End Arrival Time          0.000
- External Delay                0.250
+ Phase Shift                   0.000
+ Uncertainty                   0.020
= Required Time                -0.230
  Arrival Time                  0.080
  Slack Time                    0.310
     Clock Rise Edge                 0.000
     + Clock Network Latency (Prop)  0.004
     = Beginpoint Arrival Time       0.004
     +----------------------------------------------------------------------------------+ 
     |        Instance        |       Arc       |   Cell   | Delay | Arrival | Required | 
     |                        |                 |          |       |  Time   |   Time   | 
     |------------------------+-----------------+----------+-------+---------+----------| 
     | wbm_dat_o_reg[10]      | CK ^            |          |       |   0.004 |   -0.306 | 
     | wbm_dat_o_reg[10]      | CK ^ -> Q ^     | DFFHQX1  | 0.041 |   0.045 |   -0.265 | 
     | FE_OFC513_wbm_dat_o_10 | A ^ -> Y ^      | CLKBUFX8 | 0.032 |   0.077 |   -0.233 | 
     |                        | wbm_dat_o[10] ^ |          | 0.003 |   0.080 |   -0.230 | 
     +----------------------------------------------------------------------------------+ 
Path 39: MET Early External Delay Assertion 
Endpoint:   wbm_dat_o[1]       (^) checked with  leading edge of 'clk'
Beginpoint: wbm_dat_o_reg[1]/Q (^) triggered by  leading edge of 'clk'
Path Groups: {R2O}
Analysis View: analysis1
Other End Arrival Time          0.000
- External Delay                0.250
+ Phase Shift                   0.000
+ Uncertainty                   0.020
= Required Time                -0.230
  Arrival Time                  0.080
  Slack Time                    0.310
     Clock Rise Edge                 0.000
     + Clock Network Latency (Prop)  0.004
     = Beginpoint Arrival Time       0.004
     +--------------------------------------------------------------------------------+ 
     |       Instance        |      Arc       |   Cell   | Delay | Arrival | Required | 
     |                       |                |          |       |  Time   |   Time   | 
     |-----------------------+----------------+----------+-------+---------+----------| 
     | wbm_dat_o_reg[1]      | CK ^           |          |       |   0.004 |   -0.306 | 
     | wbm_dat_o_reg[1]      | CK ^ -> Q ^    | DFFHQX1  | 0.041 |   0.045 |   -0.265 | 
     | FE_OFC553_wbm_dat_o_1 | A ^ -> Y ^     | CLKBUFX8 | 0.032 |   0.077 |   -0.233 | 
     |                       | wbm_dat_o[1] ^ |          | 0.003 |   0.080 |   -0.230 | 
     +--------------------------------------------------------------------------------+ 
Path 40: MET Early External Delay Assertion 
Endpoint:   wbm_adr_o[5]       (^) checked with  leading edge of 'clk'
Beginpoint: wbm_adr_o_reg[5]/Q (^) triggered by  leading edge of 'clk'
Path Groups: {R2O}
Analysis View: analysis1
Other End Arrival Time          0.000
- External Delay                0.250
+ Phase Shift                   0.000
+ Uncertainty                   0.020
= Required Time                -0.230
  Arrival Time                  0.080
  Slack Time                    0.310
     Clock Rise Edge                 0.000
     + Clock Network Latency (Prop)  0.004
     = Beginpoint Arrival Time       0.004
     +--------------------------------------------------------------------------------+ 
     |       Instance        |      Arc       |   Cell   | Delay | Arrival | Required | 
     |                       |                |          |       |  Time   |   Time   | 
     |-----------------------+----------------+----------+-------+---------+----------| 
     | wbm_adr_o_reg[5]      | CK ^           |          |       |   0.004 |   -0.307 | 
     | wbm_adr_o_reg[5]      | CK ^ -> Q ^    | DFFHQX1  | 0.041 |   0.044 |   -0.266 | 
     | FE_OFC396_wbm_adr_o_5 | A ^ -> Y ^     | CLKBUFX8 | 0.033 |   0.077 |   -0.233 | 
     |                       | wbm_adr_o[5] ^ |          | 0.003 |   0.080 |   -0.230 | 
     +--------------------------------------------------------------------------------+ 
Path 41: MET Early External Delay Assertion 
Endpoint:   wbm_dat_o[5]       (^) checked with  leading edge of 'clk'
Beginpoint: wbm_dat_o_reg[5]/Q (^) triggered by  leading edge of 'clk'
Path Groups: {R2O}
Analysis View: analysis1
Other End Arrival Time          0.000
- External Delay                0.250
+ Phase Shift                   0.000
+ Uncertainty                   0.020
= Required Time                -0.230
  Arrival Time                  0.080
  Slack Time                    0.310
     Clock Rise Edge                 0.000
     + Clock Network Latency (Prop)  0.004
     = Beginpoint Arrival Time       0.004
     +-------------------------------------------------------------------------------+ 
     |       Instance       |      Arc       |   Cell   | Delay | Arrival | Required | 
     |                      |                |          |       |  Time   |   Time   | 
     |----------------------+----------------+----------+-------+---------+----------| 
     | wbm_dat_o_reg[5]     | CK ^           |          |       |   0.004 |   -0.306 | 
     | wbm_dat_o_reg[5]     | CK ^ -> Q ^    | DFFHQX1  | 0.042 |   0.045 |   -0.265 | 
     | FE_OFC68_wbm_dat_o_5 | A ^ -> Y ^     | CLKBUFX8 | 0.033 |   0.078 |   -0.232 | 
     |                      | wbm_dat_o[5] ^ |          | 0.002 |   0.080 |   -0.230 | 
     +-------------------------------------------------------------------------------+ 
Path 42: MET Early External Delay Assertion 
Endpoint:   wbm_sel_o[1]       (^) checked with  leading edge of 'clk'
Beginpoint: wbm_sel_o_reg[1]/Q (^) triggered by  leading edge of 'clk'
Path Groups: {R2O}
Analysis View: analysis1
Other End Arrival Time          0.000
- External Delay                0.250
+ Phase Shift                   0.000
+ Uncertainty                   0.020
= Required Time                -0.230
  Arrival Time                  0.080
  Slack Time                    0.310
     Clock Rise Edge                 0.000
     + Clock Network Latency (Prop)  0.004
     = Beginpoint Arrival Time       0.004
     +--------------------------------------------------------------------------------+ 
     |       Instance        |      Arc       |   Cell   | Delay | Arrival | Required | 
     |                       |                |          |       |  Time   |   Time   | 
     |-----------------------+----------------+----------+-------+---------+----------| 
     | wbm_sel_o_reg[1]      | CK ^           |          |       |   0.004 |   -0.307 | 
     | wbm_sel_o_reg[1]      | CK ^ -> Q ^    | DFFHQX1  | 0.041 |   0.045 |   -0.265 | 
     | FE_OFC625_wbm_sel_o_1 | A ^ -> Y ^     | CLKBUFX8 | 0.032 |   0.077 |   -0.233 | 
     |                       | wbm_sel_o[1] ^ |          | 0.003 |   0.080 |   -0.230 | 
     +--------------------------------------------------------------------------------+ 
Path 43: MET Early External Delay Assertion 
Endpoint:   wbm_dat_o[12]       (^) checked with  leading edge of 'clk'
Beginpoint: wbm_dat_o_reg[12]/Q (^) triggered by  leading edge of 'clk'
Path Groups: {R2O}
Analysis View: analysis1
Other End Arrival Time          0.000
- External Delay                0.250
+ Phase Shift                   0.000
+ Uncertainty                   0.020
= Required Time                -0.230
  Arrival Time                  0.080
  Slack Time                    0.310
     Clock Rise Edge                 0.000
     + Clock Network Latency (Prop)  0.004
     = Beginpoint Arrival Time       0.004
     +----------------------------------------------------------------------------------+ 
     |        Instance        |       Arc       |   Cell   | Delay | Arrival | Required | 
     |                        |                 |          |       |  Time   |   Time   | 
     |------------------------+-----------------+----------+-------+---------+----------| 
     | wbm_dat_o_reg[12]      | CK ^            |          |       |   0.004 |   -0.306 | 
     | wbm_dat_o_reg[12]      | CK ^ -> Q ^     | DFFHQX1  | 0.041 |   0.045 |   -0.265 | 
     | FE_OFC614_wbm_dat_o_12 | A ^ -> Y ^      | CLKBUFX8 | 0.032 |   0.077 |   -0.233 | 
     |                        | wbm_dat_o[12] ^ |          | 0.003 |   0.080 |   -0.230 | 
     +----------------------------------------------------------------------------------+ 
Path 44: MET Early External Delay Assertion 
Endpoint:   wbm_dat_o[7]       (^) checked with  leading edge of 'clk'
Beginpoint: wbm_dat_o_reg[7]/Q (^) triggered by  leading edge of 'clk'
Path Groups: {R2O}
Analysis View: analysis1
Other End Arrival Time          0.000
- External Delay                0.250
+ Phase Shift                   0.000
+ Uncertainty                   0.020
= Required Time                -0.230
  Arrival Time                  0.080
  Slack Time                    0.310
     Clock Rise Edge                 0.000
     + Clock Network Latency (Prop)  0.004
     = Beginpoint Arrival Time       0.004
     +----------------------------------------------------------------------------------+ 
     |         Instance         |      Arc       |  Cell   | Delay | Arrival | Required | 
     |                          |                |         |       |  Time   |   Time   | 
     |--------------------------+----------------+---------+-------+---------+----------| 
     | wbm_dat_o_reg[7]         | CK ^           |         |       |   0.004 |   -0.307 | 
     | wbm_dat_o_reg[7]         | CK ^ -> Q ^    | DFFHQX1 | 0.042 |   0.046 |   -0.265 | 
     | FE_OFC197516_wbm_dat_o_7 | A ^ -> Y ^     | BUFX8   | 0.033 |   0.078 |   -0.232 | 
     |                          | wbm_dat_o[7] ^ |         | 0.002 |   0.080 |   -0.230 | 
     +----------------------------------------------------------------------------------+ 
Path 45: MET Early External Delay Assertion 
Endpoint:   wbm_dat_o[23]       (^) checked with  leading edge of 'clk'
Beginpoint: wbm_dat_o_reg[23]/Q (^) triggered by  leading edge of 'clk'
Path Groups: {R2O}
Analysis View: analysis1
Other End Arrival Time          0.000
- External Delay                0.250
+ Phase Shift                   0.000
+ Uncertainty                   0.020
= Required Time                -0.230
  Arrival Time                  0.081
  Slack Time                    0.311
     Clock Rise Edge                 0.000
     + Clock Network Latency (Prop)  0.003
     = Beginpoint Arrival Time       0.003
     +------------------------------------------------------------------------------------+ 
     |         Instance          |       Arc       |  Cell   | Delay | Arrival | Required | 
     |                           |                 |         |       |  Time   |   Time   | 
     |---------------------------+-----------------+---------+-------+---------+----------| 
     | wbm_dat_o_reg[23]         | CK ^            |         |       |   0.003 |   -0.307 | 
     | wbm_dat_o_reg[23]         | CK ^ -> Q ^     | DFFHQX1 | 0.042 |   0.045 |   -0.265 | 
     | FE_OFC197508_wbm_dat_o_23 | A ^ -> Y ^      | BUFX8   | 0.033 |   0.078 |   -0.233 | 
     |                           | wbm_dat_o[23] ^ |         | 0.003 |   0.081 |   -0.230 | 
     +------------------------------------------------------------------------------------+ 
Path 46: MET Early External Delay Assertion 
Endpoint:   wbm_dat_o[6]       (^) checked with  leading edge of 'clk'
Beginpoint: wbm_dat_o_reg[6]/Q (^) triggered by  leading edge of 'clk'
Path Groups: {R2O}
Analysis View: analysis1
Other End Arrival Time          0.000
- External Delay                0.250
+ Phase Shift                   0.000
+ Uncertainty                   0.020
= Required Time                -0.230
  Arrival Time                  0.081
  Slack Time                    0.311
     Clock Rise Edge                 0.000
     + Clock Network Latency (Prop)  0.004
     = Beginpoint Arrival Time       0.004
     +--------------------------------------------------------------------------------+ 
     |       Instance        |      Arc       |   Cell   | Delay | Arrival | Required | 
     |                       |                |          |       |  Time   |   Time   | 
     |-----------------------+----------------+----------+-------+---------+----------| 
     | wbm_dat_o_reg[6]      | CK ^           |          |       |   0.004 |   -0.307 | 
     | wbm_dat_o_reg[6]      | CK ^ -> Q ^    | DFFHQX1  | 0.042 |   0.046 |   -0.265 | 
     | FE_OFC668_wbm_dat_o_6 | A ^ -> Y ^     | CLKBUFX8 | 0.032 |   0.078 |   -0.233 | 
     |                       | wbm_dat_o[6] ^ |          | 0.003 |   0.081 |   -0.230 | 
     +--------------------------------------------------------------------------------+ 
Path 47: MET Early External Delay Assertion 
Endpoint:   wbm_dat_o[15]       (^) checked with  leading edge of 'clk'
Beginpoint: wbm_dat_o_reg[15]/Q (^) triggered by  leading edge of 'clk'
Path Groups: {R2O}
Analysis View: analysis1
Other End Arrival Time          0.000
- External Delay                0.250
+ Phase Shift                   0.000
+ Uncertainty                   0.020
= Required Time                -0.230
  Arrival Time                  0.081
  Slack Time                    0.311
     Clock Rise Edge                 0.000
     + Clock Network Latency (Prop)  0.004
     = Beginpoint Arrival Time       0.004
     +----------------------------------------------------------------------------------+ 
     |        Instance        |       Arc       |   Cell   | Delay | Arrival | Required | 
     |                        |                 |          |       |  Time   |   Time   | 
     |------------------------+-----------------+----------+-------+---------+----------| 
     | wbm_dat_o_reg[15]      | CK ^            |          |       |   0.004 |   -0.307 | 
     | wbm_dat_o_reg[15]      | CK ^ -> Q ^     | DFFHQX1  | 0.042 |   0.046 |   -0.265 | 
     | FE_OFC524_wbm_dat_o_15 | A ^ -> Y ^      | CLKBUFX8 | 0.033 |   0.078 |   -0.232 | 
     |                        | wbm_dat_o[15] ^ |          | 0.002 |   0.081 |   -0.230 | 
     +----------------------------------------------------------------------------------+ 
Path 48: MET Early External Delay Assertion 
Endpoint:   wbm_dat_o[8]       (^) checked with  leading edge of 'clk'
Beginpoint: wbm_dat_o_reg[8]/Q (^) triggered by  leading edge of 'clk'
Path Groups: {R2O}
Analysis View: analysis1
Other End Arrival Time          0.000
- External Delay                0.250
+ Phase Shift                   0.000
+ Uncertainty                   0.020
= Required Time                -0.230
  Arrival Time                  0.081
  Slack Time                    0.311
     Clock Rise Edge                 0.000
     + Clock Network Latency (Prop)  0.004
     = Beginpoint Arrival Time       0.004
     +----------------------------------------------------------------------------------+ 
     |         Instance         |      Arc       |  Cell   | Delay | Arrival | Required | 
     |                          |                |         |       |  Time   |   Time   | 
     |--------------------------+----------------+---------+-------+---------+----------| 
     | wbm_dat_o_reg[8]         | CK ^           |         |       |   0.004 |   -0.307 | 
     | wbm_dat_o_reg[8]         | CK ^ -> Q ^    | DFFHQX1 | 0.042 |   0.046 |   -0.265 | 
     | FE_OFC197584_wbm_dat_o_8 | A ^ -> Y ^     | BUFX8   | 0.033 |   0.079 |   -0.232 | 
     |                          | wbm_dat_o[8] ^ |         | 0.002 |   0.081 |   -0.230 | 
     +----------------------------------------------------------------------------------+ 
Path 49: MET Early External Delay Assertion 
Endpoint:   wbm_dat_o[28]       (^) checked with  leading edge of 'clk'
Beginpoint: wbm_dat_o_reg[28]/Q (^) triggered by  leading edge of 'clk'
Path Groups: {R2O}
Analysis View: analysis1
Other End Arrival Time          0.000
- External Delay                0.250
+ Phase Shift                   0.000
+ Uncertainty                   0.020
= Required Time                -0.230
  Arrival Time                  0.081
  Slack Time                    0.311
     Clock Rise Edge                 0.000
     + Clock Network Latency (Prop)  0.004
     = Beginpoint Arrival Time       0.004
     +------------------------------------------------------------------------------------+ 
     |         Instance          |       Arc       |  Cell   | Delay | Arrival | Required | 
     |                           |                 |         |       |  Time   |   Time   | 
     |---------------------------+-----------------+---------+-------+---------+----------| 
     | wbm_dat_o_reg[28]         | CK ^            |         |       |   0.004 |   -0.307 | 
     | wbm_dat_o_reg[28]         | CK ^ -> Q ^     | DFFHQX1 | 0.042 |   0.046 |   -0.265 | 
     | FE_OFC197606_wbm_dat_o_28 | A ^ -> Y ^      | BUFX8   | 0.032 |   0.078 |   -0.233 | 
     |                           | wbm_dat_o[28] ^ |         | 0.003 |   0.081 |   -0.230 | 
     +------------------------------------------------------------------------------------+ 
Path 50: MET Early External Delay Assertion 
Endpoint:   wbm_dat_o[29]       (^) checked with  leading edge of 'clk'
Beginpoint: wbm_dat_o_reg[29]/Q (^) triggered by  leading edge of 'clk'
Path Groups: {R2O}
Analysis View: analysis1
Other End Arrival Time          0.000
- External Delay                0.250
+ Phase Shift                   0.000
+ Uncertainty                   0.020
= Required Time                -0.230
  Arrival Time                  0.081
  Slack Time                    0.311
     Clock Rise Edge                 0.000
     + Clock Network Latency (Prop)  0.004
     = Beginpoint Arrival Time       0.004
     +------------------------------------------------------------------------------------+ 
     |         Instance          |       Arc       |  Cell   | Delay | Arrival | Required | 
     |                           |                 |         |       |  Time   |   Time   | 
     |---------------------------+-----------------+---------+-------+---------+----------| 
     | wbm_dat_o_reg[29]         | CK ^            |         |       |   0.004 |   -0.307 | 
     | wbm_dat_o_reg[29]         | CK ^ -> Q ^     | DFFHQX1 | 0.042 |   0.046 |   -0.265 | 
     | FE_OFC197522_wbm_dat_o_29 | A ^ -> Y ^      | BUFX8   | 0.033 |   0.078 |   -0.233 | 
     |                           | wbm_dat_o[29] ^ |         | 0.003 |   0.081 |   -0.230 | 
     +------------------------------------------------------------------------------------+ 

