Using Power View: analysis1.

Begin Power Analysis

             0V	    VSS
          1.32V	    VDD

Begin Processing Timing Library for Power Calculation

Begin Processing Timing Library for Power Calculation



Begin Processing Power Net/Grid for Power Calculation

Ended Processing Power Net/Grid for Power Calculation: (cpu=0:00:00, real=0:00:00, mem(process/total/peak)=2025.18MB/3540.79MB/2087.31MB)

Begin Processing Timing Window Data for Power Calculation

CK: assigning clock clk to net wb_clk_i
Ended Processing Timing Window Data for Power Calculation: (cpu=0:00:00, real=0:00:00, mem(process/total/peak)=2025.18MB/3540.79MB/2087.31MB)

Begin Processing User Attributes

Ended Processing User Attributes: (cpu=0:00:00, real=0:00:00, mem(process/total/peak)=2025.18MB/3540.79MB/2087.31MB)

Begin Processing Signal Activity


Starting Levelizing
2025-Dec-22 16:28:51 (2025-Dec-22 14:28:51 GMT)
2025-Dec-22 16:28:51 (2025-Dec-22 14:28:51 GMT): 10%
2025-Dec-22 16:28:51 (2025-Dec-22 14:28:51 GMT): 20%
2025-Dec-22 16:28:51 (2025-Dec-22 14:28:51 GMT): 30%
2025-Dec-22 16:28:51 (2025-Dec-22 14:28:51 GMT): 40%
2025-Dec-22 16:28:51 (2025-Dec-22 14:28:51 GMT): 50%
2025-Dec-22 16:28:51 (2025-Dec-22 14:28:51 GMT): 60%
2025-Dec-22 16:28:51 (2025-Dec-22 14:28:51 GMT): 70%
2025-Dec-22 16:28:51 (2025-Dec-22 14:28:51 GMT): 80%
2025-Dec-22 16:28:51 (2025-Dec-22 14:28:51 GMT): 90%

Finished Levelizing
2025-Dec-22 16:28:51 (2025-Dec-22 14:28:51 GMT)

Starting Activity Propagation
2025-Dec-22 16:28:51 (2025-Dec-22 14:28:51 GMT)
2025-Dec-22 16:28:52 (2025-Dec-22 14:28:52 GMT): 10%
2025-Dec-22 16:28:52 (2025-Dec-22 14:28:52 GMT): 20%

Finished Activity Propagation
2025-Dec-22 16:28:52 (2025-Dec-22 14:28:52 GMT)
Ended Processing Signal Activity: (cpu=0:00:00, real=0:00:00, mem(process/total/peak)=2025.30MB/3540.79MB/2087.31MB)

Begin Power Computation

      ----------------------------------------------------------
      # of cell(s) missing both power/leakage table: 0
      # of cell(s) missing power table: 0
      # of cell(s) missing leakage table: 0
      ----------------------------------------------------------



Starting Calculating power
2025-Dec-22 16:28:52 (2025-Dec-22 14:28:52 GMT)
 ... Calculating switching power
2025-Dec-22 16:28:52 (2025-Dec-22 14:28:52 GMT): 10%
2025-Dec-22 16:28:52 (2025-Dec-22 14:28:52 GMT): 20%
2025-Dec-22 16:28:52 (2025-Dec-22 14:28:52 GMT): 30%
2025-Dec-22 16:28:52 (2025-Dec-22 14:28:52 GMT): 40%
2025-Dec-22 16:28:52 (2025-Dec-22 14:28:52 GMT): 50%
 ... Calculating internal and leakage power
2025-Dec-22 16:28:52 (2025-Dec-22 14:28:52 GMT): 60%
2025-Dec-22 16:28:52 (2025-Dec-22 14:28:52 GMT): 70%
2025-Dec-22 16:28:52 (2025-Dec-22 14:28:52 GMT): 80%
2025-Dec-22 16:28:53 (2025-Dec-22 14:28:53 GMT): 90%

Finished Calculating power
2025-Dec-22 16:28:53 (2025-Dec-22 14:28:53 GMT)
      # of MSMV cell(s) missing power_level: 0
Ended Power Computation: (cpu=0:00:01, real=0:00:01, mem(process/total/peak)=2025.30MB/3540.79MB/2087.31MB)

Begin Processing User Attributes

Ended Processing User Attributes: (cpu=0:00:00, real=0:00:00, mem(process/total/peak)=2025.30MB/3540.79MB/2087.31MB)

Ended Power Analysis: (cpu=0:00:01, real=0:00:01, mem(process/total/peak)=2025.30MB/3540.79MB/2087.31MB)

Begin Boundary Leakage Calculation
Ended Boundary Leakage Calculation: (cpu=0:00:00, real=0:00:00,
mem(process/total/peak)=2025.30MB/3540.79MB/2087.31MB)
Begin Static Power Report Generation
*----------------------------------------------------------------------------------------
*	Innovus 21.35-s114_1 (64bit) 10/13/2022 12:11 (Linux 3.10.0-693.el7.x86_64)
*	
*
* 	Date & Time:	2025-Dec-22 16:28:53 (2025-Dec-22 14:28:53 GMT)
*
*----------------------------------------------------------------------------------------
*
*	Design: picorv32_wb
*
*	Liberty Libraries used:
*	        analysis1: /mnt/apps/prebuilt/eda/designkits/GPDK/gsclib045/lan/flow/t1u1/reference_libs/GPDK045/gsclib045_svt_v4.4/gsclib045/timing/fast_vdd1v2_basicCells.lib
*
*	Parasitic Files used:
*
*       Power View : analysis1
*
*       User-Defined Activity : N.A.
*
*       Activity File: N.A.
*
*       Hierarchical Global Activity: N.A.
*
*       Global Activity: N.A.
*
*       Sequential Element Activity: 0.200000
*
*       Primary Input Activity: 0.200000
*
*       Default icg ratio: N.A.
*
*       Global Comb ClockGate Ratio: N.A.
*
*	Power Units = 1mW
*
*	Time Units = 1e-09 secs
*
*       report_power
*
-----------------------------------------------------------------------------------------
*



Total Power
-----------------------------------------------------------------------------------------
Total Internal Power:        5.29650814 	   50.2448%
Total Switching Power:       5.24055885 	   49.7141%
Total Leakage Power:         0.00433508 	    0.0411%
Total Power:                10.54140207
-----------------------------------------------------------------------------------------


Group                           Internal   Switching     Leakage       Total  Percentage 
                                Power      Power         Power         Power  (%)        
-----------------------------------------------------------------------------------------
Sequential                         3.529      0.5017    0.001927       4.033       38.25
Macro                                  0           0           0           0           0
IO                                     0           0           0           0           0
Combinational                      1.511       3.848    0.002355       5.361       50.86
Clock (Combinational)             0.2567      0.8911   5.304e-05       1.148       10.89
Clock (Sequential)                     0           0           0           0           0
-----------------------------------------------------------------------------------------
Total                              5.297       5.241    0.004335       10.54         100
-----------------------------------------------------------------------------------------


Rail                  Voltage   Internal   Switching     Leakage       Total  Percentage 
                                Power      Power         Power         Power  (%)        
-----------------------------------------------------------------------------------------
VDD                      1.32      5.297       5.241    0.004335       10.54         100


Clock                           Internal   Switching     Leakage       Total  Percentage 
                                Power      Power         Power         Power  (%)        
-----------------------------------------------------------------------------------------
clk                               0.2567      0.8911   5.304e-05       1.148       10.89
-----------------------------------------------------------------------------------------
Total                             0.2567      0.8911   5.304e-05       1.148       10.89
-----------------------------------------------------------------------------------------
Clock: clk
Clock Period: 0.004000 usec 
Clock Toggle Rate:   500.0000 Mhz 
Clock Static Probability:  0.5000
  
 
 
-----------------------------------------------------------------------------------------
*	Power Distribution Summary: 
*              Highest Average Power:       CTS_ccl_a_buf_00001 (CLKBUFX20):          0.04846
*              Highest Leakage Power:       CTS_ccl_a_buf_00024 (CLKBUFX20):         2.21e-06
*                Total Cap:      9.23728e-11 F
*                Total instances in design:  9987
*                Total instances in design with no power:     0
*                Total instances in design with no activty:     0

*                Total Fillers and Decap:     0
-----------------------------------------------------------------------------------------
 
** INFO:  (VOLTUS_POWR-3465): There are 0 decaps and 0 fillers in the design

Ended Static Power Report Generation: (cpu=0:00:00, real=0:00:00,
mem(process/total/peak)=2026.68MB/3540.79MB/2087.31MB)

