###############################################################
#  Generated by:      Cadence Innovus 21.35-s114_1
#  OS:                Linux x86_64(Host ID cn95.it.auth.gr)
#  Generated on:      Mon Dec 22 16:28:53 2025
#  Design:            picorv32_wb
#  Command:           report_timing -path_group R2O -check_type setup -max_paths 50 > reports/postCTS/setup_R2O.rpt
###############################################################
Path 1: MET Late External Delay Assertion 
Endpoint:   pcpi_rs2[2]                    (v) checked with  leading edge of 
'clk'
Beginpoint: picorv32_core_reg_op2_reg[2]/Q (v) triggered by  leading edge of 
'clk'
Path Groups: {R2O}
Analysis View: analysis1
Other End Arrival Time          0.000
- External Delay                0.500
+ Phase Shift                   4.000
- Uncertainty                   0.020
= Required Time                 3.480
- Arrival Time                  0.431
= Slack Time                    3.049
     Clock Rise Edge                 0.000
     + Clock Network Latency (Prop)  -0.006
     = Beginpoint Arrival Time       -0.006
     +-------------------------------------------------------------------------------------+ 
     |           Instance           |      Arc      |  Cell   | Delay | Arrival | Required | 
     |                              |               |         |       |  Time   |   Time   | 
     |------------------------------+---------------+---------+-------+---------+----------| 
     | picorv32_core_reg_op2_reg[2] | CK ^          |         |       |  -0.006 |    3.043 | 
     | picorv32_core_reg_op2_reg[2] | CK ^ -> Q v   | DFFHQX1 | 0.094 |   0.088 |    3.137 | 
     | FE_OFC476_pcpi_rs2_2         | A v -> Y ^    | INVX1   | 0.096 |   0.184 |    3.233 | 
     | FE_OFC478_pcpi_rs2_2         | A ^ -> Y v    | INVX1   | 0.066 |   0.250 |    3.300 | 
     | FE_OFC479_pcpi_rs2_2         | A v -> Y ^    | INVX1   | 0.034 |   0.284 |    3.334 | 
     | FE_OFC295_pcpi_rs2_2         | A ^ -> Y v    | INVX8   | 0.134 |   0.418 |    3.467 | 
     |                              | pcpi_rs2[2] v |         | 0.013 |   0.431 |    3.480 | 
     +-------------------------------------------------------------------------------------+ 
Path 2: MET Late External Delay Assertion 
Endpoint:   pcpi_rs2[4]                    (v) checked with  leading edge of 
'clk'
Beginpoint: picorv32_core_reg_op2_reg[4]/Q (v) triggered by  leading edge of 
'clk'
Path Groups: {R2O}
Analysis View: analysis1
Other End Arrival Time          0.000
- External Delay                0.500
+ Phase Shift                   4.000
- Uncertainty                   0.020
= Required Time                 3.480
- Arrival Time                  0.407
= Slack Time                    3.073
     Clock Rise Edge                 0.000
     + Clock Network Latency (Prop)  0.003
     = Beginpoint Arrival Time       0.003
     +--------------------------------------------------------------------------------------+ 
     |           Instance           |      Arc      |   Cell   | Delay | Arrival | Required | 
     |                              |               |          |       |  Time   |   Time   | 
     |------------------------------+---------------+----------+-------+---------+----------| 
     | picorv32_core_reg_op2_reg[4] | CK ^          |          |       |   0.003 |    3.076 | 
     | picorv32_core_reg_op2_reg[4] | CK ^ -> Q v   | DFFHQX1  | 0.081 |   0.084 |    3.157 | 
     | FE_OFC645_pcpi_rs2_4         | A v -> Y ^    | INVX1    | 0.071 |   0.154 |    3.228 | 
     | FE_OFC697_OFN285_pcpi_rs2_4  | A ^ -> Y v    | INVX2    | 0.072 |   0.227 |    3.300 | 
     | FE_OFC694_pcpi_rs2_4         | A v -> Y v    | BUFX2    | 0.032 |   0.258 |    3.332 | 
     | FE_OFC720_pcpi_rs2_4         | A v -> Y v    | CLKBUFX8 | 0.140 |   0.398 |    3.471 | 
     |                              | pcpi_rs2[4] v |          | 0.009 |   0.407 |    3.480 | 
     +--------------------------------------------------------------------------------------+ 
Path 3: MET Late External Delay Assertion 
Endpoint:   pcpi_rs2[3]                    (^) checked with  leading edge of 
'clk'
Beginpoint: picorv32_core_reg_op2_reg[3]/Q (^) triggered by  leading edge of 
'clk'
Path Groups: {R2O}
Analysis View: analysis1
Other End Arrival Time          0.000
- External Delay                0.500
+ Phase Shift                   4.000
- Uncertainty                   0.020
= Required Time                 3.480
- Arrival Time                  0.363
= Slack Time                    3.117
     Clock Rise Edge                 0.000
     + Clock Network Latency (Prop)  0.003
     = Beginpoint Arrival Time       0.003
     +--------------------------------------------------------------------------------------+ 
     |           Instance           |      Arc      |   Cell   | Delay | Arrival | Required | 
     |                              |               |          |       |  Time   |   Time   | 
     |------------------------------+---------------+----------+-------+---------+----------| 
     | picorv32_core_reg_op2_reg[3] | CK ^          |          |       |   0.003 |    3.120 | 
     | picorv32_core_reg_op2_reg[3] | CK ^ -> Q ^   | DFFRX1   | 0.097 |   0.100 |    3.217 | 
     | FE_OFC289_pcpi_rs2_3         | A ^ -> Y v    | INVXL    | 0.029 |   0.129 |    3.246 | 
     | FE_OFC642_pcpi_rs2_3         | A v -> Y ^    | INVX1    | 0.074 |   0.204 |    3.321 | 
     | FE_OFC608_pcpi_rs2_3         | A ^ -> Y ^    | CLKBUFX8 | 0.143 |   0.347 |    3.463 | 
     |                              | pcpi_rs2[3] ^ |          | 0.017 |   0.363 |    3.480 | 
     +--------------------------------------------------------------------------------------+ 
Path 4: MET Late External Delay Assertion 
Endpoint:   pcpi_rs2[1]                    (v) checked with  leading edge of 
'clk'
Beginpoint: picorv32_core_reg_op2_reg[1]/Q (v) triggered by  leading edge of 
'clk'
Path Groups: {R2O}
Analysis View: analysis1
Other End Arrival Time          0.000
- External Delay                0.500
+ Phase Shift                   4.000
- Uncertainty                   0.020
= Required Time                 3.480
- Arrival Time                  0.357
= Slack Time                    3.123
     Clock Rise Edge                 0.000
     + Clock Network Latency (Prop)  0.004
     = Beginpoint Arrival Time       0.004
     +-------------------------------------------------------------------------------------+ 
     |           Instance           |      Arc      |  Cell   | Delay | Arrival | Required | 
     |                              |               |         |       |  Time   |   Time   | 
     |------------------------------+---------------+---------+-------+---------+----------| 
     | picorv32_core_reg_op2_reg[1] | CK ^          |         |       |   0.004 |    3.127 | 
     | picorv32_core_reg_op2_reg[1] | CK ^ -> Q v   | DFFHQX1 | 0.044 |   0.048 |    3.170 | 
     | FE_OFC464_pcpi_rs2_1         | A v -> Y v    | BUFX2   | 0.094 |   0.142 |    3.265 | 
     | FE_OFC465_pcpi_rs2_1         | A v -> Y ^    | INVX1   | 0.064 |   0.205 |    3.328 | 
     | FE_OFC299_pcpi_rs2_1         | A ^ -> Y v    | INVX8   | 0.139 |   0.345 |    3.467 | 
     |                              | pcpi_rs2[1] v |         | 0.013 |   0.357 |    3.480 | 
     +-------------------------------------------------------------------------------------+ 
Path 5: MET Late External Delay Assertion 
Endpoint:   pcpi_rs2[23]                    (v) checked with  leading edge of 
'clk'
Beginpoint: picorv32_core_reg_op2_reg[23]/Q (v) triggered by  leading edge of 
'clk'
Path Groups: {R2O}
Analysis View: analysis1
Other End Arrival Time          0.000
- External Delay                0.500
+ Phase Shift                   4.000
- Uncertainty                   0.020
= Required Time                 3.480
- Arrival Time                  0.351
= Slack Time                    3.129
     Clock Rise Edge                 0.000
     + Clock Network Latency (Prop)  -0.001
     = Beginpoint Arrival Time       -0.001
     +---------------------------------------------------------------------------------------+ 
     |           Instance            |      Arc       |  Cell   | Delay | Arrival | Required | 
     |                               |                |         |       |  Time   |   Time   | 
     |-------------------------------+----------------+---------+-------+---------+----------| 
     | picorv32_core_reg_op2_reg[23] | CK ^           |         |       |  -0.001 |    3.128 | 
     | picorv32_core_reg_op2_reg[23] | CK ^ -> Q v    | DFFHQX1 | 0.123 |   0.122 |    3.251 | 
     | FE_OFC206_pcpi_rs2_23         | A v -> Y ^     | INVXL   | 0.073 |   0.194 |    3.323 | 
     | FE_OFC209_pcpi_rs2_23         | A ^ -> Y v     | INVX8   | 0.142 |   0.337 |    3.466 | 
     |                               | pcpi_rs2[23] v |         | 0.014 |   0.351 |    3.480 | 
     +---------------------------------------------------------------------------------------+ 
Path 6: MET Late External Delay Assertion 
Endpoint:   pcpi_rs2[22]                    (v) checked with  leading edge of 
'clk'
Beginpoint: picorv32_core_reg_op2_reg[22]/Q (v) triggered by  leading edge of 
'clk'
Path Groups: {R2O}
Analysis View: analysis1
Other End Arrival Time          0.000
- External Delay                0.500
+ Phase Shift                   4.000
- Uncertainty                   0.020
= Required Time                 3.480
- Arrival Time                  0.348
= Slack Time                    3.132
     Clock Rise Edge                 0.000
     + Clock Network Latency (Prop)  -0.001
     = Beginpoint Arrival Time       -0.001
     +---------------------------------------------------------------------------------------+ 
     |           Instance            |      Arc       |  Cell   | Delay | Arrival | Required | 
     |                               |                |         |       |  Time   |   Time   | 
     |-------------------------------+----------------+---------+-------+---------+----------| 
     | picorv32_core_reg_op2_reg[22] | CK ^           |         |       |  -0.001 |    3.131 | 
     | picorv32_core_reg_op2_reg[22] | CK ^ -> Q v    | DFFHQX1 | 0.119 |   0.118 |    3.250 | 
     | FE_OFC210_pcpi_rs2_22         | A v -> Y ^     | INVXL   | 0.073 |   0.191 |    3.323 | 
     | FE_OFC212_pcpi_rs2_22         | A ^ -> Y v     | INVX8   | 0.144 |   0.336 |    3.467 | 
     |                               | pcpi_rs2[22] v |         | 0.012 |   0.348 |    3.480 | 
     +---------------------------------------------------------------------------------------+ 
Path 7: MET Late External Delay Assertion 
Endpoint:   pcpi_rs2[21]                    (v) checked with  leading edge of 
'clk'
Beginpoint: picorv32_core_reg_op2_reg[21]/Q (v) triggered by  leading edge of 
'clk'
Path Groups: {R2O}
Analysis View: analysis1
Other End Arrival Time          0.000
- External Delay                0.500
+ Phase Shift                   4.000
- Uncertainty                   0.020
= Required Time                 3.480
- Arrival Time                  0.346
= Slack Time                    3.134
     Clock Rise Edge                 0.000
     + Clock Network Latency (Prop)  -0.001
     = Beginpoint Arrival Time       -0.001
     +---------------------------------------------------------------------------------------+ 
     |           Instance            |      Arc       |  Cell   | Delay | Arrival | Required | 
     |                               |                |         |       |  Time   |   Time   | 
     |-------------------------------+----------------+---------+-------+---------+----------| 
     | picorv32_core_reg_op2_reg[21] | CK ^           |         |       |  -0.001 |    3.133 | 
     | picorv32_core_reg_op2_reg[21] | CK ^ -> Q v    | DFFHQX1 | 0.120 |   0.119 |    3.253 | 
     | FE_OFC214_pcpi_rs2_21         | A v -> Y ^     | INVXL   | 0.071 |   0.190 |    3.324 | 
     | FE_OFC215_pcpi_rs2_21         | A ^ -> Y v     | INVX8   | 0.142 |   0.332 |    3.466 | 
     |                               | pcpi_rs2[21] v |         | 0.014 |   0.346 |    3.480 | 
     +---------------------------------------------------------------------------------------+ 
Path 8: MET Late External Delay Assertion 
Endpoint:   pcpi_rs2[0]                    (^) checked with  leading edge of 
'clk'
Beginpoint: picorv32_core_reg_op2_reg[0]/Q (^) triggered by  leading edge of 
'clk'
Path Groups: {R2O}
Analysis View: analysis1
Other End Arrival Time          0.000
- External Delay                0.500
+ Phase Shift                   4.000
- Uncertainty                   0.020
= Required Time                 3.480
- Arrival Time                  0.342
= Slack Time                    3.138
     Clock Rise Edge                 0.000
     + Clock Network Latency (Prop)  0.003
     = Beginpoint Arrival Time       0.003
     +--------------------------------------------------------------------------------------+ 
     |           Instance           |      Arc      |   Cell   | Delay | Arrival | Required | 
     |                              |               |          |       |  Time   |   Time   | 
     |------------------------------+---------------+----------+-------+---------+----------| 
     | picorv32_core_reg_op2_reg[0] | CK ^          |          |       |   0.003 |    3.141 | 
     | picorv32_core_reg_op2_reg[0] | CK ^ -> Q ^   | DFFX1    | 0.071 |   0.075 |    3.212 | 
     | FE_OFC300_pcpi_rs2_0         | A ^ -> Y v    | INVXL    | 0.029 |   0.104 |    3.242 | 
     | FE_OFC303_pcpi_rs2_0         | A v -> Y ^    | INVXL    | 0.079 |   0.183 |    3.320 | 
     | FE_OFC304_pcpi_rs2_0         | A ^ -> Y ^    | CLKBUFX8 | 0.142 |   0.325 |    3.463 | 
     |                              | pcpi_rs2[0] ^ |          | 0.017 |   0.342 |    3.480 | 
     +--------------------------------------------------------------------------------------+ 
Path 9: MET Late External Delay Assertion 
Endpoint:   pcpi_rs2[28]                    (v) checked with  leading edge of 
'clk'
Beginpoint: picorv32_core_reg_op2_reg[28]/Q (v) triggered by  leading edge of 
'clk'
Path Groups: {R2O}
Analysis View: analysis1
Other End Arrival Time          0.000
- External Delay                0.500
+ Phase Shift                   4.000
- Uncertainty                   0.020
= Required Time                 3.480
- Arrival Time                  0.335
= Slack Time                    3.145
     Clock Rise Edge                 0.000
     + Clock Network Latency (Prop)  -0.001
     = Beginpoint Arrival Time       -0.001
     +---------------------------------------------------------------------------------------+ 
     |           Instance            |      Arc       |  Cell   | Delay | Arrival | Required | 
     |                               |                |         |       |  Time   |   Time   | 
     |-------------------------------+----------------+---------+-------+---------+----------| 
     | picorv32_core_reg_op2_reg[28] | CK ^           |         |       |  -0.001 |    3.145 | 
     | picorv32_core_reg_op2_reg[28] | CK ^ -> Q v    | DFFHQX1 | 0.127 |   0.126 |    3.272 | 
     | FE_OFC193_pcpi_rs2_28         | A v -> Y ^     | INVX1   | 0.056 |   0.183 |    3.328 | 
     | FE_OFC194_pcpi_rs2_28         | A ^ -> Y v     | INVX8   | 0.135 |   0.318 |    3.464 | 
     |                               | pcpi_rs2[28] v |         | 0.016 |   0.335 |    3.480 | 
     +---------------------------------------------------------------------------------------+ 
Path 10: MET Late External Delay Assertion 
Endpoint:   pcpi_rs2[31]                    (v) checked with  leading edge of 
'clk'
Beginpoint: picorv32_core_reg_op2_reg[31]/Q (v) triggered by  leading edge of 
'clk'
Path Groups: {R2O}
Analysis View: analysis1
Other End Arrival Time          0.000
- External Delay                0.500
+ Phase Shift                   4.000
- Uncertainty                   0.020
= Required Time                 3.480
- Arrival Time                  0.333
= Slack Time                    3.147
     Clock Rise Edge                 0.000
     + Clock Network Latency (Prop)  -0.002
     = Beginpoint Arrival Time       -0.002
     +---------------------------------------------------------------------------------------+ 
     |           Instance            |      Arc       |  Cell   | Delay | Arrival | Required | 
     |                               |                |         |       |  Time   |   Time   | 
     |-------------------------------+----------------+---------+-------+---------+----------| 
     | picorv32_core_reg_op2_reg[31] | CK ^           |         |       |  -0.002 |    3.145 | 
     | picorv32_core_reg_op2_reg[31] | CK ^ -> Q v    | DFFHQX1 | 0.127 |   0.125 |    3.272 | 
     | FE_OFC472_pcpi_rs2_31         | A v -> Y ^     | INVX1   | 0.057 |   0.182 |    3.329 | 
     | FE_OFC184_pcpi_rs2_31         | A ^ -> Y v     | INVX8   | 0.139 |   0.321 |    3.467 | 
     |                               | pcpi_rs2[31] v |         | 0.012 |   0.333 |    3.480 | 
     +---------------------------------------------------------------------------------------+ 
Path 11: MET Late External Delay Assertion 
Endpoint:   pcpi_rs2[9]                    (v) checked with  leading edge of 
'clk'
Beginpoint: picorv32_core_reg_op2_reg[9]/Q (v) triggered by  leading edge of 
'clk'
Path Groups: {R2O}
Analysis View: analysis1
Other End Arrival Time          0.000
- External Delay                0.500
+ Phase Shift                   4.000
- Uncertainty                   0.020
= Required Time                 3.480
- Arrival Time                  0.332
= Slack Time                    3.148
     Clock Rise Edge                 0.000
     + Clock Network Latency (Prop)  -0.001
     = Beginpoint Arrival Time       -0.001
     +-------------------------------------------------------------------------------------+ 
     |           Instance           |      Arc      |  Cell   | Delay | Arrival | Required | 
     |                              |               |         |       |  Time   |   Time   | 
     |------------------------------+---------------+---------+-------+---------+----------| 
     | picorv32_core_reg_op2_reg[9] | CK ^          |         |       |  -0.001 |    3.146 | 
     | picorv32_core_reg_op2_reg[9] | CK ^ -> Q v   | DFFHQX1 | 0.112 |   0.111 |    3.259 | 
     | FE_OFC263_pcpi_rs2_9         | A v -> Y ^    | INVXL   | 0.066 |   0.177 |    3.325 | 
     | FE_OFC265_pcpi_rs2_9         | A ^ -> Y v    | INVX8   | 0.138 |   0.315 |    3.463 | 
     |                              | pcpi_rs2[9] v |         | 0.017 |   0.332 |    3.480 | 
     +-------------------------------------------------------------------------------------+ 
Path 12: MET Late External Delay Assertion 
Endpoint:   pcpi_rs1[20]                    (v) checked with  leading edge of 
'clk'
Beginpoint: picorv32_core_reg_op1_reg[20]/Q (v) triggered by  leading edge of 
'clk'
Path Groups: {R2O}
Analysis View: analysis1
Other End Arrival Time          0.000
- External Delay                0.500
+ Phase Shift                   4.000
- Uncertainty                   0.020
= Required Time                 3.480
- Arrival Time                  0.330
= Slack Time                    3.150
     Clock Rise Edge                 0.000
     + Clock Network Latency (Prop)  0.004
     = Beginpoint Arrival Time       0.004
     +-------------------------------------------------------------------------------------+ 
     |           Instance            |      Arc       |  Cell | Delay | Arrival | Required | 
     |                               |                |       |       |  Time   |   Time   | 
     |-------------------------------+----------------+-------+-------+---------+----------| 
     | picorv32_core_reg_op1_reg[20] | CK ^           |       |       |   0.004 |    3.154 | 
     | picorv32_core_reg_op1_reg[20] | CK ^ -> Q v    | DFFX1 | 0.123 |   0.127 |    3.277 | 
     | FE_OFC119_pcpi_rs1_20         | A v -> Y ^     | INVX1 | 0.053 |   0.179 |    3.329 | 
     | FE_OFC120_pcpi_rs1_20         | A ^ -> Y v     | INVX8 | 0.139 |   0.318 |    3.468 | 
     |                               | pcpi_rs1[20] v |       | 0.012 |   0.330 |    3.480 | 
     +-------------------------------------------------------------------------------------+ 
Path 13: MET Late External Delay Assertion 
Endpoint:   pcpi_rs2[14]                    (v) checked with  leading edge of 
'clk'
Beginpoint: picorv32_core_reg_op2_reg[14]/Q (v) triggered by  leading edge of 
'clk'
Path Groups: {R2O}
Analysis View: analysis1
Other End Arrival Time          0.000
- External Delay                0.500
+ Phase Shift                   4.000
- Uncertainty                   0.020
= Required Time                 3.480
- Arrival Time                  0.327
= Slack Time                    3.153
     Clock Rise Edge                 0.000
     + Clock Network Latency (Prop)  0.000
     = Beginpoint Arrival Time       0.000
     +---------------------------------------------------------------------------------------+ 
     |           Instance            |      Arc       |  Cell   | Delay | Arrival | Required | 
     |                               |                |         |       |  Time   |   Time   | 
     |-------------------------------+----------------+---------+-------+---------+----------| 
     | picorv32_core_reg_op2_reg[14] | CK ^           |         |       |   0.000 |    3.154 | 
     | picorv32_core_reg_op2_reg[14] | CK ^ -> Q v    | DFFHQX1 | 0.120 |   0.120 |    3.273 | 
     | FE_OFC470_pcpi_rs2_14         | A v -> Y ^     | INVX1   | 0.054 |   0.174 |    3.328 | 
     | FE_OFC244_pcpi_rs2_14         | A ^ -> Y v     | INVX8   | 0.135 |   0.309 |    3.463 | 
     |                               | pcpi_rs2[14] v |         | 0.017 |   0.327 |    3.480 | 
     +---------------------------------------------------------------------------------------+ 
Path 14: MET Late External Delay Assertion 
Endpoint:   pcpi_rs1[11]                    (v) checked with  leading edge of 
'clk'
Beginpoint: picorv32_core_reg_op1_reg[11]/Q (v) triggered by  leading edge of 
'clk'
Path Groups: {R2O}
Analysis View: analysis1
Other End Arrival Time          0.000
- External Delay                0.500
+ Phase Shift                   4.000
- Uncertainty                   0.020
= Required Time                 3.480
- Arrival Time                  0.326
= Slack Time                    3.154
     Clock Rise Edge                 0.000
     + Clock Network Latency (Prop)  0.004
     = Beginpoint Arrival Time       0.004
     +----------------------------------------------------------------------------------------+ 
     |           Instance            |      Arc       |   Cell   | Delay | Arrival | Required | 
     |                               |                |          |       |  Time   |   Time   | 
     |-------------------------------+----------------+----------+-------+---------+----------| 
     | picorv32_core_reg_op1_reg[11] | CK ^           |          |       |   0.004 |    3.158 | 
     | picorv32_core_reg_op1_reg[11] | CK ^ -> Q v    | DFFX1    | 0.116 |   0.120 |    3.273 | 
     | FE_OFC146_pcpi_rs1_11         | A v -> Y ^     | INVX1    | 0.040 |   0.160 |    3.313 | 
     | FE_OFC147_pcpi_rs1_11         | A ^ -> Y v     | INVX1    | 0.015 |   0.175 |    3.328 | 
     | FE_OFC596_pcpi_rs1_11         | A v -> Y v     | CLKBUFX8 | 0.131 |   0.306 |    3.459 | 
     |                               | pcpi_rs1[11] v |          | 0.021 |   0.326 |    3.480 | 
     +----------------------------------------------------------------------------------------+ 
Path 15: MET Late External Delay Assertion 
Endpoint:   pcpi_rs1[10]                    (v) checked with  leading edge of 
'clk'
Beginpoint: picorv32_core_reg_op1_reg[10]/Q (v) triggered by  leading edge of 
'clk'
Path Groups: {R2O}
Analysis View: analysis1
Other End Arrival Time          0.000
- External Delay                0.500
+ Phase Shift                   4.000
- Uncertainty                   0.020
= Required Time                 3.480
- Arrival Time                  0.324
= Slack Time                    3.156
     Clock Rise Edge                 0.000
     + Clock Network Latency (Prop)  0.004
     = Beginpoint Arrival Time       0.004
     +-------------------------------------------------------------------------------------+ 
     |           Instance            |      Arc       |  Cell | Delay | Arrival | Required | 
     |                               |                |       |       |  Time   |   Time   | 
     |-------------------------------+----------------+-------+-------+---------+----------| 
     | picorv32_core_reg_op1_reg[10] | CK ^           |       |       |   0.004 |    3.160 | 
     | picorv32_core_reg_op1_reg[10] | CK ^ -> Q v    | DFFX1 | 0.115 |   0.120 |    3.276 | 
     | FE_OFC149_pcpi_rs1_10         | A v -> Y ^     | INVX1 | 0.053 |   0.173 |    3.329 | 
     | FE_OFC150_pcpi_rs1_10         | A ^ -> Y v     | INVX8 | 0.138 |   0.311 |    3.467 | 
     |                               | pcpi_rs1[10] v |       | 0.013 |   0.324 |    3.480 | 
     +-------------------------------------------------------------------------------------+ 
Path 16: MET Late External Delay Assertion 
Endpoint:   pcpi_rs2[27]                    (v) checked with  leading edge of 
'clk'
Beginpoint: picorv32_core_reg_op2_reg[27]/Q (v) triggered by  leading edge of 
'clk'
Path Groups: {R2O}
Analysis View: analysis1
Other End Arrival Time          0.000
- External Delay                0.500
+ Phase Shift                   4.000
- Uncertainty                   0.020
= Required Time                 3.480
- Arrival Time                  0.324
= Slack Time                    3.156
     Clock Rise Edge                 0.000
     + Clock Network Latency (Prop)  0.004
     = Beginpoint Arrival Time       0.004
     +---------------------------------------------------------------------------------------+ 
     |           Instance            |      Arc       |  Cell   | Delay | Arrival | Required | 
     |                               |                |         |       |  Time   |   Time   | 
     |-------------------------------+----------------+---------+-------+---------+----------| 
     | picorv32_core_reg_op2_reg[27] | CK ^           |         |       |   0.004 |    3.160 | 
     | picorv32_core_reg_op2_reg[27] | CK ^ -> Q v    | DFFHQX1 | 0.118 |   0.122 |    3.278 | 
     | FE_OFC196_pcpi_rs2_27         | A v -> Y ^     | INVX1   | 0.052 |   0.174 |    3.330 | 
     | FE_OFC197_pcpi_rs2_27         | A ^ -> Y v     | INVX8   | 0.137 |   0.311 |    3.467 | 
     |                               | pcpi_rs2[27] v |         | 0.013 |   0.324 |    3.480 | 
     +---------------------------------------------------------------------------------------+ 
Path 17: MET Late External Delay Assertion 
Endpoint:   pcpi_rs1[14]                    (v) checked with  leading edge of 
'clk'
Beginpoint: picorv32_core_reg_op1_reg[14]/Q (v) triggered by  leading edge of 
'clk'
Path Groups: {R2O}
Analysis View: analysis1
Other End Arrival Time          0.000
- External Delay                0.500
+ Phase Shift                   4.000
- Uncertainty                   0.020
= Required Time                 3.480
- Arrival Time                  0.322
= Slack Time                    3.158
     Clock Rise Edge                 0.000
     + Clock Network Latency (Prop)  0.003
     = Beginpoint Arrival Time       0.003
     +----------------------------------------------------------------------------------------+ 
     |           Instance            |      Arc       |   Cell   | Delay | Arrival | Required | 
     |                               |                |          |       |  Time   |   Time   | 
     |-------------------------------+----------------+----------+-------+---------+----------| 
     | picorv32_core_reg_op1_reg[14] | CK ^           |          |       |   0.003 |    3.162 | 
     | picorv32_core_reg_op1_reg[14] | CK ^ -> Q v    | DFFX1    | 0.113 |   0.117 |    3.275 | 
     | FE_OFC137_pcpi_rs1_14         | A v -> Y ^     | INVX1    | 0.037 |   0.153 |    3.311 | 
     | FE_OFC138_pcpi_rs1_14         | A ^ -> Y v     | INVX1    | 0.017 |   0.170 |    3.328 | 
     | FE_OFC403_pcpi_rs1_14         | A v -> Y v     | CLKBUFX8 | 0.135 |   0.305 |    3.463 | 
     |                               | pcpi_rs1[14] v |          | 0.017 |   0.322 |    3.480 | 
     +----------------------------------------------------------------------------------------+ 
Path 18: MET Late External Delay Assertion 
Endpoint:   pcpi_rs1[12]                    (v) checked with  leading edge of 
'clk'
Beginpoint: picorv32_core_reg_op1_reg[12]/Q (v) triggered by  leading edge of 
'clk'
Path Groups: {R2O}
Analysis View: analysis1
Other End Arrival Time          0.000
- External Delay                0.500
+ Phase Shift                   4.000
- Uncertainty                   0.020
= Required Time                 3.480
- Arrival Time                  0.322
= Slack Time                    3.158
     Clock Rise Edge                 0.000
     + Clock Network Latency (Prop)  0.004
     = Beginpoint Arrival Time       0.004
     +-------------------------------------------------------------------------------------+ 
     |           Instance            |      Arc       |  Cell | Delay | Arrival | Required | 
     |                               |                |       |       |  Time   |   Time   | 
     |-------------------------------+----------------+-------+-------+---------+----------| 
     | picorv32_core_reg_op1_reg[12] | CK ^           |       |       |   0.004 |    3.163 | 
     | picorv32_core_reg_op1_reg[12] | CK ^ -> Q v    | DFFX1 | 0.115 |   0.120 |    3.278 | 
     | FE_OFC143_pcpi_rs1_12         | A v -> Y ^     | INVX1 | 0.052 |   0.171 |    3.329 | 
     | FE_OFC144_pcpi_rs1_12         | A ^ -> Y v     | INVX8 | 0.138 |   0.309 |    3.467 | 
     |                               | pcpi_rs1[12] v |       | 0.013 |   0.322 |    3.480 | 
     +-------------------------------------------------------------------------------------+ 
Path 19: MET Late External Delay Assertion 
Endpoint:   pcpi_rs1[5]                    (v) checked with  leading edge of 
'clk'
Beginpoint: picorv32_core_reg_op1_reg[5]/Q (v) triggered by  leading edge of 
'clk'
Path Groups: {R2O}
Analysis View: analysis1
Other End Arrival Time          0.000
- External Delay                0.500
+ Phase Shift                   4.000
- Uncertainty                   0.020
= Required Time                 3.480
- Arrival Time                  0.320
= Slack Time                    3.160
     Clock Rise Edge                 0.000
     + Clock Network Latency (Prop)  0.003
     = Beginpoint Arrival Time       0.003
     +--------------------------------------------------------------------------------------+ 
     |           Instance           |      Arc      |   Cell   | Delay | Arrival | Required | 
     |                              |               |          |       |  Time   |   Time   | 
     |------------------------------+---------------+----------+-------+---------+----------| 
     | picorv32_core_reg_op1_reg[5] | CK ^          |          |       |   0.003 |    3.163 | 
     | picorv32_core_reg_op1_reg[5] | CK ^ -> Q v   | DFFX1    | 0.071 |   0.074 |    3.234 | 
     | FE_OFC162_pcpi_rs1_5         | A v -> Y ^    | INVXL    | 0.021 |   0.095 |    3.255 | 
     | FE_OFC164_pcpi_rs1_5         | A ^ -> Y v    | INVXL    | 0.060 |   0.156 |    3.316 | 
     | FE_OFC404_pcpi_rs1_5         | A v -> Y v    | CLKBUFX8 | 0.145 |   0.301 |    3.461 | 
     |                              | pcpi_rs1[5] v |          | 0.019 |   0.320 |    3.480 | 
     +--------------------------------------------------------------------------------------+ 
Path 20: MET Late External Delay Assertion 
Endpoint:   pcpi_rs1[8]                    (v) checked with  leading edge of 
'clk'
Beginpoint: picorv32_core_reg_op1_reg[8]/Q (v) triggered by  leading edge of 
'clk'
Path Groups: {R2O}
Analysis View: analysis1
Other End Arrival Time          0.000
- External Delay                0.500
+ Phase Shift                   4.000
- Uncertainty                   0.020
= Required Time                 3.480
- Arrival Time                  0.320
= Slack Time                    3.160
     Clock Rise Edge                 0.000
     + Clock Network Latency (Prop)  0.004
     = Beginpoint Arrival Time       0.004
     +-----------------------------------------------------------------------------------+ 
     |           Instance           |      Arc      |  Cell | Delay | Arrival | Required | 
     |                              |               |       |       |  Time   |   Time   | 
     |------------------------------+---------------+-------+-------+---------+----------| 
     | picorv32_core_reg_op1_reg[8] | CK ^          |       |       |   0.004 |    3.165 | 
     | picorv32_core_reg_op1_reg[8] | CK ^ -> Q v   | DFFX1 | 0.112 |   0.117 |    3.277 | 
     | FE_OFC155_pcpi_rs1_8         | A v -> Y ^    | INVX1 | 0.051 |   0.168 |    3.328 | 
     | FE_OFC156_pcpi_rs1_8         | A ^ -> Y v    | INVX8 | 0.135 |   0.303 |    3.463 | 
     |                              | pcpi_rs1[8] v |       | 0.017 |   0.320 |    3.480 | 
     +-----------------------------------------------------------------------------------+ 
Path 21: MET Late External Delay Assertion 
Endpoint:   pcpi_rs1[15]                    (v) checked with  leading edge of 
'clk'
Beginpoint: picorv32_core_reg_op1_reg[15]/Q (v) triggered by  leading edge of 
'clk'
Path Groups: {R2O}
Analysis View: analysis1
Other End Arrival Time          0.000
- External Delay                0.500
+ Phase Shift                   4.000
- Uncertainty                   0.020
= Required Time                 3.480
- Arrival Time                  0.319
= Slack Time                    3.161
     Clock Rise Edge                 0.000
     + Clock Network Latency (Prop)  0.003
     = Beginpoint Arrival Time       0.003
     +----------------------------------------------------------------------------------------+ 
     |           Instance            |      Arc       |   Cell   | Delay | Arrival | Required | 
     |                               |                |          |       |  Time   |   Time   | 
     |-------------------------------+----------------+----------+-------+---------+----------| 
     | picorv32_core_reg_op1_reg[15] | CK ^           |          |       |   0.003 |    3.164 | 
     | picorv32_core_reg_op1_reg[15] | CK ^ -> Q v    | DFFX1    | 0.110 |   0.114 |    3.274 | 
     | FE_OFC134_pcpi_rs1_15         | A v -> Y ^     | INVX1    | 0.040 |   0.154 |    3.314 | 
     | FE_OFC135_pcpi_rs1_15         | A ^ -> Y v     | INVX1    | 0.015 |   0.168 |    3.329 | 
     | FE_OFC593_pcpi_rs1_15         | A v -> Y v     | CLKBUFX8 | 0.134 |   0.302 |    3.463 | 
     |                               | pcpi_rs1[15] v |          | 0.017 |   0.319 |    3.480 | 
     +----------------------------------------------------------------------------------------+ 
Path 22: MET Late External Delay Assertion 
Endpoint:   pcpi_rs2[13]                    (v) checked with  leading edge of 
'clk'
Beginpoint: picorv32_core_reg_op2_reg[13]/Q (v) triggered by  leading edge of 
'clk'
Path Groups: {R2O}
Analysis View: analysis1
Other End Arrival Time          0.000
- External Delay                0.500
+ Phase Shift                   4.000
- Uncertainty                   0.020
= Required Time                 3.480
- Arrival Time                  0.319
= Slack Time                    3.161
     Clock Rise Edge                 0.000
     + Clock Network Latency (Prop)  0.003
     = Beginpoint Arrival Time       0.003
     +---------------------------------------------------------------------------------------+ 
     |           Instance            |      Arc       |  Cell   | Delay | Arrival | Required | 
     |                               |                |         |       |  Time   |   Time   | 
     |-------------------------------+----------------+---------+-------+---------+----------| 
     | picorv32_core_reg_op2_reg[13] | CK ^           |         |       |   0.003 |    3.164 | 
     | picorv32_core_reg_op2_reg[13] | CK ^ -> Q v    | DFFHQX1 | 0.115 |   0.118 |    3.280 | 
     | FE_OFC469_pcpi_rs2_13         | A v -> Y ^     | INVX1   | 0.050 |   0.168 |    3.329 | 
     | FE_OFC247_pcpi_rs2_13         | A ^ -> Y v     | INVX8   | 0.133 |   0.301 |    3.463 | 
     |                               | pcpi_rs2[13] v |         | 0.018 |   0.319 |    3.480 | 
     +---------------------------------------------------------------------------------------+ 
Path 23: MET Late External Delay Assertion 
Endpoint:   pcpi_rs1[0]                    (v) checked with  leading edge of 
'clk'
Beginpoint: picorv32_core_reg_op1_reg[0]/Q (v) triggered by  leading edge of 
'clk'
Path Groups: {R2O}
Analysis View: analysis1
Other End Arrival Time          0.000
- External Delay                0.500
+ Phase Shift                   4.000
- Uncertainty                   0.020
= Required Time                 3.480
- Arrival Time                  0.318
= Slack Time                    3.162
     Clock Rise Edge                 0.000
     + Clock Network Latency (Prop)  0.003
     = Beginpoint Arrival Time       0.003
     +--------------------------------------------------------------------------------------+ 
     |           Instance           |      Arc      |   Cell   | Delay | Arrival | Required | 
     |                              |               |          |       |  Time   |   Time   | 
     |------------------------------+---------------+----------+-------+---------+----------| 
     | picorv32_core_reg_op1_reg[0] | CK ^          |          |       |   0.003 |    3.165 | 
     | picorv32_core_reg_op1_reg[0] | CK ^ -> Q v   | DFFX1    | 0.102 |   0.106 |    3.267 | 
     | FE_OFC179_pcpi_rs1_0         | A v -> Y ^    | INVXL    | 0.037 |   0.143 |    3.305 | 
     | FE_OFC640_pcpi_rs1_0         | A ^ -> Y v    | INVX1    | 0.022 |   0.165 |    3.327 | 
     | FE_OFC573_pcpi_rs1_0         | A v -> Y v    | CLKBUFX8 | 0.137 |   0.302 |    3.464 | 
     |                              | pcpi_rs1[0] v |          | 0.016 |   0.318 |    3.480 | 
     +--------------------------------------------------------------------------------------+ 
Path 24: MET Late External Delay Assertion 
Endpoint:   pcpi_rs1[9]                    (v) checked with  leading edge of 
'clk'
Beginpoint: picorv32_core_reg_op1_reg[9]/Q (v) triggered by  leading edge of 
'clk'
Path Groups: {R2O}
Analysis View: analysis1
Other End Arrival Time          0.000
- External Delay                0.500
+ Phase Shift                   4.000
- Uncertainty                   0.020
= Required Time                 3.480
- Arrival Time                  0.317
= Slack Time                    3.163
     Clock Rise Edge                 0.000
     + Clock Network Latency (Prop)  0.003
     = Beginpoint Arrival Time       0.003
     +-----------------------------------------------------------------------------------+ 
     |           Instance           |      Arc      |  Cell | Delay | Arrival | Required | 
     |                              |               |       |       |  Time   |   Time   | 
     |------------------------------+---------------+-------+-------+---------+----------| 
     | picorv32_core_reg_op1_reg[9] | CK ^          |       |       |   0.003 |    3.166 | 
     | picorv32_core_reg_op1_reg[9] | CK ^ -> Q v   | DFFX1 | 0.113 |   0.116 |    3.279 | 
     | FE_OFC152_pcpi_rs1_9         | A v -> Y ^    | INVX1 | 0.050 |   0.166 |    3.329 | 
     | FE_OFC153_pcpi_rs1_9         | A ^ -> Y v    | INVX8 | 0.133 |   0.299 |    3.462 | 
     |                              | pcpi_rs1[9] v |       | 0.018 |   0.317 |    3.480 | 
     +-----------------------------------------------------------------------------------+ 
Path 25: MET Late External Delay Assertion 
Endpoint:   pcpi_rs2[16]                    (v) checked with  leading edge of 
'clk'
Beginpoint: picorv32_core_reg_op2_reg[16]/Q (v) triggered by  leading edge of 
'clk'
Path Groups: {R2O}
Analysis View: analysis1
Other End Arrival Time          0.000
- External Delay                0.500
+ Phase Shift                   4.000
- Uncertainty                   0.020
= Required Time                 3.480
- Arrival Time                  0.317
= Slack Time                    3.163
     Clock Rise Edge                 0.000
     + Clock Network Latency (Prop)  0.000
     = Beginpoint Arrival Time       0.000
     +---------------------------------------------------------------------------------------+ 
     |           Instance            |      Arc       |  Cell   | Delay | Arrival | Required | 
     |                               |                |         |       |  Time   |   Time   | 
     |-------------------------------+----------------+---------+-------+---------+----------| 
     | picorv32_core_reg_op2_reg[16] | CK ^           |         |       |   0.000 |    3.163 | 
     | picorv32_core_reg_op2_reg[16] | CK ^ -> Q v    | DFFHQX1 | 0.116 |   0.117 |    3.280 | 
     | FE_OFC234_pcpi_rs2_16         | A v -> Y ^     | INVX1   | 0.050 |   0.167 |    3.330 | 
     | FE_OFC235_pcpi_rs2_16         | A ^ -> Y v     | INVX8   | 0.136 |   0.303 |    3.466 | 
     |                               | pcpi_rs2[16] v |         | 0.014 |   0.317 |    3.480 | 
     +---------------------------------------------------------------------------------------+ 
Path 26: MET Late External Delay Assertion 
Endpoint:   pcpi_rs1[21]                    (v) checked with  leading edge of 
'clk'
Beginpoint: picorv32_core_reg_op1_reg[21]/Q (v) triggered by  leading edge of 
'clk'
Path Groups: {R2O}
Analysis View: analysis1
Other End Arrival Time          0.000
- External Delay                0.500
+ Phase Shift                   4.000
- Uncertainty                   0.020
= Required Time                 3.480
- Arrival Time                  0.317
= Slack Time                    3.163
     Clock Rise Edge                 0.000
     + Clock Network Latency (Prop)  0.004
     = Beginpoint Arrival Time       0.004
     +-------------------------------------------------------------------------------------+ 
     |           Instance            |      Arc       |  Cell | Delay | Arrival | Required | 
     |                               |                |       |       |  Time   |   Time   | 
     |-------------------------------+----------------+-------+-------+---------+----------| 
     | picorv32_core_reg_op1_reg[21] | CK ^           |       |       |   0.004 |    3.167 | 
     | picorv32_core_reg_op1_reg[21] | CK ^ -> Q v    | DFFX1 | 0.113 |   0.117 |    3.280 | 
     | FE_OFC116_pcpi_rs1_21         | A v -> Y ^     | INVX1 | 0.048 |   0.165 |    3.328 | 
     | FE_OFC117_pcpi_rs1_21         | A ^ -> Y v     | INVX8 | 0.132 |   0.297 |    3.460 | 
     |                               | pcpi_rs1[21] v |       | 0.020 |   0.317 |    3.480 | 
     +-------------------------------------------------------------------------------------+ 
Path 27: MET Late External Delay Assertion 
Endpoint:   pcpi_rs1[22]                    (v) checked with  leading edge of 
'clk'
Beginpoint: picorv32_core_reg_op1_reg[22]/Q (v) triggered by  leading edge of 
'clk'
Path Groups: {R2O}
Analysis View: analysis1
Other End Arrival Time          0.000
- External Delay                0.500
+ Phase Shift                   4.000
- Uncertainty                   0.020
= Required Time                 3.480
- Arrival Time                  0.317
= Slack Time                    3.163
     Clock Rise Edge                 0.000
     + Clock Network Latency (Prop)  0.003
     = Beginpoint Arrival Time       0.003
     +---------------------------------------------------------------------------------------+ 
     |           Instance            |      Arc       |  Cell   | Delay | Arrival | Required | 
     |                               |                |         |       |  Time   |   Time   | 
     |-------------------------------+----------------+---------+-------+---------+----------| 
     | picorv32_core_reg_op1_reg[22] | CK ^           |         |       |   0.003 |    3.167 | 
     | picorv32_core_reg_op1_reg[22] | CK ^ -> Q v    | DFFHQX1 | 0.110 |   0.113 |    3.277 | 
     | FE_OFC114_pcpi_rs1_22         | A v -> Y ^     | INVX1   | 0.051 |   0.164 |    3.328 | 
     | FE_OFC115_pcpi_rs1_22         | A ^ -> Y v     | INVX8   | 0.134 |   0.298 |    3.462 | 
     |                               | pcpi_rs1[22] v |         | 0.018 |   0.317 |    3.480 | 
     +---------------------------------------------------------------------------------------+ 
Path 28: MET Late External Delay Assertion 
Endpoint:   pcpi_rs1[16]                    (v) checked with  leading edge of 
'clk'
Beginpoint: picorv32_core_reg_op1_reg[16]/Q (v) triggered by  leading edge of 
'clk'
Path Groups: {R2O}
Analysis View: analysis1
Other End Arrival Time          0.000
- External Delay                0.500
+ Phase Shift                   4.000
- Uncertainty                   0.020
= Required Time                 3.480
- Arrival Time                  0.316
= Slack Time                    3.164
     Clock Rise Edge                 0.000
     + Clock Network Latency (Prop)  0.003
     = Beginpoint Arrival Time       0.003
     +----------------------------------------------------------------------------------------+ 
     |           Instance            |      Arc       |   Cell   | Delay | Arrival | Required | 
     |                               |                |          |       |  Time   |   Time   | 
     |-------------------------------+----------------+----------+-------+---------+----------| 
     | picorv32_core_reg_op1_reg[16] | CK ^           |          |       |   0.003 |    3.167 | 
     | picorv32_core_reg_op1_reg[16] | CK ^ -> Q v    | DFFX1    | 0.107 |   0.110 |    3.274 | 
     | FE_OFC131_pcpi_rs1_16         | A v -> Y ^     | INVX1    | 0.039 |   0.149 |    3.313 | 
     | FE_OFC132_pcpi_rs1_16         | A ^ -> Y v     | INVX1    | 0.016 |   0.165 |    3.328 | 
     | FE_OFC602_pcpi_rs1_16         | A v -> Y v     | CLKBUFX8 | 0.131 |   0.295 |    3.459 | 
     |                               | pcpi_rs1[16] v |          | 0.021 |   0.316 |    3.480 | 
     +----------------------------------------------------------------------------------------+ 
Path 29: MET Late External Delay Assertion 
Endpoint:   pcpi_rs1[31]                    (v) checked with  leading edge of 
'clk'
Beginpoint: picorv32_core_reg_op1_reg[31]/Q (v) triggered by  leading edge of 
'clk'
Path Groups: {R2O}
Analysis View: analysis1
Other End Arrival Time          0.000
- External Delay                0.500
+ Phase Shift                   4.000
- Uncertainty                   0.020
= Required Time                 3.480
- Arrival Time                  0.315
= Slack Time                    3.165
     Clock Rise Edge                 0.000
     + Clock Network Latency (Prop)  0.004
     = Beginpoint Arrival Time       0.004
     +---------------------------------------------------------------------------------------+ 
     |           Instance            |      Arc       |  Cell   | Delay | Arrival | Required | 
     |                               |                |         |       |  Time   |   Time   | 
     |-------------------------------+----------------+---------+-------+---------+----------| 
     | picorv32_core_reg_op1_reg[31] | CK ^           |         |       |   0.004 |    3.168 | 
     | picorv32_core_reg_op1_reg[31] | CK ^ -> Q v    | DFFHQX1 | 0.114 |   0.117 |    3.282 | 
     | FE_OFC463_pcpi_rs1_31         | A v -> Y ^     | INVX1   | 0.048 |   0.165 |    3.330 | 
     | FE_OFC87_pcpi_rs1_31          | A ^ -> Y v     | INVX8   | 0.134 |   0.299 |    3.464 | 
     |                               | pcpi_rs1[31] v |         | 0.016 |   0.315 |    3.480 | 
     +---------------------------------------------------------------------------------------+ 
Path 30: MET Late External Delay Assertion 
Endpoint:   pcpi_rs1[13]                    (v) checked with  leading edge of 
'clk'
Beginpoint: picorv32_core_reg_op1_reg[13]/Q (v) triggered by  leading edge of 
'clk'
Path Groups: {R2O}
Analysis View: analysis1
Other End Arrival Time          0.000
- External Delay                0.500
+ Phase Shift                   4.000
- Uncertainty                   0.020
= Required Time                 3.480
- Arrival Time                  0.313
= Slack Time                    3.167
     Clock Rise Edge                 0.000
     + Clock Network Latency (Prop)  0.003
     = Beginpoint Arrival Time       0.003
     +-------------------------------------------------------------------------------------+ 
     |           Instance            |      Arc       |  Cell | Delay | Arrival | Required | 
     |                               |                |       |       |  Time   |   Time   | 
     |-------------------------------+----------------+-------+-------+---------+----------| 
     | picorv32_core_reg_op1_reg[13] | CK ^           |       |       |   0.003 |    3.170 | 
     | picorv32_core_reg_op1_reg[13] | CK ^ -> Q v    | DFFX1 | 0.113 |   0.116 |    3.283 | 
     | FE_OFC140_pcpi_rs1_13         | A v -> Y ^     | INVX1 | 0.047 |   0.163 |    3.329 | 
     | FE_OFC141_pcpi_rs1_13         | A ^ -> Y v     | INVX8 | 0.134 |   0.297 |    3.463 | 
     |                               | pcpi_rs1[13] v |       | 0.017 |   0.313 |    3.480 | 
     +-------------------------------------------------------------------------------------+ 
Path 31: MET Late External Delay Assertion 
Endpoint:   pcpi_rs1[29]                    (v) checked with  leading edge of 
'clk'
Beginpoint: picorv32_core_reg_op1_reg[29]/Q (v) triggered by  leading edge of 
'clk'
Path Groups: {R2O}
Analysis View: analysis1
Other End Arrival Time          0.000
- External Delay                0.500
+ Phase Shift                   4.000
- Uncertainty                   0.020
= Required Time                 3.480
- Arrival Time                  0.313
= Slack Time                    3.167
     Clock Rise Edge                 0.000
     + Clock Network Latency (Prop)  0.003
     = Beginpoint Arrival Time       0.003
     +-------------------------------------------------------------------------------------------+ 
     |             Instance             |      Arc       |   Cell   | Delay | Arrival | Required | 
     |                                  |                |          |       |  Time   |   Time   | 
     |----------------------------------+----------------+----------+-------+---------+----------| 
     | picorv32_core_reg_op1_reg[29]    | CK ^           |          |       |   0.003 |    3.170 | 
     | picorv32_core_reg_op1_reg[29]    | CK ^ -> Q v    | DFFHQX1  | 0.074 |   0.077 |    3.244 | 
     | picorv32_core_g196222            | A v -> Y ^     | INVX1    | 0.034 |   0.111 |    3.278 | 
     | FE_OFC644_picorv32_core_n_201472 | A ^ -> Y v     | INVX1    | 0.043 |   0.154 |    3.321 | 
     | FE_OFC579_pcpi_rs1_29            | A v -> Y v     | CLKBUFX8 | 0.138 |   0.292 |    3.458 | 
     |                                  | pcpi_rs1[29] v |          | 0.022 |   0.313 |    3.480 | 
     +-------------------------------------------------------------------------------------------+ 
Path 32: MET Late External Delay Assertion 
Endpoint:   pcpi_rs1[19]                    (v) checked with  leading edge of 
'clk'
Beginpoint: picorv32_core_reg_op1_reg[19]/Q (v) triggered by  leading edge of 
'clk'
Path Groups: {R2O}
Analysis View: analysis1
Other End Arrival Time          0.000
- External Delay                0.500
+ Phase Shift                   4.000
- Uncertainty                   0.020
= Required Time                 3.480
- Arrival Time                  0.312
= Slack Time                    3.168
     Clock Rise Edge                 0.000
     + Clock Network Latency (Prop)  0.004
     = Beginpoint Arrival Time       0.004
     +-------------------------------------------------------------------------------------+ 
     |           Instance            |      Arc       |  Cell | Delay | Arrival | Required | 
     |                               |                |       |       |  Time   |   Time   | 
     |-------------------------------+----------------+-------+-------+---------+----------| 
     | picorv32_core_reg_op1_reg[19] | CK ^           |       |       |   0.004 |    3.171 | 
     | picorv32_core_reg_op1_reg[19] | CK ^ -> Q v    | DFFX1 | 0.108 |   0.111 |    3.279 | 
     | FE_OFC122_pcpi_rs1_19         | A v -> Y ^     | INVX1 | 0.049 |   0.160 |    3.328 | 
     | FE_OFC123_pcpi_rs1_19         | A ^ -> Y v     | INVX8 | 0.134 |   0.294 |    3.462 | 
     |                               | pcpi_rs1[19] v |       | 0.018 |   0.312 |    3.480 | 
     +-------------------------------------------------------------------------------------+ 
Path 33: MET Late External Delay Assertion 
Endpoint:   pcpi_rs2[6]                    (v) checked with  leading edge of 
'clk'
Beginpoint: picorv32_core_reg_op2_reg[6]/Q (v) triggered by  leading edge of 
'clk'
Path Groups: {R2O}
Analysis View: analysis1
Other End Arrival Time          0.000
- External Delay                0.500
+ Phase Shift                   4.000
- Uncertainty                   0.020
= Required Time                 3.480
- Arrival Time                  0.312
= Slack Time                    3.168
     Clock Rise Edge                 0.000
     + Clock Network Latency (Prop)  0.003
     = Beginpoint Arrival Time       0.003
     +--------------------------------------------------------------------------------------+ 
     |           Instance           |      Arc      |   Cell   | Delay | Arrival | Required | 
     |                              |               |          |       |  Time   |   Time   | 
     |------------------------------+---------------+----------+-------+---------+----------| 
     | picorv32_core_reg_op2_reg[6] | CK ^          |          |       |   0.003 |    3.172 | 
     | picorv32_core_reg_op2_reg[6] | CK ^ -> Q v   | DFFHQX1  | 0.119 |   0.122 |    3.291 | 
     | FE_OFC445_pcpi_rs2_6         | A v -> Y v    | BUFX2    | 0.038 |   0.161 |    3.329 | 
     | FE_OFC584_pcpi_rs2_6         | A v -> Y v    | CLKBUFX8 | 0.132 |   0.293 |    3.461 | 
     |                              | pcpi_rs2[6] v |          | 0.019 |   0.312 |    3.480 | 
     +--------------------------------------------------------------------------------------+ 
Path 34: MET Late External Delay Assertion 
Endpoint:   pcpi_rs1[18]                    (v) checked with  leading edge of 
'clk'
Beginpoint: picorv32_core_reg_op1_reg[18]/Q (v) triggered by  leading edge of 
'clk'
Path Groups: {R2O}
Analysis View: analysis1
Other End Arrival Time          0.000
- External Delay                0.500
+ Phase Shift                   4.000
- Uncertainty                   0.020
= Required Time                 3.480
- Arrival Time                  0.312
= Slack Time                    3.168
     Clock Rise Edge                 0.000
     + Clock Network Latency (Prop)  0.003
     = Beginpoint Arrival Time       0.003
     +-------------------------------------------------------------------------------------+ 
     |           Instance            |      Arc       |  Cell | Delay | Arrival | Required | 
     |                               |                |       |       |  Time   |   Time   | 
     |-------------------------------+----------------+-------+-------+---------+----------| 
     | picorv32_core_reg_op1_reg[18] | CK ^           |       |       |   0.003 |    3.172 | 
     | picorv32_core_reg_op1_reg[18] | CK ^ -> Q v    | DFFX1 | 0.106 |   0.110 |    3.278 | 
     | FE_OFC125_pcpi_rs1_18         | A v -> Y ^     | INVX1 | 0.050 |   0.160 |    3.328 | 
     | FE_OFC126_pcpi_rs1_18         | A ^ -> Y v     | INVX8 | 0.135 |   0.295 |    3.463 | 
     |                               | pcpi_rs1[18] v |       | 0.017 |   0.312 |    3.480 | 
     +-------------------------------------------------------------------------------------+ 
Path 35: MET Late External Delay Assertion 
Endpoint:   pcpi_rs1[23]                    (v) checked with  leading edge of 
'clk'
Beginpoint: picorv32_core_reg_op1_reg[23]/Q (v) triggered by  leading edge of 
'clk'
Path Groups: {R2O}
Analysis View: analysis1
Other End Arrival Time          0.000
- External Delay                0.500
+ Phase Shift                   4.000
- Uncertainty                   0.020
= Required Time                 3.480
- Arrival Time                  0.311
= Slack Time                    3.169
     Clock Rise Edge                 0.000
     + Clock Network Latency (Prop)  0.004
     = Beginpoint Arrival Time       0.004
     +---------------------------------------------------------------------------------------+ 
     |           Instance            |      Arc       |  Cell   | Delay | Arrival | Required | 
     |                               |                |         |       |  Time   |   Time   | 
     |-------------------------------+----------------+---------+-------+---------+----------| 
     | picorv32_core_reg_op1_reg[23] | CK ^           |         |       |   0.004 |    3.173 | 
     | picorv32_core_reg_op1_reg[23] | CK ^ -> Q v    | DFFHQX1 | 0.106 |   0.110 |    3.279 | 
     | FE_OFC453_pcpi_rs1_23         | A v -> Y ^     | INVX1   | 0.050 |   0.160 |    3.329 | 
     | FE_OFC113_pcpi_rs1_23         | A ^ -> Y v     | INVX8   | 0.139 |   0.299 |    3.467 | 
     |                               | pcpi_rs1[23] v |         | 0.012 |   0.311 |    3.480 | 
     +---------------------------------------------------------------------------------------+ 
Path 36: MET Late External Delay Assertion 
Endpoint:   pcpi_rs1[17]                    (v) checked with  leading edge of 
'clk'
Beginpoint: picorv32_core_reg_op1_reg[17]/Q (v) triggered by  leading edge of 
'clk'
Path Groups: {R2O}
Analysis View: analysis1
Other End Arrival Time          0.000
- External Delay                0.500
+ Phase Shift                   4.000
- Uncertainty                   0.020
= Required Time                 3.480
- Arrival Time                  0.310
= Slack Time                    3.170
     Clock Rise Edge                 0.000
     + Clock Network Latency (Prop)  0.003
     = Beginpoint Arrival Time       0.003
     +-------------------------------------------------------------------------------------+ 
     |           Instance            |      Arc       |  Cell | Delay | Arrival | Required | 
     |                               |                |       |       |  Time   |   Time   | 
     |-------------------------------+----------------+-------+-------+---------+----------| 
     | picorv32_core_reg_op1_reg[17] | CK ^           |       |       |   0.003 |    3.173 | 
     | picorv32_core_reg_op1_reg[17] | CK ^ -> Q v    | DFFX1 | 0.107 |   0.110 |    3.280 | 
     | FE_OFC128_pcpi_rs1_17         | A v -> Y ^     | INVX1 | 0.048 |   0.159 |    3.328 | 
     | FE_OFC129_pcpi_rs1_17         | A ^ -> Y v     | INVX8 | 0.135 |   0.293 |    3.463 | 
     |                               | pcpi_rs1[17] v |       | 0.017 |   0.310 |    3.480 | 
     +-------------------------------------------------------------------------------------+ 
Path 37: MET Late External Delay Assertion 
Endpoint:   pcpi_rs1[25]                    (v) checked with  leading edge of 
'clk'
Beginpoint: picorv32_core_reg_op1_reg[25]/Q (v) triggered by  leading edge of 
'clk'
Path Groups: {R2O}
Analysis View: analysis1
Other End Arrival Time          0.000
- External Delay                0.500
+ Phase Shift                   4.000
- Uncertainty                   0.020
= Required Time                 3.480
- Arrival Time                  0.309
= Slack Time                    3.171
     Clock Rise Edge                 0.000
     + Clock Network Latency (Prop)  0.005
     = Beginpoint Arrival Time       0.005
     +---------------------------------------------------------------------------------------+ 
     |           Instance            |      Arc       |  Cell   | Delay | Arrival | Required | 
     |                               |                |         |       |  Time   |   Time   | 
     |-------------------------------+----------------+---------+-------+---------+----------| 
     | picorv32_core_reg_op1_reg[25] | CK ^           |         |       |   0.005 |    3.176 | 
     | picorv32_core_reg_op1_reg[25] | CK ^ -> Q v    | DFFHQX1 | 0.104 |   0.109 |    3.280 | 
     | FE_OFC455_pcpi_rs1_25         | A v -> Y ^     | INVX1   | 0.048 |   0.157 |    3.328 | 
     | FE_OFC108_pcpi_rs1_25         | A ^ -> Y v     | INVX8   | 0.136 |   0.293 |    3.464 | 
     |                               | pcpi_rs1[25] v |         | 0.016 |   0.309 |    3.480 | 
     +---------------------------------------------------------------------------------------+ 
Path 38: MET Late External Delay Assertion 
Endpoint:   pcpi_rs2[5]                    (v) checked with  leading edge of 
'clk'
Beginpoint: picorv32_core_reg_op2_reg[5]/Q (v) triggered by  leading edge of 
'clk'
Path Groups: {R2O}
Analysis View: analysis1
Other End Arrival Time          0.000
- External Delay                0.500
+ Phase Shift                   4.000
- Uncertainty                   0.020
= Required Time                 3.480
- Arrival Time                  0.309
= Slack Time                    3.171
     Clock Rise Edge                 0.000
     + Clock Network Latency (Prop)  0.003
     = Beginpoint Arrival Time       0.003
     +--------------------------------------------------------------------------------------+ 
     |           Instance           |      Arc      |   Cell   | Delay | Arrival | Required | 
     |                              |               |          |       |  Time   |   Time   | 
     |------------------------------+---------------+----------+-------+---------+----------| 
     | picorv32_core_reg_op2_reg[5] | CK ^          |          |       |   0.003 |    3.174 | 
     | picorv32_core_reg_op2_reg[5] | CK ^ -> Q v   | DFFHQX1  | 0.129 |   0.133 |    3.304 | 
     | FE_OFC490_pcpi_rs2_5         | A v -> Y v    | CLKBUFX8 | 0.163 |   0.296 |    3.467 | 
     |                              | pcpi_rs2[5] v |          | 0.013 |   0.309 |    3.480 | 
     +--------------------------------------------------------------------------------------+ 
Path 39: MET Late External Delay Assertion 
Endpoint:   pcpi_rs1[4]                    (v) checked with  leading edge of 
'clk'
Beginpoint: picorv32_core_reg_op1_reg[4]/Q (v) triggered by  leading edge of 
'clk'
Path Groups: {R2O}
Analysis View: analysis1
Other End Arrival Time          0.000
- External Delay                0.500
+ Phase Shift                   4.000
- Uncertainty                   0.020
= Required Time                 3.480
- Arrival Time                  0.309
= Slack Time                    3.171
     Clock Rise Edge                 0.000
     + Clock Network Latency (Prop)  0.003
     = Beginpoint Arrival Time       0.003
     +--------------------------------------------------------------------------------------+ 
     |           Instance           |      Arc      |   Cell   | Delay | Arrival | Required | 
     |                              |               |          |       |  Time   |   Time   | 
     |------------------------------+---------------+----------+-------+---------+----------| 
     | picorv32_core_reg_op1_reg[4] | CK ^          |          |       |   0.003 |    3.174 | 
     | picorv32_core_reg_op1_reg[4] | CK ^ -> Q v   | DFFX1    | 0.105 |   0.108 |    3.279 | 
     | FE_OFC167_pcpi_rs1_4         | A v -> Y ^    | INVX1    | 0.036 |   0.144 |    3.316 | 
     | FE_OFC168_pcpi_rs1_4         | A ^ -> Y v    | INVX1    | 0.014 |   0.158 |    3.329 | 
     | FE_OFC605_pcpi_rs1_4         | A v -> Y v    | CLKBUFX8 | 0.134 |   0.292 |    3.463 | 
     |                              | pcpi_rs1[4] v |          | 0.017 |   0.309 |    3.480 | 
     +--------------------------------------------------------------------------------------+ 
Path 40: MET Late External Delay Assertion 
Endpoint:   pcpi_rs1[6]                    (v) checked with  leading edge of 
'clk'
Beginpoint: picorv32_core_reg_op1_reg[6]/Q (v) triggered by  leading edge of 
'clk'
Path Groups: {R2O}
Analysis View: analysis1
Other End Arrival Time          0.000
- External Delay                0.500
+ Phase Shift                   4.000
- Uncertainty                   0.020
= Required Time                 3.480
- Arrival Time                  0.308
= Slack Time                    3.172
     Clock Rise Edge                 0.000
     + Clock Network Latency (Prop)  0.004
     = Beginpoint Arrival Time       0.004
     +--------------------------------------------------------------------------------------+ 
     |           Instance           |      Arc      |   Cell   | Delay | Arrival | Required | 
     |                              |               |          |       |  Time   |   Time   | 
     |------------------------------+---------------+----------+-------+---------+----------| 
     | picorv32_core_reg_op1_reg[6] | CK ^          |          |       |   0.004 |    3.175 | 
     | picorv32_core_reg_op1_reg[6] | CK ^ -> Q v   | DFFX1    | 0.105 |   0.109 |    3.280 | 
     | FE_OFC160_pcpi_rs1_6         | A v -> Y ^    | INVX1    | 0.034 |   0.143 |    3.315 | 
     | FE_OFC161_pcpi_rs1_6         | A ^ -> Y v    | INVX1    | 0.014 |   0.157 |    3.329 | 
     | FE_OFC618_pcpi_rs1_6         | A v -> Y v    | CLKBUFX8 | 0.131 |   0.288 |    3.459 | 
     |                              | pcpi_rs1[6] v |          | 0.021 |   0.308 |    3.480 | 
     +--------------------------------------------------------------------------------------+ 
Path 41: MET Late External Delay Assertion 
Endpoint:   pcpi_rs2[26]                    (v) checked with  leading edge of 
'clk'
Beginpoint: picorv32_core_reg_op2_reg[26]/Q (v) triggered by  leading edge of 
'clk'
Path Groups: {R2O}
Analysis View: analysis1
Other End Arrival Time          0.000
- External Delay                0.500
+ Phase Shift                   4.000
- Uncertainty                   0.020
= Required Time                 3.480
- Arrival Time                  0.308
= Slack Time                    3.172
     Clock Rise Edge                 0.000
     + Clock Network Latency (Prop)  -0.001
     = Beginpoint Arrival Time       -0.001
     +----------------------------------------------------------------------------------------+ 
     |           Instance            |      Arc       |   Cell   | Delay | Arrival | Required | 
     |                               |                |          |       |  Time   |   Time   | 
     |-------------------------------+----------------+----------+-------+---------+----------| 
     | picorv32_core_reg_op2_reg[26] | CK ^           |          |       |  -0.001 |    3.171 | 
     | picorv32_core_reg_op2_reg[26] | CK ^ -> Q v    | DFFHQX1  | 0.121 |   0.120 |    3.293 | 
     | FE_OFC512_pcpi_rs2_26         | A v -> Y v     | BUFX2    | 0.039 |   0.159 |    3.332 | 
     | FE_OFC719_pcpi_rs2_26         | A v -> Y v     | CLKBUFX8 | 0.140 |   0.299 |    3.471 | 
     |                               | pcpi_rs2[26] v |          | 0.009 |   0.308 |    3.480 | 
     +----------------------------------------------------------------------------------------+ 
Path 42: MET Late External Delay Assertion 
Endpoint:   pcpi_rs1[26]                    (v) checked with  leading edge of 
'clk'
Beginpoint: picorv32_core_reg_op1_reg[26]/Q (v) triggered by  leading edge of 
'clk'
Path Groups: {R2O}
Analysis View: analysis1
Other End Arrival Time          0.000
- External Delay                0.500
+ Phase Shift                   4.000
- Uncertainty                   0.020
= Required Time                 3.480
- Arrival Time                  0.307
= Slack Time                    3.173
     Clock Rise Edge                 0.000
     + Clock Network Latency (Prop)  0.002
     = Beginpoint Arrival Time       0.002
     +---------------------------------------------------------------------------------------+ 
     |           Instance            |      Arc       |  Cell   | Delay | Arrival | Required | 
     |                               |                |         |       |  Time   |   Time   | 
     |-------------------------------+----------------+---------+-------+---------+----------| 
     | picorv32_core_reg_op1_reg[26] | CK ^           |         |       |   0.002 |    3.176 | 
     | picorv32_core_reg_op1_reg[26] | CK ^ -> Q v    | DFFHQX1 | 0.102 |   0.104 |    3.278 | 
     | FE_OFC457_pcpi_rs1_26         | A v -> Y ^     | INVX1   | 0.049 |   0.154 |    3.327 | 
     | FE_OFC105_pcpi_rs1_26         | A ^ -> Y v     | INVX8   | 0.135 |   0.289 |    3.463 | 
     |                               | pcpi_rs1[26] v |         | 0.018 |   0.307 |    3.480 | 
     +---------------------------------------------------------------------------------------+ 
Path 43: MET Late External Delay Assertion 
Endpoint:   pcpi_rs1[3]                    (v) checked with  leading edge of 
'clk'
Beginpoint: picorv32_core_reg_op1_reg[3]/Q (v) triggered by  leading edge of 
'clk'
Path Groups: {R2O}
Analysis View: analysis1
Other End Arrival Time          0.000
- External Delay                0.500
+ Phase Shift                   4.000
- Uncertainty                   0.020
= Required Time                 3.480
- Arrival Time                  0.307
= Slack Time                    3.173
     Clock Rise Edge                 0.000
     + Clock Network Latency (Prop)  0.003
     = Beginpoint Arrival Time       0.003
     +-----------------------------------------------------------------------------------+ 
     |           Instance           |      Arc      |  Cell | Delay | Arrival | Required | 
     |                              |               |       |       |  Time   |   Time   | 
     |------------------------------+---------------+-------+-------+---------+----------| 
     | picorv32_core_reg_op1_reg[3] | CK ^          |       |       |   0.003 |    3.176 | 
     | picorv32_core_reg_op1_reg[3] | CK ^ -> Q v   | DFFX1 | 0.104 |   0.107 |    3.280 | 
     | FE_OFC170_pcpi_rs1_3         | A v -> Y ^    | INVX1 | 0.048 |   0.155 |    3.328 | 
     | FE_OFC171_pcpi_rs1_3         | A ^ -> Y v    | INVX8 | 0.134 |   0.288 |    3.462 | 
     |                              | pcpi_rs1[3] v |       | 0.018 |   0.307 |    3.480 | 
     +-----------------------------------------------------------------------------------+ 
Path 44: MET Late External Delay Assertion 
Endpoint:   pcpi_rs2[29]                    (v) checked with  leading edge of 
'clk'
Beginpoint: picorv32_core_reg_op2_reg[29]/Q (v) triggered by  leading edge of 
'clk'
Path Groups: {R2O}
Analysis View: analysis1
Other End Arrival Time          0.000
- External Delay                0.500
+ Phase Shift                   4.000
- Uncertainty                   0.020
= Required Time                 3.480
- Arrival Time                  0.306
= Slack Time                    3.174
     Clock Rise Edge                 0.000
     + Clock Network Latency (Prop)  0.002
     = Beginpoint Arrival Time       0.002
     +----------------------------------------------------------------------------------------+ 
     |           Instance            |      Arc       |   Cell   | Delay | Arrival | Required | 
     |                               |                |          |       |  Time   |   Time   | 
     |-------------------------------+----------------+----------+-------+---------+----------| 
     | picorv32_core_reg_op2_reg[29] | CK ^           |          |       |   0.002 |    3.177 | 
     | picorv32_core_reg_op2_reg[29] | CK ^ -> Q v    | DFFHQX1  | 0.118 |   0.120 |    3.295 | 
     | FE_OFC695_pcpi_rs2_29         | A v -> Y v     | BUFX2    | 0.037 |   0.157 |    3.332 | 
     | FE_OFC721_pcpi_rs2_29         | A v -> Y v     | CLKBUFX8 | 0.140 |   0.297 |    3.472 | 
     |                               | pcpi_rs2[29] v |          | 0.008 |   0.306 |    3.480 | 
     +----------------------------------------------------------------------------------------+ 
Path 45: MET Late External Delay Assertion 
Endpoint:   pcpi_rs2[12]                    (v) checked with  leading edge of 
'clk'
Beginpoint: picorv32_core_reg_op2_reg[12]/Q (v) triggered by  leading edge of 
'clk'
Path Groups: {R2O}
Analysis View: analysis1
Other End Arrival Time          0.000
- External Delay                0.500
+ Phase Shift                   4.000
- Uncertainty                   0.020
= Required Time                 3.480
- Arrival Time                  0.305
= Slack Time                    3.175
     Clock Rise Edge                 0.000
     + Clock Network Latency (Prop)  0.003
     = Beginpoint Arrival Time       0.003
     +----------------------------------------------------------------------------------------+ 
     |           Instance            |      Arc       |   Cell   | Delay | Arrival | Required | 
     |                               |                |          |       |  Time   |   Time   | 
     |-------------------------------+----------------+----------+-------+---------+----------| 
     | picorv32_core_reg_op2_reg[12] | CK ^           |          |       |   0.003 |    3.178 | 
     | picorv32_core_reg_op2_reg[12] | CK ^ -> Q v    | DFFHQX1  | 0.115 |   0.118 |    3.293 | 
     | FE_OFC449_pcpi_rs2_12         | A v -> Y v     | BUFX2    | 0.037 |   0.155 |    3.329 | 
     | FE_OFC580_pcpi_rs2_12         | A v -> Y v     | CLKBUFX8 | 0.130 |   0.285 |    3.459 | 
     |                               | pcpi_rs2[12] v |          | 0.021 |   0.305 |    3.480 | 
     +----------------------------------------------------------------------------------------+ 
Path 46: MET Late External Delay Assertion 
Endpoint:   pcpi_rs2[19]                    (v) checked with  leading edge of 
'clk'
Beginpoint: picorv32_core_reg_op2_reg[19]/Q (v) triggered by  leading edge of 
'clk'
Path Groups: {R2O}
Analysis View: analysis1
Other End Arrival Time          0.000
- External Delay                0.500
+ Phase Shift                   4.000
- Uncertainty                   0.020
= Required Time                 3.480
- Arrival Time                  0.305
= Slack Time                    3.175
     Clock Rise Edge                 0.000
     + Clock Network Latency (Prop)  0.000
     = Beginpoint Arrival Time       0.000
     +----------------------------------------------------------------------------------------+ 
     |           Instance            |      Arc       |   Cell   | Delay | Arrival | Required | 
     |                               |                |          |       |  Time   |   Time   | 
     |-------------------------------+----------------+----------+-------+---------+----------| 
     | picorv32_core_reg_op2_reg[19] | CK ^           |          |       |   0.000 |    3.176 | 
     | picorv32_core_reg_op2_reg[19] | CK ^ -> Q v    | DFFHQX1  | 0.128 |   0.129 |    3.304 | 
     | FE_OFC518_pcpi_rs2_19         | A v -> Y v     | CLKBUFX8 | 0.159 |   0.288 |    3.463 | 
     |                               | pcpi_rs2[19] v |          | 0.017 |   0.305 |    3.480 | 
     +----------------------------------------------------------------------------------------+ 
Path 47: MET Late External Delay Assertion 
Endpoint:   pcpi_rs2[17]                    (v) checked with  leading edge of 
'clk'
Beginpoint: picorv32_core_reg_op2_reg[17]/Q (v) triggered by  leading edge of 
'clk'
Path Groups: {R2O}
Analysis View: analysis1
Other End Arrival Time          0.000
- External Delay                0.500
+ Phase Shift                   4.000
- Uncertainty                   0.020
= Required Time                 3.480
- Arrival Time                  0.304
= Slack Time                    3.176
     Clock Rise Edge                 0.000
     + Clock Network Latency (Prop)  0.000
     = Beginpoint Arrival Time       0.000
     +---------------------------------------------------------------------------------------+ 
     |           Instance            |      Arc       |  Cell   | Delay | Arrival | Required | 
     |                               |                |         |       |  Time   |   Time   | 
     |-------------------------------+----------------+---------+-------+---------+----------| 
     | picorv32_core_reg_op2_reg[17] | CK ^           |         |       |   0.000 |    3.177 | 
     | picorv32_core_reg_op2_reg[17] | CK ^ -> Q v    | DFFHQX1 | 0.108 |   0.109 |    3.285 | 
     | FE_OFC231_pcpi_rs2_17         | A v -> Y ^     | INVX1   | 0.046 |   0.155 |    3.331 | 
     | FE_OFC232_pcpi_rs2_17         | A ^ -> Y v     | INVX8   | 0.136 |   0.291 |    3.467 | 
     |                               | pcpi_rs2[17] v |         | 0.013 |   0.304 |    3.480 | 
     +---------------------------------------------------------------------------------------+ 
Path 48: MET Late External Delay Assertion 
Endpoint:   pcpi_rs2[15]                    (v) checked with  leading edge of 
'clk'
Beginpoint: picorv32_core_reg_op2_reg[15]/Q (v) triggered by  leading edge of 
'clk'
Path Groups: {R2O}
Analysis View: analysis1
Other End Arrival Time          0.000
- External Delay                0.500
+ Phase Shift                   4.000
- Uncertainty                   0.020
= Required Time                 3.480
- Arrival Time                  0.303
= Slack Time                    3.177
     Clock Rise Edge                 0.000
     + Clock Network Latency (Prop)  0.000
     = Beginpoint Arrival Time       0.000
     +----------------------------------------------------------------------------------------+ 
     |           Instance            |      Arc       |   Cell   | Delay | Arrival | Required | 
     |                               |                |          |       |  Time   |   Time   | 
     |-------------------------------+----------------+----------+-------+---------+----------| 
     | picorv32_core_reg_op2_reg[15] | CK ^           |          |       |   0.000 |    3.177 | 
     | picorv32_core_reg_op2_reg[15] | CK ^ -> Q v    | DFFHQX1  | 0.127 |   0.127 |    3.304 | 
     | FE_OFC619_pcpi_rs2_15         | A v -> Y v     | CLKBUFX8 | 0.159 |   0.287 |    3.464 | 
     |                               | pcpi_rs2[15] v |          | 0.016 |   0.303 |    3.480 | 
     +----------------------------------------------------------------------------------------+ 
Path 49: MET Late External Delay Assertion 
Endpoint:   pcpi_rs2[11]                    (v) checked with  leading edge of 
'clk'
Beginpoint: picorv32_core_reg_op2_reg[11]/Q (v) triggered by  leading edge of 
'clk'
Path Groups: {R2O}
Analysis View: analysis1
Other End Arrival Time          0.000
- External Delay                0.500
+ Phase Shift                   4.000
- Uncertainty                   0.020
= Required Time                 3.480
- Arrival Time                  0.302
= Slack Time                    3.178
     Clock Rise Edge                 0.000
     + Clock Network Latency (Prop)  0.003
     = Beginpoint Arrival Time       0.003
     +----------------------------------------------------------------------------------------+ 
     |           Instance            |      Arc       |   Cell   | Delay | Arrival | Required | 
     |                               |                |          |       |  Time   |   Time   | 
     |-------------------------------+----------------+----------+-------+---------+----------| 
     | picorv32_core_reg_op2_reg[11] | CK ^           |          |       |   0.003 |    3.180 | 
     | picorv32_core_reg_op2_reg[11] | CK ^ -> Q v    | DFFHQX1  | 0.113 |   0.116 |    3.293 | 
     | FE_OFC440_pcpi_rs2_11         | A v -> Y v     | BUFX2    | 0.036 |   0.152 |    3.329 | 
     | FE_OFC693_pcpi_rs2_11         | A v -> Y v     | CLKBUFX8 | 0.132 |   0.284 |    3.462 | 
     |                               | pcpi_rs2[11] v |          | 0.018 |   0.302 |    3.480 | 
     +----------------------------------------------------------------------------------------+ 
Path 50: MET Late External Delay Assertion 
Endpoint:   pcpi_rs1[24]                    (v) checked with  leading edge of 
'clk'
Beginpoint: picorv32_core_reg_op1_reg[24]/Q (v) triggered by  leading edge of 
'clk'
Path Groups: {R2O}
Analysis View: analysis1
Other End Arrival Time          0.000
- External Delay                0.500
+ Phase Shift                   4.000
- Uncertainty                   0.020
= Required Time                 3.480
- Arrival Time                  0.300
= Slack Time                    3.180
     Clock Rise Edge                 0.000
     + Clock Network Latency (Prop)  0.002
     = Beginpoint Arrival Time       0.002
     +----------------------------------------------------------------------------------------+ 
     |           Instance            |      Arc       |   Cell   | Delay | Arrival | Required | 
     |                               |                |          |       |  Time   |   Time   | 
     |-------------------------------+----------------+----------+-------+---------+----------| 
     | picorv32_core_reg_op1_reg[24] | CK ^           |          |       |   0.002 |    3.182 | 
     | picorv32_core_reg_op1_reg[24] | CK ^ -> Q v    | DFFHQX1  | 0.112 |   0.115 |    3.294 | 
     | FE_OFC599_pcpi_rs1_24         | A v -> Y v     | BUFX2    | 0.035 |   0.149 |    3.329 | 
     | FE_OFC692_pcpi_rs1_24         | A v -> Y v     | CLKBUFX8 | 0.130 |   0.279 |    3.459 | 
     |                               | pcpi_rs1[24] v |          | 0.021 |   0.300 |    3.480 | 
     +----------------------------------------------------------------------------------------+ 

