Clock tree timing engine global stage delay update for delay1:both.early...
Clock tree timing engine global stage delay update for delay1:both.early done. (took cpu=0:00:00.1 real=0:00:00.1)
Clock tree timing engine global stage delay update for delay1:both.late...
Clock tree timing engine global stage delay update for delay1:both.late done. (took cpu=0:00:00.0 real=0:00:00.0)

Skew Group Structure:
=====================

----------------------------------------------------------------------
Skew Group         Sources    Constrained Sinks    Unconstrained Sinks
----------------------------------------------------------------------
clk/constraint1       1             2399                    0
----------------------------------------------------------------------

Skew Group Summary:
===================

-------------------------------------------------------------------------------------------------------------------------------------------------------------------
Timing Corner        Skew Group         ID Target    Min ID    Max ID    Avg ID    Std.Dev. ID    Skew Target Type    Skew Target    Skew     Skew window occupancy
-------------------------------------------------------------------------------------------------------------------------------------------------------------------
delay1:both.early    clk/constraint1        -        0.062     0.080     0.073        0.005       ignored                  -         0.019              -
delay1:both.late     clk/constraint1    none         0.063     0.081     0.074        0.005       explicit             1.000         0.018    100% {0.063, 0.081}
-------------------------------------------------------------------------------------------------------------------------------------------------------------------

* - indicates that target was not met.

Skew Group Min/Max path pins:
=============================

----------------------------------------------------------------------------
Timing Corner        Skew Group         Min ID    PathID    Max ID    PathID
----------------------------------------------------------------------------
delay1:both.early    clk/constraint1    0.062       1       0.080       2
-    min picorv32_core_cpuregs_reg[3][2]/CK
-    max picorv32_core_genblk2.pcpi_div_divisor_reg[12]/CK
delay1:both.late     clk/constraint1    0.063       3       0.081       4
-    min picorv32_core_cpuregs_reg[3][0]/CK
-    max picorv32_core_genblk2.pcpi_div_quotient_msk_reg[14]/CK
----------------------------------------------------------------------------

Timing for timing corner delay1:both.early, min clock_path:
===========================================================

PathID    : 1
Path type : skew group clk/constraint1 (path 1 of 1)
Start     : wb_clk_i
End       : picorv32_core_cpuregs_reg[3][2]/CK
Delay     : 0.062

-------------------------------------------------------------------------------------------------
Name  Lib cell   Event  Incr   Arrival  Slew   Cap    Location           Distance  Fanout  Status
                        (ns)   (ns)     (ns)   (pF)                      (um)              
-- Clockpath trace ------------------------------------------------------------------------------
wb_clk_i
-     -          rise   -       0.000   0.004  0.136  (101.100,220.590)  -            5    
CTS_ccl_a_buf_00028/A
-     BUFX2      rise   0.005   0.005   0.011  -      (44.500,197.505)    79.685   -       
CTS_ccl_a_buf_00028/Y
-     BUFX2      rise   0.022   0.027   0.016  0.005  (44.135,197.970)     0.830      2    
CTS_ccl_a_buf_00023/A
-     CLKBUFX16  rise   0.000   0.027   0.016  -      (41.700,195.795)     4.610   -       
CTS_ccl_a_buf_00023/Y
-     CLKBUFX16  rise   0.034   0.061   0.033  0.074  (41.225,196.020)     0.700    100    
picorv32_core_cpuregs_reg[3][2]/CK
-     EDFFHQX1   rise   0.001   0.062   0.033  -      (42.700,187.245)    10.250   -       
-------------------------------------------------------------------------------------------------

Timing for timing corner delay1:both.early, max clock_path:
===========================================================

PathID    : 2
Path type : skew group clk/constraint1 (path 1 of 1)
Start     : wb_clk_i
End       : picorv32_core_genblk2.pcpi_div_divisor_reg[11]/CK
Delay     : 0.080

-------------------------------------------------------------------------------------------------
Name  Lib cell   Event  Incr   Arrival  Slew   Cap    Location           Distance  Fanout  Status
                        (ns)   (ns)     (ns)   (pF)                      (um)              
-- Clockpath trace ------------------------------------------------------------------------------
wb_clk_i
-     -          rise   -       0.000   0.004  0.136  (101.100,220.590)  -            5    
CTS_ccl_a_buf_00026/A
-     CLKBUFX16  rise   0.005   0.005   0.011  -      (139.700,182.115)   77.075   -       
CTS_ccl_a_buf_00026/Y
-     CLKBUFX16  rise   0.031   0.036   0.032  0.071  (139.225,182.340)    0.700      7    
CTS_ccl_a_buf_00001/A
-     CLKBUFX20  rise   0.004   0.040   0.033  -      (165.500,81.225)   127.390   -       
CTS_ccl_a_buf_00001/Y
-     CLKBUFX20  rise   0.034   0.074   0.033  0.086  (165.010,81.025)     0.690    100    
picorv32_core_genblk2.pcpi_div_divisor_reg[11]/CK
-     DFFHQX1    rise   0.006   0.080   0.035  -      (205.875,19.920)   101.970   -       
-------------------------------------------------------------------------------------------------

Timing for timing corner delay1:both.late, min clock_path:
==========================================================

PathID    : 3
Path type : skew group clk/constraint1 (path 1 of 1)
Start     : wb_clk_i
End       : picorv32_core_cpuregs_reg[3][0]/CK
Delay     : 0.063

-------------------------------------------------------------------------------------------------
Name  Lib cell   Event  Incr   Arrival  Slew   Cap    Location           Distance  Fanout  Status
                        (ns)   (ns)     (ns)   (pF)                      (um)              
-- Clockpath trace ------------------------------------------------------------------------------
wb_clk_i
-     -          rise   -       0.000   0.004  0.136  (101.100,220.590)  -            5    
CTS_ccl_a_buf_00028/A
-     BUFX2      rise   0.005   0.005   0.011  -      (44.500,197.505)    79.685   -       
CTS_ccl_a_buf_00028/Y
-     BUFX2      rise   0.023   0.028   0.017  0.005  (44.135,197.970)     0.830      2    
CTS_ccl_a_buf_00023/A
-     CLKBUFX16  rise   0.000   0.028   0.017  -      (41.700,195.795)     4.610   -       
CTS_ccl_a_buf_00023/Y
-     CLKBUFX16  rise   0.035   0.063   0.034  0.074  (41.225,196.020)     0.700    100    
picorv32_core_cpuregs_reg[3][0]/CK
-     EDFFHQX1   rise   0.001   0.063   0.034  -      (38.500,194.085)     4.660   -       
-------------------------------------------------------------------------------------------------

Timing for timing corner delay1:both.late, max clock_path:
==========================================================

PathID    : 4
Path type : skew group clk/constraint1 (path 1 of 1)
Start     : wb_clk_i
End       : picorv32_core_genblk2.pcpi_div_divisor_reg[9]/CK
Delay     : 0.081

-------------------------------------------------------------------------------------------------
Name  Lib cell   Event  Incr   Arrival  Slew   Cap    Location           Distance  Fanout  Status
                        (ns)   (ns)     (ns)   (pF)                      (um)              
-- Clockpath trace ------------------------------------------------------------------------------
wb_clk_i
-     -          rise   -       0.000   0.004  0.136  (101.100,220.590)  -            5    
CTS_ccl_a_buf_00026/A
-     CLKBUFX16  rise   0.005   0.005   0.011  -      (139.700,182.115)   77.075   -       
CTS_ccl_a_buf_00026/Y
-     CLKBUFX16  rise   0.031   0.036   0.033  0.071  (139.225,182.340)    0.700      7    
CTS_ccl_a_buf_00001/A
-     CLKBUFX20  rise   0.004   0.040   0.034  -      (165.500,81.225)   127.390   -       
CTS_ccl_a_buf_00001/Y
-     CLKBUFX20  rise   0.035   0.075   0.034  0.086  (165.010,81.025)     0.690    100    
picorv32_core_genblk2.pcpi_div_divisor_reg[9]/CK
-     DFFHQX1    rise   0.006   0.081   0.036  -      (208.475,26.760)    97.730   -       
-------------------------------------------------------------------------------------------------


