Using Power View: analysis1.
AAE_INFO: opIsDesignInPostRouteState() is 1
AAE_INFO: deleting AAE DB due to opIsDesignInPostRouteState() is changed ...
AAE DB initialization (MEM=2351.18 CPU=0:00:00.0 REAL=0:00:00.0) 
#################################################################################
# Design Stage: PostRoute
# Design Name: picorv32_wb
# Design Mode: 90nm
# Analysis Mode: MMMC Non-OCV 
# Parasitics Mode: No SPEF/RCDB 
# Signoff Settings: SI Off 
#################################################################################
Extraction called for design 'picorv32_wb' of instances=9555 and nets=10589 using extraction engine 'preRoute' .
**WARN: (IMPEXT-3530):	The process node is not set. Use the command setDesignMode -process <process node> prior to extraction for maximum accuracy and optimal automatic threshold setting.
Type 'man IMPEXT-3530' for more detail.
PreRoute RC Extraction called for design picorv32_wb.
RC Extraction called in multi-corner(1) mode.
RCMode: PreRoute
      RC Corner Indexes            0   
Capacitance Scaling Factor   : 1.00000 
Resistance Scaling Factor    : 1.00000 
Clock Cap. Scaling Factor    : 1.00000 
Clock Res. Scaling Factor    : 1.00000 
Shrink Factor                : 1.00000
PreRoute extraction is honoring NDR/Shielding/ExtraSpace for clock nets.
Using Quantus QRC technology file ...
Updating RC grid for preRoute extraction ...
Initializing multi-corner resistance tables ...
PreRoute RC Extraction DONE (CPU Time: 0:00:00.2  Real Time: 0:00:00.0  MEM: 2351.180M)
Calculate delays in Single mode...
Start delay calculation (fullDC) (1 T). (MEM=2345.2)
siFlow : Timing analysis mode is single, using late cdB files
Total number of fetched objects 10505
AAE_INFO: Total number of nets for which stage creation was skipped for all views 0
End delay calculation. (MEM=2408.22 CPU=0:00:01.6 REAL=0:00:02.0)
End delay calculation (fullDC). (MEM=2408.22 CPU=0:00:02.0 REAL=0:00:02.0)

Begin Power Analysis

             0V	    VSS
          1.32V	    VDD

Begin Processing Timing Library for Power Calculation

Begin Processing Timing Library for Power Calculation



Begin Processing Power Net/Grid for Power Calculation

Ended Processing Power Net/Grid for Power Calculation: (cpu=0:00:00, real=0:00:00, mem(process/total/peak)=2130.86MB/3696.89MB/2297.84MB)

Begin Processing Timing Window Data for Power Calculation

CK: assigning clock clk to net wb_clk_i
Ended Processing Timing Window Data for Power Calculation: (cpu=0:00:00, real=0:00:00, mem(process/total/peak)=2130.86MB/3696.89MB/2297.84MB)

Begin Processing User Attributes

Ended Processing User Attributes: (cpu=0:00:00, real=0:00:00, mem(process/total/peak)=2130.86MB/3696.89MB/2297.84MB)

Begin Processing Signal Activity


Starting Levelizing
2025-Nov-30 18:23:20 (2025-Nov-30 16:23:20 GMT)
2025-Nov-30 18:23:20 (2025-Nov-30 16:23:20 GMT): 10%
2025-Nov-30 18:23:20 (2025-Nov-30 16:23:20 GMT): 20%
2025-Nov-30 18:23:20 (2025-Nov-30 16:23:20 GMT): 30%
2025-Nov-30 18:23:20 (2025-Nov-30 16:23:20 GMT): 40%
2025-Nov-30 18:23:20 (2025-Nov-30 16:23:20 GMT): 50%
2025-Nov-30 18:23:20 (2025-Nov-30 16:23:20 GMT): 60%
2025-Nov-30 18:23:20 (2025-Nov-30 16:23:20 GMT): 70%
2025-Nov-30 18:23:20 (2025-Nov-30 16:23:20 GMT): 80%
2025-Nov-30 18:23:20 (2025-Nov-30 16:23:20 GMT): 90%

Finished Levelizing
2025-Nov-30 18:23:20 (2025-Nov-30 16:23:20 GMT)

Starting Activity Propagation
2025-Nov-30 18:23:20 (2025-Nov-30 16:23:20 GMT)
2025-Nov-30 18:23:20 (2025-Nov-30 16:23:20 GMT): 10%
2025-Nov-30 18:23:20 (2025-Nov-30 16:23:20 GMT): 20%

Finished Activity Propagation
2025-Nov-30 18:23:21 (2025-Nov-30 16:23:21 GMT)
Ended Processing Signal Activity: (cpu=0:00:00, real=0:00:00, mem(process/total/peak)=2131.23MB/3696.89MB/2297.84MB)

Begin Power Computation

      ----------------------------------------------------------
      # of cell(s) missing both power/leakage table: 0
      # of cell(s) missing power table: 0
      # of cell(s) missing leakage table: 0
      ----------------------------------------------------------



Starting Calculating power
2025-Nov-30 18:23:21 (2025-Nov-30 16:23:21 GMT)
 ... Calculating switching power
2025-Nov-30 18:23:21 (2025-Nov-30 16:23:21 GMT): 10%
2025-Nov-30 18:23:21 (2025-Nov-30 16:23:21 GMT): 20%
2025-Nov-30 18:23:21 (2025-Nov-30 16:23:21 GMT): 30%
2025-Nov-30 18:23:21 (2025-Nov-30 16:23:21 GMT): 40%
2025-Nov-30 18:23:21 (2025-Nov-30 16:23:21 GMT): 50%
 ... Calculating internal and leakage power
2025-Nov-30 18:23:21 (2025-Nov-30 16:23:21 GMT): 60%
2025-Nov-30 18:23:21 (2025-Nov-30 16:23:21 GMT): 70%
2025-Nov-30 18:23:21 (2025-Nov-30 16:23:21 GMT): 80%
2025-Nov-30 18:23:21 (2025-Nov-30 16:23:21 GMT): 90%

Finished Calculating power
2025-Nov-30 18:23:21 (2025-Nov-30 16:23:21 GMT)
      # of MSMV cell(s) missing power_level: 0
Ended Power Computation: (cpu=0:00:00, real=0:00:00, mem(process/total/peak)=2131.98MB/3704.90MB/2297.84MB)

Begin Processing User Attributes

Ended Processing User Attributes: (cpu=0:00:00, real=0:00:00, mem(process/total/peak)=2131.98MB/3704.90MB/2297.84MB)

Ended Power Analysis: (cpu=0:00:01, real=0:00:01, mem(process/total/peak)=2131.98MB/3704.90MB/2297.84MB)

Begin Boundary Leakage Calculation
Ended Boundary Leakage Calculation: (cpu=0:00:00, real=0:00:00,
mem(process/total/peak)=2131.98MB/3704.90MB/2297.84MB)
Begin Static Power Report Generation
*----------------------------------------------------------------------------------------
*	Innovus 21.35-s114_1 (64bit) 10/13/2022 12:11 (Linux 3.10.0-693.el7.x86_64)
*	
*
* 	Date & Time:	2025-Nov-30 18:23:22 (2025-Nov-30 16:23:22 GMT)
*
*----------------------------------------------------------------------------------------
*
*	Design: picorv32_wb
*
*	Liberty Libraries used:
*	        analysis1: /mnt/apps/prebuilt/eda/designkits/GPDK/gsclib045/lan/flow/t1u1/reference_libs/GPDK045/gsclib045_svt_v4.4/gsclib045/timing/fast_vdd1v2_basicCells.lib
*
*	Parasitic Files used:
*
*       Power View : analysis1
*
*       User-Defined Activity : N.A.
*
*       Activity File: N.A.
*
*       Hierarchical Global Activity: N.A.
*
*       Global Activity: N.A.
*
*       Sequential Element Activity: 0.200000
*
*       Primary Input Activity: 0.200000
*
*       Default icg ratio: N.A.
*
*       Global Comb ClockGate Ratio: N.A.
*
*	Power Units = 1mW
*
*	Time Units = 1e-09 secs
*
*       report_power
*
-----------------------------------------------------------------------------------------
*



Total Power
-----------------------------------------------------------------------------------------
Total Internal Power:        3.40882713 	   43.5374%
Total Switching Power:       4.41676568 	   56.4108%
Total Leakage Power:         0.00405319 	    0.0518%
Total Power:                 7.82964600
-----------------------------------------------------------------------------------------


Group                           Internal   Switching     Leakage       Total  Percentage 
                                Power      Power         Power         Power  (%)        
-----------------------------------------------------------------------------------------
Sequential                         1.733      0.7216    0.001767       2.456       31.37
Macro                                  0           0           0           0           0
IO                                     0           0           0           0           0
Combinational                      1.432        3.41    0.002199       4.844       61.87
Clock (Combinational)            0.03818      0.1396   7.949e-06      0.1778       2.271
Clock (Sequential)                0.2059       0.146   7.878e-05      0.3519       4.495
-----------------------------------------------------------------------------------------
Total                              3.409       4.417    0.004053        7.83         100
-----------------------------------------------------------------------------------------


Rail                  Voltage   Internal   Switching     Leakage       Total  Percentage 
                                Power      Power         Power         Power  (%)        
-----------------------------------------------------------------------------------------
VDD                      1.32      3.409       4.417    0.004053        7.83         100


Clock                           Internal   Switching     Leakage       Total  Percentage 
                                Power      Power         Power         Power  (%)        
-----------------------------------------------------------------------------------------
clk                               0.2441      0.2856   8.673e-05      0.5297       6.766
-----------------------------------------------------------------------------------------
Total                             0.2441      0.2856   8.673e-05      0.5297       6.766
-----------------------------------------------------------------------------------------
Clock: clk
Clock Period: 0.004000 usec 
Clock Toggle Rate:   500.0000 Mhz 
Clock Static Probability:  0.5000
  
 
 
-----------------------------------------------------------------------------------------
*	Power Distribution Summary: 
*              Highest Average Power:       CTS_ccl_a_buf_00001 (CLKBUFX20):          0.04813
*              Highest Leakage Power: picorv32_core_genblk2.pcpi_div_RC_CG_HIER_INST57/RC_CGIC_INST (TLATNTSCAX20):         2.95e-06
*                Total Cap:      8.64471e-11 F
*                Total instances in design:  9555
*                Total instances in design with no power:     0
*                Total instances in design with no activty:     0

*                Total Fillers and Decap:     0
-----------------------------------------------------------------------------------------
 
** INFO:  (VOLTUS_POWR-3465): There are 0 decaps and 0 fillers in the design

Ended Static Power Report Generation: (cpu=0:00:00, real=0:00:00,
mem(process/total/peak)=2135.23MB/3704.90MB/2297.84MB)

