###############################################################
#  Generated by:      Cadence Innovus 21.35-s114_1
#  OS:                Linux x86_64(Host ID cn88.it.auth.gr)
#  Generated on:      Sun Nov 30 18:23:27 2025
#  Design:            picorv32_wb
#  Command:           report_timing -path_group reg2out -check_type hold -max_paths 50 > reports/postRouting/reg2out_hold.rpt
###############################################################
Path 1: MET Early External Delay Assertion 
Endpoint:   wbm_we_o       (^) checked with  leading edge of 'clk'
Beginpoint: wbm_we_o_reg/Q (^) triggered by  leading edge of 'clk'
Path Groups: {reg2out}
Analysis View: analysis1
Other End Arrival Time          0.000
- External Delay                0.250
+ Phase Shift                   0.000
+ Uncertainty                   0.020
= Required Time                -0.230
  Arrival Time                  0.055
  Slack Time                    0.285
     Clock Rise Edge                 0.000
     + Clock Network Latency (Prop)  -0.018
     = Beginpoint Arrival Time       -0.018
     +--------------------------------------------------------------------------+ 
     |      Instance      |     Arc     |   Cell   | Delay | Arrival | Required | 
     |                    |             |          |       |  Time   |   Time   | 
     |--------------------+-------------+----------+-------+---------+----------| 
     | wbm_we_o_reg       | CK ^        |          |       |  -0.018 |   -0.302 | 
     | wbm_we_o_reg       | CK ^ -> Q ^ | DFFHQX1  | 0.038 |   0.021 |   -0.264 | 
     | FE_OFC707_wbm_we_o | A ^ -> Y ^  | CLKBUFX8 | 0.034 |   0.054 |   -0.231 | 
     |                    | wbm_we_o ^  |          | 0.001 |   0.055 |   -0.230 | 
     +--------------------------------------------------------------------------+ 
Path 2: MET Early External Delay Assertion 
Endpoint:   trap                     (^) checked with  leading edge of 'clk'
Beginpoint: picorv32_core_trap_reg/Q (^) triggered by  leading edge of 'clk'
Path Groups: {reg2out}
Analysis View: analysis1
Other End Arrival Time          0.000
- External Delay                0.250
+ Phase Shift                   0.000
+ Uncertainty                   0.020
= Required Time                -0.230
  Arrival Time                  0.059
  Slack Time                    0.289
     Clock Rise Edge                 0.000
     + Clock Network Latency (Prop)  -0.026
     = Beginpoint Arrival Time       -0.026
     +------------------------------------------------------------------------------+ 
     |        Instance        |     Arc     |   Cell   | Delay | Arrival | Required | 
     |                        |             |          |       |  Time   |   Time   | 
     |------------------------+-------------+----------+-------+---------+----------| 
     | picorv32_core_trap_reg | CK ^        |          |       |  -0.026 |   -0.315 | 
     | picorv32_core_trap_reg | CK ^ -> Q ^ | DFFHQX1  | 0.045 |   0.019 |   -0.270 | 
     | FE_OFC0_trap           | A ^ -> Y v  | INVX1    | 0.016 |   0.035 |   -0.253 | 
     | FE_OFC1_trap           | A v -> Y ^  | CLKINVX8 | 0.023 |   0.058 |   -0.230 | 
     |                        | trap ^      |          | 0.001 |   0.059 |   -0.230 | 
     +------------------------------------------------------------------------------+ 
Path 3: MET Early External Delay Assertion 
Endpoint:   wbm_stb_o       (^) checked with  leading edge of 'clk'
Beginpoint: wbm_cyc_o_reg/Q (^) triggered by  leading edge of 'clk'
Path Groups: {reg2out}
Analysis View: analysis1
Other End Arrival Time          0.000
- External Delay                0.250
+ Phase Shift                   0.000
+ Uncertainty                   0.020
= Required Time                -0.230
  Arrival Time                  0.061
  Slack Time                    0.291
     Clock Rise Edge                 0.000
     + Clock Network Latency (Prop)  -0.018
     = Beginpoint Arrival Time       -0.018
     +---------------------------------------------------------------------------+ 
     |      Instance       |     Arc     |   Cell   | Delay | Arrival | Required | 
     |                     |             |          |       |  Time   |   Time   | 
     |---------------------+-------------+----------+-------+---------+----------| 
     | wbm_cyc_o_reg       | CK ^        |          |       |  -0.018 |   -0.309 | 
     | wbm_cyc_o_reg       | CK ^ -> Q ^ | DFFHQX1  | 0.043 |   0.025 |   -0.266 | 
     | FE_OFC522_wbm_stb_o | A ^ -> Y ^  | CLKBUFX8 | 0.034 |   0.059 |   -0.232 | 
     |                     | wbm_stb_o ^ |          | 0.002 |   0.061 |   -0.230 | 
     +---------------------------------------------------------------------------+ 
Path 4: MET Early External Delay Assertion 
Endpoint:   wbm_cyc_o       (^) checked with  leading edge of 'clk'
Beginpoint: wbm_cyc_o_reg/Q (^) triggered by  leading edge of 'clk'
Path Groups: {reg2out}
Analysis View: analysis1
Other End Arrival Time          0.000
- External Delay                0.250
+ Phase Shift                   0.000
+ Uncertainty                   0.020
= Required Time                -0.230
  Arrival Time                  0.061
  Slack Time                    0.291
     Clock Rise Edge                 0.000
     + Clock Network Latency (Prop)  -0.018
     = Beginpoint Arrival Time       -0.018
     +---------------------------------------------------------------------------+ 
     |      Instance       |     Arc     |   Cell   | Delay | Arrival | Required | 
     |                     |             |          |       |  Time   |   Time   | 
     |---------------------+-------------+----------+-------+---------+----------| 
     | wbm_cyc_o_reg       | CK ^        |          |       |  -0.018 |   -0.309 | 
     | wbm_cyc_o_reg       | CK ^ -> Q ^ | DFFHQX1  | 0.043 |   0.025 |   -0.266 | 
     | FE_OFC523_wbm_cyc_o | A ^ -> Y ^  | CLKBUFX8 | 0.034 |   0.059 |   -0.232 | 
     |                     | wbm_cyc_o ^ |          | 0.002 |   0.061 |   -0.230 | 
     +---------------------------------------------------------------------------+ 
Path 5: MET Early External Delay Assertion 
Endpoint:   mem_instr                     (^) checked with  leading edge of 
'clk'
Beginpoint: picorv32_core_mem_instr_reg/Q (^) triggered by  leading edge of 
'clk'
Path Groups: {reg2out}
Analysis View: analysis1
Other End Arrival Time          0.000
- External Delay                0.250
+ Phase Shift                   0.000
+ Uncertainty                   0.020
= Required Time                -0.230
  Arrival Time                  0.063
  Slack Time                    0.293
     Clock Rise Edge                 0.000
     + Clock Network Latency (Prop)  -0.004
     = Beginpoint Arrival Time       -0.004
     +----------------------------------------------------------------------------------+ 
     |          Instance           |     Arc     |  Cell   | Delay | Arrival | Required | 
     |                             |             |         |       |  Time   |   Time   | 
     |-----------------------------+-------------+---------+-------+---------+----------| 
     | picorv32_core_mem_instr_reg | CK ^        |         |       |  -0.004 |   -0.297 | 
     | picorv32_core_mem_instr_reg | CK ^ -> Q ^ | DFFHQX8 | 0.066 |   0.062 |   -0.231 | 
     |                             | mem_instr ^ |         | 0.001 |   0.063 |   -0.230 | 
     +----------------------------------------------------------------------------------+ 
Path 6: MET Early External Delay Assertion 
Endpoint:   wbm_dat_o[15]       (^) checked with  leading edge of 'clk'
Beginpoint: wbm_dat_o_reg[15]/Q (^) triggered by  leading edge of 'clk'
Path Groups: {reg2out}
Analysis View: analysis1
Other End Arrival Time          0.000
- External Delay                0.250
+ Phase Shift                   0.000
+ Uncertainty                   0.020
= Required Time                -0.230
  Arrival Time                  0.069
  Slack Time                    0.299
     Clock Rise Edge                 0.000
     + Clock Network Latency (Prop)  0.002
     = Beginpoint Arrival Time       0.002
     +----------------------------------------------------------------------------+ 
     |     Instance      |       Arc       |  Cell   | Delay | Arrival | Required | 
     |                   |                 |         |       |  Time   |   Time   | 
     |-------------------+-----------------+---------+-------+---------+----------| 
     | wbm_dat_o_reg[15] | CK ^            |         |       |   0.002 |   -0.297 | 
     | wbm_dat_o_reg[15] | CK ^ -> Q ^     | DFFHQX8 | 0.066 |   0.068 |   -0.231 | 
     |                   | wbm_dat_o[15] ^ |         | 0.001 |   0.069 |   -0.230 | 
     +----------------------------------------------------------------------------+ 
Path 7: MET Early External Delay Assertion 
Endpoint:   wbm_dat_o[5]       (^) checked with  leading edge of 'clk'
Beginpoint: wbm_dat_o_reg[5]/Q (^) triggered by  leading edge of 'clk'
Path Groups: {reg2out}
Analysis View: analysis1
Other End Arrival Time          0.000
- External Delay                0.250
+ Phase Shift                   0.000
+ Uncertainty                   0.020
= Required Time                -0.230
  Arrival Time                  0.069
  Slack Time                    0.299
     Clock Rise Edge                 0.000
     + Clock Network Latency (Prop)  0.002
     = Beginpoint Arrival Time       0.002
     +--------------------------------------------------------------------------+ 
     |     Instance     |      Arc       |  Cell   | Delay | Arrival | Required | 
     |                  |                |         |       |  Time   |   Time   | 
     |------------------+----------------+---------+-------+---------+----------| 
     | wbm_dat_o_reg[5] | CK ^           |         |       |   0.002 |   -0.297 | 
     | wbm_dat_o_reg[5] | CK ^ -> Q ^    | DFFHQX8 | 0.066 |   0.067 |   -0.232 | 
     |                  | wbm_dat_o[5] ^ |         | 0.002 |   0.069 |   -0.230 | 
     +--------------------------------------------------------------------------+ 
Path 8: MET Early External Delay Assertion 
Endpoint:   wbm_dat_o[13]       (^) checked with  leading edge of 'clk'
Beginpoint: wbm_dat_o_reg[13]/Q (^) triggered by  leading edge of 'clk'
Path Groups: {reg2out}
Analysis View: analysis1
Other End Arrival Time          0.000
- External Delay                0.250
+ Phase Shift                   0.000
+ Uncertainty                   0.020
= Required Time                -0.230
  Arrival Time                  0.069
  Slack Time                    0.299
     Clock Rise Edge                 0.000
     + Clock Network Latency (Prop)  0.002
     = Beginpoint Arrival Time       0.002
     +----------------------------------------------------------------------------+ 
     |     Instance      |       Arc       |  Cell   | Delay | Arrival | Required | 
     |                   |                 |         |       |  Time   |   Time   | 
     |-------------------+-----------------+---------+-------+---------+----------| 
     | wbm_dat_o_reg[13] | CK ^            |         |       |   0.002 |   -0.296 | 
     | wbm_dat_o_reg[13] | CK ^ -> Q ^     | DFFHQX8 | 0.066 |   0.068 |   -0.230 | 
     |                   | wbm_dat_o[13] ^ |         | 0.001 |   0.069 |   -0.230 | 
     +----------------------------------------------------------------------------+ 
Path 9: MET Early External Delay Assertion 
Endpoint:   wbm_dat_o[18]       (^) checked with  leading edge of 'clk'
Beginpoint: wbm_dat_o_reg[18]/Q (^) triggered by  leading edge of 'clk'
Path Groups: {reg2out}
Analysis View: analysis1
Other End Arrival Time          0.000
- External Delay                0.250
+ Phase Shift                   0.000
+ Uncertainty                   0.020
= Required Time                -0.230
  Arrival Time                  0.069
  Slack Time                    0.299
     Clock Rise Edge                 0.000
     + Clock Network Latency (Prop)  0.002
     = Beginpoint Arrival Time       0.002
     +----------------------------------------------------------------------------+ 
     |     Instance      |       Arc       |  Cell   | Delay | Arrival | Required | 
     |                   |                 |         |       |  Time   |   Time   | 
     |-------------------+-----------------+---------+-------+---------+----------| 
     | wbm_dat_o_reg[18] | CK ^            |         |       |   0.002 |   -0.297 | 
     | wbm_dat_o_reg[18] | CK ^ -> Q ^     | DFFHQX8 | 0.066 |   0.067 |   -0.232 | 
     |                   | wbm_dat_o[18] ^ |         | 0.002 |   0.069 |   -0.230 | 
     +----------------------------------------------------------------------------+ 
Path 10: MET Early External Delay Assertion 
Endpoint:   wbm_dat_o[29]       (^) checked with  leading edge of 'clk'
Beginpoint: wbm_dat_o_reg[29]/Q (^) triggered by  leading edge of 'clk'
Path Groups: {reg2out}
Analysis View: analysis1
Other End Arrival Time          0.000
- External Delay                0.250
+ Phase Shift                   0.000
+ Uncertainty                   0.020
= Required Time                -0.230
  Arrival Time                  0.069
  Slack Time                    0.299
     Clock Rise Edge                 0.000
     + Clock Network Latency (Prop)  0.002
     = Beginpoint Arrival Time       0.002
     +----------------------------------------------------------------------------+ 
     |     Instance      |       Arc       |  Cell   | Delay | Arrival | Required | 
     |                   |                 |         |       |  Time   |   Time   | 
     |-------------------+-----------------+---------+-------+---------+----------| 
     | wbm_dat_o_reg[29] | CK ^            |         |       |   0.002 |   -0.296 | 
     | wbm_dat_o_reg[29] | CK ^ -> Q ^     | DFFHQX8 | 0.066 |   0.068 |   -0.230 | 
     |                   | wbm_dat_o[29] ^ |         | 0.001 |   0.069 |   -0.230 | 
     +----------------------------------------------------------------------------+ 
Path 11: MET Early External Delay Assertion 
Endpoint:   wbm_dat_o[30]       (^) checked with  leading edge of 'clk'
Beginpoint: wbm_dat_o_reg[30]/Q (^) triggered by  leading edge of 'clk'
Path Groups: {reg2out}
Analysis View: analysis1
Other End Arrival Time          0.000
- External Delay                0.250
+ Phase Shift                   0.000
+ Uncertainty                   0.020
= Required Time                -0.230
  Arrival Time                  0.069
  Slack Time                    0.299
     Clock Rise Edge                 0.000
     + Clock Network Latency (Prop)  0.001
     = Beginpoint Arrival Time       0.001
     +----------------------------------------------------------------------------+ 
     |     Instance      |       Arc       |  Cell   | Delay | Arrival | Required | 
     |                   |                 |         |       |  Time   |   Time   | 
     |-------------------+-----------------+---------+-------+---------+----------| 
     | wbm_dat_o_reg[30] | CK ^            |         |       |   0.001 |   -0.298 | 
     | wbm_dat_o_reg[30] | CK ^ -> Q ^     | DFFHQX8 | 0.066 |   0.067 |   -0.232 | 
     |                   | wbm_dat_o[30] ^ |         | 0.002 |   0.069 |   -0.230 | 
     +----------------------------------------------------------------------------+ 
Path 12: MET Early External Delay Assertion 
Endpoint:   wbm_dat_o[2]       (^) checked with  leading edge of 'clk'
Beginpoint: wbm_dat_o_reg[2]/Q (^) triggered by  leading edge of 'clk'
Path Groups: {reg2out}
Analysis View: analysis1
Other End Arrival Time          0.000
- External Delay                0.250
+ Phase Shift                   0.000
+ Uncertainty                   0.020
= Required Time                -0.230
  Arrival Time                  0.069
  Slack Time                    0.299
     Clock Rise Edge                 0.000
     + Clock Network Latency (Prop)  0.003
     = Beginpoint Arrival Time       0.003
     +--------------------------------------------------------------------------+ 
     |     Instance     |      Arc       |  Cell   | Delay | Arrival | Required | 
     |                  |                |         |       |  Time   |   Time   | 
     |------------------+----------------+---------+-------+---------+----------| 
     | wbm_dat_o_reg[2] | CK ^           |         |       |   0.003 |   -0.297 | 
     | wbm_dat_o_reg[2] | CK ^ -> Q ^    | DFFHQX8 | 0.066 |   0.069 |   -0.231 | 
     |                  | wbm_dat_o[2] ^ |         | 0.001 |   0.069 |   -0.230 | 
     +--------------------------------------------------------------------------+ 
Path 13: MET Early External Delay Assertion 
Endpoint:   wbm_dat_o[3]       (^) checked with  leading edge of 'clk'
Beginpoint: wbm_dat_o_reg[3]/Q (^) triggered by  leading edge of 'clk'
Path Groups: {reg2out}
Analysis View: analysis1
Other End Arrival Time          0.000
- External Delay                0.250
+ Phase Shift                   0.000
+ Uncertainty                   0.020
= Required Time                -0.230
  Arrival Time                  0.069
  Slack Time                    0.299
     Clock Rise Edge                 0.000
     + Clock Network Latency (Prop)  0.001
     = Beginpoint Arrival Time       0.001
     +--------------------------------------------------------------------------+ 
     |     Instance     |      Arc       |  Cell   | Delay | Arrival | Required | 
     |                  |                |         |       |  Time   |   Time   | 
     |------------------+----------------+---------+-------+---------+----------| 
     | wbm_dat_o_reg[3] | CK ^           |         |       |   0.001 |   -0.298 | 
     | wbm_dat_o_reg[3] | CK ^ -> Q ^    | DFFHQX8 | 0.066 |   0.067 |   -0.232 | 
     |                  | wbm_dat_o[3] ^ |         | 0.002 |   0.069 |   -0.230 | 
     +--------------------------------------------------------------------------+ 
Path 14: MET Early External Delay Assertion 
Endpoint:   wbm_dat_o[6]       (^) checked with  leading edge of 'clk'
Beginpoint: wbm_dat_o_reg[6]/Q (^) triggered by  leading edge of 'clk'
Path Groups: {reg2out}
Analysis View: analysis1
Other End Arrival Time          0.000
- External Delay                0.250
+ Phase Shift                   0.000
+ Uncertainty                   0.020
= Required Time                -0.230
  Arrival Time                  0.069
  Slack Time                    0.299
     Clock Rise Edge                 0.000
     + Clock Network Latency (Prop)  0.002
     = Beginpoint Arrival Time       0.002
     +--------------------------------------------------------------------------+ 
     |     Instance     |      Arc       |  Cell   | Delay | Arrival | Required | 
     |                  |                |         |       |  Time   |   Time   | 
     |------------------+----------------+---------+-------+---------+----------| 
     | wbm_dat_o_reg[6] | CK ^           |         |       |   0.002 |   -0.298 | 
     | wbm_dat_o_reg[6] | CK ^ -> Q ^    | DFFHQX8 | 0.066 |   0.067 |   -0.232 | 
     |                  | wbm_dat_o[6] ^ |         | 0.002 |   0.069 |   -0.230 | 
     +--------------------------------------------------------------------------+ 
Path 15: MET Early External Delay Assertion 
Endpoint:   wbm_dat_o[10]       (^) checked with  leading edge of 'clk'
Beginpoint: wbm_dat_o_reg[10]/Q (^) triggered by  leading edge of 'clk'
Path Groups: {reg2out}
Analysis View: analysis1
Other End Arrival Time          0.000
- External Delay                0.250
+ Phase Shift                   0.000
+ Uncertainty                   0.020
= Required Time                -0.230
  Arrival Time                  0.069
  Slack Time                    0.299
     Clock Rise Edge                 0.000
     + Clock Network Latency (Prop)  0.002
     = Beginpoint Arrival Time       0.002
     +----------------------------------------------------------------------------+ 
     |     Instance      |       Arc       |  Cell   | Delay | Arrival | Required | 
     |                   |                 |         |       |  Time   |   Time   | 
     |-------------------+-----------------+---------+-------+---------+----------| 
     | wbm_dat_o_reg[10] | CK ^            |         |       |   0.002 |   -0.297 | 
     | wbm_dat_o_reg[10] | CK ^ -> Q ^     | DFFHQX8 | 0.066 |   0.067 |   -0.232 | 
     |                   | wbm_dat_o[10] ^ |         | 0.002 |   0.069 |   -0.230 | 
     +----------------------------------------------------------------------------+ 
Path 16: MET Early External Delay Assertion 
Endpoint:   wbm_dat_o[21]       (^) checked with  leading edge of 'clk'
Beginpoint: wbm_dat_o_reg[21]/Q (^) triggered by  leading edge of 'clk'
Path Groups: {reg2out}
Analysis View: analysis1
Other End Arrival Time          0.000
- External Delay                0.250
+ Phase Shift                   0.000
+ Uncertainty                   0.020
= Required Time                -0.230
  Arrival Time                  0.069
  Slack Time                    0.299
     Clock Rise Edge                 0.000
     + Clock Network Latency (Prop)  0.002
     = Beginpoint Arrival Time       0.002
     +----------------------------------------------------------------------------+ 
     |     Instance      |       Arc       |  Cell   | Delay | Arrival | Required | 
     |                   |                 |         |       |  Time   |   Time   | 
     |-------------------+-----------------+---------+-------+---------+----------| 
     | wbm_dat_o_reg[21] | CK ^            |         |       |   0.002 |   -0.297 | 
     | wbm_dat_o_reg[21] | CK ^ -> Q ^     | DFFHQX8 | 0.066 |   0.067 |   -0.232 | 
     |                   | wbm_dat_o[21] ^ |         | 0.002 |   0.069 |   -0.230 | 
     +----------------------------------------------------------------------------+ 
Path 17: MET Early External Delay Assertion 
Endpoint:   wbm_dat_o[16]       (^) checked with  leading edge of 'clk'
Beginpoint: wbm_dat_o_reg[16]/Q (^) triggered by  leading edge of 'clk'
Path Groups: {reg2out}
Analysis View: analysis1
Other End Arrival Time          0.000
- External Delay                0.250
+ Phase Shift                   0.000
+ Uncertainty                   0.020
= Required Time                -0.230
  Arrival Time                  0.069
  Slack Time                    0.299
     Clock Rise Edge                 0.000
     + Clock Network Latency (Prop)  0.002
     = Beginpoint Arrival Time       0.002
     +----------------------------------------------------------------------------+ 
     |     Instance      |       Arc       |  Cell   | Delay | Arrival | Required | 
     |                   |                 |         |       |  Time   |   Time   | 
     |-------------------+-----------------+---------+-------+---------+----------| 
     | wbm_dat_o_reg[16] | CK ^            |         |       |   0.002 |   -0.298 | 
     | wbm_dat_o_reg[16] | CK ^ -> Q ^     | DFFHQX8 | 0.066 |   0.067 |   -0.232 | 
     |                   | wbm_dat_o[16] ^ |         | 0.002 |   0.069 |   -0.230 | 
     +----------------------------------------------------------------------------+ 
Path 18: MET Early External Delay Assertion 
Endpoint:   wbm_dat_o[22]       (^) checked with  leading edge of 'clk'
Beginpoint: wbm_dat_o_reg[22]/Q (^) triggered by  leading edge of 'clk'
Path Groups: {reg2out}
Analysis View: analysis1
Other End Arrival Time          0.000
- External Delay                0.250
+ Phase Shift                   0.000
+ Uncertainty                   0.020
= Required Time                -0.230
  Arrival Time                  0.069
  Slack Time                    0.299
     Clock Rise Edge                 0.000
     + Clock Network Latency (Prop)  0.002
     = Beginpoint Arrival Time       0.002
     +----------------------------------------------------------------------------+ 
     |     Instance      |       Arc       |  Cell   | Delay | Arrival | Required | 
     |                   |                 |         |       |  Time   |   Time   | 
     |-------------------+-----------------+---------+-------+---------+----------| 
     | wbm_dat_o_reg[22] | CK ^            |         |       |   0.002 |   -0.298 | 
     | wbm_dat_o_reg[22] | CK ^ -> Q ^     | DFFHQX8 | 0.066 |   0.067 |   -0.232 | 
     |                   | wbm_dat_o[22] ^ |         | 0.002 |   0.069 |   -0.230 | 
     +----------------------------------------------------------------------------+ 
Path 19: MET Early External Delay Assertion 
Endpoint:   wbm_dat_o[26]       (^) checked with  leading edge of 'clk'
Beginpoint: wbm_dat_o_reg[26]/Q (^) triggered by  leading edge of 'clk'
Path Groups: {reg2out}
Analysis View: analysis1
Other End Arrival Time          0.000
- External Delay                0.250
+ Phase Shift                   0.000
+ Uncertainty                   0.020
= Required Time                -0.230
  Arrival Time                  0.069
  Slack Time                    0.299
     Clock Rise Edge                 0.000
     + Clock Network Latency (Prop)  0.002
     = Beginpoint Arrival Time       0.002
     +----------------------------------------------------------------------------+ 
     |     Instance      |       Arc       |  Cell   | Delay | Arrival | Required | 
     |                   |                 |         |       |  Time   |   Time   | 
     |-------------------+-----------------+---------+-------+---------+----------| 
     | wbm_dat_o_reg[26] | CK ^            |         |       |   0.002 |   -0.297 | 
     | wbm_dat_o_reg[26] | CK ^ -> Q ^     | DFFHQX8 | 0.066 |   0.067 |   -0.232 | 
     |                   | wbm_dat_o[26] ^ |         | 0.002 |   0.069 |   -0.230 | 
     +----------------------------------------------------------------------------+ 
Path 20: MET Early External Delay Assertion 
Endpoint:   wbm_dat_o[28]       (^) checked with  leading edge of 'clk'
Beginpoint: wbm_dat_o_reg[28]/Q (^) triggered by  leading edge of 'clk'
Path Groups: {reg2out}
Analysis View: analysis1
Other End Arrival Time          0.000
- External Delay                0.250
+ Phase Shift                   0.000
+ Uncertainty                   0.020
= Required Time                -0.230
  Arrival Time                  0.069
  Slack Time                    0.299
     Clock Rise Edge                 0.000
     + Clock Network Latency (Prop)  0.002
     = Beginpoint Arrival Time       0.002
     +----------------------------------------------------------------------------+ 
     |     Instance      |       Arc       |  Cell   | Delay | Arrival | Required | 
     |                   |                 |         |       |  Time   |   Time   | 
     |-------------------+-----------------+---------+-------+---------+----------| 
     | wbm_dat_o_reg[28] | CK ^            |         |       |   0.002 |   -0.297 | 
     | wbm_dat_o_reg[28] | CK ^ -> Q ^     | DFFHQX8 | 0.066 |   0.068 |   -0.232 | 
     |                   | wbm_dat_o[28] ^ |         | 0.002 |   0.069 |   -0.230 | 
     +----------------------------------------------------------------------------+ 
Path 21: MET Early External Delay Assertion 
Endpoint:   wbm_dat_o[14]       (^) checked with  leading edge of 'clk'
Beginpoint: wbm_dat_o_reg[14]/Q (^) triggered by  leading edge of 'clk'
Path Groups: {reg2out}
Analysis View: analysis1
Other End Arrival Time          0.000
- External Delay                0.250
+ Phase Shift                   0.000
+ Uncertainty                   0.020
= Required Time                -0.230
  Arrival Time                  0.069
  Slack Time                    0.299
     Clock Rise Edge                 0.000
     + Clock Network Latency (Prop)  0.002
     = Beginpoint Arrival Time       0.002
     +----------------------------------------------------------------------------+ 
     |     Instance      |       Arc       |  Cell   | Delay | Arrival | Required | 
     |                   |                 |         |       |  Time   |   Time   | 
     |-------------------+-----------------+---------+-------+---------+----------| 
     | wbm_dat_o_reg[14] | CK ^            |         |       |   0.002 |   -0.297 | 
     | wbm_dat_o_reg[14] | CK ^ -> Q ^     | DFFHQX8 | 0.066 |   0.068 |   -0.232 | 
     |                   | wbm_dat_o[14] ^ |         | 0.002 |   0.069 |   -0.230 | 
     +----------------------------------------------------------------------------+ 
Path 22: MET Early External Delay Assertion 
Endpoint:   wbm_dat_o[23]       (^) checked with  leading edge of 'clk'
Beginpoint: wbm_dat_o_reg[23]/Q (^) triggered by  leading edge of 'clk'
Path Groups: {reg2out}
Analysis View: analysis1
Other End Arrival Time          0.000
- External Delay                0.250
+ Phase Shift                   0.000
+ Uncertainty                   0.020
= Required Time                -0.230
  Arrival Time                  0.069
  Slack Time                    0.299
     Clock Rise Edge                 0.000
     + Clock Network Latency (Prop)  0.002
     = Beginpoint Arrival Time       0.002
     +----------------------------------------------------------------------------+ 
     |     Instance      |       Arc       |  Cell   | Delay | Arrival | Required | 
     |                   |                 |         |       |  Time   |   Time   | 
     |-------------------+-----------------+---------+-------+---------+----------| 
     | wbm_dat_o_reg[23] | CK ^            |         |       |   0.002 |   -0.298 | 
     | wbm_dat_o_reg[23] | CK ^ -> Q ^     | DFFHQX8 | 0.066 |   0.067 |   -0.232 | 
     |                   | wbm_dat_o[23] ^ |         | 0.002 |   0.069 |   -0.230 | 
     +----------------------------------------------------------------------------+ 
Path 23: MET Early External Delay Assertion 
Endpoint:   wbm_dat_o[8]       (^) checked with  leading edge of 'clk'
Beginpoint: wbm_dat_o_reg[8]/Q (^) triggered by  leading edge of 'clk'
Path Groups: {reg2out}
Analysis View: analysis1
Other End Arrival Time          0.000
- External Delay                0.250
+ Phase Shift                   0.000
+ Uncertainty                   0.020
= Required Time                -0.230
  Arrival Time                  0.070
  Slack Time                    0.300
     Clock Rise Edge                 0.000
     + Clock Network Latency (Prop)  0.002
     = Beginpoint Arrival Time       0.002
     +--------------------------------------------------------------------------+ 
     |     Instance     |      Arc       |  Cell   | Delay | Arrival | Required | 
     |                  |                |         |       |  Time   |   Time   | 
     |------------------+----------------+---------+-------+---------+----------| 
     | wbm_dat_o_reg[8] | CK ^           |         |       |   0.002 |   -0.297 | 
     | wbm_dat_o_reg[8] | CK ^ -> Q ^    | DFFHQX8 | 0.065 |   0.068 |   -0.232 | 
     |                  | wbm_dat_o[8] ^ |         | 0.002 |   0.070 |   -0.230 | 
     +--------------------------------------------------------------------------+ 
Path 24: MET Early External Delay Assertion 
Endpoint:   wbm_dat_o[25]       (^) checked with  leading edge of 'clk'
Beginpoint: wbm_dat_o_reg[25]/Q (^) triggered by  leading edge of 'clk'
Path Groups: {reg2out}
Analysis View: analysis1
Other End Arrival Time          0.000
- External Delay                0.250
+ Phase Shift                   0.000
+ Uncertainty                   0.020
= Required Time                -0.230
  Arrival Time                  0.070
  Slack Time                    0.300
     Clock Rise Edge                 0.000
     + Clock Network Latency (Prop)  0.002
     = Beginpoint Arrival Time       0.002
     +----------------------------------------------------------------------------+ 
     |     Instance      |       Arc       |  Cell   | Delay | Arrival | Required | 
     |                   |                 |         |       |  Time   |   Time   | 
     |-------------------+-----------------+---------+-------+---------+----------| 
     | wbm_dat_o_reg[25] | CK ^            |         |       |   0.002 |   -0.297 | 
     | wbm_dat_o_reg[25] | CK ^ -> Q ^     | DFFHQX8 | 0.066 |   0.068 |   -0.232 | 
     |                   | wbm_dat_o[25] ^ |         | 0.002 |   0.070 |   -0.230 | 
     +----------------------------------------------------------------------------+ 
Path 25: MET Early External Delay Assertion 
Endpoint:   wbm_dat_o[31]       (^) checked with  leading edge of 'clk'
Beginpoint: wbm_dat_o_reg[31]/Q (^) triggered by  leading edge of 'clk'
Path Groups: {reg2out}
Analysis View: analysis1
Other End Arrival Time          0.000
- External Delay                0.250
+ Phase Shift                   0.000
+ Uncertainty                   0.020
= Required Time                -0.230
  Arrival Time                  0.070
  Slack Time                    0.300
     Clock Rise Edge                 0.000
     + Clock Network Latency (Prop)  0.002
     = Beginpoint Arrival Time       0.002
     +----------------------------------------------------------------------------+ 
     |     Instance      |       Arc       |  Cell   | Delay | Arrival | Required | 
     |                   |                 |         |       |  Time   |   Time   | 
     |-------------------+-----------------+---------+-------+---------+----------| 
     | wbm_dat_o_reg[31] | CK ^            |         |       |   0.002 |   -0.297 | 
     | wbm_dat_o_reg[31] | CK ^ -> Q ^     | DFFHQX8 | 0.065 |   0.068 |   -0.232 | 
     |                   | wbm_dat_o[31] ^ |         | 0.002 |   0.070 |   -0.230 | 
     +----------------------------------------------------------------------------+ 
Path 26: MET Early External Delay Assertion 
Endpoint:   wbm_sel_o[1]       (^) checked with  leading edge of 'clk'
Beginpoint: wbm_sel_o_reg[1]/Q (^) triggered by  leading edge of 'clk'
Path Groups: {reg2out}
Analysis View: analysis1
Other End Arrival Time          0.000
- External Delay                0.250
+ Phase Shift                   0.000
+ Uncertainty                   0.020
= Required Time                -0.230
  Arrival Time                  0.070
  Slack Time                    0.300
     Clock Rise Edge                 0.000
     + Clock Network Latency (Prop)  0.003
     = Beginpoint Arrival Time       0.003
     +--------------------------------------------------------------------------+ 
     |     Instance     |      Arc       |  Cell   | Delay | Arrival | Required | 
     |                  |                |         |       |  Time   |   Time   | 
     |------------------+----------------+---------+-------+---------+----------| 
     | wbm_sel_o_reg[1] | CK ^           |         |       |   0.003 |   -0.297 | 
     | wbm_sel_o_reg[1] | CK ^ -> Q ^    | DFFHQX8 | 0.066 |   0.068 |   -0.231 | 
     |                  | wbm_sel_o[1] ^ |         | 0.002 |   0.070 |   -0.230 | 
     +--------------------------------------------------------------------------+ 
Path 27: MET Early External Delay Assertion 
Endpoint:   wbm_dat_o[24]       (^) checked with  leading edge of 'clk'
Beginpoint: wbm_dat_o_reg[24]/Q (^) triggered by  leading edge of 'clk'
Path Groups: {reg2out}
Analysis View: analysis1
Other End Arrival Time          0.000
- External Delay                0.250
+ Phase Shift                   0.000
+ Uncertainty                   0.020
= Required Time                -0.230
  Arrival Time                  0.070
  Slack Time                    0.300
     Clock Rise Edge                 0.000
     + Clock Network Latency (Prop)  0.002
     = Beginpoint Arrival Time       0.002
     +----------------------------------------------------------------------------+ 
     |     Instance      |       Arc       |  Cell   | Delay | Arrival | Required | 
     |                   |                 |         |       |  Time   |   Time   | 
     |-------------------+-----------------+---------+-------+---------+----------| 
     | wbm_dat_o_reg[24] | CK ^            |         |       |   0.002 |   -0.297 | 
     | wbm_dat_o_reg[24] | CK ^ -> Q ^     | DFFHQX8 | 0.065 |   0.068 |   -0.232 | 
     |                   | wbm_dat_o[24] ^ |         | 0.002 |   0.070 |   -0.230 | 
     +----------------------------------------------------------------------------+ 
Path 28: MET Early External Delay Assertion 
Endpoint:   wbm_sel_o[0]       (^) checked with  leading edge of 'clk'
Beginpoint: wbm_sel_o_reg[0]/Q (^) triggered by  leading edge of 'clk'
Path Groups: {reg2out}
Analysis View: analysis1
Other End Arrival Time          0.000
- External Delay                0.250
+ Phase Shift                   0.000
+ Uncertainty                   0.020
= Required Time                -0.230
  Arrival Time                  0.070
  Slack Time                    0.300
     Clock Rise Edge                 0.000
     + Clock Network Latency (Prop)  0.003
     = Beginpoint Arrival Time       0.003
     +--------------------------------------------------------------------------+ 
     |     Instance     |      Arc       |  Cell   | Delay | Arrival | Required | 
     |                  |                |         |       |  Time   |   Time   | 
     |------------------+----------------+---------+-------+---------+----------| 
     | wbm_sel_o_reg[0] | CK ^           |         |       |   0.003 |   -0.297 | 
     | wbm_sel_o_reg[0] | CK ^ -> Q ^    | DFFHQX8 | 0.066 |   0.068 |   -0.232 | 
     |                  | wbm_sel_o[0] ^ |         | 0.002 |   0.070 |   -0.230 | 
     +--------------------------------------------------------------------------+ 
Path 29: MET Early External Delay Assertion 
Endpoint:   wbm_dat_o[1]       (^) checked with  leading edge of 'clk'
Beginpoint: wbm_dat_o_reg[1]/Q (^) triggered by  leading edge of 'clk'
Path Groups: {reg2out}
Analysis View: analysis1
Other End Arrival Time          0.000
- External Delay                0.250
+ Phase Shift                   0.000
+ Uncertainty                   0.020
= Required Time                -0.230
  Arrival Time                  0.070
  Slack Time                    0.300
     Clock Rise Edge                 0.000
     + Clock Network Latency (Prop)  0.003
     = Beginpoint Arrival Time       0.003
     +--------------------------------------------------------------------------+ 
     |     Instance     |      Arc       |  Cell   | Delay | Arrival | Required | 
     |                  |                |         |       |  Time   |   Time   | 
     |------------------+----------------+---------+-------+---------+----------| 
     | wbm_dat_o_reg[1] | CK ^           |         |       |   0.003 |   -0.297 | 
     | wbm_dat_o_reg[1] | CK ^ -> Q ^    | DFFHQX8 | 0.066 |   0.068 |   -0.232 | 
     |                  | wbm_dat_o[1] ^ |         | 0.002 |   0.070 |   -0.230 | 
     +--------------------------------------------------------------------------+ 
Path 30: MET Early External Delay Assertion 
Endpoint:   wbm_dat_o[27]       (^) checked with  leading edge of 'clk'
Beginpoint: wbm_dat_o_reg[27]/Q (^) triggered by  leading edge of 'clk'
Path Groups: {reg2out}
Analysis View: analysis1
Other End Arrival Time          0.000
- External Delay                0.250
+ Phase Shift                   0.000
+ Uncertainty                   0.020
= Required Time                -0.230
  Arrival Time                  0.070
  Slack Time                    0.300
     Clock Rise Edge                 0.000
     + Clock Network Latency (Prop)  0.002
     = Beginpoint Arrival Time       0.002
     +----------------------------------------------------------------------------+ 
     |     Instance      |       Arc       |  Cell   | Delay | Arrival | Required | 
     |                   |                 |         |       |  Time   |   Time   | 
     |-------------------+-----------------+---------+-------+---------+----------| 
     | wbm_dat_o_reg[27] | CK ^            |         |       |   0.002 |   -0.297 | 
     | wbm_dat_o_reg[27] | CK ^ -> Q ^     | DFFHQX8 | 0.065 |   0.068 |   -0.232 | 
     |                   | wbm_dat_o[27] ^ |         | 0.002 |   0.070 |   -0.230 | 
     +----------------------------------------------------------------------------+ 
Path 31: MET Early External Delay Assertion 
Endpoint:   wbm_sel_o[3]       (^) checked with  leading edge of 'clk'
Beginpoint: wbm_sel_o_reg[3]/Q (^) triggered by  leading edge of 'clk'
Path Groups: {reg2out}
Analysis View: analysis1
Other End Arrival Time          0.000
- External Delay                0.250
+ Phase Shift                   0.000
+ Uncertainty                   0.020
= Required Time                -0.230
  Arrival Time                  0.070
  Slack Time                    0.300
     Clock Rise Edge                 0.000
     + Clock Network Latency (Prop)  0.003
     = Beginpoint Arrival Time       0.003
     +--------------------------------------------------------------------------+ 
     |     Instance     |      Arc       |  Cell   | Delay | Arrival | Required | 
     |                  |                |         |       |  Time   |   Time   | 
     |------------------+----------------+---------+-------+---------+----------| 
     | wbm_sel_o_reg[3] | CK ^           |         |       |   0.003 |   -0.297 | 
     | wbm_sel_o_reg[3] | CK ^ -> Q ^    | DFFHQX8 | 0.066 |   0.068 |   -0.232 | 
     |                  | wbm_sel_o[3] ^ |         | 0.002 |   0.070 |   -0.230 | 
     +--------------------------------------------------------------------------+ 
Path 32: MET Early External Delay Assertion 
Endpoint:   wbm_dat_o[0]       (^) checked with  leading edge of 'clk'
Beginpoint: wbm_dat_o_reg[0]/Q (^) triggered by  leading edge of 'clk'
Path Groups: {reg2out}
Analysis View: analysis1
Other End Arrival Time          0.000
- External Delay                0.250
+ Phase Shift                   0.000
+ Uncertainty                   0.020
= Required Time                -0.230
  Arrival Time                  0.070
  Slack Time                    0.300
     Clock Rise Edge                 0.000
     + Clock Network Latency (Prop)  0.003
     = Beginpoint Arrival Time       0.003
     +--------------------------------------------------------------------------+ 
     |     Instance     |      Arc       |  Cell   | Delay | Arrival | Required | 
     |                  |                |         |       |  Time   |   Time   | 
     |------------------+----------------+---------+-------+---------+----------| 
     | wbm_dat_o_reg[0] | CK ^           |         |       |   0.003 |   -0.297 | 
     | wbm_dat_o_reg[0] | CK ^ -> Q ^    | DFFHQX8 | 0.066 |   0.068 |   -0.232 | 
     |                  | wbm_dat_o[0] ^ |         | 0.002 |   0.070 |   -0.230 | 
     +--------------------------------------------------------------------------+ 
Path 33: MET Early External Delay Assertion 
Endpoint:   pcpi_valid                     (^) checked with  leading edge of 
'clk'
Beginpoint: picorv32_core_pcpi_valid_reg/Q (^) triggered by  leading edge of 
'clk'
Path Groups: {reg2out}
Analysis View: analysis1
Other End Arrival Time          0.000
- External Delay                0.250
+ Phase Shift                   0.000
+ Uncertainty                   0.020
= Required Time                -0.230
  Arrival Time                  0.072
  Slack Time                    0.302
     Clock Rise Edge                 0.000
     + Clock Network Latency (Prop)  -0.026
     = Beginpoint Arrival Time       -0.026
     +-------------------------------------------------------------------------------------+ 
     |           Instance           |     Arc      |   Cell   | Delay | Arrival | Required | 
     |                              |              |          |       |  Time   |   Time   | 
     |------------------------------+--------------+----------+-------+---------+----------| 
     | picorv32_core_pcpi_valid_reg | CK ^         |          |       |  -0.026 |   -0.329 | 
     | picorv32_core_pcpi_valid_reg | CK ^ -> Q ^  | DFFHQX1  | 0.040 |   0.013 |   -0.289 | 
     | FE_OFC85_pcpi_valid          | A ^ -> Y v   | INVXL    | 0.033 |   0.046 |   -0.256 | 
     | FE_OFC525_pcpi_valid         | A v -> Y ^   | CLKINVX8 | 0.026 |   0.072 |   -0.231 | 
     |                              | pcpi_valid ^ |          | 0.001 |   0.072 |   -0.230 | 
     +-------------------------------------------------------------------------------------+ 
Path 34: MET Early External Delay Assertion 
Endpoint:   wbm_dat_o[17]       (^) checked with  leading edge of 'clk'
Beginpoint: wbm_dat_o_reg[17]/Q (^) triggered by  leading edge of 'clk'
Path Groups: {reg2out}
Analysis View: analysis1
Other End Arrival Time          0.000
- External Delay                0.250
+ Phase Shift                   0.000
+ Uncertainty                   0.020
= Required Time                -0.230
  Arrival Time                  0.075
  Slack Time                    0.305
     Clock Rise Edge                 0.000
     + Clock Network Latency (Prop)  0.002
     = Beginpoint Arrival Time       0.002
     +----------------------------------------------------------------------------------+ 
     |        Instance        |       Arc       |   Cell   | Delay | Arrival | Required | 
     |                        |                 |          |       |  Time   |   Time   | 
     |------------------------+-----------------+----------+-------+---------+----------| 
     | wbm_dat_o_reg[17]      | CK ^            |          |       |   0.002 |   -0.304 | 
     | wbm_dat_o_reg[17]      | CK ^ -> Q ^     | DFFHQX1  | 0.039 |   0.040 |   -0.265 | 
     | FE_OFC514_wbm_dat_o_17 | A ^ -> Y ^      | CLKBUFX8 | 0.032 |   0.072 |   -0.233 | 
     |                        | wbm_dat_o[17] ^ |          | 0.003 |   0.075 |   -0.230 | 
     +----------------------------------------------------------------------------------+ 
Path 35: MET Early External Delay Assertion 
Endpoint:   wbm_adr_o[3]       (^) checked with  leading edge of 'clk'
Beginpoint: wbm_adr_o_reg[3]/Q (^) triggered by  leading edge of 'clk'
Path Groups: {reg2out}
Analysis View: analysis1
Other End Arrival Time          0.000
- External Delay                0.250
+ Phase Shift                   0.000
+ Uncertainty                   0.020
= Required Time                -0.230
  Arrival Time                  0.075
  Slack Time                    0.305
     Clock Rise Edge                 0.000
     + Clock Network Latency (Prop)  0.003
     = Beginpoint Arrival Time       0.003
     +--------------------------------------------------------------------------------+ 
     |       Instance        |      Arc       |   Cell   | Delay | Arrival | Required | 
     |                       |                |          |       |  Time   |   Time   | 
     |-----------------------+----------------+----------+-------+---------+----------| 
     | wbm_adr_o_reg[3]      | CK ^           |          |       |   0.003 |   -0.303 | 
     | wbm_adr_o_reg[3]      | CK ^ -> Q ^    | DFFHQX1  | 0.038 |   0.041 |   -0.265 | 
     | FE_OFC511_wbm_adr_o_3 | A ^ -> Y ^     | CLKBUFX8 | 0.033 |   0.074 |   -0.232 | 
     |                       | wbm_adr_o[3] ^ |          | 0.002 |   0.075 |   -0.230 | 
     +--------------------------------------------------------------------------------+ 
Path 36: MET Early External Delay Assertion 
Endpoint:   wbm_dat_o[4]       (^) checked with  leading edge of 'clk'
Beginpoint: wbm_dat_o_reg[4]/Q (^) triggered by  leading edge of 'clk'
Path Groups: {reg2out}
Analysis View: analysis1
Other End Arrival Time          0.000
- External Delay                0.250
+ Phase Shift                   0.000
+ Uncertainty                   0.020
= Required Time                -0.230
  Arrival Time                  0.076
  Slack Time                    0.306
     Clock Rise Edge                 0.000
     + Clock Network Latency (Prop)  0.001
     = Beginpoint Arrival Time       0.001
     +--------------------------------------------------------------------------------+ 
     |       Instance        |      Arc       |   Cell   | Delay | Arrival | Required | 
     |                       |                |          |       |  Time   |   Time   | 
     |-----------------------+----------------+----------+-------+---------+----------| 
     | wbm_dat_o_reg[4]      | CK ^           |          |       |   0.001 |   -0.304 | 
     | wbm_dat_o_reg[4]      | CK ^ -> Q ^    | DFFHQX1  | 0.040 |   0.041 |   -0.265 | 
     | FE_OFC521_wbm_dat_o_4 | A ^ -> Y ^     | CLKBUFX8 | 0.033 |   0.074 |   -0.232 | 
     |                       | wbm_dat_o[4] ^ |          | 0.002 |   0.076 |   -0.230 | 
     +--------------------------------------------------------------------------------+ 
Path 37: MET Early External Delay Assertion 
Endpoint:   wbm_dat_o[11]       (^) checked with  leading edge of 'clk'
Beginpoint: wbm_dat_o_reg[11]/Q (^) triggered by  leading edge of 'clk'
Path Groups: {reg2out}
Analysis View: analysis1
Other End Arrival Time          0.000
- External Delay                0.250
+ Phase Shift                   0.000
+ Uncertainty                   0.020
= Required Time                -0.230
  Arrival Time                  0.076
  Slack Time                    0.306
     Clock Rise Edge                 0.000
     + Clock Network Latency (Prop)  0.003
     = Beginpoint Arrival Time       0.003
     +----------------------------------------------------------------------------------+ 
     |        Instance        |       Arc       |   Cell   | Delay | Arrival | Required | 
     |                        |                 |          |       |  Time   |   Time   | 
     |------------------------+-----------------+----------+-------+---------+----------| 
     | wbm_dat_o_reg[11]      | CK ^            |          |       |   0.003 |   -0.304 | 
     | wbm_dat_o_reg[11]      | CK ^ -> Q ^     | DFFHQX1  | 0.039 |   0.042 |   -0.265 | 
     | FE_OFC516_wbm_dat_o_11 | A ^ -> Y ^      | CLKBUFX8 | 0.032 |   0.074 |   -0.233 | 
     |                        | wbm_dat_o[11] ^ |          | 0.003 |   0.076 |   -0.230 | 
     +----------------------------------------------------------------------------------+ 
Path 38: MET Early External Delay Assertion 
Endpoint:   wbm_dat_o[12]       (^) checked with  leading edge of 'clk'
Beginpoint: wbm_dat_o_reg[12]/Q (^) triggered by  leading edge of 'clk'
Path Groups: {reg2out}
Analysis View: analysis1
Other End Arrival Time          0.000
- External Delay                0.250
+ Phase Shift                   0.000
+ Uncertainty                   0.020
= Required Time                -0.230
  Arrival Time                  0.077
  Slack Time                    0.307
     Clock Rise Edge                 0.000
     + Clock Network Latency (Prop)  0.002
     = Beginpoint Arrival Time       0.002
     +----------------------------------------------------------------------------------+ 
     |        Instance        |       Arc       |   Cell   | Delay | Arrival | Required | 
     |                        |                 |          |       |  Time   |   Time   | 
     |------------------------+-----------------+----------+-------+---------+----------| 
     | wbm_dat_o_reg[12]      | CK ^            |          |       |   0.002 |   -0.305 | 
     | wbm_dat_o_reg[12]      | CK ^ -> Q ^     | DFFHQX1  | 0.040 |   0.042 |   -0.265 | 
     | FE_OFC515_wbm_dat_o_12 | A ^ -> Y ^      | CLKBUFX8 | 0.033 |   0.075 |   -0.232 | 
     |                        | wbm_dat_o[12] ^ |          | 0.002 |   0.077 |   -0.230 | 
     +----------------------------------------------------------------------------------+ 
Path 39: MET Early External Delay Assertion 
Endpoint:   wbm_sel_o[2]       (^) checked with  leading edge of 'clk'
Beginpoint: wbm_sel_o_reg[2]/Q (^) triggered by  leading edge of 'clk'
Path Groups: {reg2out}
Analysis View: analysis1
Other End Arrival Time          0.000
- External Delay                0.250
+ Phase Shift                   0.000
+ Uncertainty                   0.020
= Required Time                -0.230
  Arrival Time                  0.077
  Slack Time                    0.307
     Clock Rise Edge                 0.000
     + Clock Network Latency (Prop)  0.003
     = Beginpoint Arrival Time       0.003
     +-------------------------------------------------------------------------------+ 
     |       Instance       |      Arc       |   Cell   | Delay | Arrival | Required | 
     |                      |                |          |       |  Time   |   Time   | 
     |----------------------+----------------+----------+-------+---------+----------| 
     | wbm_sel_o_reg[2]     | CK ^           |          |       |   0.003 |   -0.305 | 
     | wbm_sel_o_reg[2]     | CK ^ -> Q ^    | DFFHQX1  | 0.037 |   0.040 |   -0.267 | 
     | FE_OFC80_wbm_sel_o_2 | A ^ -> Y v     | INVX1    | 0.014 |   0.054 |   -0.253 | 
     | FE_OFC81_wbm_sel_o_2 | A v -> Y ^     | CLKINVX8 | 0.023 |   0.077 |   -0.231 | 
     |                      | wbm_sel_o[2] ^ |          | 0.001 |   0.077 |   -0.230 | 
     +-------------------------------------------------------------------------------+ 
Path 40: MET Early External Delay Assertion 
Endpoint:   wbm_dat_o[20]       (^) checked with  leading edge of 'clk'
Beginpoint: wbm_dat_o_reg[20]/Q (^) triggered by  leading edge of 'clk'
Path Groups: {reg2out}
Analysis View: analysis1
Other End Arrival Time          0.000
- External Delay                0.250
+ Phase Shift                   0.000
+ Uncertainty                   0.020
= Required Time                -0.230
  Arrival Time                  0.078
  Slack Time                    0.308
     Clock Rise Edge                 0.000
     + Clock Network Latency (Prop)  0.002
     = Beginpoint Arrival Time       0.002
     +---------------------------------------------------------------------------------+ 
     |       Instance        |       Arc       |   Cell   | Delay | Arrival | Required | 
     |                       |                 |          |       |  Time   |   Time   | 
     |-----------------------+-----------------+----------+-------+---------+----------| 
     | wbm_dat_o_reg[20]     | CK ^            |          |       |   0.002 |   -0.306 | 
     | wbm_dat_o_reg[20]     | CK ^ -> Q ^     | DFFHQX1  | 0.038 |   0.039 |   -0.268 | 
     | FE_OFC64_wbm_dat_o_20 | A ^ -> Y v      | INVX1    | 0.015 |   0.054 |   -0.254 | 
     | FE_OFC65_wbm_dat_o_20 | A v -> Y ^      | CLKINVX8 | 0.023 |   0.077 |   -0.230 | 
     |                       | wbm_dat_o[20] ^ |          | 0.001 |   0.078 |   -0.230 | 
     +---------------------------------------------------------------------------------+ 
Path 41: MET Early External Delay Assertion 
Endpoint:   wbm_dat_o[19]       (^) checked with  leading edge of 'clk'
Beginpoint: wbm_dat_o_reg[19]/Q (^) triggered by  leading edge of 'clk'
Path Groups: {reg2out}
Analysis View: analysis1
Other End Arrival Time          0.000
- External Delay                0.250
+ Phase Shift                   0.000
+ Uncertainty                   0.020
= Required Time                -0.230
  Arrival Time                  0.078
  Slack Time                    0.308
     Clock Rise Edge                 0.000
     + Clock Network Latency (Prop)  0.002
     = Beginpoint Arrival Time       0.002
     +----------------------------------------------------------------------------------+ 
     |        Instance        |       Arc       |   Cell   | Delay | Arrival | Required | 
     |                        |                 |          |       |  Time   |   Time   | 
     |------------------------+-----------------+----------+-------+---------+----------| 
     | wbm_dat_o_reg[19]      | CK ^            |          |       |   0.002 |   -0.306 | 
     | wbm_dat_o_reg[19]      | CK ^ -> Q ^     | DFFHQX1  | 0.038 |   0.039 |   -0.269 | 
     | FE_OFC66_wbm_dat_o_19  | A ^ -> Y v      | INVX1    | 0.014 |   0.053 |   -0.255 | 
     | FE_OFC513_wbm_dat_o_19 | A v -> Y ^      | CLKINVX8 | 0.022 |   0.075 |   -0.233 | 
     |                        | wbm_dat_o[19] ^ |          | 0.003 |   0.078 |   -0.230 | 
     +----------------------------------------------------------------------------------+ 
Path 42: MET Early External Delay Assertion 
Endpoint:   wbm_adr_o[6]       (^) checked with  leading edge of 'clk'
Beginpoint: wbm_adr_o_reg[6]/Q (^) triggered by  leading edge of 'clk'
Path Groups: {reg2out}
Analysis View: analysis1
Other End Arrival Time          0.000
- External Delay                0.250
+ Phase Shift                   0.000
+ Uncertainty                   0.020
= Required Time                -0.230
  Arrival Time                  0.078
  Slack Time                    0.308
     Clock Rise Edge                 0.000
     + Clock Network Latency (Prop)  0.002
     = Beginpoint Arrival Time       0.002
     +-------------------------------------------------------------------------------+ 
     |       Instance       |      Arc       |   Cell   | Delay | Arrival | Required | 
     |                      |                |          |       |  Time   |   Time   | 
     |----------------------+----------------+----------+-------+---------+----------| 
     | wbm_adr_o_reg[6]     | CK ^           |          |       |   0.002 |   -0.306 | 
     | wbm_adr_o_reg[6]     | CK ^ -> Q ^    | DFFHQX1  | 0.038 |   0.040 |   -0.268 | 
     | FE_OFC54_wbm_adr_o_6 | A ^ -> Y v     | INVX1    | 0.014 |   0.055 |   -0.253 | 
     | FE_OFC55_wbm_adr_o_6 | A v -> Y ^     | CLKINVX8 | 0.023 |   0.078 |   -0.231 | 
     |                      | wbm_adr_o[6] ^ |          | 0.001 |   0.078 |   -0.230 | 
     +-------------------------------------------------------------------------------+ 
Path 43: MET Early External Delay Assertion 
Endpoint:   wbm_dat_o[7]       (^) checked with  leading edge of 'clk'
Beginpoint: wbm_dat_o_reg[7]/Q (^) triggered by  leading edge of 'clk'
Path Groups: {reg2out}
Analysis View: analysis1
Other End Arrival Time          0.000
- External Delay                0.250
+ Phase Shift                   0.000
+ Uncertainty                   0.020
= Required Time                -0.230
  Arrival Time                  0.078
  Slack Time                    0.308
     Clock Rise Edge                 0.000
     + Clock Network Latency (Prop)  0.002
     = Beginpoint Arrival Time       0.002
     +--------------------------------------------------------------------------------+ 
     |       Instance        |      Arc       |   Cell   | Delay | Arrival | Required | 
     |                       |                |          |       |  Time   |   Time   | 
     |-----------------------+----------------+----------+-------+---------+----------| 
     | wbm_dat_o_reg[7]      | CK ^           |          |       |   0.002 |   -0.307 | 
     | wbm_dat_o_reg[7]      | CK ^ -> Q ^    | DFFHQX1  | 0.037 |   0.039 |   -0.270 | 
     | FE_OFC76_wbm_dat_o_7  | A ^ -> Y v     | INVX1    | 0.015 |   0.054 |   -0.255 | 
     | FE_OFC520_wbm_dat_o_7 | A v -> Y ^     | CLKINVX8 | 0.022 |   0.075 |   -0.233 | 
     |                       | wbm_dat_o[7] ^ |          | 0.003 |   0.078 |   -0.230 | 
     +--------------------------------------------------------------------------------+ 
Path 44: MET Early External Delay Assertion 
Endpoint:   wbm_adr_o[2]       (^) checked with  leading edge of 'clk'
Beginpoint: wbm_adr_o_reg[2]/Q (^) triggered by  leading edge of 'clk'
Path Groups: {reg2out}
Analysis View: analysis1
Other End Arrival Time          0.000
- External Delay                0.250
+ Phase Shift                   0.000
+ Uncertainty                   0.020
= Required Time                -0.230
  Arrival Time                  0.078
  Slack Time                    0.308
     Clock Rise Edge                 0.000
     + Clock Network Latency (Prop)  0.002
     = Beginpoint Arrival Time       0.002
     +-------------------------------------------------------------------------------+ 
     |       Instance       |      Arc       |   Cell   | Delay | Arrival | Required | 
     |                      |                |          |       |  Time   |   Time   | 
     |----------------------+----------------+----------+-------+---------+----------| 
     | wbm_adr_o_reg[2]     | CK ^           |          |       |   0.002 |   -0.306 | 
     | wbm_adr_o_reg[2]     | CK ^ -> Q ^    | DFFHQX1  | 0.037 |   0.039 |   -0.269 | 
     | FE_OFC62_wbm_adr_o_2 | A ^ -> Y v     | INVX1    | 0.015 |   0.055 |   -0.254 | 
     | FE_OFC63_wbm_adr_o_2 | A v -> Y ^     | CLKINVX8 | 0.023 |   0.078 |   -0.230 | 
     |                      | wbm_adr_o[2] ^ |          | 0.001 |   0.078 |   -0.230 | 
     +-------------------------------------------------------------------------------+ 
Path 45: MET Early External Delay Assertion 
Endpoint:   wbm_adr_o[4]       (^) checked with  leading edge of 'clk'
Beginpoint: wbm_adr_o_reg[4]/Q (^) triggered by  leading edge of 'clk'
Path Groups: {reg2out}
Analysis View: analysis1
Other End Arrival Time          0.000
- External Delay                0.250
+ Phase Shift                   0.000
+ Uncertainty                   0.020
= Required Time                -0.230
  Arrival Time                  0.078
  Slack Time                    0.308
     Clock Rise Edge                 0.000
     + Clock Network Latency (Prop)  0.002
     = Beginpoint Arrival Time       0.002
     +-------------------------------------------------------------------------------+ 
     |       Instance       |      Arc       |   Cell   | Delay | Arrival | Required | 
     |                      |                |          |       |  Time   |   Time   | 
     |----------------------+----------------+----------+-------+---------+----------| 
     | wbm_adr_o_reg[4]     | CK ^           |          |       |   0.002 |   -0.306 | 
     | wbm_adr_o_reg[4]     | CK ^ -> Q ^    | DFFHQX1  | 0.038 |   0.040 |   -0.268 | 
     | FE_OFC58_wbm_adr_o_4 | A ^ -> Y v     | INVX1    | 0.015 |   0.055 |   -0.253 | 
     | FE_OFC59_wbm_adr_o_4 | A v -> Y ^     | CLKINVX8 | 0.023 |   0.078 |   -0.230 | 
     |                      | wbm_adr_o[4] ^ |          | 0.001 |   0.078 |   -0.230 | 
     +-------------------------------------------------------------------------------+ 
Path 46: MET Early External Delay Assertion 
Endpoint:   wbm_dat_o[9]       (^) checked with  leading edge of 'clk'
Beginpoint: wbm_dat_o_reg[9]/Q (^) triggered by  leading edge of 'clk'
Path Groups: {reg2out}
Analysis View: analysis1
Other End Arrival Time          0.000
- External Delay                0.250
+ Phase Shift                   0.000
+ Uncertainty                   0.020
= Required Time                -0.230
  Arrival Time                  0.079
  Slack Time                    0.309
     Clock Rise Edge                 0.000
     + Clock Network Latency (Prop)  0.002
     = Beginpoint Arrival Time       0.002
     +--------------------------------------------------------------------------------+ 
     |       Instance        |      Arc       |   Cell   | Delay | Arrival | Required | 
     |                       |                |          |       |  Time   |   Time   | 
     |-----------------------+----------------+----------+-------+---------+----------| 
     | wbm_dat_o_reg[9]      | CK ^           |          |       |   0.002 |   -0.306 | 
     | wbm_dat_o_reg[9]      | CK ^ -> Q ^    | DFFHQX1  | 0.037 |   0.040 |   -0.269 | 
     | FE_OFC74_wbm_dat_o_9  | A ^ -> Y v     | INVX1    | 0.015 |   0.054 |   -0.254 | 
     | FE_OFC518_wbm_dat_o_9 | A v -> Y ^     | CLKINVX8 | 0.022 |   0.076 |   -0.232 | 
     |                       | wbm_dat_o[9] ^ |          | 0.002 |   0.079 |   -0.230 | 
     +--------------------------------------------------------------------------------+ 
Path 47: MET Early External Delay Assertion 
Endpoint:   wbm_adr_o[5]       (^) checked with  leading edge of 'clk'
Beginpoint: wbm_adr_o_reg[5]/Q (^) triggered by  leading edge of 'clk'
Path Groups: {reg2out}
Analysis View: analysis1
Other End Arrival Time          0.000
- External Delay                0.250
+ Phase Shift                   0.000
+ Uncertainty                   0.020
= Required Time                -0.230
  Arrival Time                  0.079
  Slack Time                    0.309
     Clock Rise Edge                 0.000
     + Clock Network Latency (Prop)  0.002
     = Beginpoint Arrival Time       0.002
     +-------------------------------------------------------------------------------+ 
     |       Instance       |      Arc       |   Cell   | Delay | Arrival | Required | 
     |                      |                |          |       |  Time   |   Time   | 
     |----------------------+----------------+----------+-------+---------+----------| 
     | wbm_adr_o_reg[5]     | CK ^           |          |       |   0.002 |   -0.306 | 
     | wbm_adr_o_reg[5]     | CK ^ -> Q ^    | DFFHQX1  | 0.038 |   0.040 |   -0.269 | 
     | FE_OFC56_wbm_adr_o_5 | A ^ -> Y v     | INVX1    | 0.014 |   0.054 |   -0.254 | 
     | FE_OFC57_wbm_adr_o_5 | A v -> Y ^     | CLKINVX8 | 0.023 |   0.077 |   -0.232 | 
     |                      | wbm_adr_o[5] ^ |          | 0.002 |   0.079 |   -0.230 | 
     +-------------------------------------------------------------------------------+ 
Path 48: MET Early External Delay Assertion 
Endpoint:   wbm_adr_o[7]       (^) checked with  leading edge of 'clk'
Beginpoint: wbm_adr_o_reg[7]/Q (^) triggered by  leading edge of 'clk'
Path Groups: {reg2out}
Analysis View: analysis1
Other End Arrival Time          0.000
- External Delay                0.250
+ Phase Shift                   0.000
+ Uncertainty                   0.020
= Required Time                -0.230
  Arrival Time                  0.079
  Slack Time                    0.309
     Clock Rise Edge                 0.000
     + Clock Network Latency (Prop)  0.002
     = Beginpoint Arrival Time       0.002
     +-------------------------------------------------------------------------------+ 
     |       Instance       |      Arc       |   Cell   | Delay | Arrival | Required | 
     |                      |                |          |       |  Time   |   Time   | 
     |----------------------+----------------+----------+-------+---------+----------| 
     | wbm_adr_o_reg[7]     | CK ^           |          |       |   0.002 |   -0.307 | 
     | wbm_adr_o_reg[7]     | CK ^ -> Q ^    | DFFHQX1  | 0.039 |   0.041 |   -0.268 | 
     | FE_OFC52_wbm_adr_o_7 | A ^ -> Y v     | INVX1    | 0.014 |   0.055 |   -0.254 | 
     | FE_OFC53_wbm_adr_o_7 | A v -> Y ^     | CLKINVX8 | 0.022 |   0.078 |   -0.231 | 
     |                      | wbm_adr_o[7] ^ |          | 0.002 |   0.079 |   -0.230 | 
     +-------------------------------------------------------------------------------+ 
Path 49: MET Early External Delay Assertion 
Endpoint:   wbm_adr_o[15]       (^) checked with  leading edge of 'clk'
Beginpoint: wbm_adr_o_reg[15]/Q (^) triggered by  leading edge of 'clk'
Path Groups: {reg2out}
Analysis View: analysis1
Other End Arrival Time          0.000
- External Delay                0.250
+ Phase Shift                   0.000
+ Uncertainty                   0.020
= Required Time                -0.230
  Arrival Time                  0.080
  Slack Time                    0.310
     Clock Rise Edge                 0.000
     + Clock Network Latency (Prop)  0.003
     = Beginpoint Arrival Time       0.003
     +---------------------------------------------------------------------------------+ 
     |       Instance        |       Arc       |   Cell   | Delay | Arrival | Required | 
     |                       |                 |          |       |  Time   |   Time   | 
     |-----------------------+-----------------+----------+-------+---------+----------| 
     | wbm_adr_o_reg[15]     | CK ^            |          |       |   0.003 |   -0.307 | 
     | wbm_adr_o_reg[15]     | CK ^ -> Q ^     | DFFHQX1  | 0.038 |   0.041 |   -0.269 | 
     | FE_OFC36_wbm_adr_o_15 | A ^ -> Y v      | INVX1    | 0.016 |   0.056 |   -0.254 | 
     | FE_OFC37_wbm_adr_o_15 | A v -> Y ^      | CLKINVX8 | 0.023 |   0.080 |   -0.231 | 
     |                       | wbm_adr_o[15] ^ |          | 0.001 |   0.080 |   -0.230 | 
     +---------------------------------------------------------------------------------+ 
Path 50: MET Early External Delay Assertion 
Endpoint:   wbm_adr_o[8]       (^) checked with  leading edge of 'clk'
Beginpoint: wbm_adr_o_reg[8]/Q (^) triggered by  leading edge of 'clk'
Path Groups: {reg2out}
Analysis View: analysis1
Other End Arrival Time          0.000
- External Delay                0.250
+ Phase Shift                   0.000
+ Uncertainty                   0.020
= Required Time                -0.230
  Arrival Time                  0.081
  Slack Time                    0.311
     Clock Rise Edge                 0.000
     + Clock Network Latency (Prop)  0.002
     = Beginpoint Arrival Time       0.002
     +--------------------------------------------------------------------------------+ 
     |       Instance        |      Arc       |   Cell   | Delay | Arrival | Required | 
     |                       |                |          |       |  Time   |   Time   | 
     |-----------------------+----------------+----------+-------+---------+----------| 
     | wbm_adr_o_reg[8]      | CK ^           |          |       |   0.002 |   -0.308 | 
     | wbm_adr_o_reg[8]      | CK ^ -> Q ^    | DFFHQX1  | 0.038 |   0.040 |   -0.271 | 
     | FE_OFC50_wbm_adr_o_8  | A ^ -> Y v     | INVX1    | 0.016 |   0.056 |   -0.254 | 
     | FE_OFC510_wbm_adr_o_8 | A v -> Y ^     | CLKINVX8 | 0.023 |   0.079 |   -0.232 | 
     |                       | wbm_adr_o[8] ^ |          | 0.002 |   0.081 |   -0.230 | 
     +--------------------------------------------------------------------------------+ 

