###############################################################
#  Generated by:      Cadence Innovus 21.35-s114_1
#  OS:                Linux x86_64(Host ID cn88.it.auth.gr)
#  Generated on:      Sun Nov 30 18:23:25 2025
#  Design:            picorv32_wb
#  Command:           report_timing -path_group reg2out -check_type setup -max_paths 50 > reports/postRouting/setup_reg2out.rpt
###############################################################
Path 1: MET Late External Delay Assertion 
Endpoint:   pcpi_rs2[0]                    (v) checked with  leading edge of 
'clk'
Beginpoint: picorv32_core_reg_op2_reg[0]/Q (v) triggered by  leading edge of 
'clk'
Path Groups: {reg2out}
Analysis View: analysis1
Other End Arrival Time          0.000
- External Delay                0.500
+ Phase Shift                   4.000
- Uncertainty                   0.020
= Required Time                 3.480
- Arrival Time                  0.390
= Slack Time                    3.090
     Clock Rise Edge                 0.000
     + Clock Network Latency (Prop)  -0.002
     = Beginpoint Arrival Time       -0.002
     +--------------------------------------------------------------------------------------+ 
     |           Instance           |      Arc      |   Cell   | Delay | Arrival | Required | 
     |                              |               |          |       |  Time   |   Time   | 
     |------------------------------+---------------+----------+-------+---------+----------| 
     | picorv32_core_reg_op2_reg[0] | CK ^          |          |       |  -0.002 |    3.087 | 
     | picorv32_core_reg_op2_reg[0] | CK ^ -> Q v   | DFFHQX1  | 0.073 |   0.071 |    3.161 | 
     | FE_OFC692_pcpi_rs2_0         | A v -> Y v    | BUFX2    | 0.111 |   0.182 |    3.271 | 
     | FE_OFC694_pcpi_rs2_0         | A v -> Y ^    | INVX1    | 0.056 |   0.238 |    3.327 | 
     | FE_OFC595_pcpi_rs2_0         | A ^ -> Y v    | CLKINVX8 | 0.134 |   0.372 |    3.461 | 
     |                              | pcpi_rs2[0] v |          | 0.019 |   0.390 |    3.480 | 
     +--------------------------------------------------------------------------------------+ 
Path 2: MET Late External Delay Assertion 
Endpoint:   pcpi_rs1[13]                    (v) checked with  leading edge of 
'clk'
Beginpoint: picorv32_core_reg_op1_reg[13]/Q (v) triggered by  leading edge of 
'clk'
Path Groups: {reg2out}
Analysis View: analysis1
Other End Arrival Time          0.000
- External Delay                0.500
+ Phase Shift                   4.000
- Uncertainty                   0.020
= Required Time                 3.480
- Arrival Time                  0.357
= Slack Time                    3.123
     Clock Rise Edge                 0.000
     + Clock Network Latency (Prop)  0.002
     = Beginpoint Arrival Time       0.002
     +----------------------------------------------------------------------------------------+ 
     |           Instance            |      Arc       |   Cell   | Delay | Arrival | Required | 
     |                               |                |          |       |  Time   |   Time   | 
     |-------------------------------+----------------+----------+-------+---------+----------| 
     | picorv32_core_reg_op1_reg[13] | CK ^           |          |       |   0.002 |    3.125 | 
     | picorv32_core_reg_op1_reg[13] | CK ^ -> Q v    | DFFHQX1  | 0.135 |   0.137 |    3.260 | 
     | FE_OFC660_pcpi_rs1_13         | A v -> Y ^     | INVX1    | 0.062 |   0.199 |    3.322 | 
     | FE_OFC217_pcpi_rs1_13         | A ^ -> Y v     | CLKINVX8 | 0.136 |   0.335 |    3.458 | 
     |                               | pcpi_rs1[13] v |          | 0.022 |   0.357 |    3.480 | 
     +----------------------------------------------------------------------------------------+ 
Path 3: MET Late External Delay Assertion 
Endpoint:   pcpi_rs1[15]                    (v) checked with  leading edge of 
'clk'
Beginpoint: picorv32_core_reg_op1_reg[15]/Q (v) triggered by  leading edge of 
'clk'
Path Groups: {reg2out}
Analysis View: analysis1
Other End Arrival Time          0.000
- External Delay                0.500
+ Phase Shift                   4.000
- Uncertainty                   0.020
= Required Time                 3.480
- Arrival Time                  0.348
= Slack Time                    3.132
     Clock Rise Edge                 0.000
     + Clock Network Latency (Prop)  0.002
     = Beginpoint Arrival Time       0.002
     +----------------------------------------------------------------------------------------+ 
     |           Instance            |      Arc       |   Cell   | Delay | Arrival | Required | 
     |                               |                |          |       |  Time   |   Time   | 
     |-------------------------------+----------------+----------+-------+---------+----------| 
     | picorv32_core_reg_op1_reg[15] | CK ^           |          |       |   0.002 |    3.134 | 
     | picorv32_core_reg_op1_reg[15] | CK ^ -> Q v    | DFFHQX1  | 0.136 |   0.138 |    3.270 | 
     | FE_OFC210_pcpi_rs1_15         | A v -> Y ^     | INVX1    | 0.058 |   0.196 |    3.329 | 
     | FE_OFC211_pcpi_rs1_15         | A ^ -> Y v     | CLKINVX8 | 0.144 |   0.341 |    3.473 | 
     |                               | pcpi_rs1[15] v |          | 0.007 |   0.348 |    3.480 | 
     +----------------------------------------------------------------------------------------+ 
Path 4: MET Late External Delay Assertion 
Endpoint:   pcpi_rs1[26]                    (v) checked with  leading edge of 
'clk'
Beginpoint: picorv32_core_reg_op1_reg[26]/Q (v) triggered by  leading edge of 
'clk'
Path Groups: {reg2out}
Analysis View: analysis1
Other End Arrival Time          0.000
- External Delay                0.500
+ Phase Shift                   4.000
- Uncertainty                   0.020
= Required Time                 3.480
- Arrival Time                  0.345
= Slack Time                    3.135
     Clock Rise Edge                 0.000
     + Clock Network Latency (Prop)  0.002
     = Beginpoint Arrival Time       0.002
     +----------------------------------------------------------------------------------------+ 
     |           Instance            |      Arc       |   Cell   | Delay | Arrival | Required | 
     |                               |                |          |       |  Time   |   Time   | 
     |-------------------------------+----------------+----------+-------+---------+----------| 
     | picorv32_core_reg_op1_reg[26] | CK ^           |          |       |   0.002 |    3.137 | 
     | picorv32_core_reg_op1_reg[26] | CK ^ -> Q v    | DFFHQX1  | 0.111 |   0.113 |    3.248 | 
     | FE_OFC173_pcpi_rs1_26         | A v -> Y ^     | INVXL    | 0.072 |   0.185 |    3.320 | 
     | FE_OFC542_pcpi_rs1_26         | A ^ -> Y v     | CLKINVX8 | 0.145 |   0.330 |    3.465 | 
     |                               | pcpi_rs1[26] v |          | 0.015 |   0.345 |    3.480 | 
     +----------------------------------------------------------------------------------------+ 
Path 5: MET Late External Delay Assertion 
Endpoint:   pcpi_rs1[31]                    (v) checked with  leading edge of 
'clk'
Beginpoint: picorv32_core_reg_op1_reg[31]/Q (v) triggered by  leading edge of 
'clk'
Path Groups: {reg2out}
Analysis View: analysis1
Other End Arrival Time          0.000
- External Delay                0.500
+ Phase Shift                   4.000
- Uncertainty                   0.020
= Required Time                 3.480
- Arrival Time                  0.341
= Slack Time                    3.139
     Clock Rise Edge                 0.000
     + Clock Network Latency (Prop)  0.002
     = Beginpoint Arrival Time       0.002
     +----------------------------------------------------------------------------------------+ 
     |           Instance            |      Arc       |   Cell   | Delay | Arrival | Required | 
     |                               |                |          |       |  Time   |   Time   | 
     |-------------------------------+----------------+----------+-------+---------+----------| 
     | picorv32_core_reg_op1_reg[31] | CK ^           |          |       |   0.002 |    3.141 | 
     | picorv32_core_reg_op1_reg[31] | CK ^ -> Q v    | DFFHQX1  | 0.126 |   0.128 |    3.267 | 
     | FE_OFC675_pcpi_rs1_31         | A v -> Y ^     | INVX1    | 0.057 |   0.185 |    3.325 | 
     | FE_OFC536_pcpi_rs1_31         | A ^ -> Y v     | CLKINVX8 | 0.136 |   0.321 |    3.461 | 
     |                               | pcpi_rs1[31] v |          | 0.019 |   0.341 |    3.480 | 
     +----------------------------------------------------------------------------------------+ 
Path 6: MET Late External Delay Assertion 
Endpoint:   pcpi_rs1[12]                    (v) checked with  leading edge of 
'clk'
Beginpoint: picorv32_core_reg_op1_reg[12]/Q (v) triggered by  leading edge of 
'clk'
Path Groups: {reg2out}
Analysis View: analysis1
Other End Arrival Time          0.000
- External Delay                0.500
+ Phase Shift                   4.000
- Uncertainty                   0.020
= Required Time                 3.480
- Arrival Time                  0.337
= Slack Time                    3.143
     Clock Rise Edge                 0.000
     + Clock Network Latency (Prop)  0.002
     = Beginpoint Arrival Time       0.002
     +----------------------------------------------------------------------------------------+ 
     |           Instance            |      Arc       |   Cell   | Delay | Arrival | Required | 
     |                               |                |          |       |  Time   |   Time   | 
     |-------------------------------+----------------+----------+-------+---------+----------| 
     | picorv32_core_reg_op1_reg[12] | CK ^           |          |       |   0.002 |    3.145 | 
     | picorv32_core_reg_op1_reg[12] | CK ^ -> Q v    | DFFHQX1  | 0.130 |   0.132 |    3.275 | 
     | FE_OFC220_pcpi_rs1_12         | A v -> Y ^     | INVX1    | 0.053 |   0.185 |    3.328 | 
     | FE_OFC221_pcpi_rs1_12         | A ^ -> Y v     | CLKINVX8 | 0.137 |   0.322 |    3.465 | 
     |                               | pcpi_rs1[12] v |          | 0.015 |   0.337 |    3.480 | 
     +----------------------------------------------------------------------------------------+ 
Path 7: MET Late External Delay Assertion 
Endpoint:   pcpi_rs1[19]                    (v) checked with  leading edge of 
'clk'
Beginpoint: picorv32_core_reg_op1_reg[19]/Q (v) triggered by  leading edge of 
'clk'
Path Groups: {reg2out}
Analysis View: analysis1
Other End Arrival Time          0.000
- External Delay                0.500
+ Phase Shift                   4.000
- Uncertainty                   0.020
= Required Time                 3.480
- Arrival Time                  0.336
= Slack Time                    3.144
     Clock Rise Edge                 0.000
     + Clock Network Latency (Prop)  0.002
     = Beginpoint Arrival Time       0.002
     +----------------------------------------------------------------------------------------+ 
     |           Instance            |      Arc       |   Cell   | Delay | Arrival | Required | 
     |                               |                |          |       |  Time   |   Time   | 
     |-------------------------------+----------------+----------+-------+---------+----------| 
     | picorv32_core_reg_op1_reg[19] | CK ^           |          |       |   0.002 |    3.146 | 
     | picorv32_core_reg_op1_reg[19] | CK ^ -> Q v    | DFFHQX1  | 0.126 |   0.128 |    3.272 | 
     | FE_OFC661_pcpi_rs1_19         | A v -> Y ^     | INVX1    | 0.057 |   0.185 |    3.329 | 
     | FE_OFC197_pcpi_rs1_19         | A ^ -> Y v     | CLKINVX8 | 0.145 |   0.329 |    3.473 | 
     |                               | pcpi_rs1[19] v |          | 0.007 |   0.336 |    3.480 | 
     +----------------------------------------------------------------------------------------+ 
Path 8: MET Late External Delay Assertion 
Endpoint:   pcpi_rs1[14]                    (v) checked with  leading edge of 
'clk'
Beginpoint: picorv32_core_reg_op1_reg[14]/Q (v) triggered by  leading edge of 
'clk'
Path Groups: {reg2out}
Analysis View: analysis1
Other End Arrival Time          0.000
- External Delay                0.500
+ Phase Shift                   4.000
- Uncertainty                   0.020
= Required Time                 3.480
- Arrival Time                  0.336
= Slack Time                    3.144
     Clock Rise Edge                 0.000
     + Clock Network Latency (Prop)  0.002
     = Beginpoint Arrival Time       0.002
     +----------------------------------------------------------------------------------------+ 
     |           Instance            |      Arc       |   Cell   | Delay | Arrival | Required | 
     |                               |                |          |       |  Time   |   Time   | 
     |-------------------------------+----------------+----------+-------+---------+----------| 
     | picorv32_core_reg_op1_reg[14] | CK ^           |          |       |   0.002 |    3.146 | 
     | picorv32_core_reg_op1_reg[14] | CK ^ -> Q v    | DFFHQX1  | 0.121 |   0.123 |    3.267 | 
     | FE_OFC691_pcpi_rs1_14         | A v -> Y ^     | INVX1    | 0.056 |   0.180 |    3.324 | 
     | FE_OFC214_pcpi_rs1_14         | A ^ -> Y v     | CLKINVX8 | 0.131 |   0.310 |    3.454 | 
     |                               | pcpi_rs1[14] v |          | 0.025 |   0.336 |    3.480 | 
     +----------------------------------------------------------------------------------------+ 
Path 9: MET Late External Delay Assertion 
Endpoint:   pcpi_rs1[1]                    (v) checked with  leading edge of 
'clk'
Beginpoint: picorv32_core_reg_op1_reg[1]/Q (v) triggered by  leading edge of 
'clk'
Path Groups: {reg2out}
Analysis View: analysis1
Other End Arrival Time          0.000
- External Delay                0.500
+ Phase Shift                   4.000
- Uncertainty                   0.020
= Required Time                 3.480
- Arrival Time                  0.334
= Slack Time                    3.146
     Clock Rise Edge                 0.000
     + Clock Network Latency (Prop)  -0.000
     = Beginpoint Arrival Time       -0.000
     +--------------------------------------------------------------------------------------+ 
     |           Instance           |      Arc      |   Cell   | Delay | Arrival | Required | 
     |                              |               |          |       |  Time   |   Time   | 
     |------------------------------+---------------+----------+-------+---------+----------| 
     | picorv32_core_reg_op1_reg[1] | CK ^          |          |       |  -0.000 |    3.146 | 
     | picorv32_core_reg_op1_reg[1] | CK ^ -> Q v   | DFFHQX1  | 0.128 |   0.128 |    3.274 | 
     | FE_OFC269_pcpi_rs1_1         | A v -> Y ^    | INVX1    | 0.056 |   0.184 |    3.330 | 
     | FE_OFC270_pcpi_rs1_1         | A ^ -> Y v    | CLKINVX8 | 0.143 |   0.327 |    3.472 | 
     |                              | pcpi_rs1[1] v |          | 0.008 |   0.334 |    3.480 | 
     +--------------------------------------------------------------------------------------+ 
Path 10: MET Late External Delay Assertion 
Endpoint:   pcpi_rs1[27]                    (v) checked with  leading edge of 
'clk'
Beginpoint: picorv32_core_reg_op1_reg[27]/Q (v) triggered by  leading edge of 
'clk'
Path Groups: {reg2out}
Analysis View: analysis1
Other End Arrival Time          0.000
- External Delay                0.500
+ Phase Shift                   4.000
- Uncertainty                   0.020
= Required Time                 3.480
- Arrival Time                  0.332
= Slack Time                    3.148
     Clock Rise Edge                 0.000
     + Clock Network Latency (Prop)  0.002
     = Beginpoint Arrival Time       0.002
     +----------------------------------------------------------------------------------------+ 
     |           Instance            |      Arc       |   Cell   | Delay | Arrival | Required | 
     |                               |                |          |       |  Time   |   Time   | 
     |-------------------------------+----------------+----------+-------+---------+----------| 
     | picorv32_core_reg_op1_reg[27] | CK ^           |          |       |   0.002 |    3.150 | 
     | picorv32_core_reg_op1_reg[27] | CK ^ -> Q v    | DFFHQX1  | 0.110 |   0.112 |    3.260 | 
     | FE_OFC169_pcpi_rs1_27         | A v -> Y ^     | INVXL    | 0.062 |   0.175 |    3.323 | 
     | FE_OFC540_pcpi_rs1_27         | A ^ -> Y v     | CLKINVX8 | 0.136 |   0.310 |    3.458 | 
     |                               | pcpi_rs1[27] v |          | 0.022 |   0.332 |    3.480 | 
     +----------------------------------------------------------------------------------------+ 
Path 11: MET Late External Delay Assertion 
Endpoint:   pcpi_rs1[8]                    (v) checked with  leading edge of 
'clk'
Beginpoint: picorv32_core_reg_op1_reg[8]/Q (v) triggered by  leading edge of 
'clk'
Path Groups: {reg2out}
Analysis View: analysis1
Other End Arrival Time          0.000
- External Delay                0.500
+ Phase Shift                   4.000
- Uncertainty                   0.020
= Required Time                 3.480
- Arrival Time                  0.328
= Slack Time                    3.152
     Clock Rise Edge                 0.000
     + Clock Network Latency (Prop)  0.001
     = Beginpoint Arrival Time       0.001
     +--------------------------------------------------------------------------------------+ 
     |           Instance           |      Arc      |   Cell   | Delay | Arrival | Required | 
     |                              |               |          |       |  Time   |   Time   | 
     |------------------------------+---------------+----------+-------+---------+----------| 
     | picorv32_core_reg_op1_reg[8] | CK ^          |          |       |   0.001 |    3.153 | 
     | picorv32_core_reg_op1_reg[8] | CK ^ -> Q v   | DFFHQX1  | 0.120 |   0.121 |    3.273 | 
     | FE_OFC658_pcpi_rs1_8         | A v -> Y ^    | INVX1    | 0.054 |   0.176 |    3.328 | 
     | FE_OFC238_pcpi_rs1_8         | A ^ -> Y v    | CLKINVX8 | 0.139 |   0.315 |    3.467 | 
     |                              | pcpi_rs1[8] v |          | 0.013 |   0.328 |    3.480 | 
     +--------------------------------------------------------------------------------------+ 
Path 12: MET Late External Delay Assertion 
Endpoint:   pcpi_rs1[28]                    (v) checked with  leading edge of 
'clk'
Beginpoint: picorv32_core_reg_op1_reg[28]/Q (v) triggered by  leading edge of 
'clk'
Path Groups: {reg2out}
Analysis View: analysis1
Other End Arrival Time          0.000
- External Delay                0.500
+ Phase Shift                   4.000
- Uncertainty                   0.020
= Required Time                 3.480
- Arrival Time                  0.328
= Slack Time                    3.152
     Clock Rise Edge                 0.000
     + Clock Network Latency (Prop)  0.002
     = Beginpoint Arrival Time       0.002
     +----------------------------------------------------------------------------------------+ 
     |           Instance            |      Arc       |   Cell   | Delay | Arrival | Required | 
     |                               |                |          |       |  Time   |   Time   | 
     |-------------------------------+----------------+----------+-------+---------+----------| 
     | picorv32_core_reg_op1_reg[28] | CK ^           |          |       |   0.002 |    3.155 | 
     | picorv32_core_reg_op1_reg[28] | CK ^ -> Q v    | DFFHQX1  | 0.121 |   0.123 |    3.275 | 
     | FE_OFC167_pcpi_rs1_28         | A v -> Y ^     | INVX1    | 0.051 |   0.174 |    3.327 | 
     | FE_OFC168_pcpi_rs1_28         | A ^ -> Y v     | CLKINVX8 | 0.134 |   0.308 |    3.460 | 
     |                               | pcpi_rs1[28] v |          | 0.020 |   0.328 |    3.480 | 
     +----------------------------------------------------------------------------------------+ 
Path 13: MET Late External Delay Assertion 
Endpoint:   pcpi_rs1[20]                    (v) checked with  leading edge of 
'clk'
Beginpoint: picorv32_core_reg_op1_reg[20]/Q (v) triggered by  leading edge of 
'clk'
Path Groups: {reg2out}
Analysis View: analysis1
Other End Arrival Time          0.000
- External Delay                0.500
+ Phase Shift                   4.000
- Uncertainty                   0.020
= Required Time                 3.480
- Arrival Time                  0.327
= Slack Time                    3.153
     Clock Rise Edge                 0.000
     + Clock Network Latency (Prop)  0.002
     = Beginpoint Arrival Time       0.002
     +----------------------------------------------------------------------------------------+ 
     |           Instance            |      Arc       |   Cell   | Delay | Arrival | Required | 
     |                               |                |          |       |  Time   |   Time   | 
     |-------------------------------+----------------+----------+-------+---------+----------| 
     | picorv32_core_reg_op1_reg[20] | CK ^           |          |       |   0.002 |    3.155 | 
     | picorv32_core_reg_op1_reg[20] | CK ^ -> Q v    | DFFHQX1  | 0.118 |   0.120 |    3.274 | 
     | FE_OFC662_pcpi_rs1_20         | A v -> Y ^     | INVX1    | 0.055 |   0.175 |    3.328 | 
     | FE_OFC549_pcpi_rs1_20         | A ^ -> Y v     | CLKINVX8 | 0.141 |   0.316 |    3.469 | 
     |                               | pcpi_rs1[20] v |          | 0.011 |   0.327 |    3.480 | 
     +----------------------------------------------------------------------------------------+ 
Path 14: MET Late External Delay Assertion 
Endpoint:   pcpi_rs1[30]                    (v) checked with  leading edge of 
'clk'
Beginpoint: picorv32_core_reg_op1_reg[30]/Q (v) triggered by  leading edge of 
'clk'
Path Groups: {reg2out}
Analysis View: analysis1
Other End Arrival Time          0.000
- External Delay                0.500
+ Phase Shift                   4.000
- Uncertainty                   0.020
= Required Time                 3.480
- Arrival Time                  0.326
= Slack Time                    3.154
     Clock Rise Edge                 0.000
     + Clock Network Latency (Prop)  0.002
     = Beginpoint Arrival Time       0.002
     +----------------------------------------------------------------------------------------+ 
     |           Instance            |      Arc       |   Cell   | Delay | Arrival | Required | 
     |                               |                |          |       |  Time   |   Time   | 
     |-------------------------------+----------------+----------+-------+---------+----------| 
     | picorv32_core_reg_op1_reg[30] | CK ^           |          |       |   0.002 |    3.156 | 
     | picorv32_core_reg_op1_reg[30] | CK ^ -> Q v    | DFFHQX1  | 0.123 |   0.125 |    3.279 | 
     | FE_OFC674_pcpi_rs1_30         | A v -> Y ^     | INVX1    | 0.051 |   0.175 |    3.330 | 
     | FE_OFC538_pcpi_rs1_30         | A ^ -> Y v     | CLKINVX8 | 0.138 |   0.314 |    3.468 | 
     |                               | pcpi_rs1[30] v |          | 0.012 |   0.326 |    3.480 | 
     +----------------------------------------------------------------------------------------+ 
Path 15: MET Late External Delay Assertion 
Endpoint:   pcpi_rs1[29]                    (v) checked with  leading edge of 
'clk'
Beginpoint: picorv32_core_reg_op1_reg[29]/Q (v) triggered by  leading edge of 
'clk'
Path Groups: {reg2out}
Analysis View: analysis1
Other End Arrival Time          0.000
- External Delay                0.500
+ Phase Shift                   4.000
- Uncertainty                   0.020
= Required Time                 3.480
- Arrival Time                  0.323
= Slack Time                    3.157
     Clock Rise Edge                 0.000
     + Clock Network Latency (Prop)  0.002
     = Beginpoint Arrival Time       0.002
     +----------------------------------------------------------------------------------------+ 
     |           Instance            |      Arc       |   Cell   | Delay | Arrival | Required | 
     |                               |                |          |       |  Time   |   Time   | 
     |-------------------------------+----------------+----------+-------+---------+----------| 
     | picorv32_core_reg_op1_reg[29] | CK ^           |          |       |   0.002 |    3.160 | 
     | picorv32_core_reg_op1_reg[29] | CK ^ -> Q v    | DFFHQX1  | 0.121 |   0.123 |    3.281 | 
     | FE_OFC672_pcpi_rs1_29         | A v -> Y ^     | INVX1    | 0.050 |   0.174 |    3.331 | 
     | FE_OFC164_pcpi_rs1_29         | A ^ -> Y v     | CLKINVX8 | 0.141 |   0.314 |    3.472 | 
     |                               | pcpi_rs1[29] v |          | 0.008 |   0.323 |    3.480 | 
     +----------------------------------------------------------------------------------------+ 
Path 16: MET Late External Delay Assertion 
Endpoint:   pcpi_rs2[6]                    (v) checked with  leading edge of 
'clk'
Beginpoint: picorv32_core_reg_op2_reg[6]/Q (v) triggered by  leading edge of 
'clk'
Path Groups: {reg2out}
Analysis View: analysis1
Other End Arrival Time          0.000
- External Delay                0.500
+ Phase Shift                   4.000
- Uncertainty                   0.020
= Required Time                 3.480
- Arrival Time                  0.320
= Slack Time                    3.160
     Clock Rise Edge                 0.000
     + Clock Network Latency (Prop)  0.000
     = Beginpoint Arrival Time       0.000
     +--------------------------------------------------------------------------------------+ 
     |           Instance           |      Arc      |   Cell   | Delay | Arrival | Required | 
     |                              |               |          |       |  Time   |   Time   | 
     |------------------------------+---------------+----------+-------+---------+----------| 
     | picorv32_core_reg_op2_reg[6] | CK ^          |          |       |   0.000 |    3.160 | 
     | picorv32_core_reg_op2_reg[6] | CK ^ -> Q v   | DFFHQX1  | 0.116 |   0.116 |    3.277 | 
     | FE_OFC676_pcpi_rs2_6         | A v -> Y ^    | INVX1    | 0.052 |   0.168 |    3.329 | 
     | FE_OFC585_pcpi_rs2_6         | A ^ -> Y v    | CLKINVX8 | 0.135 |   0.303 |    3.463 | 
     |                              | pcpi_rs2[6] v |          | 0.017 |   0.320 |    3.480 | 
     +--------------------------------------------------------------------------------------+ 
Path 17: MET Late External Delay Assertion 
Endpoint:   pcpi_rs2[12]                    (v) checked with  leading edge of 
'clk'
Beginpoint: picorv32_core_reg_op2_reg[12]/Q (v) triggered by  leading edge of 
'clk'
Path Groups: {reg2out}
Analysis View: analysis1
Other End Arrival Time          0.000
- External Delay                0.500
+ Phase Shift                   4.000
- Uncertainty                   0.020
= Required Time                 3.480
- Arrival Time                  0.319
= Slack Time                    3.161
     Clock Rise Edge                 0.000
     + Clock Network Latency (Prop)  0.000
     = Beginpoint Arrival Time       0.000
     +----------------------------------------------------------------------------------------+ 
     |           Instance            |      Arc       |   Cell   | Delay | Arrival | Required | 
     |                               |                |          |       |  Time   |   Time   | 
     |-------------------------------+----------------+----------+-------+---------+----------| 
     | picorv32_core_reg_op2_reg[12] | CK ^           |          |       |   0.000 |    3.161 | 
     | picorv32_core_reg_op2_reg[12] | CK ^ -> Q v    | DFFHQX1  | 0.118 |   0.119 |    3.280 | 
     | FE_OFC333_pcpi_rs2_12         | A v -> Y ^     | INVX1    | 0.051 |   0.169 |    3.330 | 
     | FE_OFC334_pcpi_rs2_12         | A ^ -> Y v     | CLKINVX8 | 0.142 |   0.311 |    3.472 | 
     |                               | pcpi_rs2[12] v |          | 0.008 |   0.319 |    3.480 | 
     +----------------------------------------------------------------------------------------+ 
Path 18: MET Late External Delay Assertion 
Endpoint:   pcpi_rs1[0]                    (v) checked with  leading edge of 
'clk'
Beginpoint: picorv32_core_reg_op1_reg[0]/Q (v) triggered by  leading edge of 
'clk'
Path Groups: {reg2out}
Analysis View: analysis1
Other End Arrival Time          0.000
- External Delay                0.500
+ Phase Shift                   4.000
- Uncertainty                   0.020
= Required Time                 3.480
- Arrival Time                  0.319
= Slack Time                    3.161
     Clock Rise Edge                 0.000
     + Clock Network Latency (Prop)  -0.000
     = Beginpoint Arrival Time       -0.000
     +--------------------------------------------------------------------------------------+ 
     |           Instance           |      Arc      |   Cell   | Delay | Arrival | Required | 
     |                              |               |          |       |  Time   |   Time   | 
     |------------------------------+---------------+----------+-------+---------+----------| 
     | picorv32_core_reg_op1_reg[0] | CK ^          |          |       |  -0.000 |    3.161 | 
     | picorv32_core_reg_op1_reg[0] | CK ^ -> Q v   | DFFHQX1  | 0.118 |   0.118 |    3.279 | 
     | FE_OFC273_pcpi_rs1_0         | A v -> Y ^    | INVX1    | 0.052 |   0.169 |    3.331 | 
     | FE_OFC274_pcpi_rs1_0         | A ^ -> Y v    | CLKINVX8 | 0.142 |   0.311 |    3.473 | 
     |                              | pcpi_rs1[0] v |          | 0.007 |   0.319 |    3.480 | 
     +--------------------------------------------------------------------------------------+ 
Path 19: MET Late External Delay Assertion 
Endpoint:   pcpi_rs2[7]                    (v) checked with  leading edge of 
'clk'
Beginpoint: picorv32_core_reg_op2_reg[7]/Q (v) triggered by  leading edge of 
'clk'
Path Groups: {reg2out}
Analysis View: analysis1
Other End Arrival Time          0.000
- External Delay                0.500
+ Phase Shift                   4.000
- Uncertainty                   0.020
= Required Time                 3.480
- Arrival Time                  0.318
= Slack Time                    3.162
     Clock Rise Edge                 0.000
     + Clock Network Latency (Prop)  0.000
     = Beginpoint Arrival Time       0.000
     +--------------------------------------------------------------------------------------+ 
     |           Instance           |      Arc      |   Cell   | Delay | Arrival | Required | 
     |                              |               |          |       |  Time   |   Time   | 
     |------------------------------+---------------+----------+-------+---------+----------| 
     | picorv32_core_reg_op2_reg[7] | CK ^          |          |       |   0.000 |    3.162 | 
     | picorv32_core_reg_op2_reg[7] | CK ^ -> Q v   | DFFHQX1  | 0.115 |   0.115 |    3.277 | 
     | FE_OFC677_pcpi_rs2_7         | A v -> Y ^    | INVX1    | 0.050 |   0.165 |    3.327 | 
     | FE_OFC349_pcpi_rs2_7         | A ^ -> Y v    | CLKINVX8 | 0.135 |   0.300 |    3.462 | 
     |                              | pcpi_rs2[7] v |          | 0.018 |   0.318 |    3.480 | 
     +--------------------------------------------------------------------------------------+ 
Path 20: MET Late External Delay Assertion 
Endpoint:   pcpi_rs1[10]                    (v) checked with  leading edge of 
'clk'
Beginpoint: picorv32_core_reg_op1_reg[10]/Q (v) triggered by  leading edge of 
'clk'
Path Groups: {reg2out}
Analysis View: analysis1
Other End Arrival Time          0.000
- External Delay                0.500
+ Phase Shift                   4.000
- Uncertainty                   0.020
= Required Time                 3.480
- Arrival Time                  0.318
= Slack Time                    3.162
     Clock Rise Edge                 0.000
     + Clock Network Latency (Prop)  0.001
     = Beginpoint Arrival Time       0.001
     +----------------------------------------------------------------------------------------+ 
     |           Instance            |      Arc       |   Cell   | Delay | Arrival | Required | 
     |                               |                |          |       |  Time   |   Time   | 
     |-------------------------------+----------------+----------+-------+---------+----------| 
     | picorv32_core_reg_op1_reg[10] | CK ^           |          |       |   0.001 |    3.163 | 
     | picorv32_core_reg_op1_reg[10] | CK ^ -> Q v    | DFFHQX1  | 0.140 |   0.141 |    3.303 | 
     | FE_OFC555_pcpi_rs1_10         | A v -> Y v     | CLKBUFX8 | 0.165 |   0.306 |    3.468 | 
     |                               | pcpi_rs1[10] v |          | 0.012 |   0.318 |    3.480 | 
     +----------------------------------------------------------------------------------------+ 
Path 21: MET Late External Delay Assertion 
Endpoint:   pcpi_rs1[17]                    (v) checked with  leading edge of 
'clk'
Beginpoint: picorv32_core_reg_op1_reg[17]/Q (v) triggered by  leading edge of 
'clk'
Path Groups: {reg2out}
Analysis View: analysis1
Other End Arrival Time          0.000
- External Delay                0.500
+ Phase Shift                   4.000
- Uncertainty                   0.020
= Required Time                 3.480
- Arrival Time                  0.316
= Slack Time                    3.164
     Clock Rise Edge                 0.000
     + Clock Network Latency (Prop)  0.002
     = Beginpoint Arrival Time       0.002
     +----------------------------------------------------------------------------------------+ 
     |           Instance            |      Arc       |   Cell   | Delay | Arrival | Required | 
     |                               |                |          |       |  Time   |   Time   | 
     |-------------------------------+----------------+----------+-------+---------+----------| 
     | picorv32_core_reg_op1_reg[17] | CK ^           |          |       |   0.002 |    3.166 | 
     | picorv32_core_reg_op1_reg[17] | CK ^ -> Q v    | DFFHQX1  | 0.111 |   0.112 |    3.276 | 
     | FE_OFC202_pcpi_rs1_17         | A v -> Y v     | BUFX2    | 0.048 |   0.160 |    3.324 | 
     | FE_OFC551_pcpi_rs1_17         | A v -> Y v     | CLKBUFX8 | 0.136 |   0.296 |    3.460 | 
     |                               | pcpi_rs1[17] v |          | 0.020 |   0.316 |    3.480 | 
     +----------------------------------------------------------------------------------------+ 
Path 22: MET Late External Delay Assertion 
Endpoint:   pcpi_rs1[25]                    (v) checked with  leading edge of 
'clk'
Beginpoint: picorv32_core_reg_op1_reg[25]/Q (v) triggered by  leading edge of 
'clk'
Path Groups: {reg2out}
Analysis View: analysis1
Other End Arrival Time          0.000
- External Delay                0.500
+ Phase Shift                   4.000
- Uncertainty                   0.020
= Required Time                 3.480
- Arrival Time                  0.316
= Slack Time                    3.164
     Clock Rise Edge                 0.000
     + Clock Network Latency (Prop)  0.002
     = Beginpoint Arrival Time       0.002
     +----------------------------------------------------------------------------------------+ 
     |           Instance            |      Arc       |   Cell   | Delay | Arrival | Required | 
     |                               |                |          |       |  Time   |   Time   | 
     |-------------------------------+----------------+----------+-------+---------+----------| 
     | picorv32_core_reg_op1_reg[25] | CK ^           |          |       |   0.002 |    3.166 | 
     | picorv32_core_reg_op1_reg[25] | CK ^ -> Q v    | DFFHQX1  | 0.114 |   0.116 |    3.280 | 
     | FE_OFC670_pcpi_rs1_25         | A v -> Y ^     | INVX1    | 0.049 |   0.165 |    3.329 | 
     | FE_OFC178_pcpi_rs1_25         | A ^ -> Y v     | CLKINVX8 | 0.135 |   0.299 |    3.463 | 
     |                               | pcpi_rs1[25] v |          | 0.017 |   0.316 |    3.480 | 
     +----------------------------------------------------------------------------------------+ 
Path 23: MET Late External Delay Assertion 
Endpoint:   pcpi_rs2[9]                    (v) checked with  leading edge of 
'clk'
Beginpoint: picorv32_core_reg_op2_reg[9]/Q (v) triggered by  leading edge of 
'clk'
Path Groups: {reg2out}
Analysis View: analysis1
Other End Arrival Time          0.000
- External Delay                0.500
+ Phase Shift                   4.000
- Uncertainty                   0.020
= Required Time                 3.480
- Arrival Time                  0.316
= Slack Time                    3.164
     Clock Rise Edge                 0.000
     + Clock Network Latency (Prop)  0.000
     = Beginpoint Arrival Time       0.000
     +--------------------------------------------------------------------------------------+ 
     |           Instance           |      Arc      |   Cell   | Delay | Arrival | Required | 
     |                              |               |          |       |  Time   |   Time   | 
     |------------------------------+---------------+----------+-------+---------+----------| 
     | picorv32_core_reg_op2_reg[9] | CK ^          |          |       |   0.000 |    3.164 | 
     | picorv32_core_reg_op2_reg[9] | CK ^ -> Q v   | DFFHQX1  | 0.113 |   0.113 |    3.278 | 
     | FE_OFC342_pcpi_rs2_9         | A v -> Y ^    | INVX1    | 0.050 |   0.164 |    3.328 | 
     | FE_OFC343_pcpi_rs2_9         | A ^ -> Y v    | CLKINVX8 | 0.136 |   0.299 |    3.463 | 
     |                              | pcpi_rs2[9] v |          | 0.017 |   0.316 |    3.480 | 
     +--------------------------------------------------------------------------------------+ 
Path 24: MET Late External Delay Assertion 
Endpoint:   pcpi_rs2[1]                    (v) checked with  leading edge of 
'clk'
Beginpoint: picorv32_core_reg_op2_reg[1]/Q (v) triggered by  leading edge of 
'clk'
Path Groups: {reg2out}
Analysis View: analysis1
Other End Arrival Time          0.000
- External Delay                0.500
+ Phase Shift                   4.000
- Uncertainty                   0.020
= Required Time                 3.480
- Arrival Time                  0.314
= Slack Time                    3.166
     Clock Rise Edge                 0.000
     + Clock Network Latency (Prop)  -0.002
     = Beginpoint Arrival Time       -0.002
     +--------------------------------------------------------------------------------------+ 
     |           Instance           |      Arc      |   Cell   | Delay | Arrival | Required | 
     |                              |               |          |       |  Time   |   Time   | 
     |------------------------------+---------------+----------+-------+---------+----------| 
     | picorv32_core_reg_op2_reg[1] | CK ^          |          |       |  -0.002 |    3.163 | 
     | picorv32_core_reg_op2_reg[1] | CK ^ -> Q v   | DFFHQX1  | 0.116 |   0.113 |    3.279 | 
     | FE_OFC682_pcpi_rs2_1         | A v -> Y ^    | INVX1    | 0.050 |   0.164 |    3.330 | 
     | FE_OFC593_pcpi_rs2_1         | A ^ -> Y v    | CLKINVX8 | 0.141 |   0.305 |    3.470 | 
     |                              | pcpi_rs2[1] v |          | 0.010 |   0.314 |    3.480 | 
     +--------------------------------------------------------------------------------------+ 
Path 25: MET Late External Delay Assertion 
Endpoint:   pcpi_rs1[24]                    (v) checked with  leading edge of 
'clk'
Beginpoint: picorv32_core_reg_op1_reg[24]/Q (v) triggered by  leading edge of 
'clk'
Path Groups: {reg2out}
Analysis View: analysis1
Other End Arrival Time          0.000
- External Delay                0.500
+ Phase Shift                   4.000
- Uncertainty                   0.020
= Required Time                 3.480
- Arrival Time                  0.314
= Slack Time                    3.166
     Clock Rise Edge                 0.000
     + Clock Network Latency (Prop)  0.002
     = Beginpoint Arrival Time       0.002
     +----------------------------------------------------------------------------------------+ 
     |           Instance            |      Arc       |   Cell   | Delay | Arrival | Required | 
     |                               |                |          |       |  Time   |   Time   | 
     |-------------------------------+----------------+----------+-------+---------+----------| 
     | picorv32_core_reg_op1_reg[24] | CK ^           |          |       |   0.002 |    3.168 | 
     | picorv32_core_reg_op1_reg[24] | CK ^ -> Q v    | DFFHQX1  | 0.111 |   0.113 |    3.279 | 
     | FE_OFC668_pcpi_rs1_24         | A v -> Y ^     | INVX1    | 0.048 |   0.161 |    3.327 | 
     | FE_OFC181_pcpi_rs1_24         | A ^ -> Y v     | CLKINVX8 | 0.133 |   0.294 |    3.460 | 
     |                               | pcpi_rs1[24] v |          | 0.020 |   0.314 |    3.480 | 
     +----------------------------------------------------------------------------------------+ 
Path 26: MET Late External Delay Assertion 
Endpoint:   pcpi_rs2[30]                    (v) checked with  leading edge of 
'clk'
Beginpoint: picorv32_core_reg_op2_reg[30]/Q (v) triggered by  leading edge of 
'clk'
Path Groups: {reg2out}
Analysis View: analysis1
Other End Arrival Time          0.000
- External Delay                0.500
+ Phase Shift                   4.000
- Uncertainty                   0.020
= Required Time                 3.480
- Arrival Time                  0.314
= Slack Time                    3.166
     Clock Rise Edge                 0.000
     + Clock Network Latency (Prop)  0.001
     = Beginpoint Arrival Time       0.001
     +----------------------------------------------------------------------------------------+ 
     |           Instance            |      Arc       |   Cell   | Delay | Arrival | Required | 
     |                               |                |          |       |  Time   |   Time   | 
     |-------------------------------+----------------+----------+-------+---------+----------| 
     | picorv32_core_reg_op2_reg[30] | CK ^           |          |       |   0.001 |    3.167 | 
     | picorv32_core_reg_op2_reg[30] | CK ^ -> Q v    | DFFHQX1  | 0.114 |   0.115 |    3.281 | 
     | FE_OFC279_pcpi_rs2_30         | A v -> Y ^     | INVX1    | 0.049 |   0.164 |    3.330 | 
     | FE_OFC565_pcpi_rs2_30         | A ^ -> Y v     | CLKINVX8 | 0.139 |   0.303 |    3.469 | 
     |                               | pcpi_rs2[30] v |          | 0.011 |   0.314 |    3.480 | 
     +----------------------------------------------------------------------------------------+ 
Path 27: MET Late External Delay Assertion 
Endpoint:   pcpi_rs1[23]                    (v) checked with  leading edge of 
'clk'
Beginpoint: picorv32_core_reg_op1_reg[23]/Q (v) triggered by  leading edge of 
'clk'
Path Groups: {reg2out}
Analysis View: analysis1
Other End Arrival Time          0.000
- External Delay                0.500
+ Phase Shift                   4.000
- Uncertainty                   0.020
= Required Time                 3.480
- Arrival Time                  0.314
= Slack Time                    3.166
     Clock Rise Edge                 0.000
     + Clock Network Latency (Prop)  0.002
     = Beginpoint Arrival Time       0.002
     +----------------------------------------------------------------------------------------+ 
     |           Instance            |      Arc       |   Cell   | Delay | Arrival | Required | 
     |                               |                |          |       |  Time   |   Time   | 
     |-------------------------------+----------------+----------+-------+---------+----------| 
     | picorv32_core_reg_op1_reg[23] | CK ^           |          |       |   0.002 |    3.169 | 
     | picorv32_core_reg_op1_reg[23] | CK ^ -> Q v    | DFFHQX1  | 0.111 |   0.113 |    3.279 | 
     | FE_OFC666_pcpi_rs1_23         | A v -> Y ^     | INVX1    | 0.049 |   0.162 |    3.328 | 
     | FE_OFC544_pcpi_rs1_23         | A ^ -> Y v     | CLKINVX8 | 0.136 |   0.297 |    3.464 | 
     |                               | pcpi_rs1[23] v |          | 0.016 |   0.314 |    3.480 | 
     +----------------------------------------------------------------------------------------+ 
Path 28: MET Late External Delay Assertion 
Endpoint:   pcpi_rs2[23]                    (v) checked with  leading edge of 
'clk'
Beginpoint: picorv32_core_reg_op2_reg[23]/Q (v) triggered by  leading edge of 
'clk'
Path Groups: {reg2out}
Analysis View: analysis1
Other End Arrival Time          0.000
- External Delay                0.500
+ Phase Shift                   4.000
- Uncertainty                   0.020
= Required Time                 3.480
- Arrival Time                  0.313
= Slack Time                    3.167
     Clock Rise Edge                 0.000
     + Clock Network Latency (Prop)  0.001
     = Beginpoint Arrival Time       0.001
     +----------------------------------------------------------------------------------------+ 
     |           Instance            |      Arc       |   Cell   | Delay | Arrival | Required | 
     |                               |                |          |       |  Time   |   Time   | 
     |-------------------------------+----------------+----------+-------+---------+----------| 
     | picorv32_core_reg_op2_reg[23] | CK ^           |          |       |   0.001 |    3.168 | 
     | picorv32_core_reg_op2_reg[23] | CK ^ -> Q v    | DFFHQX1  | 0.095 |   0.096 |    3.263 | 
     | FE_OFC299_pcpi_rs2_23         | A v -> Y ^     | INVXL    | 0.061 |   0.157 |    3.324 | 
     | FE_OFC574_pcpi_rs2_23         | A ^ -> Y v     | CLKINVX8 | 0.145 |   0.302 |    3.469 | 
     |                               | pcpi_rs2[23] v |          | 0.011 |   0.313 |    3.480 | 
     +----------------------------------------------------------------------------------------+ 
Path 29: MET Late External Delay Assertion 
Endpoint:   pcpi_rs2[25]                    (v) checked with  leading edge of 
'clk'
Beginpoint: picorv32_core_reg_op2_reg[25]/Q (v) triggered by  leading edge of 
'clk'
Path Groups: {reg2out}
Analysis View: analysis1
Other End Arrival Time          0.000
- External Delay                0.500
+ Phase Shift                   4.000
- Uncertainty                   0.020
= Required Time                 3.480
- Arrival Time                  0.312
= Slack Time                    3.168
     Clock Rise Edge                 0.000
     + Clock Network Latency (Prop)  0.001
     = Beginpoint Arrival Time       0.001
     +----------------------------------------------------------------------------------------+ 
     |           Instance            |      Arc       |   Cell   | Delay | Arrival | Required | 
     |                               |                |          |       |  Time   |   Time   | 
     |-------------------------------+----------------+----------+-------+---------+----------| 
     | picorv32_core_reg_op2_reg[25] | CK ^           |          |       |   0.001 |    3.168 | 
     | picorv32_core_reg_op2_reg[25] | CK ^ -> Q v    | DFFHQX1  | 0.096 |   0.097 |    3.264 | 
     | FE_OFC293_pcpi_rs2_25         | A v -> Y ^     | INVXL    | 0.059 |   0.156 |    3.324 | 
     | FE_OFC572_pcpi_rs2_25         | A ^ -> Y v     | CLKINVX8 | 0.141 |   0.297 |    3.465 | 
     |                               | pcpi_rs2[25] v |          | 0.015 |   0.312 |    3.480 | 
     +----------------------------------------------------------------------------------------+ 
Path 30: MET Late External Delay Assertion 
Endpoint:   pcpi_rs1[22]                    (v) checked with  leading edge of 
'clk'
Beginpoint: picorv32_core_reg_op1_reg[22]/Q (v) triggered by  leading edge of 
'clk'
Path Groups: {reg2out}
Analysis View: analysis1
Other End Arrival Time          0.000
- External Delay                0.500
+ Phase Shift                   4.000
- Uncertainty                   0.020
= Required Time                 3.480
- Arrival Time                  0.310
= Slack Time                    3.170
     Clock Rise Edge                 0.000
     + Clock Network Latency (Prop)  0.002
     = Beginpoint Arrival Time       0.002
     +----------------------------------------------------------------------------------------+ 
     |           Instance            |      Arc       |   Cell   | Delay | Arrival | Required | 
     |                               |                |          |       |  Time   |   Time   | 
     |-------------------------------+----------------+----------+-------+---------+----------| 
     | picorv32_core_reg_op1_reg[22] | CK ^           |          |       |   0.002 |    3.172 | 
     | picorv32_core_reg_op1_reg[22] | CK ^ -> Q v    | DFFHQX1  | 0.111 |   0.113 |    3.283 | 
     | FE_OFC664_pcpi_rs1_22         | A v -> Y ^     | INVX1    | 0.047 |   0.160 |    3.330 | 
     | FE_OFC546_pcpi_rs1_22         | A ^ -> Y v     | CLKINVX8 | 0.138 |   0.298 |    3.468 | 
     |                               | pcpi_rs1[22] v |          | 0.012 |   0.310 |    3.480 | 
     +----------------------------------------------------------------------------------------+ 
Path 31: MET Late External Delay Assertion 
Endpoint:   pcpi_rs2[28]                    (v) checked with  leading edge of 
'clk'
Beginpoint: picorv32_core_reg_op2_reg[28]/Q (v) triggered by  leading edge of 
'clk'
Path Groups: {reg2out}
Analysis View: analysis1
Other End Arrival Time          0.000
- External Delay                0.500
+ Phase Shift                   4.000
- Uncertainty                   0.020
= Required Time                 3.480
- Arrival Time                  0.309
= Slack Time                    3.171
     Clock Rise Edge                 0.000
     + Clock Network Latency (Prop)  0.001
     = Beginpoint Arrival Time       0.001
     +----------------------------------------------------------------------------------------+ 
     |           Instance            |      Arc       |   Cell   | Delay | Arrival | Required | 
     |                               |                |          |       |  Time   |   Time   | 
     |-------------------------------+----------------+----------+-------+---------+----------| 
     | picorv32_core_reg_op2_reg[28] | CK ^           |          |       |   0.001 |    3.171 | 
     | picorv32_core_reg_op2_reg[28] | CK ^ -> Q v    | DFFHQX1  | 0.112 |   0.113 |    3.283 | 
     | FE_OFC285_pcpi_rs2_28         | A v -> Y ^     | INVX1    | 0.048 |   0.161 |    3.331 | 
     | FE_OFC567_pcpi_rs2_28         | A ^ -> Y v     | CLKINVX8 | 0.141 |   0.302 |    3.472 | 
     |                               | pcpi_rs2[28] v |          | 0.008 |   0.309 |    3.480 | 
     +----------------------------------------------------------------------------------------+ 
Path 32: MET Late External Delay Assertion 
Endpoint:   pcpi_rs1[3]                    (v) checked with  leading edge of 
'clk'
Beginpoint: picorv32_core_reg_op1_reg[3]/Q (v) triggered by  leading edge of 
'clk'
Path Groups: {reg2out}
Analysis View: analysis1
Other End Arrival Time          0.000
- External Delay                0.500
+ Phase Shift                   4.000
- Uncertainty                   0.020
= Required Time                 3.480
- Arrival Time                  0.306
= Slack Time                    3.174
     Clock Rise Edge                 0.000
     + Clock Network Latency (Prop)  -0.000
     = Beginpoint Arrival Time       -0.000
     +--------------------------------------------------------------------------------------+ 
     |           Instance           |      Arc      |   Cell   | Delay | Arrival | Required | 
     |                              |               |          |       |  Time   |   Time   | 
     |------------------------------+---------------+----------+-------+---------+----------| 
     | picorv32_core_reg_op1_reg[3] | CK ^          |          |       |  -0.000 |    3.174 | 
     | picorv32_core_reg_op1_reg[3] | CK ^ -> Q v   | DFFHQX1  | 0.131 |   0.131 |    3.305 | 
     | FE_OFC561_pcpi_rs1_3         | A v -> Y v    | CLKBUFX8 | 0.156 |   0.287 |    3.461 | 
     |                              | pcpi_rs1[3] v |          | 0.019 |   0.306 |    3.480 | 
     +--------------------------------------------------------------------------------------+ 
Path 33: MET Late External Delay Assertion 
Endpoint:   pcpi_rs2[22]                    (v) checked with  leading edge of 
'clk'
Beginpoint: picorv32_core_reg_op2_reg[22]/Q (v) triggered by  leading edge of 
'clk'
Path Groups: {reg2out}
Analysis View: analysis1
Other End Arrival Time          0.000
- External Delay                0.500
+ Phase Shift                   4.000
- Uncertainty                   0.020
= Required Time                 3.480
- Arrival Time                  0.306
= Slack Time                    3.174
     Clock Rise Edge                 0.000
     + Clock Network Latency (Prop)  0.001
     = Beginpoint Arrival Time       0.001
     +----------------------------------------------------------------------------------------+ 
     |           Instance            |      Arc       |   Cell   | Delay | Arrival | Required | 
     |                               |                |          |       |  Time   |   Time   | 
     |-------------------------------+----------------+----------+-------+---------+----------| 
     | picorv32_core_reg_op2_reg[22] | CK ^           |          |       |   0.001 |    3.175 | 
     | picorv32_core_reg_op2_reg[22] | CK ^ -> Q v    | DFFHQX1  | 0.090 |   0.091 |    3.265 | 
     | FE_OFC302_pcpi_rs2_22         | A v -> Y ^     | INVXL    | 0.058 |   0.149 |    3.323 | 
     | FE_OFC576_pcpi_rs2_22         | A ^ -> Y v     | CLKINVX8 | 0.137 |   0.286 |    3.460 | 
     |                               | pcpi_rs2[22] v |          | 0.020 |   0.306 |    3.480 | 
     +----------------------------------------------------------------------------------------+ 
Path 34: MET Late External Delay Assertion 
Endpoint:   pcpi_rs1[11]                    (v) checked with  leading edge of 
'clk'
Beginpoint: picorv32_core_reg_op1_reg[11]/Q (v) triggered by  leading edge of 
'clk'
Path Groups: {reg2out}
Analysis View: analysis1
Other End Arrival Time          0.000
- External Delay                0.500
+ Phase Shift                   4.000
- Uncertainty                   0.020
= Required Time                 3.480
- Arrival Time                  0.306
= Slack Time                    3.174
     Clock Rise Edge                 0.000
     + Clock Network Latency (Prop)  0.002
     = Beginpoint Arrival Time       0.002
     +----------------------------------------------------------------------------------------+ 
     |           Instance            |      Arc       |   Cell   | Delay | Arrival | Required | 
     |                               |                |          |       |  Time   |   Time   | 
     |-------------------------------+----------------+----------+-------+---------+----------| 
     | picorv32_core_reg_op1_reg[11] | CK ^           |          |       |   0.002 |    3.176 | 
     | picorv32_core_reg_op1_reg[11] | CK ^ -> Q v    | DFFHQX1  | 0.077 |   0.079 |    3.253 | 
     | FE_OFC222_pcpi_rs1_11         | A v -> Y ^     | INVXL    | 0.066 |   0.145 |    3.319 | 
     | FE_OFC554_pcpi_rs1_11         | A ^ -> Y v     | CLKINVX8 | 0.150 |   0.295 |    3.469 | 
     |                               | pcpi_rs1[11] v |          | 0.011 |   0.306 |    3.480 | 
     +----------------------------------------------------------------------------------------+ 
Path 35: MET Late External Delay Assertion 
Endpoint:   pcpi_rs1[16]                    (v) checked with  leading edge of 
'clk'
Beginpoint: picorv32_core_reg_op1_reg[16]/Q (v) triggered by  leading edge of 
'clk'
Path Groups: {reg2out}
Analysis View: analysis1
Other End Arrival Time          0.000
- External Delay                0.500
+ Phase Shift                   4.000
- Uncertainty                   0.020
= Required Time                 3.480
- Arrival Time                  0.305
= Slack Time                    3.175
     Clock Rise Edge                 0.000
     + Clock Network Latency (Prop)  0.002
     = Beginpoint Arrival Time       0.002
     +----------------------------------------------------------------------------------------+ 
     |           Instance            |      Arc       |   Cell   | Delay | Arrival | Required | 
     |                               |                |          |       |  Time   |   Time   | 
     |-------------------------------+----------------+----------+-------+---------+----------| 
     | picorv32_core_reg_op1_reg[16] | CK ^           |          |       |   0.002 |    3.177 | 
     | picorv32_core_reg_op1_reg[16] | CK ^ -> Q v    | DFFHQX1  | 0.095 |   0.097 |    3.271 | 
     | FE_OFC205_pcpi_rs1_16         | A v -> Y v     | BUFX2    | 0.051 |   0.148 |    3.322 | 
     | FE_OFC552_pcpi_rs1_16         | A v -> Y v     | CLKBUFX8 | 0.139 |   0.287 |    3.462 | 
     |                               | pcpi_rs1[16] v |          | 0.018 |   0.305 |    3.480 | 
     +----------------------------------------------------------------------------------------+ 
Path 36: MET Late External Delay Assertion 
Endpoint:   pcpi_rs2[3]                    (v) checked with  leading edge of 
'clk'
Beginpoint: picorv32_core_reg_op2_reg[3]/Q (v) triggered by  leading edge of 
'clk'
Path Groups: {reg2out}
Analysis View: analysis1
Other End Arrival Time          0.000
- External Delay                0.500
+ Phase Shift                   4.000
- Uncertainty                   0.020
= Required Time                 3.480
- Arrival Time                  0.305
= Slack Time                    3.175
     Clock Rise Edge                 0.000
     + Clock Network Latency (Prop)  -0.001
     = Beginpoint Arrival Time       -0.001
     +--------------------------------------------------------------------------------------+ 
     |           Instance           |      Arc      |   Cell   | Delay | Arrival | Required | 
     |                              |               |          |       |  Time   |   Time   | 
     |------------------------------+---------------+----------+-------+---------+----------| 
     | picorv32_core_reg_op2_reg[3] | CK ^          |          |       |  -0.001 |    3.174 | 
     | picorv32_core_reg_op2_reg[3] | CK ^ -> Q v   | DFFHQX1  | 0.043 |   0.042 |    3.217 | 
     | FE_OFC360_pcpi_rs2_3         | A v -> Y ^    | INVX1    | 0.017 |   0.059 |    3.234 | 
     | FE_OFC361_pcpi_rs2_3         | A ^ -> Y v    | INVXL    | 0.078 |   0.137 |    3.312 | 
     | FE_OFC589_pcpi_rs2_3         | A v -> Y v    | CLKBUFX8 | 0.151 |   0.288 |    3.463 | 
     |                              | pcpi_rs2[3] v |          | 0.017 |   0.305 |    3.480 | 
     +--------------------------------------------------------------------------------------+ 
Path 37: MET Late External Delay Assertion 
Endpoint:   pcpi_rs2[8]                    (v) checked with  leading edge of 
'clk'
Beginpoint: picorv32_core_reg_op2_reg[8]/Q (v) triggered by  leading edge of 
'clk'
Path Groups: {reg2out}
Analysis View: analysis1
Other End Arrival Time          0.000
- External Delay                0.500
+ Phase Shift                   4.000
- Uncertainty                   0.020
= Required Time                 3.480
- Arrival Time                  0.305
= Slack Time                    3.175
     Clock Rise Edge                 0.000
     + Clock Network Latency (Prop)  0.000
     = Beginpoint Arrival Time       0.000
     +--------------------------------------------------------------------------------------+ 
     |           Instance           |      Arc      |   Cell   | Delay | Arrival | Required | 
     |                              |               |          |       |  Time   |   Time   | 
     |------------------------------+---------------+----------+-------+---------+----------| 
     | picorv32_core_reg_op2_reg[8] | CK ^          |          |       |   0.000 |    3.175 | 
     | picorv32_core_reg_op2_reg[8] | CK ^ -> Q v   | DFFHQX1  | 0.109 |   0.110 |    3.285 | 
     | FE_OFC345_pcpi_rs2_8         | A v -> Y ^    | INVX1    | 0.046 |   0.156 |    3.331 | 
     | FE_OFC346_pcpi_rs2_8         | A ^ -> Y v    | CLKINVX8 | 0.140 |   0.296 |    3.471 | 
     |                              | pcpi_rs2[8] v |          | 0.009 |   0.305 |    3.480 | 
     +--------------------------------------------------------------------------------------+ 
Path 38: MET Late External Delay Assertion 
Endpoint:   pcpi_rs2[11]                    (v) checked with  leading edge of 
'clk'
Beginpoint: picorv32_core_reg_op2_reg[11]/Q (v) triggered by  leading edge of 
'clk'
Path Groups: {reg2out}
Analysis View: analysis1
Other End Arrival Time          0.000
- External Delay                0.500
+ Phase Shift                   4.000
- Uncertainty                   0.020
= Required Time                 3.480
- Arrival Time                  0.303
= Slack Time                    3.177
     Clock Rise Edge                 0.000
     + Clock Network Latency (Prop)  -0.001
     = Beginpoint Arrival Time       -0.001
     +----------------------------------------------------------------------------------------+ 
     |           Instance            |      Arc       |   Cell   | Delay | Arrival | Required | 
     |                               |                |          |       |  Time   |   Time   | 
     |-------------------------------+----------------+----------+-------+---------+----------| 
     | picorv32_core_reg_op2_reg[11] | CK ^           |          |       |  -0.001 |    3.176 | 
     | picorv32_core_reg_op2_reg[11] | CK ^ -> Q v    | DFFX1    | 0.090 |   0.089 |    3.266 | 
     | FE_OFC335_pcpi_rs2_11         | A v -> Y ^     | INVXL    | 0.030 |   0.119 |    3.296 | 
     | FE_OFC337_pcpi_rs2_11         | A ^ -> Y v     | INVX1    | 0.017 |   0.136 |    3.313 | 
     | FE_OFC581_pcpi_rs2_11         | A v -> Y ^     | INVX1    | 0.020 |   0.157 |    3.333 | 
     | FE_OFC582_pcpi_rs2_11         | A ^ -> Y v     | CLKINVX8 | 0.125 |   0.281 |    3.458 | 
     |                               | pcpi_rs2[11] v |          | 0.022 |   0.303 |    3.480 | 
     +----------------------------------------------------------------------------------------+ 
Path 39: MET Late External Delay Assertion 
Endpoint:   pcpi_rs2[4]                    (v) checked with  leading edge of 
'clk'
Beginpoint: picorv32_core_reg_op2_reg[4]/Q (v) triggered by  leading edge of 
'clk'
Path Groups: {reg2out}
Analysis View: analysis1
Other End Arrival Time          0.000
- External Delay                0.500
+ Phase Shift                   4.000
- Uncertainty                   0.020
= Required Time                 3.480
- Arrival Time                  0.303
= Slack Time                    3.177
     Clock Rise Edge                 0.000
     + Clock Network Latency (Prop)  -0.002
     = Beginpoint Arrival Time       -0.002
     +--------------------------------------------------------------------------------------+ 
     |           Instance           |      Arc      |   Cell   | Delay | Arrival | Required | 
     |                              |               |          |       |  Time   |   Time   | 
     |------------------------------+---------------+----------+-------+---------+----------| 
     | picorv32_core_reg_op2_reg[4] | CK ^          |          |       |  -0.002 |    3.176 | 
     | picorv32_core_reg_op2_reg[4] | CK ^ -> Q v   | DFFHQX1  | 0.109 |   0.107 |    3.284 | 
     | FE_OFC685_pcpi_rs2_4         | A v -> Y ^    | INVX1    | 0.045 |   0.153 |    3.330 | 
     | FE_OFC588_pcpi_rs2_4         | A ^ -> Y v    | CLKINVX8 | 0.136 |   0.289 |    3.466 | 
     |                              | pcpi_rs2[4] v |          | 0.014 |   0.303 |    3.480 | 
     +--------------------------------------------------------------------------------------+ 
Path 40: MET Late External Delay Assertion 
Endpoint:   pcpi_rs1[4]                    (v) checked with  leading edge of 
'clk'
Beginpoint: picorv32_core_reg_op1_reg[4]/Q (v) triggered by  leading edge of 
'clk'
Path Groups: {reg2out}
Analysis View: analysis1
Other End Arrival Time          0.000
- External Delay                0.500
+ Phase Shift                   4.000
- Uncertainty                   0.020
= Required Time                 3.480
- Arrival Time                  0.303
= Slack Time                    3.177
     Clock Rise Edge                 0.000
     + Clock Network Latency (Prop)  -0.000
     = Beginpoint Arrival Time       -0.000
     +--------------------------------------------------------------------------------------+ 
     |           Instance           |      Arc      |   Cell   | Delay | Arrival | Required | 
     |                              |               |          |       |  Time   |   Time   | 
     |------------------------------+---------------+----------+-------+---------+----------| 
     | picorv32_core_reg_op1_reg[4] | CK ^          |          |       |  -0.000 |    3.177 | 
     | picorv32_core_reg_op1_reg[4] | CK ^ -> Q v   | DFFHQX1  | 0.128 |   0.128 |    3.306 | 
     | FE_OFC560_pcpi_rs1_4         | A v -> Y v    | CLKBUFX8 | 0.162 |   0.290 |    3.467 | 
     |                              | pcpi_rs1[4] v |          | 0.013 |   0.303 |    3.480 | 
     +--------------------------------------------------------------------------------------+ 
Path 41: MET Late External Delay Assertion 
Endpoint:   pcpi_rs2[31]                    (v) checked with  leading edge of 
'clk'
Beginpoint: picorv32_core_reg_op2_reg[31]/Q (v) triggered by  leading edge of 
'clk'
Path Groups: {reg2out}
Analysis View: analysis1
Other End Arrival Time          0.000
- External Delay                0.500
+ Phase Shift                   4.000
- Uncertainty                   0.020
= Required Time                 3.480
- Arrival Time                  0.302
= Slack Time                    3.178
     Clock Rise Edge                 0.000
     + Clock Network Latency (Prop)  0.000
     = Beginpoint Arrival Time       0.000
     +----------------------------------------------------------------------------------------+ 
     |           Instance            |      Arc       |   Cell   | Delay | Arrival | Required | 
     |                               |                |          |       |  Time   |   Time   | 
     |-------------------------------+----------------+----------+-------+---------+----------| 
     | picorv32_core_reg_op2_reg[31] | CK ^           |          |       |   0.000 |    3.178 | 
     | picorv32_core_reg_op2_reg[31] | CK ^ -> Q v    | DFFHQX1  | 0.130 |   0.130 |    3.308 | 
     | FE_OFC563_pcpi_rs2_31         | A v -> Y v     | CLKBUFX8 | 0.161 |   0.291 |    3.469 | 
     |                               | pcpi_rs2[31] v |          | 0.011 |   0.302 |    3.480 | 
     +----------------------------------------------------------------------------------------+ 
Path 42: MET Late External Delay Assertion 
Endpoint:   pcpi_rs2[19]                    (v) checked with  leading edge of 
'clk'
Beginpoint: picorv32_core_reg_op2_reg[19]/Q (v) triggered by  leading edge of 
'clk'
Path Groups: {reg2out}
Analysis View: analysis1
Other End Arrival Time          0.000
- External Delay                0.500
+ Phase Shift                   4.000
- Uncertainty                   0.020
= Required Time                 3.480
- Arrival Time                  0.302
= Slack Time                    3.178
     Clock Rise Edge                 0.000
     + Clock Network Latency (Prop)  0.001
     = Beginpoint Arrival Time       0.001
     +----------------------------------------------------------------------------------------+ 
     |           Instance            |      Arc       |   Cell   | Delay | Arrival | Required | 
     |                               |                |          |       |  Time   |   Time   | 
     |-------------------------------+----------------+----------+-------+---------+----------| 
     | picorv32_core_reg_op2_reg[19] | CK ^           |          |       |   0.001 |    3.179 | 
     | picorv32_core_reg_op2_reg[19] | CK ^ -> Q v    | DFFHQX1  | 0.107 |   0.108 |    3.286 | 
     | FE_OFC312_pcpi_rs2_19         | A v -> Y ^     | INVX1    | 0.044 |   0.152 |    3.330 | 
     | FE_OFC313_pcpi_rs2_19         | A ^ -> Y v     | CLKINVX8 | 0.135 |   0.287 |    3.466 | 
     |                               | pcpi_rs2[19] v |          | 0.014 |   0.302 |    3.480 | 
     +----------------------------------------------------------------------------------------+ 
Path 43: MET Late External Delay Assertion 
Endpoint:   pcpi_rs1[18]                    (v) checked with  leading edge of 
'clk'
Beginpoint: picorv32_core_reg_op1_reg[18]/Q (v) triggered by  leading edge of 
'clk'
Path Groups: {reg2out}
Analysis View: analysis1
Other End Arrival Time          0.000
- External Delay                0.500
+ Phase Shift                   4.000
- Uncertainty                   0.020
= Required Time                 3.480
- Arrival Time                  0.301
= Slack Time                    3.179
     Clock Rise Edge                 0.000
     + Clock Network Latency (Prop)  0.002
     = Beginpoint Arrival Time       0.002
     +----------------------------------------------------------------------------------------+ 
     |           Instance            |      Arc       |   Cell   | Delay | Arrival | Required | 
     |                               |                |          |       |  Time   |   Time   | 
     |-------------------------------+----------------+----------+-------+---------+----------| 
     | picorv32_core_reg_op1_reg[18] | CK ^           |          |       |   0.002 |    3.181 | 
     | picorv32_core_reg_op1_reg[18] | CK ^ -> Q v    | DFFHQX1  | 0.098 |   0.100 |    3.279 | 
     | FE_OFC198_pcpi_rs1_18         | A v -> Y v     | BUFX2    | 0.047 |   0.147 |    3.326 | 
     | FE_OFC550_pcpi_rs1_18         | A v -> Y v     | CLKBUFX8 | 0.143 |   0.290 |    3.469 | 
     |                               | pcpi_rs1[18] v |          | 0.011 |   0.301 |    3.480 | 
     +----------------------------------------------------------------------------------------+ 
Path 44: MET Late External Delay Assertion 
Endpoint:   pcpi_rs2[26]                    (v) checked with  leading edge of 
'clk'
Beginpoint: picorv32_core_reg_op2_reg[26]/Q (v) triggered by  leading edge of 
'clk'
Path Groups: {reg2out}
Analysis View: analysis1
Other End Arrival Time          0.000
- External Delay                0.500
+ Phase Shift                   4.000
- Uncertainty                   0.020
= Required Time                 3.480
- Arrival Time                  0.300
= Slack Time                    3.180
     Clock Rise Edge                 0.000
     + Clock Network Latency (Prop)  0.001
     = Beginpoint Arrival Time       0.001
     +----------------------------------------------------------------------------------------+ 
     |           Instance            |      Arc       |   Cell   | Delay | Arrival | Required | 
     |                               |                |          |       |  Time   |   Time   | 
     |-------------------------------+----------------+----------+-------+---------+----------| 
     | picorv32_core_reg_op2_reg[26] | CK ^           |          |       |   0.001 |    3.181 | 
     | picorv32_core_reg_op2_reg[26] | CK ^ -> Q v    | DFFHQX1  | 0.105 |   0.106 |    3.286 | 
     | FE_OFC291_pcpi_rs2_26         | A v -> Y ^     | INVX1    | 0.043 |   0.150 |    3.330 | 
     | FE_OFC570_pcpi_rs2_26         | A ^ -> Y v     | CLKINVX8 | 0.133 |   0.282 |    3.462 | 
     |                               | pcpi_rs2[26] v |          | 0.018 |   0.300 |    3.480 | 
     +----------------------------------------------------------------------------------------+ 
Path 45: MET Late External Delay Assertion 
Endpoint:   pcpi_rs1[9]                    (v) checked with  leading edge of 
'clk'
Beginpoint: picorv32_core_reg_op1_reg[9]/Q (v) triggered by  leading edge of 
'clk'
Path Groups: {reg2out}
Analysis View: analysis1
Other End Arrival Time          0.000
- External Delay                0.500
+ Phase Shift                   4.000
- Uncertainty                   0.020
= Required Time                 3.480
- Arrival Time                  0.300
= Slack Time                    3.180
     Clock Rise Edge                 0.000
     + Clock Network Latency (Prop)  0.001
     = Beginpoint Arrival Time       0.001
     +--------------------------------------------------------------------------------------+ 
     |           Instance           |      Arc      |   Cell   | Delay | Arrival | Required | 
     |                              |               |          |       |  Time   |   Time   | 
     |------------------------------+---------------+----------+-------+---------+----------| 
     | picorv32_core_reg_op1_reg[9] | CK ^          |          |       |   0.001 |    3.181 | 
     | picorv32_core_reg_op1_reg[9] | CK ^ -> Q v   | DFFHQX1  | 0.126 |   0.128 |    3.308 | 
     | FE_OFC556_pcpi_rs1_9         | A v -> Y v    | CLKBUFX8 | 0.165 |   0.293 |    3.473 | 
     |                              | pcpi_rs1[9] v |          | 0.007 |   0.300 |    3.480 | 
     +--------------------------------------------------------------------------------------+ 
Path 46: MET Late External Delay Assertion 
Endpoint:   pcpi_rs1[2]                    (v) checked with  leading edge of 
'clk'
Beginpoint: picorv32_core_reg_op1_reg[2]/Q (v) triggered by  leading edge of 
'clk'
Path Groups: {reg2out}
Analysis View: analysis1
Other End Arrival Time          0.000
- External Delay                0.500
+ Phase Shift                   4.000
- Uncertainty                   0.020
= Required Time                 3.480
- Arrival Time                  0.299
= Slack Time                    3.181
     Clock Rise Edge                 0.000
     + Clock Network Latency (Prop)  -0.000
     = Beginpoint Arrival Time       -0.000
     +--------------------------------------------------------------------------------------+ 
     |           Instance           |      Arc      |   Cell   | Delay | Arrival | Required | 
     |                              |               |          |       |  Time   |   Time   | 
     |------------------------------+---------------+----------+-------+---------+----------| 
     | picorv32_core_reg_op1_reg[2] | CK ^          |          |       |  -0.000 |    3.181 | 
     | picorv32_core_reg_op1_reg[2] | CK ^ -> Q v   | DFFHQX1  | 0.128 |   0.128 |    3.308 | 
     | FE_OFC562_pcpi_rs1_2         | A v -> Y v    | CLKBUFX8 | 0.164 |   0.291 |    3.472 | 
     |                              | pcpi_rs1[2] v |          | 0.008 |   0.299 |    3.480 | 
     +--------------------------------------------------------------------------------------+ 
Path 47: MET Late External Delay Assertion 
Endpoint:   pcpi_rs1[7]                    (v) checked with  leading edge of 
'clk'
Beginpoint: picorv32_core_reg_op1_reg[7]/Q (v) triggered by  leading edge of 
'clk'
Path Groups: {reg2out}
Analysis View: analysis1
Other End Arrival Time          0.000
- External Delay                0.500
+ Phase Shift                   4.000
- Uncertainty                   0.020
= Required Time                 3.480
- Arrival Time                  0.299
= Slack Time                    3.181
     Clock Rise Edge                 0.000
     + Clock Network Latency (Prop)  0.000
     = Beginpoint Arrival Time       0.000
     +--------------------------------------------------------------------------------------+ 
     |           Instance           |      Arc      |   Cell   | Delay | Arrival | Required | 
     |                              |               |          |       |  Time   |   Time   | 
     |------------------------------+---------------+----------+-------+---------+----------| 
     | picorv32_core_reg_op1_reg[7] | CK ^          |          |       |   0.000 |    3.181 | 
     | picorv32_core_reg_op1_reg[7] | CK ^ -> Q v   | DFFHQX1  | 0.124 |   0.124 |    3.306 | 
     | FE_OFC557_pcpi_rs1_7         | A v -> Y v    | CLKBUFX8 | 0.160 |   0.284 |    3.465 | 
     |                              | pcpi_rs1[7] v |          | 0.015 |   0.299 |    3.480 | 
     +--------------------------------------------------------------------------------------+ 
Path 48: MET Late External Delay Assertion 
Endpoint:   pcpi_rs1[6]                    (v) checked with  leading edge of 
'clk'
Beginpoint: picorv32_core_reg_op1_reg[6]/Q (v) triggered by  leading edge of 
'clk'
Path Groups: {reg2out}
Analysis View: analysis1
Other End Arrival Time          0.000
- External Delay                0.500
+ Phase Shift                   4.000
- Uncertainty                   0.020
= Required Time                 3.480
- Arrival Time                  0.296
= Slack Time                    3.184
     Clock Rise Edge                 0.000
     + Clock Network Latency (Prop)  0.000
     = Beginpoint Arrival Time       0.000
     +--------------------------------------------------------------------------------------+ 
     |           Instance           |      Arc      |   Cell   | Delay | Arrival | Required | 
     |                              |               |          |       |  Time   |   Time   | 
     |------------------------------+---------------+----------+-------+---------+----------| 
     | picorv32_core_reg_op1_reg[6] | CK ^          |          |       |   0.000 |    3.184 | 
     | picorv32_core_reg_op1_reg[6] | CK ^ -> Q v   | DFFHQX1  | 0.122 |   0.122 |    3.306 | 
     | FE_OFC558_pcpi_rs1_6         | A v -> Y v    | CLKBUFX8 | 0.160 |   0.282 |    3.465 | 
     |                              | pcpi_rs1[6] v |          | 0.015 |   0.296 |    3.480 | 
     +--------------------------------------------------------------------------------------+ 
Path 49: MET Late External Delay Assertion 
Endpoint:   pcpi_rs2[15]                    (v) checked with  leading edge of 
'clk'
Beginpoint: picorv32_core_reg_op2_reg[15]/Q (v) triggered by  leading edge of 
'clk'
Path Groups: {reg2out}
Analysis View: analysis1
Other End Arrival Time          0.000
- External Delay                0.500
+ Phase Shift                   4.000
- Uncertainty                   0.020
= Required Time                 3.480
- Arrival Time                  0.296
= Slack Time                    3.184
     Clock Rise Edge                 0.000
     + Clock Network Latency (Prop)  0.000
     = Beginpoint Arrival Time       0.000
     +----------------------------------------------------------------------------------------+ 
     |           Instance            |      Arc       |   Cell   | Delay | Arrival | Required | 
     |                               |                |          |       |  Time   |   Time   | 
     |-------------------------------+----------------+----------+-------+---------+----------| 
     | picorv32_core_reg_op2_reg[15] | CK ^           |          |       |   0.000 |    3.184 | 
     | picorv32_core_reg_op2_reg[15] | CK ^ -> Q v    | DFFHQX1  | 0.122 |   0.122 |    3.306 | 
     | FE_OFC579_pcpi_rs2_15         | A v -> Y v     | CLKBUFX8 | 0.156 |   0.278 |    3.462 | 
     |                               | pcpi_rs2[15] v |          | 0.018 |   0.296 |    3.480 | 
     +----------------------------------------------------------------------------------------+ 
Path 50: MET Late External Delay Assertion 
Endpoint:   pcpi_rs1[5]                    (v) checked with  leading edge of 
'clk'
Beginpoint: picorv32_core_reg_op1_reg[5]/Q (v) triggered by  leading edge of 
'clk'
Path Groups: {reg2out}
Analysis View: analysis1
Other End Arrival Time          0.000
- External Delay                0.500
+ Phase Shift                   4.000
- Uncertainty                   0.020
= Required Time                 3.480
- Arrival Time                  0.296
= Slack Time                    3.184
     Clock Rise Edge                 0.000
     + Clock Network Latency (Prop)  0.000
     = Beginpoint Arrival Time       0.000
     +--------------------------------------------------------------------------------------+ 
     |           Instance           |      Arc      |   Cell   | Delay | Arrival | Required | 
     |                              |               |          |       |  Time   |   Time   | 
     |------------------------------+---------------+----------+-------+---------+----------| 
     | picorv32_core_reg_op1_reg[5] | CK ^          |          |       |   0.000 |    3.184 | 
     | picorv32_core_reg_op1_reg[5] | CK ^ -> Q v   | DFFHQX1  | 0.123 |   0.123 |    3.308 | 
     | FE_OFC559_pcpi_rs1_5         | A v -> Y v    | CLKBUFX8 | 0.161 |   0.284 |    3.469 | 
     |                              | pcpi_rs1[5] v |          | 0.011 |   0.296 |    3.480 | 
     +--------------------------------------------------------------------------------------+ 

