============================================================
  Generated by:           Genus(TM) Synthesis Solution 21.15-s080_1
  Generated on:           Nov 28 2025  08:51:57 pm
  Module:                 picorv32_wb
  Operating conditions:   PVT_1P32V_0C 
  Interconnect mode:      global
  Area mode:              physical library
============================================================

                                
   Gate    Instances    Area        Library    
-----------------------------------------------
ADDFX1           649   3329.370    fast_vdd1v2 
ADDHX1           158    594.396    fast_vdd1v2 
AND2X1           246    336.528    fast_vdd1v2 
AND2X2            37     63.270    fast_vdd1v2 
AND2X4             1      2.736    fast_vdd1v2 
AND3X1             5     11.970    fast_vdd1v2 
AND3X4             2      6.156    fast_vdd1v2 
AND3XL             3      6.156    fast_vdd1v2 
AND4X1            12     28.728    fast_vdd1v2 
AND4XL             3      7.182    fast_vdd1v2 
AO21X1            50    119.700    fast_vdd1v2 
AO22X1           197    538.992    fast_vdd1v2 
AOI211XL          66    135.432    fast_vdd1v2 
AOI21X1           85    145.350    fast_vdd1v2 
AOI221X1         138    330.372    fast_vdd1v2 
AOI222X1          58    178.524    fast_vdd1v2 
AOI22X1         1413   2899.476    fast_vdd1v2 
AOI22XL           31     63.612    fast_vdd1v2 
AOI2BB1X1          4      8.208    fast_vdd1v2 
AOI2BB2X1         31    106.020    fast_vdd1v2 
AOI31X1            1      2.052    fast_vdd1v2 
AOI32X1           29     69.426    fast_vdd1v2 
AOI33XL            1      2.394    fast_vdd1v2 
BUFX2              2      3.420    fast_vdd1v2 
BUFX8             26     97.812    fast_vdd1v2 
CLKINVX4           2      3.420    fast_vdd1v2 
CLKMX2X2           1      3.078    fast_vdd1v2 
CLKXOR2X1         58    158.688    fast_vdd1v2 
DFFHQX1          681   3726.432    fast_vdd1v2 
DFFHQX8          141   1301.994    fast_vdd1v2 
DFFQXL           174    952.128    fast_vdd1v2 
DFFRX1             1      6.840    fast_vdd1v2 
DFFTRX1            1      8.208    fast_vdd1v2 
DFFTRXL            1      7.866    fast_vdd1v2 
DFFX1             53    380.646    fast_vdd1v2 
DFFX2              1      8.208    fast_vdd1v2 
EDFFHQX1        1253  10713.150    fast_vdd1v2 
EDFFHQX8          33    383.724    fast_vdd1v2 
EDFFX2            41    378.594    fast_vdd1v2 
INVX1            265    181.260    fast_vdd1v2 
INVX2              2      2.052    fast_vdd1v2 
INVX3              1      1.368    fast_vdd1v2 
MDFFHQX1          17    145.350    fast_vdd1v2 
MDFFHQX4           1      9.234    fast_vdd1v2 
MX2X1            188    450.072    fast_vdd1v2 
MXI2XL           278    665.532    fast_vdd1v2 
NAND2BX1         137    187.416    fast_vdd1v2 
NAND2BX2          14     33.516    fast_vdd1v2 
NAND2BX4           1      3.762    fast_vdd1v2 
NAND2X1          384    393.984    fast_vdd1v2 
NAND2X2           30     51.300    fast_vdd1v2 
NAND3BX2           1      3.078    fast_vdd1v2 
NAND3BXL          15     25.650    fast_vdd1v2 
NAND3X1           57     97.470    fast_vdd1v2 
NAND4BBXL          2      6.156    fast_vdd1v2 
NAND4BX1          32     76.608    fast_vdd1v2 
NAND4XL          309    528.390    fast_vdd1v2 
NOR2BX1          134    183.312    fast_vdd1v2 
NOR2BX2            3      8.208    fast_vdd1v2 
NOR2BX4            1      3.762    fast_vdd1v2 
NOR2X1           426    437.076    fast_vdd1v2 
NOR2X2             3      5.130    fast_vdd1v2 
NOR3BX1           12     24.624    fast_vdd1v2 
NOR3X1             9     15.390    fast_vdd1v2 
NOR4BBX1           4     10.944    fast_vdd1v2 
NOR4BX1            3      7.182    fast_vdd1v2 
NOR4X1            27     46.170    fast_vdd1v2 
OA21X1            11     22.572    fast_vdd1v2 
OA22X1            44    105.336    fast_vdd1v2 
OAI211X1          64    109.440    fast_vdd1v2 
OAI21X1           59    100.890    fast_vdd1v2 
OAI221X1          66    158.004    fast_vdd1v2 
OAI222X1          18     49.248    fast_vdd1v2 
OAI22X1          576   1181.952    fast_vdd1v2 
OAI22X2            1      3.420    fast_vdd1v2 
OAI2BB1X1        263    449.730    fast_vdd1v2 
OAI2BB2XL          1      3.762    fast_vdd1v2 
OAI31X1            5     10.260    fast_vdd1v2 
OAI32X1            1      2.394    fast_vdd1v2 
OR2X1             91    124.488    fast_vdd1v2 
OR2X2              2      3.420    fast_vdd1v2 
OR3X1             11     22.572    fast_vdd1v2 
OR3X2              1      2.394    fast_vdd1v2 
OR3XL              3      6.156    fast_vdd1v2 
OR4X1             79    162.108    fast_vdd1v2 
SMDFFHQX1          1     10.260    fast_vdd1v2 
XNOR2X1          706   1690.164    fast_vdd1v2 
-----------------------------------------------
total          10048  34942.824                


                                          
     Type      Instances    Area   Area % 
------------------------------------------
sequential          2399 18032.634   51.6 
inverter             270   188.100    0.5 
buffer                28   101.232    0.3 
logic               7351 16620.858   47.6 
physical_cells         0     0.000    0.0 
------------------------------------------
total              10048 34942.824  100.0 

