============================================================
  Generated by:           Genus(TM) Synthesis Solution 21.15-s080_1
  Generated on:           Nov 28 2025  08:51:58 pm
  Module:                 picorv32_wb
  Operating conditions:   PVT_1P32V_0C 
  Interconnect mode:      global
  Area mode:              physical library
============================================================


Path 1: MET (646 ps) Setup Check with Pin picorv32_core_reg_op2_reg[27]/CK->D
          Group: I2R
     Startpoint: (R) wb_rst_i
          Clock: (R) clk
       Endpoint: (F) picorv32_core_reg_op2_reg[27]/D
          Clock: (R) clk

                     Capture       Launch     
        Clock Edge:+    2500            0     
        Drv Adjust:+       0          149     
       Src Latency:+     200          200     
       Net Latency:+       0 (I)        0 (I) 
           Arrival:=    2700          349     
                                              
             Setup:-      14                  
       Uncertainty:-      20                  
     Required Time:=    2666                  
      Launch Clock:-     349                  
       Input Delay:-     500                  
         Data Path:-    1172                  
             Slack:=     646                  

Exceptions/Constraints:
  input_delay             500             constraints.sdc_line_32 

#----------------------------------------------------------------------------------------------------------
#          Timing Point           Flags    Arc   Edge   Cell     Fanout  Load Trans Delay Arrival Instance 
#                                                                        (fF)  (ps)  (ps)   (ps)  Location 
#----------------------------------------------------------------------------------------------------------
  wb_rst_i                        <<<     -      R     (arrival)     73  97.9   273     0     849    (-,-) 
  g491/Y                          -       A->Y   F     CLKINVX4     126 148.2   254   180    1029    (-,-) 
  picorv32_core_g179075/Y         -       A->Y   R     CLKINVX4     113 145.6   237   163    1192    (-,-) 
  picorv32_core_g178702/Y         -       B->Y   R     OR2X1         34  43.8   244   163    1354    (-,-) 
  picorv32_core_g178601/Y         -       A->Y   F     INVX1          9  11.5   106    90    1444    (-,-) 
  picorv32_core_g177997/Y         -       A1N->Y F     OAI2BB1X1      9  11.6   118    82    1526    (-,-) 
  picorv32_core_g177640/Y         -       AN->Y  F     NOR2BX1        8   9.5    58    50    1576    (-,-) 
  picorv32_core_g177098/Y         -       B->Y   F     AND2X1        27  33.7   180   117    1693    (-,-) 
  picorv32_core_g176396/Y         -       B1->Y  R     AOI22X1        1   1.9    56    63    1756    (-,-) 
  picorv32_core_g175356/Y         -       C->Y   F     NAND4XL        1   1.9    73    58    1814    (-,-) 
  picorv32_core_g174579/Y         -       B0->Y  R     AOI211XL       1   1.9    67    56    1870    (-,-) 
  picorv32_core_g173874__6783/Y   -       D->Y   F     NAND4XL        1   2.0    76    60    1930    (-,-) 
  picorv32_core_g173830__4733/Y   -       B0->Y  R     AOI21X1        1   1.9    42    36    1967    (-,-) 
  picorv32_core_g173676__5115/Y   -       D->Y   F     NAND4XL        1   2.0    75    54    2020    (-,-) 
  picorv32_core_reg_op2_reg[27]/D <<<     -      F     DFFHQX8        1     -     -     0    2020    (-,-) 
#----------------------------------------------------------------------------------------------------------

