============================================================
  Generated by:           Genus(TM) Synthesis Solution 21.15-s080_1
  Generated on:           Nov 28 2025  08:51:57 pm
  Module:                 picorv32_wb
  Operating conditions:   PVT_1P32V_0C 
  Interconnect mode:      global
  Area mode:              physical library
============================================================

Timing
--------

Clock Period 
-------------
clk   2500.0 


  Cost    Critical         Violating 
 Group   Path Slack  TNS     Paths   
-------------------------------------
clk        No paths   0.0            
default    No paths   0.0            
I2O        No paths   0.0            
I2R           645.5   0.0          0 
R2O          1626.7   0.0          0 
R2R             7.0   0.0          0 
-------------------------------------
Total                 0.0          0 

Instance Count
--------------
Leaf Instance Count             10048 
Physical Instance count             0 
Sequential Instance Count        2399 
Combinational Instance Count     7649 
Hierarchical Instance Count         0 

Area
----
Cell Area                          34942.824
Physical Cell Area                 0.000
Total Cell Area (Cell+Physical)    34942.824
Net Area                           14126.175
Total Area (Cell+Physical+Net)     49068.999

Max Fanout                         2399 (wb_clk_i)
Min Fanout                         0 (picorv32_core_genblk1.pcpi_mul_active[0])
Average Fanout                     2.7
Terms to net ratio                 3.6768
Terms to instance ratio            4.0446
Runtime                            440.06180199999994 seconds
Elapsed Runtime                    561 seconds
Genus peak memory usage            1538.64 
Innovus peak memory usage          no_value 
Hostname                           cn92.it.auth.gr
