============================================================
  Generated by:           Genus(TM) Synthesis Solution 21.15-s080_1
  Generated on:           Nov 28 2025  08:51:58 pm
  Module:                 picorv32_wb
  Operating conditions:   PVT_1P32V_0C 
  Interconnect mode:      global
  Area mode:              physical library
============================================================


Path 1: MET (1627 ps) Late External Delay Assertion at pin wbm_cyc_o
          Group: R2O
     Startpoint: (R) wbm_cyc_o_reg/CK
          Clock: (R) clk
       Endpoint: (F) wbm_cyc_o
          Clock: (R) clk

                     Capture       Launch     
        Clock Edge:+    2500            0     
       Src Latency:+     200          200     
       Net Latency:+       0 (I)        0 (I) 
           Arrival:=    2700          200     
                                              
      Output Delay:-     500                  
       Uncertainty:-      20                  
     Required Time:=    2180                  
      Launch Clock:-     200                  
         Data Path:-     353                  
             Slack:=    1627                  

Exceptions/Constraints:
  output_delay             500             constraints.sdc_line_47_269_1 

#------------------------------------------------------------------------------------------
#  Timing Point    Flags   Arc   Edge   Cell     Fanout  Load Trans Delay Arrival Instance 
#                                                        (fF)  (ps)  (ps)   (ps)  Location 
#------------------------------------------------------------------------------------------
  wbm_cyc_o_reg/CK <<<     -     R     (arrival)   2399     -    25     0     200    (-,-) 
  wbm_cyc_o_reg/Q  -       CK->Q F     DFFHQX8        3 304.4   238   178     378    (-,-) 
  g489/Y           -       A->Y  F     BUFX8          1 301.6   239   173     551    (-,-) 
  wbm_cyc_o        <<<     -     F     (port)         -     -     -     2     553    (-,-) 
#------------------------------------------------------------------------------------------

