============================================================
  Generated by:           Genus(TM) Synthesis Solution 21.15-s080_1
  Generated on:           Nov 28 2025  08:51:57 pm
  Module:                 picorv32_wb
  Operating conditions:   PVT_1P32V_0C 
  Interconnect mode:      global
  Area mode:              physical library
============================================================


Path 1: MET (7 ps) Setup Check with Pin picorv32_core_genblk1.pcpi_mul_rd_reg[63]/CK->D
          Group: R2R
     Startpoint: (R) picorv32_core_genblk1.pcpi_mul_rs2_reg[1]/CK
          Clock: (R) clk
       Endpoint: (R) picorv32_core_genblk1.pcpi_mul_rd_reg[63]/D
          Clock: (R) clk

                     Capture       Launch     
        Clock Edge:+    2500            0     
       Src Latency:+     200          200     
       Net Latency:+       0 (I)        0 (I) 
           Arrival:=    2700          200     
                                              
             Setup:-      13                  
       Uncertainty:-      20                  
     Required Time:=    2667                  
      Launch Clock:-     200                  
         Data Path:-    2460                  
             Slack:=       7                  

#------------------------------------------------------------------------------------------------------------------------------------
#                       Timing Point                         Flags    Arc   Edge   Cell     Fanout Load Trans Delay Arrival Instance 
#                                                                                                  (fF)  (ps)  (ps)   (ps)  Location 
#------------------------------------------------------------------------------------------------------------------------------------
  picorv32_core_genblk1.pcpi_mul_rs2_reg[1]/CK               <<<     -      R     (arrival)   2399    -    25     0     200    (-,-) 
  picorv32_core_genblk1.pcpi_mul_rs2_reg[1]/Q                -       CK->Q  R     MDFFHQX1      35 49.5   274   184     384    (-,-) 
  picorv32_core_genblk1.pcpi_mul_mul_2371_47_g15005/Y        -       A->Y   F     INVX1          4  5.7    82    79     463    (-,-) 
  picorv32_core_genblk1.pcpi_mul_mul_2371_47_g14648/Y        -       A->Y   F     CLKMX2X2      34 42.6   127   107     570    (-,-) 
  picorv32_core_genblk1.pcpi_mul_mul_2371_47_g14353/Y        -       A->Y   R     INVX1          2  3.0    41    38     608    (-,-) 
  picorv32_core_genblk1.pcpi_mul_mul_2371_47_g14305/Y        -       B->Y   R     OR2X1         33 42.9   238   144     752    (-,-) 
  picorv32_core_genblk1.pcpi_mul_mul_2371_47_g14059/Y        -       A1->Y  F     OAI22X1        1  2.7    58    74     826    (-,-) 
  picorv32_core_genblk1.pcpi_mul_mul_2371_47_cdnfadd_004_0/S -       B->S   R     ADDFX1         1  2.4    18    62     888    (-,-) 
  picorv32_core_genblk1.pcpi_mul_mul_2371_47_g13675/CO       -       CI->CO R     ADDFX1         1  2.4    18    36     923    (-,-) 
  picorv32_core_genblk1.pcpi_mul_mul_2371_47_g13674/CO       -       CI->CO R     ADDFX1         1  2.8    20    37     960    (-,-) 
  picorv32_core_genblk1.pcpi_mul_mul_2371_47_g13669/CO       -       A->CO  R     ADDFX1         1  2.4    18    37     997    (-,-) 
  picorv32_core_genblk1.pcpi_mul_mul_2371_47_g13660/CO       -       CI->CO R     ADDFX1         2  3.5    24    39    1036    (-,-) 
  picorv32_core_genblk1.pcpi_mul_mul_2371_47_g13655/Y        -       B->Y   F     NAND2X1        2  3.4    39    29    1064    (-,-) 
  picorv32_core_genblk1.pcpi_mul_mul_2371_47_g13652/Y        -       A1->Y  R     OAI221X1       1  2.4    51    36    1101    (-,-) 
  picorv32_core_genblk1.pcpi_mul_mul_2371_47_g13645/CO       -       CI->CO R     ADDFX1         1  2.4    18    40    1141    (-,-) 
  picorv32_core_genblk1.pcpi_mul_mul_2371_47_g13617/CO       -       CI->CO R     ADDFX1         2  3.5    24    39    1180    (-,-) 
  picorv32_core_genblk1.pcpi_mul_mul_2371_47_g13613/Y        -       B->Y   F     NAND2X1        2  3.4    39    29    1209    (-,-) 
  picorv32_core_genblk1.pcpi_mul_mul_2371_47_g13607/Y        -       A1->Y  R     OAI221X1       1  2.4    51    36    1245    (-,-) 
  picorv32_core_genblk1.pcpi_mul_mul_2371_47_g13557/CO       -       CI->CO R     ADDFX1         1  2.4    18    40    1286    (-,-) 
  picorv32_core_genblk1.pcpi_mul_mul_2371_47_g13552/CO       -       CI->CO R     ADDFX1         3  4.8    31    43    1328    (-,-) 
  picorv32_core_genblk1.pcpi_mul_mul_2371_47_g13551/Y        -       C->Y   F     NAND3X1        2  3.4    58    41    1370    (-,-) 
  picorv32_core_genblk1.pcpi_mul_mul_2371_47_g13531/Y        -       A1->Y  R     OAI221X1       2  3.5    64    47    1417    (-,-) 
  picorv32_core_genblk1.pcpi_mul_mul_2371_47_g13493/Y        -       B->Y   F     NAND2X1        2  3.4    46    39    1455    (-,-) 
  picorv32_core_genblk1.pcpi_mul_mul_2371_47_g13479/Y        -       A1->Y  R     OAI221X1       1  2.4    52    38    1493    (-,-) 
  picorv32_core_genblk1.pcpi_mul_mul_2371_47_g13457/CO       -       CI->CO R     ADDFX1         1  2.4    18    40    1534    (-,-) 
  picorv32_core_genblk1.pcpi_mul_mul_2371_47_g13454/CO       -       CI->CO R     ADDFX1         2  3.5    24    39    1573    (-,-) 
  picorv32_core_genblk1.pcpi_mul_mul_2371_47_g13453/Y        -       B->Y   F     NAND2X1        2  3.4    39    29    1601    (-,-) 
  picorv32_core_genblk1.pcpi_mul_mul_2371_47_g13450/Y        -       A1->Y  R     OAI221X1       1  2.4    51    36    1638    (-,-) 
  picorv32_core_genblk1.pcpi_mul_mul_2371_47_g13448/CO       -       CI->CO R     ADDFX1         1  2.4    18    40    1678    (-,-) 
  picorv32_core_genblk1.pcpi_mul_mul_2371_47_g13447/CO       -       CI->CO R     ADDFX1         2  3.5    24    39    1717    (-,-) 
  picorv32_core_genblk1.pcpi_mul_mul_2371_47_g13446/Y        -       B->Y   F     NAND2X1        2  3.4    39    29    1746    (-,-) 
  picorv32_core_genblk1.pcpi_mul_mul_2371_47_g13443/Y        -       A1->Y  R     OAI221X1       1  2.4    51    36    1782    (-,-) 
  picorv32_core_genblk1.pcpi_mul_mul_2371_47_g13441/CO       -       CI->CO R     ADDFX1         1  2.4    18    40    1822    (-,-) 
  picorv32_core_genblk1.pcpi_mul_mul_2371_47_g13440/CO       -       CI->CO R     ADDFX1         3  4.8    31    43    1865    (-,-) 
  picorv32_core_genblk1.pcpi_mul_mul_2371_47_g13439/Y        -       C->Y   F     NAND3X1        2  3.3    56    40    1906    (-,-) 
  picorv32_core_genblk1.pcpi_mul_mul_2371_47_g13437/Y        -       C->Y   R     NOR3BX1        2  3.2    62    47    1953    (-,-) 
  picorv32_core_genblk1.pcpi_mul_mul_2371_47_g13431/Y        -       B1->Y  F     AOI221X1       3  4.6    68    50    2003    (-,-) 
  picorv32_core_genblk1.pcpi_mul_mul_2371_47_g13428/Y        -       C->Y   F     OR3X1          2  3.2    22    46    2048    (-,-) 
  picorv32_core_genblk1.pcpi_mul_mul_2371_47_g13419/Y        -       A1->Y  R     OAI221X1       2  3.5    59    38    2086    (-,-) 
  picorv32_core_genblk1.pcpi_mul_mul_2371_47_g13414/Y        -       B->Y   F     NAND2X1        2  3.3    44    37    2123    (-,-) 
  picorv32_core_genblk1.pcpi_mul_mul_2371_47_g13410/Y        -       B->Y   R     NOR2X1         2  3.4    45    34    2158    (-,-) 
  picorv32_core_genblk1.pcpi_mul_mul_2371_47_g13406/Y        -       B1->Y  F     AOI221X1       3  4.7    66    46    2203    (-,-) 
  picorv32_core_genblk1.pcpi_mul_mul_2371_47_g13404/Y        -       C->Y   R     NOR3X1         2  3.4    66    51    2255    (-,-) 
  picorv32_core_genblk1.pcpi_mul_mul_2371_47_g13398/Y        -       B1->Y  F     AOI221X1       3  4.8    68    52    2306    (-,-) 
  picorv32_core_genblk1.pcpi_mul_mul_2371_47_g13393/Y        -       A1->Y  R     OAI221X1       1  2.4    55    44    2350    (-,-) 
  picorv32_core_genblk1.pcpi_mul_mul_2371_47_g13389/CO       -       CI->CO R     ADDFX1         1  2.4    18    41    2391    (-,-) 
  picorv32_core_genblk1.pcpi_mul_mul_2371_47_g13388/CO       -       CI->CO R     ADDFX1         4  5.7    36    45    2436    (-,-) 
  picorv32_core_genblk1.pcpi_mul_mul_2371_47_g13387/Y        -       D->Y   F     NAND4BBXL      1  2.1    77    53    2490    (-,-) 
  picorv32_core_genblk1.pcpi_mul_mul_2371_47_g13383/Y        -       C0->Y  R     OAI211X1       3  4.4    60    34    2524    (-,-) 
  picorv32_core_genblk1.pcpi_mul_mul_2371_47_g13382/Y        -       C->Y   F     NAND3BXL       1  2.1    60    49    2573    (-,-) 
  picorv32_core_genblk1.pcpi_mul_mul_2371_47_g13378/Y        -       C0->Y  R     OAI211X1       1  2.4    44    24    2597    (-,-) 
  picorv32_core_genblk1.pcpi_mul_mul_2371_47_g13373/CO       -       CI->CO R     ADDFX1         1  2.2    17    39    2636    (-,-) 
  picorv32_core_genblk1.pcpi_mul_mul_2371_47_g13372/Y        -       B->Y   R     XNOR2X1        1  1.9    13    24    2660    (-,-) 
  picorv32_core_genblk1.pcpi_mul_rd_reg[63]/D                <<<     -      R     DFFQXL         1    -     -     0    2660    (-,-) 
#------------------------------------------------------------------------------------------------------------------------------------

