Using Power View: analysis1.

Begin Power Analysis

             0V	    VSS
          1.32V	    VDD
Begin Processing Timing Library for Power Calculation

Begin Processing Timing Library for Power Calculation



Begin Processing Power Net/Grid for Power Calculation

Ended Processing Power Net/Grid for Power Calculation: (cpu=0:00:00, real=0:00:00, mem(process/total/peak)=1918.33MB/3437.88MB/2100.11MB)

Begin Processing Timing Window Data for Power Calculation

CK: assigning clock clk to net wb_clk_i
Ended Processing Timing Window Data for Power Calculation: (cpu=0:00:00, real=0:00:00, mem(process/total/peak)=1918.33MB/3437.88MB/2100.11MB)

Begin Processing User Attributes

Ended Processing User Attributes: (cpu=0:00:00, real=0:00:00, mem(process/total/peak)=1918.33MB/3437.88MB/2100.11MB)

Begin Processing Signal Activity


Starting Levelizing
2025-Dec-22 17:02:15 (2025-Dec-22 15:02:15 GMT)
2025-Dec-22 17:02:15 (2025-Dec-22 15:02:15 GMT): 10%
2025-Dec-22 17:02:15 (2025-Dec-22 15:02:15 GMT): 20%
2025-Dec-22 17:02:15 (2025-Dec-22 15:02:15 GMT): 30%
2025-Dec-22 17:02:15 (2025-Dec-22 15:02:15 GMT): 40%
2025-Dec-22 17:02:15 (2025-Dec-22 15:02:15 GMT): 50%
2025-Dec-22 17:02:15 (2025-Dec-22 15:02:15 GMT): 60%
2025-Dec-22 17:02:15 (2025-Dec-22 15:02:15 GMT): 70%
2025-Dec-22 17:02:15 (2025-Dec-22 15:02:15 GMT): 80%
2025-Dec-22 17:02:15 (2025-Dec-22 15:02:15 GMT): 90%

Finished Levelizing
2025-Dec-22 17:02:15 (2025-Dec-22 15:02:15 GMT)

Starting Activity Propagation
2025-Dec-22 17:02:15 (2025-Dec-22 15:02:15 GMT)
2025-Dec-22 17:02:15 (2025-Dec-22 15:02:15 GMT): 10%
2025-Dec-22 17:02:15 (2025-Dec-22 15:02:15 GMT): 20%

Finished Activity Propagation
2025-Dec-22 17:02:16 (2025-Dec-22 15:02:16 GMT)
Ended Processing Signal Activity: (cpu=0:00:00, real=0:00:00, mem(process/total/peak)=1918.33MB/3437.88MB/2100.11MB)

Begin Power Computation

      ----------------------------------------------------------
      # of cell(s) missing both power/leakage table: 0
      # of cell(s) missing power table: 0
      # of cell(s) missing leakage table: 0
      ----------------------------------------------------------



Starting Calculating power
2025-Dec-22 17:02:16 (2025-Dec-22 15:02:16 GMT)
 ... Calculating switching power
2025-Dec-22 17:02:16 (2025-Dec-22 15:02:16 GMT): 10%
2025-Dec-22 17:02:16 (2025-Dec-22 15:02:16 GMT): 20%
2025-Dec-22 17:02:16 (2025-Dec-22 15:02:16 GMT): 30%
2025-Dec-22 17:02:16 (2025-Dec-22 15:02:16 GMT): 40%
2025-Dec-22 17:02:16 (2025-Dec-22 15:02:16 GMT): 50%
 ... Calculating internal and leakage power
2025-Dec-22 17:02:16 (2025-Dec-22 15:02:16 GMT): 60%
2025-Dec-22 17:02:16 (2025-Dec-22 15:02:16 GMT): 70%
2025-Dec-22 17:02:16 (2025-Dec-22 15:02:16 GMT): 80%
2025-Dec-22 17:02:16 (2025-Dec-22 15:02:16 GMT): 90%

Finished Calculating power
2025-Dec-22 17:02:17 (2025-Dec-22 15:02:17 GMT)
      # of MSMV cell(s) missing power_level: 0
Ended Power Computation: (cpu=0:00:01, real=0:00:01, mem(process/total/peak)=1918.33MB/3437.88MB/2100.11MB)

Begin Processing User Attributes

Ended Processing User Attributes: (cpu=0:00:00, real=0:00:00, mem(process/total/peak)=1918.33MB/3437.88MB/2100.11MB)

Ended Power Analysis: (cpu=0:00:01, real=0:00:01, mem(process/total/peak)=1918.33MB/3437.88MB/2100.11MB)

Begin Boundary Leakage Calculation
Ended Boundary Leakage Calculation: (cpu=0:00:00, real=0:00:00,
mem(process/total/peak)=1918.33MB/3437.88MB/2100.11MB)
Begin Static Power Report Generation
*----------------------------------------------------------------------------------------
*	Innovus 21.35-s114_1 (64bit) 10/13/2022 12:11 (Linux 3.10.0-693.el7.x86_64)
*	
*
* 	Date & Time:	2025-Dec-22 17:02:17 (2025-Dec-22 15:02:17 GMT)
*
*----------------------------------------------------------------------------------------
*
*	Design: picorv32_wb
*
*	Liberty Libraries used:
*	        analysis1: /mnt/apps/prebuilt/eda/designkits/GPDK/gsclib045/lan/flow/t1u1/reference_libs/GPDK045/gsclib045_svt_v4.4/gsclib045/timing/fast_vdd1v2_basicCells.lib
*
*	Parasitic Files used:
*
*       Power View : analysis1
*
*       User-Defined Activity : N.A.
*
*       Activity File: N.A.
*
*       Hierarchical Global Activity: N.A.
*
*       Global Activity: N.A.
*
*       Sequential Element Activity: 0.200000
*
*       Primary Input Activity: 0.200000
*
*       Default icg ratio: N.A.
*
*       Global Comb ClockGate Ratio: N.A.
*
*	Power Units = 1mW
*
*	Time Units = 1e-09 secs
*
*       report_power
*
-----------------------------------------------------------------------------------------
*



Total Power
-----------------------------------------------------------------------------------------
Total Internal Power:        5.24112077 	   50.5024%
Total Switching Power:       5.13252895 	   49.4561%
Total Leakage Power:         0.00430557 	    0.0415%
Total Power:                10.37795529
-----------------------------------------------------------------------------------------


Group                           Internal   Switching     Leakage       Total  Percentage 
                                Power      Power         Power         Power  (%)        
-----------------------------------------------------------------------------------------
Sequential                         3.538      0.5273    0.001928       4.067       39.19
Macro                                  0           0           0           0           0
IO                                     0           0           0           0           0
Combinational                      1.484       3.777    0.002331       5.263       50.71
Clock (Combinational)             0.2195      0.8285   4.591e-05       1.048        10.1
Clock (Sequential)                     0           0           0           0           0
-----------------------------------------------------------------------------------------
Total                              5.241       5.133    0.004306       10.38         100
-----------------------------------------------------------------------------------------


Rail                  Voltage   Internal   Switching     Leakage       Total  Percentage 
                                Power      Power         Power         Power  (%)        
-----------------------------------------------------------------------------------------
VDD                      1.32      5.241       5.133    0.004306       10.38         100


Clock                           Internal   Switching     Leakage       Total  Percentage 
                                Power      Power         Power         Power  (%)        
-----------------------------------------------------------------------------------------
clk                               0.2195      0.8285   4.591e-05       1.048        10.1
-----------------------------------------------------------------------------------------
Total                             0.2195      0.8285   4.591e-05       1.048        10.1
-----------------------------------------------------------------------------------------
Clock: clk
Clock Period: 0.004000 usec 
Clock Toggle Rate:   500.0000 Mhz 
Clock Static Probability:  0.5000
  
 
 
-----------------------------------------------------------------------------------------
*	Power Distribution Summary: 
*              Highest Average Power:       CTS_ccl_a_buf_00013 (CLKBUFX20):          0.04791
*              Highest Leakage Power:       CTS_ccl_a_buf_00014 (CLKBUFX20):         2.21e-06
*                Total Cap:      9.14443e-11 F
*                Total instances in design: 10008
*                Total instances in design with no power:     0
*                Total instances in design with no activty:     0

*                Total Fillers and Decap:     0
-----------------------------------------------------------------------------------------
 
** INFO:  (VOLTUS_POWR-3465): There are 0 decaps and 0 fillers in the design

Ended Static Power Report Generation: (cpu=0:00:00, real=0:00:00,
mem(process/total/peak)=1921.33MB/3439.63MB/2100.11MB)

