Clock tree timing engine global stage delay update for delay1:both.early...
Clock tree timing engine global stage delay update for delay1:both.early done. (took cpu=0:00:00.1 real=0:00:00.1)
Clock tree timing engine global stage delay update for delay1:both.late...
Clock tree timing engine global stage delay update for delay1:both.late done. (took cpu=0:00:00.0 real=0:00:00.0)

Clock DAG stats:
================

---------------------------------------------------------
Cell type                 Count    Area       Capacitance
---------------------------------------------------------
Buffers                    24      175.104       0.053
Inverters                   0        0.000       0.000
Integrated Clock Gates      0        0.000       0.000
Discrete Clock Gates        0        0.000       0.000
Clock Logic                 0        0.000       0.000
All                        24      175.104       0.053
---------------------------------------------------------


Clock DAG sink counts:
======================

-------------------------
Sink type           Count
-------------------------
Regular             2399
Enable Latch           0
Load Capacitance       0
Antenna Diode          0
Node Sink              0
Total               2399
-------------------------


Clock DAG wire lengths:
=======================

--------------------
Type     Wire Length
--------------------
Top          0.000
Trunk      620.215
Leaf      8916.205
Total     9536.420
--------------------


Clock DAG hp wire lengths:
==========================

-----------------------
Type     hp Wire Length
-----------------------
Top            0.000
Trunk          0.000
Leaf        1988.675
Total       1988.675
-----------------------


Clock DAG capacitances:
=======================

--------------------------------
Type     Gate     Wire     Total
--------------------------------
Top      0.000    0.000    0.000
Trunk    0.053    0.099    0.152
Leaf     0.738    1.164    1.902
Total    0.792    1.262    2.054
--------------------------------


Clock DAG sink capacitances:
============================

-----------------------------------------------
Total    Average    Std. Dev.    Min      Max
-----------------------------------------------
0.738     0.000       0.000      0.000    0.000
-----------------------------------------------


Clock DAG net violations:
=========================

None


Clock DAG primary half-corner transition distribution:
======================================================

---------------------------------------------------------------------------------------------------------------------------------------------------------------
Net Type    Target    Count    Average    Std. Dev.    Min      Max      Distribution                                                               Over Target
---------------------------------------------------------------------------------------------------------------------------------------------------------------
Trunk       0.040       1       0.020       0.000      0.020    0.020    {1 <= 0.024ns, 0 <= 0.032ns, 0 <= 0.036ns, 0 <= 0.038ns, 0 <= 0.040ns}          -
Leaf        0.040      24       0.037       0.002      0.034    0.039    {0 <= 0.024ns, 0 <= 0.032ns, 8 <= 0.036ns, 10 <= 0.038ns, 6 <= 0.040ns}         -
---------------------------------------------------------------------------------------------------------------------------------------------------------------


Clock DAG library cell distribution:
====================================

------------------------------------------
Name         Type      Inst     Inst Area 
                       Count    (um^2)
------------------------------------------
CLKBUFX20    buffer      8        65.664
CLKBUFX16    buffer     16       109.440
------------------------------------------



Please note that the following tables reflect only the defined clock trees, so the flop counts might not include all flops in your design.

Clock Tree Summary:
===================

----------------------------------------------------------------------------------------------------------------------
Clock Tree  Clock  Bufs  Invs  Other  Max       Max     Max      Max          Standard   Wire   Gate   Clock Tree Root
Name        Gates              Clock  Non-leaf  Leaf    Length   Source-sink  cell area  cap    cap    
                               Cells  Fanout    Fanout  (um)     Resistance   (um^2)     (pF)   (pF)   
                                                                 (Ohms)                                
----------------------------------------------------------------------------------------------------------------------
clk           0     24    0      0       24      100    259.345    2392.54     175.104   1.262  0.792  wb_clk_i
----------------------------------------------------------------------------------------------------------------------

Clock Sink Summary:
===================

-------------------------------------------------------------------------------------------------------------------------------------------
Clock Tree  Explicit      Implicit      Explicit     Implicit     Explicit   Implicit   Posedge  Negedge  Memory  Enable  Non enable  Other
Name        exclude pins  exclude pins  ignore pins  ignore pins  stop pins  stop pins  Flops    Flops    Clock   Latch   Latch       Sinks
                                                                                                          Pins    Sinks   Sinks       
-------------------------------------------------------------------------------------------------------------------------------------------
clk              0             0             0            0           0          0       2399       0       0       0         0         0
-------------------------------------------------------------------------------------------------------------------------------------------

Summary across all clock trees:
===============================

------------------------------------------------------------------------------------------------------------
Clock  Bufs  Invs  Other  Max       Average   Max     Average  Max      Max          Standard   Wire   Gate
Gates              Clock  Non-leaf  Non-leaf  Leaf    Leaf     Length   Source-sink  cell area  cap    cap
                   Cells  Fanout    Fanout    Fanout  Fanout   (um)     Resistance   (um^2)     (pF)   (pF)
                                                                        (Ohms)                         
------------------------------------------------------------------------------------------------------------
  0     24    0      0       24        24      100    99.9583  259.345    239.254     175.104   1.262  0.792
------------------------------------------------------------------------------------------------------------

Clock Sink Summary across all clock trees:
==========================================

-------------------------------------------------------------------------------------------------------------------------------
Explicit      Implicit      Explicit     Implicit     Explicit   Implicit   Posedge  Negedge  Memory  Enable  Non enable  Other
exclude pins  exclude pins  ignore pins  ignore pins  stop pins  stop pins  Flops    Flops    Clock   Latch   Latch       Sinks
                                                                                              Pins    Sinks   Sinks       
-------------------------------------------------------------------------------------------------------------------------------
     0             0             0            0           0          0       2399       0       0       0         0         0
-------------------------------------------------------------------------------------------------------------------------------

Physical metrics across all clock trees:
========================================

-----------------------------------------------------------------------
Metric                               Minimum  Average  Maximum  Std.dev
-----------------------------------------------------------------------
Source-sink routed net length (um)    42.760   75.011  259.345  40.463
Source-sink manhattan distance (um)   40.200   69.017  224.610  34.517
Source-sink resistance (Ohm)         128.952  175.117  239.254  24.152
-----------------------------------------------------------------------

Transition distribution for half-corner delay1:both.late:
=========================================================

---------------------------------------------------------------------------------------------------------------------------------------------------------------
Net Type    Target    Count    Average    Std. Dev.    Min      Max      Distribution                                                               Over Target
---------------------------------------------------------------------------------------------------------------------------------------------------------------
Trunk       0.040       1       0.020       0.000      0.020    0.020    {1 <= 0.024ns, 0 <= 0.032ns, 0 <= 0.036ns, 0 <= 0.038ns, 0 <= 0.040ns}          -
Leaf        0.040      24       0.037       0.002      0.034    0.039    {0 <= 0.024ns, 0 <= 0.032ns, 8 <= 0.036ns, 10 <= 0.038ns, 6 <= 0.040ns}         -
---------------------------------------------------------------------------------------------------------------------------------------------------------------

Count of violations across all clock trees:
===========================================

---------------------------------------------------------------------------------------
Clock Tree  # Max capacitance  # Max resistance  # Max length  # Max fanout  # Slew
Name        violations         violations        violations    violations    violations
---------------------------------------------------------------------------------------
clk                 0                 0               0             0            0
---------------------------------------------------------------------------------------
Total               0                 0               0             0            0
---------------------------------------------------------------------------------------

Note the above table per clock tree is based on CCOpt clock tree view. The violations are counted across half corners.

Found a total of 0 clock tree pins with max capacitance violations.
Found a total of 0 clock tree nets with max resistance violations.
Found a total of 0 clock tree nets with max length violations.
Found a total of 0 clock tree nets with max fanout violations.
Found a total of 0 clock tree pins with a slew violation.

Report for clock tree: clk:
===========================

Clock Tree Gating Structure (Logical):

# Full cycle clock gates   : 0
Minimum clock gating depth : 0
Maximum clock gating depth : 0
Clock gate area (um^2)     : 0.000

Clock Tree Buffering Structure (Logical):

# Buffers             :  24
# Inverters           :   0
  Total               :  24
Minimum depth         :   1
Maximum depth         :   1
Buffering area (um^2) : 175.104

Clock Tree Level Structure (Logical):

-----------------------------------------------------------------
Level  Full   Posedge  Negedge  Memory  Enable  Non enable  Other
       Cycle  Flops    Flops    Clock   Latch   Latch       Sinks
                                Pins    Sinks   Sinks       
-----------------------------------------------------------------
root     0     2399       0       0       0         0         0
-----------------------------------------------------------------
Total    0     2399       0       0       0         0         0
-----------------------------------------------------------------

Target and measured clock slews (in ns):

----------------------------------------------------------------------------------------------------------------------------
Timing Corner      Worst Rising  Worst Falling  Worst Rising  Worst Falling  Leaf Slew    Leaf Slew  Trunk Slew   Trunk Slew
                   Leaf Slew     Leaf Slew      Trunk Slew    Trunk Slew     Target Type  Target     Target Type  Target
----------------------------------------------------------------------------------------------------------------------------
delay1:both.early     0.037          0.038         0.019          0.019      ignored          -      ignored          -
delay1:both.late      0.039          0.039         0.020          0.020      explicit      0.040     explicit      0.040
----------------------------------------------------------------------------------------------------------------------------

* - indicates that target was not met.

auto extracted - target was extracted from SDC.
auto computed - target was computed when balancing trees.


