============================================================
  Generated by:           Genus(TM) Synthesis Solution 21.15-s080_1
  Generated on:           Nov 29 2025  12:42:38 pm
  Module:                 picorv32_wb
  Operating conditions:   PVT_1P08V_125C 
  Interconnect mode:      global
  Area mode:              physical library
============================================================

                                
   Gate    Instances    Area        Library    
-----------------------------------------------
ADDFX1           532   2729.160    slow_vdd1v2 
ADDHX1           136    511.632    slow_vdd1v2 
AND2X1           265    362.520    slow_vdd1v2 
AND2X2            46     78.660    slow_vdd1v2 
AND2X4            77    210.672    slow_vdd1v2 
AND2X6             3     11.286    slow_vdd1v2 
AND3X1             3      7.182    slow_vdd1v2 
AND3X2             4     10.944    slow_vdd1v2 
AND3X4             3      9.234    slow_vdd1v2 
AND3X6             1      4.446    slow_vdd1v2 
AND3XL            17     34.884    slow_vdd1v2 
AND4X1            37     88.578    slow_vdd1v2 
AND4X4             2      7.524    slow_vdd1v2 
AND4XL            30     71.820    slow_vdd1v2 
AO21X1            45    107.730    slow_vdd1v2 
AO21X4            36    123.120    slow_vdd1v2 
AO22X1           335    916.560    slow_vdd1v2 
AO22X4             2      7.524    slow_vdd1v2 
AOI211XL          31     63.612    slow_vdd1v2 
AOI21X1           88    150.480    slow_vdd1v2 
AOI21X2            2      5.472    slow_vdd1v2 
AOI21X4            3     15.390    slow_vdd1v2 
AOI221X1         228    545.832    slow_vdd1v2 
AOI222X1         271    834.138    slow_vdd1v2 
AOI22X1          858   1760.616    slow_vdd1v2 
AOI2BB1X1         29     59.508    slow_vdd1v2 
AOI2BB1X2          1      3.078    slow_vdd1v2 
AOI2BB1X4          1      4.104    slow_vdd1v2 
AOI2BB2X1          5     17.100    slow_vdd1v2 
AOI31X1           11     22.572    slow_vdd1v2 
AOI32X1           24     57.456    slow_vdd1v2 
BUFX2             44     75.240    slow_vdd1v2 
BUFX20            19    155.952    slow_vdd1v2 
BUFX3              4      8.208    slow_vdd1v2 
BUFX4              1      2.394    slow_vdd1v2 
BUFX6              1      3.078    slow_vdd1v2 
CLKAND2X2          6     12.312    slow_vdd1v2 
CLKAND2X6          1      4.788    slow_vdd1v2 
CLKBUFX20        181   1485.648    slow_vdd1v2 
CLKINVX12          1      4.104    slow_vdd1v2 
CLKINVX4           2      3.420    slow_vdd1v2 
CLKINVX6           2      4.788    slow_vdd1v2 
CLKINVX8           2      6.156    slow_vdd1v2 
CLKMX2X4           1      4.104    slow_vdd1v2 
CLKXOR2X1        111    303.696    slow_vdd1v2 
DFFHQX1          958   5242.176    slow_vdd1v2 
DFFQX2             1      6.498    slow_vdd1v2 
DFFQX4             2     14.364    slow_vdd1v2 
DFFQXL            17     93.024    slow_vdd1v2 
DFFX1             70    502.740    slow_vdd1v2 
DFFX2              2     16.416    slow_vdd1v2 
DFFX4              2     18.468    slow_vdd1v2 
EDFFHQX1        1252  10704.600    slow_vdd1v2 
EDFFX2            44    406.296    slow_vdd1v2 
EDFFX4            14    153.216    slow_vdd1v2 
INVX1            297    203.148    slow_vdd1v2 
INVX2              5      5.130    slow_vdd1v2 
INVX3             14     19.152    slow_vdd1v2 
INVX8              2      6.156    slow_vdd1v2 
MDFFHQX1           3     25.650    slow_vdd1v2 
MDFFHQX4          32    295.488    slow_vdd1v2 
MX2X1            262    627.228    slow_vdd1v2 
MX3XL             20     95.760    slow_vdd1v2 
MXI2X1             2      5.472    slow_vdd1v2 
MXI2X6             3     15.390    slow_vdd1v2 
MXI2XL           193    462.042    slow_vdd1v2 
NAND2BX1         190    259.920    slow_vdd1v2 
NAND2BX2           2      4.788    slow_vdd1v2 
NAND2X1          522    535.572    slow_vdd1v2 
NAND2X2            6     10.260    slow_vdd1v2 
NAND2X4            2      6.840    slow_vdd1v2 
NAND3BX1           4      8.208    slow_vdd1v2 
NAND3BXL          21     35.910    slow_vdd1v2 
NAND3X1           78    133.380    slow_vdd1v2 
NAND3X2            2      5.472    slow_vdd1v2 
NAND4BBX2          1      5.472    slow_vdd1v2 
NAND4BBXL          1      3.078    slow_vdd1v2 
NAND4BX1          27     64.638    slow_vdd1v2 
NAND4X1           14     28.728    slow_vdd1v2 
NAND4XL          176    300.960    slow_vdd1v2 
NOR2BX1          216    295.488    slow_vdd1v2 
NOR2BX4            4     15.048    slow_vdd1v2 
NOR2X1           515    528.390    slow_vdd1v2 
NOR2X2             9     15.390    slow_vdd1v2 
NOR2X4             8     24.624    slow_vdd1v2 
NOR2X6             7     28.728    slow_vdd1v2 
NOR3BX1           47     96.444    slow_vdd1v2 
NOR3BX4            1      5.814    slow_vdd1v2 
NOR3X1            23     39.330    slow_vdd1v2 
NOR3X4             1      5.130    slow_vdd1v2 
NOR4BBX1           6     16.416    slow_vdd1v2 
NOR4BX1           12     28.728    slow_vdd1v2 
NOR4X1            72    123.120    slow_vdd1v2 
NOR4X2             1      3.420    slow_vdd1v2 
OA21X1            28     57.456    slow_vdd1v2 
OA21X2             1      3.078    slow_vdd1v2 
OA21X4             2      7.524    slow_vdd1v2 
OA22X1            10     23.940    slow_vdd1v2 
OA22X4             1      4.104    slow_vdd1v2 
OAI211X1         144    246.240    slow_vdd1v2 
OAI21X1          144    246.240    slow_vdd1v2 
OAI21X2            8     24.624    slow_vdd1v2 
OAI221X1          27     64.638    slow_vdd1v2 
OAI222X1          15     41.040    slow_vdd1v2 
OAI22X1          545   1118.340    slow_vdd1v2 
OAI22X2            1      3.420    slow_vdd1v2 
OAI2BB1X1        382    653.220    slow_vdd1v2 
OAI2BB2XL          1      3.762    slow_vdd1v2 
OAI31X1           12     24.624    slow_vdd1v2 
OAI31X4            1      6.840    slow_vdd1v2 
OAI32X1            8     19.152    slow_vdd1v2 
OR2X1            131    179.208    slow_vdd1v2 
OR2X2              6     10.260    slow_vdd1v2 
OR2X4             21     57.456    slow_vdd1v2 
OR2X6              2      7.524    slow_vdd1v2 
OR3X1             28     57.456    slow_vdd1v2 
OR3X2              1      2.394    slow_vdd1v2 
OR3X4              1      3.078    slow_vdd1v2 
OR4X1             56    114.912    slow_vdd1v2 
SMDFFHQX1          1     10.260    slow_vdd1v2 
XNOR2X1          803   1922.382    slow_vdd1v2 
-----------------------------------------------
total          11045  37367.604                


                                          
     Type      Instances    Area   Area % 
------------------------------------------
sequential          2398 17489.196   46.8 
inverter             325   252.054    0.7 
buffer               250  1730.520    4.6 
logic               8072 17895.834   47.9 
physical_cells         0     0.000    0.0 
------------------------------------------
total              11045 37367.604  100.0 

