============================================================
  Generated by:           Genus(TM) Synthesis Solution 21.15-s080_1
  Generated on:           Nov 30 2025  11:36:05 am
  Module:                 picorv32_wb
  Operating conditions:   PVT_1P08V_125C 
  Interconnect mode:      global
  Area mode:              physical library
============================================================


Path 1: MET (1384 ps) Setup Check with Pin picorv32_core_reg_op2_reg[7]/CK->D
          Group: I2R
     Startpoint: (R) wb_rst_i
          Clock: (R) clk
       Endpoint: (F) picorv32_core_reg_op2_reg[7]/D
          Clock: (R) clk

                     Capture       Launch     
        Clock Edge:+    4000            0     
        Drv Adjust:+       0           28     
       Src Latency:+     200          200     
       Net Latency:+       0 (I)        0 (I) 
           Arrival:=    4200          228     
                                              
             Setup:-      76                  
       Uncertainty:-      20                  
     Required Time:=    4104                  
      Launch Clock:-     228                  
       Input Delay:-     500                  
         Data Path:-    1992                  
             Slack:=    1384                  

Exceptions/Constraints:
  input_delay             500             constraints.sdc_line_32 

#--------------------------------------------------------------------------------------------------------
#         Timing Point           Flags   Arc   Edge   Cell     Fanout  Load Trans Delay Arrival Instance 
#                                                                      (fF)  (ps)  (ps)   (ps)  Location 
#--------------------------------------------------------------------------------------------------------
  wb_rst_i                       <<<     -     R     (arrival)      3   8.1    60     0     728    (-,-) 
  g485/Y                         -       A->Y  F     INVX8        119 131.5   273   172     900    (-,-) 
  picorv32_core_g173667/Y        -       A->Y  R     CLKINVX12    116 138.1   194   190    1091    (-,-) 
  picorv32_core_g173291/Y        -       A->Y  R     OR2X4         37  43.9   152   201    1292    (-,-) 
  picorv32_core_g173005/Y        -       C->Y  R     OR3X1          1   1.8    31    99    1391    (-,-) 
  picorv32_core_g172355/Y        -       A1->Y R     OA22X1         9  11.5   158   175    1566    (-,-) 
  picorv32_core_g171686/Y        -       B->Y  F     NOR2X1         8   8.7   155   151    1716    (-,-) 
  picorv32_core_g171134/Y        -       B->Y  F     AND2X2        27  32.9   253   229    1945    (-,-) 
  picorv32_core_g170221/Y        -       A1->Y R     AOI22X1        1   1.8    99   160    2105    (-,-) 
  picorv32_core_g169615__5115/Y  -       A->Y  F     NAND4XL        1   1.8   251   220    2325    (-,-) 
  picorv32_core_g168236__3680/Y  -       B0->Y R     AOI211XL       1   2.0   179   219    2544    (-,-) 
  picorv32_core_g168061__7482/Y  -       D->Y  F     NAND4BX1       1   1.8   174   176    2720    (-,-) 
  picorv32_core_reg_op2_reg[7]/D <<<     -     F     DFFX1          1     -     -     0    2720    (-,-) 
#--------------------------------------------------------------------------------------------------------

