============================================================
  Generated by:           Genus(TM) Synthesis Solution 21.15-s080_1
  Generated on:           Nov 29 2025  12:42:38 pm
  Module:                 picorv32_wb
  Operating conditions:   PVT_1P08V_125C 
  Interconnect mode:      global
  Area mode:              physical library
============================================================

Timing
--------

Clock Period 
-------------
clk   4000.0 


  Cost    Critical         Violating 
 Group   Path Slack  TNS     Paths   
-------------------------------------
clk        No paths   0.0            
default    No paths   0.0            
I2O        No paths   0.0            
I2R          1383.5   0.0          0 
R2O          2790.0   0.0          0 
R2R             0.0   0.0          0 
-------------------------------------
Total                 0.0          0 

Instance Count
--------------
Leaf Instance Count             11045 
Physical Instance count             0 
Sequential Instance Count        2398 
Combinational Instance Count     8647 
Hierarchical Instance Count         0 

Area
----
Cell Area                          37367.604
Physical Cell Area                 0.000
Total Cell Area (Cell+Physical)    37367.604
Net Area                           15205.689
Total Area (Cell+Physical+Net)     52573.293

Max Fanout                         2398 (wb_clk_i)
Min Fanout                         0 (picorv32_core_genblk1.pcpi_mul_active[0])
Average Fanout                     2.7
Terms to net ratio                 3.6521
Terms to instance ratio            3.9467
Runtime                            362.02489699999995 seconds
Elapsed Runtime                    459 seconds
Genus peak memory usage            1543.34 
Innovus peak memory usage          no_value 
Hostname                           cn99.it.auth.gr
