============================================================
  Generated by:           Genus(TM) Synthesis Solution 21.15-s080_1
  Generated on:           Nov 30 2025  11:36:05 am
  Module:                 picorv32_wb
  Operating conditions:   PVT_1P08V_125C 
  Interconnect mode:      global
  Area mode:              physical library
============================================================


Path 1: MET (2790 ps) Late External Delay Assertion at pin pcpi_rs2[0]
          Group: R2O
     Startpoint: (R) picorv32_core_reg_op2_reg[0]/CK
          Clock: (R) clk
       Endpoint: (F) pcpi_rs2[0]
          Clock: (R) clk

                     Capture       Launch     
        Clock Edge:+    4000            0     
       Src Latency:+     200          200     
       Net Latency:+       0 (I)        0 (I) 
           Arrival:=    4200          200     
                                              
      Output Delay:-     500                  
       Uncertainty:-      20                  
     Required Time:=    3680                  
      Launch Clock:-     200                  
         Data Path:-     690                  
             Slack:=    2790                  

Exceptions/Constraints:
  output_delay             500             constraints.sdc_line_47_366_1 

#---------------------------------------------------------------------------------------------------------
#          Timing Point           Flags   Arc   Edge   Cell     Fanout  Load Trans Delay Arrival Instance 
#                                                                       (fF)  (ps)  (ps)   (ps)  Location 
#---------------------------------------------------------------------------------------------------------
  picorv32_core_reg_op2_reg[0]/CK <<<     -     R     (arrival)   2398     -    40     0     200    (-,-) 
  picorv32_core_reg_op2_reg[0]/Q  -       CK->Q F     DFFHQX1       13  15.7   235   249     449    (-,-) 
  picorv32_core_g76379/Y          -       A->Y  F     BUFX2         16  21.4   168   204     653    (-,-) 
  picorv32_core_g76377/Y          -       A->Y  F     CLKBUFX20      1 301.6   255   235     888    (-,-) 
  pcpi_rs2[0]                     <<<     -     F     (port)         -     -     -     2     890    (-,-) 
#---------------------------------------------------------------------------------------------------------

