============================================================
  Generated by:           Genus(TM) Synthesis Solution 21.15-s080_1
  Generated on:           Nov 29 2025  12:42:36 pm
  Module:                 picorv32_wb
  Operating conditions:   PVT_1P08V_125C 
  Interconnect mode:      global
  Area mode:              physical library
============================================================


Path 1: MET (0 ps) Setup Check with Pin picorv32_core_genblk1.pcpi_mul_rd_reg[63]/CK->D
          Group: R2R
     Startpoint: (R) picorv32_core_genblk1.pcpi_mul_rs2_reg[1]/CK
          Clock: (R) clk
       Endpoint: (R) picorv32_core_genblk1.pcpi_mul_rd_reg[63]/D
          Clock: (R) clk

                     Capture       Launch     
        Clock Edge:+    4000            0     
       Src Latency:+     200          200     
       Net Latency:+       0 (I)        0 (I) 
           Arrival:=    4200          200     
                                              
             Setup:-      58                  
       Uncertainty:-      20                  
     Required Time:=    4122                  
      Launch Clock:-     200                  
         Data Path:-    3922                  
             Slack:=       0                  

#------------------------------------------------------------------------------------------------------------------------------
#                    Timing Point                      Flags    Arc   Edge   Cell     Fanout Load Trans Delay Arrival Instance 
#                                                                                            (fF)  (ps)  (ps)   (ps)  Location 
#------------------------------------------------------------------------------------------------------------------------------
  picorv32_core_genblk1.pcpi_mul_rs2_reg[1]/CK         -       -      R     (arrival)   2398    -    40     0     200    (-,-) 
  picorv32_core_genblk1.pcpi_mul_rs2_reg[1]/QN         -       CK->QN R     EDFFX2         4  7.0    53   188     388    (-,-) 
  picorv32_core_genblk1.pcpi_mul_mul_2371_47_g14354/Y  -       A->Y   F     CLKINVX4      31 31.6   134    92     481    (-,-) 
  picorv32_core_genblk1.pcpi_mul_mul_2371_47_g14517/Y  -       B->Y   R     MXI2XL         2  3.2   176   164     645    (-,-) 
  picorv32_core_genblk1.pcpi_mul_mul_2371_47_g13605/Y  -       B->Y   F     NAND2X1        1  2.4   105   132     778    (-,-) 
  picorv32_core_genblk1.pcpi_mul_mul_2371_47_g13529/Y  -       B0->Y  R     OAI21X2        2  3.5    79    61     839    (-,-) 
  picorv32_core_genblk1.pcpi_mul_mul_2371_47_g12984/Y  -       B->Y   F     NAND2X2        3  4.0    83    81     920    (-,-) 
  picorv32_core_genblk1.pcpi_mul_mul_2371_47_g12961/Y  -       A0->Y  R     OAI21X1        1  2.2    87    91    1011    (-,-) 
  picorv32_core_genblk1.pcpi_mul_mul_2371_47_g12956/CO -       CI->CO R     ADDFX1         1  2.5    46   137    1148    (-,-) 
  picorv32_core_genblk1.pcpi_mul_mul_2371_47_g12955/Y  -       A->Y   F     INVX2          2  3.4    37    40    1187    (-,-) 
  picorv32_core_genblk1.pcpi_mul_mul_2371_47_g12953/Y  -       A1->Y  R     OAI21X2        2  3.9    75    63    1250    (-,-) 
  picorv32_core_genblk1.pcpi_mul_mul_2371_47_g12949/Y  -       A->Y   F     INVX3          1  2.4    30    42    1292    (-,-) 
  picorv32_core_genblk1.pcpi_mul_mul_2371_47_g12948/Y  -       A1->Y  R     OAI21X2        1  2.2    54    48    1340    (-,-) 
  picorv32_core_genblk1.pcpi_mul_mul_2371_47_g12935/CO -       CI->CO R     ADDFX1         2  2.8    50   126    1466    (-,-) 
  picorv32_core_genblk1.pcpi_mul_mul_2371_47_g14505/Y  -       AN->Y  R     NOR2BX1        1  2.5    85    93    1559    (-,-) 
  picorv32_core_genblk1.pcpi_mul_mul_2371_47_g12932/Y  -       B->Y   F     NOR2X2         2  3.6    46    58    1616    (-,-) 
  picorv32_core_genblk1.pcpi_mul_mul_2371_47_g12910/Y  -       B->Y   R     NOR2X2         2  3.5    63    55    1672    (-,-) 
  picorv32_core_genblk1.pcpi_mul_mul_2371_47_g12906/Y  -       A1->Y  F     AOI21X2        2  3.0    75    78    1749    (-,-) 
  picorv32_core_genblk1.pcpi_mul_mul_2371_47_g14478/Y  -       A1N->Y F     AOI2BB1X1      2  3.6    70   104    1853    (-,-) 
  picorv32_core_genblk1.pcpi_mul_mul_2371_47_g12892/Y  -       A1->Y  R     OAI21X2        2  4.7    89    82    1935    (-,-) 
  picorv32_core_genblk1.pcpi_mul_mul_2371_47_g12857/Y  -       B->Y   F     NAND2X4        2  3.4    55    63    1998    (-,-) 
  picorv32_core_genblk1.pcpi_mul_mul_2371_47_g12852/Y  -       B->Y   R     NOR2X2         2  3.7    67    60    2058    (-,-) 
  picorv32_core_genblk1.pcpi_mul_mul_2371_47_g12843/Y  -       A1->Y  F     OAI21X2        1  2.4    68    69    2127    (-,-) 
  picorv32_core_genblk1.pcpi_mul_mul_2371_47_g12833/Y  -       A1->Y  R     AOI21X2        1  3.4    70    71    2198    (-,-) 
  picorv32_core_genblk1.pcpi_mul_mul_2371_47_g12818/Y  -       B->Y   F     NOR2X4         3  5.6    44    46    2244    (-,-) 
  picorv32_core_genblk1.pcpi_mul_mul_2371_47_g12780/Y  -       B->Y   R     NOR2X4         1  3.4    41    39    2282    (-,-) 
  picorv32_core_genblk1.pcpi_mul_mul_2371_47_g12775/Y  -       B->Y   F     NOR2X4         3  5.4    51    34    2317    (-,-) 
  picorv32_core_genblk1.pcpi_mul_mul_2371_47_g12693/Y  -       B->Y   R     NOR2X4         1  3.4    42    42    2358    (-,-) 
  picorv32_core_genblk1.pcpi_mul_mul_2371_47_g12660/Y  -       C->Y   F     NOR3X4         2  3.0    44    31    2390    (-,-) 
  picorv32_core_genblk1.pcpi_mul_mul_2371_47_g14491/Y  -       AN->Y  F     NAND2BX2       2  3.4    72    92    2482    (-,-) 
  picorv32_core_genblk1.pcpi_mul_mul_2371_47_g12651/Y  -       B->Y   R     NOR2X2         2  3.7    69    67    2549    (-,-) 
  picorv32_core_genblk1.pcpi_mul_mul_2371_47_g12640/Y  -       A1->Y  F     OAI21X2        1  2.4    68    70    2618    (-,-) 
  picorv32_core_genblk1.pcpi_mul_mul_2371_47_g12630/Y  -       B->Y   R     NAND2X2        1  3.4    54    46    2665    (-,-) 
  picorv32_core_genblk1.pcpi_mul_mul_2371_47_g12614/Y  -       A1->Y  F     AOI21X4        2  3.6    59    63    2728    (-,-) 
  picorv32_core_genblk1.pcpi_mul_mul_2371_47_g12611/Y  -       B->Y   R     NOR2X2         2  3.1    60    57    2785    (-,-) 
  picorv32_core_genblk1.pcpi_mul_mul_2371_47_g12608/Y  -       B->Y   R     CLKAND2X2      2  3.7    33    77    2862    (-,-) 
  picorv32_core_genblk1.pcpi_mul_mul_2371_47_g12603/Y  -       A1->Y  F     OAI21X2        1  3.2    77    62    2924    (-,-) 
  picorv32_core_genblk1.pcpi_mul_mul_2371_47_g12599/Y  -       A1->Y  R     AOI21X4        1  2.5    46    56    2980    (-,-) 
  picorv32_core_genblk1.pcpi_mul_mul_2371_47_g12597/Y  -       B->Y   F     NOR2X2         2  4.4    48    45    3025    (-,-) 
  g175524/Y                                            -       C->Y   R     NOR3BX4        1  2.5    63    48    3073    (-,-) 
  g175523/Y                                            -       A->Y   F     NOR2X2         2  3.0    50    52    3124    (-,-) 
  g175514/Y                                            -       A1N->Y F     AOI2BB1X2      4  6.6    68   116    3241    (-,-) 
  picorv32_core_genblk1.pcpi_mul_mul_2371_47_g12566/Y  -       A2->Y  R     OAI31X4        2  4.7    85    78    3319    (-,-) 
  picorv32_core_genblk1.pcpi_mul_mul_2371_47_g12560/Y  -       B->Y   F     NAND2X4        3  5.6    71    71    3390    (-,-) 
  picorv32_core_genblk1.pcpi_mul_mul_2371_47_g12556/Y  -       B->Y   R     NOR2X4         1  3.4    45    48    3438    (-,-) 
  picorv32_core_genblk1.pcpi_mul_mul_2371_47_g12553/Y  -       B->Y   F     NOR2X4         3  6.1    54    38    3476    (-,-) 
  picorv32_core_genblk1.pcpi_mul_mul_2371_47_g12550/Y  -       B->Y   R     NOR2X6         2  4.4    41    40    3515    (-,-) 
  picorv32_core_genblk1.pcpi_mul_mul_2371_47_g12544/Y  -       A1->Y  F     AOI21X4        2  3.2    61    56    3571    (-,-) 
  g175513/Y                                            -       A1N->Y F     AOI2BB1X4      2  5.1    52   108    3680    (-,-) 
  picorv32_core_genblk1.pcpi_mul_mul_2371_47_g12532/Y  -       B->Y   R     NOR2X6         1  4.3    40    39    3718    (-,-) 
  picorv32_core_genblk1.pcpi_mul_mul_2371_47_g12530/Y  -       B->Y   F     NOR2X6         2  5.1    32    29    3748    (-,-) 
  picorv32_core_genblk1.pcpi_mul_mul_2371_47_g12527/Y  -       B->Y   R     NOR2X6         1  4.3    40    33    3780    (-,-) 
  picorv32_core_genblk1.pcpi_mul_mul_2371_47_g12525/Y  -       B->Y   F     NOR2X6         2  5.1    32    29    3810    (-,-) 
  picorv32_core_genblk1.pcpi_mul_mul_2371_47_g12523/Y  -       B->Y   R     NOR2X6         1  3.4    35    30    3840    (-,-) 
  picorv32_core_genblk1.pcpi_mul_mul_2371_47_g12521/Y  -       B->Y   F     NOR2X4         2  3.0    45    27    3868    (-,-) 
  g175512/Y                                            -       A1N->Y F     AOI2BB1X1      2  3.6    70    94    3962    (-,-) 
  picorv32_core_genblk1.pcpi_mul_mul_2371_47_g12514/Y  -       A1->Y  R     OAI21X2        1  2.1    56    63    4025    (-,-) 
  picorv32_core_genblk1.pcpi_mul_mul_2371_47_g12513/Y  -       B->Y   R     CLKXOR2X1      1  1.9    34    98    4122    (-,-) 
  picorv32_core_genblk1.pcpi_mul_rd_reg[63]/D          <<<     -      R     DFFHQX1        1    -     -     0    4122    (-,-) 
#------------------------------------------------------------------------------------------------------------------------------

