Using Power View: analysis1.
AAE_INFO: opIsDesignInPostRouteState() is 1
AAE_INFO: deleting AAE DB due to opIsDesignInPostRouteState() is changed ...
AAE DB initialization (MEM=2475.9 CPU=0:00:00.0 REAL=0:00:00.0) 
#################################################################################
# Design Stage: PostRoute
# Design Name: picorv32_wb
# Design Mode: 90nm
# Analysis Mode: MMMC Non-OCV 
# Parasitics Mode: No SPEF/RCDB 
# Signoff Settings: SI Off 
#################################################################################
Extraction called for design 'picorv32_wb' of instances=11560 and nets=12483 using extraction engine 'preRoute' .
**WARN: (IMPEXT-3530):	The process node is not set. Use the command setDesignMode -process <process node> prior to extraction for maximum accuracy and optimal automatic threshold setting.
Type 'man IMPEXT-3530' for more detail.
PreRoute RC Extraction called for design picorv32_wb.
RC Extraction called in multi-corner(1) mode.
RCMode: PreRoute
      RC Corner Indexes            0   
Capacitance Scaling Factor   : 1.00000 
Resistance Scaling Factor    : 1.00000 
Clock Cap. Scaling Factor    : 1.00000 
Clock Res. Scaling Factor    : 1.00000 
Shrink Factor                : 1.00000
PreRoute extraction is honoring NDR/Shielding/ExtraSpace for clock nets.
Using Quantus QRC technology file ...
Updating RC grid for preRoute extraction ...
Initializing multi-corner resistance tables ...
PreRoute RC Extraction DONE (CPU Time: 0:00:00.3  Real Time: 0:00:00.0  MEM: 2471.898M)
Calculate delays in Single mode...
Start delay calculation (fullDC) (1 T). (MEM=2465.91)
siFlow : Timing analysis mode is single, using late cdB files
Total number of fetched objects 12409
AAE_INFO: Total number of nets for which stage creation was skipped for all views 0
End delay calculation. (MEM=2528.94 CPU=0:00:02.1 REAL=0:00:02.0)
End delay calculation (fullDC). (MEM=2528.94 CPU=0:00:02.7 REAL=0:00:02.0)

Begin Power Analysis

             0V	    VSS
          1.32V	    VDD

Begin Processing Timing Library for Power Calculation

Begin Processing Timing Library for Power Calculation



Begin Processing Power Net/Grid for Power Calculation

Ended Processing Power Net/Grid for Power Calculation: (cpu=0:00:00, real=0:00:00, mem(process/total/peak)=2228.20MB/3814.96MB/2360.60MB)

Begin Processing Timing Window Data for Power Calculation

CK: assigning clock clk to net wb_clk_i
Ended Processing Timing Window Data for Power Calculation: (cpu=0:00:00, real=0:00:00, mem(process/total/peak)=2228.20MB/3814.96MB/2360.60MB)

Begin Processing User Attributes

Ended Processing User Attributes: (cpu=0:00:00, real=0:00:00, mem(process/total/peak)=2228.20MB/3814.96MB/2360.60MB)

Begin Processing Signal Activity


Starting Levelizing
2025-Nov-30 19:29:54 (2025-Nov-30 17:29:54 GMT)
2025-Nov-30 19:29:54 (2025-Nov-30 17:29:54 GMT): 10%
2025-Nov-30 19:29:54 (2025-Nov-30 17:29:54 GMT): 20%
2025-Nov-30 19:29:54 (2025-Nov-30 17:29:54 GMT): 30%
2025-Nov-30 19:29:54 (2025-Nov-30 17:29:54 GMT): 40%
2025-Nov-30 19:29:54 (2025-Nov-30 17:29:54 GMT): 50%
2025-Nov-30 19:29:54 (2025-Nov-30 17:29:54 GMT): 60%
2025-Nov-30 19:29:54 (2025-Nov-30 17:29:54 GMT): 70%
2025-Nov-30 19:29:54 (2025-Nov-30 17:29:54 GMT): 80%
2025-Nov-30 19:29:54 (2025-Nov-30 17:29:54 GMT): 90%

Finished Levelizing
2025-Nov-30 19:29:54 (2025-Nov-30 17:29:54 GMT)

Starting Activity Propagation
2025-Nov-30 19:29:54 (2025-Nov-30 17:29:54 GMT)
2025-Nov-30 19:29:55 (2025-Nov-30 17:29:55 GMT): 10%
2025-Nov-30 19:29:55 (2025-Nov-30 17:29:55 GMT): 20%

Finished Activity Propagation
2025-Nov-30 19:29:55 (2025-Nov-30 17:29:55 GMT)
Ended Processing Signal Activity: (cpu=0:00:00, real=0:00:00, mem(process/total/peak)=2228.58MB/3814.96MB/2360.60MB)

Begin Power Computation

      ----------------------------------------------------------
      # of cell(s) missing both power/leakage table: 0
      # of cell(s) missing power table: 0
      # of cell(s) missing leakage table: 0
      ----------------------------------------------------------



Starting Calculating power
2025-Nov-30 19:29:55 (2025-Nov-30 17:29:55 GMT)
 ... Calculating switching power
2025-Nov-30 19:29:55 (2025-Nov-30 17:29:55 GMT): 10%
2025-Nov-30 19:29:55 (2025-Nov-30 17:29:55 GMT): 20%
2025-Nov-30 19:29:55 (2025-Nov-30 17:29:55 GMT): 30%
2025-Nov-30 19:29:55 (2025-Nov-30 17:29:55 GMT): 40%
2025-Nov-30 19:29:55 (2025-Nov-30 17:29:55 GMT): 50%
 ... Calculating internal and leakage power
2025-Nov-30 19:29:55 (2025-Nov-30 17:29:55 GMT): 60%
2025-Nov-30 19:29:55 (2025-Nov-30 17:29:55 GMT): 70%
2025-Nov-30 19:29:56 (2025-Nov-30 17:29:56 GMT): 80%
2025-Nov-30 19:29:56 (2025-Nov-30 17:29:56 GMT): 90%

Finished Calculating power
2025-Nov-30 19:29:56 (2025-Nov-30 17:29:56 GMT)
      # of MSMV cell(s) missing power_level: 0
Ended Power Computation: (cpu=0:00:00, real=0:00:01, mem(process/total/peak)=2229.24MB/3822.96MB/2360.60MB)

Begin Processing User Attributes

Ended Processing User Attributes: (cpu=0:00:00, real=0:00:00, mem(process/total/peak)=2229.24MB/3822.96MB/2360.60MB)

Ended Power Analysis: (cpu=0:00:01, real=0:00:02, mem(process/total/peak)=2229.24MB/3822.96MB/2360.60MB)

Begin Boundary Leakage Calculation
Ended Boundary Leakage Calculation: (cpu=0:00:00, real=0:00:00,
mem(process/total/peak)=2229.24MB/3822.96MB/2360.60MB)
Begin Static Power Report Generation
*----------------------------------------------------------------------------------------
*	Innovus 21.35-s114_1 (64bit) 10/13/2022 12:11 (Linux 3.10.0-693.el7.x86_64)
*	
*
* 	Date & Time:	2025-Nov-30 19:29:56 (2025-Nov-30 17:29:56 GMT)
*
*----------------------------------------------------------------------------------------
*
*	Design: picorv32_wb
*
*	Liberty Libraries used:
*	        analysis1: /mnt/apps/prebuilt/eda/designkits/GPDK/gsclib045/lan/flow/t1u1/reference_libs/GPDK045/gsclib045_svt_v4.4/gsclib045/timing/fast_vdd1v2_basicCells.lib
*
*	Parasitic Files used:
*
*       Power View : analysis1
*
*       User-Defined Activity : N.A.
*
*       Activity File: N.A.
*
*       Hierarchical Global Activity: N.A.
*
*       Global Activity: N.A.
*
*       Sequential Element Activity: 0.200000
*
*       Primary Input Activity: 0.200000
*
*       Default icg ratio: N.A.
*
*       Global Comb ClockGate Ratio: N.A.
*
*	Power Units = 1mW
*
*	Time Units = 1e-09 secs
*
*       report_power
*
-----------------------------------------------------------------------------------------
*



Total Power
-----------------------------------------------------------------------------------------
Total Internal Power:        5.35821775 	   50.7701%
Total Switching Power:       5.19099667 	   49.1856%
Total Leakage Power:         0.00467207 	    0.0443%
Total Power:                10.55388649
-----------------------------------------------------------------------------------------


Group                           Internal   Switching     Leakage       Total  Percentage 
                                Power      Power         Power         Power  (%)        
-----------------------------------------------------------------------------------------
Sequential                         3.514      0.4417    0.001844       3.957        37.5
Macro                                  0           0           0           0           0
IO                                     0           0           0           0           0
Combinational                       1.63       3.933    0.002783       5.566       52.74
Clock (Combinational)              0.214      0.8161   4.502e-05        1.03       9.761
Clock (Sequential)                     0           0           0           0           0
-----------------------------------------------------------------------------------------
Total                              5.358       5.191    0.004672       10.55         100
-----------------------------------------------------------------------------------------


Rail                  Voltage   Internal   Switching     Leakage       Total  Percentage 
                                Power      Power         Power         Power  (%)        
-----------------------------------------------------------------------------------------
VDD                      1.32      5.358       5.191    0.004672       10.55         100


Clock                           Internal   Switching     Leakage       Total  Percentage 
                                Power      Power         Power         Power  (%)        
-----------------------------------------------------------------------------------------
clk                                0.214      0.8161   4.502e-05        1.03       9.761
-----------------------------------------------------------------------------------------
Total                              0.214      0.8161   4.502e-05        1.03       9.761
-----------------------------------------------------------------------------------------
Clock: clk
Clock Period: 0.004000 usec 
Clock Toggle Rate:   500.0000 Mhz 
Clock Static Probability:  0.5000
  
 
 
-----------------------------------------------------------------------------------------
*	Power Distribution Summary: 
*              Highest Average Power:       CTS_ccl_a_buf_00012 (CLKBUFX20):          0.05034
*              Highest Leakage Power:       CTS_ccl_a_buf_00018 (CLKBUFX20):         2.21e-06
*                Total Cap:      9.42962e-11 F
*                Total instances in design: 11560
*                Total instances in design with no power:     0
*                Total instances in design with no activty:     0

*                Total Fillers and Decap:     0
-----------------------------------------------------------------------------------------
 
** INFO:  (VOLTUS_POWR-3465): There are 0 decaps and 0 fillers in the design

Ended Static Power Report Generation: (cpu=0:00:00, real=0:00:00,
mem(process/total/peak)=2232.87MB/3822.96MB/2360.60MB)

