###############################################################
#  Generated by:      Cadence Innovus 21.35-s114_1
#  OS:                Linux x86_64(Host ID cn88.it.auth.gr)
#  Generated on:      Sun Nov 30 19:30:05 2025
#  Design:            picorv32_wb
#  Command:           report_timing -path_group reg2out -check_type hold -max_paths 50 > reports/postRouting/reg2out_hold.rpt
###############################################################
Path 1: MET Early External Delay Assertion 
Endpoint:   wbm_dat_o[21]       (^) checked with  leading edge of 'clk'
Beginpoint: wbm_dat_o_reg[21]/Q (^) triggered by  leading edge of 'clk'
Path Groups: {reg2out}
Analysis View: analysis1
Other End Arrival Time          0.000
- External Delay                0.250
+ Phase Shift                   0.000
+ Uncertainty                   0.020
= Required Time                -0.230
  Arrival Time                  0.075
  Slack Time                    0.305
     Clock Rise Edge                 0.000
     + Clock Network Latency (Prop)  -0.002
     = Beginpoint Arrival Time       -0.002
     +-----------------------------------------------------------------------------------+ 
     |        Instance         |       Arc       |   Cell   | Delay | Arrival | Required | 
     |                         |                 |          |       |  Time   |   Time   | 
     |-------------------------+-----------------+----------+-------+---------+----------| 
     | wbm_dat_o_reg[21]       | CK ^            |          |       |  -0.002 |   -0.307 | 
     | wbm_dat_o_reg[21]       | CK ^ -> Q ^     | SDFFQX1  | 0.041 |   0.040 |   -0.265 | 
     | FE_OFC1565_wbm_dat_o_21 | A ^ -> Y ^      | CLKBUFX8 | 0.033 |   0.073 |   -0.232 | 
     |                         | wbm_dat_o[21] ^ |          | 0.002 |   0.075 |   -0.230 | 
     +-----------------------------------------------------------------------------------+ 
Path 2: MET Early External Delay Assertion 
Endpoint:   wbm_dat_o[10]       (^) checked with  leading edge of 'clk'
Beginpoint: wbm_dat_o_reg[10]/Q (^) triggered by  leading edge of 'clk'
Path Groups: {reg2out}
Analysis View: analysis1
Other End Arrival Time          0.000
- External Delay                0.250
+ Phase Shift                   0.000
+ Uncertainty                   0.020
= Required Time                -0.230
  Arrival Time                  0.076
  Slack Time                    0.306
     Clock Rise Edge                 0.000
     + Clock Network Latency (Prop)  0.000
     = Beginpoint Arrival Time       0.000
     +-----------------------------------------------------------------------------------+ 
     |        Instance         |       Arc       |   Cell   | Delay | Arrival | Required | 
     |                         |                 |          |       |  Time   |   Time   | 
     |-------------------------+-----------------+----------+-------+---------+----------| 
     | wbm_dat_o_reg[10]       | CK ^            |          |       |   0.000 |   -0.306 | 
     | wbm_dat_o_reg[10]       | CK ^ -> Q ^     | SDFFQX1  | 0.041 |   0.041 |   -0.265 | 
     | FE_OFC1847_wbm_dat_o_10 | A ^ -> Y ^      | CLKBUFX8 | 0.034 |   0.075 |   -0.231 | 
     |                         | wbm_dat_o[10] ^ |          | 0.001 |   0.076 |   -0.230 | 
     +-----------------------------------------------------------------------------------+ 
Path 3: MET Early External Delay Assertion 
Endpoint:   wbm_dat_o[22]       (^) checked with  leading edge of 'clk'
Beginpoint: wbm_dat_o_reg[22]/Q (^) triggered by  leading edge of 'clk'
Path Groups: {reg2out}
Analysis View: analysis1
Other End Arrival Time          0.000
- External Delay                0.250
+ Phase Shift                   0.000
+ Uncertainty                   0.020
= Required Time                -0.230
  Arrival Time                  0.077
  Slack Time                    0.307
     Clock Rise Edge                 0.000
     + Clock Network Latency (Prop)  0.000
     = Beginpoint Arrival Time       0.000
     +----------------------------------------------------------------------------------+ 
     |        Instance         |       Arc       |  Cell   | Delay | Arrival | Required | 
     |                         |                 |         |       |  Time   |   Time   | 
     |-------------------------+-----------------+---------+-------+---------+----------| 
     | wbm_dat_o_reg[22]       | CK ^            |         |       |   0.000 |   -0.306 | 
     | wbm_dat_o_reg[22]       | CK ^ -> Q ^     | SDFFQX1 | 0.041 |   0.042 |   -0.265 | 
     | FE_OFC1758_wbm_dat_o_22 | A ^ -> Y ^      | BUFX8   | 0.034 |   0.075 |   -0.232 | 
     |                         | wbm_dat_o[22] ^ |         | 0.002 |   0.077 |   -0.230 | 
     +----------------------------------------------------------------------------------+ 
Path 4: MET Early External Delay Assertion 
Endpoint:   wbm_dat_o[28]       (^) checked with  leading edge of 'clk'
Beginpoint: wbm_dat_o_reg[28]/Q (^) triggered by  leading edge of 'clk'
Path Groups: {reg2out}
Analysis View: analysis1
Other End Arrival Time          0.000
- External Delay                0.250
+ Phase Shift                   0.000
+ Uncertainty                   0.020
= Required Time                -0.230
  Arrival Time                  0.077
  Slack Time                    0.307
     Clock Rise Edge                 0.000
     + Clock Network Latency (Prop)  0.001
     = Beginpoint Arrival Time       0.001
     +-----------------------------------------------------------------------------------+ 
     |        Instance         |       Arc       |   Cell   | Delay | Arrival | Required | 
     |                         |                 |          |       |  Time   |   Time   | 
     |-------------------------+-----------------+----------+-------+---------+----------| 
     | wbm_dat_o_reg[28]       | CK ^            |          |       |   0.001 |   -0.306 | 
     | wbm_dat_o_reg[28]       | CK ^ -> Q ^     | SDFFQX1  | 0.041 |   0.042 |   -0.265 | 
     | FE_OFC1846_wbm_dat_o_28 | A ^ -> Y ^      | CLKBUFX8 | 0.034 |   0.076 |   -0.231 | 
     |                         | wbm_dat_o[28] ^ |          | 0.001 |   0.077 |   -0.230 | 
     +-----------------------------------------------------------------------------------+ 
Path 5: MET Early External Delay Assertion 
Endpoint:   wbm_dat_o[1]       (^) checked with  leading edge of 'clk'
Beginpoint: wbm_dat_o_reg[1]/Q (^) triggered by  leading edge of 'clk'
Path Groups: {reg2out}
Analysis View: analysis1
Other End Arrival Time          0.000
- External Delay                0.250
+ Phase Shift                   0.000
+ Uncertainty                   0.020
= Required Time                -0.230
  Arrival Time                  0.077
  Slack Time                    0.307
     Clock Rise Edge                 0.000
     + Clock Network Latency (Prop)  0.001
     = Beginpoint Arrival Time       0.001
     +---------------------------------------------------------------------------------+ 
     |        Instance        |      Arc       |   Cell   | Delay | Arrival | Required | 
     |                        |                |          |       |  Time   |   Time   | 
     |------------------------+----------------+----------+-------+---------+----------| 
     | wbm_dat_o_reg[1]       | CK ^           |          |       |   0.001 |   -0.307 | 
     | wbm_dat_o_reg[1]       | CK ^ -> Q ^    | SDFFQX1  | 0.042 |   0.043 |   -0.265 | 
     | FE_OFC1848_wbm_dat_o_1 | A ^ -> Y ^     | CLKBUFX8 | 0.034 |   0.077 |   -0.231 | 
     |                        | wbm_dat_o[1] ^ |          | 0.001 |   0.077 |   -0.230 | 
     +---------------------------------------------------------------------------------+ 
Path 6: MET Early External Delay Assertion 
Endpoint:   wbm_dat_o[30]       (^) checked with  leading edge of 'clk'
Beginpoint: wbm_dat_o_reg[30]/Q (^) triggered by  leading edge of 'clk'
Path Groups: {reg2out}
Analysis View: analysis1
Other End Arrival Time          0.000
- External Delay                0.250
+ Phase Shift                   0.000
+ Uncertainty                   0.020
= Required Time                -0.230
  Arrival Time                  0.078
  Slack Time                    0.308
     Clock Rise Edge                 0.000
     + Clock Network Latency (Prop)  -0.002
     = Beginpoint Arrival Time       -0.002
     +-----------------------------------------------------------------------------------+ 
     |        Instance         |       Arc       |   Cell   | Delay | Arrival | Required | 
     |                         |                 |          |       |  Time   |   Time   | 
     |-------------------------+-----------------+----------+-------+---------+----------| 
     | wbm_dat_o_reg[30]       | CK ^            |          |       |  -0.002 |   -0.309 | 
     | wbm_dat_o_reg[30]       | CK ^ -> Q ^     | SDFFQX1  | 0.043 |   0.042 |   -0.266 | 
     | FE_OFC1561_wbm_dat_o_30 | A ^ -> Y ^      | CLKBUFX8 | 0.034 |   0.075 |   -0.232 | 
     |                         | wbm_dat_o[30] ^ |          | 0.002 |   0.078 |   -0.230 | 
     +-----------------------------------------------------------------------------------+ 
Path 7: MET Early External Delay Assertion 
Endpoint:   wbm_dat_o[5]       (^) checked with  leading edge of 'clk'
Beginpoint: wbm_dat_o_reg[5]/Q (^) triggered by  leading edge of 'clk'
Path Groups: {reg2out}
Analysis View: analysis1
Other End Arrival Time          0.000
- External Delay                0.250
+ Phase Shift                   0.000
+ Uncertainty                   0.020
= Required Time                -0.230
  Arrival Time                  0.078
  Slack Time                    0.308
     Clock Rise Edge                 0.000
     + Clock Network Latency (Prop)  0.000
     = Beginpoint Arrival Time       0.000
     +---------------------------------------------------------------------------------+ 
     |        Instance        |      Arc       |   Cell   | Delay | Arrival | Required | 
     |                        |                |          |       |  Time   |   Time   | 
     |------------------------+----------------+----------+-------+---------+----------| 
     | wbm_dat_o_reg[5]       | CK ^           |          |       |   0.000 |   -0.307 | 
     | wbm_dat_o_reg[5]       | CK ^ -> Q ^    | SDFFQX1  | 0.043 |   0.043 |   -0.265 | 
     | FE_OFC1855_wbm_dat_o_5 | A ^ -> Y ^     | CLKBUFX8 | 0.034 |   0.077 |   -0.231 | 
     |                        | wbm_dat_o[5] ^ |          | 0.001 |   0.078 |   -0.230 | 
     +---------------------------------------------------------------------------------+ 
Path 8: MET Early External Delay Assertion 
Endpoint:   wbm_dat_o[3]       (^) checked with  leading edge of 'clk'
Beginpoint: wbm_dat_o_reg[3]/Q (^) triggered by  leading edge of 'clk'
Path Groups: {reg2out}
Analysis View: analysis1
Other End Arrival Time          0.000
- External Delay                0.250
+ Phase Shift                   0.000
+ Uncertainty                   0.020
= Required Time                -0.230
  Arrival Time                  0.078
  Slack Time                    0.308
     Clock Rise Edge                 0.000
     + Clock Network Latency (Prop)  0.001
     = Beginpoint Arrival Time       0.001
     +---------------------------------------------------------------------------------+ 
     |        Instance        |      Arc       |   Cell   | Delay | Arrival | Required | 
     |                        |                |          |       |  Time   |   Time   | 
     |------------------------+----------------+----------+-------+---------+----------| 
     | wbm_dat_o_reg[3]       | CK ^           |          |       |   0.001 |   -0.307 | 
     | wbm_dat_o_reg[3]       | CK ^ -> Q ^    | SDFFQX1  | 0.042 |   0.042 |   -0.266 | 
     | FE_OFC1586_wbm_dat_o_3 | A ^ -> Y ^     | CLKBUFX8 | 0.033 |   0.076 |   -0.232 | 
     |                        | wbm_dat_o[3] ^ |          | 0.002 |   0.078 |   -0.230 | 
     +---------------------------------------------------------------------------------+ 
Path 9: MET Early External Delay Assertion 
Endpoint:   pcpi_insn[15]                     (^) checked with  leading edge of 
'clk'
Beginpoint: picorv32_core_pcpi_insn_reg[15]/Q (^) triggered by  leading edge of 
'clk'
Path Groups: {reg2out}
Analysis View: analysis1
Other End Arrival Time          0.000
- External Delay                0.250
+ Phase Shift                   0.000
+ Uncertainty                   0.020
= Required Time                -0.230
  Arrival Time                  0.079
  Slack Time                    0.309
     Clock Rise Edge                 0.000
     + Clock Network Latency (Prop)  -0.002
     = Beginpoint Arrival Time       -0.002
     +-------------------------------------------------------------------------------------------+ 
     |            Instance             |       Arc       |   Cell   | Delay | Arrival | Required | 
     |                                 |                 |          |       |  Time   |   Time   | 
     |---------------------------------+-----------------+----------+-------+---------+----------| 
     | picorv32_core_pcpi_insn_reg[15] | CK ^            |          |       |  -0.002 |   -0.310 | 
     | picorv32_core_pcpi_insn_reg[15] | CK ^ -> Q ^     | SDFFQX1  | 0.044 |   0.042 |   -0.267 | 
     | FE_OFC1239_pcpi_insn_15         | A ^ -> Y ^      | CLKBUFX8 | 0.034 |   0.076 |   -0.232 | 
     |                                 | pcpi_insn[15] ^ |          | 0.002 |   0.079 |   -0.230 | 
     +-------------------------------------------------------------------------------------------+ 
Path 10: MET Early External Delay Assertion 
Endpoint:   wbm_dat_o[31]       (^) checked with  leading edge of 'clk'
Beginpoint: wbm_dat_o_reg[31]/Q (^) triggered by  leading edge of 'clk'
Path Groups: {reg2out}
Analysis View: analysis1
Other End Arrival Time          0.000
- External Delay                0.250
+ Phase Shift                   0.000
+ Uncertainty                   0.020
= Required Time                -0.230
  Arrival Time                  0.079
  Slack Time                    0.309
     Clock Rise Edge                 0.000
     + Clock Network Latency (Prop)  0.001
     = Beginpoint Arrival Time       0.001
     +-----------------------------------------------------------------------------------+ 
     |        Instance         |       Arc       |   Cell   | Delay | Arrival | Required | 
     |                         |                 |          |       |  Time   |   Time   | 
     |-------------------------+-----------------+----------+-------+---------+----------| 
     | wbm_dat_o_reg[31]       | CK ^            |          |       |   0.001 |   -0.309 | 
     | wbm_dat_o_reg[31]       | CK ^ -> Q ^     | SDFFQX1  | 0.040 |   0.041 |   -0.269 | 
     | FE_OFC1090_wbm_dat_o_31 | A ^ -> Y v      | INVX1    | 0.015 |   0.056 |   -0.254 | 
     | FE_OFC1560_wbm_dat_o_31 | A v -> Y ^      | CLKINVX8 | 0.023 |   0.079 |   -0.231 | 
     |                         | wbm_dat_o[31] ^ |          | 0.001 |   0.079 |   -0.230 | 
     +-----------------------------------------------------------------------------------+ 
Path 11: MET Early External Delay Assertion 
Endpoint:   wbm_dat_o[24]       (^) checked with  leading edge of 'clk'
Beginpoint: wbm_dat_o_reg[24]/Q (^) triggered by  leading edge of 'clk'
Path Groups: {reg2out}
Analysis View: analysis1
Other End Arrival Time          0.000
- External Delay                0.250
+ Phase Shift                   0.000
+ Uncertainty                   0.020
= Required Time                -0.230
  Arrival Time                  0.080
  Slack Time                    0.310
     Clock Rise Edge                 0.000
     + Clock Network Latency (Prop)  0.001
     = Beginpoint Arrival Time       0.001
     +-----------------------------------------------------------------------------------+ 
     |        Instance         |       Arc       |   Cell   | Delay | Arrival | Required | 
     |                         |                 |          |       |  Time   |   Time   | 
     |-------------------------+-----------------+----------+-------+---------+----------| 
     | wbm_dat_o_reg[24]       | CK ^            |          |       |   0.001 |   -0.309 | 
     | wbm_dat_o_reg[24]       | CK ^ -> Q ^     | SDFFQX1  | 0.040 |   0.041 |   -0.269 | 
     | FE_OFC1107_wbm_dat_o_24 | A ^ -> Y v      | INVX1    | 0.015 |   0.056 |   -0.254 | 
     | FE_OFC1564_wbm_dat_o_24 | A v -> Y ^      | CLKINVX8 | 0.023 |   0.079 |   -0.231 | 
     |                         | wbm_dat_o[24] ^ |          | 0.001 |   0.080 |   -0.230 | 
     +-----------------------------------------------------------------------------------+ 
Path 12: MET Early External Delay Assertion 
Endpoint:   wbm_dat_o[13]       (^) checked with  leading edge of 'clk'
Beginpoint: wbm_dat_o_reg[13]/Q (^) triggered by  leading edge of 'clk'
Path Groups: {reg2out}
Analysis View: analysis1
Other End Arrival Time          0.000
- External Delay                0.250
+ Phase Shift                   0.000
+ Uncertainty                   0.020
= Required Time                -0.230
  Arrival Time                  0.080
  Slack Time                    0.310
     Clock Rise Edge                 0.000
     + Clock Network Latency (Prop)  0.001
     = Beginpoint Arrival Time       0.001
     +-----------------------------------------------------------------------------------+ 
     |        Instance         |       Arc       |   Cell   | Delay | Arrival | Required | 
     |                         |                 |          |       |  Time   |   Time   | 
     |-------------------------+-----------------+----------+-------+---------+----------| 
     | wbm_dat_o_reg[13]       | CK ^            |          |       |   0.001 |   -0.309 | 
     | wbm_dat_o_reg[13]       | CK ^ -> Q ^     | SDFFQX1  | 0.040 |   0.041 |   -0.269 | 
     | FE_OFC1144_wbm_dat_o_13 | A ^ -> Y v      | INVX1    | 0.015 |   0.056 |   -0.254 | 
     | FE_OFC1145_wbm_dat_o_13 | A v -> Y ^      | CLKINVX8 | 0.023 |   0.079 |   -0.231 | 
     |                         | wbm_dat_o[13] ^ |          | 0.001 |   0.080 |   -0.230 | 
     +-----------------------------------------------------------------------------------+ 
Path 13: MET Early External Delay Assertion 
Endpoint:   wbm_dat_o[12]       (^) checked with  leading edge of 'clk'
Beginpoint: wbm_dat_o_reg[12]/Q (^) triggered by  leading edge of 'clk'
Path Groups: {reg2out}
Analysis View: analysis1
Other End Arrival Time          0.000
- External Delay                0.250
+ Phase Shift                   0.000
+ Uncertainty                   0.020
= Required Time                -0.230
  Arrival Time                  0.080
  Slack Time                    0.310
     Clock Rise Edge                 0.000
     + Clock Network Latency (Prop)  0.001
     = Beginpoint Arrival Time       0.001
     +-----------------------------------------------------------------------------------+ 
     |        Instance         |       Arc       |   Cell   | Delay | Arrival | Required | 
     |                         |                 |          |       |  Time   |   Time   | 
     |-------------------------+-----------------+----------+-------+---------+----------| 
     | wbm_dat_o_reg[12]       | CK ^            |          |       |   0.001 |   -0.309 | 
     | wbm_dat_o_reg[12]       | CK ^ -> Q ^     | SDFFQX1  | 0.040 |   0.041 |   -0.269 | 
     | FE_OFC1146_wbm_dat_o_12 | A ^ -> Y v      | INVX1    | 0.015 |   0.056 |   -0.254 | 
     | FE_OFC1577_wbm_dat_o_12 | A v -> Y ^      | CLKINVX8 | 0.023 |   0.079 |   -0.231 | 
     |                         | wbm_dat_o[12] ^ |          | 0.001 |   0.080 |   -0.230 | 
     +-----------------------------------------------------------------------------------+ 
Path 14: MET Early External Delay Assertion 
Endpoint:   wbm_dat_o[15]       (^) checked with  leading edge of 'clk'
Beginpoint: wbm_dat_o_reg[15]/Q (^) triggered by  leading edge of 'clk'
Path Groups: {reg2out}
Analysis View: analysis1
Other End Arrival Time          0.000
- External Delay                0.250
+ Phase Shift                   0.000
+ Uncertainty                   0.020
= Required Time                -0.230
  Arrival Time                  0.080
  Slack Time                    0.310
     Clock Rise Edge                 0.000
     + Clock Network Latency (Prop)  -0.002
     = Beginpoint Arrival Time       -0.002
     +-----------------------------------------------------------------------------------+ 
     |        Instance         |       Arc       |   Cell   | Delay | Arrival | Required | 
     |                         |                 |          |       |  Time   |   Time   | 
     |-------------------------+-----------------+----------+-------+---------+----------| 
     | wbm_dat_o_reg[15]       | CK ^            |          |       |  -0.002 |   -0.312 | 
     | wbm_dat_o_reg[15]       | CK ^ -> Q ^     | SDFFQX1  | 0.041 |   0.039 |   -0.271 | 
     | FE_OFC1138_wbm_dat_o_15 | A ^ -> Y v      | INVX1    | 0.016 |   0.055 |   -0.255 | 
     | FE_OFC1573_wbm_dat_o_15 | A v -> Y ^      | CLKINVX8 | 0.022 |   0.077 |   -0.233 | 
     |                         | wbm_dat_o[15] ^ |          | 0.003 |   0.080 |   -0.230 | 
     +-----------------------------------------------------------------------------------+ 
Path 15: MET Early External Delay Assertion 
Endpoint:   wbm_dat_o[19]       (^) checked with  leading edge of 'clk'
Beginpoint: wbm_dat_o_reg[19]/Q (^) triggered by  leading edge of 'clk'
Path Groups: {reg2out}
Analysis View: analysis1
Other End Arrival Time          0.000
- External Delay                0.250
+ Phase Shift                   0.000
+ Uncertainty                   0.020
= Required Time                -0.230
  Arrival Time                  0.080
  Slack Time                    0.310
     Clock Rise Edge                 0.000
     + Clock Network Latency (Prop)  0.001
     = Beginpoint Arrival Time       0.001
     +-----------------------------------------------------------------------------------+ 
     |        Instance         |       Arc       |   Cell   | Delay | Arrival | Required | 
     |                         |                 |          |       |  Time   |   Time   | 
     |-------------------------+-----------------+----------+-------+---------+----------| 
     | wbm_dat_o_reg[19]       | CK ^            |          |       |   0.001 |   -0.310 | 
     | wbm_dat_o_reg[19]       | CK ^ -> Q ^     | SDFFQX1  | 0.041 |   0.042 |   -0.269 | 
     | FE_OFC1125_wbm_dat_o_19 | A ^ -> Y v      | INVX1    | 0.015 |   0.057 |   -0.254 | 
     | FE_OFC1569_wbm_dat_o_19 | A v -> Y ^      | CLKINVX8 | 0.023 |   0.080 |   -0.231 | 
     |                         | wbm_dat_o[19] ^ |          | 0.001 |   0.080 |   -0.230 | 
     +-----------------------------------------------------------------------------------+ 
Path 16: MET Early External Delay Assertion 
Endpoint:   pcpi_insn[11]                     (^) checked with  leading edge of 
'clk'
Beginpoint: picorv32_core_pcpi_insn_reg[11]/Q (^) triggered by  leading edge of 
'clk'
Path Groups: {reg2out}
Analysis View: analysis1
Other End Arrival Time          0.000
- External Delay                0.250
+ Phase Shift                   0.000
+ Uncertainty                   0.020
= Required Time                -0.230
  Arrival Time                  0.081
  Slack Time                    0.311
     Clock Rise Edge                 0.000
     + Clock Network Latency (Prop)  -0.000
     = Beginpoint Arrival Time       -0.000
     +-------------------------------------------------------------------------------------------+ 
     |            Instance             |       Arc       |   Cell   | Delay | Arrival | Required | 
     |                                 |                 |          |       |  Time   |   Time   | 
     |---------------------------------+-----------------+----------+-------+---------+----------| 
     | picorv32_core_pcpi_insn_reg[11] | CK ^            |          |       |  -0.000 |   -0.311 | 
     | picorv32_core_pcpi_insn_reg[11] | CK ^ -> Q ^     | SDFFQX1  | 0.044 |   0.044 |   -0.267 | 
     | FE_OFC1859_pcpi_insn_11         | A ^ -> Y ^      | CLKBUFX8 | 0.035 |   0.079 |   -0.232 | 
     |                                 | pcpi_insn[11] ^ |          | 0.002 |   0.081 |   -0.230 | 
     +-------------------------------------------------------------------------------------------+ 
Path 17: MET Early External Delay Assertion 
Endpoint:   wbm_adr_o[16]       (^) checked with  leading edge of 'clk'
Beginpoint: wbm_adr_o_reg[16]/Q (^) triggered by  leading edge of 'clk'
Path Groups: {reg2out}
Analysis View: analysis1
Other End Arrival Time          0.000
- External Delay                0.250
+ Phase Shift                   0.000
+ Uncertainty                   0.020
= Required Time                -0.230
  Arrival Time                  0.081
  Slack Time                    0.311
     Clock Rise Edge                 0.000
     + Clock Network Latency (Prop)  0.002
     = Beginpoint Arrival Time       0.002
     +-----------------------------------------------------------------------------------+ 
     |        Instance         |       Arc       |   Cell   | Delay | Arrival | Required | 
     |                         |                 |          |       |  Time   |   Time   | 
     |-------------------------+-----------------+----------+-------+---------+----------| 
     | wbm_adr_o_reg[16]       | CK ^            |          |       |   0.002 |   -0.309 | 
     | wbm_adr_o_reg[16]       | CK ^ -> Q ^     | SDFFQX1  | 0.044 |   0.046 |   -0.265 | 
     | FE_OFC1853_wbm_adr_o_16 | A ^ -> Y ^      | CLKBUFX8 | 0.035 |   0.080 |   -0.231 | 
     |                         | wbm_adr_o[16] ^ |          | 0.001 |   0.081 |   -0.230 | 
     +-----------------------------------------------------------------------------------+ 
Path 18: MET Early External Delay Assertion 
Endpoint:   wbm_dat_o[2]       (^) checked with  leading edge of 'clk'
Beginpoint: wbm_dat_o_reg[2]/Q (^) triggered by  leading edge of 'clk'
Path Groups: {reg2out}
Analysis View: analysis1
Other End Arrival Time          0.000
- External Delay                0.250
+ Phase Shift                   0.000
+ Uncertainty                   0.020
= Required Time                -0.230
  Arrival Time                  0.081
  Slack Time                    0.311
     Clock Rise Edge                 0.000
     + Clock Network Latency (Prop)  0.001
     = Beginpoint Arrival Time       0.001
     +---------------------------------------------------------------------------------+ 
     |        Instance        |      Arc       |   Cell   | Delay | Arrival | Required | 
     |                        |                |          |       |  Time   |   Time   | 
     |------------------------+----------------+----------+-------+---------+----------| 
     | wbm_dat_o_reg[2]       | CK ^           |          |       |   0.001 |   -0.310 | 
     | wbm_dat_o_reg[2]       | CK ^ -> Q ^    | SDFFQX1  | 0.041 |   0.042 |   -0.269 | 
     | FE_OFC1178_wbm_dat_o_2 | A ^ -> Y v     | INVX1    | 0.015 |   0.057 |   -0.254 | 
     | FE_OFC1588_wbm_dat_o_2 | A v -> Y ^     | CLKINVX8 | 0.022 |   0.079 |   -0.232 | 
     |                        | wbm_dat_o[2] ^ |          | 0.002 |   0.081 |   -0.230 | 
     +---------------------------------------------------------------------------------+ 
Path 19: MET Early External Delay Assertion 
Endpoint:   wbm_adr_o[12]       (^) checked with  leading edge of 'clk'
Beginpoint: wbm_adr_o_reg[12]/Q (^) triggered by  leading edge of 'clk'
Path Groups: {reg2out}
Analysis View: analysis1
Other End Arrival Time          0.000
- External Delay                0.250
+ Phase Shift                   0.000
+ Uncertainty                   0.020
= Required Time                -0.230
  Arrival Time                  0.081
  Slack Time                    0.311
     Clock Rise Edge                 0.000
     + Clock Network Latency (Prop)  0.002
     = Beginpoint Arrival Time       0.002
     +-----------------------------------------------------------------------------------+ 
     |        Instance         |       Arc       |   Cell   | Delay | Arrival | Required | 
     |                         |                 |          |       |  Time   |   Time   | 
     |-------------------------+-----------------+----------+-------+---------+----------| 
     | wbm_adr_o_reg[12]       | CK ^            |          |       |   0.002 |   -0.309 | 
     | wbm_adr_o_reg[12]       | CK ^ -> Q ^     | SDFFQX1  | 0.043 |   0.045 |   -0.266 | 
     | FE_OFC1551_wbm_adr_o_12 | A ^ -> Y ^      | CLKBUFX8 | 0.034 |   0.078 |   -0.233 | 
     |                         | wbm_adr_o[12] ^ |          | 0.003 |   0.081 |   -0.230 | 
     +-----------------------------------------------------------------------------------+ 
Path 20: MET Early External Delay Assertion 
Endpoint:   pcpi_insn[14]                     (^) checked with  leading edge of 
'clk'
Beginpoint: picorv32_core_pcpi_insn_reg[14]/Q (^) triggered by  leading edge of 
'clk'
Path Groups: {reg2out}
Analysis View: analysis1
Other End Arrival Time          0.000
- External Delay                0.250
+ Phase Shift                   0.000
+ Uncertainty                   0.020
= Required Time                -0.230
  Arrival Time                  0.082
  Slack Time                    0.312
     Clock Rise Edge                 0.000
     + Clock Network Latency (Prop)  -0.002
     = Beginpoint Arrival Time       -0.002
     +-------------------------------------------------------------------------------------------+ 
     |            Instance             |       Arc       |   Cell   | Delay | Arrival | Required | 
     |                                 |                 |          |       |  Time   |   Time   | 
     |---------------------------------+-----------------+----------+-------+---------+----------| 
     | picorv32_core_pcpi_insn_reg[14] | CK ^            |          |       |  -0.002 |   -0.313 | 
     | picorv32_core_pcpi_insn_reg[14] | CK ^ -> Q ^     | SDFFQX1  | 0.041 |   0.040 |   -0.272 | 
     | FE_OFC266_pcpi_insn_14          | A ^ -> Y v      | INVX1    | 0.017 |   0.057 |   -0.255 | 
     | FE_OFC663_pcpi_insn_14          | A v -> Y ^      | CLKINVX8 | 0.023 |   0.080 |   -0.232 | 
     |                                 | pcpi_insn[14] ^ |          | 0.002 |   0.082 |   -0.230 | 
     +-------------------------------------------------------------------------------------------+ 
Path 21: MET Early External Delay Assertion 
Endpoint:   eoi[19]                     (^) checked with  leading edge of 'clk'
Beginpoint: picorv32_core_eoi_reg[19]/Q (^) triggered by  leading edge of 'clk'
Path Groups: {reg2out}
Analysis View: analysis1
Other End Arrival Time          0.000
- External Delay                0.250
+ Phase Shift                   0.000
+ Uncertainty                   0.020
= Required Time                -0.230
  Arrival Time                  0.082
  Slack Time                    0.312
     Clock Rise Edge                 0.000
     + Clock Network Latency (Prop)  0.002
     = Beginpoint Arrival Time       0.002
     +---------------------------------------------------------------------------------+ 
     |         Instance          |     Arc     |   Cell   | Delay | Arrival | Required | 
     |                           |             |          |       |  Time   |   Time   | 
     |---------------------------+-------------+----------+-------+---------+----------| 
     | picorv32_core_eoi_reg[19] | CK ^        |          |       |   0.002 |   -0.310 | 
     | picorv32_core_eoi_reg[19] | CK ^ -> Q ^ | SDFFQX1  | 0.044 |   0.046 |   -0.266 | 
     | FE_OFC1694_eoi_19         | A ^ -> Y ^  | CLKBUFX8 | 0.034 |   0.080 |   -0.232 | 
     |                           | eoi[19] ^   |          | 0.002 |   0.082 |   -0.230 | 
     +---------------------------------------------------------------------------------+ 
Path 22: MET Early External Delay Assertion 
Endpoint:   wbm_sel_o[3]       (^) checked with  leading edge of 'clk'
Beginpoint: wbm_sel_o_reg[3]/Q (^) triggered by  leading edge of 'clk'
Path Groups: {reg2out}
Analysis View: analysis1
Other End Arrival Time          0.000
- External Delay                0.250
+ Phase Shift                   0.000
+ Uncertainty                   0.020
= Required Time                -0.230
  Arrival Time                  0.082
  Slack Time                    0.312
     Clock Rise Edge                 0.000
     + Clock Network Latency (Prop)  0.005
     = Beginpoint Arrival Time       0.005
     +---------------------------------------------------------------------------------+ 
     |        Instance        |      Arc       |   Cell   | Delay | Arrival | Required | 
     |                        |                |          |       |  Time   |   Time   | 
     |------------------------+----------------+----------+-------+---------+----------| 
     | wbm_sel_o_reg[3]       | CK ^           |          |       |   0.005 |   -0.307 | 
     | wbm_sel_o_reg[3]       | CK ^ -> Q ^    | SDFFQX1  | 0.041 |   0.046 |   -0.266 | 
     | FE_OFC1591_wbm_sel_o_3 | A ^ -> Y ^     | CLKBUFX8 | 0.034 |   0.080 |   -0.232 | 
     |                        | wbm_sel_o[3] ^ |          | 0.002 |   0.082 |   -0.230 | 
     +---------------------------------------------------------------------------------+ 
Path 23: MET Early External Delay Assertion 
Endpoint:   eoi[20]                     (^) checked with  leading edge of 'clk'
Beginpoint: picorv32_core_eoi_reg[20]/Q (^) triggered by  leading edge of 'clk'
Path Groups: {reg2out}
Analysis View: analysis1
Other End Arrival Time          0.000
- External Delay                0.250
+ Phase Shift                   0.000
+ Uncertainty                   0.020
= Required Time                -0.230
  Arrival Time                  0.082
  Slack Time                    0.312
     Clock Rise Edge                 0.000
     + Clock Network Latency (Prop)  0.002
     = Beginpoint Arrival Time       0.002
     +---------------------------------------------------------------------------------+ 
     |         Instance          |     Arc     |   Cell   | Delay | Arrival | Required | 
     |                           |             |          |       |  Time   |   Time   | 
     |---------------------------+-------------+----------+-------+---------+----------| 
     | picorv32_core_eoi_reg[20] | CK ^        |          |       |   0.002 |   -0.310 | 
     | picorv32_core_eoi_reg[20] | CK ^ -> Q ^ | SDFFQX1  | 0.038 |   0.040 |   -0.272 | 
     | picorv32_core_g197089     | A ^ -> Y v  | INVX1    | 0.018 |   0.058 |   -0.254 | 
     | FE_OFC751_eoi_20          | A v -> Y ^  | CLKINVX8 | 0.024 |   0.081 |   -0.231 | 
     |                           | eoi[20] ^   |          | 0.001 |   0.082 |   -0.230 | 
     +---------------------------------------------------------------------------------+ 
Path 24: MET Early External Delay Assertion 
Endpoint:   pcpi_insn[3]                     (^) checked with  leading edge of 
'clk'
Beginpoint: picorv32_core_pcpi_insn_reg[3]/Q (^) triggered by  leading edge of 
'clk'
Path Groups: {reg2out}
Analysis View: analysis1
Other End Arrival Time          0.000
- External Delay                0.250
+ Phase Shift                   0.000
+ Uncertainty                   0.020
= Required Time                -0.230
  Arrival Time                  0.083
  Slack Time                    0.313
     Clock Rise Edge                 0.000
     + Clock Network Latency (Prop)  -0.002
     = Beginpoint Arrival Time       -0.002
     +-----------------------------------------------------------------------------------------+ 
     |            Instance            |      Arc       |   Cell   | Delay | Arrival | Required | 
     |                                |                |          |       |  Time   |   Time   | 
     |--------------------------------+----------------+----------+-------+---------+----------| 
     | picorv32_core_pcpi_insn_reg[3] | CK ^           |          |       |  -0.002 |   -0.314 | 
     | picorv32_core_pcpi_insn_reg[3] | CK ^ -> Q ^    | SDFFQX1  | 0.047 |   0.045 |   -0.267 | 
     | FE_OFC1626_pcpi_insn_3         | A ^ -> Y ^     | CLKBUFX8 | 0.035 |   0.080 |   -0.233 | 
     |                                | pcpi_insn[3] ^ |          | 0.003 |   0.083 |   -0.230 | 
     +-----------------------------------------------------------------------------------------+ 
Path 25: MET Early External Delay Assertion 
Endpoint:   mem_instr                     (^) checked with  leading edge of 
'clk'
Beginpoint: picorv32_core_mem_instr_reg/Q (^) triggered by  leading edge of 
'clk'
Path Groups: {reg2out}
Analysis View: analysis1
Other End Arrival Time          0.000
- External Delay                0.250
+ Phase Shift                   0.000
+ Uncertainty                   0.020
= Required Time                -0.230
  Arrival Time                  0.083
  Slack Time                    0.313
     Clock Rise Edge                 0.000
     + Clock Network Latency (Prop)  0.001
     = Beginpoint Arrival Time       0.001
     +-----------------------------------------------------------------------------------+ 
     |          Instance           |     Arc     |   Cell   | Delay | Arrival | Required | 
     |                             |             |          |       |  Time   |   Time   | 
     |-----------------------------+-------------+----------+-------+---------+----------| 
     | picorv32_core_mem_instr_reg | CK ^        |          |       |   0.001 |   -0.312 | 
     | picorv32_core_mem_instr_reg | CK ^ -> Q ^ | SDFFQX1  | 0.046 |   0.047 |   -0.266 | 
     | FE_OFC1516_mem_instr        | A ^ -> Y ^  | CLKBUFX8 | 0.035 |   0.082 |   -0.231 | 
     |                             | mem_instr ^ |          | 0.001 |   0.083 |   -0.230 | 
     +-----------------------------------------------------------------------------------+ 
Path 26: MET Early External Delay Assertion 
Endpoint:   wbm_sel_o[2]       (^) checked with  leading edge of 'clk'
Beginpoint: wbm_sel_o_reg[2]/Q (^) triggered by  leading edge of 'clk'
Path Groups: {reg2out}
Analysis View: analysis1
Other End Arrival Time          0.000
- External Delay                0.250
+ Phase Shift                   0.000
+ Uncertainty                   0.020
= Required Time                -0.230
  Arrival Time                  0.083
  Slack Time                    0.313
     Clock Rise Edge                 0.000
     + Clock Network Latency (Prop)  0.005
     = Beginpoint Arrival Time       0.005
     +---------------------------------------------------------------------------------+ 
     |        Instance        |      Arc       |   Cell   | Delay | Arrival | Required | 
     |                        |                |          |       |  Time   |   Time   | 
     |------------------------+----------------+----------+-------+---------+----------| 
     | wbm_sel_o_reg[2]       | CK ^           |          |       |   0.005 |   -0.308 | 
     | wbm_sel_o_reg[2]       | CK ^ -> Q ^    | SDFFQX1  | 0.042 |   0.047 |   -0.266 | 
     | FE_OFC1592_wbm_sel_o_2 | A ^ -> Y ^     | CLKBUFX8 | 0.034 |   0.081 |   -0.232 | 
     |                        | wbm_sel_o[2] ^ |          | 0.002 |   0.083 |   -0.230 | 
     +---------------------------------------------------------------------------------+ 
Path 27: MET Early External Delay Assertion 
Endpoint:   wbm_dat_o[4]       (^) checked with  leading edge of 'clk'
Beginpoint: wbm_dat_o_reg[4]/Q (^) triggered by  leading edge of 'clk'
Path Groups: {reg2out}
Analysis View: analysis1
Other End Arrival Time          0.000
- External Delay                0.250
+ Phase Shift                   0.000
+ Uncertainty                   0.020
= Required Time                -0.230
  Arrival Time                  0.083
  Slack Time                    0.313
     Clock Rise Edge                 0.000
     + Clock Network Latency (Prop)  0.000
     = Beginpoint Arrival Time       0.000
     +---------------------------------------------------------------------------------+ 
     |        Instance        |      Arc       |   Cell   | Delay | Arrival | Required | 
     |                        |                |          |       |  Time   |   Time   | 
     |------------------------+----------------+----------+-------+---------+----------| 
     | wbm_dat_o_reg[4]       | CK ^           |          |       |   0.000 |   -0.312 | 
     | wbm_dat_o_reg[4]       | CK ^ -> Q ^    | SDFFQX1  | 0.036 |   0.037 |   -0.276 | 
     | FE_OFC1170_wbm_dat_o_4 | A ^ -> Y v     | INVXL    | 0.021 |   0.058 |   -0.255 | 
     | FE_OFC1585_wbm_dat_o_4 | A v -> Y ^     | CLKINVX8 | 0.024 |   0.082 |   -0.231 | 
     |                        | wbm_dat_o[4] ^ |          | 0.001 |   0.083 |   -0.230 | 
     +---------------------------------------------------------------------------------+ 
Path 28: MET Early External Delay Assertion 
Endpoint:   wbm_dat_o[25]       (^) checked with  leading edge of 'clk'
Beginpoint: wbm_dat_o_reg[25]/Q (^) triggered by  leading edge of 'clk'
Path Groups: {reg2out}
Analysis View: analysis1
Other End Arrival Time          0.000
- External Delay                0.250
+ Phase Shift                   0.000
+ Uncertainty                   0.020
= Required Time                -0.230
  Arrival Time                  0.083
  Slack Time                    0.313
     Clock Rise Edge                 0.000
     + Clock Network Latency (Prop)  0.000
     = Beginpoint Arrival Time       0.000
     +-----------------------------------------------------------------------------------+ 
     |        Instance         |       Arc       |   Cell   | Delay | Arrival | Required | 
     |                         |                 |          |       |  Time   |   Time   | 
     |-------------------------+-----------------+----------+-------+---------+----------| 
     | wbm_dat_o_reg[25]       | CK ^            |          |       |   0.000 |   -0.312 | 
     | wbm_dat_o_reg[25]       | CK ^ -> Q ^     | SDFFQX1  | 0.046 |   0.046 |   -0.266 | 
     | FE_OFC1562_wbm_dat_o_25 | A ^ -> Y ^      | CLKBUFX8 | 0.035 |   0.081 |   -0.231 | 
     |                         | wbm_dat_o[25] ^ |          | 0.002 |   0.083 |   -0.230 | 
     +-----------------------------------------------------------------------------------+ 
Path 29: MET Early External Delay Assertion 
Endpoint:   wbm_we_o       (^) checked with  leading edge of 'clk'
Beginpoint: wbm_we_o_reg/Q (^) triggered by  leading edge of 'clk'
Path Groups: {reg2out}
Analysis View: analysis1
Other End Arrival Time          0.000
- External Delay                0.250
+ Phase Shift                   0.000
+ Uncertainty                   0.020
= Required Time                -0.230
  Arrival Time                  0.083
  Slack Time                    0.313
     Clock Rise Edge                 0.000
     + Clock Network Latency (Prop)  0.005
     = Beginpoint Arrival Time       0.005
     +---------------------------------------------------------------------------+ 
     |      Instance       |     Arc     |   Cell   | Delay | Arrival | Required | 
     |                     |             |          |       |  Time   |   Time   | 
     |---------------------+-------------+----------+-------+---------+----------| 
     | wbm_we_o_reg        | CK ^        |          |       |   0.005 |   -0.308 | 
     | wbm_we_o_reg        | CK ^ -> Q ^ | SDFFQX1  | 0.039 |   0.044 |   -0.269 | 
     | FE_OFC1517_scan_out | A ^ -> Y v  | INVX1    | 0.014 |   0.059 |   -0.254 | 
     | FE_OFC1705_scan_out | A v -> Y ^  | CLKINVX8 | 0.022 |   0.081 |   -0.232 | 
     |                     | wbm_we_o ^  |          | 0.002 |   0.083 |   -0.230 | 
     +---------------------------------------------------------------------------+ 
Path 30: MET Early External Delay Assertion 
Endpoint:   wbm_adr_o[18]       (^) checked with  leading edge of 'clk'
Beginpoint: wbm_adr_o_reg[18]/Q (^) triggered by  leading edge of 'clk'
Path Groups: {reg2out}
Analysis View: analysis1
Other End Arrival Time          0.000
- External Delay                0.250
+ Phase Shift                   0.000
+ Uncertainty                   0.020
= Required Time                -0.230
  Arrival Time                  0.083
  Slack Time                    0.313
     Clock Rise Edge                 0.000
     + Clock Network Latency (Prop)  0.002
     = Beginpoint Arrival Time       0.002
     +-----------------------------------------------------------------------------------+ 
     |        Instance         |       Arc       |   Cell   | Delay | Arrival | Required | 
     |                         |                 |          |       |  Time   |   Time   | 
     |-------------------------+-----------------+----------+-------+---------+----------| 
     | wbm_adr_o_reg[18]       | CK ^            |          |       |   0.002 |   -0.311 | 
     | wbm_adr_o_reg[18]       | CK ^ -> Q ^     | SDFFQX1  | 0.042 |   0.044 |   -0.269 | 
     | FE_OFC1052_wbm_adr_o_18 | A ^ -> Y v      | INVX1    | 0.016 |   0.060 |   -0.254 | 
     | FE_OFC1546_wbm_adr_o_18 | A v -> Y ^      | CLKINVX8 | 0.023 |   0.083 |   -0.231 | 
     |                         | wbm_adr_o[18] ^ |          | 0.001 |   0.083 |   -0.230 | 
     +-----------------------------------------------------------------------------------+ 
Path 31: MET Early External Delay Assertion 
Endpoint:   wbm_adr_o[21]       (^) checked with  leading edge of 'clk'
Beginpoint: wbm_adr_o_reg[21]/Q (^) triggered by  leading edge of 'clk'
Path Groups: {reg2out}
Analysis View: analysis1
Other End Arrival Time          0.000
- External Delay                0.250
+ Phase Shift                   0.000
+ Uncertainty                   0.020
= Required Time                -0.230
  Arrival Time                  0.083
  Slack Time                    0.313
     Clock Rise Edge                 0.000
     + Clock Network Latency (Prop)  0.002
     = Beginpoint Arrival Time       0.002
     +-----------------------------------------------------------------------------------+ 
     |        Instance         |       Arc       |   Cell   | Delay | Arrival | Required | 
     |                         |                 |          |       |  Time   |   Time   | 
     |-------------------------+-----------------+----------+-------+---------+----------| 
     | wbm_adr_o_reg[21]       | CK ^            |          |       |   0.002 |   -0.311 | 
     | wbm_adr_o_reg[21]       | CK ^ -> Q ^     | SDFFQX1  | 0.045 |   0.048 |   -0.266 | 
     | FE_OFC1856_wbm_adr_o_21 | A ^ -> Y ^      | CLKBUFX8 | 0.035 |   0.083 |   -0.231 | 
     |                         | wbm_adr_o[21] ^ |          | 0.001 |   0.083 |   -0.230 | 
     +-----------------------------------------------------------------------------------+ 
Path 32: MET Early External Delay Assertion 
Endpoint:   pcpi_insn[1]                     (^) checked with  leading edge of 
'clk'
Beginpoint: picorv32_core_pcpi_insn_reg[1]/Q (^) triggered by  leading edge of 
'clk'
Path Groups: {reg2out}
Analysis View: analysis1
Other End Arrival Time          0.000
- External Delay                0.250
+ Phase Shift                   0.000
+ Uncertainty                   0.020
= Required Time                -0.230
  Arrival Time                  0.083
  Slack Time                    0.313
     Clock Rise Edge                 0.000
     + Clock Network Latency (Prop)  -0.002
     = Beginpoint Arrival Time       -0.002
     +-----------------------------------------------------------------------------------------+ 
     |            Instance            |      Arc       |   Cell   | Delay | Arrival | Required | 
     |                                |                |          |       |  Time   |   Time   | 
     |--------------------------------+----------------+----------+-------+---------+----------| 
     | picorv32_core_pcpi_insn_reg[1] | CK ^           |          |       |  -0.002 |   -0.315 | 
     | picorv32_core_pcpi_insn_reg[1] | CK ^ -> Q ^    | SDFFQX1  | 0.047 |   0.046 |   -0.267 | 
     | FE_OFC1628_pcpi_insn_1         | A ^ -> Y ^     | CLKBUFX8 | 0.034 |   0.080 |   -0.233 | 
     |                                | pcpi_insn[1] ^ |          | 0.003 |   0.083 |   -0.230 | 
     +-----------------------------------------------------------------------------------------+ 
Path 33: MET Early External Delay Assertion 
Endpoint:   wbm_adr_o[22]       (^) checked with  leading edge of 'clk'
Beginpoint: wbm_adr_o_reg[22]/Q (^) triggered by  leading edge of 'clk'
Path Groups: {reg2out}
Analysis View: analysis1
Other End Arrival Time          0.000
- External Delay                0.250
+ Phase Shift                   0.000
+ Uncertainty                   0.020
= Required Time                -0.230
  Arrival Time                  0.083
  Slack Time                    0.313
     Clock Rise Edge                 0.000
     + Clock Network Latency (Prop)  0.002
     = Beginpoint Arrival Time       0.002
     +-----------------------------------------------------------------------------------+ 
     |        Instance         |       Arc       |   Cell   | Delay | Arrival | Required | 
     |                         |                 |          |       |  Time   |   Time   | 
     |-------------------------+-----------------+----------+-------+---------+----------| 
     | wbm_adr_o_reg[22]       | CK ^            |          |       |   0.002 |   -0.311 | 
     | wbm_adr_o_reg[22]       | CK ^ -> Q ^     | SDFFQX1  | 0.046 |   0.048 |   -0.266 | 
     | FE_OFC1854_wbm_adr_o_22 | A ^ -> Y ^      | CLKBUFX8 | 0.035 |   0.083 |   -0.231 | 
     |                         | wbm_adr_o[22] ^ |          | 0.001 |   0.083 |   -0.230 | 
     +-----------------------------------------------------------------------------------+ 
Path 34: MET Early External Delay Assertion 
Endpoint:   wbm_cyc_o       (^) checked with  leading edge of 'clk'
Beginpoint: wbm_cyc_o_reg/Q (^) triggered by  leading edge of 'clk'
Path Groups: {reg2out}
Analysis View: analysis1
Other End Arrival Time          0.000
- External Delay                0.250
+ Phase Shift                   0.000
+ Uncertainty                   0.020
= Required Time                -0.230
  Arrival Time                  0.084
  Slack Time                    0.314
     Clock Rise Edge                 0.000
     + Clock Network Latency (Prop)  0.001
     = Beginpoint Arrival Time       0.001
     +----------------------------------------------------------------------------+ 
     |       Instance       |     Arc     |   Cell   | Delay | Arrival | Required | 
     |                      |             |          |       |  Time   |   Time   | 
     |----------------------+-------------+----------+-------+---------+----------| 
     | wbm_cyc_o_reg        | CK ^        |          |       |   0.001 |   -0.313 | 
     | wbm_cyc_o_reg        | CK ^ -> Q ^ | SDFFQX1  | 0.046 |   0.047 |   -0.267 | 
     | FE_OFC1595_wbm_cyc_o | A ^ -> Y ^  | CLKBUFX8 | 0.035 |   0.082 |   -0.232 | 
     |                      | wbm_cyc_o ^ |          | 0.002 |   0.084 |   -0.230 | 
     +----------------------------------------------------------------------------+ 
Path 35: MET Early External Delay Assertion 
Endpoint:   wbm_stb_o       (^) checked with  leading edge of 'clk'
Beginpoint: wbm_cyc_o_reg/Q (^) triggered by  leading edge of 'clk'
Path Groups: {reg2out}
Analysis View: analysis1
Other End Arrival Time          0.000
- External Delay                0.250
+ Phase Shift                   0.000
+ Uncertainty                   0.020
= Required Time                -0.230
  Arrival Time                  0.084
  Slack Time                    0.314
     Clock Rise Edge                 0.000
     + Clock Network Latency (Prop)  0.001
     = Beginpoint Arrival Time       0.001
     +----------------------------------------------------------------------------+ 
     |       Instance       |     Arc     |   Cell   | Delay | Arrival | Required | 
     |                      |             |          |       |  Time   |   Time   | 
     |----------------------+-------------+----------+-------+---------+----------| 
     | wbm_cyc_o_reg        | CK ^        |          |       |   0.001 |   -0.313 | 
     | wbm_cyc_o_reg        | CK ^ -> Q ^ | SDFFQX1  | 0.046 |   0.047 |   -0.267 | 
     | FE_OFC1200_wbm_cyc_o | A ^ -> Y ^  | CLKBUFX8 | 0.035 |   0.082 |   -0.232 | 
     |                      | wbm_stb_o ^ |          | 0.002 |   0.084 |   -0.230 | 
     +----------------------------------------------------------------------------+ 
Path 36: MET Early External Delay Assertion 
Endpoint:   eoi[22]                     (^) checked with  leading edge of 'clk'
Beginpoint: picorv32_core_eoi_reg[22]/Q (^) triggered by  leading edge of 'clk'
Path Groups: {reg2out}
Analysis View: analysis1
Other End Arrival Time          0.000
- External Delay                0.250
+ Phase Shift                   0.000
+ Uncertainty                   0.020
= Required Time                -0.230
  Arrival Time                  0.084
  Slack Time                    0.314
     Clock Rise Edge                 0.000
     + Clock Network Latency (Prop)  0.002
     = Beginpoint Arrival Time       0.002
     +---------------------------------------------------------------------------------+ 
     |         Instance          |     Arc     |   Cell   | Delay | Arrival | Required | 
     |                           |             |          |       |  Time   |   Time   | 
     |---------------------------+-------------+----------+-------+---------+----------| 
     | picorv32_core_eoi_reg[22] | CK ^        |          |       |   0.002 |   -0.312 | 
     | picorv32_core_eoi_reg[22] | CK ^ -> Q ^ | SDFFQX1  | 0.038 |   0.040 |   -0.274 | 
     | FE_OFC1821_eoi_22         | A ^ -> Y v  | INVX1    | 0.019 |   0.059 |   -0.255 | 
     | FE_OFC1822_eoi_22         | A v -> Y ^  | CLKINVX8 | 0.024 |   0.082 |   -0.231 | 
     |                           | eoi[22] ^   |          | 0.002 |   0.084 |   -0.230 | 
     +---------------------------------------------------------------------------------+ 
Path 37: MET Early External Delay Assertion 
Endpoint:   wbm_adr_o[31]       (^) checked with  leading edge of 'clk'
Beginpoint: wbm_adr_o_reg[31]/Q (^) triggered by  leading edge of 'clk'
Path Groups: {reg2out}
Analysis View: analysis1
Other End Arrival Time          0.000
- External Delay                0.250
+ Phase Shift                   0.000
+ Uncertainty                   0.020
= Required Time                -0.230
  Arrival Time                  0.084
  Slack Time                    0.314
     Clock Rise Edge                 0.000
     + Clock Network Latency (Prop)  0.004
     = Beginpoint Arrival Time       0.004
     +-----------------------------------------------------------------------------------+ 
     |        Instance         |       Arc       |   Cell   | Delay | Arrival | Required | 
     |                         |                 |          |       |  Time   |   Time   | 
     |-------------------------+-----------------+----------+-------+---------+----------| 
     | wbm_adr_o_reg[31]       | CK ^            |          |       |   0.004 |   -0.309 | 
     | wbm_adr_o_reg[31]       | CK ^ -> Q ^     | SDFFQX1  | 0.044 |   0.049 |   -0.265 | 
     | FE_OFC1022_wbm_adr_o_31 | A ^ -> Y ^      | CLKBUFX8 | 0.035 |   0.083 |   -0.231 | 
     |                         | wbm_adr_o[31] ^ |          | 0.001 |   0.084 |   -0.230 | 
     +-----------------------------------------------------------------------------------+ 
Path 38: MET Early External Delay Assertion 
Endpoint:   wbm_dat_o[20]       (^) checked with  leading edge of 'clk'
Beginpoint: wbm_dat_o_reg[20]/Q (^) triggered by  leading edge of 'clk'
Path Groups: {reg2out}
Analysis View: analysis1
Other End Arrival Time          0.000
- External Delay                0.250
+ Phase Shift                   0.000
+ Uncertainty                   0.020
= Required Time                -0.230
  Arrival Time                  0.084
  Slack Time                    0.314
     Clock Rise Edge                 0.000
     + Clock Network Latency (Prop)  0.000
     = Beginpoint Arrival Time       0.000
     +-----------------------------------------------------------------------------------+ 
     |        Instance         |       Arc       |   Cell   | Delay | Arrival | Required | 
     |                         |                 |          |       |  Time   |   Time   | 
     |-------------------------+-----------------+----------+-------+---------+----------| 
     | wbm_dat_o_reg[20]       | CK ^            |          |       |   0.000 |   -0.314 | 
     | wbm_dat_o_reg[20]       | CK ^ -> Q ^     | SDFFQX1  | 0.036 |   0.037 |   -0.277 | 
     | FE_OFC1121_wbm_dat_o_20 | A ^ -> Y v      | INVXL    | 0.023 |   0.059 |   -0.255 | 
     | FE_OFC1567_wbm_dat_o_20 | A v -> Y ^      | CLKINVX8 | 0.024 |   0.083 |   -0.231 | 
     |                         | wbm_dat_o[20] ^ |          | 0.001 |   0.084 |   -0.230 | 
     +-----------------------------------------------------------------------------------+ 
Path 39: MET Early External Delay Assertion 
Endpoint:   wbm_dat_o[8]       (^) checked with  leading edge of 'clk'
Beginpoint: wbm_dat_o_reg[8]/Q (^) triggered by  leading edge of 'clk'
Path Groups: {reg2out}
Analysis View: analysis1
Other End Arrival Time          0.000
- External Delay                0.250
+ Phase Shift                   0.000
+ Uncertainty                   0.020
= Required Time                -0.230
  Arrival Time                  0.084
  Slack Time                    0.314
     Clock Rise Edge                 0.000
     + Clock Network Latency (Prop)  0.000
     = Beginpoint Arrival Time       0.000
     +---------------------------------------------------------------------------------+ 
     |        Instance        |      Arc       |   Cell   | Delay | Arrival | Required | 
     |                        |                |          |       |  Time   |   Time   | 
     |------------------------+----------------+----------+-------+---------+----------| 
     | wbm_dat_o_reg[8]       | CK ^           |          |       |   0.000 |   -0.314 | 
     | wbm_dat_o_reg[8]       | CK ^ -> Q ^    | SDFFQX1  | 0.044 |   0.044 |   -0.270 | 
     | FE_OFC1580_wbm_dat_o_8 | A ^ -> Y v     | INVX1    | 0.016 |   0.060 |   -0.254 | 
     | FE_OFC1581_wbm_dat_o_8 | A v -> Y ^     | CLKINVX8 | 0.023 |   0.083 |   -0.231 | 
     |                        | wbm_dat_o[8] ^ |          | 0.001 |   0.084 |   -0.230 | 
     +---------------------------------------------------------------------------------+ 
Path 40: MET Early External Delay Assertion 
Endpoint:   eoi[21]                     (^) checked with  leading edge of 'clk'
Beginpoint: picorv32_core_eoi_reg[21]/Q (^) triggered by  leading edge of 'clk'
Path Groups: {reg2out}
Analysis View: analysis1
Other End Arrival Time          0.000
- External Delay                0.250
+ Phase Shift                   0.000
+ Uncertainty                   0.020
= Required Time                -0.230
  Arrival Time                  0.084
  Slack Time                    0.314
     Clock Rise Edge                 0.000
     + Clock Network Latency (Prop)  0.002
     = Beginpoint Arrival Time       0.002
     +---------------------------------------------------------------------------------+ 
     |         Instance          |     Arc     |   Cell   | Delay | Arrival | Required | 
     |                           |             |          |       |  Time   |   Time   | 
     |---------------------------+-------------+----------+-------+---------+----------| 
     | picorv32_core_eoi_reg[21] | CK ^        |          |       |   0.002 |   -0.313 | 
     | picorv32_core_eoi_reg[21] | CK ^ -> Q ^ | SDFFQX1  | 0.038 |   0.040 |   -0.274 | 
     | picorv32_core_g197457     | A ^ -> Y v  | INVX1    | 0.020 |   0.060 |   -0.254 | 
     | FE_OFC1485_eoi_21         | A v -> Y ^  | CLKINVX8 | 0.024 |   0.084 |   -0.231 | 
     |                           | eoi[21] ^   |          | 0.001 |   0.084 |   -0.230 | 
     +---------------------------------------------------------------------------------+ 
Path 41: MET Early External Delay Assertion 
Endpoint:   eoi[23]                     (^) checked with  leading edge of 'clk'
Beginpoint: picorv32_core_eoi_reg[23]/Q (^) triggered by  leading edge of 'clk'
Path Groups: {reg2out}
Analysis View: analysis1
Other End Arrival Time          0.000
- External Delay                0.250
+ Phase Shift                   0.000
+ Uncertainty                   0.020
= Required Time                -0.230
  Arrival Time                  0.084
  Slack Time                    0.314
     Clock Rise Edge                 0.000
     + Clock Network Latency (Prop)  0.002
     = Beginpoint Arrival Time       0.002
     +---------------------------------------------------------------------------------+ 
     |         Instance          |     Arc     |   Cell   | Delay | Arrival | Required | 
     |                           |             |          |       |  Time   |   Time   | 
     |---------------------------+-------------+----------+-------+---------+----------| 
     | picorv32_core_eoi_reg[23] | CK ^        |          |       |   0.002 |   -0.313 | 
     | picorv32_core_eoi_reg[23] | CK ^ -> Q ^ | SDFFQX1  | 0.039 |   0.041 |   -0.274 | 
     | picorv32_core_g197455     | A ^ -> Y v  | INVX1    | 0.020 |   0.060 |   -0.254 | 
     | FE_OFC748_eoi_23          | A v -> Y ^  | CLKINVX8 | 0.024 |   0.084 |   -0.231 | 
     |                           | eoi[23] ^   |          | 0.001 |   0.084 |   -0.230 | 
     +---------------------------------------------------------------------------------+ 
Path 42: MET Early External Delay Assertion 
Endpoint:   wbm_dat_o[17]       (^) checked with  leading edge of 'clk'
Beginpoint: wbm_dat_o_reg[17]/Q (^) triggered by  leading edge of 'clk'
Path Groups: {reg2out}
Analysis View: analysis1
Other End Arrival Time          0.000
- External Delay                0.250
+ Phase Shift                   0.000
+ Uncertainty                   0.020
= Required Time                -0.230
  Arrival Time                  0.084
  Slack Time                    0.314
     Clock Rise Edge                 0.000
     + Clock Network Latency (Prop)  0.001
     = Beginpoint Arrival Time       0.001
     +-----------------------------------------------------------------------------------+ 
     |        Instance         |       Arc       |   Cell   | Delay | Arrival | Required | 
     |                         |                 |          |       |  Time   |   Time   | 
     |-------------------------+-----------------+----------+-------+---------+----------| 
     | wbm_dat_o_reg[17]       | CK ^            |          |       |   0.001 |   -0.314 | 
     | wbm_dat_o_reg[17]       | CK ^ -> Q ^     | SDFFQX1  | 0.036 |   0.037 |   -0.278 | 
     | FE_OFC1131_wbm_dat_o_17 | A ^ -> Y v      | INVXL    | 0.022 |   0.059 |   -0.256 | 
     | FE_OFC1571_wbm_dat_o_17 | A v -> Y ^      | CLKINVX8 | 0.024 |   0.082 |   -0.232 | 
     |                         | wbm_dat_o[17] ^ |          | 0.002 |   0.084 |   -0.230 | 
     +-----------------------------------------------------------------------------------+ 
Path 43: MET Early External Delay Assertion 
Endpoint:   wbm_dat_o[14]       (^) checked with  leading edge of 'clk'
Beginpoint: wbm_dat_o_reg[14]/Q (^) triggered by  leading edge of 'clk'
Path Groups: {reg2out}
Analysis View: analysis1
Other End Arrival Time          0.000
- External Delay                0.250
+ Phase Shift                   0.000
+ Uncertainty                   0.020
= Required Time                -0.230
  Arrival Time                  0.084
  Slack Time                    0.314
     Clock Rise Edge                 0.000
     + Clock Network Latency (Prop)  0.001
     = Beginpoint Arrival Time       0.001
     +-----------------------------------------------------------------------------------+ 
     |        Instance         |       Arc       |   Cell   | Delay | Arrival | Required | 
     |                         |                 |          |       |  Time   |   Time   | 
     |-------------------------+-----------------+----------+-------+---------+----------| 
     | wbm_dat_o_reg[14]       | CK ^            |          |       |   0.001 |   -0.314 | 
     | wbm_dat_o_reg[14]       | CK ^ -> Q ^     | SDFFQX1  | 0.036 |   0.037 |   -0.278 | 
     | FE_OFC1140_wbm_dat_o_14 | A ^ -> Y v      | INVXL    | 0.022 |   0.059 |   -0.255 | 
     | FE_OFC1575_wbm_dat_o_14 | A v -> Y ^      | CLKINVX8 | 0.024 |   0.083 |   -0.232 | 
     |                         | wbm_dat_o[14] ^ |          | 0.002 |   0.084 |   -0.230 | 
     +-----------------------------------------------------------------------------------+ 
Path 44: MET Early External Delay Assertion 
Endpoint:   wbm_dat_o[0]       (^) checked with  leading edge of 'clk'
Beginpoint: wbm_dat_o_reg[0]/Q (^) triggered by  leading edge of 'clk'
Path Groups: {reg2out}
Analysis View: analysis1
Other End Arrival Time          0.000
- External Delay                0.250
+ Phase Shift                   0.000
+ Uncertainty                   0.020
= Required Time                -0.230
  Arrival Time                  0.085
  Slack Time                    0.315
     Clock Rise Edge                 0.000
     + Clock Network Latency (Prop)  0.001
     = Beginpoint Arrival Time       0.001
     +---------------------------------------------------------------------------------+ 
     |        Instance        |      Arc       |   Cell   | Delay | Arrival | Required | 
     |                        |                |          |       |  Time   |   Time   | 
     |------------------------+----------------+----------+-------+---------+----------| 
     | wbm_dat_o_reg[0]       | CK ^           |          |       |   0.001 |   -0.314 | 
     | wbm_dat_o_reg[0]       | CK ^ -> Q ^    | SDFFQX1  | 0.036 |   0.037 |   -0.278 | 
     | FE_OFC1180_wbm_dat_o_0 | A ^ -> Y v     | INVXL    | 0.022 |   0.059 |   -0.255 | 
     | FE_OFC1590_wbm_dat_o_0 | A v -> Y ^     | CLKINVX8 | 0.024 |   0.083 |   -0.232 | 
     |                        | wbm_dat_o[0] ^ |          | 0.002 |   0.085 |   -0.230 | 
     +---------------------------------------------------------------------------------+ 
Path 45: MET Early External Delay Assertion 
Endpoint:   pcpi_insn[2]                     (^) checked with  leading edge of 
'clk'
Beginpoint: picorv32_core_pcpi_insn_reg[2]/Q (^) triggered by  leading edge of 
'clk'
Path Groups: {reg2out}
Analysis View: analysis1
Other End Arrival Time          0.000
- External Delay                0.250
+ Phase Shift                   0.000
+ Uncertainty                   0.020
= Required Time                -0.230
  Arrival Time                  0.085
  Slack Time                    0.315
     Clock Rise Edge                 0.000
     + Clock Network Latency (Prop)  -0.002
     = Beginpoint Arrival Time       -0.002
     +-----------------------------------------------------------------------------------------+ 
     |            Instance            |      Arc       |   Cell   | Delay | Arrival | Required | 
     |                                |                |          |       |  Time   |   Time   | 
     |--------------------------------+----------------+----------+-------+---------+----------| 
     | picorv32_core_pcpi_insn_reg[2] | CK ^           |          |       |  -0.002 |   -0.316 | 
     | picorv32_core_pcpi_insn_reg[2] | CK ^ -> Q ^    | SDFFQX1  | 0.049 |   0.047 |   -0.267 | 
     | FE_OFC1627_pcpi_insn_2         | A ^ -> Y ^     | CLKBUFX8 | 0.035 |   0.082 |   -0.233 | 
     |                                | pcpi_insn[2] ^ |          | 0.003 |   0.085 |   -0.230 | 
     +-----------------------------------------------------------------------------------------+ 
Path 46: MET Early External Delay Assertion 
Endpoint:   eoi[17]                     (^) checked with  leading edge of 'clk'
Beginpoint: picorv32_core_eoi_reg[17]/Q (^) triggered by  leading edge of 'clk'
Path Groups: {reg2out}
Analysis View: analysis1
Other End Arrival Time          0.000
- External Delay                0.250
+ Phase Shift                   0.000
+ Uncertainty                   0.020
= Required Time                -0.230
  Arrival Time                  0.085
  Slack Time                    0.315
     Clock Rise Edge                 0.000
     + Clock Network Latency (Prop)  0.002
     = Beginpoint Arrival Time       0.002
     +---------------------------------------------------------------------------------+ 
     |         Instance          |     Arc     |   Cell   | Delay | Arrival | Required | 
     |                           |             |          |       |  Time   |   Time   | 
     |---------------------------+-------------+----------+-------+---------+----------| 
     | picorv32_core_eoi_reg[17] | CK ^        |          |       |   0.002 |   -0.313 | 
     | picorv32_core_eoi_reg[17] | CK ^ -> Q ^ | SDFFQX1  | 0.047 |   0.049 |   -0.266 | 
     | FE_OFC1489_eoi_17         | A ^ -> Y ^  | CLKBUFX8 | 0.036 |   0.084 |   -0.231 | 
     |                           | eoi[17] ^   |          | 0.001 |   0.085 |   -0.230 | 
     +---------------------------------------------------------------------------------+ 
Path 47: MET Early External Delay Assertion 
Endpoint:   pcpi_insn[4]                     (^) checked with  leading edge of 
'clk'
Beginpoint: picorv32_core_pcpi_insn_reg[4]/Q (^) triggered by  leading edge of 
'clk'
Path Groups: {reg2out}
Analysis View: analysis1
Other End Arrival Time          0.000
- External Delay                0.250
+ Phase Shift                   0.000
+ Uncertainty                   0.020
= Required Time                -0.230
  Arrival Time                  0.085
  Slack Time                    0.315
     Clock Rise Edge                 0.000
     + Clock Network Latency (Prop)  0.000
     = Beginpoint Arrival Time       0.000
     +-----------------------------------------------------------------------------------------+ 
     |            Instance            |      Arc       |   Cell   | Delay | Arrival | Required | 
     |                                |                |          |       |  Time   |   Time   | 
     |--------------------------------+----------------+----------+-------+---------+----------| 
     | picorv32_core_pcpi_insn_reg[4] | CK ^           |          |       |   0.000 |   -0.315 | 
     | picorv32_core_pcpi_insn_reg[4] | CK ^ -> Q ^    | SDFFQX1  | 0.048 |   0.048 |   -0.267 | 
     | FE_OFC1625_pcpi_insn_4         | A ^ -> Y ^     | CLKBUFX8 | 0.035 |   0.083 |   -0.232 | 
     |                                | pcpi_insn[4] ^ |          | 0.002 |   0.085 |   -0.230 | 
     +-----------------------------------------------------------------------------------------+ 
Path 48: MET Early External Delay Assertion 
Endpoint:   wbm_adr_o[5]       (^) checked with  leading edge of 'clk'
Beginpoint: wbm_adr_o_reg[5]/Q (^) triggered by  leading edge of 'clk'
Path Groups: {reg2out}
Analysis View: analysis1
Other End Arrival Time          0.000
- External Delay                0.250
+ Phase Shift                   0.000
+ Uncertainty                   0.020
= Required Time                -0.230
  Arrival Time                  0.085
  Slack Time                    0.315
     Clock Rise Edge                 0.000
     + Clock Network Latency (Prop)  0.004
     = Beginpoint Arrival Time       0.004
     +---------------------------------------------------------------------------------+ 
     |        Instance        |      Arc       |   Cell   | Delay | Arrival | Required | 
     |                        |                |          |       |  Time   |   Time   | 
     |------------------------+----------------+----------+-------+---------+----------| 
     | wbm_adr_o_reg[5]       | CK ^           |          |       |   0.004 |   -0.311 | 
     | wbm_adr_o_reg[5]       | CK ^ -> Q ^    | SDFFQX1  | 0.044 |   0.049 |   -0.266 | 
     | FE_OFC1083_wbm_adr_o_5 | A ^ -> Y ^     | CLKBUFX8 | 0.034 |   0.083 |   -0.232 | 
     |                        | wbm_adr_o[5] ^ |          | 0.002 |   0.085 |   -0.230 | 
     +---------------------------------------------------------------------------------+ 
Path 49: MET Early External Delay Assertion 
Endpoint:   wbm_adr_o[17]       (^) checked with  leading edge of 'clk'
Beginpoint: wbm_adr_o_reg[17]/Q (^) triggered by  leading edge of 'clk'
Path Groups: {reg2out}
Analysis View: analysis1
Other End Arrival Time          0.000
- External Delay                0.250
+ Phase Shift                   0.000
+ Uncertainty                   0.020
= Required Time                -0.230
  Arrival Time                  0.085
  Slack Time                    0.315
     Clock Rise Edge                 0.000
     + Clock Network Latency (Prop)  0.002
     = Beginpoint Arrival Time       0.002
     +-----------------------------------------------------------------------------------+ 
     |        Instance         |       Arc       |   Cell   | Delay | Arrival | Required | 
     |                         |                 |          |       |  Time   |   Time   | 
     |-------------------------+-----------------+----------+-------+---------+----------| 
     | wbm_adr_o_reg[17]       | CK ^            |          |       |   0.002 |   -0.313 | 
     | wbm_adr_o_reg[17]       | CK ^ -> Q ^     | SDFFQX1  | 0.043 |   0.045 |   -0.270 | 
     | FE_OFC1054_wbm_adr_o_17 | A ^ -> Y v      | INVX1    | 0.016 |   0.061 |   -0.254 | 
     | FE_OFC1548_wbm_adr_o_17 | A v -> Y ^      | CLKINVX8 | 0.023 |   0.084 |   -0.231 | 
     |                         | wbm_adr_o[17] ^ |          | 0.001 |   0.085 |   -0.230 | 
     +-----------------------------------------------------------------------------------+ 
Path 50: MET Early External Delay Assertion 
Endpoint:   eoi[18]                     (^) checked with  leading edge of 'clk'
Beginpoint: picorv32_core_eoi_reg[18]/Q (^) triggered by  leading edge of 'clk'
Path Groups: {reg2out}
Analysis View: analysis1
Other End Arrival Time          0.000
- External Delay                0.250
+ Phase Shift                   0.000
+ Uncertainty                   0.020
= Required Time                -0.230
  Arrival Time                  0.085
  Slack Time                    0.315
     Clock Rise Edge                 0.000
     + Clock Network Latency (Prop)  0.002
     = Beginpoint Arrival Time       0.002
     +---------------------------------------------------------------------------------+ 
     |         Instance          |     Arc     |   Cell   | Delay | Arrival | Required | 
     |                           |             |          |       |  Time   |   Time   | 
     |---------------------------+-------------+----------+-------+---------+----------| 
     | picorv32_core_eoi_reg[18] | CK ^        |          |       |   0.002 |   -0.313 | 
     | picorv32_core_eoi_reg[18] | CK ^ -> Q ^ | SDFFQX1  | 0.039 |   0.041 |   -0.274 | 
     | picorv32_core_g197077     | A ^ -> Y v  | INVX1    | 0.020 |   0.061 |   -0.254 | 
     | FE_OFC753_eoi_18          | A v -> Y ^  | CLKINVX8 | 0.024 |   0.085 |   -0.231 | 
     |                           | eoi[18] ^   |          | 0.001 |   0.085 |   -0.230 | 
     +---------------------------------------------------------------------------------+ 

