###############################################################
#  Generated by:      Cadence Innovus 21.35-s114_1
#  OS:                Linux x86_64(Host ID cn88.it.auth.gr)
#  Generated on:      Sun Nov 30 19:30:01 2025
#  Design:            picorv32_wb
#  Command:           report_timing -path_group reg2out -check_type setup -max_paths 50 > reports/postRouting/setup_reg2out.rpt
###############################################################
Path 1: MET Late External Delay Assertion 
Endpoint:   pcpi_rs2[2]                    (v) checked with  leading edge of 
'clk'
Beginpoint: picorv32_core_reg_op2_reg[2]/Q (v) triggered by  leading edge of 
'clk'
Path Groups: {reg2out}
Analysis View: analysis1
Other End Arrival Time          0.000
- External Delay                0.500
+ Phase Shift                   4.000
- Uncertainty                   0.020
= Required Time                 3.480
- Arrival Time                  0.531
= Slack Time                    2.949
     Clock Rise Edge                 0.000
     + Clock Network Latency (Prop)  0.003
     = Beginpoint Arrival Time       0.003
     +--------------------------------------------------------------------------------------+ 
     |           Instance           |      Arc      |   Cell   | Delay | Arrival | Required | 
     |                              |               |          |       |  Time   |   Time   | 
     |------------------------------+---------------+----------+-------+---------+----------| 
     | picorv32_core_reg_op2_reg[2] | CK ^          |          |       |   0.003 |    2.951 | 
     | picorv32_core_reg_op2_reg[2] | CK ^ -> Q v   | SDFFQX1  | 0.116 |   0.119 |    3.067 | 
     | FE_OFC1838_pcpi_rs2_2        | A v -> Y ^    | INVX1    | 0.102 |   0.221 |    3.169 | 
     | FE_OFC1870_pcpi_rs2_2        | A ^ -> Y v    | INVX1    | 0.110 |   0.330 |    3.279 | 
     | FE_OFC1871_pcpi_rs2_2        | A v -> Y ^    | INVX1    | 0.049 |   0.380 |    3.328 | 
     | FE_OFC1685_pcpi_rs2_2        | A ^ -> Y v    | CLKINVX8 | 0.135 |   0.515 |    3.463 | 
     |                              | pcpi_rs2[2] v |          | 0.017 |   0.531 |    3.480 | 
     +--------------------------------------------------------------------------------------+ 
Path 2: MET Late External Delay Assertion 
Endpoint:   pcpi_rs2[0]                    (v) checked with  leading edge of 
'clk'
Beginpoint: picorv32_core_reg_op2_reg[0]/Q (v) triggered by  leading edge of 
'clk'
Path Groups: {reg2out}
Analysis View: analysis1
Other End Arrival Time          0.000
- External Delay                0.500
+ Phase Shift                   4.000
- Uncertainty                   0.020
= Required Time                 3.480
- Arrival Time                  0.427
= Slack Time                    3.053
     Clock Rise Edge                 0.000
     + Clock Network Latency (Prop)  0.003
     = Beginpoint Arrival Time       0.003
     +-----------------------------------------------------------------------------------------+ 
     |            Instance             |      Arc      |   Cell   | Delay | Arrival | Required | 
     |                                 |               |          |       |  Time   |   Time   | 
     |---------------------------------+---------------+----------+-------+---------+----------| 
     | picorv32_core_reg_op2_reg[0]    | CK ^          |          |       |   0.003 |    3.056 | 
     | picorv32_core_reg_op2_reg[0]    | CK ^ -> Q v   | SDFFQX1  | 0.040 |   0.043 |    3.096 | 
     | FE_OFC1881_FE_OFN491_pcpi_rs2_0 | A v -> Y v    | BUFX2    | 0.082 |   0.125 |    3.178 | 
     | FE_OFC921_pcpi_rs2_0            | A v -> Y ^    | INVX1    | 0.042 |   0.168 |    3.220 | 
     | FE_OFC922_pcpi_rs2_0            | A ^ -> Y v    | INVX2    | 0.070 |   0.237 |    3.290 | 
     | FE_OFC1466_pcpi_rs2_0           | A v -> Y ^    | INVX1    | 0.042 |   0.279 |    3.332 | 
     | FE_OFC1467_pcpi_rs2_0           | A ^ -> Y v    | CLKINVX8 | 0.136 |   0.415 |    3.468 | 
     |                                 | pcpi_rs2[0] v |          | 0.012 |   0.427 |    3.480 | 
     +-----------------------------------------------------------------------------------------+ 
Path 3: MET Late External Delay Assertion 
Endpoint:   pcpi_rs2[17]                    (v) checked with  leading edge of 
'clk'
Beginpoint: picorv32_core_reg_op2_reg[17]/Q (v) triggered by  leading edge of 
'clk'
Path Groups: {reg2out}
Analysis View: analysis1
Other End Arrival Time          0.000
- External Delay                0.500
+ Phase Shift                   4.000
- Uncertainty                   0.020
= Required Time                 3.480
- Arrival Time                  0.407
= Slack Time                    3.073
     Clock Rise Edge                 0.000
     + Clock Network Latency (Prop)  0.004
     = Beginpoint Arrival Time       0.004
     +----------------------------------------------------------------------------------------+ 
     |           Instance            |      Arc       |   Cell   | Delay | Arrival | Required | 
     |                               |                |          |       |  Time   |   Time   | 
     |-------------------------------+----------------+----------+-------+---------+----------| 
     | picorv32_core_reg_op2_reg[17] | CK ^           |          |       |   0.004 |    3.077 | 
     | picorv32_core_reg_op2_reg[17] | CK ^ -> Q v    | SDFFQX1  | 0.119 |   0.123 |    3.196 | 
     | FE_OFC1877_pcpi_rs2_17        | A v -> Y ^     | INVXL    | 0.054 |   0.177 |    3.250 | 
     | FE_OFC1878_pcpi_rs2_17        | A ^ -> Y v     | INVX1    | 0.067 |   0.244 |    3.317 | 
     | FE_OFC1672_pcpi_rs2_17        | A v -> Y v     | CLKBUFX8 | 0.151 |   0.395 |    3.468 | 
     |                               | pcpi_rs2[17] v |          | 0.012 |   0.407 |    3.480 | 
     +----------------------------------------------------------------------------------------+ 
Path 4: MET Late External Delay Assertion 
Endpoint:   pcpi_rs2[1]                    (v) checked with  leading edge of 
'clk'
Beginpoint: picorv32_core_reg_op2_reg[1]/Q (v) triggered by  leading edge of 
'clk'
Path Groups: {reg2out}
Analysis View: analysis1
Other End Arrival Time          0.000
- External Delay                0.500
+ Phase Shift                   4.000
- Uncertainty                   0.020
= Required Time                 3.480
- Arrival Time                  0.404
= Slack Time                    3.076
     Clock Rise Edge                 0.000
     + Clock Network Latency (Prop)  0.003
     = Beginpoint Arrival Time       0.003
     +--------------------------------------------------------------------------------------+ 
     |           Instance           |      Arc      |   Cell   | Delay | Arrival | Required | 
     |                              |               |          |       |  Time   |   Time   | 
     |------------------------------+---------------+----------+-------+---------+----------| 
     | picorv32_core_reg_op2_reg[1] | CK ^          |          |       |   0.003 |    3.079 | 
     | picorv32_core_reg_op2_reg[1] | CK ^ -> Q v   | SDFFQX1  | 0.100 |   0.102 |    3.179 | 
     | FE_OFC1462_pcpi_rs2_1        | A v -> Y v    | BUFX2    | 0.105 |   0.207 |    3.283 | 
     | FE_OFC1755_pcpi_rs2_1        | A v -> Y ^    | INVX1    | 0.048 |   0.255 |    3.331 | 
     | FE_OFC1687_pcpi_rs2_1        | A ^ -> Y v    | CLKINVX8 | 0.139 |   0.394 |    3.470 | 
     |                              | pcpi_rs2[1] v |          | 0.010 |   0.404 |    3.480 | 
     +--------------------------------------------------------------------------------------+ 
Path 5: MET Late External Delay Assertion 
Endpoint:   pcpi_rs2[3]                     (v) checked with  leading edge of 
'clk'
Beginpoint: picorv32_core_reg_op2_reg[3]/QN (^) triggered by  leading edge of 
'clk'
Path Groups: {reg2out}
Analysis View: analysis1
Other End Arrival Time          0.000
- External Delay                0.500
+ Phase Shift                   4.000
- Uncertainty                   0.020
= Required Time                 3.480
- Arrival Time                  0.396
= Slack Time                    3.084
     Clock Rise Edge                 0.000
     + Clock Network Latency (Prop)  0.003
     = Beginpoint Arrival Time       0.003
     +--------------------------------------------------------------------------------------+ 
     |            Instance            |      Arc      |  Cell  | Delay | Arrival | Required | 
     |                                |               |        |       |  Time   |   Time   | 
     |--------------------------------+---------------+--------+-------+---------+----------| 
     | picorv32_core_reg_op2_reg[3]   | CK ^          |        |       |   0.003 |    3.088 | 
     | picorv32_core_reg_op2_reg[3]   | CK ^ -> QN ^  | SDFFX1 | 0.133 |   0.136 |    3.221 | 
     | FE_OFC1805_picorv32_core_n_901 | A ^ -> Y v    | INVX2  | 0.092 |   0.229 |    3.313 | 
     | FE_OFC1734_pcpi_rs2_3          | A v -> Y v    | BUFX8  | 0.158 |   0.387 |    3.471 | 
     |                                | pcpi_rs2[3] v |        | 0.009 |   0.396 |    3.480 | 
     +--------------------------------------------------------------------------------------+ 
Path 6: MET Late External Delay Assertion 
Endpoint:   pcpi_rs1[27]                    (v) checked with  leading edge of 
'clk'
Beginpoint: picorv32_core_reg_op1_reg[27]/Q (v) triggered by  leading edge of 
'clk'
Path Groups: {reg2out}
Analysis View: analysis1
Other End Arrival Time          0.000
- External Delay                0.500
+ Phase Shift                   4.000
- Uncertainty                   0.020
= Required Time                 3.480
- Arrival Time                  0.391
= Slack Time                    3.089
     Clock Rise Edge                 0.000
     + Clock Network Latency (Prop)  -0.001
     = Beginpoint Arrival Time       -0.001
     +----------------------------------------------------------------------------------------+ 
     |           Instance            |      Arc       |   Cell   | Delay | Arrival | Required | 
     |                               |                |          |       |  Time   |   Time   | 
     |-------------------------------+----------------+----------+-------+---------+----------| 
     | picorv32_core_reg_op1_reg[27] | CK ^           |          |       |  -0.001 |    3.089 | 
     | picorv32_core_reg_op1_reg[27] | CK ^ -> Q v    | SDFFQX1  | 0.121 |   0.121 |    3.210 | 
     | FE_OFC307_pcpi_rs1_27         | A v -> Y ^     | INVX1    | 0.085 |   0.205 |    3.295 | 
     | FE_OFC680_pcpi_rs1_27         | A ^ -> Y v     | INVX1    | 0.031 |   0.237 |    3.326 | 
     | FE_OFC1633_pcpi_rs1_27        | A v -> Y v     | CLKBUFX8 | 0.136 |   0.373 |    3.462 | 
     |                               | pcpi_rs1[27] v |          | 0.018 |   0.391 |    3.480 | 
     +----------------------------------------------------------------------------------------+ 
Path 7: MET Late External Delay Assertion 
Endpoint:   pcpi_rs1[29]                    (v) checked with  leading edge of 
'clk'
Beginpoint: picorv32_core_reg_op1_reg[29]/Q (v) triggered by  leading edge of 
'clk'
Path Groups: {reg2out}
Analysis View: analysis1
Other End Arrival Time          0.000
- External Delay                0.500
+ Phase Shift                   4.000
- Uncertainty                   0.020
= Required Time                 3.480
- Arrival Time                  0.387
= Slack Time                    3.093
     Clock Rise Edge                 0.000
     + Clock Network Latency (Prop)  0.004
     = Beginpoint Arrival Time       0.004
     +----------------------------------------------------------------------------------------+ 
     |           Instance            |      Arc       |   Cell   | Delay | Arrival | Required | 
     |                               |                |          |       |  Time   |   Time   | 
     |-------------------------------+----------------+----------+-------+---------+----------| 
     | picorv32_core_reg_op1_reg[29] | CK ^           |          |       |   0.004 |    3.097 | 
     | picorv32_core_reg_op1_reg[29] | CK ^ -> Q v    | SDFFQX1  | 0.124 |   0.128 |    3.221 | 
     | FE_OFC302_pcpi_rs1_29         | A v -> Y ^     | INVX1    | 0.092 |   0.220 |    3.312 | 
     | FE_OFC1279_pcpi_rs1_29        | A ^ -> Y v     | CLKINVX8 | 0.158 |   0.378 |    3.470 | 
     |                               | pcpi_rs1[29] v |          | 0.010 |   0.387 |    3.480 | 
     +----------------------------------------------------------------------------------------+ 
Path 8: MET Late External Delay Assertion 
Endpoint:   pcpi_rs2[21]                    (v) checked with  leading edge of 
'clk'
Beginpoint: picorv32_core_reg_op2_reg[21]/Q (v) triggered by  leading edge of 
'clk'
Path Groups: {reg2out}
Analysis View: analysis1
Other End Arrival Time          0.000
- External Delay                0.500
+ Phase Shift                   4.000
- Uncertainty                   0.020
= Required Time                 3.480
- Arrival Time                  0.375
= Slack Time                    3.105
     Clock Rise Edge                 0.000
     + Clock Network Latency (Prop)  -0.003
     = Beginpoint Arrival Time       -0.003
     +----------------------------------------------------------------------------------------+ 
     |           Instance            |      Arc       |   Cell   | Delay | Arrival | Required | 
     |                               |                |          |       |  Time   |   Time   | 
     |-------------------------------+----------------+----------+-------+---------+----------| 
     | picorv32_core_reg_op2_reg[21] | CK ^           |          |       |  -0.003 |    3.101 | 
     | picorv32_core_reg_op2_reg[21] | CK ^ -> Q v    | SDFFQX1  | 0.075 |   0.071 |    3.176 | 
     | FE_OFC1879_pcpi_rs2_21        | A v -> Y ^     | INVX1    | 0.045 |   0.116 |    3.220 | 
     | FE_OFC1880_pcpi_rs2_21        | A ^ -> Y v     | INVX1    | 0.092 |   0.207 |    3.312 | 
     | FE_OFC1668_pcpi_rs2_21        | A v -> Y v     | CLKBUFX8 | 0.156 |   0.364 |    3.469 | 
     |                               | pcpi_rs2[21] v |          | 0.012 |   0.375 |    3.480 | 
     +----------------------------------------------------------------------------------------+ 
Path 9: MET Late External Delay Assertion 
Endpoint:   pcpi_rs2[16]                    (v) checked with  leading edge of 
'clk'
Beginpoint: picorv32_core_reg_op2_reg[16]/Q (v) triggered by  leading edge of 
'clk'
Path Groups: {reg2out}
Analysis View: analysis1
Other End Arrival Time          0.000
- External Delay                0.500
+ Phase Shift                   4.000
- Uncertainty                   0.020
= Required Time                 3.480
- Arrival Time                  0.372
= Slack Time                    3.108
     Clock Rise Edge                 0.000
     + Clock Network Latency (Prop)  0.003
     = Beginpoint Arrival Time       0.003
     +----------------------------------------------------------------------------------------+ 
     |           Instance            |      Arc       |   Cell   | Delay | Arrival | Required | 
     |                               |                |          |       |  Time   |   Time   | 
     |-------------------------------+----------------+----------+-------+---------+----------| 
     | picorv32_core_reg_op2_reg[16] | CK ^           |          |       |   0.003 |    3.111 | 
     | picorv32_core_reg_op2_reg[16] | CK ^ -> Q v    | SDFFQX1  | 0.143 |   0.147 |    3.254 | 
     | FE_OFC1412_pcpi_rs2_16        | A v -> Y ^     | INVX1    | 0.058 |   0.204 |    3.312 | 
     | FE_OFC1413_pcpi_rs2_16        | A ^ -> Y v     | INVX1    | 0.018 |   0.222 |    3.329 | 
     | FE_OFC1673_pcpi_rs2_16        | A v -> Y v     | CLKBUFX8 | 0.139 |   0.361 |    3.469 | 
     |                               | pcpi_rs2[16] v |          | 0.011 |   0.372 |    3.480 | 
     +----------------------------------------------------------------------------------------+ 
Path 10: MET Late External Delay Assertion 
Endpoint:   pcpi_rs1[18]                    (v) checked with  leading edge of 
'clk'
Beginpoint: picorv32_core_reg_op1_reg[18]/Q (v) triggered by  leading edge of 
'clk'
Path Groups: {reg2out}
Analysis View: analysis1
Other End Arrival Time          0.000
- External Delay                0.500
+ Phase Shift                   4.000
- Uncertainty                   0.020
= Required Time                 3.480
- Arrival Time                  0.370
= Slack Time                    3.110
     Clock Rise Edge                 0.000
     + Clock Network Latency (Prop)  0.003
     = Beginpoint Arrival Time       0.003
     +----------------------------------------------------------------------------------------+ 
     |           Instance            |      Arc       |   Cell   | Delay | Arrival | Required | 
     |                               |                |          |       |  Time   |   Time   | 
     |-------------------------------+----------------+----------+-------+---------+----------| 
     | picorv32_core_reg_op1_reg[18] | CK ^           |          |       |   0.003 |    3.114 | 
     | picorv32_core_reg_op1_reg[18] | CK ^ -> Q v    | SDFFQX1  | 0.046 |   0.050 |    3.160 | 
     | FE_OFC926_pcpi_rs1_18         | A v -> Y ^     | INVX1    | 0.018 |   0.067 |    3.178 | 
     | FE_OFC927_pcpi_rs1_18         | A ^ -> Y v     | INVX1    | 0.095 |   0.163 |    3.273 | 
     | FE_OFC1307_pcpi_rs1_18        | A v -> Y ^     | INVX1    | 0.056 |   0.219 |    3.329 | 
     | FE_OFC1637_pcpi_rs1_18        | A ^ -> Y v     | CLKINVX8 | 0.140 |   0.359 |    3.469 | 
     |                               | pcpi_rs1[18] v |          | 0.011 |   0.370 |    3.480 | 
     +----------------------------------------------------------------------------------------+ 
Path 11: MET Late External Delay Assertion 
Endpoint:   pcpi_rs2[15]                    (v) checked with  leading edge of 
'clk'
Beginpoint: picorv32_core_reg_op2_reg[15]/Q (v) triggered by  leading edge of 
'clk'
Path Groups: {reg2out}
Analysis View: analysis1
Other End Arrival Time          0.000
- External Delay                0.500
+ Phase Shift                   4.000
- Uncertainty                   0.020
= Required Time                 3.480
- Arrival Time                  0.369
= Slack Time                    3.111
     Clock Rise Edge                 0.000
     + Clock Network Latency (Prop)  -0.000
     = Beginpoint Arrival Time       -0.000
     +----------------------------------------------------------------------------------------+ 
     |           Instance            |      Arc       |   Cell   | Delay | Arrival | Required | 
     |                               |                |          |       |  Time   |   Time   | 
     |-------------------------------+----------------+----------+-------+---------+----------| 
     | picorv32_core_reg_op2_reg[15] | CK ^           |          |       |  -0.000 |    3.111 | 
     | picorv32_core_reg_op2_reg[15] | CK ^ -> Q v    | SDFFQX1  | 0.131 |   0.131 |    3.242 | 
     | FE_OFC1414_pcpi_rs2_15        | A v -> Y ^     | INVXL    | 0.079 |   0.210 |    3.321 | 
     | FE_OFC1675_pcpi_rs2_15        | A ^ -> Y v     | CLKINVX8 | 0.145 |   0.355 |    3.466 | 
     |                               | pcpi_rs2[15] v |          | 0.014 |   0.369 |    3.480 | 
     +----------------------------------------------------------------------------------------+ 
Path 12: MET Late External Delay Assertion 
Endpoint:   pcpi_rs1[19]                    (v) checked with  leading edge of 
'clk'
Beginpoint: picorv32_core_reg_op1_reg[19]/Q (v) triggered by  leading edge of 
'clk'
Path Groups: {reg2out}
Analysis View: analysis1
Other End Arrival Time          0.000
- External Delay                0.500
+ Phase Shift                   4.000
- Uncertainty                   0.020
= Required Time                 3.480
- Arrival Time                  0.369
= Slack Time                    3.111
     Clock Rise Edge                 0.000
     + Clock Network Latency (Prop)  0.003
     = Beginpoint Arrival Time       0.003
     +----------------------------------------------------------------------------------------+ 
     |           Instance            |      Arc       |   Cell   | Delay | Arrival | Required | 
     |                               |                |          |       |  Time   |   Time   | 
     |-------------------------------+----------------+----------+-------+---------+----------| 
     | picorv32_core_reg_op1_reg[19] | CK ^           |          |       |   0.003 |    3.114 | 
     | picorv32_core_reg_op1_reg[19] | CK ^ -> Q v    | SDFFQX1  | 0.046 |   0.049 |    3.160 | 
     | FE_OFC1829_pcpi_rs1_19        | A v -> Y ^     | INVX1    | 0.016 |   0.065 |    3.177 | 
     | FE_OFC1830_pcpi_rs1_19        | A ^ -> Y v     | INVX1    | 0.097 |   0.162 |    3.274 | 
     | FE_OFC1831_pcpi_rs1_19        | A v -> Y ^     | INVX1    | 0.057 |   0.219 |    3.331 | 
     | FE_OFC1305_pcpi_rs1_19        | A ^ -> Y v     | CLKINVX8 | 0.143 |   0.362 |    3.473 | 
     |                               | pcpi_rs1[19] v |          | 0.007 |   0.369 |    3.480 | 
     +----------------------------------------------------------------------------------------+ 
Path 13: MET Late External Delay Assertion 
Endpoint:   pcpi_rs2[14]                    (v) checked with  leading edge of 
'clk'
Beginpoint: picorv32_core_reg_op2_reg[14]/Q (v) triggered by  leading edge of 
'clk'
Path Groups: {reg2out}
Analysis View: analysis1
Other End Arrival Time          0.000
- External Delay                0.500
+ Phase Shift                   4.000
- Uncertainty                   0.020
= Required Time                 3.480
- Arrival Time                  0.361
= Slack Time                    3.119
     Clock Rise Edge                 0.000
     + Clock Network Latency (Prop)  0.000
     = Beginpoint Arrival Time       0.000
     +----------------------------------------------------------------------------------------+ 
     |           Instance            |      Arc       |   Cell   | Delay | Arrival | Required | 
     |                               |                |          |       |  Time   |   Time   | 
     |-------------------------------+----------------+----------+-------+---------+----------| 
     | picorv32_core_reg_op2_reg[14] | CK ^           |          |       |   0.000 |    3.119 | 
     | picorv32_core_reg_op2_reg[14] | CK ^ -> Q v    | SDFFQX1  | 0.125 |   0.125 |    3.244 | 
     | FE_OFC1417_pcpi_rs2_14        | A v -> Y ^     | INVXL    | 0.062 |   0.187 |    3.307 | 
     | FE_OFC1677_pcpi_rs2_14        | A ^ -> Y v     | INVX1    | 0.022 |   0.209 |    3.329 | 
     | FE_OFC1885_pcpi_rs2_14        | A v -> Y v     | CLKBUFX8 | 0.142 |   0.351 |    3.470 | 
     |                               | pcpi_rs2[14] v |          | 0.010 |   0.361 |    3.480 | 
     +----------------------------------------------------------------------------------------+ 
Path 14: MET Late External Delay Assertion 
Endpoint:   pcpi_rs1[21]                    (v) checked with  leading edge of 
'clk'
Beginpoint: picorv32_core_reg_op1_reg[21]/Q (v) triggered by  leading edge of 
'clk'
Path Groups: {reg2out}
Analysis View: analysis1
Other End Arrival Time          0.000
- External Delay                0.500
+ Phase Shift                   4.000
- Uncertainty                   0.020
= Required Time                 3.480
- Arrival Time                  0.354
= Slack Time                    3.126
     Clock Rise Edge                 0.000
     + Clock Network Latency (Prop)  0.002
     = Beginpoint Arrival Time       0.002
     +----------------------------------------------------------------------------------------+ 
     |           Instance            |      Arc       |   Cell   | Delay | Arrival | Required | 
     |                               |                |          |       |  Time   |   Time   | 
     |-------------------------------+----------------+----------+-------+---------+----------| 
     | picorv32_core_reg_op1_reg[21] | CK ^           |          |       |   0.002 |    3.129 | 
     | picorv32_core_reg_op1_reg[21] | CK ^ -> Q v    | SDFFQX1  | 0.140 |   0.142 |    3.268 | 
     | FE_OFC1799_pcpi_rs1_21        | A v -> Y ^     | INVX1    | 0.062 |   0.203 |    3.330 | 
     | FE_OFC1301_pcpi_rs1_21        | A ^ -> Y v     | CLKINVX8 | 0.143 |   0.347 |    3.473 | 
     |                               | pcpi_rs1[21] v |          | 0.007 |   0.354 |    3.480 | 
     +----------------------------------------------------------------------------------------+ 
Path 15: MET Late External Delay Assertion 
Endpoint:   pcpi_rs1[31]                    (v) checked with  leading edge of 
'clk'
Beginpoint: picorv32_core_reg_op1_reg[31]/Q (v) triggered by  leading edge of 
'clk'
Path Groups: {reg2out}
Analysis View: analysis1
Other End Arrival Time          0.000
- External Delay                0.500
+ Phase Shift                   4.000
- Uncertainty                   0.020
= Required Time                 3.480
- Arrival Time                  0.353
= Slack Time                    3.127
     Clock Rise Edge                 0.000
     + Clock Network Latency (Prop)  0.003
     = Beginpoint Arrival Time       0.003
     +----------------------------------------------------------------------------------------+ 
     |           Instance            |      Arc       |   Cell   | Delay | Arrival | Required | 
     |                               |                |          |       |  Time   |   Time   | 
     |-------------------------------+----------------+----------+-------+---------+----------| 
     | picorv32_core_reg_op1_reg[31] | CK ^           |          |       |   0.003 |    3.129 | 
     | picorv32_core_reg_op1_reg[31] | CK ^ -> Q v    | SDFFQX1  | 0.058 |   0.060 |    3.187 | 
     | FE_OFC1271_pcpi_rs1_31        | A v -> Y ^     | INVXL    | 0.055 |   0.115 |    3.242 | 
     | FE_OFC1275_pcpi_rs1_31        | A ^ -> Y v     | INVX1    | 0.075 |   0.190 |    3.316 | 
     | FE_OFC1631_pcpi_rs1_31        | A v -> Y v     | CLKBUFX8 | 0.154 |   0.344 |    3.470 | 
     |                               | pcpi_rs1[31] v |          | 0.009 |   0.353 |    3.480 | 
     +----------------------------------------------------------------------------------------+ 
Path 16: MET Late External Delay Assertion 
Endpoint:   pcpi_rs2[31]                    (v) checked with  leading edge of 
'clk'
Beginpoint: picorv32_core_reg_op2_reg[31]/Q (v) triggered by  leading edge of 
'clk'
Path Groups: {reg2out}
Analysis View: analysis1
Other End Arrival Time          0.000
- External Delay                0.500
+ Phase Shift                   4.000
- Uncertainty                   0.020
= Required Time                 3.480
- Arrival Time                  0.350
= Slack Time                    3.130
     Clock Rise Edge                 0.000
     + Clock Network Latency (Prop)  0.002
     = Beginpoint Arrival Time       0.002
     +----------------------------------------------------------------------------------------+ 
     |           Instance            |      Arc       |   Cell   | Delay | Arrival | Required | 
     |                               |                |          |       |  Time   |   Time   | 
     |-------------------------------+----------------+----------+-------+---------+----------| 
     | picorv32_core_reg_op2_reg[31] | CK ^           |          |       |   0.002 |    3.133 | 
     | picorv32_core_reg_op2_reg[31] | CK ^ -> Q v    | SDFFQX1  | 0.138 |   0.140 |    3.270 | 
     | FE_OFC1803_pcpi_rs2_31        | A v -> Y ^     | INVX1    | 0.058 |   0.198 |    3.328 | 
     | FE_OFC1659_pcpi_rs2_31        | A ^ -> Y v     | CLKINVX8 | 0.141 |   0.338 |    3.469 | 
     |                               | pcpi_rs2[31] v |          | 0.011 |   0.350 |    3.480 | 
     +----------------------------------------------------------------------------------------+ 
Path 17: MET Late External Delay Assertion 
Endpoint:   pcpi_rs2[28]                    (v) checked with  leading edge of 
'clk'
Beginpoint: picorv32_core_reg_op2_reg[28]/Q (v) triggered by  leading edge of 
'clk'
Path Groups: {reg2out}
Analysis View: analysis1
Other End Arrival Time          0.000
- External Delay                0.500
+ Phase Shift                   4.000
- Uncertainty                   0.020
= Required Time                 3.480
- Arrival Time                  0.345
= Slack Time                    3.135
     Clock Rise Edge                 0.000
     + Clock Network Latency (Prop)  0.001
     = Beginpoint Arrival Time       0.001
     +----------------------------------------------------------------------------------------+ 
     |           Instance            |      Arc       |   Cell   | Delay | Arrival | Required | 
     |                               |                |          |       |  Time   |   Time   | 
     |-------------------------------+----------------+----------+-------+---------+----------| 
     | picorv32_core_reg_op2_reg[28] | CK ^           |          |       |   0.001 |    3.137 | 
     | picorv32_core_reg_op2_reg[28] | CK ^ -> Q v    | SDFFQX1  | 0.133 |   0.134 |    3.270 | 
     | FE_OFC1802_pcpi_rs2_28        | A v -> Y ^     | INVX1    | 0.058 |   0.192 |    3.328 | 
     | FE_OFC1663_pcpi_rs2_28        | A ^ -> Y v     | CLKINVX8 | 0.141 |   0.333 |    3.469 | 
     |                               | pcpi_rs2[28] v |          | 0.011 |   0.345 |    3.480 | 
     +----------------------------------------------------------------------------------------+ 
Path 18: MET Late External Delay Assertion 
Endpoint:   pcpi_rs1[25]                    (v) checked with  leading edge of 
'clk'
Beginpoint: picorv32_core_reg_op1_reg[25]/Q (v) triggered by  leading edge of 
'clk'
Path Groups: {reg2out}
Analysis View: analysis1
Other End Arrival Time          0.000
- External Delay                0.500
+ Phase Shift                   4.000
- Uncertainty                   0.020
= Required Time                 3.480
- Arrival Time                  0.343
= Slack Time                    3.137
     Clock Rise Edge                 0.000
     + Clock Network Latency (Prop)  0.000
     = Beginpoint Arrival Time       0.000
     +----------------------------------------------------------------------------------------+ 
     |           Instance            |      Arc       |   Cell   | Delay | Arrival | Required | 
     |                               |                |          |       |  Time   |   Time   | 
     |-------------------------------+----------------+----------+-------+---------+----------| 
     | picorv32_core_reg_op1_reg[25] | CK ^           |          |       |   0.000 |    3.137 | 
     | picorv32_core_reg_op1_reg[25] | CK ^ -> Q v    | SDFFQX1  | 0.133 |   0.133 |    3.270 | 
     | FE_OFC1289_pcpi_rs1_25        | A v -> Y ^     | INVX1    | 0.058 |   0.191 |    3.328 | 
     | FE_OFC1290_pcpi_rs1_25        | A ^ -> Y v     | CLKINVX8 | 0.139 |   0.331 |    3.467 | 
     |                               | pcpi_rs1[25] v |          | 0.013 |   0.343 |    3.480 | 
     +----------------------------------------------------------------------------------------+ 
Path 19: MET Late External Delay Assertion 
Endpoint:   pcpi_rs1[24]                    (v) checked with  leading edge of 
'clk'
Beginpoint: picorv32_core_reg_op1_reg[24]/Q (v) triggered by  leading edge of 
'clk'
Path Groups: {reg2out}
Analysis View: analysis1
Other End Arrival Time          0.000
- External Delay                0.500
+ Phase Shift                   4.000
- Uncertainty                   0.020
= Required Time                 3.480
- Arrival Time                  0.343
= Slack Time                    3.137
     Clock Rise Edge                 0.000
     + Clock Network Latency (Prop)  0.000
     = Beginpoint Arrival Time       0.000
     +----------------------------------------------------------------------------------------+ 
     |           Instance            |      Arc       |   Cell   | Delay | Arrival | Required | 
     |                               |                |          |       |  Time   |   Time   | 
     |-------------------------------+----------------+----------+-------+---------+----------| 
     | picorv32_core_reg_op1_reg[24] | CK ^           |          |       |   0.000 |    3.137 | 
     | picorv32_core_reg_op1_reg[24] | CK ^ -> Q v    | SDFFQX1  | 0.133 |   0.133 |    3.270 | 
     | FE_OFC1291_pcpi_rs1_24        | A v -> Y ^     | INVX1    | 0.059 |   0.192 |    3.329 | 
     | FE_OFC1292_pcpi_rs1_24        | A ^ -> Y v     | CLKINVX8 | 0.140 |   0.331 |    3.469 | 
     |                               | pcpi_rs1[24] v |          | 0.012 |   0.343 |    3.480 | 
     +----------------------------------------------------------------------------------------+ 
Path 20: MET Late External Delay Assertion 
Endpoint:   pcpi_rs2[8]                    (v) checked with  leading edge of 
'clk'
Beginpoint: picorv32_core_reg_op2_reg[8]/Q (v) triggered by  leading edge of 
'clk'
Path Groups: {reg2out}
Analysis View: analysis1
Other End Arrival Time          0.000
- External Delay                0.500
+ Phase Shift                   4.000
- Uncertainty                   0.020
= Required Time                 3.480
- Arrival Time                  0.342
= Slack Time                    3.138
     Clock Rise Edge                 0.000
     + Clock Network Latency (Prop)  0.002
     = Beginpoint Arrival Time       0.002
     +--------------------------------------------------------------------------------------+ 
     |           Instance           |      Arc      |   Cell   | Delay | Arrival | Required | 
     |                              |               |          |       |  Time   |   Time   | 
     |------------------------------+---------------+----------+-------+---------+----------| 
     | picorv32_core_reg_op2_reg[8] | CK ^          |          |       |   0.002 |    3.140 | 
     | picorv32_core_reg_op2_reg[8] | CK ^ -> Q v   | SDFFQX1  | 0.128 |   0.131 |    3.268 | 
     | FE_OFC1806_pcpi_rs2_8        | A v -> Y ^    | INVX1    | 0.059 |   0.190 |    3.327 | 
     | FE_OFC1436_pcpi_rs2_8        | A ^ -> Y v    | CLKINVX8 | 0.143 |   0.333 |    3.470 | 
     |                              | pcpi_rs2[8] v |          | 0.010 |   0.342 |    3.480 | 
     +--------------------------------------------------------------------------------------+ 
Path 21: MET Late External Delay Assertion 
Endpoint:   pcpi_rs2[7]                    (v) checked with  leading edge of 
'clk'
Beginpoint: picorv32_core_reg_op2_reg[7]/Q (v) triggered by  leading edge of 
'clk'
Path Groups: {reg2out}
Analysis View: analysis1
Other End Arrival Time          0.000
- External Delay                0.500
+ Phase Shift                   4.000
- Uncertainty                   0.020
= Required Time                 3.480
- Arrival Time                  0.342
= Slack Time                    3.138
     Clock Rise Edge                 0.000
     + Clock Network Latency (Prop)  0.002
     = Beginpoint Arrival Time       0.002
     +--------------------------------------------------------------------------------------+ 
     |           Instance           |      Arc      |   Cell   | Delay | Arrival | Required | 
     |                              |               |          |       |  Time   |   Time   | 
     |------------------------------+---------------+----------+-------+---------+----------| 
     | picorv32_core_reg_op2_reg[7] | CK ^          |          |       |   0.002 |    3.140 | 
     | picorv32_core_reg_op2_reg[7] | CK ^ -> Q v   | SDFFQX1  | 0.145 |   0.147 |    3.285 | 
     | FE_OFC1679_pcpi_rs2_7        | A v -> Y v    | BUFX2    | 0.043 |   0.190 |    3.328 | 
     | FE_OFC1858_pcpi_rs2_7        | A v -> Y v    | CLKBUFX8 | 0.131 |   0.321 |    3.459 | 
     |                              | pcpi_rs2[7] v |          | 0.021 |   0.342 |    3.480 | 
     +--------------------------------------------------------------------------------------+ 
Path 22: MET Late External Delay Assertion 
Endpoint:   pcpi_rs2[13]                    (v) checked with  leading edge of 
'clk'
Beginpoint: picorv32_core_reg_op2_reg[13]/Q (v) triggered by  leading edge of 
'clk'
Path Groups: {reg2out}
Analysis View: analysis1
Other End Arrival Time          0.000
- External Delay                0.500
+ Phase Shift                   4.000
- Uncertainty                   0.020
= Required Time                 3.480
- Arrival Time                  0.340
= Slack Time                    3.140
     Clock Rise Edge                 0.000
     + Clock Network Latency (Prop)  -0.001
     = Beginpoint Arrival Time       -0.001
     +----------------------------------------------------------------------------------------+ 
     |           Instance            |      Arc       |   Cell   | Delay | Arrival | Required | 
     |                               |                |          |       |  Time   |   Time   | 
     |-------------------------------+----------------+----------+-------+---------+----------| 
     | picorv32_core_reg_op2_reg[13] | CK ^           |          |       |  -0.001 |    3.140 | 
     | picorv32_core_reg_op2_reg[13] | CK ^ -> Q v    | SDFFQX1  | 0.127 |   0.126 |    3.266 | 
     | FE_OFC1812_pcpi_rs2_13        | A v -> Y ^     | INVX1    | 0.060 |   0.186 |    3.327 | 
     | FE_OFC1422_pcpi_rs2_13        | A ^ -> Y v     | CLKINVX8 | 0.139 |   0.325 |    3.466 | 
     |                               | pcpi_rs2[13] v |          | 0.014 |   0.340 |    3.480 | 
     +----------------------------------------------------------------------------------------+ 
Path 23: MET Late External Delay Assertion 
Endpoint:   pcpi_rs2[9]                    (v) checked with  leading edge of 
'clk'
Beginpoint: picorv32_core_reg_op2_reg[9]/Q (v) triggered by  leading edge of 
'clk'
Path Groups: {reg2out}
Analysis View: analysis1
Other End Arrival Time          0.000
- External Delay                0.500
+ Phase Shift                   4.000
- Uncertainty                   0.020
= Required Time                 3.480
- Arrival Time                  0.339
= Slack Time                    3.141
     Clock Rise Edge                 0.000
     + Clock Network Latency (Prop)  0.002
     = Beginpoint Arrival Time       0.002
     +--------------------------------------------------------------------------------------+ 
     |           Instance           |      Arc      |   Cell   | Delay | Arrival | Required | 
     |                              |               |          |       |  Time   |   Time   | 
     |------------------------------+---------------+----------+-------+---------+----------| 
     | picorv32_core_reg_op2_reg[9] | CK ^          |          |       |   0.002 |    3.143 | 
     | picorv32_core_reg_op2_reg[9] | CK ^ -> Q v   | SDFFQX1  | 0.123 |   0.125 |    3.266 | 
     | FE_OFC1808_pcpi_rs2_9        | A v -> Y ^    | INVX1    | 0.061 |   0.186 |    3.327 | 
     | FE_OFC1433_pcpi_rs2_9        | A ^ -> Y v    | CLKINVX8 | 0.140 |   0.326 |    3.467 | 
     |                              | pcpi_rs2[9] v |          | 0.013 |   0.339 |    3.480 | 
     +--------------------------------------------------------------------------------------+ 
Path 24: MET Late External Delay Assertion 
Endpoint:   pcpi_rs2[30]                    (v) checked with  leading edge of 
'clk'
Beginpoint: picorv32_core_reg_op2_reg[30]/Q (v) triggered by  leading edge of 
'clk'
Path Groups: {reg2out}
Analysis View: analysis1
Other End Arrival Time          0.000
- External Delay                0.500
+ Phase Shift                   4.000
- Uncertainty                   0.020
= Required Time                 3.480
- Arrival Time                  0.337
= Slack Time                    3.143
     Clock Rise Edge                 0.000
     + Clock Network Latency (Prop)  0.002
     = Beginpoint Arrival Time       0.002
     +----------------------------------------------------------------------------------------+ 
     |           Instance            |      Arc       |   Cell   | Delay | Arrival | Required | 
     |                               |                |          |       |  Time   |   Time   | 
     |-------------------------------+----------------+----------+-------+---------+----------| 
     | picorv32_core_reg_op2_reg[30] | CK ^           |          |       |   0.002 |    3.145 | 
     | picorv32_core_reg_op2_reg[30] | CK ^ -> Q v    | SDFFQX1  | 0.129 |   0.131 |    3.274 | 
     | FE_OFC1368_pcpi_rs2_30        | A v -> Y ^     | INVX1    | 0.054 |   0.185 |    3.328 | 
     | FE_OFC1661_pcpi_rs2_30        | A ^ -> Y v     | CLKINVX8 | 0.139 |   0.324 |    3.467 | 
     |                               | pcpi_rs2[30] v |          | 0.013 |   0.337 |    3.480 | 
     +----------------------------------------------------------------------------------------+ 
Path 25: MET Late External Delay Assertion 
Endpoint:   pcpi_rs2[27]                    (v) checked with  leading edge of 
'clk'
Beginpoint: picorv32_core_reg_op2_reg[27]/Q (v) triggered by  leading edge of 
'clk'
Path Groups: {reg2out}
Analysis View: analysis1
Other End Arrival Time          0.000
- External Delay                0.500
+ Phase Shift                   4.000
- Uncertainty                   0.020
= Required Time                 3.480
- Arrival Time                  0.337
= Slack Time                    3.143
     Clock Rise Edge                 0.000
     + Clock Network Latency (Prop)  -0.001
     = Beginpoint Arrival Time       -0.001
     +----------------------------------------------------------------------------------------+ 
     |           Instance            |      Arc       |   Cell   | Delay | Arrival | Required | 
     |                               |                |          |       |  Time   |   Time   | 
     |-------------------------------+----------------+----------+-------+---------+----------| 
     | picorv32_core_reg_op2_reg[27] | CK ^           |          |       |  -0.001 |    3.142 | 
     | picorv32_core_reg_op2_reg[27] | CK ^ -> Q v    | SDFFQX1  | 0.114 |   0.113 |    3.256 | 
     | FE_OFC1375_pcpi_rs2_27        | A v -> Y ^     | INVXL    | 0.066 |   0.179 |    3.322 | 
     | FE_OFC1377_pcpi_rs2_27        | A ^ -> Y v     | CLKINVX8 | 0.140 |   0.319 |    3.462 | 
     |                               | pcpi_rs2[27] v |          | 0.018 |   0.337 |    3.480 | 
     +----------------------------------------------------------------------------------------+ 
Path 26: MET Late External Delay Assertion 
Endpoint:   pcpi_rs2[24]                    (v) checked with  leading edge of 
'clk'
Beginpoint: picorv32_core_reg_op2_reg[24]/Q (v) triggered by  leading edge of 
'clk'
Path Groups: {reg2out}
Analysis View: analysis1
Other End Arrival Time          0.000
- External Delay                0.500
+ Phase Shift                   4.000
- Uncertainty                   0.020
= Required Time                 3.480
- Arrival Time                  0.336
= Slack Time                    3.144
     Clock Rise Edge                 0.000
     + Clock Network Latency (Prop)  0.000
     = Beginpoint Arrival Time       0.000
     +----------------------------------------------------------------------------------------+ 
     |           Instance            |      Arc       |   Cell   | Delay | Arrival | Required | 
     |                               |                |          |       |  Time   |   Time   | 
     |-------------------------------+----------------+----------+-------+---------+----------| 
     | picorv32_core_reg_op2_reg[24] | CK ^           |          |       |   0.000 |    3.144 | 
     | picorv32_core_reg_op2_reg[24] | CK ^ -> Q v    | SDFFQX1  | 0.127 |   0.127 |    3.271 | 
     | FE_OFC1836_pcpi_rs2_24        | A v -> Y ^     | INVX1    | 0.058 |   0.184 |    3.328 | 
     | FE_OFC1386_pcpi_rs2_24        | A ^ -> Y v     | CLKINVX8 | 0.140 |   0.325 |    3.468 | 
     |                               | pcpi_rs2[24] v |          | 0.012 |   0.336 |    3.480 | 
     +----------------------------------------------------------------------------------------+ 
Path 27: MET Late External Delay Assertion 
Endpoint:   pcpi_rs1[26]                    (v) checked with  leading edge of 
'clk'
Beginpoint: picorv32_core_reg_op1_reg[26]/Q (v) triggered by  leading edge of 
'clk'
Path Groups: {reg2out}
Analysis View: analysis1
Other End Arrival Time          0.000
- External Delay                0.500
+ Phase Shift                   4.000
- Uncertainty                   0.020
= Required Time                 3.480
- Arrival Time                  0.331
= Slack Time                    3.149
     Clock Rise Edge                 0.000
     + Clock Network Latency (Prop)  0.001
     = Beginpoint Arrival Time       0.001
     +----------------------------------------------------------------------------------------+ 
     |           Instance            |      Arc       |   Cell   | Delay | Arrival | Required | 
     |                               |                |          |       |  Time   |   Time   | 
     |-------------------------------+----------------+----------+-------+---------+----------| 
     | picorv32_core_reg_op1_reg[26] | CK ^           |          |       |   0.001 |    3.150 | 
     | picorv32_core_reg_op1_reg[26] | CK ^ -> Q v    | SDFFQX1  | 0.124 |   0.126 |    3.274 | 
     | FE_OFC1801_pcpi_rs1_26        | A v -> Y ^     | INVX1    | 0.053 |   0.179 |    3.328 | 
     | FE_OFC1288_pcpi_rs1_26        | A ^ -> Y v     | CLKINVX8 | 0.136 |   0.315 |    3.463 | 
     |                               | pcpi_rs1[26] v |          | 0.017 |   0.331 |    3.480 | 
     +----------------------------------------------------------------------------------------+ 
Path 28: MET Late External Delay Assertion 
Endpoint:   pcpi_rs2[4]                    (v) checked with  leading edge of 
'clk'
Beginpoint: picorv32_core_reg_op2_reg[4]/Q (v) triggered by  leading edge of 
'clk'
Path Groups: {reg2out}
Analysis View: analysis1
Other End Arrival Time          0.000
- External Delay                0.500
+ Phase Shift                   4.000
- Uncertainty                   0.020
= Required Time                 3.480
- Arrival Time                  0.329
= Slack Time                    3.151
     Clock Rise Edge                 0.000
     + Clock Network Latency (Prop)  0.002
     = Beginpoint Arrival Time       0.002
     +--------------------------------------------------------------------------------------+ 
     |           Instance           |      Arc      |   Cell   | Delay | Arrival | Required | 
     |                              |               |          |       |  Time   |   Time   | 
     |------------------------------+---------------+----------+-------+---------+----------| 
     | picorv32_core_reg_op2_reg[4] | CK ^          |          |       |   0.002 |    3.154 | 
     | picorv32_core_reg_op2_reg[4] | CK ^ -> Q v   | SDFFQX1  | 0.118 |   0.121 |    3.272 | 
     | FE_OFC1874_pcpi_rs2_4        | A v -> Y ^    | INVX1    | 0.056 |   0.177 |    3.328 | 
     | FE_OFC1683_pcpi_rs2_4        | A ^ -> Y v    | CLKINVX8 | 0.142 |   0.319 |    3.470 | 
     |                              | pcpi_rs2[4] v |          | 0.010 |   0.329 |    3.480 | 
     +--------------------------------------------------------------------------------------+ 
Path 29: MET Late External Delay Assertion 
Endpoint:   pcpi_rs1[1]                    (v) checked with  leading edge of 
'clk'
Beginpoint: picorv32_core_reg_op1_reg[1]/Q (v) triggered by  leading edge of 
'clk'
Path Groups: {reg2out}
Analysis View: analysis1
Other End Arrival Time          0.000
- External Delay                0.500
+ Phase Shift                   4.000
- Uncertainty                   0.020
= Required Time                 3.480
- Arrival Time                  0.329
= Slack Time                    3.151
     Clock Rise Edge                 0.000
     + Clock Network Latency (Prop)  0.006
     = Beginpoint Arrival Time       0.006
     +--------------------------------------------------------------------------------------+ 
     |           Instance           |      Arc      |   Cell   | Delay | Arrival | Required | 
     |                              |               |          |       |  Time   |   Time   | 
     |------------------------------+---------------+----------+-------+---------+----------| 
     | picorv32_core_reg_op1_reg[1] | CK ^          |          |       |   0.006 |    3.157 | 
     | picorv32_core_reg_op1_reg[1] | CK ^ -> Q v   | SDFFQX1  | 0.123 |   0.128 |    3.280 | 
     | FE_OFC1783_pcpi_rs1_1        | A v -> Y ^    | INVX1    | 0.050 |   0.178 |    3.330 | 
     | FE_OFC1655_pcpi_rs1_1        | A ^ -> Y v    | CLKINVX8 | 0.138 |   0.316 |    3.467 | 
     |                              | pcpi_rs1[1] v |          | 0.013 |   0.329 |    3.480 | 
     +--------------------------------------------------------------------------------------+ 
Path 30: MET Late External Delay Assertion 
Endpoint:   pcpi_rs2[6]                    (v) checked with  leading edge of 
'clk'
Beginpoint: picorv32_core_reg_op2_reg[6]/Q (v) triggered by  leading edge of 
'clk'
Path Groups: {reg2out}
Analysis View: analysis1
Other End Arrival Time          0.000
- External Delay                0.500
+ Phase Shift                   4.000
- Uncertainty                   0.020
= Required Time                 3.480
- Arrival Time                  0.327
= Slack Time                    3.153
     Clock Rise Edge                 0.000
     + Clock Network Latency (Prop)  0.002
     = Beginpoint Arrival Time       0.002
     +--------------------------------------------------------------------------------------+ 
     |           Instance           |      Arc      |   Cell   | Delay | Arrival | Required | 
     |                              |               |          |       |  Time   |   Time   | 
     |------------------------------+---------------+----------+-------+---------+----------| 
     | picorv32_core_reg_op2_reg[6] | CK ^          |          |       |   0.002 |    3.154 | 
     | picorv32_core_reg_op2_reg[6] | CK ^ -> Q v   | SDFFQX1  | 0.148 |   0.149 |    3.302 | 
     | FE_OFC1680_pcpi_rs2_6        | A v -> Y v    | CLKBUFX8 | 0.163 |   0.313 |    3.465 | 
     |                              | pcpi_rs2[6] v |          | 0.015 |   0.327 |    3.480 | 
     +--------------------------------------------------------------------------------------+ 
Path 31: MET Late External Delay Assertion 
Endpoint:   pcpi_rs1[14]                    (v) checked with  leading edge of 
'clk'
Beginpoint: picorv32_core_reg_op1_reg[14]/Q (v) triggered by  leading edge of 
'clk'
Path Groups: {reg2out}
Analysis View: analysis1
Other End Arrival Time          0.000
- External Delay                0.500
+ Phase Shift                   4.000
- Uncertainty                   0.020
= Required Time                 3.480
- Arrival Time                  0.327
= Slack Time                    3.153
     Clock Rise Edge                 0.000
     + Clock Network Latency (Prop)  0.001
     = Beginpoint Arrival Time       0.001
     +----------------------------------------------------------------------------------------+ 
     |           Instance            |      Arc       |   Cell   | Delay | Arrival | Required | 
     |                               |                |          |       |  Time   |   Time   | 
     |-------------------------------+----------------+----------+-------+---------+----------| 
     | picorv32_core_reg_op1_reg[14] | CK ^           |          |       |   0.001 |    3.154 | 
     | picorv32_core_reg_op1_reg[14] | CK ^ -> Q v    | SDFFQX1  | 0.123 |   0.124 |    3.277 | 
     | FE_OFC1639_pcpi_rs1_14        | A v -> Y ^     | INVX1    | 0.053 |   0.177 |    3.330 | 
     | FE_OFC1640_pcpi_rs1_14        | A ^ -> Y v     | CLKINVX8 | 0.139 |   0.316 |    3.469 | 
     |                               | pcpi_rs1[14] v |          | 0.012 |   0.327 |    3.480 | 
     +----------------------------------------------------------------------------------------+ 
Path 32: MET Late External Delay Assertion 
Endpoint:   pcpi_rs1[12]                    (v) checked with  leading edge of 
'clk'
Beginpoint: picorv32_core_reg_op1_reg[12]/Q (v) triggered by  leading edge of 
'clk'
Path Groups: {reg2out}
Analysis View: analysis1
Other End Arrival Time          0.000
- External Delay                0.500
+ Phase Shift                   4.000
- Uncertainty                   0.020
= Required Time                 3.480
- Arrival Time                  0.326
= Slack Time                    3.154
     Clock Rise Edge                 0.000
     + Clock Network Latency (Prop)  0.004
     = Beginpoint Arrival Time       0.004
     +----------------------------------------------------------------------------------------+ 
     |           Instance            |      Arc       |   Cell   | Delay | Arrival | Required | 
     |                               |                |          |       |  Time   |   Time   | 
     |-------------------------------+----------------+----------+-------+---------+----------| 
     | picorv32_core_reg_op1_reg[12] | CK ^           |          |       |   0.004 |    3.158 | 
     | picorv32_core_reg_op1_reg[12] | CK ^ -> Q v    | SDFFQX1  | 0.121 |   0.124 |    3.278 | 
     | FE_OFC1797_pcpi_rs1_12        | A v -> Y ^     | INVX1    | 0.052 |   0.176 |    3.330 | 
     | FE_OFC1644_pcpi_rs1_12        | A ^ -> Y v     | CLKINVX8 | 0.139 |   0.315 |    3.469 | 
     |                               | pcpi_rs1[12] v |          | 0.011 |   0.326 |    3.480 | 
     +----------------------------------------------------------------------------------------+ 
Path 33: MET Late External Delay Assertion 
Endpoint:   pcpi_rs2[22]                    (v) checked with  leading edge of 
'clk'
Beginpoint: picorv32_core_reg_op2_reg[22]/Q (v) triggered by  leading edge of 
'clk'
Path Groups: {reg2out}
Analysis View: analysis1
Other End Arrival Time          0.000
- External Delay                0.500
+ Phase Shift                   4.000
- Uncertainty                   0.020
= Required Time                 3.480
- Arrival Time                  0.324
= Slack Time                    3.156
     Clock Rise Edge                 0.000
     + Clock Network Latency (Prop)  0.003
     = Beginpoint Arrival Time       0.003
     +----------------------------------------------------------------------------------------+ 
     |           Instance            |      Arc       |   Cell   | Delay | Arrival | Required | 
     |                               |                |          |       |  Time   |   Time   | 
     |-------------------------------+----------------+----------+-------+---------+----------| 
     | picorv32_core_reg_op2_reg[22] | CK ^           |          |       |   0.003 |    3.159 | 
     | picorv32_core_reg_op2_reg[22] | CK ^ -> Q v    | SDFFQX1  | 0.114 |   0.117 |    3.273 | 
     | FE_OFC1392_pcpi_rs2_22        | A v -> Y v     | BUFX2    | 0.052 |   0.169 |    3.325 | 
     | FE_OFC1667_pcpi_rs2_22        | A v -> Y v     | CLKBUFX8 | 0.136 |   0.304 |    3.460 | 
     |                               | pcpi_rs2[22] v |          | 0.020 |   0.324 |    3.480 | 
     +----------------------------------------------------------------------------------------+ 
Path 34: MET Late External Delay Assertion 
Endpoint:   pcpi_rs1[9]                    (v) checked with  leading edge of 
'clk'
Beginpoint: picorv32_core_reg_op1_reg[9]/Q (v) triggered by  leading edge of 
'clk'
Path Groups: {reg2out}
Analysis View: analysis1
Other End Arrival Time          0.000
- External Delay                0.500
+ Phase Shift                   4.000
- Uncertainty                   0.020
= Required Time                 3.480
- Arrival Time                  0.324
= Slack Time                    3.156
     Clock Rise Edge                 0.000
     + Clock Network Latency (Prop)  0.003
     = Beginpoint Arrival Time       0.003
     +--------------------------------------------------------------------------------------+ 
     |           Instance           |      Arc      |   Cell   | Delay | Arrival | Required | 
     |                              |               |          |       |  Time   |   Time   | 
     |------------------------------+---------------+----------+-------+---------+----------| 
     | picorv32_core_reg_op1_reg[9] | CK ^          |          |       |   0.003 |    3.159 | 
     | picorv32_core_reg_op1_reg[9] | CK ^ -> Q v   | SDFFQX1  | 0.122 |   0.124 |    3.280 | 
     | FE_OFC1793_pcpi_rs1_9        | A v -> Y ^    | INVX1    | 0.050 |   0.174 |    3.330 | 
     | FE_OFC1333_pcpi_rs1_9        | A ^ -> Y v    | CLKINVX8 | 0.139 |   0.313 |    3.469 | 
     |                              | pcpi_rs1[9] v |          | 0.011 |   0.324 |    3.480 | 
     +--------------------------------------------------------------------------------------+ 
Path 35: MET Late External Delay Assertion 
Endpoint:   pcpi_rs2[10]                    (v) checked with  leading edge of 
'clk'
Beginpoint: picorv32_core_reg_op2_reg[10]/Q (v) triggered by  leading edge of 
'clk'
Path Groups: {reg2out}
Analysis View: analysis1
Other End Arrival Time          0.000
- External Delay                0.500
+ Phase Shift                   4.000
- Uncertainty                   0.020
= Required Time                 3.480
- Arrival Time                  0.324
= Slack Time                    3.156
     Clock Rise Edge                 0.000
     + Clock Network Latency (Prop)  0.003
     = Beginpoint Arrival Time       0.003
     +----------------------------------------------------------------------------------------+ 
     |           Instance            |      Arc       |   Cell   | Delay | Arrival | Required | 
     |                               |                |          |       |  Time   |   Time   | 
     |-------------------------------+----------------+----------+-------+---------+----------| 
     | picorv32_core_reg_op2_reg[10] | CK ^           |          |       |   0.003 |    3.159 | 
     | picorv32_core_reg_op2_reg[10] | CK ^ -> Q v    | SDFFQX1  | 0.115 |   0.118 |    3.275 | 
     | FE_OFC1810_pcpi_rs2_10        | A v -> Y ^     | INVX1    | 0.054 |   0.172 |    3.329 | 
     | FE_OFC1430_pcpi_rs2_10        | A ^ -> Y v     | CLKINVX8 | 0.142 |   0.314 |    3.471 | 
     |                               | pcpi_rs2[10] v |          | 0.009 |   0.324 |    3.480 | 
     +----------------------------------------------------------------------------------------+ 
Path 36: MET Late External Delay Assertion 
Endpoint:   pcpi_rs1[13]                    (v) checked with  leading edge of 
'clk'
Beginpoint: picorv32_core_reg_op1_reg[13]/Q (v) triggered by  leading edge of 
'clk'
Path Groups: {reg2out}
Analysis View: analysis1
Other End Arrival Time          0.000
- External Delay                0.500
+ Phase Shift                   4.000
- Uncertainty                   0.020
= Required Time                 3.480
- Arrival Time                  0.320
= Slack Time                    3.160
     Clock Rise Edge                 0.000
     + Clock Network Latency (Prop)  -0.001
     = Beginpoint Arrival Time       -0.001
     +----------------------------------------------------------------------------------------+ 
     |           Instance            |      Arc       |   Cell   | Delay | Arrival | Required | 
     |                               |                |          |       |  Time   |   Time   | 
     |-------------------------------+----------------+----------+-------+---------+----------| 
     | picorv32_core_reg_op1_reg[13] | CK ^           |          |       |  -0.001 |    3.159 | 
     | picorv32_core_reg_op1_reg[13] | CK ^ -> Q v    | SDFFQX1  | 0.120 |   0.119 |    3.279 | 
     | FE_OFC1641_pcpi_rs1_13        | A v -> Y ^     | INVX1    | 0.051 |   0.170 |    3.330 | 
     | FE_OFC1642_pcpi_rs1_13        | A ^ -> Y v     | CLKINVX8 | 0.139 |   0.309 |    3.469 | 
     |                               | pcpi_rs1[13] v |          | 0.012 |   0.320 |    3.480 | 
     +----------------------------------------------------------------------------------------+ 
Path 37: MET Late External Delay Assertion 
Endpoint:   pcpi_rs2[23]                    (v) checked with  leading edge of 
'clk'
Beginpoint: picorv32_core_reg_op2_reg[23]/Q (v) triggered by  leading edge of 
'clk'
Path Groups: {reg2out}
Analysis View: analysis1
Other End Arrival Time          0.000
- External Delay                0.500
+ Phase Shift                   4.000
- Uncertainty                   0.020
= Required Time                 3.480
- Arrival Time                  0.319
= Slack Time                    3.161
     Clock Rise Edge                 0.000
     + Clock Network Latency (Prop)  0.004
     = Beginpoint Arrival Time       0.004
     +----------------------------------------------------------------------------------------+ 
     |           Instance            |      Arc       |   Cell   | Delay | Arrival | Required | 
     |                               |                |          |       |  Time   |   Time   | 
     |-------------------------------+----------------+----------+-------+---------+----------| 
     | picorv32_core_reg_op2_reg[23] | CK ^           |          |       |   0.004 |    3.165 | 
     | picorv32_core_reg_op2_reg[23] | CK ^ -> Q v    | SDFFQX1  | 0.137 |   0.140 |    3.301 | 
     | FE_OFC1666_pcpi_rs2_23        | A v -> Y v     | CLKBUFX8 | 0.166 |   0.306 |    3.467 | 
     |                               | pcpi_rs2[23] v |          | 0.013 |   0.319 |    3.480 | 
     +----------------------------------------------------------------------------------------+ 
Path 38: MET Late External Delay Assertion 
Endpoint:   pcpi_rs1[23]                    (v) checked with  leading edge of 
'clk'
Beginpoint: picorv32_core_reg_op1_reg[23]/Q (v) triggered by  leading edge of 
'clk'
Path Groups: {reg2out}
Analysis View: analysis1
Other End Arrival Time          0.000
- External Delay                0.500
+ Phase Shift                   4.000
- Uncertainty                   0.020
= Required Time                 3.480
- Arrival Time                  0.318
= Slack Time                    3.162
     Clock Rise Edge                 0.000
     + Clock Network Latency (Prop)  0.002
     = Beginpoint Arrival Time       0.002
     +----------------------------------------------------------------------------------------+ 
     |           Instance            |      Arc       |   Cell   | Delay | Arrival | Required | 
     |                               |                |          |       |  Time   |   Time   | 
     |-------------------------------+----------------+----------+-------+---------+----------| 
     | picorv32_core_reg_op1_reg[23] | CK ^           |          |       |   0.002 |    3.164 | 
     | picorv32_core_reg_op1_reg[23] | CK ^ -> Q v    | SDFFQX1  | 0.136 |   0.139 |    3.301 | 
     | FE_OFC1634_pcpi_rs1_23        | A v -> Y v     | CLKBUFX8 | 0.166 |   0.304 |    3.467 | 
     |                               | pcpi_rs1[23] v |          | 0.014 |   0.318 |    3.480 | 
     +----------------------------------------------------------------------------------------+ 
Path 39: MET Late External Delay Assertion 
Endpoint:   pcpi_rs1[0]                    (v) checked with  leading edge of 
'clk'
Beginpoint: picorv32_core_reg_op1_reg[0]/Q (v) triggered by  leading edge of 
'clk'
Path Groups: {reg2out}
Analysis View: analysis1
Other End Arrival Time          0.000
- External Delay                0.500
+ Phase Shift                   4.000
- Uncertainty                   0.020
= Required Time                 3.480
- Arrival Time                  0.317
= Slack Time                    3.163
     Clock Rise Edge                 0.000
     + Clock Network Latency (Prop)  0.006
     = Beginpoint Arrival Time       0.006
     +--------------------------------------------------------------------------------------+ 
     |           Instance           |      Arc      |   Cell   | Delay | Arrival | Required | 
     |                              |               |          |       |  Time   |   Time   | 
     |------------------------------+---------------+----------+-------+---------+----------| 
     | picorv32_core_reg_op1_reg[0] | CK ^          |          |       |   0.006 |    3.168 | 
     | picorv32_core_reg_op1_reg[0] | CK ^ -> Q v   | SDFFQX1  | 0.085 |   0.091 |    3.253 | 
     | FE_OFC1360_pcpi_rs1_0        | A v -> Y ^    | INVXL    | 0.066 |   0.157 |    3.320 | 
     | FE_OFC1657_pcpi_rs1_0        | A ^ -> Y v    | CLKINVX8 | 0.147 |   0.304 |    3.467 | 
     |                              | pcpi_rs1[0] v |          | 0.014 |   0.317 |    3.480 | 
     +--------------------------------------------------------------------------------------+ 
Path 40: MET Late External Delay Assertion 
Endpoint:   pcpi_rs1[8]                    (v) checked with  leading edge of 
'clk'
Beginpoint: picorv32_core_reg_op1_reg[8]/Q (v) triggered by  leading edge of 
'clk'
Path Groups: {reg2out}
Analysis View: analysis1
Other End Arrival Time          0.000
- External Delay                0.500
+ Phase Shift                   4.000
- Uncertainty                   0.020
= Required Time                 3.480
- Arrival Time                  0.317
= Slack Time                    3.163
     Clock Rise Edge                 0.000
     + Clock Network Latency (Prop)  0.005
     = Beginpoint Arrival Time       0.005
     +--------------------------------------------------------------------------------------+ 
     |           Instance           |      Arc      |   Cell   | Delay | Arrival | Required | 
     |                              |               |          |       |  Time   |   Time   | 
     |------------------------------+---------------+----------+-------+---------+----------| 
     | picorv32_core_reg_op1_reg[8] | CK ^          |          |       |   0.005 |    3.168 | 
     | picorv32_core_reg_op1_reg[8] | CK ^ -> Q v   | SDFFQX1  | 0.115 |   0.120 |    3.283 | 
     | FE_OFC1791_pcpi_rs1_8        | A v -> Y ^    | INVX1    | 0.049 |   0.169 |    3.332 | 
     | FE_OFC1336_pcpi_rs1_8        | A ^ -> Y v    | CLKINVX8 | 0.141 |   0.310 |    3.473 | 
     |                              | pcpi_rs1[8] v |          | 0.007 |   0.317 |    3.480 | 
     +--------------------------------------------------------------------------------------+ 
Path 41: MET Late External Delay Assertion 
Endpoint:   pcpi_rs1[3]                    (v) checked with  leading edge of 
'clk'
Beginpoint: picorv32_core_reg_op1_reg[3]/Q (v) triggered by  leading edge of 
'clk'
Path Groups: {reg2out}
Analysis View: analysis1
Other End Arrival Time          0.000
- External Delay                0.500
+ Phase Shift                   4.000
- Uncertainty                   0.020
= Required Time                 3.480
- Arrival Time                  0.317
= Slack Time                    3.163
     Clock Rise Edge                 0.000
     + Clock Network Latency (Prop)  0.006
     = Beginpoint Arrival Time       0.006
     +--------------------------------------------------------------------------------------+ 
     |           Instance           |      Arc      |   Cell   | Delay | Arrival | Required | 
     |                              |               |          |       |  Time   |   Time   | 
     |------------------------------+---------------+----------+-------+---------+----------| 
     | picorv32_core_reg_op1_reg[3] | CK ^          |          |       |   0.006 |    3.169 | 
     | picorv32_core_reg_op1_reg[3] | CK ^ -> Q v   | SDFFQX1  | 0.103 |   0.108 |    3.272 | 
     | FE_OFC1351_pcpi_rs1_3        | A v -> Y ^    | INVXL    | 0.057 |   0.165 |    3.329 | 
     | FE_OFC1653_pcpi_rs1_3        | A ^ -> Y v    | CLKINVX8 | 0.144 |   0.310 |    3.473 | 
     |                              | pcpi_rs1[3] v |          | 0.007 |   0.317 |    3.480 | 
     +--------------------------------------------------------------------------------------+ 
Path 42: MET Late External Delay Assertion 
Endpoint:   pcpi_rs2[26]                    (v) checked with  leading edge of 
'clk'
Beginpoint: picorv32_core_reg_op2_reg[26]/Q (v) triggered by  leading edge of 
'clk'
Path Groups: {reg2out}
Analysis View: analysis1
Other End Arrival Time          0.000
- External Delay                0.500
+ Phase Shift                   4.000
- Uncertainty                   0.020
= Required Time                 3.480
- Arrival Time                  0.315
= Slack Time                    3.165
     Clock Rise Edge                 0.000
     + Clock Network Latency (Prop)  -0.001
     = Beginpoint Arrival Time       -0.001
     +----------------------------------------------------------------------------------------+ 
     |           Instance            |      Arc       |   Cell   | Delay | Arrival | Required | 
     |                               |                |          |       |  Time   |   Time   | 
     |-------------------------------+----------------+----------+-------+---------+----------| 
     | picorv32_core_reg_op2_reg[26] | CK ^           |          |       |  -0.001 |    3.164 | 
     | picorv32_core_reg_op2_reg[26] | CK ^ -> Q v    | SDFFQX1  | 0.115 |   0.114 |    3.279 | 
     | FE_OFC1379_pcpi_rs2_26        | A v -> Y v     | BUFX2    | 0.046 |   0.160 |    3.325 | 
     | FE_OFC1664_pcpi_rs2_26        | A v -> Y v     | CLKBUFX8 | 0.133 |   0.294 |    3.458 | 
     |                               | pcpi_rs2[26] v |          | 0.021 |   0.315 |    3.480 | 
     +----------------------------------------------------------------------------------------+ 
Path 43: MET Late External Delay Assertion 
Endpoint:   pcpi_rs1[20]                    (v) checked with  leading edge of 
'clk'
Beginpoint: picorv32_core_reg_op1_reg[20]/Q (v) triggered by  leading edge of 
'clk'
Path Groups: {reg2out}
Analysis View: analysis1
Other End Arrival Time          0.000
- External Delay                0.500
+ Phase Shift                   4.000
- Uncertainty                   0.020
= Required Time                 3.480
- Arrival Time                  0.314
= Slack Time                    3.166
     Clock Rise Edge                 0.000
     + Clock Network Latency (Prop)  0.003
     = Beginpoint Arrival Time       0.003
     +----------------------------------------------------------------------------------------+ 
     |           Instance            |      Arc       |   Cell   | Delay | Arrival | Required | 
     |                               |                |          |       |  Time   |   Time   | 
     |-------------------------------+----------------+----------+-------+---------+----------| 
     | picorv32_core_reg_op1_reg[20] | CK ^           |          |       |   0.003 |    3.168 | 
     | picorv32_core_reg_op1_reg[20] | CK ^ -> Q v    | SDFFQX1  | 0.137 |   0.139 |    3.305 | 
     | FE_OFC1302_pcpi_rs1_20        | A v -> Y v     | CLKBUFX8 | 0.168 |   0.308 |    3.473 | 
     |                               | pcpi_rs1[20] v |          | 0.007 |   0.314 |    3.480 | 
     +----------------------------------------------------------------------------------------+ 
Path 44: MET Late External Delay Assertion 
Endpoint:   pcpi_rs1[11]                    (v) checked with  leading edge of 
'clk'
Beginpoint: picorv32_core_reg_op1_reg[11]/Q (v) triggered by  leading edge of 
'clk'
Path Groups: {reg2out}
Analysis View: analysis1
Other End Arrival Time          0.000
- External Delay                0.500
+ Phase Shift                   4.000
- Uncertainty                   0.020
= Required Time                 3.480
- Arrival Time                  0.314
= Slack Time                    3.166
     Clock Rise Edge                 0.000
     + Clock Network Latency (Prop)  0.004
     = Beginpoint Arrival Time       0.004
     +----------------------------------------------------------------------------------------+ 
     |           Instance            |      Arc       |   Cell   | Delay | Arrival | Required | 
     |                               |                |          |       |  Time   |   Time   | 
     |-------------------------------+----------------+----------+-------+---------+----------| 
     | picorv32_core_reg_op1_reg[11] | CK ^           |          |       |   0.004 |    3.170 | 
     | picorv32_core_reg_op1_reg[11] | CK ^ -> Q v    | SDFFQX1  | 0.112 |   0.115 |    3.281 | 
     | FE_OFC1795_pcpi_rs1_11        | A v -> Y ^     | INVX1    | 0.047 |   0.163 |    3.329 | 
     | FE_OFC1327_pcpi_rs1_11        | A ^ -> Y v     | CLKINVX8 | 0.136 |   0.298 |    3.464 | 
     |                               | pcpi_rs1[11] v |          | 0.016 |   0.314 |    3.480 | 
     +----------------------------------------------------------------------------------------+ 
Path 45: MET Late External Delay Assertion 
Endpoint:   pcpi_rs1[16]                    (v) checked with  leading edge of 
'clk'
Beginpoint: picorv32_core_reg_op1_reg[16]/Q (v) triggered by  leading edge of 
'clk'
Path Groups: {reg2out}
Analysis View: analysis1
Other End Arrival Time          0.000
- External Delay                0.500
+ Phase Shift                   4.000
- Uncertainty                   0.020
= Required Time                 3.480
- Arrival Time                  0.314
= Slack Time                    3.166
     Clock Rise Edge                 0.000
     + Clock Network Latency (Prop)  0.000
     = Beginpoint Arrival Time       0.000
     +----------------------------------------------------------------------------------------+ 
     |           Instance            |      Arc       |   Cell   | Delay | Arrival | Required | 
     |                               |                |          |       |  Time   |   Time   | 
     |-------------------------------+----------------+----------+-------+---------+----------| 
     | picorv32_core_reg_op1_reg[16] | CK ^           |          |       |   0.000 |    3.167 | 
     | picorv32_core_reg_op1_reg[16] | CK ^ -> Q v    | SDFFQX1  | 0.139 |   0.139 |    3.306 | 
     | FE_OFC1313_pcpi_rs1_16        | A v -> Y v     | CLKBUFX8 | 0.167 |   0.307 |    3.473 | 
     |                               | pcpi_rs1[16] v |          | 0.007 |   0.314 |    3.480 | 
     +----------------------------------------------------------------------------------------+ 
Path 46: MET Late External Delay Assertion 
Endpoint:   pcpi_rs1[17]                    (v) checked with  leading edge of 
'clk'
Beginpoint: picorv32_core_reg_op1_reg[17]/Q (v) triggered by  leading edge of 
'clk'
Path Groups: {reg2out}
Analysis View: analysis1
Other End Arrival Time          0.000
- External Delay                0.500
+ Phase Shift                   4.000
- Uncertainty                   0.020
= Required Time                 3.480
- Arrival Time                  0.312
= Slack Time                    3.168
     Clock Rise Edge                 0.000
     + Clock Network Latency (Prop)  0.002
     = Beginpoint Arrival Time       0.002
     +----------------------------------------------------------------------------------------+ 
     |           Instance            |      Arc       |   Cell   | Delay | Arrival | Required | 
     |                               |                |          |       |  Time   |   Time   | 
     |-------------------------------+----------------+----------+-------+---------+----------| 
     | picorv32_core_reg_op1_reg[17] | CK ^           |          |       |   0.002 |    3.171 | 
     | picorv32_core_reg_op1_reg[17] | CK ^ -> Q v    | SDFFQX1  | 0.133 |   0.136 |    3.304 | 
     | FE_OFC1638_pcpi_rs1_17        | A v -> Y v     | CLKBUFX8 | 0.165 |   0.301 |    3.469 | 
     |                               | pcpi_rs1[17] v |          | 0.011 |   0.312 |    3.480 | 
     +----------------------------------------------------------------------------------------+ 
Path 47: MET Late External Delay Assertion 
Endpoint:   pcpi_rs1[4]                    (v) checked with  leading edge of 
'clk'
Beginpoint: picorv32_core_reg_op1_reg[4]/Q (v) triggered by  leading edge of 
'clk'
Path Groups: {reg2out}
Analysis View: analysis1
Other End Arrival Time          0.000
- External Delay                0.500
+ Phase Shift                   4.000
- Uncertainty                   0.020
= Required Time                 3.480
- Arrival Time                  0.310
= Slack Time                    3.170
     Clock Rise Edge                 0.000
     + Clock Network Latency (Prop)  0.006
     = Beginpoint Arrival Time       0.006
     +--------------------------------------------------------------------------------------+ 
     |           Instance           |      Arc      |   Cell   | Delay | Arrival | Required | 
     |                              |               |          |       |  Time   |   Time   | 
     |------------------------------+---------------+----------+-------+---------+----------| 
     | picorv32_core_reg_op1_reg[4] | CK ^          |          |       |   0.006 |    3.176 | 
     | picorv32_core_reg_op1_reg[4] | CK ^ -> Q v   | SDFFQX1  | 0.090 |   0.095 |    3.266 | 
     | FE_OFC1347_pcpi_rs1_4        | A v -> Y ^    | INVXL    | 0.060 |   0.155 |    3.326 | 
     | FE_OFC1651_pcpi_rs1_4        | A ^ -> Y v    | CLKINVX8 | 0.148 |   0.303 |    3.473 | 
     |                              | pcpi_rs1[4] v |          | 0.007 |   0.310 |    3.480 | 
     +--------------------------------------------------------------------------------------+ 
Path 48: MET Late External Delay Assertion 
Endpoint:   pcpi_rs1[2]                    (v) checked with  leading edge of 
'clk'
Beginpoint: picorv32_core_reg_op1_reg[2]/Q (v) triggered by  leading edge of 
'clk'
Path Groups: {reg2out}
Analysis View: analysis1
Other End Arrival Time          0.000
- External Delay                0.500
+ Phase Shift                   4.000
- Uncertainty                   0.020
= Required Time                 3.480
- Arrival Time                  0.308
= Slack Time                    3.172
     Clock Rise Edge                 0.000
     + Clock Network Latency (Prop)  0.006
     = Beginpoint Arrival Time       0.006
     +--------------------------------------------------------------------------------------+ 
     |           Instance           |      Arc      |   Cell   | Delay | Arrival | Required | 
     |                              |               |          |       |  Time   |   Time   | 
     |------------------------------+---------------+----------+-------+---------+----------| 
     | picorv32_core_reg_op1_reg[2] | CK ^          |          |       |   0.006 |    3.178 | 
     | picorv32_core_reg_op1_reg[2] | CK ^ -> Q v   | SDFFQX1  | 0.109 |   0.114 |    3.287 | 
     | FE_OFC1785_pcpi_rs1_2        | A v -> Y ^    | INVX1    | 0.045 |   0.159 |    3.332 | 
     | FE_OFC1355_pcpi_rs1_2        | A ^ -> Y v    | CLKINVX8 | 0.137 |   0.296 |    3.469 | 
     |                              | pcpi_rs1[2] v |          | 0.011 |   0.308 |    3.480 | 
     +--------------------------------------------------------------------------------------+ 
Path 49: MET Late External Delay Assertion 
Endpoint:   pcpi_rs2[29]                    (v) checked with  leading edge of 
'clk'
Beginpoint: picorv32_core_reg_op2_reg[29]/Q (v) triggered by  leading edge of 
'clk'
Path Groups: {reg2out}
Analysis View: analysis1
Other End Arrival Time          0.000
- External Delay                0.500
+ Phase Shift                   4.000
- Uncertainty                   0.020
= Required Time                 3.480
- Arrival Time                  0.307
= Slack Time                    3.173
     Clock Rise Edge                 0.000
     + Clock Network Latency (Prop)  0.003
     = Beginpoint Arrival Time       0.003
     +----------------------------------------------------------------------------------------+ 
     |           Instance            |      Arc       |   Cell   | Delay | Arrival | Required | 
     |                               |                |          |       |  Time   |   Time   | 
     |-------------------------------+----------------+----------+-------+---------+----------| 
     | picorv32_core_reg_op2_reg[29] | CK ^           |          |       |   0.003 |    3.176 | 
     | picorv32_core_reg_op2_reg[29] | CK ^ -> Q v    | SDFFQX1  | 0.104 |   0.107 |    3.280 | 
     | FE_OFC1370_pcpi_rs2_29        | A v -> Y v     | BUFX2    | 0.046 |   0.153 |    3.326 | 
     | FE_OFC1371_pcpi_rs2_29        | A v -> Y v     | CLKBUFX8 | 0.141 |   0.294 |    3.467 | 
     |                               | pcpi_rs2[29] v |          | 0.013 |   0.307 |    3.480 | 
     +----------------------------------------------------------------------------------------+ 
Path 50: MET Late External Delay Assertion 
Endpoint:   pcpi_rs1[5]                    (v) checked with  leading edge of 
'clk'
Beginpoint: picorv32_core_reg_op1_reg[5]/Q (v) triggered by  leading edge of 
'clk'
Path Groups: {reg2out}
Analysis View: analysis1
Other End Arrival Time          0.000
- External Delay                0.500
+ Phase Shift                   4.000
- Uncertainty                   0.020
= Required Time                 3.480
- Arrival Time                  0.305
= Slack Time                    3.175
     Clock Rise Edge                 0.000
     + Clock Network Latency (Prop)  0.006
     = Beginpoint Arrival Time       0.006
     +--------------------------------------------------------------------------------------+ 
     |           Instance           |      Arc      |   Cell   | Delay | Arrival | Required | 
     |                              |               |          |       |  Time   |   Time   | 
     |------------------------------+---------------+----------+-------+---------+----------| 
     | picorv32_core_reg_op1_reg[5] | CK ^          |          |       |   0.006 |    3.181 | 
     | picorv32_core_reg_op1_reg[5] | CK ^ -> Q v   | SDFFQX1  | 0.107 |   0.112 |    3.288 | 
     | FE_OFC1787_pcpi_rs1_5        | A v -> Y ^    | INVX1    | 0.045 |   0.157 |    3.333 | 
     | FE_OFC1649_pcpi_rs1_5        | A ^ -> Y v    | CLKINVX8 | 0.141 |   0.298 |    3.473 | 
     |                              | pcpi_rs1[5] v |          | 0.007 |   0.305 |    3.480 | 
     +--------------------------------------------------------------------------------------+ 

