###############################################################
#  Generated by:      Cadence Innovus 21.35-s114_1
#  OS:                Linux x86_64(Host ID cn90.it.auth.gr)
#  Generated on:      Mon Dec  8 12:40:31 2025
#  Design:            picorv32_pads
#  Command:           report_timing -path_group in2reg -check_type hold -max_paths 50 > reports/postRouting/in2reg_hold.rpt
###############################################################
Path 1: MET Hold Check with Pin core/wbm_sel_o_reg[3]/CK 
Endpoint:   core/wbm_sel_o_reg[3]/D (v) checked with  leading edge of 'clk'
Beginpoint: wb_rst_i                (^) triggered by  leading edge of 'clk'
Path Groups: {in2reg}
Analysis View: analysis1
Other End Arrival Time          0.000
+ Hold                         -0.001
+ Phase Shift                   0.000
+ Uncertainty                   0.020
= Required Time                 0.019
  Arrival Time                  0.257
  Slack Time                    0.238
     Clock Rise Edge                      0.000
     + Input Delay                        0.250
     + Drive Adjustment                   0.003
     = Beginpoint Arrival Time            0.252
     +--------------------------------------------------------------------------+ 
     |       Instance        |    Arc     |  Cell  | Delay | Arrival | Required | 
     |                       |            |        |       |  Time   |   Time   | 
     |-----------------------+------------+--------+-------+---------+----------| 
     |                       | wb_rst_i ^ |        |       |   0.252 |    0.015 | 
     | core/g770__6131       | B ^ -> Y v | NOR2XL | 0.004 |   0.257 |    0.019 | 
     | core/wbm_sel_o_reg[3] | D v        | DFFQX4 | 0.000 |   0.257 |    0.019 | 
     +--------------------------------------------------------------------------+ 
Path 2: MET Hold Check with Pin core/wbm_sel_o_reg[2]/CK 
Endpoint:   core/wbm_sel_o_reg[2]/D (v) checked with  leading edge of 'clk'
Beginpoint: wb_rst_i                (^) triggered by  leading edge of 'clk'
Path Groups: {in2reg}
Analysis View: analysis1
Other End Arrival Time          0.000
+ Hold                         -0.001
+ Phase Shift                   0.000
+ Uncertainty                   0.020
= Required Time                 0.019
  Arrival Time                  0.257
  Slack Time                    0.238
     Clock Rise Edge                      0.000
     + Input Delay                        0.250
     + Drive Adjustment                   0.003
     = Beginpoint Arrival Time            0.252
     +--------------------------------------------------------------------------+ 
     |       Instance        |    Arc     |  Cell  | Delay | Arrival | Required | 
     |                       |            |        |       |  Time   |   Time   | 
     |-----------------------+------------+--------+-------+---------+----------| 
     |                       | wb_rst_i ^ |        |       |   0.252 |    0.015 | 
     | core/g769__7098       | B ^ -> Y v | NOR2XL | 0.004 |   0.257 |    0.019 | 
     | core/wbm_sel_o_reg[2] | D v        | DFFQX4 | 0.000 |   0.257 |    0.019 | 
     +--------------------------------------------------------------------------+ 
Path 3: MET Hold Check with Pin core/wbm_sel_o_reg[1]/CK 
Endpoint:   core/wbm_sel_o_reg[1]/D (v) checked with  leading edge of 'clk'
Beginpoint: wb_rst_i                (^) triggered by  leading edge of 'clk'
Path Groups: {in2reg}
Analysis View: analysis1
Other End Arrival Time          0.000
+ Hold                         -0.001
+ Phase Shift                   0.000
+ Uncertainty                   0.020
= Required Time                 0.019
  Arrival Time                  0.257
  Slack Time                    0.238
     Clock Rise Edge                      0.000
     + Input Delay                        0.250
     + Drive Adjustment                   0.003
     = Beginpoint Arrival Time            0.252
     +--------------------------------------------------------------------------+ 
     |       Instance        |    Arc     |  Cell  | Delay | Arrival | Required | 
     |                       |            |        |       |  Time   |   Time   | 
     |-----------------------+------------+--------+-------+---------+----------| 
     |                       | wb_rst_i ^ |        |       |   0.252 |    0.015 | 
     | core/g768__8246       | B ^ -> Y v | NOR2XL | 0.004 |   0.257 |    0.019 | 
     | core/wbm_sel_o_reg[1] | D v        | DFFQX4 | 0.000 |   0.257 |    0.019 | 
     +--------------------------------------------------------------------------+ 
Path 4: MET Hold Check with Pin core/wbm_sel_o_reg[0]/CK 
Endpoint:   core/wbm_sel_o_reg[0]/D (v) checked with  leading edge of 'clk'
Beginpoint: wb_rst_i                (^) triggered by  leading edge of 'clk'
Path Groups: {in2reg}
Analysis View: analysis1
Other End Arrival Time          0.000
+ Hold                         -0.001
+ Phase Shift                   0.000
+ Uncertainty                   0.020
= Required Time                 0.019
  Arrival Time                  0.257
  Slack Time                    0.238
     Clock Rise Edge                      0.000
     + Input Delay                        0.250
     + Drive Adjustment                   0.003
     = Beginpoint Arrival Time            0.252
     +--------------------------------------------------------------------------+ 
     |       Instance        |    Arc     |  Cell  | Delay | Arrival | Required | 
     |                       |            |        |       |  Time   |   Time   | 
     |-----------------------+------------+--------+-------+---------+----------| 
     |                       | wb_rst_i ^ |        |       |   0.252 |    0.014 | 
     | core/g767__5122       | B ^ -> Y v | NOR2XL | 0.004 |   0.257 |    0.019 | 
     | core/wbm_sel_o_reg[0] | D v        | DFFQX4 | 0.000 |   0.257 |    0.019 | 
     +--------------------------------------------------------------------------+ 
Path 5: MET Hold Check with Pin core/picorv32_core_latched_stalu_reg/CK 
Endpoint:   core/picorv32_core_latched_stalu_reg/D (v) checked with  leading 
edge of 'clk'
Beginpoint: wb_rst_i                               (^) triggered by  leading 
edge of 'clk'
Path Groups: {in2reg}
Analysis View: analysis1
Other End Arrival Time          0.000
+ Hold                         -0.002
+ Phase Shift                   0.000
+ Uncertainty                   0.020
= Required Time                 0.018
  Arrival Time                  0.256
  Slack Time                    0.238
     Clock Rise Edge                      0.000
     + Input Delay                        0.250
     + Drive Adjustment                   0.003
     = Beginpoint Arrival Time            0.252
     +-----------------------------------------------------------------------------------------+ 
     |               Instance               |    Arc     |  Cell  | Delay | Arrival | Required | 
     |                                      |            |        |       |  Time   |   Time   | 
     |--------------------------------------+------------+--------+-------+---------+----------| 
     |                                      | wb_rst_i ^ |        |       |   0.252 |    0.014 | 
     | core/picorv32_core_g193512           | B ^ -> Y v | NOR2X1 | 0.004 |   0.256 |    0.018 | 
     | core/picorv32_core_latched_stalu_reg | D v        | DFFQX1 | 0.000 |   0.256 |    0.018 | 
     +-----------------------------------------------------------------------------------------+ 
Path 6: MET Hold Check with Pin core/wbm_dat_o_reg[25]/CK 
Endpoint:   core/wbm_dat_o_reg[25]/D (v) checked with  leading edge of 'clk'
Beginpoint: wb_rst_i                 (^) triggered by  leading edge of 'clk'
Path Groups: {in2reg}
Analysis View: analysis1
Other End Arrival Time          0.000
+ Hold                         -0.003
+ Phase Shift                   0.000
+ Uncertainty                   0.020
= Required Time                 0.017
  Arrival Time                  0.256
  Slack Time                    0.239
     Clock Rise Edge                      0.000
     + Input Delay                        0.250
     + Drive Adjustment                   0.003
     = Beginpoint Arrival Time            0.252
     +---------------------------------------------------------------------------+ 
     |        Instance        |    Arc     |  Cell  | Delay | Arrival | Required | 
     |                        |            |        |       |  Time   |   Time   | 
     |------------------------+------------+--------+-------+---------+----------| 
     |                        | wb_rst_i ^ |        |       |   0.252 |    0.014 | 
     | core/g760__8428        | B ^ -> Y v | NOR2X1 | 0.003 |   0.256 |    0.017 | 
     | core/wbm_dat_o_reg[25] | D v        | DFFQXL | 0.000 |   0.256 |    0.017 | 
     +---------------------------------------------------------------------------+ 
Path 7: MET Hold Check with Pin core/picorv32_core_instr_slt_reg/CK 
Endpoint:   core/picorv32_core_instr_slt_reg/D (v) checked with  leading edge 
of 'clk'
Beginpoint: wb_rst_i                           (^) triggered by  leading edge 
of 'clk'
Path Groups: {in2reg}
Analysis View: analysis1
Other End Arrival Time          0.000
+ Hold                         -0.003
+ Phase Shift                   0.000
+ Uncertainty                   0.020
= Required Time                 0.017
  Arrival Time                  0.256
  Slack Time                    0.239
     Clock Rise Edge                      0.000
     + Input Delay                        0.250
     + Drive Adjustment                   0.003
     = Beginpoint Arrival Time            0.252
     +-------------------------------------------------------------------------------------+ 
     |             Instance             |    Arc     |  Cell  | Delay | Arrival | Required | 
     |                                  |            |        |       |  Time   |   Time   | 
     |----------------------------------+------------+--------+-------+---------+----------| 
     |                                  | wb_rst_i ^ |        |       |   0.252 |    0.014 | 
     | core/picorv32_core_g192254       | B ^ -> Y v | NOR2X1 | 0.003 |   0.256 |    0.017 | 
     | core/picorv32_core_instr_slt_reg | D v        | DFFQXL | 0.000 |   0.256 |    0.017 | 
     +-------------------------------------------------------------------------------------+ 
Path 8: MET Hold Check with Pin core/picorv32_core_instr_bltu_reg/CK 
Endpoint:   core/picorv32_core_instr_bltu_reg/D (v) checked with  leading edge 
of 'clk'
Beginpoint: wb_rst_i                            (^) triggered by  leading edge 
of 'clk'
Path Groups: {in2reg}
Analysis View: analysis1
Other End Arrival Time          0.000
+ Hold                         -0.003
+ Phase Shift                   0.000
+ Uncertainty                   0.020
= Required Time                 0.017
  Arrival Time                  0.256
  Slack Time                    0.239
     Clock Rise Edge                      0.000
     + Input Delay                        0.250
     + Drive Adjustment                   0.003
     = Beginpoint Arrival Time            0.252
     +--------------------------------------------------------------------------------------+ 
     |             Instance              |    Arc     |  Cell  | Delay | Arrival | Required | 
     |                                   |            |        |       |  Time   |   Time   | 
     |-----------------------------------+------------+--------+-------+---------+----------| 
     |                                   | wb_rst_i ^ |        |       |   0.252 |    0.014 | 
     | core/picorv32_core_g193374        | B ^ -> Y v | NOR2X1 | 0.003 |   0.256 |    0.017 | 
     | core/picorv32_core_instr_bltu_reg | D v        | DFFQXL | 0.000 |   0.256 |    0.017 | 
     +--------------------------------------------------------------------------------------+ 
Path 9: MET Hold Check with Pin core/picorv32_core_instr_andi_reg/CK 
Endpoint:   core/picorv32_core_instr_andi_reg/D (v) checked with  leading edge 
of 'clk'
Beginpoint: wb_rst_i                            (^) triggered by  leading edge 
of 'clk'
Path Groups: {in2reg}
Analysis View: analysis1
Other End Arrival Time          0.000
+ Hold                         -0.003
+ Phase Shift                   0.000
+ Uncertainty                   0.020
= Required Time                 0.017
  Arrival Time                  0.256
  Slack Time                    0.239
     Clock Rise Edge                      0.000
     + Input Delay                        0.250
     + Drive Adjustment                   0.003
     = Beginpoint Arrival Time            0.252
     +--------------------------------------------------------------------------------------+ 
     |             Instance              |    Arc     |  Cell  | Delay | Arrival | Required | 
     |                                   |            |        |       |  Time   |   Time   | 
     |-----------------------------------+------------+--------+-------+---------+----------| 
     |                                   | wb_rst_i ^ |        |       |   0.252 |    0.014 | 
     | core/picorv32_core_g193379        | B ^ -> Y v | NOR2X1 | 0.003 |   0.256 |    0.017 | 
     | core/picorv32_core_instr_andi_reg | D v        | DFFQXL | 0.000 |   0.256 |    0.017 | 
     +--------------------------------------------------------------------------------------+ 
Path 10: MET Hold Check with Pin core/wbm_dat_o_reg[31]/CK 
Endpoint:   core/wbm_dat_o_reg[31]/D (v) checked with  leading edge of 'clk'
Beginpoint: wb_rst_i                 (^) triggered by  leading edge of 'clk'
Path Groups: {in2reg}
Analysis View: analysis1
Other End Arrival Time          0.000
+ Hold                         -0.003
+ Phase Shift                   0.000
+ Uncertainty                   0.020
= Required Time                 0.017
  Arrival Time                  0.256
  Slack Time                    0.239
     Clock Rise Edge                      0.000
     + Input Delay                        0.250
     + Drive Adjustment                   0.003
     = Beginpoint Arrival Time            0.252
     +---------------------------------------------------------------------------+ 
     |        Instance        |    Arc     |  Cell  | Delay | Arrival | Required | 
     |                        |            |        |       |  Time   |   Time   | 
     |------------------------+------------+--------+-------+---------+----------| 
     |                        | wb_rst_i ^ |        |       |   0.252 |    0.014 | 
     | core/g766__1705        | B ^ -> Y v | NOR2X1 | 0.003 |   0.256 |    0.017 | 
     | core/wbm_dat_o_reg[31] | D v        | DFFQXL | 0.000 |   0.256 |    0.017 | 
     +---------------------------------------------------------------------------+ 
Path 11: MET Hold Check with Pin core/wbm_dat_o_reg[29]/CK 
Endpoint:   core/wbm_dat_o_reg[29]/D (v) checked with  leading edge of 'clk'
Beginpoint: wb_rst_i                 (^) triggered by  leading edge of 'clk'
Path Groups: {in2reg}
Analysis View: analysis1
Other End Arrival Time          0.000
+ Hold                         -0.003
+ Phase Shift                   0.000
+ Uncertainty                   0.020
= Required Time                 0.017
  Arrival Time                  0.256
  Slack Time                    0.239
     Clock Rise Edge                      0.000
     + Input Delay                        0.250
     + Drive Adjustment                   0.003
     = Beginpoint Arrival Time            0.252
     +---------------------------------------------------------------------------+ 
     |        Instance        |    Arc     |  Cell  | Delay | Arrival | Required | 
     |                        |            |        |       |  Time   |   Time   | 
     |------------------------+------------+--------+-------+---------+----------| 
     |                        | wb_rst_i ^ |        |       |   0.252 |    0.014 | 
     | core/g764__1617        | B ^ -> Y v | NOR2X1 | 0.003 |   0.256 |    0.017 | 
     | core/wbm_dat_o_reg[29] | D v        | DFFQXL | 0.000 |   0.256 |    0.017 | 
     +---------------------------------------------------------------------------+ 
Path 12: MET Hold Check with Pin core/wbm_dat_o_reg[24]/CK 
Endpoint:   core/wbm_dat_o_reg[24]/D (v) checked with  leading edge of 'clk'
Beginpoint: wb_rst_i                 (^) triggered by  leading edge of 'clk'
Path Groups: {in2reg}
Analysis View: analysis1
Other End Arrival Time          0.000
+ Hold                         -0.003
+ Phase Shift                   0.000
+ Uncertainty                   0.020
= Required Time                 0.017
  Arrival Time                  0.256
  Slack Time                    0.239
     Clock Rise Edge                      0.000
     + Input Delay                        0.250
     + Drive Adjustment                   0.003
     = Beginpoint Arrival Time            0.252
     +---------------------------------------------------------------------------+ 
     |        Instance        |    Arc     |  Cell  | Delay | Arrival | Required | 
     |                        |            |        |       |  Time   |   Time   | 
     |------------------------+------------+--------+-------+---------+----------| 
     |                        | wb_rst_i ^ |        |       |   0.252 |    0.014 | 
     | core/g759__4319        | B ^ -> Y v | NOR2X1 | 0.003 |   0.256 |    0.017 | 
     | core/wbm_dat_o_reg[24] | D v        | DFFQXL | 0.000 |   0.256 |    0.017 | 
     +---------------------------------------------------------------------------+ 
Path 13: MET Hold Check with Pin core/wbm_dat_o_reg[10]/CK 
Endpoint:   core/wbm_dat_o_reg[10]/D (v) checked with  leading edge of 'clk'
Beginpoint: wb_rst_i                 (^) triggered by  leading edge of 'clk'
Path Groups: {in2reg}
Analysis View: analysis1
Other End Arrival Time          0.000
+ Hold                         -0.003
+ Phase Shift                   0.000
+ Uncertainty                   0.020
= Required Time                 0.017
  Arrival Time                  0.256
  Slack Time                    0.239
     Clock Rise Edge                      0.000
     + Input Delay                        0.250
     + Drive Adjustment                   0.003
     = Beginpoint Arrival Time            0.252
     +---------------------------------------------------------------------------+ 
     |        Instance        |    Arc     |  Cell  | Delay | Arrival | Required | 
     |                        |            |        |       |  Time   |   Time   | 
     |------------------------+------------+--------+-------+---------+----------| 
     |                        | wb_rst_i ^ |        |       |   0.252 |    0.014 | 
     | core/g745__7482        | B ^ -> Y v | NOR2X1 | 0.003 |   0.256 |    0.017 | 
     | core/wbm_dat_o_reg[10] | D v        | DFFQXL | 0.000 |   0.256 |    0.017 | 
     +---------------------------------------------------------------------------+ 
Path 14: MET Hold Check with Pin core/wbm_dat_o_reg[8]/CK 
Endpoint:   core/wbm_dat_o_reg[8]/D (v) checked with  leading edge of 'clk'
Beginpoint: wb_rst_i                (^) triggered by  leading edge of 'clk'
Path Groups: {in2reg}
Analysis View: analysis1
Other End Arrival Time          0.000
+ Hold                         -0.003
+ Phase Shift                   0.000
+ Uncertainty                   0.020
= Required Time                 0.017
  Arrival Time                  0.256
  Slack Time                    0.239
     Clock Rise Edge                      0.000
     + Input Delay                        0.250
     + Drive Adjustment                   0.003
     = Beginpoint Arrival Time            0.252
     +--------------------------------------------------------------------------+ 
     |       Instance        |    Arc     |  Cell  | Delay | Arrival | Required | 
     |                       |            |        |       |  Time   |   Time   | 
     |-----------------------+------------+--------+-------+---------+----------| 
     |                       | wb_rst_i ^ |        |       |   0.252 |    0.014 | 
     | core/g743__1881       | B ^ -> Y v | NOR2X1 | 0.003 |   0.256 |    0.017 | 
     | core/wbm_dat_o_reg[8] | D v        | DFFQXL | 0.000 |   0.256 |    0.017 | 
     +--------------------------------------------------------------------------+ 
Path 15: MET Hold Check with Pin core/wbm_dat_o_reg[4]/CK 
Endpoint:   core/wbm_dat_o_reg[4]/D (v) checked with  leading edge of 'clk'
Beginpoint: wb_rst_i                (^) triggered by  leading edge of 'clk'
Path Groups: {in2reg}
Analysis View: analysis1
Other End Arrival Time          0.000
+ Hold                         -0.003
+ Phase Shift                   0.000
+ Uncertainty                   0.020
= Required Time                 0.017
  Arrival Time                  0.256
  Slack Time                    0.239
     Clock Rise Edge                      0.000
     + Input Delay                        0.250
     + Drive Adjustment                   0.003
     = Beginpoint Arrival Time            0.252
     +--------------------------------------------------------------------------+ 
     |       Instance        |    Arc     |  Cell  | Delay | Arrival | Required | 
     |                       |            |        |       |  Time   |   Time   | 
     |-----------------------+------------+--------+-------+---------+----------| 
     |                       | wb_rst_i ^ |        |       |   0.252 |    0.014 | 
     | core/g739__5122       | B ^ -> Y v | NOR2X1 | 0.003 |   0.256 |    0.017 | 
     | core/wbm_dat_o_reg[4] | D v        | DFFQXL | 0.000 |   0.256 |    0.017 | 
     +--------------------------------------------------------------------------+ 
Path 16: MET Hold Check with Pin core/wbm_adr_o_reg[9]/CK 
Endpoint:   core/wbm_adr_o_reg[9]/D (v) checked with  leading edge of 'clk'
Beginpoint: wb_rst_i                (^) triggered by  leading edge of 'clk'
Path Groups: {in2reg}
Analysis View: analysis1
Other End Arrival Time          0.000
+ Hold                         -0.003
+ Phase Shift                   0.000
+ Uncertainty                   0.020
= Required Time                 0.017
  Arrival Time                  0.256
  Slack Time                    0.239
     Clock Rise Edge                      0.000
     + Input Delay                        0.250
     + Drive Adjustment                   0.003
     = Beginpoint Arrival Time            0.252
     +--------------------------------------------------------------------------+ 
     |       Instance        |    Arc     |  Cell  | Delay | Arrival | Required | 
     |                       |            |        |       |  Time   |   Time   | 
     |-----------------------+------------+--------+-------+---------+----------| 
     |                       | wb_rst_i ^ |        |       |   0.252 |    0.014 | 
     | core/g778__2883       | B ^ -> Y v | NOR2X1 | 0.003 |   0.256 |    0.017 | 
     | core/wbm_adr_o_reg[9] | D v        | DFFQXL | 0.000 |   0.256 |    0.017 | 
     +--------------------------------------------------------------------------+ 
Path 17: MET Hold Check with Pin core/wbm_adr_o_reg[8]/CK 
Endpoint:   core/wbm_adr_o_reg[8]/D (v) checked with  leading edge of 'clk'
Beginpoint: wb_rst_i                (^) triggered by  leading edge of 'clk'
Path Groups: {in2reg}
Analysis View: analysis1
Other End Arrival Time          0.000
+ Hold                         -0.003
+ Phase Shift                   0.000
+ Uncertainty                   0.020
= Required Time                 0.017
  Arrival Time                  0.256
  Slack Time                    0.239
     Clock Rise Edge                      0.000
     + Input Delay                        0.250
     + Drive Adjustment                   0.003
     = Beginpoint Arrival Time            0.252
     +--------------------------------------------------------------------------+ 
     |       Instance        |    Arc     |  Cell  | Delay | Arrival | Required | 
     |                       |            |        |       |  Time   |   Time   | 
     |-----------------------+------------+--------+-------+---------+----------| 
     |                       | wb_rst_i ^ |        |       |   0.252 |    0.014 | 
     | core/g777__9945       | B ^ -> Y v | NOR2X1 | 0.003 |   0.256 |    0.017 | 
     | core/wbm_adr_o_reg[8] | D v        | DFFQXL | 0.000 |   0.256 |    0.017 | 
     +--------------------------------------------------------------------------+ 
Path 18: MET Hold Check with Pin core/picorv32_core_instr_sltu_reg/CK 
Endpoint:   core/picorv32_core_instr_sltu_reg/D (v) checked with  leading edge 
of 'clk'
Beginpoint: wb_rst_i                            (^) triggered by  leading edge 
of 'clk'
Path Groups: {in2reg}
Analysis View: analysis1
Other End Arrival Time          0.000
+ Hold                         -0.003
+ Phase Shift                   0.000
+ Uncertainty                   0.020
= Required Time                 0.017
  Arrival Time                  0.256
  Slack Time                    0.239
     Clock Rise Edge                      0.000
     + Input Delay                        0.250
     + Drive Adjustment                   0.003
     = Beginpoint Arrival Time            0.252
     +--------------------------------------------------------------------------------------+ 
     |             Instance              |    Arc     |  Cell  | Delay | Arrival | Required | 
     |                                   |            |        |       |  Time   |   Time   | 
     |-----------------------------------+------------+--------+-------+---------+----------| 
     |                                   | wb_rst_i ^ |        |       |   0.252 |    0.014 | 
     | core/picorv32_core_g192099        | B ^ -> Y v | NOR2X1 | 0.003 |   0.256 |    0.017 | 
     | core/picorv32_core_instr_sltu_reg | D v        | DFFQXL | 0.000 |   0.256 |    0.017 | 
     +--------------------------------------------------------------------------------------+ 
Path 19: MET Hold Check with Pin core/picorv32_core_genblk1.pcpi_mul_active_
reg[1]/CK 
Endpoint:   core/picorv32_core_genblk1.pcpi_mul_active_reg[1]/D (v) checked 
with  leading edge of 'clk'
Beginpoint: wb_rst_i                                            (^) triggered 
by  leading edge of 'clk'
Path Groups: {in2reg}
Analysis View: analysis1
Other End Arrival Time          0.000
+ Hold                         -0.002
+ Phase Shift                   0.000
+ Uncertainty                   0.020
= Required Time                 0.018
  Arrival Time                  0.257
  Slack Time                    0.239
     Clock Rise Edge                      0.000
     + Input Delay                        0.250
     + Drive Adjustment                   0.003
     = Beginpoint Arrival Time            0.252
     +------------------------------------------------------------------------------------------------------+ 
     |                     Instance                      |    Arc     |  Cell  | Delay | Arrival | Required | 
     |                                                   |            |        |       |  Time   |   Time   | 
     |---------------------------------------------------+------------+--------+-------+---------+----------| 
     |                                                   | wb_rst_i ^ |        |       |   0.252 |    0.014 | 
     | core/picorv32_core_g195433                        | B ^ -> Y v | NOR2X1 | 0.004 |   0.257 |    0.018 | 
     | core/picorv32_core_genblk1.pcpi_mul_active_reg[1] | D v        | DFFX1  | 0.000 |   0.257 |    0.018 | 
     +------------------------------------------------------------------------------------------------------+ 
Path 20: MET Hold Check with Pin core/picorv32_core_instr_srl_reg/CK 
Endpoint:   core/picorv32_core_instr_srl_reg/D (v) checked with  leading edge 
of 'clk'
Beginpoint: wb_rst_i                           (^) triggered by  leading edge 
of 'clk'
Path Groups: {in2reg}
Analysis View: analysis1
Other End Arrival Time          0.000
+ Hold                         -0.003
+ Phase Shift                   0.000
+ Uncertainty                   0.020
= Required Time                 0.017
  Arrival Time                  0.256
  Slack Time                    0.239
     Clock Rise Edge                      0.000
     + Input Delay                        0.250
     + Drive Adjustment                   0.003
     = Beginpoint Arrival Time            0.252
     +-------------------------------------------------------------------------------------+ 
     |             Instance             |    Arc     |  Cell  | Delay | Arrival | Required | 
     |                                  |            |        |       |  Time   |   Time   | 
     |----------------------------------+------------+--------+-------+---------+----------| 
     |                                  | wb_rst_i ^ |        |       |   0.252 |    0.014 | 
     | core/picorv32_core_g192247       | B ^ -> Y v | NOR2X1 | 0.004 |   0.256 |    0.017 | 
     | core/picorv32_core_instr_srl_reg | D v        | DFFQXL | 0.000 |   0.256 |    0.017 | 
     +-------------------------------------------------------------------------------------+ 
Path 21: MET Hold Check with Pin core/picorv32_core_instr_and_reg/CK 
Endpoint:   core/picorv32_core_instr_and_reg/D (v) checked with  leading edge 
of 'clk'
Beginpoint: wb_rst_i                           (^) triggered by  leading edge 
of 'clk'
Path Groups: {in2reg}
Analysis View: analysis1
Other End Arrival Time          0.000
+ Hold                         -0.003
+ Phase Shift                   0.000
+ Uncertainty                   0.020
= Required Time                 0.017
  Arrival Time                  0.256
  Slack Time                    0.239
     Clock Rise Edge                      0.000
     + Input Delay                        0.250
     + Drive Adjustment                   0.003
     = Beginpoint Arrival Time            0.252
     +-------------------------------------------------------------------------------------+ 
     |             Instance             |    Arc     |  Cell  | Delay | Arrival | Required | 
     |                                  |            |        |       |  Time   |   Time   | 
     |----------------------------------+------------+--------+-------+---------+----------| 
     |                                  | wb_rst_i ^ |        |       |   0.252 |    0.014 | 
     | core/picorv32_core_g192251       | B ^ -> Y v | NOR2X1 | 0.004 |   0.256 |    0.017 | 
     | core/picorv32_core_instr_and_reg | D v        | DFFQXL | 0.000 |   0.256 |    0.017 | 
     +-------------------------------------------------------------------------------------+ 
Path 22: MET Hold Check with Pin core/wbm_dat_o_reg[27]/CK 
Endpoint:   core/wbm_dat_o_reg[27]/D (v) checked with  leading edge of 'clk'
Beginpoint: wb_rst_i                 (^) triggered by  leading edge of 'clk'
Path Groups: {in2reg}
Analysis View: analysis1
Other End Arrival Time          0.000
+ Hold                         -0.003
+ Phase Shift                   0.000
+ Uncertainty                   0.020
= Required Time                 0.017
  Arrival Time                  0.256
  Slack Time                    0.239
     Clock Rise Edge                      0.000
     + Input Delay                        0.250
     + Drive Adjustment                   0.003
     = Beginpoint Arrival Time            0.252
     +---------------------------------------------------------------------------+ 
     |        Instance        |    Arc     |  Cell  | Delay | Arrival | Required | 
     |                        |            |        |       |  Time   |   Time   | 
     |------------------------+------------+--------+-------+---------+----------| 
     |                        | wb_rst_i ^ |        |       |   0.252 |    0.014 | 
     | core/g762__6783        | B ^ -> Y v | NOR2X1 | 0.004 |   0.256 |    0.017 | 
     | core/wbm_dat_o_reg[27] | D v        | DFFQXL | 0.000 |   0.256 |    0.017 | 
     +---------------------------------------------------------------------------+ 
Path 23: MET Hold Check with Pin core/wbm_dat_o_reg[19]/CK 
Endpoint:   core/wbm_dat_o_reg[19]/D (v) checked with  leading edge of 'clk'
Beginpoint: wb_rst_i                 (^) triggered by  leading edge of 'clk'
Path Groups: {in2reg}
Analysis View: analysis1
Other End Arrival Time          0.000
+ Hold                         -0.003
+ Phase Shift                   0.000
+ Uncertainty                   0.020
= Required Time                 0.017
  Arrival Time                  0.256
  Slack Time                    0.239
     Clock Rise Edge                      0.000
     + Input Delay                        0.250
     + Drive Adjustment                   0.003
     = Beginpoint Arrival Time            0.252
     +---------------------------------------------------------------------------+ 
     |        Instance        |    Arc     |  Cell  | Delay | Arrival | Required | 
     |                        |            |        |       |  Time   |   Time   | 
     |------------------------+------------+--------+-------+---------+----------| 
     |                        | wb_rst_i ^ |        |       |   0.252 |    0.014 | 
     | core/g754__6417        | B ^ -> Y v | NOR2X1 | 0.004 |   0.256 |    0.017 | 
     | core/wbm_dat_o_reg[19] | D v        | DFFQXL | 0.000 |   0.256 |    0.017 | 
     +---------------------------------------------------------------------------+ 
Path 24: MET Hold Check with Pin core/wbm_adr_o_reg[31]/CK 
Endpoint:   core/wbm_adr_o_reg[31]/D (v) checked with  leading edge of 'clk'
Beginpoint: wb_rst_i                 (^) triggered by  leading edge of 'clk'
Path Groups: {in2reg}
Analysis View: analysis1
Other End Arrival Time          0.000
+ Hold                         -0.003
+ Phase Shift                   0.000
+ Uncertainty                   0.020
= Required Time                 0.017
  Arrival Time                  0.256
  Slack Time                    0.239
     Clock Rise Edge                      0.000
     + Input Delay                        0.250
     + Drive Adjustment                   0.003
     = Beginpoint Arrival Time            0.252
     +---------------------------------------------------------------------------+ 
     |        Instance        |    Arc     |  Cell  | Delay | Arrival | Required | 
     |                        |            |        |       |  Time   |   Time   | 
     |------------------------+------------+--------+-------+---------+----------| 
     |                        | wb_rst_i ^ |        |       |   0.252 |    0.014 | 
     | core/g800__5115        | B ^ -> Y v | NOR2X1 | 0.004 |   0.256 |    0.017 | 
     | core/wbm_adr_o_reg[31] | D v        | DFFQXL | 0.000 |   0.256 |    0.017 | 
     +---------------------------------------------------------------------------+ 
Path 25: MET Hold Check with Pin core/wbm_dat_o_reg[16]/CK 
Endpoint:   core/wbm_dat_o_reg[16]/D (v) checked with  leading edge of 'clk'
Beginpoint: wb_rst_i                 (^) triggered by  leading edge of 'clk'
Path Groups: {in2reg}
Analysis View: analysis1
Other End Arrival Time          0.000
+ Hold                         -0.003
+ Phase Shift                   0.000
+ Uncertainty                   0.020
= Required Time                 0.017
  Arrival Time                  0.256
  Slack Time                    0.239
     Clock Rise Edge                      0.000
     + Input Delay                        0.250
     + Drive Adjustment                   0.003
     = Beginpoint Arrival Time            0.252
     +---------------------------------------------------------------------------+ 
     |        Instance        |    Arc     |  Cell  | Delay | Arrival | Required | 
     |                        |            |        |       |  Time   |   Time   | 
     |------------------------+------------+--------+-------+---------+----------| 
     |                        | wb_rst_i ^ |        |       |   0.252 |    0.014 | 
     | core/g735__3680        | B ^ -> Y v | NOR2X1 | 0.004 |   0.256 |    0.017 | 
     | core/wbm_dat_o_reg[16] | D v        | DFFQXL | 0.000 |   0.256 |    0.017 | 
     +---------------------------------------------------------------------------+ 
Path 26: MET Hold Check with Pin core/wbm_dat_o_reg[13]/CK 
Endpoint:   core/wbm_dat_o_reg[13]/D (v) checked with  leading edge of 'clk'
Beginpoint: wb_rst_i                 (^) triggered by  leading edge of 'clk'
Path Groups: {in2reg}
Analysis View: analysis1
Other End Arrival Time          0.000
+ Hold                         -0.003
+ Phase Shift                   0.000
+ Uncertainty                   0.020
= Required Time                 0.017
  Arrival Time                  0.256
  Slack Time                    0.239
     Clock Rise Edge                      0.000
     + Input Delay                        0.250
     + Drive Adjustment                   0.003
     = Beginpoint Arrival Time            0.252
     +---------------------------------------------------------------------------+ 
     |        Instance        |    Arc     |  Cell  | Delay | Arrival | Required | 
     |                        |            |        |       |  Time   |   Time   | 
     |------------------------+------------+--------+-------+---------+----------| 
     |                        | wb_rst_i ^ |        |       |   0.252 |    0.014 | 
     | core/g748__9315        | B ^ -> Y v | NOR2X1 | 0.004 |   0.256 |    0.017 | 
     | core/wbm_dat_o_reg[13] | D v        | DFFQXL | 0.000 |   0.256 |    0.017 | 
     +---------------------------------------------------------------------------+ 
Path 27: MET Hold Check with Pin core/wbm_adr_o_reg[29]/CK 
Endpoint:   core/wbm_adr_o_reg[29]/D (v) checked with  leading edge of 'clk'
Beginpoint: wb_rst_i                 (^) triggered by  leading edge of 'clk'
Path Groups: {in2reg}
Analysis View: analysis1
Other End Arrival Time          0.000
+ Hold                         -0.003
+ Phase Shift                   0.000
+ Uncertainty                   0.020
= Required Time                 0.017
  Arrival Time                  0.256
  Slack Time                    0.239
     Clock Rise Edge                      0.000
     + Input Delay                        0.250
     + Drive Adjustment                   0.003
     = Beginpoint Arrival Time            0.252
     +---------------------------------------------------------------------------+ 
     |        Instance        |    Arc     |  Cell  | Delay | Arrival | Required | 
     |                        |            |        |       |  Time   |   Time   | 
     |------------------------+------------+--------+-------+---------+----------| 
     |                        | wb_rst_i ^ |        |       |   0.252 |    0.014 | 
     | core/g798__6131        | B ^ -> Y v | NOR2X1 | 0.004 |   0.256 |    0.017 | 
     | core/wbm_adr_o_reg[29] | D v        | DFFQXL | 0.000 |   0.256 |    0.017 | 
     +---------------------------------------------------------------------------+ 
Path 28: MET Hold Check with Pin core/wbm_adr_o_reg[25]/CK 
Endpoint:   core/wbm_adr_o_reg[25]/D (v) checked with  leading edge of 'clk'
Beginpoint: wb_rst_i                 (^) triggered by  leading edge of 'clk'
Path Groups: {in2reg}
Analysis View: analysis1
Other End Arrival Time          0.000
+ Hold                         -0.003
+ Phase Shift                   0.000
+ Uncertainty                   0.020
= Required Time                 0.017
  Arrival Time                  0.256
  Slack Time                    0.239
     Clock Rise Edge                      0.000
     + Input Delay                        0.250
     + Drive Adjustment                   0.003
     = Beginpoint Arrival Time            0.252
     +---------------------------------------------------------------------------+ 
     |        Instance        |    Arc     |  Cell  | Delay | Arrival | Required | 
     |                        |            |        |       |  Time   |   Time   | 
     |------------------------+------------+--------+-------+---------+----------| 
     |                        | wb_rst_i ^ |        |       |   0.252 |    0.014 | 
     | core/g794__1705        | B ^ -> Y v | NOR2X1 | 0.004 |   0.256 |    0.017 | 
     | core/wbm_adr_o_reg[25] | D v        | DFFQXL | 0.000 |   0.256 |    0.017 | 
     +---------------------------------------------------------------------------+ 
Path 29: MET Hold Check with Pin core/wbm_adr_o_reg[24]/CK 
Endpoint:   core/wbm_adr_o_reg[24]/D (v) checked with  leading edge of 'clk'
Beginpoint: wb_rst_i                 (^) triggered by  leading edge of 'clk'
Path Groups: {in2reg}
Analysis View: analysis1
Other End Arrival Time          0.000
+ Hold                         -0.003
+ Phase Shift                   0.000
+ Uncertainty                   0.020
= Required Time                 0.017
  Arrival Time                  0.256
  Slack Time                    0.239
     Clock Rise Edge                      0.000
     + Input Delay                        0.250
     + Drive Adjustment                   0.003
     = Beginpoint Arrival Time            0.252
     +---------------------------------------------------------------------------+ 
     |        Instance        |    Arc     |  Cell  | Delay | Arrival | Required | 
     |                        |            |        |       |  Time   |   Time   | 
     |------------------------+------------+--------+-------+---------+----------| 
     |                        | wb_rst_i ^ |        |       |   0.252 |    0.014 | 
     | core/g793__2802        | B ^ -> Y v | NOR2X1 | 0.004 |   0.256 |    0.017 | 
     | core/wbm_adr_o_reg[24] | D v        | DFFQXL | 0.000 |   0.256 |    0.017 | 
     +---------------------------------------------------------------------------+ 
Path 30: MET Hold Check with Pin core/wbm_adr_o_reg[22]/CK 
Endpoint:   core/wbm_adr_o_reg[22]/D (v) checked with  leading edge of 'clk'
Beginpoint: wb_rst_i                 (^) triggered by  leading edge of 'clk'
Path Groups: {in2reg}
Analysis View: analysis1
Other End Arrival Time          0.000
+ Hold                         -0.003
+ Phase Shift                   0.000
+ Uncertainty                   0.020
= Required Time                 0.017
  Arrival Time                  0.256
  Slack Time                    0.239
     Clock Rise Edge                      0.000
     + Input Delay                        0.250
     + Drive Adjustment                   0.003
     = Beginpoint Arrival Time            0.252
     +---------------------------------------------------------------------------+ 
     |        Instance        |    Arc     |  Cell  | Delay | Arrival | Required | 
     |                        |            |        |       |  Time   |   Time   | 
     |------------------------+------------+--------+-------+---------+----------| 
     |                        | wb_rst_i ^ |        |       |   0.252 |    0.014 | 
     | core/g791__3680        | B ^ -> Y v | NOR2X1 | 0.004 |   0.256 |    0.017 | 
     | core/wbm_adr_o_reg[22] | D v        | DFFQXL | 0.000 |   0.256 |    0.017 | 
     +---------------------------------------------------------------------------+ 
Path 31: MET Hold Check with Pin core/wbm_adr_o_reg[6]/CK 
Endpoint:   core/wbm_adr_o_reg[6]/D (v) checked with  leading edge of 'clk'
Beginpoint: wb_rst_i                (^) triggered by  leading edge of 'clk'
Path Groups: {in2reg}
Analysis View: analysis1
Other End Arrival Time          0.000
+ Hold                         -0.003
+ Phase Shift                   0.000
+ Uncertainty                   0.020
= Required Time                 0.017
  Arrival Time                  0.256
  Slack Time                    0.239
     Clock Rise Edge                      0.000
     + Input Delay                        0.250
     + Drive Adjustment                   0.003
     = Beginpoint Arrival Time            0.252
     +--------------------------------------------------------------------------+ 
     |       Instance        |    Arc     |  Cell  | Delay | Arrival | Required | 
     |                       |            |        |       |  Time   |   Time   | 
     |-----------------------+------------+--------+-------+---------+----------| 
     |                       | wb_rst_i ^ |        |       |   0.252 |    0.014 | 
     | core/g775__6161       | B ^ -> Y v | NOR2X1 | 0.004 |   0.256 |    0.017 | 
     | core/wbm_adr_o_reg[6] | D v        | DFFQXL | 0.000 |   0.256 |    0.017 | 
     +--------------------------------------------------------------------------+ 
Path 32: MET Hold Check with Pin core/picorv32_core_instr_sub_reg/CK 
Endpoint:   core/picorv32_core_instr_sub_reg/D (v) checked with  leading edge 
of 'clk'
Beginpoint: wb_rst_i                           (^) triggered by  leading edge 
of 'clk'
Path Groups: {in2reg}
Analysis View: analysis1
Other End Arrival Time          0.000
+ Hold                         -0.002
+ Phase Shift                   0.000
+ Uncertainty                   0.020
= Required Time                 0.018
  Arrival Time                  0.257
  Slack Time                    0.239
     Clock Rise Edge                      0.000
     + Input Delay                        0.250
     + Drive Adjustment                   0.003
     = Beginpoint Arrival Time            0.252
     +-------------------------------------------------------------------------------------+ 
     |             Instance             |    Arc     |  Cell  | Delay | Arrival | Required | 
     |                                  |            |        |       |  Time   |   Time   | 
     |----------------------------------+------------+--------+-------+---------+----------| 
     |                                  | wb_rst_i ^ |        |       |   0.252 |    0.014 | 
     | core/picorv32_core_g192334       | B ^ -> Y v | NOR2X1 | 0.004 |   0.257 |    0.018 | 
     | core/picorv32_core_instr_sub_reg | D v        | DFFX1  | 0.000 |   0.257 |    0.018 | 
     +-------------------------------------------------------------------------------------+ 
Path 33: MET Hold Check with Pin core/picorv32_core_instr_sll_reg/CK 
Endpoint:   core/picorv32_core_instr_sll_reg/D (v) checked with  leading edge 
of 'clk'
Beginpoint: wb_rst_i                           (^) triggered by  leading edge 
of 'clk'
Path Groups: {in2reg}
Analysis View: analysis1
Other End Arrival Time          0.000
+ Hold                         -0.003
+ Phase Shift                   0.000
+ Uncertainty                   0.020
= Required Time                 0.017
  Arrival Time                  0.256
  Slack Time                    0.239
     Clock Rise Edge                      0.000
     + Input Delay                        0.250
     + Drive Adjustment                   0.003
     = Beginpoint Arrival Time            0.252
     +-------------------------------------------------------------------------------------+ 
     |             Instance             |    Arc     |  Cell  | Delay | Arrival | Required | 
     |                                  |            |        |       |  Time   |   Time   | 
     |----------------------------------+------------+--------+-------+---------+----------| 
     |                                  | wb_rst_i ^ |        |       |   0.252 |    0.014 | 
     | core/picorv32_core_g192253       | B ^ -> Y v | NOR2X1 | 0.004 |   0.256 |    0.017 | 
     | core/picorv32_core_instr_sll_reg | D v        | DFFQXL | 0.000 |   0.256 |    0.017 | 
     +-------------------------------------------------------------------------------------+ 
Path 34: MET Hold Check with Pin core/picorv32_core_instr_fence_reg/CK 
Endpoint:   core/picorv32_core_instr_fence_reg/D (v) checked with  leading edge 
of 'clk'
Beginpoint: wb_rst_i                             (^) triggered by  leading edge 
of 'clk'
Path Groups: {in2reg}
Analysis View: analysis1
Other End Arrival Time          0.000
+ Hold                         -0.003
+ Phase Shift                   0.000
+ Uncertainty                   0.020
= Required Time                 0.017
  Arrival Time                  0.256
  Slack Time                    0.239
     Clock Rise Edge                      0.000
     + Input Delay                        0.250
     + Drive Adjustment                   0.003
     = Beginpoint Arrival Time            0.252
     +---------------------------------------------------------------------------------------+ 
     |              Instance              |    Arc     |  Cell  | Delay | Arrival | Required | 
     |                                    |            |        |       |  Time   |   Time   | 
     |------------------------------------+------------+--------+-------+---------+----------| 
     |                                    | wb_rst_i ^ |        |       |   0.252 |    0.014 | 
     | core/picorv32_core_g192100         | B ^ -> Y v | NOR2X1 | 0.004 |   0.256 |    0.017 | 
     | core/picorv32_core_instr_fence_reg | D v        | DFFQXL | 0.000 |   0.256 |    0.017 | 
     +---------------------------------------------------------------------------------------+ 
Path 35: MET Hold Check with Pin core/wbm_dat_o_reg[18]/CK 
Endpoint:   core/wbm_dat_o_reg[18]/D (v) checked with  leading edge of 'clk'
Beginpoint: wb_rst_i                 (^) triggered by  leading edge of 'clk'
Path Groups: {in2reg}
Analysis View: analysis1
Other End Arrival Time          0.000
+ Hold                         -0.003
+ Phase Shift                   0.000
+ Uncertainty                   0.020
= Required Time                 0.017
  Arrival Time                  0.256
  Slack Time                    0.239
     Clock Rise Edge                      0.000
     + Input Delay                        0.250
     + Drive Adjustment                   0.003
     = Beginpoint Arrival Time            0.252
     +---------------------------------------------------------------------------+ 
     |        Instance        |    Arc     |  Cell  | Delay | Arrival | Required | 
     |                        |            |        |       |  Time   |   Time   | 
     |------------------------+------------+--------+-------+---------+----------| 
     |                        | wb_rst_i ^ |        |       |   0.252 |    0.014 | 
     | core/g753__7410        | B ^ -> Y v | NOR2X1 | 0.004 |   0.256 |    0.017 | 
     | core/wbm_dat_o_reg[18] | D v        | DFFQXL | 0.000 |   0.256 |    0.017 | 
     +---------------------------------------------------------------------------+ 
Path 36: MET Hold Check with Pin core/wbm_dat_o_reg[5]/CK 
Endpoint:   core/wbm_dat_o_reg[5]/D (v) checked with  leading edge of 'clk'
Beginpoint: wb_rst_i                (^) triggered by  leading edge of 'clk'
Path Groups: {in2reg}
Analysis View: analysis1
Other End Arrival Time          0.000
+ Hold                         -0.003
+ Phase Shift                   0.000
+ Uncertainty                   0.020
= Required Time                 0.017
  Arrival Time                  0.256
  Slack Time                    0.239
     Clock Rise Edge                      0.000
     + Input Delay                        0.250
     + Drive Adjustment                   0.003
     = Beginpoint Arrival Time            0.252
     +--------------------------------------------------------------------------+ 
     |       Instance        |    Arc     |  Cell  | Delay | Arrival | Required | 
     |                       |            |        |       |  Time   |   Time   | 
     |-----------------------+------------+--------+-------+---------+----------| 
     |                       | wb_rst_i ^ |        |       |   0.252 |    0.014 | 
     | core/g740__8246       | B ^ -> Y v | NOR2X1 | 0.004 |   0.256 |    0.017 | 
     | core/wbm_dat_o_reg[5] | D v        | DFFQXL | 0.000 |   0.256 |    0.017 | 
     +--------------------------------------------------------------------------+ 
Path 37: MET Hold Check with Pin core/wbm_dat_o_reg[1]/CK 
Endpoint:   core/wbm_dat_o_reg[1]/D (v) checked with  leading edge of 'clk'
Beginpoint: wb_rst_i                (^) triggered by  leading edge of 'clk'
Path Groups: {in2reg}
Analysis View: analysis1
Other End Arrival Time          0.000
+ Hold                         -0.003
+ Phase Shift                   0.000
+ Uncertainty                   0.020
= Required Time                 0.017
  Arrival Time                  0.256
  Slack Time                    0.239
     Clock Rise Edge                      0.000
     + Input Delay                        0.250
     + Drive Adjustment                   0.003
     = Beginpoint Arrival Time            0.252
     +--------------------------------------------------------------------------+ 
     |       Instance        |    Arc     |  Cell  | Delay | Arrival | Required | 
     |                       |            |        |       |  Time   |   Time   | 
     |-----------------------+------------+--------+-------+---------+----------| 
     |                       | wb_rst_i ^ |        |       |   0.252 |    0.014 | 
     | core/g736__1617       | B ^ -> Y v | NOR2X1 | 0.004 |   0.256 |    0.017 | 
     | core/wbm_dat_o_reg[1] | D v        | DFFQXL | 0.000 |   0.256 |    0.017 | 
     +--------------------------------------------------------------------------+ 
Path 38: MET Hold Check with Pin core/wbm_adr_o_reg[30]/CK 
Endpoint:   core/wbm_adr_o_reg[30]/D (v) checked with  leading edge of 'clk'
Beginpoint: wb_rst_i                 (^) triggered by  leading edge of 'clk'
Path Groups: {in2reg}
Analysis View: analysis1
Other End Arrival Time          0.000
+ Hold                         -0.003
+ Phase Shift                   0.000
+ Uncertainty                   0.020
= Required Time                 0.017
  Arrival Time                  0.256
  Slack Time                    0.239
     Clock Rise Edge                      0.000
     + Input Delay                        0.250
     + Drive Adjustment                   0.003
     = Beginpoint Arrival Time            0.252
     +---------------------------------------------------------------------------+ 
     |        Instance        |    Arc     |  Cell  | Delay | Arrival | Required | 
     |                        |            |        |       |  Time   |   Time   | 
     |------------------------+------------+--------+-------+---------+----------| 
     |                        | wb_rst_i ^ |        |       |   0.252 |    0.014 | 
     | core/g799__1881        | B ^ -> Y v | NOR2X1 | 0.004 |   0.256 |    0.017 | 
     | core/wbm_adr_o_reg[30] | D v        | DFFQXL | 0.000 |   0.256 |    0.017 | 
     +---------------------------------------------------------------------------+ 
Path 39: MET Hold Check with Pin core/wbm_adr_o_reg[5]/CK 
Endpoint:   core/wbm_adr_o_reg[5]/D (v) checked with  leading edge of 'clk'
Beginpoint: wb_rst_i                (^) triggered by  leading edge of 'clk'
Path Groups: {in2reg}
Analysis View: analysis1
Other End Arrival Time          0.000
+ Hold                         -0.003
+ Phase Shift                   0.000
+ Uncertainty                   0.020
= Required Time                 0.017
  Arrival Time                  0.256
  Slack Time                    0.239
     Clock Rise Edge                      0.000
     + Input Delay                        0.250
     + Drive Adjustment                   0.003
     = Beginpoint Arrival Time            0.252
     +--------------------------------------------------------------------------+ 
     |       Instance        |    Arc     |  Cell  | Delay | Arrival | Required | 
     |                       |            |        |       |  Time   |   Time   | 
     |-----------------------+------------+--------+-------+---------+----------| 
     |                       | wb_rst_i ^ |        |       |   0.252 |    0.014 | 
     | core/g774__4733       | B ^ -> Y v | NOR2X1 | 0.004 |   0.256 |    0.017 | 
     | core/wbm_adr_o_reg[5] | D v        | DFFQXL | 0.000 |   0.256 |    0.017 | 
     +--------------------------------------------------------------------------+ 
Path 40: MET Hold Check with Pin core/picorv32_core_instr_sra_reg/CK 
Endpoint:   core/picorv32_core_instr_sra_reg/D (v) checked with  leading edge 
of 'clk'
Beginpoint: wb_rst_i                           (^) triggered by  leading edge 
of 'clk'
Path Groups: {in2reg}
Analysis View: analysis1
Other End Arrival Time          0.000
+ Hold                         -0.003
+ Phase Shift                   0.000
+ Uncertainty                   0.020
= Required Time                 0.017
  Arrival Time                  0.256
  Slack Time                    0.239
     Clock Rise Edge                      0.000
     + Input Delay                        0.250
     + Drive Adjustment                   0.003
     = Beginpoint Arrival Time            0.252
     +-------------------------------------------------------------------------------------+ 
     |             Instance             |    Arc     |  Cell  | Delay | Arrival | Required | 
     |                                  |            |        |       |  Time   |   Time   | 
     |----------------------------------+------------+--------+-------+---------+----------| 
     |                                  | wb_rst_i ^ |        |       |   0.252 |    0.014 | 
     | core/picorv32_core_g192249       | B ^ -> Y v | NOR2X1 | 0.004 |   0.256 |    0.017 | 
     | core/picorv32_core_instr_sra_reg | D v        | DFFQXL | 0.000 |   0.256 |    0.017 | 
     +-------------------------------------------------------------------------------------+ 
Path 41: MET Hold Check with Pin core/picorv32_core_instr_addi_reg/CK 
Endpoint:   core/picorv32_core_instr_addi_reg/D (v) checked with  leading edge 
of 'clk'
Beginpoint: wb_rst_i                            (^) triggered by  leading edge 
of 'clk'
Path Groups: {in2reg}
Analysis View: analysis1
Other End Arrival Time          0.000
+ Hold                         -0.003
+ Phase Shift                   0.000
+ Uncertainty                   0.020
= Required Time                 0.017
  Arrival Time                  0.256
  Slack Time                    0.239
     Clock Rise Edge                      0.000
     + Input Delay                        0.250
     + Drive Adjustment                   0.003
     = Beginpoint Arrival Time            0.252
     +--------------------------------------------------------------------------------------+ 
     |             Instance              |    Arc     |  Cell  | Delay | Arrival | Required | 
     |                                   |            |        |       |  Time   |   Time   | 
     |-----------------------------------+------------+--------+-------+---------+----------| 
     |                                   | wb_rst_i ^ |        |       |   0.252 |    0.014 | 
     | core/picorv32_core_g193380        | B ^ -> Y v | NOR2X1 | 0.004 |   0.256 |    0.017 | 
     | core/picorv32_core_instr_addi_reg | D v        | DFFQXL | 0.000 |   0.256 |    0.017 | 
     +--------------------------------------------------------------------------------------+ 
Path 42: MET Hold Check with Pin core/picorv32_core_instr_add_reg/CK 
Endpoint:   core/picorv32_core_instr_add_reg/D (v) checked with  leading edge 
of 'clk'
Beginpoint: wb_rst_i                           (^) triggered by  leading edge 
of 'clk'
Path Groups: {in2reg}
Analysis View: analysis1
Other End Arrival Time          0.000
+ Hold                         -0.003
+ Phase Shift                   0.000
+ Uncertainty                   0.020
= Required Time                 0.017
  Arrival Time                  0.256
  Slack Time                    0.239
     Clock Rise Edge                      0.000
     + Input Delay                        0.250
     + Drive Adjustment                   0.003
     = Beginpoint Arrival Time            0.252
     +-------------------------------------------------------------------------------------+ 
     |             Instance             |    Arc     |  Cell  | Delay | Arrival | Required | 
     |                                  |            |        |       |  Time   |   Time   | 
     |----------------------------------+------------+--------+-------+---------+----------| 
     |                                  | wb_rst_i ^ |        |       |   0.252 |    0.014 | 
     | core/picorv32_core_g192250       | B ^ -> Y v | NOR2X1 | 0.004 |   0.256 |    0.017 | 
     | core/picorv32_core_instr_add_reg | D v        | DFFQXL | 0.000 |   0.256 |    0.017 | 
     +-------------------------------------------------------------------------------------+ 
Path 43: MET Hold Check with Pin core/picorv32_core_instr_sltiu_reg/CK 
Endpoint:   core/picorv32_core_instr_sltiu_reg/D (v) checked with  leading edge 
of 'clk'
Beginpoint: wb_rst_i                             (^) triggered by  leading edge 
of 'clk'
Path Groups: {in2reg}
Analysis View: analysis1
Other End Arrival Time          0.000
+ Hold                         -0.003
+ Phase Shift                   0.000
+ Uncertainty                   0.020
= Required Time                 0.017
  Arrival Time                  0.256
  Slack Time                    0.239
     Clock Rise Edge                      0.000
     + Input Delay                        0.250
     + Drive Adjustment                   0.003
     = Beginpoint Arrival Time            0.252
     +---------------------------------------------------------------------------------------+ 
     |              Instance              |    Arc     |  Cell  | Delay | Arrival | Required | 
     |                                    |            |        |       |  Time   |   Time   | 
     |------------------------------------+------------+--------+-------+---------+----------| 
     |                                    | wb_rst_i ^ |        |       |   0.252 |    0.014 | 
     | core/picorv32_core_g193511         | B ^ -> Y v | NOR2X1 | 0.004 |   0.256 |    0.017 | 
     | core/picorv32_core_instr_sltiu_reg | D v        | DFFQXL | 0.000 |   0.256 |    0.017 | 
     +---------------------------------------------------------------------------------------+ 
Path 44: MET Hold Check with Pin core/wbm_dat_o_reg[21]/CK 
Endpoint:   core/wbm_dat_o_reg[21]/D (v) checked with  leading edge of 'clk'
Beginpoint: wb_rst_i                 (^) triggered by  leading edge of 'clk'
Path Groups: {in2reg}
Analysis View: analysis1
Other End Arrival Time          0.000
+ Hold                         -0.003
+ Phase Shift                   0.000
+ Uncertainty                   0.020
= Required Time                 0.017
  Arrival Time                  0.256
  Slack Time                    0.239
     Clock Rise Edge                      0.000
     + Input Delay                        0.250
     + Drive Adjustment                   0.003
     = Beginpoint Arrival Time            0.252
     +---------------------------------------------------------------------------+ 
     |        Instance        |    Arc     |  Cell  | Delay | Arrival | Required | 
     |                        |            |        |       |  Time   |   Time   | 
     |------------------------+------------+--------+-------+---------+----------| 
     |                        | wb_rst_i ^ |        |       |   0.252 |    0.014 | 
     | core/g756__2398        | B ^ -> Y v | NOR2X1 | 0.004 |   0.256 |    0.017 | 
     | core/wbm_dat_o_reg[21] | D v        | DFFQXL | 0.000 |   0.256 |    0.017 | 
     +---------------------------------------------------------------------------+ 
Path 45: MET Hold Check with Pin core/wbm_dat_o_reg[9]/CK 
Endpoint:   core/wbm_dat_o_reg[9]/D (v) checked with  leading edge of 'clk'
Beginpoint: wb_rst_i                (^) triggered by  leading edge of 'clk'
Path Groups: {in2reg}
Analysis View: analysis1
Other End Arrival Time          0.000
+ Hold                         -0.003
+ Phase Shift                   0.000
+ Uncertainty                   0.020
= Required Time                 0.017
  Arrival Time                  0.256
  Slack Time                    0.239
     Clock Rise Edge                      0.000
     + Input Delay                        0.250
     + Drive Adjustment                   0.003
     = Beginpoint Arrival Time            0.252
     +--------------------------------------------------------------------------+ 
     |       Instance        |    Arc     |  Cell  | Delay | Arrival | Required | 
     |                       |            |        |       |  Time   |   Time   | 
     |-----------------------+------------+--------+-------+---------+----------| 
     |                       | wb_rst_i ^ |        |       |   0.252 |    0.014 | 
     | core/g744__5115       | B ^ -> Y v | NOR2X1 | 0.004 |   0.256 |    0.017 | 
     | core/wbm_dat_o_reg[9] | D v        | DFFQXL | 0.000 |   0.256 |    0.017 | 
     +--------------------------------------------------------------------------+ 
Path 46: MET Hold Check with Pin core/wbm_adr_o_reg[21]/CK 
Endpoint:   core/wbm_adr_o_reg[21]/D (v) checked with  leading edge of 'clk'
Beginpoint: wb_rst_i                 (^) triggered by  leading edge of 'clk'
Path Groups: {in2reg}
Analysis View: analysis1
Other End Arrival Time          0.000
+ Hold                         -0.003
+ Phase Shift                   0.000
+ Uncertainty                   0.020
= Required Time                 0.017
  Arrival Time                  0.256
  Slack Time                    0.239
     Clock Rise Edge                      0.000
     + Input Delay                        0.250
     + Drive Adjustment                   0.003
     = Beginpoint Arrival Time            0.252
     +---------------------------------------------------------------------------+ 
     |        Instance        |    Arc     |  Cell  | Delay | Arrival | Required | 
     |                        |            |        |       |  Time   |   Time   | 
     |------------------------+------------+--------+-------+---------+----------| 
     |                        | wb_rst_i ^ |        |       |   0.252 |    0.014 | 
     | core/g790__6783        | B ^ -> Y v | NOR2X1 | 0.004 |   0.256 |    0.017 | 
     | core/wbm_adr_o_reg[21] | D v        | DFFQXL | 0.000 |   0.256 |    0.017 | 
     +---------------------------------------------------------------------------+ 
Path 47: MET Hold Check with Pin core/wbm_adr_o_reg[16]/CK 
Endpoint:   core/wbm_adr_o_reg[16]/D (v) checked with  leading edge of 'clk'
Beginpoint: wb_rst_i                 (^) triggered by  leading edge of 'clk'
Path Groups: {in2reg}
Analysis View: analysis1
Other End Arrival Time          0.000
+ Hold                         -0.003
+ Phase Shift                   0.000
+ Uncertainty                   0.020
= Required Time                 0.017
  Arrival Time                  0.256
  Slack Time                    0.239
     Clock Rise Edge                      0.000
     + Input Delay                        0.250
     + Drive Adjustment                   0.003
     = Beginpoint Arrival Time            0.252
     +---------------------------------------------------------------------------+ 
     |        Instance        |    Arc     |  Cell  | Delay | Arrival | Required | 
     |                        |            |        |       |  Time   |   Time   | 
     |------------------------+------------+--------+-------+---------+----------| 
     |                        | wb_rst_i ^ |        |       |   0.252 |    0.014 | 
     | core/g785__5107        | B ^ -> Y v | NOR2X1 | 0.004 |   0.256 |    0.017 | 
     | core/wbm_adr_o_reg[16] | D v        | DFFQXL | 0.000 |   0.256 |    0.017 | 
     +---------------------------------------------------------------------------+ 
Path 48: MET Hold Check with Pin core/wbm_dat_o_reg[6]/CK 
Endpoint:   core/wbm_dat_o_reg[6]/D (v) checked with  leading edge of 'clk'
Beginpoint: wb_rst_i                (^) triggered by  leading edge of 'clk'
Path Groups: {in2reg}
Analysis View: analysis1
Other End Arrival Time          0.000
+ Hold                         -0.003
+ Phase Shift                   0.000
+ Uncertainty                   0.020
= Required Time                 0.017
  Arrival Time                  0.256
  Slack Time                    0.239
     Clock Rise Edge                      0.000
     + Input Delay                        0.250
     + Drive Adjustment                   0.003
     = Beginpoint Arrival Time            0.252
     +--------------------------------------------------------------------------+ 
     |       Instance        |    Arc     |  Cell  | Delay | Arrival | Required | 
     |                       |            |        |       |  Time   |   Time   | 
     |-----------------------+------------+--------+-------+---------+----------| 
     |                       | wb_rst_i ^ |        |       |   0.252 |    0.014 | 
     | core/g741__7098       | B ^ -> Y v | NOR2X1 | 0.004 |   0.256 |    0.017 | 
     | core/wbm_dat_o_reg[6] | D v        | DFFQXL | 0.000 |   0.256 |    0.017 | 
     +--------------------------------------------------------------------------+ 
Path 49: MET Hold Check with Pin core/wbm_adr_o_reg[17]/CK 
Endpoint:   core/wbm_adr_o_reg[17]/D (v) checked with  leading edge of 'clk'
Beginpoint: wb_rst_i                 (^) triggered by  leading edge of 'clk'
Path Groups: {in2reg}
Analysis View: analysis1
Other End Arrival Time          0.000
+ Hold                         -0.003
+ Phase Shift                   0.000
+ Uncertainty                   0.020
= Required Time                 0.017
  Arrival Time                  0.256
  Slack Time                    0.239
     Clock Rise Edge                      0.000
     + Input Delay                        0.250
     + Drive Adjustment                   0.003
     = Beginpoint Arrival Time            0.252
     +---------------------------------------------------------------------------+ 
     |        Instance        |    Arc     |  Cell  | Delay | Arrival | Required | 
     |                        |            |        |       |  Time   |   Time   | 
     |------------------------+------------+--------+-------+---------+----------| 
     |                        | wb_rst_i ^ |        |       |   0.252 |    0.014 | 
     | core/g786__6260        | B ^ -> Y v | NOR2X1 | 0.004 |   0.256 |    0.017 | 
     | core/wbm_adr_o_reg[17] | D v        | DFFQXL | 0.000 |   0.256 |    0.017 | 
     +---------------------------------------------------------------------------+ 
Path 50: MET Hold Check with Pin core/picorv32_core_instr_ori_reg/CK 
Endpoint:   core/picorv32_core_instr_ori_reg/D (v) checked with  leading edge 
of 'clk'
Beginpoint: wb_rst_i                           (^) triggered by  leading edge 
of 'clk'
Path Groups: {in2reg}
Analysis View: analysis1
Other End Arrival Time          0.000
+ Hold                         -0.003
+ Phase Shift                   0.000
+ Uncertainty                   0.020
= Required Time                 0.017
  Arrival Time                  0.256
  Slack Time                    0.239
     Clock Rise Edge                      0.000
     + Input Delay                        0.250
     + Drive Adjustment                   0.003
     = Beginpoint Arrival Time            0.252
     +-------------------------------------------------------------------------------------+ 
     |             Instance             |    Arc     |  Cell  | Delay | Arrival | Required | 
     |                                  |            |        |       |  Time   |   Time   | 
     |----------------------------------+------------+--------+-------+---------+----------| 
     |                                  | wb_rst_i ^ |        |       |   0.252 |    0.013 | 
     | core/picorv32_core_g193372       | B ^ -> Y v | NOR2X1 | 0.004 |   0.256 |    0.017 | 
     | core/picorv32_core_instr_ori_reg | D v        | DFFQXL | 0.000 |   0.256 |    0.017 | 
     +-------------------------------------------------------------------------------------+ 

