###############################################################
#  Generated by:      Cadence Innovus 21.35-s114_1
#  OS:                Linux x86_64(Host ID cn90.it.auth.gr)
#  Generated on:      Mon Dec  8 12:40:31 2025
#  Design:            picorv32_pads
#  Command:           report_timing -path_group reg2out -check_type hold -max_paths 50 > reports/postRouting/reg2out_hold.rpt
###############################################################
Path 1: MET Early External Delay Assertion 
Endpoint:   eoi[20]                          (^) checked with  leading edge of 
'clk'
Beginpoint: core/picorv32_core_eoi_reg[20]/Q (^) triggered by  leading edge of 
'clk'
Path Groups: {reg2out}
Analysis View: analysis1
Other End Arrival Time          0.000
- External Delay                0.250
+ Phase Shift                   0.000
+ Uncertainty                   0.020
= Required Time                -0.230
  Arrival Time                  0.083
  Slack Time                    0.313
     Clock Rise Edge                 0.000
     + Clock Network Latency (Prop)  0.000
     = Beginpoint Arrival Time       0.000
     +-------------------------------------------------------------------------------------+ 
     |            Instance            |     Arc     |  Cell   | Delay | Arrival | Required | 
     |                                |             |         |       |  Time   |   Time   | 
     |--------------------------------+-------------+---------+-------+---------+----------| 
     | core/picorv32_core_eoi_reg[20] | CK ^        |         |       |   0.000 |   -0.313 | 
     | core/picorv32_core_eoi_reg[20] | CK ^ -> Q ^ | DFFHQX8 | 0.081 |   0.081 |   -0.233 | 
     |                                | eoi[20] ^   |         | 0.003 |   0.083 |   -0.230 | 
     +-------------------------------------------------------------------------------------+ 
Path 2: MET Early External Delay Assertion 
Endpoint:   eoi[25]                          (^) checked with  leading edge of 
'clk'
Beginpoint: core/picorv32_core_eoi_reg[25]/Q (^) triggered by  leading edge of 
'clk'
Path Groups: {reg2out}
Analysis View: analysis1
Other End Arrival Time          0.000
- External Delay                0.250
+ Phase Shift                   0.000
+ Uncertainty                   0.020
= Required Time                -0.230
  Arrival Time                  0.083
  Slack Time                    0.313
     Clock Rise Edge                 0.000
     + Clock Network Latency (Prop)  0.000
     = Beginpoint Arrival Time       0.000
     +-------------------------------------------------------------------------------------+ 
     |            Instance            |     Arc     |  Cell   | Delay | Arrival | Required | 
     |                                |             |         |       |  Time   |   Time   | 
     |--------------------------------+-------------+---------+-------+---------+----------| 
     | core/picorv32_core_eoi_reg[25] | CK ^        |         |       |   0.000 |   -0.313 | 
     | core/picorv32_core_eoi_reg[25] | CK ^ -> Q ^ | DFFHQX8 | 0.081 |   0.081 |   -0.233 | 
     |                                | eoi[25] ^   |         | 0.003 |   0.083 |   -0.230 | 
     +-------------------------------------------------------------------------------------+ 
Path 3: MET Early External Delay Assertion 
Endpoint:   eoi[30]                          (^) checked with  leading edge of 
'clk'
Beginpoint: core/picorv32_core_eoi_reg[30]/Q (^) triggered by  leading edge of 
'clk'
Path Groups: {reg2out}
Analysis View: analysis1
Other End Arrival Time          0.000
- External Delay                0.250
+ Phase Shift                   0.000
+ Uncertainty                   0.020
= Required Time                -0.230
  Arrival Time                  0.083
  Slack Time                    0.313
     Clock Rise Edge                 0.000
     + Clock Network Latency (Prop)  0.000
     = Beginpoint Arrival Time       0.000
     +-------------------------------------------------------------------------------------+ 
     |            Instance            |     Arc     |  Cell   | Delay | Arrival | Required | 
     |                                |             |         |       |  Time   |   Time   | 
     |--------------------------------+-------------+---------+-------+---------+----------| 
     | core/picorv32_core_eoi_reg[30] | CK ^        |         |       |   0.000 |   -0.313 | 
     | core/picorv32_core_eoi_reg[30] | CK ^ -> Q ^ | DFFHQX8 | 0.081 |   0.081 |   -0.233 | 
     |                                | eoi[30] ^   |         | 0.003 |   0.083 |   -0.230 | 
     +-------------------------------------------------------------------------------------+ 
Path 4: MET Early External Delay Assertion 
Endpoint:   eoi[27]                          (^) checked with  leading edge of 
'clk'
Beginpoint: core/picorv32_core_eoi_reg[27]/Q (^) triggered by  leading edge of 
'clk'
Path Groups: {reg2out}
Analysis View: analysis1
Other End Arrival Time          0.000
- External Delay                0.250
+ Phase Shift                   0.000
+ Uncertainty                   0.020
= Required Time                -0.230
  Arrival Time                  0.084
  Slack Time                    0.314
     Clock Rise Edge                 0.000
     + Clock Network Latency (Prop)  0.000
     = Beginpoint Arrival Time       0.000
     +-------------------------------------------------------------------------------------+ 
     |            Instance            |     Arc     |  Cell   | Delay | Arrival | Required | 
     |                                |             |         |       |  Time   |   Time   | 
     |--------------------------------+-------------+---------+-------+---------+----------| 
     | core/picorv32_core_eoi_reg[27] | CK ^        |         |       |   0.000 |   -0.314 | 
     | core/picorv32_core_eoi_reg[27] | CK ^ -> Q ^ | DFFHQX8 | 0.081 |   0.081 |   -0.233 | 
     |                                | eoi[27] ^   |         | 0.003 |   0.084 |   -0.230 | 
     +-------------------------------------------------------------------------------------+ 
Path 5: MET Early External Delay Assertion 
Endpoint:   eoi[18]                          (^) checked with  leading edge of 
'clk'
Beginpoint: core/picorv32_core_eoi_reg[18]/Q (^) triggered by  leading edge of 
'clk'
Path Groups: {reg2out}
Analysis View: analysis1
Other End Arrival Time          0.000
- External Delay                0.250
+ Phase Shift                   0.000
+ Uncertainty                   0.020
= Required Time                -0.230
  Arrival Time                  0.084
  Slack Time                    0.314
     Clock Rise Edge                 0.000
     + Clock Network Latency (Prop)  0.000
     = Beginpoint Arrival Time       0.000
     +-------------------------------------------------------------------------------------+ 
     |            Instance            |     Arc     |  Cell   | Delay | Arrival | Required | 
     |                                |             |         |       |  Time   |   Time   | 
     |--------------------------------+-------------+---------+-------+---------+----------| 
     | core/picorv32_core_eoi_reg[18] | CK ^        |         |       |   0.000 |   -0.314 | 
     | core/picorv32_core_eoi_reg[18] | CK ^ -> Q ^ | DFFHQX8 | 0.081 |   0.081 |   -0.233 | 
     |                                | eoi[18] ^   |         | 0.003 |   0.084 |   -0.230 | 
     +-------------------------------------------------------------------------------------+ 
Path 6: MET Early External Delay Assertion 
Endpoint:   eoi[22]                          (^) checked with  leading edge of 
'clk'
Beginpoint: core/picorv32_core_eoi_reg[22]/Q (^) triggered by  leading edge of 
'clk'
Path Groups: {reg2out}
Analysis View: analysis1
Other End Arrival Time          0.000
- External Delay                0.250
+ Phase Shift                   0.000
+ Uncertainty                   0.020
= Required Time                -0.230
  Arrival Time                  0.084
  Slack Time                    0.314
     Clock Rise Edge                 0.000
     + Clock Network Latency (Prop)  0.000
     = Beginpoint Arrival Time       0.000
     +-------------------------------------------------------------------------------------+ 
     |            Instance            |     Arc     |  Cell   | Delay | Arrival | Required | 
     |                                |             |         |       |  Time   |   Time   | 
     |--------------------------------+-------------+---------+-------+---------+----------| 
     | core/picorv32_core_eoi_reg[22] | CK ^        |         |       |   0.000 |   -0.314 | 
     | core/picorv32_core_eoi_reg[22] | CK ^ -> Q ^ | DFFHQX8 | 0.081 |   0.081 |   -0.233 | 
     |                                | eoi[22] ^   |         | 0.003 |   0.084 |   -0.230 | 
     +-------------------------------------------------------------------------------------+ 
Path 7: MET Early External Delay Assertion 
Endpoint:   eoi[19]                          (^) checked with  leading edge of 
'clk'
Beginpoint: core/picorv32_core_eoi_reg[19]/Q (^) triggered by  leading edge of 
'clk'
Path Groups: {reg2out}
Analysis View: analysis1
Other End Arrival Time          0.000
- External Delay                0.250
+ Phase Shift                   0.000
+ Uncertainty                   0.020
= Required Time                -0.230
  Arrival Time                  0.084
  Slack Time                    0.314
     Clock Rise Edge                 0.000
     + Clock Network Latency (Prop)  0.000
     = Beginpoint Arrival Time       0.000
     +-------------------------------------------------------------------------------------+ 
     |            Instance            |     Arc     |  Cell   | Delay | Arrival | Required | 
     |                                |             |         |       |  Time   |   Time   | 
     |--------------------------------+-------------+---------+-------+---------+----------| 
     | core/picorv32_core_eoi_reg[19] | CK ^        |         |       |   0.000 |   -0.314 | 
     | core/picorv32_core_eoi_reg[19] | CK ^ -> Q ^ | DFFHQX8 | 0.081 |   0.081 |   -0.233 | 
     |                                | eoi[19] ^   |         | 0.003 |   0.084 |   -0.230 | 
     +-------------------------------------------------------------------------------------+ 
Path 8: MET Early External Delay Assertion 
Endpoint:   eoi[26]                          (^) checked with  leading edge of 
'clk'
Beginpoint: core/picorv32_core_eoi_reg[26]/Q (^) triggered by  leading edge of 
'clk'
Path Groups: {reg2out}
Analysis View: analysis1
Other End Arrival Time          0.000
- External Delay                0.250
+ Phase Shift                   0.000
+ Uncertainty                   0.020
= Required Time                -0.230
  Arrival Time                  0.084
  Slack Time                    0.314
     Clock Rise Edge                 0.000
     + Clock Network Latency (Prop)  0.000
     = Beginpoint Arrival Time       0.000
     +-------------------------------------------------------------------------------------+ 
     |            Instance            |     Arc     |  Cell   | Delay | Arrival | Required | 
     |                                |             |         |       |  Time   |   Time   | 
     |--------------------------------+-------------+---------+-------+---------+----------| 
     | core/picorv32_core_eoi_reg[26] | CK ^        |         |       |   0.000 |   -0.314 | 
     | core/picorv32_core_eoi_reg[26] | CK ^ -> Q ^ | DFFHQX8 | 0.081 |   0.081 |   -0.233 | 
     |                                | eoi[26] ^   |         | 0.003 |   0.084 |   -0.230 | 
     +-------------------------------------------------------------------------------------+ 
Path 9: MET Early External Delay Assertion 
Endpoint:   eoi[23]                          (^) checked with  leading edge of 
'clk'
Beginpoint: core/picorv32_core_eoi_reg[23]/Q (^) triggered by  leading edge of 
'clk'
Path Groups: {reg2out}
Analysis View: analysis1
Other End Arrival Time          0.000
- External Delay                0.250
+ Phase Shift                   0.000
+ Uncertainty                   0.020
= Required Time                -0.230
  Arrival Time                  0.084
  Slack Time                    0.314
     Clock Rise Edge                 0.000
     + Clock Network Latency (Prop)  0.000
     = Beginpoint Arrival Time       0.000
     +-------------------------------------------------------------------------------------+ 
     |            Instance            |     Arc     |  Cell   | Delay | Arrival | Required | 
     |                                |             |         |       |  Time   |   Time   | 
     |--------------------------------+-------------+---------+-------+---------+----------| 
     | core/picorv32_core_eoi_reg[23] | CK ^        |         |       |   0.000 |   -0.314 | 
     | core/picorv32_core_eoi_reg[23] | CK ^ -> Q ^ | DFFHQX8 | 0.081 |   0.081 |   -0.233 | 
     |                                | eoi[23] ^   |         | 0.003 |   0.084 |   -0.230 | 
     +-------------------------------------------------------------------------------------+ 
Path 10: MET Early External Delay Assertion 
Endpoint:   eoi[28]                          (^) checked with  leading edge of 
'clk'
Beginpoint: core/picorv32_core_eoi_reg[28]/Q (^) triggered by  leading edge of 
'clk'
Path Groups: {reg2out}
Analysis View: analysis1
Other End Arrival Time          0.000
- External Delay                0.250
+ Phase Shift                   0.000
+ Uncertainty                   0.020
= Required Time                -0.230
  Arrival Time                  0.084
  Slack Time                    0.314
     Clock Rise Edge                 0.000
     + Clock Network Latency (Prop)  0.000
     = Beginpoint Arrival Time       0.000
     +-------------------------------------------------------------------------------------+ 
     |            Instance            |     Arc     |  Cell   | Delay | Arrival | Required | 
     |                                |             |         |       |  Time   |   Time   | 
     |--------------------------------+-------------+---------+-------+---------+----------| 
     | core/picorv32_core_eoi_reg[28] | CK ^        |         |       |   0.000 |   -0.314 | 
     | core/picorv32_core_eoi_reg[28] | CK ^ -> Q ^ | DFFHQX8 | 0.081 |   0.081 |   -0.233 | 
     |                                | eoi[28] ^   |         | 0.003 |   0.084 |   -0.230 | 
     +-------------------------------------------------------------------------------------+ 
Path 11: MET Early External Delay Assertion 
Endpoint:   eoi[31]                          (^) checked with  leading edge of 
'clk'
Beginpoint: core/picorv32_core_eoi_reg[31]/Q (^) triggered by  leading edge of 
'clk'
Path Groups: {reg2out}
Analysis View: analysis1
Other End Arrival Time          0.000
- External Delay                0.250
+ Phase Shift                   0.000
+ Uncertainty                   0.020
= Required Time                -0.230
  Arrival Time                  0.084
  Slack Time                    0.314
     Clock Rise Edge                 0.000
     + Clock Network Latency (Prop)  0.000
     = Beginpoint Arrival Time       0.000
     +-------------------------------------------------------------------------------------+ 
     |            Instance            |     Arc     |  Cell   | Delay | Arrival | Required | 
     |                                |             |         |       |  Time   |   Time   | 
     |--------------------------------+-------------+---------+-------+---------+----------| 
     | core/picorv32_core_eoi_reg[31] | CK ^        |         |       |   0.000 |   -0.314 | 
     | core/picorv32_core_eoi_reg[31] | CK ^ -> Q ^ | DFFHQX8 | 0.081 |   0.081 |   -0.233 | 
     |                                | eoi[31] ^   |         | 0.003 |   0.084 |   -0.230 | 
     +-------------------------------------------------------------------------------------+ 
Path 12: MET Early External Delay Assertion 
Endpoint:   eoi[21]                          (^) checked with  leading edge of 
'clk'
Beginpoint: core/picorv32_core_eoi_reg[21]/Q (^) triggered by  leading edge of 
'clk'
Path Groups: {reg2out}
Analysis View: analysis1
Other End Arrival Time          0.000
- External Delay                0.250
+ Phase Shift                   0.000
+ Uncertainty                   0.020
= Required Time                -0.230
  Arrival Time                  0.084
  Slack Time                    0.314
     Clock Rise Edge                 0.000
     + Clock Network Latency (Prop)  0.000
     = Beginpoint Arrival Time       0.000
     +-------------------------------------------------------------------------------------+ 
     |            Instance            |     Arc     |  Cell   | Delay | Arrival | Required | 
     |                                |             |         |       |  Time   |   Time   | 
     |--------------------------------+-------------+---------+-------+---------+----------| 
     | core/picorv32_core_eoi_reg[21] | CK ^        |         |       |   0.000 |   -0.314 | 
     | core/picorv32_core_eoi_reg[21] | CK ^ -> Q ^ | DFFHQX8 | 0.081 |   0.081 |   -0.233 | 
     |                                | eoi[21] ^   |         | 0.003 |   0.084 |   -0.230 | 
     +-------------------------------------------------------------------------------------+ 
Path 13: MET Early External Delay Assertion 
Endpoint:   eoi[24]                          (^) checked with  leading edge of 
'clk'
Beginpoint: core/picorv32_core_eoi_reg[24]/Q (^) triggered by  leading edge of 
'clk'
Path Groups: {reg2out}
Analysis View: analysis1
Other End Arrival Time          0.000
- External Delay                0.250
+ Phase Shift                   0.000
+ Uncertainty                   0.020
= Required Time                -0.230
  Arrival Time                  0.084
  Slack Time                    0.314
     Clock Rise Edge                 0.000
     + Clock Network Latency (Prop)  0.000
     = Beginpoint Arrival Time       0.000
     +-------------------------------------------------------------------------------------+ 
     |            Instance            |     Arc     |  Cell   | Delay | Arrival | Required | 
     |                                |             |         |       |  Time   |   Time   | 
     |--------------------------------+-------------+---------+-------+---------+----------| 
     | core/picorv32_core_eoi_reg[24] | CK ^        |         |       |   0.000 |   -0.314 | 
     | core/picorv32_core_eoi_reg[24] | CK ^ -> Q ^ | DFFHQX8 | 0.081 |   0.081 |   -0.233 | 
     |                                | eoi[24] ^   |         | 0.003 |   0.084 |   -0.230 | 
     +-------------------------------------------------------------------------------------+ 
Path 14: MET Early External Delay Assertion 
Endpoint:   eoi[29]                          (^) checked with  leading edge of 
'clk'
Beginpoint: core/picorv32_core_eoi_reg[29]/Q (^) triggered by  leading edge of 
'clk'
Path Groups: {reg2out}
Analysis View: analysis1
Other End Arrival Time          0.000
- External Delay                0.250
+ Phase Shift                   0.000
+ Uncertainty                   0.020
= Required Time                -0.230
  Arrival Time                  0.084
  Slack Time                    0.314
     Clock Rise Edge                 0.000
     + Clock Network Latency (Prop)  0.000
     = Beginpoint Arrival Time       0.000
     +-------------------------------------------------------------------------------------+ 
     |            Instance            |     Arc     |  Cell   | Delay | Arrival | Required | 
     |                                |             |         |       |  Time   |   Time   | 
     |--------------------------------+-------------+---------+-------+---------+----------| 
     | core/picorv32_core_eoi_reg[29] | CK ^        |         |       |   0.000 |   -0.314 | 
     | core/picorv32_core_eoi_reg[29] | CK ^ -> Q ^ | DFFHQX8 | 0.081 |   0.081 |   -0.233 | 
     |                                | eoi[29] ^   |         | 0.003 |   0.084 |   -0.230 | 
     +-------------------------------------------------------------------------------------+ 
Path 15: MET Early External Delay Assertion 
Endpoint:   eoi[17]                          (^) checked with  leading edge of 
'clk'
Beginpoint: core/picorv32_core_eoi_reg[17]/Q (^) triggered by  leading edge of 
'clk'
Path Groups: {reg2out}
Analysis View: analysis1
Other End Arrival Time          0.000
- External Delay                0.250
+ Phase Shift                   0.000
+ Uncertainty                   0.020
= Required Time                -0.230
  Arrival Time                  0.085
  Slack Time                    0.315
     Clock Rise Edge                 0.000
     + Clock Network Latency (Prop)  0.000
     = Beginpoint Arrival Time       0.000
     +-------------------------------------------------------------------------------------+ 
     |            Instance            |     Arc     |  Cell   | Delay | Arrival | Required | 
     |                                |             |         |       |  Time   |   Time   | 
     |--------------------------------+-------------+---------+-------+---------+----------| 
     | core/picorv32_core_eoi_reg[17] | CK ^        |         |       |   0.000 |   -0.315 | 
     | core/picorv32_core_eoi_reg[17] | CK ^ -> Q ^ | DFFHQX8 | 0.081 |   0.081 |   -0.234 | 
     |                                | eoi[17] ^   |         | 0.004 |   0.085 |   -0.230 | 
     +-------------------------------------------------------------------------------------+ 
Path 16: MET Early External Delay Assertion 
Endpoint:   pcpi_insn[5]                          (^) checked with  leading 
edge of 'clk'
Beginpoint: core/picorv32_core_pcpi_insn_reg[5]/Q (^) triggered by  leading 
edge of 'clk'
Path Groups: {reg2out}
Analysis View: analysis1
Other End Arrival Time          0.000
- External Delay                0.250
+ Phase Shift                   0.000
+ Uncertainty                   0.020
= Required Time                -0.230
  Arrival Time                  0.085
  Slack Time                    0.315
     Clock Rise Edge                 0.000
     + Clock Network Latency (Prop)  0.000
     = Beginpoint Arrival Time       0.000
     +----------------------------------------------------------------------------------------------+ 
     |              Instance               |      Arc       |   Cell   | Delay | Arrival | Required | 
     |                                     |                |          |       |  Time   |   Time   | 
     |-------------------------------------+----------------+----------+-------+---------+----------| 
     | core/picorv32_core_pcpi_insn_reg[5] | CK ^           |          |       |   0.000 |   -0.315 | 
     | core/picorv32_core_pcpi_insn_reg[5] | CK ^ -> Q ^    | EDFFHQX8 | 0.084 |   0.084 |   -0.231 | 
     |                                     | pcpi_insn[5] ^ |          | 0.001 |   0.085 |   -0.230 | 
     +----------------------------------------------------------------------------------------------+ 
Path 17: MET Early External Delay Assertion 
Endpoint:   pcpi_insn[27]                          (^) checked with  leading 
edge of 'clk'
Beginpoint: core/picorv32_core_pcpi_insn_reg[27]/Q (^) triggered by  leading 
edge of 'clk'
Path Groups: {reg2out}
Analysis View: analysis1
Other End Arrival Time          0.000
- External Delay                0.250
+ Phase Shift                   0.000
+ Uncertainty                   0.020
= Required Time                -0.230
  Arrival Time                  0.085
  Slack Time                    0.315
     Clock Rise Edge                 0.000
     + Clock Network Latency (Prop)  0.000
     = Beginpoint Arrival Time       0.000
     +------------------------------------------------------------------------------------------------+ 
     |               Instance               |       Arc       |   Cell   | Delay | Arrival | Required | 
     |                                      |                 |          |       |  Time   |   Time   | 
     |--------------------------------------+-----------------+----------+-------+---------+----------| 
     | core/picorv32_core_pcpi_insn_reg[27] | CK ^            |          |       |   0.000 |   -0.315 | 
     | core/picorv32_core_pcpi_insn_reg[27] | CK ^ -> Q ^     | EDFFHQX8 | 0.084 |   0.084 |   -0.231 | 
     |                                      | pcpi_insn[27] ^ |          | 0.001 |   0.085 |   -0.230 | 
     +------------------------------------------------------------------------------------------------+ 
Path 18: MET Early External Delay Assertion 
Endpoint:   eoi[2]                          (^) checked with  leading edge of 
'clk'
Beginpoint: core/picorv32_core_eoi_reg[2]/Q (^) triggered by  leading edge of 
'clk'
Path Groups: {reg2out}
Analysis View: analysis1
Other End Arrival Time          0.000
- External Delay                0.250
+ Phase Shift                   0.000
+ Uncertainty                   0.020
= Required Time                -0.230
  Arrival Time                  0.086
  Slack Time                    0.316
     Clock Rise Edge                 0.000
     + Clock Network Latency (Prop)  0.000
     = Beginpoint Arrival Time       0.000
     +------------------------------------------------------------------------------------+ 
     |           Instance            |     Arc     |  Cell   | Delay | Arrival | Required | 
     |                               |             |         |       |  Time   |   Time   | 
     |-------------------------------+-------------+---------+-------+---------+----------| 
     | core/picorv32_core_eoi_reg[2] | CK ^        |         |       |   0.000 |   -0.316 | 
     | core/picorv32_core_eoi_reg[2] | CK ^ -> Q ^ | DFFHQX8 | 0.083 |   0.083 |   -0.232 | 
     |                               | eoi[2] ^    |         | 0.002 |   0.086 |   -0.230 | 
     +------------------------------------------------------------------------------------+ 
Path 19: MET Early External Delay Assertion 
Endpoint:   eoi[6]                          (^) checked with  leading edge of 
'clk'
Beginpoint: core/picorv32_core_eoi_reg[6]/Q (^) triggered by  leading edge of 
'clk'
Path Groups: {reg2out}
Analysis View: analysis1
Other End Arrival Time          0.000
- External Delay                0.250
+ Phase Shift                   0.000
+ Uncertainty                   0.020
= Required Time                -0.230
  Arrival Time                  0.086
  Slack Time                    0.316
     Clock Rise Edge                 0.000
     + Clock Network Latency (Prop)  0.000
     = Beginpoint Arrival Time       0.000
     +------------------------------------------------------------------------------------+ 
     |           Instance            |     Arc     |  Cell   | Delay | Arrival | Required | 
     |                               |             |         |       |  Time   |   Time   | 
     |-------------------------------+-------------+---------+-------+---------+----------| 
     | core/picorv32_core_eoi_reg[6] | CK ^        |         |       |   0.000 |   -0.316 | 
     | core/picorv32_core_eoi_reg[6] | CK ^ -> Q ^ | DFFHQX8 | 0.083 |   0.083 |   -0.232 | 
     |                               | eoi[6] ^    |         | 0.002 |   0.086 |   -0.230 | 
     +------------------------------------------------------------------------------------+ 
Path 20: MET Early External Delay Assertion 
Endpoint:   pcpi_insn[14]                          (^) checked with  leading 
edge of 'clk'
Beginpoint: core/picorv32_core_pcpi_insn_reg[14]/Q (^) triggered by  leading 
edge of 'clk'
Path Groups: {reg2out}
Analysis View: analysis1
Other End Arrival Time          0.000
- External Delay                0.250
+ Phase Shift                   0.000
+ Uncertainty                   0.020
= Required Time                -0.230
  Arrival Time                  0.086
  Slack Time                    0.316
     Clock Rise Edge                 0.000
     + Clock Network Latency (Prop)  0.000
     = Beginpoint Arrival Time       0.000
     +------------------------------------------------------------------------------------------------+ 
     |               Instance               |       Arc       |   Cell   | Delay | Arrival | Required | 
     |                                      |                 |          |       |  Time   |   Time   | 
     |--------------------------------------+-----------------+----------+-------+---------+----------| 
     | core/picorv32_core_pcpi_insn_reg[14] | CK ^            |          |       |   0.000 |   -0.316 | 
     | core/picorv32_core_pcpi_insn_reg[14] | CK ^ -> Q ^     | EDFFHQX8 | 0.085 |   0.085 |   -0.231 | 
     |                                      | pcpi_insn[14] ^ |          | 0.001 |   0.086 |   -0.230 | 
     +------------------------------------------------------------------------------------------------+ 
Path 21: MET Early External Delay Assertion 
Endpoint:   eoi[3]                          (^) checked with  leading edge of 
'clk'
Beginpoint: core/picorv32_core_eoi_reg[3]/Q (^) triggered by  leading edge of 
'clk'
Path Groups: {reg2out}
Analysis View: analysis1
Other End Arrival Time          0.000
- External Delay                0.250
+ Phase Shift                   0.000
+ Uncertainty                   0.020
= Required Time                -0.230
  Arrival Time                  0.086
  Slack Time                    0.316
     Clock Rise Edge                 0.000
     + Clock Network Latency (Prop)  0.000
     = Beginpoint Arrival Time       0.000
     +------------------------------------------------------------------------------------+ 
     |           Instance            |     Arc     |  Cell   | Delay | Arrival | Required | 
     |                               |             |         |       |  Time   |   Time   | 
     |-------------------------------+-------------+---------+-------+---------+----------| 
     | core/picorv32_core_eoi_reg[3] | CK ^        |         |       |   0.000 |   -0.316 | 
     | core/picorv32_core_eoi_reg[3] | CK ^ -> Q ^ | DFFHQX8 | 0.083 |   0.083 |   -0.232 | 
     |                               | eoi[3] ^    |         | 0.002 |   0.086 |   -0.230 | 
     +------------------------------------------------------------------------------------+ 
Path 22: MET Early External Delay Assertion 
Endpoint:   eoi[13]                          (^) checked with  leading edge of 
'clk'
Beginpoint: core/picorv32_core_eoi_reg[13]/Q (^) triggered by  leading edge of 
'clk'
Path Groups: {reg2out}
Analysis View: analysis1
Other End Arrival Time          0.000
- External Delay                0.250
+ Phase Shift                   0.000
+ Uncertainty                   0.020
= Required Time                -0.230
  Arrival Time                  0.086
  Slack Time                    0.316
     Clock Rise Edge                 0.000
     + Clock Network Latency (Prop)  0.000
     = Beginpoint Arrival Time       0.000
     +-------------------------------------------------------------------------------------+ 
     |            Instance            |     Arc     |  Cell   | Delay | Arrival | Required | 
     |                                |             |         |       |  Time   |   Time   | 
     |--------------------------------+-------------+---------+-------+---------+----------| 
     | core/picorv32_core_eoi_reg[13] | CK ^        |         |       |   0.000 |   -0.316 | 
     | core/picorv32_core_eoi_reg[13] | CK ^ -> Q ^ | DFFHQX8 | 0.083 |   0.083 |   -0.232 | 
     |                                | eoi[13] ^   |         | 0.002 |   0.086 |   -0.230 | 
     +-------------------------------------------------------------------------------------+ 
Path 23: MET Early External Delay Assertion 
Endpoint:   eoi[14]                          (^) checked with  leading edge of 
'clk'
Beginpoint: core/picorv32_core_eoi_reg[14]/Q (^) triggered by  leading edge of 
'clk'
Path Groups: {reg2out}
Analysis View: analysis1
Other End Arrival Time          0.000
- External Delay                0.250
+ Phase Shift                   0.000
+ Uncertainty                   0.020
= Required Time                -0.230
  Arrival Time                  0.086
  Slack Time                    0.316
     Clock Rise Edge                 0.000
     + Clock Network Latency (Prop)  0.000
     = Beginpoint Arrival Time       0.000
     +-------------------------------------------------------------------------------------+ 
     |            Instance            |     Arc     |  Cell   | Delay | Arrival | Required | 
     |                                |             |         |       |  Time   |   Time   | 
     |--------------------------------+-------------+---------+-------+---------+----------| 
     | core/picorv32_core_eoi_reg[14] | CK ^        |         |       |   0.000 |   -0.316 | 
     | core/picorv32_core_eoi_reg[14] | CK ^ -> Q ^ | DFFHQX8 | 0.083 |   0.083 |   -0.232 | 
     |                                | eoi[14] ^   |         | 0.002 |   0.086 |   -0.230 | 
     +-------------------------------------------------------------------------------------+ 
Path 24: MET Early External Delay Assertion 
Endpoint:   eoi[11]                          (^) checked with  leading edge of 
'clk'
Beginpoint: core/picorv32_core_eoi_reg[11]/Q (^) triggered by  leading edge of 
'clk'
Path Groups: {reg2out}
Analysis View: analysis1
Other End Arrival Time          0.000
- External Delay                0.250
+ Phase Shift                   0.000
+ Uncertainty                   0.020
= Required Time                -0.230
  Arrival Time                  0.086
  Slack Time                    0.316
     Clock Rise Edge                 0.000
     + Clock Network Latency (Prop)  0.000
     = Beginpoint Arrival Time       0.000
     +-------------------------------------------------------------------------------------+ 
     |            Instance            |     Arc     |  Cell   | Delay | Arrival | Required | 
     |                                |             |         |       |  Time   |   Time   | 
     |--------------------------------+-------------+---------+-------+---------+----------| 
     | core/picorv32_core_eoi_reg[11] | CK ^        |         |       |   0.000 |   -0.316 | 
     | core/picorv32_core_eoi_reg[11] | CK ^ -> Q ^ | DFFHQX8 | 0.084 |   0.084 |   -0.232 | 
     |                                | eoi[11] ^   |         | 0.002 |   0.086 |   -0.230 | 
     +-------------------------------------------------------------------------------------+ 
Path 25: MET Early External Delay Assertion 
Endpoint:   eoi[10]                          (^) checked with  leading edge of 
'clk'
Beginpoint: core/picorv32_core_eoi_reg[10]/Q (^) triggered by  leading edge of 
'clk'
Path Groups: {reg2out}
Analysis View: analysis1
Other End Arrival Time          0.000
- External Delay                0.250
+ Phase Shift                   0.000
+ Uncertainty                   0.020
= Required Time                -0.230
  Arrival Time                  0.086
  Slack Time                    0.316
     Clock Rise Edge                 0.000
     + Clock Network Latency (Prop)  0.000
     = Beginpoint Arrival Time       0.000
     +-------------------------------------------------------------------------------------+ 
     |            Instance            |     Arc     |  Cell   | Delay | Arrival | Required | 
     |                                |             |         |       |  Time   |   Time   | 
     |--------------------------------+-------------+---------+-------+---------+----------| 
     | core/picorv32_core_eoi_reg[10] | CK ^        |         |       |   0.000 |   -0.316 | 
     | core/picorv32_core_eoi_reg[10] | CK ^ -> Q ^ | DFFHQX8 | 0.084 |   0.084 |   -0.232 | 
     |                                | eoi[10] ^   |         | 0.002 |   0.086 |   -0.230 | 
     +-------------------------------------------------------------------------------------+ 
Path 26: MET Early External Delay Assertion 
Endpoint:   eoi[7]                          (^) checked with  leading edge of 
'clk'
Beginpoint: core/picorv32_core_eoi_reg[7]/Q (^) triggered by  leading edge of 
'clk'
Path Groups: {reg2out}
Analysis View: analysis1
Other End Arrival Time          0.000
- External Delay                0.250
+ Phase Shift                   0.000
+ Uncertainty                   0.020
= Required Time                -0.230
  Arrival Time                  0.086
  Slack Time                    0.316
     Clock Rise Edge                 0.000
     + Clock Network Latency (Prop)  0.000
     = Beginpoint Arrival Time       0.000
     +------------------------------------------------------------------------------------+ 
     |           Instance            |     Arc     |  Cell   | Delay | Arrival | Required | 
     |                               |             |         |       |  Time   |   Time   | 
     |-------------------------------+-------------+---------+-------+---------+----------| 
     | core/picorv32_core_eoi_reg[7] | CK ^        |         |       |   0.000 |   -0.316 | 
     | core/picorv32_core_eoi_reg[7] | CK ^ -> Q ^ | DFFHQX8 | 0.084 |   0.084 |   -0.232 | 
     |                               | eoi[7] ^    |         | 0.002 |   0.086 |   -0.230 | 
     +------------------------------------------------------------------------------------+ 
Path 27: MET Early External Delay Assertion 
Endpoint:   eoi[1]                          (^) checked with  leading edge of 
'clk'
Beginpoint: core/picorv32_core_eoi_reg[1]/Q (^) triggered by  leading edge of 
'clk'
Path Groups: {reg2out}
Analysis View: analysis1
Other End Arrival Time          0.000
- External Delay                0.250
+ Phase Shift                   0.000
+ Uncertainty                   0.020
= Required Time                -0.230
  Arrival Time                  0.086
  Slack Time                    0.316
     Clock Rise Edge                 0.000
     + Clock Network Latency (Prop)  0.000
     = Beginpoint Arrival Time       0.000
     +------------------------------------------------------------------------------------+ 
     |           Instance            |     Arc     |  Cell   | Delay | Arrival | Required | 
     |                               |             |         |       |  Time   |   Time   | 
     |-------------------------------+-------------+---------+-------+---------+----------| 
     | core/picorv32_core_eoi_reg[1] | CK ^        |         |       |   0.000 |   -0.316 | 
     | core/picorv32_core_eoi_reg[1] | CK ^ -> Q ^ | DFFHQX8 | 0.084 |   0.084 |   -0.232 | 
     |                               | eoi[1] ^    |         | 0.002 |   0.086 |   -0.230 | 
     +------------------------------------------------------------------------------------+ 
Path 28: MET Early External Delay Assertion 
Endpoint:   eoi[9]                          (^) checked with  leading edge of 
'clk'
Beginpoint: core/picorv32_core_eoi_reg[9]/Q (^) triggered by  leading edge of 
'clk'
Path Groups: {reg2out}
Analysis View: analysis1
Other End Arrival Time          0.000
- External Delay                0.250
+ Phase Shift                   0.000
+ Uncertainty                   0.020
= Required Time                -0.230
  Arrival Time                  0.086
  Slack Time                    0.316
     Clock Rise Edge                 0.000
     + Clock Network Latency (Prop)  0.000
     = Beginpoint Arrival Time       0.000
     +------------------------------------------------------------------------------------+ 
     |           Instance            |     Arc     |  Cell   | Delay | Arrival | Required | 
     |                               |             |         |       |  Time   |   Time   | 
     |-------------------------------+-------------+---------+-------+---------+----------| 
     | core/picorv32_core_eoi_reg[9] | CK ^        |         |       |   0.000 |   -0.316 | 
     | core/picorv32_core_eoi_reg[9] | CK ^ -> Q ^ | DFFHQX8 | 0.084 |   0.084 |   -0.232 | 
     |                               | eoi[9] ^    |         | 0.002 |   0.086 |   -0.230 | 
     +------------------------------------------------------------------------------------+ 
Path 29: MET Early External Delay Assertion 
Endpoint:   eoi[5]                          (^) checked with  leading edge of 
'clk'
Beginpoint: core/picorv32_core_eoi_reg[5]/Q (^) triggered by  leading edge of 
'clk'
Path Groups: {reg2out}
Analysis View: analysis1
Other End Arrival Time          0.000
- External Delay                0.250
+ Phase Shift                   0.000
+ Uncertainty                   0.020
= Required Time                -0.230
  Arrival Time                  0.087
  Slack Time                    0.317
     Clock Rise Edge                 0.000
     + Clock Network Latency (Prop)  0.000
     = Beginpoint Arrival Time       0.000
     +------------------------------------------------------------------------------------+ 
     |           Instance            |     Arc     |  Cell   | Delay | Arrival | Required | 
     |                               |             |         |       |  Time   |   Time   | 
     |-------------------------------+-------------+---------+-------+---------+----------| 
     | core/picorv32_core_eoi_reg[5] | CK ^        |         |       |   0.000 |   -0.317 | 
     | core/picorv32_core_eoi_reg[5] | CK ^ -> Q ^ | DFFHQX8 | 0.084 |   0.084 |   -0.233 | 
     |                               | eoi[5] ^    |         | 0.002 |   0.087 |   -0.230 | 
     +------------------------------------------------------------------------------------+ 
Path 30: MET Early External Delay Assertion 
Endpoint:   eoi[8]                          (^) checked with  leading edge of 
'clk'
Beginpoint: core/picorv32_core_eoi_reg[8]/Q (^) triggered by  leading edge of 
'clk'
Path Groups: {reg2out}
Analysis View: analysis1
Other End Arrival Time          0.000
- External Delay                0.250
+ Phase Shift                   0.000
+ Uncertainty                   0.020
= Required Time                -0.230
  Arrival Time                  0.087
  Slack Time                    0.317
     Clock Rise Edge                 0.000
     + Clock Network Latency (Prop)  0.000
     = Beginpoint Arrival Time       0.000
     +------------------------------------------------------------------------------------+ 
     |           Instance            |     Arc     |  Cell   | Delay | Arrival | Required | 
     |                               |             |         |       |  Time   |   Time   | 
     |-------------------------------+-------------+---------+-------+---------+----------| 
     | core/picorv32_core_eoi_reg[8] | CK ^        |         |       |   0.000 |   -0.317 | 
     | core/picorv32_core_eoi_reg[8] | CK ^ -> Q ^ | DFFHQX8 | 0.084 |   0.084 |   -0.233 | 
     |                               | eoi[8] ^    |         | 0.002 |   0.087 |   -0.230 | 
     +------------------------------------------------------------------------------------+ 
Path 31: MET Early External Delay Assertion 
Endpoint:   eoi[4]                          (^) checked with  leading edge of 
'clk'
Beginpoint: core/picorv32_core_eoi_reg[4]/Q (^) triggered by  leading edge of 
'clk'
Path Groups: {reg2out}
Analysis View: analysis1
Other End Arrival Time          0.000
- External Delay                0.250
+ Phase Shift                   0.000
+ Uncertainty                   0.020
= Required Time                -0.230
  Arrival Time                  0.087
  Slack Time                    0.317
     Clock Rise Edge                 0.000
     + Clock Network Latency (Prop)  0.000
     = Beginpoint Arrival Time       0.000
     +------------------------------------------------------------------------------------+ 
     |           Instance            |     Arc     |  Cell   | Delay | Arrival | Required | 
     |                               |             |         |       |  Time   |   Time   | 
     |-------------------------------+-------------+---------+-------+---------+----------| 
     | core/picorv32_core_eoi_reg[4] | CK ^        |         |       |   0.000 |   -0.317 | 
     | core/picorv32_core_eoi_reg[4] | CK ^ -> Q ^ | DFFHQX8 | 0.084 |   0.084 |   -0.232 | 
     |                               | eoi[4] ^    |         | 0.002 |   0.087 |   -0.230 | 
     +------------------------------------------------------------------------------------+ 
Path 32: MET Early External Delay Assertion 
Endpoint:   eoi[12]                          (^) checked with  leading edge of 
'clk'
Beginpoint: core/picorv32_core_eoi_reg[12]/Q (^) triggered by  leading edge of 
'clk'
Path Groups: {reg2out}
Analysis View: analysis1
Other End Arrival Time          0.000
- External Delay                0.250
+ Phase Shift                   0.000
+ Uncertainty                   0.020
= Required Time                -0.230
  Arrival Time                  0.087
  Slack Time                    0.317
     Clock Rise Edge                 0.000
     + Clock Network Latency (Prop)  0.000
     = Beginpoint Arrival Time       0.000
     +-------------------------------------------------------------------------------------+ 
     |            Instance            |     Arc     |  Cell   | Delay | Arrival | Required | 
     |                                |             |         |       |  Time   |   Time   | 
     |--------------------------------+-------------+---------+-------+---------+----------| 
     | core/picorv32_core_eoi_reg[12] | CK ^        |         |       |   0.000 |   -0.317 | 
     | core/picorv32_core_eoi_reg[12] | CK ^ -> Q ^ | DFFHQX8 | 0.084 |   0.084 |   -0.233 | 
     |                                | eoi[12] ^   |         | 0.003 |   0.087 |   -0.230 | 
     +-------------------------------------------------------------------------------------+ 
Path 33: MET Early External Delay Assertion 
Endpoint:   eoi[0]                          (^) checked with  leading edge of 
'clk'
Beginpoint: core/picorv32_core_eoi_reg[0]/Q (^) triggered by  leading edge of 
'clk'
Path Groups: {reg2out}
Analysis View: analysis1
Other End Arrival Time          0.000
- External Delay                0.250
+ Phase Shift                   0.000
+ Uncertainty                   0.020
= Required Time                -0.230
  Arrival Time                  0.087
  Slack Time                    0.317
     Clock Rise Edge                 0.000
     + Clock Network Latency (Prop)  0.000
     = Beginpoint Arrival Time       0.000
     +------------------------------------------------------------------------------------+ 
     |           Instance            |     Arc     |  Cell   | Delay | Arrival | Required | 
     |                               |             |         |       |  Time   |   Time   | 
     |-------------------------------+-------------+---------+-------+---------+----------| 
     | core/picorv32_core_eoi_reg[0] | CK ^        |         |       |   0.000 |   -0.317 | 
     | core/picorv32_core_eoi_reg[0] | CK ^ -> Q ^ | DFFHQX8 | 0.084 |   0.084 |   -0.233 | 
     |                               | eoi[0] ^    |         | 0.003 |   0.087 |   -0.230 | 
     +------------------------------------------------------------------------------------+ 
Path 34: MET Early External Delay Assertion 
Endpoint:   pcpi_insn[13]                          (^) checked with  leading 
edge of 'clk'
Beginpoint: core/picorv32_core_pcpi_insn_reg[13]/Q (^) triggered by  leading 
edge of 'clk'
Path Groups: {reg2out}
Analysis View: analysis1
Other End Arrival Time          0.000
- External Delay                0.250
+ Phase Shift                   0.000
+ Uncertainty                   0.020
= Required Time                -0.230
  Arrival Time                  0.087
  Slack Time                    0.317
     Clock Rise Edge                 0.000
     + Clock Network Latency (Prop)  0.000
     = Beginpoint Arrival Time       0.000
     +------------------------------------------------------------------------------------------------+ 
     |               Instance               |       Arc       |   Cell   | Delay | Arrival | Required | 
     |                                      |                 |          |       |  Time   |   Time   | 
     |--------------------------------------+-----------------+----------+-------+---------+----------| 
     | core/picorv32_core_pcpi_insn_reg[13] | CK ^            |          |       |   0.000 |   -0.317 | 
     | core/picorv32_core_pcpi_insn_reg[13] | CK ^ -> Q ^     | EDFFHQX8 | 0.087 |   0.087 |   -0.230 | 
     |                                      | pcpi_insn[13] ^ |          | 0.000 |   0.087 |   -0.230 | 
     +------------------------------------------------------------------------------------------------+ 
Path 35: MET Early External Delay Assertion 
Endpoint:   pcpi_insn[4]                          (^) checked with  leading 
edge of 'clk'
Beginpoint: core/picorv32_core_pcpi_insn_reg[4]/Q (^) triggered by  leading 
edge of 'clk'
Path Groups: {reg2out}
Analysis View: analysis1
Other End Arrival Time          0.000
- External Delay                0.250
+ Phase Shift                   0.000
+ Uncertainty                   0.020
= Required Time                -0.230
  Arrival Time                  0.087
  Slack Time                    0.317
     Clock Rise Edge                 0.000
     + Clock Network Latency (Prop)  0.000
     = Beginpoint Arrival Time       0.000
     +----------------------------------------------------------------------------------------------+ 
     |              Instance               |      Arc       |   Cell   | Delay | Arrival | Required | 
     |                                     |                |          |       |  Time   |   Time   | 
     |-------------------------------------+----------------+----------+-------+---------+----------| 
     | core/picorv32_core_pcpi_insn_reg[4] | CK ^           |          |       |   0.000 |   -0.317 | 
     | core/picorv32_core_pcpi_insn_reg[4] | CK ^ -> Q ^    | EDFFHQX8 | 0.086 |   0.086 |   -0.231 | 
     |                                     | pcpi_insn[4] ^ |          | 0.002 |   0.087 |   -0.230 | 
     +----------------------------------------------------------------------------------------------+ 
Path 36: MET Early External Delay Assertion 
Endpoint:   pcpi_insn[26]                          (^) checked with  leading 
edge of 'clk'
Beginpoint: core/picorv32_core_pcpi_insn_reg[26]/Q (^) triggered by  leading 
edge of 'clk'
Path Groups: {reg2out}
Analysis View: analysis1
Other End Arrival Time          0.000
- External Delay                0.250
+ Phase Shift                   0.000
+ Uncertainty                   0.020
= Required Time                -0.230
  Arrival Time                  0.087
  Slack Time                    0.317
     Clock Rise Edge                 0.000
     + Clock Network Latency (Prop)  0.000
     = Beginpoint Arrival Time       0.000
     +------------------------------------------------------------------------------------------------+ 
     |               Instance               |       Arc       |   Cell   | Delay | Arrival | Required | 
     |                                      |                 |          |       |  Time   |   Time   | 
     |--------------------------------------+-----------------+----------+-------+---------+----------| 
     | core/picorv32_core_pcpi_insn_reg[26] | CK ^            |          |       |   0.000 |   -0.317 | 
     | core/picorv32_core_pcpi_insn_reg[26] | CK ^ -> Q ^     | EDFFHQX8 | 0.086 |   0.086 |   -0.232 | 
     |                                      | pcpi_insn[26] ^ |          | 0.002 |   0.087 |   -0.230 | 
     +------------------------------------------------------------------------------------------------+ 
Path 37: MET Early External Delay Assertion 
Endpoint:   pcpi_insn[6]                          (^) checked with  leading 
edge of 'clk'
Beginpoint: core/picorv32_core_pcpi_insn_reg[6]/Q (^) triggered by  leading 
edge of 'clk'
Path Groups: {reg2out}
Analysis View: analysis1
Other End Arrival Time          0.000
- External Delay                0.250
+ Phase Shift                   0.000
+ Uncertainty                   0.020
= Required Time                -0.230
  Arrival Time                  0.087
  Slack Time                    0.317
     Clock Rise Edge                 0.000
     + Clock Network Latency (Prop)  0.000
     = Beginpoint Arrival Time       0.000
     +----------------------------------------------------------------------------------------------+ 
     |              Instance               |      Arc       |   Cell   | Delay | Arrival | Required | 
     |                                     |                |          |       |  Time   |   Time   | 
     |-------------------------------------+----------------+----------+-------+---------+----------| 
     | core/picorv32_core_pcpi_insn_reg[6] | CK ^           |          |       |   0.000 |   -0.317 | 
     | core/picorv32_core_pcpi_insn_reg[6] | CK ^ -> Q ^    | EDFFHQX8 | 0.086 |   0.086 |   -0.231 | 
     |                                     | pcpi_insn[6] ^ |          | 0.002 |   0.087 |   -0.230 | 
     +----------------------------------------------------------------------------------------------+ 
Path 38: MET Early External Delay Assertion 
Endpoint:   pcpi_insn[28]                          (^) checked with  leading 
edge of 'clk'
Beginpoint: core/picorv32_core_pcpi_insn_reg[28]/Q (^) triggered by  leading 
edge of 'clk'
Path Groups: {reg2out}
Analysis View: analysis1
Other End Arrival Time          0.000
- External Delay                0.250
+ Phase Shift                   0.000
+ Uncertainty                   0.020
= Required Time                -0.230
  Arrival Time                  0.088
  Slack Time                    0.318
     Clock Rise Edge                 0.000
     + Clock Network Latency (Prop)  0.000
     = Beginpoint Arrival Time       0.000
     +------------------------------------------------------------------------------------------------+ 
     |               Instance               |       Arc       |   Cell   | Delay | Arrival | Required | 
     |                                      |                 |          |       |  Time   |   Time   | 
     |--------------------------------------+-----------------+----------+-------+---------+----------| 
     | core/picorv32_core_pcpi_insn_reg[28] | CK ^            |          |       |   0.000 |   -0.318 | 
     | core/picorv32_core_pcpi_insn_reg[28] | CK ^ -> Q ^     | EDFFHQX8 | 0.086 |   0.086 |   -0.232 | 
     |                                      | pcpi_insn[28] ^ |          | 0.002 |   0.088 |   -0.230 | 
     +------------------------------------------------------------------------------------------------+ 
Path 39: MET Early External Delay Assertion 
Endpoint:   pcpi_insn[12]                          (^) checked with  leading 
edge of 'clk'
Beginpoint: core/picorv32_core_pcpi_insn_reg[12]/Q (^) triggered by  leading 
edge of 'clk'
Path Groups: {reg2out}
Analysis View: analysis1
Other End Arrival Time          0.000
- External Delay                0.250
+ Phase Shift                   0.000
+ Uncertainty                   0.020
= Required Time                -0.230
  Arrival Time                  0.088
  Slack Time                    0.318
     Clock Rise Edge                 0.000
     + Clock Network Latency (Prop)  0.000
     = Beginpoint Arrival Time       0.000
     +------------------------------------------------------------------------------------------------+ 
     |               Instance               |       Arc       |   Cell   | Delay | Arrival | Required | 
     |                                      |                 |          |       |  Time   |   Time   | 
     |--------------------------------------+-----------------+----------+-------+---------+----------| 
     | core/picorv32_core_pcpi_insn_reg[12] | CK ^            |          |       |   0.000 |   -0.318 | 
     | core/picorv32_core_pcpi_insn_reg[12] | CK ^ -> Q ^     | EDFFHQX8 | 0.088 |   0.088 |   -0.230 | 
     |                                      | pcpi_insn[12] ^ |          | 0.000 |   0.088 |   -0.230 | 
     +------------------------------------------------------------------------------------------------+ 
Path 40: MET Early External Delay Assertion 
Endpoint:   pcpi_rs1[27]                         (^) checked with  leading edge 
of 'clk'
Beginpoint: core/picorv32_core_reg_op1_reg[27]/Q (^) triggered by  leading edge 
of 'clk'
Path Groups: {reg2out}
Analysis View: analysis1
Other End Arrival Time          0.000
- External Delay                0.250
+ Phase Shift                   0.000
+ Uncertainty                   0.020
= Required Time                -0.230
  Arrival Time                  0.089
  Slack Time                    0.319
     Clock Rise Edge                 0.000
     + Clock Network Latency (Prop)  0.000
     = Beginpoint Arrival Time       0.000
     +--------------------------------------------------------------------------------------------+ 
     |              Instance              |      Arc       |  Cell   | Delay | Arrival | Required | 
     |                                    |                |         |       |  Time   |   Time   | 
     |------------------------------------+----------------+---------+-------+---------+----------| 
     | core/picorv32_core_reg_op1_reg[27] | CK ^           |         |       |   0.000 |   -0.319 | 
     | core/picorv32_core_reg_op1_reg[27] | CK ^ -> Q ^    | DFFHQX8 | 0.089 |   0.089 |   -0.230 | 
     |                                    | pcpi_rs1[27] ^ |         | 0.000 |   0.089 |   -0.230 | 
     +--------------------------------------------------------------------------------------------+ 
Path 41: MET Early External Delay Assertion 
Endpoint:   pcpi_insn[25]                          (^) checked with  leading 
edge of 'clk'
Beginpoint: core/picorv32_core_pcpi_insn_reg[25]/Q (^) triggered by  leading 
edge of 'clk'
Path Groups: {reg2out}
Analysis View: analysis1
Other End Arrival Time          0.000
- External Delay                0.250
+ Phase Shift                   0.000
+ Uncertainty                   0.020
= Required Time                -0.230
  Arrival Time                  0.089
  Slack Time                    0.319
     Clock Rise Edge                 0.000
     + Clock Network Latency (Prop)  0.000
     = Beginpoint Arrival Time       0.000
     +------------------------------------------------------------------------------------------------+ 
     |               Instance               |       Arc       |   Cell   | Delay | Arrival | Required | 
     |                                      |                 |          |       |  Time   |   Time   | 
     |--------------------------------------+-----------------+----------+-------+---------+----------| 
     | core/picorv32_core_pcpi_insn_reg[25] | CK ^            |          |       |   0.000 |   -0.319 | 
     | core/picorv32_core_pcpi_insn_reg[25] | CK ^ -> Q ^     | EDFFHQX8 | 0.087 |   0.087 |   -0.232 | 
     |                                      | pcpi_insn[25] ^ |          | 0.002 |   0.089 |   -0.230 | 
     +------------------------------------------------------------------------------------------------+ 
Path 42: MET Early External Delay Assertion 
Endpoint:   eoi[16]                          (^) checked with  leading edge of 
'clk'
Beginpoint: core/picorv32_core_eoi_reg[16]/Q (^) triggered by  leading edge of 
'clk'
Path Groups: {reg2out}
Analysis View: analysis1
Other End Arrival Time          0.000
- External Delay                0.250
+ Phase Shift                   0.000
+ Uncertainty                   0.020
= Required Time                -0.230
  Arrival Time                  0.089
  Slack Time                    0.319
     Clock Rise Edge                 0.000
     + Clock Network Latency (Prop)  0.000
     = Beginpoint Arrival Time       0.000
     +-------------------------------------------------------------------------------------+ 
     |            Instance            |     Arc     |  Cell   | Delay | Arrival | Required | 
     |                                |             |         |       |  Time   |   Time   | 
     |--------------------------------+-------------+---------+-------+---------+----------| 
     | core/picorv32_core_eoi_reg[16] | CK ^        |         |       |   0.000 |   -0.319 | 
     | core/picorv32_core_eoi_reg[16] | CK ^ -> Q ^ | DFFHQX8 | 0.085 |   0.085 |   -0.234 | 
     |                                | eoi[16] ^   |         | 0.004 |   0.089 |   -0.230 | 
     +-------------------------------------------------------------------------------------+ 
Path 43: MET Early External Delay Assertion 
Endpoint:   pcpi_insn[2]                          (^) checked with  leading 
edge of 'clk'
Beginpoint: core/picorv32_core_pcpi_insn_reg[2]/Q (^) triggered by  leading 
edge of 'clk'
Path Groups: {reg2out}
Analysis View: analysis1
Other End Arrival Time          0.000
- External Delay                0.250
+ Phase Shift                   0.000
+ Uncertainty                   0.020
= Required Time                -0.230
  Arrival Time                  0.090
  Slack Time                    0.320
     Clock Rise Edge                 0.000
     + Clock Network Latency (Prop)  0.000
     = Beginpoint Arrival Time       0.000
     +----------------------------------------------------------------------------------------------+ 
     |              Instance               |      Arc       |   Cell   | Delay | Arrival | Required | 
     |                                     |                |          |       |  Time   |   Time   | 
     |-------------------------------------+----------------+----------+-------+---------+----------| 
     | core/picorv32_core_pcpi_insn_reg[2] | CK ^           |          |       |   0.000 |   -0.320 | 
     | core/picorv32_core_pcpi_insn_reg[2] | CK ^ -> Q ^    | EDFFHQX8 | 0.088 |   0.088 |   -0.232 | 
     |                                     | pcpi_insn[2] ^ |          | 0.002 |   0.090 |   -0.230 | 
     +----------------------------------------------------------------------------------------------+ 
Path 44: MET Early External Delay Assertion 
Endpoint:   pcpi_rs1[28]                         (^) checked with  leading edge 
of 'clk'
Beginpoint: core/picorv32_core_reg_op1_reg[28]/Q (^) triggered by  leading edge 
of 'clk'
Path Groups: {reg2out}
Analysis View: analysis1
Other End Arrival Time          0.000
- External Delay                0.250
+ Phase Shift                   0.000
+ Uncertainty                   0.020
= Required Time                -0.230
  Arrival Time                  0.090
  Slack Time                    0.320
     Clock Rise Edge                 0.000
     + Clock Network Latency (Prop)  0.000
     = Beginpoint Arrival Time       0.000
     +--------------------------------------------------------------------------------------------+ 
     |              Instance              |      Arc       |  Cell   | Delay | Arrival | Required | 
     |                                    |                |         |       |  Time   |   Time   | 
     |------------------------------------+----------------+---------+-------+---------+----------| 
     | core/picorv32_core_reg_op1_reg[28] | CK ^           |         |       |   0.000 |   -0.320 | 
     | core/picorv32_core_reg_op1_reg[28] | CK ^ -> Q ^    | DFFHQX8 | 0.090 |   0.090 |   -0.230 | 
     |                                    | pcpi_rs1[28] ^ |         | 0.000 |   0.090 |   -0.230 | 
     +--------------------------------------------------------------------------------------------+ 
Path 45: MET Early External Delay Assertion 
Endpoint:   pcpi_rs1[26]                         (^) checked with  leading edge 
of 'clk'
Beginpoint: core/picorv32_core_reg_op1_reg[26]/Q (^) triggered by  leading edge 
of 'clk'
Path Groups: {reg2out}
Analysis View: analysis1
Other End Arrival Time          0.000
- External Delay                0.250
+ Phase Shift                   0.000
+ Uncertainty                   0.020
= Required Time                -0.230
  Arrival Time                  0.091
  Slack Time                    0.321
     Clock Rise Edge                 0.000
     + Clock Network Latency (Prop)  0.000
     = Beginpoint Arrival Time       0.000
     +--------------------------------------------------------------------------------------------+ 
     |              Instance              |      Arc       |  Cell   | Delay | Arrival | Required | 
     |                                    |                |         |       |  Time   |   Time   | 
     |------------------------------------+----------------+---------+-------+---------+----------| 
     | core/picorv32_core_reg_op1_reg[26] | CK ^           |         |       |   0.000 |   -0.321 | 
     | core/picorv32_core_reg_op1_reg[26] | CK ^ -> Q ^    | DFFHQX8 | 0.091 |   0.091 |   -0.230 | 
     |                                    | pcpi_rs1[26] ^ |         | 0.000 |   0.091 |   -0.230 | 
     +--------------------------------------------------------------------------------------------+ 
Path 46: MET Early External Delay Assertion 
Endpoint:   pcpi_rs1[29]                         (^) checked with  leading edge 
of 'clk'
Beginpoint: core/picorv32_core_reg_op1_reg[29]/Q (^) triggered by  leading edge 
of 'clk'
Path Groups: {reg2out}
Analysis View: analysis1
Other End Arrival Time          0.000
- External Delay                0.250
+ Phase Shift                   0.000
+ Uncertainty                   0.020
= Required Time                -0.230
  Arrival Time                  0.091
  Slack Time                    0.321
     Clock Rise Edge                 0.000
     + Clock Network Latency (Prop)  0.000
     = Beginpoint Arrival Time       0.000
     +--------------------------------------------------------------------------------------------+ 
     |              Instance              |      Arc       |  Cell   | Delay | Arrival | Required | 
     |                                    |                |         |       |  Time   |   Time   | 
     |------------------------------------+----------------+---------+-------+---------+----------| 
     | core/picorv32_core_reg_op1_reg[29] | CK ^           |         |       |   0.000 |   -0.321 | 
     | core/picorv32_core_reg_op1_reg[29] | CK ^ -> Q ^    | DFFHQX8 | 0.091 |   0.091 |   -0.230 | 
     |                                    | pcpi_rs1[29] ^ |         | 0.000 |   0.091 |   -0.230 | 
     +--------------------------------------------------------------------------------------------+ 
Path 47: MET Early External Delay Assertion 
Endpoint:   pcpi_insn[30]                          (^) checked with  leading 
edge of 'clk'
Beginpoint: core/picorv32_core_pcpi_insn_reg[30]/Q (^) triggered by  leading 
edge of 'clk'
Path Groups: {reg2out}
Analysis View: analysis1
Other End Arrival Time          0.000
- External Delay                0.250
+ Phase Shift                   0.000
+ Uncertainty                   0.020
= Required Time                -0.230
  Arrival Time                  0.091
  Slack Time                    0.321
     Clock Rise Edge                 0.000
     + Clock Network Latency (Prop)  0.000
     = Beginpoint Arrival Time       0.000
     +------------------------------------------------------------------------------------------------+ 
     |               Instance               |       Arc       |   Cell   | Delay | Arrival | Required | 
     |                                      |                 |          |       |  Time   |   Time   | 
     |--------------------------------------+-----------------+----------+-------+---------+----------| 
     | core/picorv32_core_pcpi_insn_reg[30] | CK ^            |          |       |   0.000 |   -0.321 | 
     | core/picorv32_core_pcpi_insn_reg[30] | CK ^ -> Q ^     | EDFFHQX8 | 0.089 |   0.089 |   -0.232 | 
     |                                      | pcpi_insn[30] ^ |          | 0.002 |   0.091 |   -0.230 | 
     +------------------------------------------------------------------------------------------------+ 
Path 48: MET Early External Delay Assertion 
Endpoint:   pcpi_rs1[25]                         (^) checked with  leading edge 
of 'clk'
Beginpoint: core/picorv32_core_reg_op1_reg[25]/Q (^) triggered by  leading edge 
of 'clk'
Path Groups: {reg2out}
Analysis View: analysis1
Other End Arrival Time          0.000
- External Delay                0.250
+ Phase Shift                   0.000
+ Uncertainty                   0.020
= Required Time                -0.230
  Arrival Time                  0.093
  Slack Time                    0.323
     Clock Rise Edge                 0.000
     + Clock Network Latency (Prop)  0.000
     = Beginpoint Arrival Time       0.000
     +--------------------------------------------------------------------------------------------+ 
     |              Instance              |      Arc       |  Cell   | Delay | Arrival | Required | 
     |                                    |                |         |       |  Time   |   Time   | 
     |------------------------------------+----------------+---------+-------+---------+----------| 
     | core/picorv32_core_reg_op1_reg[25] | CK ^           |         |       |   0.000 |   -0.323 | 
     | core/picorv32_core_reg_op1_reg[25] | CK ^ -> Q ^    | DFFHQX8 | 0.093 |   0.093 |   -0.230 | 
     |                                    | pcpi_rs1[25] ^ |         | 0.000 |   0.093 |   -0.230 | 
     +--------------------------------------------------------------------------------------------+ 
Path 49: MET Early External Delay Assertion 
Endpoint:   pcpi_insn[7]                          (^) checked with  leading 
edge of 'clk'
Beginpoint: core/picorv32_core_pcpi_insn_reg[7]/Q (^) triggered by  leading 
edge of 'clk'
Path Groups: {reg2out}
Analysis View: analysis1
Other End Arrival Time          0.000
- External Delay                0.250
+ Phase Shift                   0.000
+ Uncertainty                   0.020
= Required Time                -0.230
  Arrival Time                  0.093
  Slack Time                    0.323
     Clock Rise Edge                 0.000
     + Clock Network Latency (Prop)  0.000
     = Beginpoint Arrival Time       0.000
     +----------------------------------------------------------------------------------------------+ 
     |              Instance               |      Arc       |   Cell   | Delay | Arrival | Required | 
     |                                     |                |          |       |  Time   |   Time   | 
     |-------------------------------------+----------------+----------+-------+---------+----------| 
     | core/picorv32_core_pcpi_insn_reg[7] | CK ^           |          |       |   0.000 |   -0.323 | 
     | core/picorv32_core_pcpi_insn_reg[7] | CK ^ -> Q ^    | EDFFHQX8 | 0.084 |   0.084 |   -0.239 | 
     |                                     | pcpi_insn[7] ^ |          | 0.009 |   0.093 |   -0.230 | 
     +----------------------------------------------------------------------------------------------+ 
Path 50: MET Early External Delay Assertion 
Endpoint:   pcpi_insn[8]                          (^) checked with  leading 
edge of 'clk'
Beginpoint: core/picorv32_core_pcpi_insn_reg[8]/Q (^) triggered by  leading 
edge of 'clk'
Path Groups: {reg2out}
Analysis View: analysis1
Other End Arrival Time          0.000
- External Delay                0.250
+ Phase Shift                   0.000
+ Uncertainty                   0.020
= Required Time                -0.230
  Arrival Time                  0.093
  Slack Time                    0.323
     Clock Rise Edge                 0.000
     + Clock Network Latency (Prop)  0.000
     = Beginpoint Arrival Time       0.000
     +----------------------------------------------------------------------------------------------+ 
     |              Instance               |      Arc       |   Cell   | Delay | Arrival | Required | 
     |                                     |                |          |       |  Time   |   Time   | 
     |-------------------------------------+----------------+----------+-------+---------+----------| 
     | core/picorv32_core_pcpi_insn_reg[8] | CK ^           |          |       |   0.000 |   -0.323 | 
     | core/picorv32_core_pcpi_insn_reg[8] | CK ^ -> Q ^    | EDFFHQX8 | 0.084 |   0.084 |   -0.239 | 
     |                                     | pcpi_insn[8] ^ |          | 0.009 |   0.093 |   -0.230 | 
     +----------------------------------------------------------------------------------------------+ 

