###############################################################
#  Generated by:      Cadence Innovus 21.35-s114_1
#  OS:                Linux x86_64(Host ID cn90.it.auth.gr)
#  Generated on:      Mon Dec  8 12:40:25 2025
#  Design:            picorv32_pads
#  Command:           report_timing -path_group reg2reg -check_type hold -max_paths 50 > reports/postRouting/reg2reg_hold.rpt
###############################################################
Path 1: MET Hold Check with Pin core/picorv32_core_count_cycle_reg[0]/CK 
Endpoint:   core/picorv32_core_count_cycle_reg[0]/D (v) checked with  leading 
edge of 'clk'
Beginpoint: core/picorv32_core_count_cycle_reg[0]/Q (^) triggered by  leading 
edge of 'clk'
Path Groups: {reg2reg}
Analysis View: analysis1
Other End Arrival Time          0.000
+ Hold                         -0.003
+ Phase Shift                   0.000
+ Uncertainty                   0.020
= Required Time                 0.017
  Arrival Time                  0.055
  Slack Time                    0.038
     Clock Rise Edge                 0.000
     + Clock Network Latency (Prop)  0.000
     = Beginpoint Arrival Time       0.000
     +-------------------------------------------------------------------------------------------+ 
     |               Instance                |     Arc     |  Cell  | Delay | Arrival | Required | 
     |                                       |             |        |       |  Time   |   Time   | 
     |---------------------------------------+-------------+--------+-------+---------+----------| 
     | core/picorv32_core_count_cycle_reg[0] | CK ^        |        |       |   0.000 |   -0.038 | 
     | core/picorv32_core_count_cycle_reg[0] | CK ^ -> Q ^ | DFFQXL | 0.042 |   0.042 |    0.005 | 
     | core/picorv32_core_g195403            | A ^ -> Y v  | NOR2X1 | 0.013 |   0.055 |    0.017 | 
     | core/picorv32_core_count_cycle_reg[0] | D v         | DFFQXL | 0.000 |   0.055 |    0.017 | 
     +-------------------------------------------------------------------------------------------+ 
Path 2: MET Hold Check with Pin core/picorv32_core_genblk1.pcpi_mul_rs2_reg[3]/
CK 
Endpoint:   core/picorv32_core_genblk1.pcpi_mul_rs2_reg[3]/D0 (v) checked with  
leading edge of 'clk'
Beginpoint: core/picorv32_core_genblk1.pcpi_mul_rs2_reg[3]/Q  (v) triggered by  
leading edge of 'clk'
Path Groups: {reg2reg}
Analysis View: analysis1
Other End Arrival Time          0.000
+ Hold                         -0.013
+ Phase Shift                   0.000
+ Uncertainty                   0.020
= Required Time                 0.007
  Arrival Time                  0.046
  Slack Time                    0.039
     Clock Rise Edge                 0.000
     + Clock Network Latency (Prop)  0.000
     = Beginpoint Arrival Time       0.000
     +------------------------------------------------------------------------------------------------------+ 
     |                    Instance                    |     Arc     |   Cell   | Delay | Arrival | Required | 
     |                                                |             |          |       |  Time   |   Time   | 
     |------------------------------------------------+-------------+----------+-------+---------+----------| 
     | core/picorv32_core_genblk1.pcpi_mul_rs2_reg[3] | CK ^        |          |       |   0.000 |   -0.039 | 
     | core/picorv32_core_genblk1.pcpi_mul_rs2_reg[3] | CK ^ -> Q v | MDFFHQX1 | 0.046 |   0.046 |    0.007 | 
     | core/picorv32_core_genblk1.pcpi_mul_rs2_reg[3] | D0 v        | MDFFHQX1 | 0.000 |   0.046 |    0.007 | 
     +------------------------------------------------------------------------------------------------------+ 
Path 3: MET Hold Check with Pin core/picorv32_core_pcpi_timeout_counter_reg[3]/
CK 
Endpoint:   core/picorv32_core_pcpi_timeout_counter_reg[3]/D (v) checked with  
leading edge of 'clk'
Beginpoint: core/picorv32_core_pcpi_timeout_counter_reg[3]/Q (v) triggered by  
leading edge of 'clk'
Path Groups: {reg2reg}
Analysis View: analysis1
Other End Arrival Time          0.000
+ Hold                         -0.000
+ Phase Shift                   0.000
+ Uncertainty                   0.020
= Required Time                 0.020
  Arrival Time                  0.059
  Slack Time                    0.039
     Clock Rise Edge                 0.000
     + Clock Network Latency (Prop)  0.000
     = Beginpoint Arrival Time       0.000
     +--------------------------------------------------------------------------------------------------------+ 
     |                    Instance                    |     Arc      |   Cell    | Delay | Arrival | Required | 
     |                                                |              |           |       |  Time   |   Time   | 
     |------------------------------------------------+--------------+-----------+-------+---------+----------| 
     | core/picorv32_core_pcpi_timeout_counter_reg[3] | CK ^         |           |       |   0.000 |   -0.039 | 
     | core/picorv32_core_pcpi_timeout_counter_reg[3] | CK ^ -> Q v  | DFFHQX1   | 0.040 |   0.040 |    0.001 | 
     | core/picorv32_core_g194467                     | A0N v -> Y v | OAI2BB1X1 | 0.019 |   0.059 |    0.020 | 
     | core/picorv32_core_pcpi_timeout_counter_reg[3] | D v          | DFFHQX1   | 0.000 |   0.059 |    0.020 | 
     +--------------------------------------------------------------------------------------------------------+ 
Path 4: MET Hold Check with Pin core/picorv32_core_genblk1.pcpi_mul_rs2_reg[31]/
CK 
Endpoint:   core/picorv32_core_genblk1.pcpi_mul_rs2_reg[31]/D0 (v) checked with 
leading edge of 'clk'
Beginpoint: core/picorv32_core_genblk1.pcpi_mul_rs2_reg[31]/Q  (v) triggered by 
leading edge of 'clk'
Path Groups: {reg2reg}
Analysis View: analysis1
Other End Arrival Time          0.000
+ Hold                         -0.013
+ Phase Shift                   0.000
+ Uncertainty                   0.020
= Required Time                 0.007
  Arrival Time                  0.047
  Slack Time                    0.040
     Clock Rise Edge                 0.000
     + Clock Network Latency (Prop)  0.000
     = Beginpoint Arrival Time       0.000
     +-------------------------------------------------------------------------------------------------------+ 
     |                    Instance                     |     Arc     |   Cell   | Delay | Arrival | Required | 
     |                                                 |             |          |       |  Time   |   Time   | 
     |-------------------------------------------------+-------------+----------+-------+---------+----------| 
     | core/picorv32_core_genblk1.pcpi_mul_rs2_reg[31] | CK ^        |          |       |   0.000 |   -0.040 | 
     | core/picorv32_core_genblk1.pcpi_mul_rs2_reg[31] | CK ^ -> Q v | MDFFHQX1 | 0.047 |   0.047 |    0.007 | 
     | core/picorv32_core_genblk1.pcpi_mul_rs2_reg[31] | D0 v        | MDFFHQX1 | 0.000 |   0.047 |    0.007 | 
     +-------------------------------------------------------------------------------------------------------+ 
Path 5: MET Hold Check with Pin core/picorv32_core_genblk1.pcpi_mul_rs2_reg[13]/
CK 
Endpoint:   core/picorv32_core_genblk1.pcpi_mul_rs2_reg[13]/D0 (v) checked with 
leading edge of 'clk'
Beginpoint: core/picorv32_core_genblk1.pcpi_mul_rs2_reg[13]/Q  (v) triggered by 
leading edge of 'clk'
Path Groups: {reg2reg}
Analysis View: analysis1
Other End Arrival Time          0.000
+ Hold                         -0.013
+ Phase Shift                   0.000
+ Uncertainty                   0.020
= Required Time                 0.007
  Arrival Time                  0.048
  Slack Time                    0.041
     Clock Rise Edge                 0.000
     + Clock Network Latency (Prop)  0.000
     = Beginpoint Arrival Time       0.000
     +-------------------------------------------------------------------------------------------------------+ 
     |                    Instance                     |     Arc     |   Cell   | Delay | Arrival | Required | 
     |                                                 |             |          |       |  Time   |   Time   | 
     |-------------------------------------------------+-------------+----------+-------+---------+----------| 
     | core/picorv32_core_genblk1.pcpi_mul_rs2_reg[13] | CK ^        |          |       |   0.000 |   -0.041 | 
     | core/picorv32_core_genblk1.pcpi_mul_rs2_reg[13] | CK ^ -> Q v | MDFFHQX1 | 0.048 |   0.048 |    0.007 | 
     | core/picorv32_core_genblk1.pcpi_mul_rs2_reg[13] | D0 v        | MDFFHQX1 | 0.000 |   0.048 |    0.007 | 
     +-------------------------------------------------------------------------------------------------------+ 
Path 6: MET Hold Check with Pin core/picorv32_core_genblk1.pcpi_mul_rs2_reg[15]/
CK 
Endpoint:   core/picorv32_core_genblk1.pcpi_mul_rs2_reg[15]/D0 (v) checked with 
leading edge of 'clk'
Beginpoint: core/picorv32_core_genblk1.pcpi_mul_rs2_reg[15]/Q  (v) triggered by 
leading edge of 'clk'
Path Groups: {reg2reg}
Analysis View: analysis1
Other End Arrival Time          0.000
+ Hold                         -0.013
+ Phase Shift                   0.000
+ Uncertainty                   0.020
= Required Time                 0.007
  Arrival Time                  0.048
  Slack Time                    0.041
     Clock Rise Edge                 0.000
     + Clock Network Latency (Prop)  0.000
     = Beginpoint Arrival Time       0.000
     +-------------------------------------------------------------------------------------------------------+ 
     |                    Instance                     |     Arc     |   Cell   | Delay | Arrival | Required | 
     |                                                 |             |          |       |  Time   |   Time   | 
     |-------------------------------------------------+-------------+----------+-------+---------+----------| 
     | core/picorv32_core_genblk1.pcpi_mul_rs2_reg[15] | CK ^        |          |       |   0.000 |   -0.041 | 
     | core/picorv32_core_genblk1.pcpi_mul_rs2_reg[15] | CK ^ -> Q v | MDFFHQX1 | 0.048 |   0.048 |    0.007 | 
     | core/picorv32_core_genblk1.pcpi_mul_rs2_reg[15] | D0 v        | MDFFHQX1 | 0.000 |   0.048 |    0.007 | 
     +-------------------------------------------------------------------------------------------------------+ 
Path 7: MET Hold Check with Pin core/picorv32_core_genblk1.pcpi_mul_rs2_reg[9]/
CK 
Endpoint:   core/picorv32_core_genblk1.pcpi_mul_rs2_reg[9]/D0 (v) checked with  
leading edge of 'clk'
Beginpoint: core/picorv32_core_genblk1.pcpi_mul_rs2_reg[9]/Q  (v) triggered by  
leading edge of 'clk'
Path Groups: {reg2reg}
Analysis View: analysis1
Other End Arrival Time          0.000
+ Hold                         -0.013
+ Phase Shift                   0.000
+ Uncertainty                   0.020
= Required Time                 0.007
  Arrival Time                  0.048
  Slack Time                    0.041
     Clock Rise Edge                 0.000
     + Clock Network Latency (Prop)  0.000
     = Beginpoint Arrival Time       0.000
     +------------------------------------------------------------------------------------------------------+ 
     |                    Instance                    |     Arc     |   Cell   | Delay | Arrival | Required | 
     |                                                |             |          |       |  Time   |   Time   | 
     |------------------------------------------------+-------------+----------+-------+---------+----------| 
     | core/picorv32_core_genblk1.pcpi_mul_rs2_reg[9] | CK ^        |          |       |   0.000 |   -0.041 | 
     | core/picorv32_core_genblk1.pcpi_mul_rs2_reg[9] | CK ^ -> Q v | MDFFHQX1 | 0.048 |   0.048 |    0.007 | 
     | core/picorv32_core_genblk1.pcpi_mul_rs2_reg[9] | D0 v        | MDFFHQX1 | 0.000 |   0.048 |    0.007 | 
     +------------------------------------------------------------------------------------------------------+ 
Path 8: MET Hold Check with Pin core/picorv32_core_genblk1.pcpi_mul_rs2_reg[19]/
CK 
Endpoint:   core/picorv32_core_genblk1.pcpi_mul_rs2_reg[19]/D0 (v) checked with 
leading edge of 'clk'
Beginpoint: core/picorv32_core_genblk1.pcpi_mul_rs2_reg[19]/Q  (v) triggered by 
leading edge of 'clk'
Path Groups: {reg2reg}
Analysis View: analysis1
Other End Arrival Time          0.000
+ Hold                         -0.013
+ Phase Shift                   0.000
+ Uncertainty                   0.020
= Required Time                 0.007
  Arrival Time                  0.048
  Slack Time                    0.041
     Clock Rise Edge                 0.000
     + Clock Network Latency (Prop)  0.000
     = Beginpoint Arrival Time       0.000
     +-------------------------------------------------------------------------------------------------------+ 
     |                    Instance                     |     Arc     |   Cell   | Delay | Arrival | Required | 
     |                                                 |             |          |       |  Time   |   Time   | 
     |-------------------------------------------------+-------------+----------+-------+---------+----------| 
     | core/picorv32_core_genblk1.pcpi_mul_rs2_reg[19] | CK ^        |          |       |   0.000 |   -0.041 | 
     | core/picorv32_core_genblk1.pcpi_mul_rs2_reg[19] | CK ^ -> Q v | MDFFHQX1 | 0.048 |   0.048 |    0.007 | 
     | core/picorv32_core_genblk1.pcpi_mul_rs2_reg[19] | D0 v        | MDFFHQX1 | 0.000 |   0.048 |    0.007 | 
     +-------------------------------------------------------------------------------------------------------+ 
Path 9: MET Hold Check with Pin core/picorv32_core_mem_rdata_q_reg[27]/CK 
Endpoint:   core/picorv32_core_mem_rdata_q_reg[27]/D (v) checked with  leading 
edge of 'clk'
Beginpoint: core/mem_rdata_reg[27]/Q                 (v) triggered by  leading 
edge of 'clk'
Path Groups: {reg2reg}
Analysis View: analysis1
Other End Arrival Time          0.000
+ Hold                         -0.013
+ Phase Shift                   0.000
+ Uncertainty                   0.020
= Required Time                 0.007
  Arrival Time                  0.048
  Slack Time                    0.042
     Clock Rise Edge                 0.000
     + Clock Network Latency (Prop)  0.000
     = Beginpoint Arrival Time       0.000
     +----------------------------------------------------------------------------------------------+ 
     |                Instance                |     Arc     |   Cell   | Delay | Arrival | Required | 
     |                                        |             |          |       |  Time   |   Time   | 
     |----------------------------------------+-------------+----------+-------+---------+----------| 
     | core/mem_rdata_reg[27]                 | CK ^        |          |       |   0.000 |   -0.042 | 
     | core/mem_rdata_reg[27]                 | CK ^ -> Q v | EDFFX2   | 0.048 |   0.048 |    0.007 | 
     | core/picorv32_core_mem_rdata_q_reg[27] | D v         | EDFFHQX1 | 0.000 |   0.048 |    0.007 | 
     +----------------------------------------------------------------------------------------------+ 
Path 10: MET Hold Check with Pin core/picorv32_core_genblk1.pcpi_mul_rs2_
reg[21]/CK 
Endpoint:   core/picorv32_core_genblk1.pcpi_mul_rs2_reg[21]/D0 (v) checked with 
leading edge of 'clk'
Beginpoint: core/picorv32_core_genblk1.pcpi_mul_rs2_reg[21]/Q  (v) triggered by 
leading edge of 'clk'
Path Groups: {reg2reg}
Analysis View: analysis1
Other End Arrival Time          0.000
+ Hold                         -0.013
+ Phase Shift                   0.000
+ Uncertainty                   0.020
= Required Time                 0.007
  Arrival Time                  0.048
  Slack Time                    0.042
     Clock Rise Edge                 0.000
     + Clock Network Latency (Prop)  0.000
     = Beginpoint Arrival Time       0.000
     +-------------------------------------------------------------------------------------------------------+ 
     |                    Instance                     |     Arc     |   Cell   | Delay | Arrival | Required | 
     |                                                 |             |          |       |  Time   |   Time   | 
     |-------------------------------------------------+-------------+----------+-------+---------+----------| 
     | core/picorv32_core_genblk1.pcpi_mul_rs2_reg[21] | CK ^        |          |       |   0.000 |   -0.042 | 
     | core/picorv32_core_genblk1.pcpi_mul_rs2_reg[21] | CK ^ -> Q v | MDFFHQX1 | 0.048 |   0.048 |    0.007 | 
     | core/picorv32_core_genblk1.pcpi_mul_rs2_reg[21] | D0 v        | MDFFHQX1 | 0.000 |   0.048 |    0.007 | 
     +-------------------------------------------------------------------------------------------------------+ 
Path 11: MET Hold Check with Pin core/picorv32_core_genblk1.pcpi_mul_rs2_
reg[27]/CK 
Endpoint:   core/picorv32_core_genblk1.pcpi_mul_rs2_reg[27]/D0 (v) checked with 
leading edge of 'clk'
Beginpoint: core/picorv32_core_genblk1.pcpi_mul_rs2_reg[27]/Q  (v) triggered by 
leading edge of 'clk'
Path Groups: {reg2reg}
Analysis View: analysis1
Other End Arrival Time          0.000
+ Hold                         -0.013
+ Phase Shift                   0.000
+ Uncertainty                   0.020
= Required Time                 0.007
  Arrival Time                  0.048
  Slack Time                    0.042
     Clock Rise Edge                 0.000
     + Clock Network Latency (Prop)  0.000
     = Beginpoint Arrival Time       0.000
     +-------------------------------------------------------------------------------------------------------+ 
     |                    Instance                     |     Arc     |   Cell   | Delay | Arrival | Required | 
     |                                                 |             |          |       |  Time   |   Time   | 
     |-------------------------------------------------+-------------+----------+-------+---------+----------| 
     | core/picorv32_core_genblk1.pcpi_mul_rs2_reg[27] | CK ^        |          |       |   0.000 |   -0.042 | 
     | core/picorv32_core_genblk1.pcpi_mul_rs2_reg[27] | CK ^ -> Q v | MDFFHQX1 | 0.048 |   0.048 |    0.007 | 
     | core/picorv32_core_genblk1.pcpi_mul_rs2_reg[27] | D0 v        | MDFFHQX1 | 0.000 |   0.048 |    0.007 | 
     +-------------------------------------------------------------------------------------------------------+ 
Path 12: MET Hold Check with Pin core/picorv32_core_genblk1.pcpi_mul_rs2_
reg[25]/CK 
Endpoint:   core/picorv32_core_genblk1.pcpi_mul_rs2_reg[25]/D0 (v) checked with 
leading edge of 'clk'
Beginpoint: core/picorv32_core_genblk1.pcpi_mul_rs2_reg[25]/Q  (v) triggered by 
leading edge of 'clk'
Path Groups: {reg2reg}
Analysis View: analysis1
Other End Arrival Time          0.000
+ Hold                         -0.013
+ Phase Shift                   0.000
+ Uncertainty                   0.020
= Required Time                 0.007
  Arrival Time                  0.049
  Slack Time                    0.042
     Clock Rise Edge                 0.000
     + Clock Network Latency (Prop)  0.000
     = Beginpoint Arrival Time       0.000
     +-------------------------------------------------------------------------------------------------------+ 
     |                    Instance                     |     Arc     |   Cell   | Delay | Arrival | Required | 
     |                                                 |             |          |       |  Time   |   Time   | 
     |-------------------------------------------------+-------------+----------+-------+---------+----------| 
     | core/picorv32_core_genblk1.pcpi_mul_rs2_reg[25] | CK ^        |          |       |   0.000 |   -0.042 | 
     | core/picorv32_core_genblk1.pcpi_mul_rs2_reg[25] | CK ^ -> Q v | MDFFHQX1 | 0.049 |   0.049 |    0.007 | 
     | core/picorv32_core_genblk1.pcpi_mul_rs2_reg[25] | D0 v        | MDFFHQX1 | 0.000 |   0.049 |    0.007 | 
     +-------------------------------------------------------------------------------------------------------+ 
Path 13: MET Hold Check with Pin core/picorv32_core_mem_rdata_q_reg[26]/CK 
Endpoint:   core/picorv32_core_mem_rdata_q_reg[26]/D (v) checked with  leading 
edge of 'clk'
Beginpoint: core/mem_rdata_reg[26]/Q                 (v) triggered by  leading 
edge of 'clk'
Path Groups: {reg2reg}
Analysis View: analysis1
Other End Arrival Time          0.000
+ Hold                         -0.014
+ Phase Shift                   0.000
+ Uncertainty                   0.020
= Required Time                 0.006
  Arrival Time                  0.049
  Slack Time                    0.043
     Clock Rise Edge                 0.000
     + Clock Network Latency (Prop)  0.000
     = Beginpoint Arrival Time       0.000
     +----------------------------------------------------------------------------------------------+ 
     |                Instance                |     Arc     |   Cell   | Delay | Arrival | Required | 
     |                                        |             |          |       |  Time   |   Time   | 
     |----------------------------------------+-------------+----------+-------+---------+----------| 
     | core/mem_rdata_reg[26]                 | CK ^        |          |       |   0.000 |   -0.043 | 
     | core/mem_rdata_reg[26]                 | CK ^ -> Q v | EDFFX2   | 0.049 |   0.049 |    0.006 | 
     | core/picorv32_core_mem_rdata_q_reg[26] | D v         | EDFFHQX1 | 0.000 |   0.049 |    0.006 | 
     +----------------------------------------------------------------------------------------------+ 
Path 14: MET Hold Check with Pin core/picorv32_core_genblk1.pcpi_mul_rs2_reg[7]/
CK 
Endpoint:   core/picorv32_core_genblk1.pcpi_mul_rs2_reg[7]/D0 (v) checked with  
leading edge of 'clk'
Beginpoint: core/picorv32_core_genblk1.pcpi_mul_rs2_reg[7]/Q  (v) triggered by  
leading edge of 'clk'
Path Groups: {reg2reg}
Analysis View: analysis1
Other End Arrival Time          0.000
+ Hold                         -0.013
+ Phase Shift                   0.000
+ Uncertainty                   0.020
= Required Time                 0.007
  Arrival Time                  0.049
  Slack Time                    0.043
     Clock Rise Edge                 0.000
     + Clock Network Latency (Prop)  0.000
     = Beginpoint Arrival Time       0.000
     +------------------------------------------------------------------------------------------------------+ 
     |                    Instance                    |     Arc     |   Cell   | Delay | Arrival | Required | 
     |                                                |             |          |       |  Time   |   Time   | 
     |------------------------------------------------+-------------+----------+-------+---------+----------| 
     | core/picorv32_core_genblk1.pcpi_mul_rs2_reg[7] | CK ^        |          |       |   0.000 |   -0.043 | 
     | core/picorv32_core_genblk1.pcpi_mul_rs2_reg[7] | CK ^ -> Q v | MDFFHQX1 | 0.049 |   0.049 |    0.007 | 
     | core/picorv32_core_genblk1.pcpi_mul_rs2_reg[7] | D0 v        | MDFFHQX1 | 0.000 |   0.049 |    0.007 | 
     +------------------------------------------------------------------------------------------------------+ 
Path 15: MET Hold Check with Pin core/picorv32_core_is_sltiu_bltu_sltu_reg/CK 
Endpoint:   core/picorv32_core_is_sltiu_bltu_sltu_reg/D (v) checked with  
leading edge of 'clk'
Beginpoint: core/picorv32_core_instr_bltu_reg/Q         (v) triggered by  
leading edge of 'clk'
Path Groups: {reg2reg}
Analysis View: analysis1
Other End Arrival Time          0.000
+ Hold                         -0.001
+ Phase Shift                   0.000
+ Uncertainty                   0.020
= Required Time                 0.019
  Arrival Time                  0.062
  Slack Time                    0.043
     Clock Rise Edge                 0.000
     + Clock Network Latency (Prop)  0.000
     = Beginpoint Arrival Time       0.000
     +-------------------------------------------------------------------------------------------------+ 
     |                 Instance                  |     Arc     |   Cell   | Delay | Arrival | Required | 
     |                                           |             |          |       |  Time   |   Time   | 
     |-------------------------------------------+-------------+----------+-------+---------+----------| 
     | core/picorv32_core_instr_bltu_reg         | CK ^        |          |       |   0.000 |   -0.043 | 
     | core/picorv32_core_instr_bltu_reg         | CK ^ -> Q v | DFFQXL   | 0.041 |   0.041 |   -0.001 | 
     | core/picorv32_core_g88450__1705           | AN v -> Y v | NAND2BX1 | 0.021 |   0.062 |    0.019 | 
     | core/picorv32_core_is_sltiu_bltu_sltu_reg | D v         | DFFHQX1  | 0.000 |   0.062 |    0.019 | 
     +-------------------------------------------------------------------------------------------------+ 
Path 16: MET Hold Check with Pin core/picorv32_core_genblk1.pcpi_mul_rs2_reg[1]/
CK 
Endpoint:   core/picorv32_core_genblk1.pcpi_mul_rs2_reg[1]/D0 (v) checked with  
leading edge of 'clk'
Beginpoint: core/picorv32_core_genblk1.pcpi_mul_rs2_reg[1]/Q  (v) triggered by  
leading edge of 'clk'
Path Groups: {reg2reg}
Analysis View: analysis1
Other End Arrival Time          0.000
+ Hold                         -0.014
+ Phase Shift                   0.000
+ Uncertainty                   0.020
= Required Time                 0.006
  Arrival Time                  0.050
  Slack Time                    0.044
     Clock Rise Edge                 0.000
     + Clock Network Latency (Prop)  0.000
     = Beginpoint Arrival Time       0.000
     +------------------------------------------------------------------------------------------------------+ 
     |                    Instance                    |     Arc     |   Cell   | Delay | Arrival | Required | 
     |                                                |             |          |       |  Time   |   Time   | 
     |------------------------------------------------+-------------+----------+-------+---------+----------| 
     | core/picorv32_core_genblk1.pcpi_mul_rs2_reg[1] | CK ^        |          |       |   0.000 |   -0.044 | 
     | core/picorv32_core_genblk1.pcpi_mul_rs2_reg[1] | CK ^ -> Q v | MDFFHQX1 | 0.050 |   0.050 |    0.006 | 
     | core/picorv32_core_genblk1.pcpi_mul_rs2_reg[1] | D0 v        | MDFFHQX1 | 0.000 |   0.050 |    0.006 | 
     +------------------------------------------------------------------------------------------------------+ 
Path 17: MET Hold Check with Pin core/picorv32_core_mem_rdata_q_reg[29]/CK 
Endpoint:   core/picorv32_core_mem_rdata_q_reg[29]/D (v) checked with  leading 
edge of 'clk'
Beginpoint: core/mem_rdata_reg[29]/Q                 (v) triggered by  leading 
edge of 'clk'
Path Groups: {reg2reg}
Analysis View: analysis1
Other End Arrival Time          0.000
+ Hold                         -0.014
+ Phase Shift                   0.000
+ Uncertainty                   0.020
= Required Time                 0.006
  Arrival Time                  0.050
  Slack Time                    0.044
     Clock Rise Edge                 0.000
     + Clock Network Latency (Prop)  0.000
     = Beginpoint Arrival Time       0.000
     +----------------------------------------------------------------------------------------------+ 
     |                Instance                |     Arc     |   Cell   | Delay | Arrival | Required | 
     |                                        |             |          |       |  Time   |   Time   | 
     |----------------------------------------+-------------+----------+-------+---------+----------| 
     | core/mem_rdata_reg[29]                 | CK ^        |          |       |   0.000 |   -0.044 | 
     | core/mem_rdata_reg[29]                 | CK ^ -> Q v | EDFFX2   | 0.050 |   0.050 |    0.006 | 
     | core/picorv32_core_mem_rdata_q_reg[29] | D v         | EDFFHQX1 | 0.000 |   0.050 |    0.006 | 
     +----------------------------------------------------------------------------------------------+ 
Path 18: MET Hold Check with Pin core/picorv32_core_genblk2.pcpi_div_pcpi_rd_
reg[20]/CK 
Endpoint:   core/picorv32_core_genblk2.pcpi_div_pcpi_rd_reg[20]/D  (v) checked 
with  leading edge of 'clk'
Beginpoint: core/picorv32_core_genblk2.pcpi_div_quotient_reg[20]/Q (v) 
triggered by  leading edge of 'clk'
Path Groups: {reg2reg}
Analysis View: analysis1
Other End Arrival Time          0.000
+ Hold                         -0.003
+ Phase Shift                   0.000
+ Uncertainty                   0.020
= Required Time                 0.017
  Arrival Time                  0.061
  Slack Time                    0.044
     Clock Rise Edge                 0.000
     + Clock Network Latency (Prop)  0.000
     = Beginpoint Arrival Time       0.000
     +------------------------------------------------------------------------------------------------------------+ 
     |                      Instance                      |     Arc      |   Cell    | Delay | Arrival | Required | 
     |                                                    |              |           |       |  Time   |   Time   | 
     |----------------------------------------------------+--------------+-----------+-------+---------+----------| 
     | core/picorv32_core_genblk2.pcpi_div_quotient_reg[2 | CK ^         |           |       |   0.000 |   -0.044 | 
     | 0]                                                 |              |           |       |         |          | 
     | core/picorv32_core_genblk2.pcpi_div_quotient_reg[2 | CK ^ -> Q v  | DFFHQX1   | 0.041 |   0.041 |   -0.003 | 
     | 0]                                                 |              |           |       |         |          | 
     | core/picorv32_core_genblk2.pcpi_div_g8613          | A0N v -> Y v | OAI2BB1X1 | 0.020 |   0.061 |    0.017 | 
     | core/picorv32_core_genblk2.pcpi_div_pcpi_rd_reg[20 | D v          | DFFQXL    | 0.000 |   0.061 |    0.017 | 
     | ]                                                  |              |           |       |         |          | 
     +------------------------------------------------------------------------------------------------------------+ 
Path 19: MET Hold Check with Pin core/picorv32_core_mem_rdata_q_reg[15]/CK 
Endpoint:   core/picorv32_core_mem_rdata_q_reg[15]/D (v) checked with  leading 
edge of 'clk'
Beginpoint: core/mem_rdata_reg[15]/Q                 (v) triggered by  leading 
edge of 'clk'
Path Groups: {reg2reg}
Analysis View: analysis1
Other End Arrival Time          0.000
+ Hold                         -0.014
+ Phase Shift                   0.000
+ Uncertainty                   0.020
= Required Time                 0.006
  Arrival Time                  0.050
  Slack Time                    0.044
     Clock Rise Edge                 0.000
     + Clock Network Latency (Prop)  0.000
     = Beginpoint Arrival Time       0.000
     +----------------------------------------------------------------------------------------------+ 
     |                Instance                |     Arc     |   Cell   | Delay | Arrival | Required | 
     |                                        |             |          |       |  Time   |   Time   | 
     |----------------------------------------+-------------+----------+-------+---------+----------| 
     | core/mem_rdata_reg[15]                 | CK ^        |          |       |   0.000 |   -0.044 | 
     | core/mem_rdata_reg[15]                 | CK ^ -> Q v | EDFFHQX1 | 0.050 |   0.050 |    0.006 | 
     | core/picorv32_core_mem_rdata_q_reg[15] | D v         | EDFFHQX1 | 0.000 |   0.050 |    0.006 | 
     +----------------------------------------------------------------------------------------------+ 
Path 20: MET Hold Check with Pin core/picorv32_core_mem_rdata_q_reg[31]/CK 
Endpoint:   core/picorv32_core_mem_rdata_q_reg[31]/D (v) checked with  leading 
edge of 'clk'
Beginpoint: core/mem_rdata_reg[31]/Q                 (v) triggered by  leading 
edge of 'clk'
Path Groups: {reg2reg}
Analysis View: analysis1
Other End Arrival Time          0.000
+ Hold                         -0.014
+ Phase Shift                   0.000
+ Uncertainty                   0.020
= Required Time                 0.006
  Arrival Time                  0.051
  Slack Time                    0.044
     Clock Rise Edge                 0.000
     + Clock Network Latency (Prop)  0.000
     = Beginpoint Arrival Time       0.000
     +----------------------------------------------------------------------------------------------+ 
     |                Instance                |     Arc     |   Cell   | Delay | Arrival | Required | 
     |                                        |             |          |       |  Time   |   Time   | 
     |----------------------------------------+-------------+----------+-------+---------+----------| 
     | core/mem_rdata_reg[31]                 | CK ^        |          |       |   0.000 |   -0.044 | 
     | core/mem_rdata_reg[31]                 | CK ^ -> Q v | EDFFX2   | 0.051 |   0.051 |    0.006 | 
     | core/picorv32_core_mem_rdata_q_reg[31] | D v         | EDFFHQX1 | 0.000 |   0.051 |    0.006 | 
     +----------------------------------------------------------------------------------------------+ 
Path 21: MET Hold Check with Pin core/picorv32_core_mem_rdata_q_reg[24]/CK 
Endpoint:   core/picorv32_core_mem_rdata_q_reg[24]/D (v) checked with  leading 
edge of 'clk'
Beginpoint: core/mem_rdata_reg[24]/Q                 (v) triggered by  leading 
edge of 'clk'
Path Groups: {reg2reg}
Analysis View: analysis1
Other End Arrival Time          0.000
+ Hold                         -0.016
+ Phase Shift                   0.000
+ Uncertainty                   0.020
= Required Time                 0.004
  Arrival Time                  0.049
  Slack Time                    0.044
     Clock Rise Edge                 0.000
     + Clock Network Latency (Prop)  0.000
     = Beginpoint Arrival Time       0.000
     +--------------------------------------------------------------------------------------------+ 
     |                Instance                |     Arc     |  Cell  | Delay | Arrival | Required | 
     |                                        |             |        |       |  Time   |   Time   | 
     |----------------------------------------+-------------+--------+-------+---------+----------| 
     | core/mem_rdata_reg[24]                 | CK ^        |        |       |   0.000 |   -0.044 | 
     | core/mem_rdata_reg[24]                 | CK ^ -> Q v | EDFFX2 | 0.049 |   0.049 |    0.004 | 
     | core/picorv32_core_mem_rdata_q_reg[24] | D v         | EDFFX2 | 0.000 |   0.049 |    0.004 | 
     +--------------------------------------------------------------------------------------------+ 
Path 22: MET Hold Check with Pin core/picorv32_core_mem_addr_reg[23]/CK 
Endpoint:   core/picorv32_core_mem_addr_reg[23]/D (v) checked with  leading 
edge of 'clk'
Beginpoint: core/picorv32_core_mem_addr_reg[23]/Q (v) triggered by  leading 
edge of 'clk'
Path Groups: {reg2reg}
Analysis View: analysis1
Other End Arrival Time          0.000
+ Hold                         -0.003
+ Phase Shift                   0.000
+ Uncertainty                   0.020
= Required Time                 0.017
  Arrival Time                  0.062
  Slack Time                    0.046
     Clock Rise Edge                 0.000
     + Clock Network Latency (Prop)  0.000
     = Beginpoint Arrival Time       0.000
     +-------------------------------------------------------------------------------------------+ 
     |              Instance               |     Arc     |   Cell   | Delay | Arrival | Required | 
     |                                     |             |          |       |  Time   |   Time   | 
     |-------------------------------------+-------------+----------+-------+---------+----------| 
     | core/picorv32_core_mem_addr_reg[23] | CK ^        |          |       |   0.000 |   -0.046 | 
     | core/picorv32_core_mem_addr_reg[23] | CK ^ -> Q v | DFFQXL   | 0.039 |   0.039 |   -0.007 | 
     | core/picorv32_core_g193675          | A v -> Y ^  | NAND2X1  | 0.010 |   0.048 |    0.003 | 
     | core/FE_RC_1081_0                   | C ^ -> Y v  | NAND3BXL | 0.014 |   0.062 |    0.017 | 
     | core/picorv32_core_mem_addr_reg[23] | D v         | DFFQXL   | 0.000 |   0.062 |    0.017 | 
     +-------------------------------------------------------------------------------------------+ 
Path 23: MET Hold Check with Pin core/picorv32_core_mem_addr_reg[11]/CK 
Endpoint:   core/picorv32_core_mem_addr_reg[11]/D (v) checked with  leading 
edge of 'clk'
Beginpoint: core/picorv32_core_mem_addr_reg[11]/Q (v) triggered by  leading 
edge of 'clk'
Path Groups: {reg2reg}
Analysis View: analysis1
Other End Arrival Time          0.000
+ Hold                         -0.003
+ Phase Shift                   0.000
+ Uncertainty                   0.020
= Required Time                 0.017
  Arrival Time                  0.062
  Slack Time                    0.046
     Clock Rise Edge                 0.000
     + Clock Network Latency (Prop)  0.000
     = Beginpoint Arrival Time       0.000
     +-------------------------------------------------------------------------------------------+ 
     |              Instance               |     Arc     |   Cell   | Delay | Arrival | Required | 
     |                                     |             |          |       |  Time   |   Time   | 
     |-------------------------------------+-------------+----------+-------+---------+----------| 
     | core/picorv32_core_mem_addr_reg[11] | CK ^        |          |       |   0.000 |   -0.046 | 
     | core/picorv32_core_mem_addr_reg[11] | CK ^ -> Q v | DFFQXL   | 0.039 |   0.039 |   -0.007 | 
     | core/picorv32_core_g193669          | A v -> Y ^  | NAND2X1  | 0.010 |   0.049 |    0.003 | 
     | core/FE_RC_610_0                    | C ^ -> Y v  | NAND3BXL | 0.014 |   0.062 |    0.017 | 
     | core/picorv32_core_mem_addr_reg[11] | D v         | DFFQXL   | 0.000 |   0.062 |    0.017 | 
     +-------------------------------------------------------------------------------------------+ 
Path 24: MET Hold Check with Pin core/picorv32_core_genblk2.pcpi_div_pcpi_rd_
reg[19]/CK 
Endpoint:   core/picorv32_core_genblk2.pcpi_div_pcpi_rd_reg[19]/D  (v) checked 
with  leading edge of 'clk'
Beginpoint: core/picorv32_core_genblk2.pcpi_div_quotient_reg[19]/Q (v) 
triggered by  leading edge of 'clk'
Path Groups: {reg2reg}
Analysis View: analysis1
Other End Arrival Time          0.000
+ Hold                         -0.003
+ Phase Shift                   0.000
+ Uncertainty                   0.020
= Required Time                 0.017
  Arrival Time                  0.063
  Slack Time                    0.046
     Clock Rise Edge                 0.000
     + Clock Network Latency (Prop)  0.000
     = Beginpoint Arrival Time       0.000
     +------------------------------------------------------------------------------------------------------------+ 
     |                      Instance                      |     Arc      |   Cell    | Delay | Arrival | Required | 
     |                                                    |              |           |       |  Time   |   Time   | 
     |----------------------------------------------------+--------------+-----------+-------+---------+----------| 
     | core/picorv32_core_genblk2.pcpi_div_quotient_reg[1 | CK ^         |           |       |   0.000 |   -0.046 | 
     | 9]                                                 |              |           |       |         |          | 
     | core/picorv32_core_genblk2.pcpi_div_quotient_reg[1 | CK ^ -> Q v  | DFFHQX1   | 0.041 |   0.041 |   -0.005 | 
     | 9]                                                 |              |           |       |         |          | 
     | core/picorv32_core_genblk2.pcpi_div_g8629          | A0N v -> Y v | OAI2BB1X1 | 0.021 |   0.063 |    0.017 | 
     | core/picorv32_core_genblk2.pcpi_div_pcpi_rd_reg[19 | D v          | DFFQXL    | 0.000 |   0.063 |    0.017 | 
     | ]                                                  |              |           |       |         |          | 
     +------------------------------------------------------------------------------------------------------------+ 
Path 25: MET Hold Check with Pin core/picorv32_core_genblk2.pcpi_div_pcpi_rd_
reg[18]/CK 
Endpoint:   core/picorv32_core_genblk2.pcpi_div_pcpi_rd_reg[18]/D  (v) checked 
with  leading edge of 'clk'
Beginpoint: core/picorv32_core_genblk2.pcpi_div_quotient_reg[18]/Q (v) 
triggered by  leading edge of 'clk'
Path Groups: {reg2reg}
Analysis View: analysis1
Other End Arrival Time          0.000
+ Hold                         -0.003
+ Phase Shift                   0.000
+ Uncertainty                   0.020
= Required Time                 0.017
  Arrival Time                  0.063
  Slack Time                    0.046
     Clock Rise Edge                 0.000
     + Clock Network Latency (Prop)  0.000
     = Beginpoint Arrival Time       0.000
     +------------------------------------------------------------------------------------------------------------+ 
     |                      Instance                      |     Arc      |   Cell    | Delay | Arrival | Required | 
     |                                                    |              |           |       |  Time   |   Time   | 
     |----------------------------------------------------+--------------+-----------+-------+---------+----------| 
     | core/picorv32_core_genblk2.pcpi_div_quotient_reg[1 | CK ^         |           |       |   0.000 |   -0.046 | 
     | 8]                                                 |              |           |       |         |          | 
     | core/picorv32_core_genblk2.pcpi_div_quotient_reg[1 | CK ^ -> Q v  | DFFHQX1   | 0.042 |   0.042 |   -0.004 | 
     | 8]                                                 |              |           |       |         |          | 
     | core/picorv32_core_genblk2.pcpi_div_g8628          | A0N v -> Y v | OAI2BB1X1 | 0.021 |   0.063 |    0.017 | 
     | core/picorv32_core_genblk2.pcpi_div_pcpi_rd_reg[18 | D v          | DFFQXL    | 0.000 |   0.063 |    0.017 | 
     | ]                                                  |              |           |       |         |          | 
     +------------------------------------------------------------------------------------------------------------+ 
Path 26: MET Hold Check with Pin core/picorv32_core_genblk2.pcpi_div_pcpi_rd_
reg[1]/CK 
Endpoint:   core/picorv32_core_genblk2.pcpi_div_pcpi_rd_reg[1]/D  (v) checked 
with  leading edge of 'clk'
Beginpoint: core/picorv32_core_genblk2.pcpi_div_quotient_reg[1]/Q (v) triggered 
by  leading edge of 'clk'
Path Groups: {reg2reg}
Analysis View: analysis1
Other End Arrival Time          0.000
+ Hold                         -0.003
+ Phase Shift                   0.000
+ Uncertainty                   0.020
= Required Time                 0.017
  Arrival Time                  0.063
  Slack Time                    0.046
     Clock Rise Edge                 0.000
     + Clock Network Latency (Prop)  0.000
     = Beginpoint Arrival Time       0.000
     +------------------------------------------------------------------------------------------------------------+ 
     |                      Instance                      |     Arc      |   Cell    | Delay | Arrival | Required | 
     |                                                    |              |           |       |  Time   |   Time   | 
     |----------------------------------------------------+--------------+-----------+-------+---------+----------| 
     | core/picorv32_core_genblk2.pcpi_div_quotient_reg[1 | CK ^         |           |       |   0.000 |   -0.046 | 
     | ]                                                  |              |           |       |         |          | 
     | core/picorv32_core_genblk2.pcpi_div_quotient_reg[1 | CK ^ -> Q v  | DFFHQX1   | 0.043 |   0.043 |   -0.003 | 
     | ]                                                  |              |           |       |         |          | 
     | core/picorv32_core_genblk2.pcpi_div_g8609          | A0N v -> Y v | OAI2BB1X1 | 0.020 |   0.063 |    0.017 | 
     | core/picorv32_core_genblk2.pcpi_div_pcpi_rd_reg[1] | D v          | DFFQXL    | 0.000 |   0.063 |    0.017 | 
     +------------------------------------------------------------------------------------------------------------+ 
Path 27: MET Hold Check with Pin core/picorv32_core_alu_out_q_reg[15]/CK 
Endpoint:   core/picorv32_core_alu_out_q_reg[15]/D   (^) checked with  leading 
edge of 'clk'
Beginpoint: core/picorv32_core_alu_add_sub_reg[15]/Q (^) triggered by  leading 
edge of 'clk'
Path Groups: {reg2reg}
Analysis View: analysis1
Other End Arrival Time          0.000
+ Hold                         -0.011
+ Phase Shift                   0.000
+ Uncertainty                   0.020
= Required Time                 0.009
  Arrival Time                  0.055
  Slack Time                    0.046
     Clock Rise Edge                 0.000
     + Clock Network Latency (Prop)  0.000
     = Beginpoint Arrival Time       0.000
     +----------------------------------------------------------------------------------------------+ 
     |                Instance                |     Arc     |   Cell   | Delay | Arrival | Required | 
     |                                        |             |          |       |  Time   |   Time   | 
     |----------------------------------------+-------------+----------+-------+---------+----------| 
     | core/picorv32_core_alu_add_sub_reg[15] | CK ^        |          |       |   0.000 |   -0.046 | 
     | core/picorv32_core_alu_add_sub_reg[15] | CK ^ -> Q ^ | DFFQXL   | 0.033 |   0.033 |   -0.013 | 
     | core/picorv32_core_g195474             | A ^ -> Y v  | NAND2X1  | 0.011 |   0.045 |   -0.001 | 
     | core/picorv32_core_g193545             | B0 v -> Y ^ | OAI211X1 | 0.010 |   0.055 |    0.009 | 
     | core/picorv32_core_alu_out_q_reg[15]   | D ^         | DFFHQX1  | 0.000 |   0.055 |    0.009 | 
     +----------------------------------------------------------------------------------------------+ 
Path 28: MET Hold Check with Pin core/wbm_dat_o_reg[27]/CK 
Endpoint:   core/wbm_dat_o_reg[27]/D (v) checked with  leading edge of 'clk'
Beginpoint: core/wbm_dat_o_reg[27]/Q (v) triggered by  leading edge of 'clk'
Path Groups: {reg2reg}
Analysis View: analysis1
Other End Arrival Time          0.000
+ Hold                         -0.003
+ Phase Shift                   0.000
+ Uncertainty                   0.020
= Required Time                 0.017
  Arrival Time                  0.064
  Slack Time                    0.046
     Clock Rise Edge                 0.000
     + Clock Network Latency (Prop)  0.000
     = Beginpoint Arrival Time       0.000
     +----------------------------------------------------------------------------+ 
     |        Instance        |     Arc     |  Cell  | Delay | Arrival | Required | 
     |                        |             |        |       |  Time   |   Time   | 
     |------------------------+-------------+--------+-------+---------+----------| 
     | core/wbm_dat_o_reg[27] | CK ^        |        |       |   0.000 |   -0.046 | 
     | core/wbm_dat_o_reg[27] | CK ^ -> Q v | DFFQXL | 0.036 |   0.036 |   -0.011 | 
     | core/g831__6161        | A v -> Y ^  | MXI2XL | 0.017 |   0.053 |    0.007 | 
     | core/g762__6783        | A ^ -> Y v  | NOR2X1 | 0.011 |   0.064 |    0.017 | 
     | core/wbm_dat_o_reg[27] | D v         | DFFQXL | 0.000 |   0.064 |    0.017 | 
     +----------------------------------------------------------------------------+ 
Path 29: MET Hold Check with Pin core/wbm_adr_o_reg[29]/CK 
Endpoint:   core/wbm_adr_o_reg[29]/D (v) checked with  leading edge of 'clk'
Beginpoint: core/wbm_adr_o_reg[29]/Q (v) triggered by  leading edge of 'clk'
Path Groups: {reg2reg}
Analysis View: analysis1
Other End Arrival Time          0.000
+ Hold                         -0.003
+ Phase Shift                   0.000
+ Uncertainty                   0.020
= Required Time                 0.017
  Arrival Time                  0.064
  Slack Time                    0.046
     Clock Rise Edge                 0.000
     + Clock Network Latency (Prop)  0.000
     = Beginpoint Arrival Time       0.000
     +----------------------------------------------------------------------------+ 
     |        Instance        |     Arc     |  Cell  | Delay | Arrival | Required | 
     |                        |             |        |       |  Time   |   Time   | 
     |------------------------+-------------+--------+-------+---------+----------| 
     | core/wbm_adr_o_reg[29] | CK ^        |        |       |   0.000 |   -0.046 | 
     | core/wbm_adr_o_reg[29] | CK ^ -> Q v | DFFQXL | 0.035 |   0.035 |   -0.011 | 
     | core/g866__6417        | A v -> Y ^  | MXI2XL | 0.018 |   0.053 |    0.007 | 
     | core/g798__6131        | A ^ -> Y v  | NOR2X1 | 0.011 |   0.064 |    0.017 | 
     | core/wbm_adr_o_reg[29] | D v         | DFFQXL | 0.000 |   0.064 |    0.017 | 
     +----------------------------------------------------------------------------+ 
Path 30: MET Hold Check with Pin core/wbm_adr_o_reg[30]/CK 
Endpoint:   core/wbm_adr_o_reg[30]/D (v) checked with  leading edge of 'clk'
Beginpoint: core/wbm_adr_o_reg[30]/Q (v) triggered by  leading edge of 'clk'
Path Groups: {reg2reg}
Analysis View: analysis1
Other End Arrival Time          0.000
+ Hold                         -0.003
+ Phase Shift                   0.000
+ Uncertainty                   0.020
= Required Time                 0.017
  Arrival Time                  0.064
  Slack Time                    0.046
     Clock Rise Edge                 0.000
     + Clock Network Latency (Prop)  0.000
     = Beginpoint Arrival Time       0.000
     +----------------------------------------------------------------------------+ 
     |        Instance        |     Arc     |  Cell  | Delay | Arrival | Required | 
     |                        |             |        |       |  Time   |   Time   | 
     |------------------------+-------------+--------+-------+---------+----------| 
     | core/wbm_adr_o_reg[30] | CK ^        |        |       |   0.000 |   -0.046 | 
     | core/wbm_adr_o_reg[30] | CK ^ -> Q v | DFFQXL | 0.035 |   0.035 |   -0.011 | 
     | core/g867__5477        | A v -> Y ^  | MXI2XL | 0.017 |   0.053 |    0.007 | 
     | core/g799__1881        | A ^ -> Y v  | NOR2X1 | 0.011 |   0.064 |    0.017 | 
     | core/wbm_adr_o_reg[30] | D v         | DFFQXL | 0.000 |   0.064 |    0.017 | 
     +----------------------------------------------------------------------------+ 
Path 31: MET Hold Check with Pin core/picorv32_core_reg_next_pc_reg[2]/CK 
Endpoint:   core/picorv32_core_reg_next_pc_reg[2]/D (v) checked with  leading 
edge of 'clk'
Beginpoint: core/picorv32_core_reg_next_pc_reg[2]/Q (v) triggered by  leading 
edge of 'clk'
Path Groups: {reg2reg}
Analysis View: analysis1
Other End Arrival Time          0.000
+ Hold                         -0.002
+ Phase Shift                   0.000
+ Uncertainty                   0.020
= Required Time                 0.018
  Arrival Time                  0.064
  Slack Time                    0.046
     Clock Rise Edge                 0.000
     + Clock Network Latency (Prop)  0.000
     = Beginpoint Arrival Time       0.000
     +-----------------------------------------------------------------------------------------------+ 
     |               Instance                |     Arc      |   Cell    | Delay | Arrival | Required | 
     |                                       |              |           |       |  Time   |   Time   | 
     |---------------------------------------+--------------+-----------+-------+---------+----------| 
     | core/picorv32_core_reg_next_pc_reg[2] | CK ^         |           |       |   0.000 |   -0.046 | 
     | core/picorv32_core_reg_next_pc_reg[2] | CK ^ -> Q v  | DFFX1     | 0.045 |   0.045 |   -0.001 | 
     | core/picorv32_core_g190196__6417      | A0N v -> Y v | OAI2BB1X1 | 0.019 |   0.064 |    0.018 | 
     | core/picorv32_core_reg_next_pc_reg[2] | D v          | DFFX1     | 0.000 |   0.064 |    0.018 | 
     +-----------------------------------------------------------------------------------------------+ 
Path 32: MET Hold Check with Pin core/picorv32_core_genblk2.pcpi_div_divisor_
reg[31]/CK 
Endpoint:   core/picorv32_core_genblk2.pcpi_div_divisor_reg[31]/D (v) checked 
with  leading edge of 'clk'
Beginpoint: core/picorv32_core_genblk2.pcpi_div_divisor_reg[31]/Q (v) triggered 
by  leading edge of 'clk'
Path Groups: {reg2reg}
Analysis View: analysis1
Other End Arrival Time          0.000
+ Hold                         -0.001
+ Phase Shift                   0.000
+ Uncertainty                   0.020
= Required Time                 0.019
  Arrival Time                  0.066
  Slack Time                    0.046
     Clock Rise Edge                 0.000
     + Clock Network Latency (Prop)  0.000
     = Beginpoint Arrival Time       0.000
     +------------------------------------------------------------------------------------------------------------+ 
     |                      Instance                      |     Arc      |   Cell    | Delay | Arrival | Required | 
     |                                                    |              |           |       |  Time   |   Time   | 
     |----------------------------------------------------+--------------+-----------+-------+---------+----------| 
     | core/picorv32_core_genblk2.pcpi_div_divisor_reg[31 | CK ^         |           |       |   0.000 |   -0.046 | 
     | ]                                                  |              |           |       |         |          | 
     | core/picorv32_core_genblk2.pcpi_div_divisor_reg[31 | CK ^ -> Q v  | DFFHQX1   | 0.046 |   0.046 |   -0.001 | 
     | ]                                                  |              |           |       |         |          | 
     | core/picorv32_core_genblk2.pcpi_div_g14346         | A0N v -> Y v | OAI2BB1X1 | 0.020 |   0.066 |    0.019 | 
     | core/picorv32_core_genblk2.pcpi_div_divisor_reg[31 | D v          | DFFHQX1   | 0.000 |   0.066 |    0.019 | 
     | ]                                                  |              |           |       |         |          | 
     +------------------------------------------------------------------------------------------------------------+ 
Path 33: MET Hold Check with Pin core/wbm_dat_o_reg[28]/CK 
Endpoint:   core/wbm_dat_o_reg[28]/D (v) checked with  leading edge of 'clk'
Beginpoint: core/wbm_dat_o_reg[28]/Q (v) triggered by  leading edge of 'clk'
Path Groups: {reg2reg}
Analysis View: analysis1
Other End Arrival Time          0.000
+ Hold                         -0.003
+ Phase Shift                   0.000
+ Uncertainty                   0.020
= Required Time                 0.017
  Arrival Time                  0.064
  Slack Time                    0.046
     Clock Rise Edge                 0.000
     + Clock Network Latency (Prop)  0.000
     = Beginpoint Arrival Time       0.000
     +----------------------------------------------------------------------------+ 
     |        Instance        |     Arc     |  Cell  | Delay | Arrival | Required | 
     |                        |             |        |       |  Time   |   Time   | 
     |------------------------+-------------+--------+-------+---------+----------| 
     | core/wbm_dat_o_reg[28] | CK ^        |        |       |   0.000 |   -0.046 | 
     | core/wbm_dat_o_reg[28] | CK ^ -> Q v | DFFQXL | 0.035 |   0.035 |   -0.011 | 
     | core/g832__9315        | A v -> Y ^  | MXI2XL | 0.017 |   0.053 |    0.006 | 
     | core/g763__3680        | A ^ -> Y v  | NOR2X1 | 0.011 |   0.064 |    0.017 | 
     | core/wbm_dat_o_reg[28] | D v         | DFFQXL | 0.000 |   0.064 |    0.017 | 
     +----------------------------------------------------------------------------+ 
Path 34: MET Hold Check with Pin core/picorv32_core_is_slti_blt_slt_reg/CK 
Endpoint:   core/picorv32_core_is_slti_blt_slt_reg/D (^) checked with  leading 
edge of 'clk'
Beginpoint: core/picorv32_core_instr_slt_reg/Q       (^) triggered by  leading 
edge of 'clk'
Path Groups: {reg2reg}
Analysis View: analysis1
Other End Arrival Time          0.000
+ Hold                         -0.011
+ Phase Shift                   0.000
+ Uncertainty                   0.020
= Required Time                 0.009
  Arrival Time                  0.056
  Slack Time                    0.046
     Clock Rise Edge                 0.000
     + Clock Network Latency (Prop)  0.000
     = Beginpoint Arrival Time       0.000
     +--------------------------------------------------------------------------------------------+ 
     |                Instance                |     Arc     |  Cell  | Delay | Arrival | Required | 
     |                                        |             |        |       |  Time   |   Time   | 
     |----------------------------------------+-------------+--------+-------+---------+----------| 
     | core/picorv32_core_instr_slt_reg       | CK ^        |        |       |   0.000 |   -0.046 | 
     | core/picorv32_core_instr_slt_reg       | CK ^ -> Q ^ | DFFQXL | 0.038 |   0.038 |   -0.008 | 
     | core/picorv32_core_g88447__3680        | C ^ -> Y ^  | OR3XL  | 0.017 |   0.056 |    0.009 | 
     | core/picorv32_core_is_slti_blt_slt_reg | D ^         | DFFQXL | 0.000 |   0.056 |    0.009 | 
     +--------------------------------------------------------------------------------------------+ 
Path 35: MET Hold Check with Pin core/wbm_adr_o_reg[25]/CK 
Endpoint:   core/wbm_adr_o_reg[25]/D (v) checked with  leading edge of 'clk'
Beginpoint: core/wbm_adr_o_reg[25]/Q (v) triggered by  leading edge of 'clk'
Path Groups: {reg2reg}
Analysis View: analysis1
Other End Arrival Time          0.000
+ Hold                         -0.003
+ Phase Shift                   0.000
+ Uncertainty                   0.020
= Required Time                 0.017
  Arrival Time                  0.064
  Slack Time                    0.046
     Clock Rise Edge                 0.000
     + Clock Network Latency (Prop)  0.000
     = Beginpoint Arrival Time       0.000
     +----------------------------------------------------------------------------+ 
     |        Instance        |     Arc     |  Cell  | Delay | Arrival | Required | 
     |                        |             |        |       |  Time   |   Time   | 
     |------------------------+-------------+--------+-------+---------+----------| 
     | core/wbm_adr_o_reg[25] | CK ^        |        |       |   0.000 |   -0.046 | 
     | core/wbm_adr_o_reg[25] | CK ^ -> Q v | DFFQXL | 0.036 |   0.036 |   -0.011 | 
     | core/g862__2883        | A v -> Y ^  | MXI2XL | 0.017 |   0.053 |    0.007 | 
     | core/g794__1705        | A ^ -> Y v  | NOR2X1 | 0.011 |   0.064 |    0.017 | 
     | core/wbm_adr_o_reg[25] | D v         | DFFQXL | 0.000 |   0.064 |    0.017 | 
     +----------------------------------------------------------------------------+ 
Path 36: MET Hold Check with Pin core/wbm_adr_o_reg[5]/CK 
Endpoint:   core/wbm_adr_o_reg[5]/D (v) checked with  leading edge of 'clk'
Beginpoint: core/wbm_adr_o_reg[5]/Q (v) triggered by  leading edge of 'clk'
Path Groups: {reg2reg}
Analysis View: analysis1
Other End Arrival Time          0.000
+ Hold                         -0.003
+ Phase Shift                   0.000
+ Uncertainty                   0.020
= Required Time                 0.017
  Arrival Time                  0.064
  Slack Time                    0.046
     Clock Rise Edge                 0.000
     + Clock Network Latency (Prop)  0.000
     = Beginpoint Arrival Time       0.000
     +---------------------------------------------------------------------------+ 
     |       Instance        |     Arc     |  Cell  | Delay | Arrival | Required | 
     |                       |             |        |       |  Time   |   Time   | 
     |-----------------------+-------------+--------+-------+---------+----------| 
     | core/wbm_adr_o_reg[5] | CK ^        |        |       |   0.000 |   -0.046 | 
     | core/wbm_adr_o_reg[5] | CK ^ -> Q v | DFFQXL | 0.035 |   0.035 |   -0.011 | 
     | core/g840__2398       | A v -> Y ^  | MXI2XL | 0.018 |   0.053 |    0.007 | 
     | core/g774__4733       | A ^ -> Y v  | NOR2X1 | 0.011 |   0.064 |    0.017 | 
     | core/wbm_adr_o_reg[5] | D v         | DFFQXL | 0.000 |   0.064 |    0.017 | 
     +---------------------------------------------------------------------------+ 
Path 37: MET Hold Check with Pin core/wbm_dat_o_reg[6]/CK 
Endpoint:   core/wbm_dat_o_reg[6]/D (v) checked with  leading edge of 'clk'
Beginpoint: core/wbm_dat_o_reg[6]/Q (v) triggered by  leading edge of 'clk'
Path Groups: {reg2reg}
Analysis View: analysis1
Other End Arrival Time          0.000
+ Hold                         -0.003
+ Phase Shift                   0.000
+ Uncertainty                   0.020
= Required Time                 0.017
  Arrival Time                  0.064
  Slack Time                    0.047
     Clock Rise Edge                 0.000
     + Clock Network Latency (Prop)  0.000
     = Beginpoint Arrival Time       0.000
     +---------------------------------------------------------------------------+ 
     |       Instance        |     Arc     |  Cell  | Delay | Arrival | Required | 
     |                       |             |        |       |  Time   |   Time   | 
     |-----------------------+-------------+--------+-------+---------+----------| 
     | core/wbm_dat_o_reg[6] | CK ^        |        |       |   0.000 |   -0.047 | 
     | core/wbm_dat_o_reg[6] | CK ^ -> Q v | DFFQXL | 0.035 |   0.035 |   -0.011 | 
     | core/g811__5477       | A v -> Y ^  | MXI2XL | 0.018 |   0.053 |    0.006 | 
     | core/g741__7098       | A ^ -> Y v  | NOR2X1 | 0.011 |   0.064 |    0.017 | 
     | core/wbm_dat_o_reg[6] | D v         | DFFQXL | 0.000 |   0.064 |    0.017 | 
     +---------------------------------------------------------------------------+ 
Path 38: MET Hold Check with Pin core/picorv32_core_genblk2.pcpi_div_pcpi_rd_
reg[8]/CK 
Endpoint:   core/picorv32_core_genblk2.pcpi_div_pcpi_rd_reg[8]/D  (v) checked 
with  leading edge of 'clk'
Beginpoint: core/picorv32_core_genblk2.pcpi_div_quotient_reg[8]/Q (v) triggered 
by  leading edge of 'clk'
Path Groups: {reg2reg}
Analysis View: analysis1
Other End Arrival Time          0.000
+ Hold                         -0.003
+ Phase Shift                   0.000
+ Uncertainty                   0.020
= Required Time                 0.017
  Arrival Time                  0.064
  Slack Time                    0.047
     Clock Rise Edge                 0.000
     + Clock Network Latency (Prop)  0.000
     = Beginpoint Arrival Time       0.000
     +------------------------------------------------------------------------------------------------------------+ 
     |                      Instance                      |     Arc      |   Cell    | Delay | Arrival | Required | 
     |                                                    |              |           |       |  Time   |   Time   | 
     |----------------------------------------------------+--------------+-----------+-------+---------+----------| 
     | core/picorv32_core_genblk2.pcpi_div_quotient_reg[8 | CK ^         |           |       |   0.000 |   -0.047 | 
     | ]                                                  |              |           |       |         |          | 
     | core/picorv32_core_genblk2.pcpi_div_quotient_reg[8 | CK ^ -> Q v  | DFFHQX1   | 0.043 |   0.043 |   -0.004 | 
     | ]                                                  |              |           |       |         |          | 
     | core/picorv32_core_genblk2.pcpi_div_g8617          | A0N v -> Y v | OAI2BB1X1 | 0.020 |   0.064 |    0.017 | 
     | core/picorv32_core_genblk2.pcpi_div_pcpi_rd_reg[8] | D v          | DFFQXL    | 0.000 |   0.064 |    0.017 | 
     +------------------------------------------------------------------------------------------------------------+ 
Path 39: MET Hold Check with Pin core/wbm_dat_o_reg[14]/CK 
Endpoint:   core/wbm_dat_o_reg[14]/D (v) checked with  leading edge of 'clk'
Beginpoint: core/wbm_dat_o_reg[14]/Q (v) triggered by  leading edge of 'clk'
Path Groups: {reg2reg}
Analysis View: analysis1
Other End Arrival Time          0.000
+ Hold                         -0.003
+ Phase Shift                   0.000
+ Uncertainty                   0.020
= Required Time                 0.017
  Arrival Time                  0.064
  Slack Time                    0.047
     Clock Rise Edge                 0.000
     + Clock Network Latency (Prop)  0.000
     = Beginpoint Arrival Time       0.000
     +----------------------------------------------------------------------------+ 
     |        Instance        |     Arc     |  Cell  | Delay | Arrival | Required | 
     |                        |             |        |       |  Time   |   Time   | 
     |------------------------+-------------+--------+-------+---------+----------| 
     | core/wbm_dat_o_reg[14] | CK ^        |        |       |   0.000 |   -0.047 | 
     | core/wbm_dat_o_reg[14] | CK ^ -> Q v | DFFQXL | 0.036 |   0.036 |   -0.011 | 
     | core/g819__3680        | A v -> Y ^  | MXI2XL | 0.017 |   0.053 |    0.006 | 
     | core/g749__9945        | A ^ -> Y v  | NOR2X1 | 0.011 |   0.064 |    0.017 | 
     | core/wbm_dat_o_reg[14] | D v         | DFFQXL | 0.000 |   0.064 |    0.017 | 
     +----------------------------------------------------------------------------+ 
Path 40: MET Hold Check with Pin core/picorv32_core_genblk2.pcpi_div_pcpi_rd_
reg[2]/CK 
Endpoint:   core/picorv32_core_genblk2.pcpi_div_pcpi_rd_reg[2]/D  (v) checked 
with  leading edge of 'clk'
Beginpoint: core/picorv32_core_genblk2.pcpi_div_quotient_reg[2]/Q (v) triggered 
by  leading edge of 'clk'
Path Groups: {reg2reg}
Analysis View: analysis1
Other End Arrival Time          0.000
+ Hold                         -0.003
+ Phase Shift                   0.000
+ Uncertainty                   0.020
= Required Time                 0.017
  Arrival Time                  0.064
  Slack Time                    0.047
     Clock Rise Edge                 0.000
     + Clock Network Latency (Prop)  0.000
     = Beginpoint Arrival Time       0.000
     +------------------------------------------------------------------------------------------------------------+ 
     |                      Instance                      |     Arc      |   Cell    | Delay | Arrival | Required | 
     |                                                    |              |           |       |  Time   |   Time   | 
     |----------------------------------------------------+--------------+-----------+-------+---------+----------| 
     | core/picorv32_core_genblk2.pcpi_div_quotient_reg[2 | CK ^         |           |       |   0.000 |   -0.047 | 
     | ]                                                  |              |           |       |         |          | 
     | core/picorv32_core_genblk2.pcpi_div_quotient_reg[2 | CK ^ -> Q v  | DFFHQX1   | 0.042 |   0.042 |   -0.004 | 
     | ]                                                  |              |           |       |         |          | 
     | core/picorv32_core_genblk2.pcpi_div_g8610          | A0N v -> Y v | OAI2BB1X1 | 0.021 |   0.064 |    0.017 | 
     | core/picorv32_core_genblk2.pcpi_div_pcpi_rd_reg[2] | D v          | DFFQXL    | 0.000 |   0.064 |    0.017 | 
     +------------------------------------------------------------------------------------------------------------+ 
Path 41: MET Hold Check with Pin core/picorv32_core_genblk2.pcpi_div_quotient_
reg[30]/CK 
Endpoint:   core/picorv32_core_genblk2.pcpi_div_quotient_reg[30]/D (v) checked 
with  leading edge of 'clk'
Beginpoint: core/picorv32_core_genblk2.pcpi_div_quotient_reg[30]/Q (v) 
triggered by  leading edge of 'clk'
Path Groups: {reg2reg}
Analysis View: analysis1
Other End Arrival Time          0.000
+ Hold                         -0.000
+ Phase Shift                   0.000
+ Uncertainty                   0.020
= Required Time                 0.020
  Arrival Time                  0.066
  Slack Time                    0.047
     Clock Rise Edge                 0.000
     + Clock Network Latency (Prop)  0.000
     = Beginpoint Arrival Time       0.000
     +---------------------------------------------------------------------------------------------------------+ 
     |                      Instance                      |     Arc     |  Cell   | Delay | Arrival | Required | 
     |                                                    |             |         |       |  Time   |   Time   | 
     |----------------------------------------------------+-------------+---------+-------+---------+----------| 
     | core/picorv32_core_genblk2.pcpi_div_quotient_reg[3 | CK ^        |         |       |   0.000 |   -0.047 | 
     | 0]                                                 |             |         |       |         |          | 
     | core/picorv32_core_genblk2.pcpi_div_quotient_reg[3 | CK ^ -> Q v | DFFHQX1 | 0.041 |   0.041 |   -0.006 | 
     | 0]                                                 |             |         |       |         |          | 
     | core/picorv32_core_genblk2.pcpi_div_g14378         | B0 v -> Y v | AO22XL  | 0.026 |   0.066 |    0.020 | 
     | core/picorv32_core_genblk2.pcpi_div_quotient_reg[3 | D v         | DFFHQX1 | 0.000 |   0.066 |    0.020 | 
     | 0]                                                 |             |         |       |         |          | 
     +---------------------------------------------------------------------------------------------------------+ 
Path 42: MET Hold Check with Pin core/wbm_adr_o_reg[21]/CK 
Endpoint:   core/wbm_adr_o_reg[21]/D (v) checked with  leading edge of 'clk'
Beginpoint: core/wbm_adr_o_reg[21]/Q (v) triggered by  leading edge of 'clk'
Path Groups: {reg2reg}
Analysis View: analysis1
Other End Arrival Time          0.000
+ Hold                         -0.003
+ Phase Shift                   0.000
+ Uncertainty                   0.020
= Required Time                 0.017
  Arrival Time                  0.064
  Slack Time                    0.047
     Clock Rise Edge                 0.000
     + Clock Network Latency (Prop)  0.000
     = Beginpoint Arrival Time       0.000
     +----------------------------------------------------------------------------+ 
     |        Instance        |     Arc     |  Cell  | Delay | Arrival | Required | 
     |                        |             |        |       |  Time   |   Time   | 
     |------------------------+-------------+--------+-------+---------+----------| 
     | core/wbm_adr_o_reg[21] | CK ^        |        |       |   0.000 |   -0.047 | 
     | core/wbm_adr_o_reg[21] | CK ^ -> Q v | DFFQXL | 0.035 |   0.035 |   -0.011 | 
     | core/g857__7482        | A v -> Y ^  | MXI2XL | 0.018 |   0.053 |    0.006 | 
     | core/g790__6783        | A ^ -> Y v  | NOR2X1 | 0.011 |   0.064 |    0.017 | 
     | core/wbm_adr_o_reg[21] | D v         | DFFQXL | 0.000 |   0.064 |    0.017 | 
     +----------------------------------------------------------------------------+ 
Path 43: MET Hold Check with Pin core/picorv32_core_mem_rdata_q_reg[28]/CK 
Endpoint:   core/picorv32_core_mem_rdata_q_reg[28]/D (v) checked with  leading 
edge of 'clk'
Beginpoint: core/mem_rdata_reg[28]/Q                 (v) triggered by  leading 
edge of 'clk'
Path Groups: {reg2reg}
Analysis View: analysis1
Other End Arrival Time          0.000
+ Hold                         -0.014
+ Phase Shift                   0.000
+ Uncertainty                   0.020
= Required Time                 0.006
  Arrival Time                  0.053
  Slack Time                    0.047
     Clock Rise Edge                 0.000
     + Clock Network Latency (Prop)  0.000
     = Beginpoint Arrival Time       0.000
     +----------------------------------------------------------------------------------------------+ 
     |                Instance                |     Arc     |   Cell   | Delay | Arrival | Required | 
     |                                        |             |          |       |  Time   |   Time   | 
     |----------------------------------------+-------------+----------+-------+---------+----------| 
     | core/mem_rdata_reg[28]                 | CK ^        |          |       |   0.000 |   -0.047 | 
     | core/mem_rdata_reg[28]                 | CK ^ -> Q v | EDFFX2   | 0.052 |   0.052 |    0.006 | 
     | core/picorv32_core_mem_rdata_q_reg[28] | D v         | EDFFHQX1 | 0.000 |   0.053 |    0.006 | 
     +----------------------------------------------------------------------------------------------+ 
Path 44: MET Hold Check with Pin core/picorv32_core_alu_out_q_reg[24]/CK 
Endpoint:   core/picorv32_core_alu_out_q_reg[24]/D   (^) checked with  leading 
edge of 'clk'
Beginpoint: core/picorv32_core_alu_add_sub_reg[24]/Q (^) triggered by  leading 
edge of 'clk'
Path Groups: {reg2reg}
Analysis View: analysis1
Other End Arrival Time          0.000
+ Hold                         -0.012
+ Phase Shift                   0.000
+ Uncertainty                   0.020
= Required Time                 0.008
  Arrival Time                  0.055
  Slack Time                    0.047
     Clock Rise Edge                 0.000
     + Clock Network Latency (Prop)  0.000
     = Beginpoint Arrival Time       0.000
     +----------------------------------------------------------------------------------------------+ 
     |                Instance                |     Arc     |   Cell   | Delay | Arrival | Required | 
     |                                        |             |          |       |  Time   |   Time   | 
     |----------------------------------------+-------------+----------+-------+---------+----------| 
     | core/picorv32_core_alu_add_sub_reg[24] | CK ^        |          |       |   0.000 |   -0.047 | 
     | core/picorv32_core_alu_add_sub_reg[24] | CK ^ -> Q ^ | DFFQXL   | 0.033 |   0.033 |   -0.013 | 
     | core/picorv32_core_g195488             | A ^ -> Y v  | NAND2X1  | 0.012 |   0.045 |   -0.002 | 
     | core/picorv32_core_g193532             | B0 v -> Y ^ | OAI211X1 | 0.010 |   0.055 |    0.008 | 
     | core/picorv32_core_alu_out_q_reg[24]   | D ^         | DFFHQX1  | 0.000 |   0.055 |    0.008 | 
     +----------------------------------------------------------------------------------------------+ 
Path 45: MET Hold Check with Pin core/wbm_dat_o_reg[1]/CK 
Endpoint:   core/wbm_dat_o_reg[1]/D (v) checked with  leading edge of 'clk'
Beginpoint: core/wbm_dat_o_reg[1]/Q (v) triggered by  leading edge of 'clk'
Path Groups: {reg2reg}
Analysis View: analysis1
Other End Arrival Time          0.000
+ Hold                         -0.003
+ Phase Shift                   0.000
+ Uncertainty                   0.020
= Required Time                 0.017
  Arrival Time                  0.064
  Slack Time                    0.047
     Clock Rise Edge                 0.000
     + Clock Network Latency (Prop)  0.000
     = Beginpoint Arrival Time       0.000
     +---------------------------------------------------------------------------+ 
     |       Instance        |     Arc     |  Cell  | Delay | Arrival | Required | 
     |                       |             |        |       |  Time   |   Time   | 
     |-----------------------+-------------+--------+-------+---------+----------| 
     | core/wbm_dat_o_reg[1] | CK ^        |        |       |   0.000 |   -0.047 | 
     | core/wbm_dat_o_reg[1] | CK ^ -> Q v | DFFQXL | 0.036 |   0.036 |   -0.011 | 
     | core/g807__2346       | A v -> Y ^  | MXI2XL | 0.017 |   0.054 |    0.007 | 
     | core/g736__1617       | A ^ -> Y v  | NOR2X1 | 0.011 |   0.064 |    0.017 | 
     | core/wbm_dat_o_reg[1] | D v         | DFFQXL | 0.000 |   0.064 |    0.017 | 
     +---------------------------------------------------------------------------+ 
Path 46: MET Hold Check with Pin core/picorv32_core_genblk2.pcpi_div_pcpi_rd_
reg[30]/CK 
Endpoint:   core/picorv32_core_genblk2.pcpi_div_pcpi_rd_reg[30]/D  (v) checked 
with  leading edge of 'clk'
Beginpoint: core/picorv32_core_genblk2.pcpi_div_quotient_reg[30]/Q (v) 
triggered by  leading edge of 'clk'
Path Groups: {reg2reg}
Analysis View: analysis1
Other End Arrival Time          0.000
+ Hold                         -0.003
+ Phase Shift                   0.000
+ Uncertainty                   0.020
= Required Time                 0.017
  Arrival Time                  0.064
  Slack Time                    0.047
     Clock Rise Edge                 0.000
     + Clock Network Latency (Prop)  0.000
     = Beginpoint Arrival Time       0.000
     +------------------------------------------------------------------------------------------------------------+ 
     |                      Instance                      |     Arc      |   Cell    | Delay | Arrival | Required | 
     |                                                    |              |           |       |  Time   |   Time   | 
     |----------------------------------------------------+--------------+-----------+-------+---------+----------| 
     | core/picorv32_core_genblk2.pcpi_div_quotient_reg[3 | CK ^         |           |       |   0.000 |   -0.047 | 
     | 0]                                                 |              |           |       |         |          | 
     | core/picorv32_core_genblk2.pcpi_div_quotient_reg[3 | CK ^ -> Q v  | DFFHQX1   | 0.041 |   0.041 |   -0.006 | 
     | 0]                                                 |              |           |       |         |          | 
     | core/picorv32_core_genblk2.pcpi_div_g8637          | A0N v -> Y v | OAI2BB1X1 | 0.023 |   0.064 |    0.017 | 
     | core/picorv32_core_genblk2.pcpi_div_pcpi_rd_reg[30 | D v          | DFFQXL    | 0.000 |   0.064 |    0.017 | 
     | ]                                                  |              |           |       |         |          | 
     +------------------------------------------------------------------------------------------------------------+ 
Path 47: MET Hold Check with Pin core/picorv32_core_irq_delay_reg/CK 
Endpoint:   core/picorv32_core_irq_delay_reg/D (v) checked with  leading edge 
of 'clk'
Beginpoint: core/picorv32_core_irq_delay_reg/Q (v) triggered by  leading edge 
of 'clk'
Path Groups: {reg2reg}
Analysis View: analysis1
Other End Arrival Time          0.000
+ Hold                         -0.001
+ Phase Shift                   0.000
+ Uncertainty                   0.020
= Required Time                 0.019
  Arrival Time                  0.066
  Slack Time                    0.047
     Clock Rise Edge                 0.000
     + Clock Network Latency (Prop)  0.000
     = Beginpoint Arrival Time       0.000
     +--------------------------------------------------------------------------------------+ 
     |             Instance             |     Arc     |  Cell  | Delay | Arrival | Required | 
     |                                  |             |        |       |  Time   |   Time   | 
     |----------------------------------+-------------+--------+-------+---------+----------| 
     | core/picorv32_core_irq_delay_reg | CK ^        |        |       |   0.000 |   -0.047 | 
     | core/picorv32_core_irq_delay_reg | CK ^ -> Q v | DFFQX4 | 0.042 |   0.042 |   -0.005 | 
     | core/picorv32_core_g194710       | B v -> Y ^  | MXI2XL | 0.015 |   0.057 |    0.010 | 
     | core/picorv32_core_g193781       | B ^ -> Y v  | NOR2XL | 0.009 |   0.066 |    0.019 | 
     | core/picorv32_core_irq_delay_reg | D v         | DFFQX4 | 0.000 |   0.066 |    0.019 | 
     +--------------------------------------------------------------------------------------+ 
Path 48: MET Hold Check with Pin core/picorv32_core_alu_out_q_reg[13]/CK 
Endpoint:   core/picorv32_core_alu_out_q_reg[13]/D   (^) checked with  leading 
edge of 'clk'
Beginpoint: core/picorv32_core_alu_add_sub_reg[13]/Q (^) triggered by  leading 
edge of 'clk'
Path Groups: {reg2reg}
Analysis View: analysis1
Other End Arrival Time          0.000
+ Hold                         -0.012
+ Phase Shift                   0.000
+ Uncertainty                   0.020
= Required Time                 0.008
  Arrival Time                  0.055
  Slack Time                    0.047
     Clock Rise Edge                 0.000
     + Clock Network Latency (Prop)  0.000
     = Beginpoint Arrival Time       0.000
     +----------------------------------------------------------------------------------------------+ 
     |                Instance                |     Arc     |   Cell   | Delay | Arrival | Required | 
     |                                        |             |          |       |  Time   |   Time   | 
     |----------------------------------------+-------------+----------+-------+---------+----------| 
     | core/picorv32_core_alu_add_sub_reg[13] | CK ^        |          |       |   0.000 |   -0.047 | 
     | core/picorv32_core_alu_add_sub_reg[13] | CK ^ -> Q ^ | DFFQXL   | 0.033 |   0.033 |   -0.014 | 
     | core/picorv32_core_g195504             | A ^ -> Y v  | NAND2X1  | 0.012 |   0.045 |   -0.002 | 
     | core/picorv32_core_g193531             | B0 v -> Y ^ | OAI211X1 | 0.011 |   0.055 |    0.008 | 
     | core/picorv32_core_alu_out_q_reg[13]   | D ^         | DFFHQX1  | 0.000 |   0.055 |    0.008 | 
     +----------------------------------------------------------------------------------------------+ 
Path 49: MET Hold Check with Pin core/wbm_dat_o_reg[15]/CK 
Endpoint:   core/wbm_dat_o_reg[15]/D (v) checked with  leading edge of 'clk'
Beginpoint: core/wbm_dat_o_reg[15]/Q (v) triggered by  leading edge of 'clk'
Path Groups: {reg2reg}
Analysis View: analysis1
Other End Arrival Time          0.000
+ Hold                         -0.003
+ Phase Shift                   0.000
+ Uncertainty                   0.020
= Required Time                 0.017
  Arrival Time                  0.064
  Slack Time                    0.047
     Clock Rise Edge                 0.000
     + Clock Network Latency (Prop)  0.000
     = Beginpoint Arrival Time       0.000
     +----------------------------------------------------------------------------+ 
     |        Instance        |     Arc     |  Cell  | Delay | Arrival | Required | 
     |                        |             |        |       |  Time   |   Time   | 
     |------------------------+-------------+--------+-------+---------+----------| 
     | core/wbm_dat_o_reg[15] | CK ^        |        |       |   0.000 |   -0.047 | 
     | core/wbm_dat_o_reg[15] | CK ^ -> Q v | DFFQXL | 0.036 |   0.036 |   -0.011 | 
     | core/g820__1617        | A v -> Y ^  | MXI2XL | 0.018 |   0.053 |    0.006 | 
     | core/g750__2883        | A ^ -> Y v  | NOR2X1 | 0.011 |   0.064 |    0.017 | 
     | core/wbm_dat_o_reg[15] | D v         | DFFQXL | 0.000 |   0.064 |    0.017 | 
     +----------------------------------------------------------------------------+ 
Path 50: MET Hold Check with Pin core/wbm_dat_o_reg[2]/CK 
Endpoint:   core/wbm_dat_o_reg[2]/D (v) checked with  leading edge of 'clk'
Beginpoint: core/wbm_dat_o_reg[2]/Q (v) triggered by  leading edge of 'clk'
Path Groups: {reg2reg}
Analysis View: analysis1
Other End Arrival Time          0.000
+ Hold                         -0.003
+ Phase Shift                   0.000
+ Uncertainty                   0.020
= Required Time                 0.017
  Arrival Time                  0.064
  Slack Time                    0.047
     Clock Rise Edge                 0.000
     + Clock Network Latency (Prop)  0.000
     = Beginpoint Arrival Time       0.000
     +---------------------------------------------------------------------------+ 
     |       Instance        |     Arc     |  Cell  | Delay | Arrival | Required | 
     |                       |             |        |       |  Time   |   Time   | 
     |-----------------------+-------------+--------+-------+---------+----------| 
     | core/wbm_dat_o_reg[2] | CK ^        |        |       |   0.000 |   -0.047 | 
     | core/wbm_dat_o_reg[2] | CK ^ -> Q v | DFFQXL | 0.036 |   0.036 |   -0.011 | 
     | core/g869__5107       | A v -> Y ^  | MXI2XL | 0.018 |   0.053 |    0.006 | 
     | core/g737__2802       | A ^ -> Y v  | NOR2X1 | 0.011 |   0.064 |    0.017 | 
     | core/wbm_dat_o_reg[2] | D v         | DFFQXL | 0.000 |   0.064 |    0.017 | 
     +---------------------------------------------------------------------------+ 

