###############################################################
#  Generated by:      Cadence Innovus 21.35-s114_1
#  OS:                Linux x86_64(Host ID cn90.it.auth.gr)
#  Generated on:      Mon Dec  8 12:40:25 2025
#  Design:            picorv32_pads
#  Command:           report_timing -path_group reg2out -check_type setup -max_paths 50 > reports/postRouting/setup_reg2out.rpt
###############################################################
Path 1: MET Late External Delay Assertion 
Endpoint:   pcpi_valid                          (v) checked with  leading edge 
of 'clk'
Beginpoint: core/picorv32_core_pcpi_valid_reg/Q (v) triggered by  leading edge 
of 'clk'
Path Groups: {reg2out}
Analysis View: analysis1
Other End Arrival Time          0.000
- External Delay                0.500
+ Phase Shift                   4.000
- Uncertainty                   0.020
= Required Time                 3.480
- Arrival Time                  2.020
= Slack Time                    1.460
     Clock Rise Edge                 0.000
     + Clock Network Latency (Prop)  0.000
     = Beginpoint Arrival Time       0.000
     +----------------------------------------------------------------------------------------+ 
     |             Instance              |     Arc      |  Cell  | Delay | Arrival | Required | 
     |                                   |              |        |       |  Time   |   Time   | 
     |-----------------------------------+--------------+--------+-------+---------+----------| 
     | core/picorv32_core_pcpi_valid_reg | CK ^         |        |       |   0.000 |    1.460 | 
     | core/picorv32_core_pcpi_valid_reg | CK ^ -> Q v  | DFFQX4 | 0.739 |   0.739 |    2.199 | 
     |                                   | pcpi_valid v |        | 1.281 |   2.020 |    3.480 | 
     +----------------------------------------------------------------------------------------+ 
Path 2: MET Late External Delay Assertion 
Endpoint:   wbm_cyc_o            (^) checked with  leading edge of 'clk'
Beginpoint: core/wbm_cyc_o_reg/Q (^) triggered by  leading edge of 'clk'
Path Groups: {reg2out}
Analysis View: analysis1
Other End Arrival Time          0.000
- External Delay                0.500
+ Phase Shift                   4.000
- Uncertainty                   0.020
= Required Time                 3.480
- Arrival Time                  0.710
= Slack Time                    2.770
     Clock Rise Edge                 0.000
     + Clock Network Latency (Prop)  0.000
     = Beginpoint Arrival Time       0.000
     +------------------------------------------------------------------------+ 
     |      Instance      |     Arc     |  Cell  | Delay | Arrival | Required | 
     |                    |             |        |       |  Time   |   Time   | 
     |--------------------+-------------+--------+-------+---------+----------| 
     | core/wbm_cyc_o_reg | CK ^        |        |       |   0.000 |    2.770 | 
     | core/wbm_cyc_o_reg | CK ^ -> Q ^ | DFFQX4 | 0.316 |   0.316 |    3.086 | 
     | core/g489          | A ^ -> Y ^  | BUFX8  | 0.308 |   0.625 |    3.395 | 
     |                    | wbm_cyc_o ^ |        | 0.085 |   0.710 |    3.480 | 
     +------------------------------------------------------------------------+ 
Path 3: MET Late External Delay Assertion 
Endpoint:   trap                          (v) checked with  leading edge of 
'clk'
Beginpoint: core/picorv32_core_trap_reg/Q (v) triggered by  leading edge of 
'clk'
Path Groups: {reg2out}
Analysis View: analysis1
Other End Arrival Time          0.000
- External Delay                0.500
+ Phase Shift                   4.000
- Uncertainty                   0.020
= Required Time                 3.480
- Arrival Time                  0.460
= Slack Time                    3.020
     Clock Rise Edge                 0.000
     + Clock Network Latency (Prop)  0.000
     = Beginpoint Arrival Time       0.000
     +----------------------------------------------------------------------------------+ 
     |          Instance           |     Arc     |  Cell   | Delay | Arrival | Required | 
     |                             |             |         |       |  Time   |   Time   | 
     |-----------------------------+-------------+---------+-------+---------+----------| 
     | core/picorv32_core_trap_reg | CK ^        |         |       |   0.000 |    3.020 | 
     | core/picorv32_core_trap_reg | CK ^ -> Q v | DFFHQX8 | 0.460 |   0.460 |    3.480 | 
     |                             | trap v      |         | 0.000 |   0.460 |    3.480 | 
     +----------------------------------------------------------------------------------+ 
Path 4: MET Late External Delay Assertion 
Endpoint:   pcpi_rs1[1]                         (v) checked with  leading edge 
of 'clk'
Beginpoint: core/picorv32_core_reg_op1_reg[1]/Q (v) triggered by  leading edge 
of 'clk'
Path Groups: {reg2out}
Analysis View: analysis1
Other End Arrival Time          0.000
- External Delay                0.500
+ Phase Shift                   4.000
- Uncertainty                   0.020
= Required Time                 3.480
- Arrival Time                  0.447
= Slack Time                    3.033
     Clock Rise Edge                 0.000
     + Clock Network Latency (Prop)  0.000
     = Beginpoint Arrival Time       0.000
     +----------------------------------------------------------------------------------------+ 
     |             Instance              |      Arc      |  Cell | Delay | Arrival | Required | 
     |                                   |               |       |       |  Time   |   Time   | 
     |-----------------------------------+---------------+-------+-------+---------+----------| 
     | core/picorv32_core_reg_op1_reg[1] | CK ^          |       |       |   0.000 |    3.033 | 
     | core/picorv32_core_reg_op1_reg[1] | CK ^ -> Q v   | DFFX1 | 0.128 |   0.128 |    3.161 | 
     | core/picorv32_core_g82368         | A v -> Y v    | BUFX8 | 0.221 |   0.349 |    3.382 | 
     |                                   | pcpi_rs1[1] v |       | 0.098 |   0.447 |    3.480 | 
     +----------------------------------------------------------------------------------------+ 
Path 5: MET Late External Delay Assertion 
Endpoint:   pcpi_rs1[16]                         (v) checked with  leading edge 
of 'clk'
Beginpoint: core/picorv32_core_reg_op1_reg[16]/Q (v) triggered by  leading edge 
of 'clk'
Path Groups: {reg2out}
Analysis View: analysis1
Other End Arrival Time          0.000
- External Delay                0.500
+ Phase Shift                   4.000
- Uncertainty                   0.020
= Required Time                 3.480
- Arrival Time                  0.443
= Slack Time                    3.037
     Clock Rise Edge                 0.000
     + Clock Network Latency (Prop)  0.000
     = Beginpoint Arrival Time       0.000
     +------------------------------------------------------------------------------------------------------+ 
     |                    Instance                    |      Arc       |  Cell | Delay | Arrival | Required | 
     |                                                |                |       |       |  Time   |   Time   | 
     |------------------------------------------------+----------------+-------+-------+---------+----------| 
     | core/picorv32_core_reg_op1_reg[16]             | CK ^           |       |       |   0.000 |    3.037 | 
     | core/picorv32_core_reg_op1_reg[16]             | CK ^ -> Q v    | DFFX1 | 0.073 |   0.073 |    3.110 | 
     | core/FE_OFC252_picorv32_core_reg_op1_16__10539 | A v -> Y v     | BUFX2 | 0.104 |   0.177 |    3.213 | 
     | core/picorv32_core_g82361                      | A v -> Y v     | BUFX8 | 0.201 |   0.378 |    3.415 | 
     |                                                | pcpi_rs1[16] v |       | 0.065 |   0.443 |    3.480 | 
     +------------------------------------------------------------------------------------------------------+ 
Path 6: MET Late External Delay Assertion 
Endpoint:   pcpi_rs1[17]                         (v) checked with  leading edge 
of 'clk'
Beginpoint: core/picorv32_core_reg_op1_reg[17]/Q (v) triggered by  leading edge 
of 'clk'
Path Groups: {reg2out}
Analysis View: analysis1
Other End Arrival Time          0.000
- External Delay                0.500
+ Phase Shift                   4.000
- Uncertainty                   0.020
= Required Time                 3.480
- Arrival Time                  0.435
= Slack Time                    3.045
     Clock Rise Edge                 0.000
     + Clock Network Latency (Prop)  0.000
     = Beginpoint Arrival Time       0.000
     +------------------------------------------------------------------------------------------------------+ 
     |                    Instance                    |      Arc       |  Cell | Delay | Arrival | Required | 
     |                                                |                |       |       |  Time   |   Time   | 
     |------------------------------------------------+----------------+-------+-------+---------+----------| 
     | core/picorv32_core_reg_op1_reg[17]             | CK ^           |       |       |   0.000 |    3.045 | 
     | core/picorv32_core_reg_op1_reg[17]             | CK ^ -> Q v    | DFFX1 | 0.069 |   0.069 |    3.114 | 
     | core/FE_OFC253_picorv32_core_reg_op1_17__10540 | A v -> Y v     | BUFX2 | 0.098 |   0.167 |    3.211 | 
     | core/picorv32_core_g82360                      | A v -> Y v     | BUFX8 | 0.202 |   0.369 |    3.413 | 
     |                                                | pcpi_rs1[17] v |       | 0.067 |   0.435 |    3.480 | 
     +------------------------------------------------------------------------------------------------------+ 
Path 7: MET Late External Delay Assertion 
Endpoint:   pcpi_rs1[2]                         (v) checked with  leading edge 
of 'clk'
Beginpoint: core/picorv32_core_reg_op1_reg[2]/Q (v) triggered by  leading edge 
of 'clk'
Path Groups: {reg2out}
Analysis View: analysis1
Other End Arrival Time          0.000
- External Delay                0.500
+ Phase Shift                   4.000
- Uncertainty                   0.020
= Required Time                 3.480
- Arrival Time                  0.434
= Slack Time                    3.046
     Clock Rise Edge                 0.000
     + Clock Network Latency (Prop)  0.000
     = Beginpoint Arrival Time       0.000
     +----------------------------------------------------------------------------------------+ 
     |             Instance              |      Arc      |  Cell | Delay | Arrival | Required | 
     |                                   |               |       |       |  Time   |   Time   | 
     |-----------------------------------+---------------+-------+-------+---------+----------| 
     | core/picorv32_core_reg_op1_reg[2] | CK ^          |       |       |   0.000 |    3.046 | 
     | core/picorv32_core_reg_op1_reg[2] | CK ^ -> Q v   | DFFX1 | 0.119 |   0.119 |    3.165 | 
     | core/picorv32_core_g82367         | A v -> Y v    | BUFX8 | 0.219 |   0.338 |    3.384 | 
     |                                   | pcpi_rs1[2] v |       | 0.097 |   0.434 |    3.480 | 
     +----------------------------------------------------------------------------------------+ 
Path 8: MET Late External Delay Assertion 
Endpoint:   pcpi_rs1[0]                         (v) checked with  leading edge 
of 'clk'
Beginpoint: core/picorv32_core_reg_op1_reg[0]/Q (v) triggered by  leading edge 
of 'clk'
Path Groups: {reg2out}
Analysis View: analysis1
Other End Arrival Time          0.000
- External Delay                0.500
+ Phase Shift                   4.000
- Uncertainty                   0.020
= Required Time                 3.480
- Arrival Time                  0.423
= Slack Time                    3.057
     Clock Rise Edge                 0.000
     + Clock Network Latency (Prop)  0.000
     = Beginpoint Arrival Time       0.000
     +----------------------------------------------------------------------------------------+ 
     |             Instance              |      Arc      |  Cell | Delay | Arrival | Required | 
     |                                   |               |       |       |  Time   |   Time   | 
     |-----------------------------------+---------------+-------+-------+---------+----------| 
     | core/picorv32_core_reg_op1_reg[0] | CK ^          |       |       |   0.000 |    3.057 | 
     | core/picorv32_core_reg_op1_reg[0] | CK ^ -> Q v   | DFFX1 | 0.102 |   0.102 |    3.159 | 
     | core/picorv32_core_g82395         | A v -> Y v    | BUFX8 | 0.217 |   0.318 |    3.375 | 
     |                                   | pcpi_rs1[0] v |       | 0.104 |   0.423 |    3.480 | 
     +----------------------------------------------------------------------------------------+ 
Path 9: MET Late External Delay Assertion 
Endpoint:   pcpi_rs1[3]                         (v) checked with  leading edge 
of 'clk'
Beginpoint: core/picorv32_core_reg_op1_reg[3]/Q (v) triggered by  leading edge 
of 'clk'
Path Groups: {reg2out}
Analysis View: analysis1
Other End Arrival Time          0.000
- External Delay                0.500
+ Phase Shift                   4.000
- Uncertainty                   0.020
= Required Time                 3.480
- Arrival Time                  0.419
= Slack Time                    3.061
     Clock Rise Edge                 0.000
     + Clock Network Latency (Prop)  0.000
     = Beginpoint Arrival Time       0.000
     +----------------------------------------------------------------------------------------+ 
     |             Instance              |      Arc      |  Cell | Delay | Arrival | Required | 
     |                                   |               |       |       |  Time   |   Time   | 
     |-----------------------------------+---------------+-------+-------+---------+----------| 
     | core/picorv32_core_reg_op1_reg[3] | CK ^          |       |       |   0.000 |    3.061 | 
     | core/picorv32_core_reg_op1_reg[3] | CK ^ -> Q v   | DFFX1 | 0.112 |   0.112 |    3.174 | 
     | core/picorv32_core_g82397         | A v -> Y v    | BUFX8 | 0.214 |   0.327 |    3.388 | 
     |                                   | pcpi_rs1[3] v |       | 0.092 |   0.419 |    3.480 | 
     +----------------------------------------------------------------------------------------+ 
Path 10: MET Late External Delay Assertion 
Endpoint:   pcpi_rs1[4]                         (v) checked with  leading edge 
of 'clk'
Beginpoint: core/picorv32_core_reg_op1_reg[4]/Q (v) triggered by  leading edge 
of 'clk'
Path Groups: {reg2out}
Analysis View: analysis1
Other End Arrival Time          0.000
- External Delay                0.500
+ Phase Shift                   4.000
- Uncertainty                   0.020
= Required Time                 3.480
- Arrival Time                  0.416
= Slack Time                    3.064
     Clock Rise Edge                 0.000
     + Clock Network Latency (Prop)  0.000
     = Beginpoint Arrival Time       0.000
     +----------------------------------------------------------------------------------------+ 
     |             Instance              |      Arc      |  Cell | Delay | Arrival | Required | 
     |                                   |               |       |       |  Time   |   Time   | 
     |-----------------------------------+---------------+-------+-------+---------+----------| 
     | core/picorv32_core_reg_op1_reg[4] | CK ^          |       |       |   0.000 |    3.064 | 
     | core/picorv32_core_reg_op1_reg[4] | CK ^ -> Q v   | DFFX1 | 0.113 |   0.113 |    3.178 | 
     | core/picorv32_core_g82366         | A v -> Y v    | BUFX8 | 0.214 |   0.327 |    3.391 | 
     |                                   | pcpi_rs1[4] v |       | 0.089 |   0.416 |    3.480 | 
     +----------------------------------------------------------------------------------------+ 
Path 11: MET Late External Delay Assertion 
Endpoint:   pcpi_rs1[18]                         (v) checked with  leading edge 
of 'clk'
Beginpoint: core/picorv32_core_reg_op1_reg[18]/Q (v) triggered by  leading edge 
of 'clk'
Path Groups: {reg2out}
Analysis View: analysis1
Other End Arrival Time          0.000
- External Delay                0.500
+ Phase Shift                   4.000
- Uncertainty                   0.020
= Required Time                 3.480
- Arrival Time                  0.415
= Slack Time                    3.065
     Clock Rise Edge                 0.000
     + Clock Network Latency (Prop)  0.000
     = Beginpoint Arrival Time       0.000
     +------------------------------------------------------------------------------------------------------+ 
     |                    Instance                    |      Arc       |  Cell | Delay | Arrival | Required | 
     |                                                |                |       |       |  Time   |   Time   | 
     |------------------------------------------------+----------------+-------+-------+---------+----------| 
     | core/picorv32_core_reg_op1_reg[18]             | CK ^           |       |       |   0.000 |    3.065 | 
     | core/picorv32_core_reg_op1_reg[18]             | CK ^ -> Q v    | DFFX1 | 0.041 |   0.040 |    3.105 | 
     | core/FE_OFC254_picorv32_core_reg_op1_18__10541 | A v -> Y v     | BUFX2 | 0.108 |   0.148 |    3.213 | 
     | core/picorv32_core_g82359                      | A v -> Y v     | BUFX8 | 0.202 |   0.350 |    3.415 | 
     |                                                | pcpi_rs1[18] v |       | 0.065 |   0.415 |    3.480 | 
     +------------------------------------------------------------------------------------------------------+ 
Path 12: MET Late External Delay Assertion 
Endpoint:   pcpi_rs1[7]                         (v) checked with  leading edge 
of 'clk'
Beginpoint: core/picorv32_core_reg_op1_reg[7]/Q (v) triggered by  leading edge 
of 'clk'
Path Groups: {reg2out}
Analysis View: analysis1
Other End Arrival Time          0.000
- External Delay                0.500
+ Phase Shift                   4.000
- Uncertainty                   0.020
= Required Time                 3.480
- Arrival Time                  0.413
= Slack Time                    3.067
     Clock Rise Edge                 0.000
     + Clock Network Latency (Prop)  0.000
     = Beginpoint Arrival Time       0.000
     +----------------------------------------------------------------------------------------+ 
     |             Instance              |      Arc      |  Cell | Delay | Arrival | Required | 
     |                                   |               |       |       |  Time   |   Time   | 
     |-----------------------------------+---------------+-------+-------+---------+----------| 
     | core/picorv32_core_reg_op1_reg[7] | CK ^          |       |       |   0.000 |    3.067 | 
     | core/picorv32_core_reg_op1_reg[7] | CK ^ -> Q v   | DFFX1 | 0.124 |   0.124 |    3.191 | 
     | core/picorv32_core_g82370         | A v -> Y v    | BUFX8 | 0.213 |   0.337 |    3.404 | 
     |                                   | pcpi_rs1[7] v |       | 0.076 |   0.413 |    3.480 | 
     +----------------------------------------------------------------------------------------+ 
Path 13: MET Late External Delay Assertion 
Endpoint:   pcpi_rs1[6]                         (v) checked with  leading edge 
of 'clk'
Beginpoint: core/picorv32_core_reg_op1_reg[6]/Q (v) triggered by  leading edge 
of 'clk'
Path Groups: {reg2out}
Analysis View: analysis1
Other End Arrival Time          0.000
- External Delay                0.500
+ Phase Shift                   4.000
- Uncertainty                   0.020
= Required Time                 3.480
- Arrival Time                  0.411
= Slack Time                    3.069
     Clock Rise Edge                 0.000
     + Clock Network Latency (Prop)  0.000
     = Beginpoint Arrival Time       0.000
     +----------------------------------------------------------------------------------------+ 
     |             Instance              |      Arc      |  Cell | Delay | Arrival | Required | 
     |                                   |               |       |       |  Time   |   Time   | 
     |-----------------------------------+---------------+-------+-------+---------+----------| 
     | core/picorv32_core_reg_op1_reg[6] | CK ^          |       |       |   0.000 |    3.069 | 
     | core/picorv32_core_reg_op1_reg[6] | CK ^ -> Q v   | DFFX1 | 0.114 |   0.114 |    3.182 | 
     | core/picorv32_core_g82371         | A v -> Y v    | BUFX8 | 0.216 |   0.330 |    3.398 | 
     |                                   | pcpi_rs1[6] v |       | 0.082 |   0.411 |    3.480 | 
     +----------------------------------------------------------------------------------------+ 
Path 14: MET Late External Delay Assertion 
Endpoint:   pcpi_rs1[5]                         (v) checked with  leading edge 
of 'clk'
Beginpoint: core/picorv32_core_reg_op1_reg[5]/Q (v) triggered by  leading edge 
of 'clk'
Path Groups: {reg2out}
Analysis View: analysis1
Other End Arrival Time          0.000
- External Delay                0.500
+ Phase Shift                   4.000
- Uncertainty                   0.020
= Required Time                 3.480
- Arrival Time                  0.410
= Slack Time                    3.070
     Clock Rise Edge                 0.000
     + Clock Network Latency (Prop)  0.000
     = Beginpoint Arrival Time       0.000
     +----------------------------------------------------------------------------------------+ 
     |             Instance              |      Arc      |  Cell | Delay | Arrival | Required | 
     |                                   |               |       |       |  Time   |   Time   | 
     |-----------------------------------+---------------+-------+-------+---------+----------| 
     | core/picorv32_core_reg_op1_reg[5] | CK ^          |       |       |   0.000 |    3.070 | 
     | core/picorv32_core_reg_op1_reg[5] | CK ^ -> Q v   | DFFX1 | 0.113 |   0.113 |    3.183 | 
     | core/picorv32_core_g82372         | A v -> Y v    | BUFX8 | 0.213 |   0.326 |    3.396 | 
     |                                   | pcpi_rs1[5] v |       | 0.084 |   0.410 |    3.480 | 
     +----------------------------------------------------------------------------------------+ 
Path 15: MET Late External Delay Assertion 
Endpoint:   pcpi_rs1[19]                         (v) checked with  leading edge 
of 'clk'
Beginpoint: core/picorv32_core_reg_op1_reg[19]/Q (v) triggered by  leading edge 
of 'clk'
Path Groups: {reg2out}
Analysis View: analysis1
Other End Arrival Time          0.000
- External Delay                0.500
+ Phase Shift                   4.000
- Uncertainty                   0.020
= Required Time                 3.480
- Arrival Time                  0.410
= Slack Time                    3.070
     Clock Rise Edge                 0.000
     + Clock Network Latency (Prop)  0.000
     = Beginpoint Arrival Time       0.000
     +------------------------------------------------------------------------------------------------------+ 
     |                    Instance                    |      Arc       |  Cell | Delay | Arrival | Required | 
     |                                                |                |       |       |  Time   |   Time   | 
     |------------------------------------------------+----------------+-------+-------+---------+----------| 
     | core/picorv32_core_reg_op1_reg[19]             | CK ^           |       |       |   0.000 |    3.070 | 
     | core/picorv32_core_reg_op1_reg[19]             | CK ^ -> Q v    | DFFX1 | 0.042 |   0.042 |    3.112 | 
     | core/FE_OFC255_picorv32_core_reg_op1_19__10542 | A v -> Y v     | BUFX2 | 0.100 |   0.142 |    3.213 | 
     | core/picorv32_core_g82358                      | A v -> Y v     | BUFX8 | 0.197 |   0.339 |    3.409 | 
     |                                                | pcpi_rs1[19] v |       | 0.071 |   0.410 |    3.480 | 
     +------------------------------------------------------------------------------------------------------+ 
Path 16: MET Late External Delay Assertion 
Endpoint:   pcpi_rs1[9]                         (v) checked with  leading edge 
of 'clk'
Beginpoint: core/picorv32_core_reg_op1_reg[9]/Q (v) triggered by  leading edge 
of 'clk'
Path Groups: {reg2out}
Analysis View: analysis1
Other End Arrival Time          0.000
- External Delay                0.500
+ Phase Shift                   4.000
- Uncertainty                   0.020
= Required Time                 3.480
- Arrival Time                  0.405
= Slack Time                    3.075
     Clock Rise Edge                 0.000
     + Clock Network Latency (Prop)  0.000
     = Beginpoint Arrival Time       0.000
     +----------------------------------------------------------------------------------------+ 
     |             Instance              |      Arc      |  Cell | Delay | Arrival | Required | 
     |                                   |               |       |       |  Time   |   Time   | 
     |-----------------------------------+---------------+-------+-------+---------+----------| 
     | core/picorv32_core_reg_op1_reg[9] | CK ^          |       |       |   0.000 |    3.074 | 
     | core/picorv32_core_reg_op1_reg[9] | CK ^ -> Q v   | DFFX1 | 0.124 |   0.124 |    3.199 | 
     | core/picorv32_core_g82362         | A v -> Y v    | BUFX8 | 0.210 |   0.334 |    3.409 | 
     |                                   | pcpi_rs1[9] v |       | 0.071 |   0.405 |    3.480 | 
     +----------------------------------------------------------------------------------------+ 
Path 17: MET Late External Delay Assertion 
Endpoint:   pcpi_rs1[10]                         (v) checked with  leading edge 
of 'clk'
Beginpoint: core/picorv32_core_reg_op1_reg[10]/Q (v) triggered by  leading edge 
of 'clk'
Path Groups: {reg2out}
Analysis View: analysis1
Other End Arrival Time          0.000
- External Delay                0.500
+ Phase Shift                   4.000
- Uncertainty                   0.020
= Required Time                 3.480
- Arrival Time                  0.405
= Slack Time                    3.075
     Clock Rise Edge                 0.000
     + Clock Network Latency (Prop)  0.000
     = Beginpoint Arrival Time       0.000
     +------------------------------------------------------------------------------------------+ 
     |              Instance              |      Arc       |  Cell | Delay | Arrival | Required | 
     |                                    |                |       |       |  Time   |   Time   | 
     |------------------------------------+----------------+-------+-------+---------+----------| 
     | core/picorv32_core_reg_op1_reg[10] | CK ^           |       |       |   0.000 |    3.075 | 
     | core/picorv32_core_reg_op1_reg[10] | CK ^ -> Q v    | DFFX1 | 0.127 |   0.127 |    3.202 | 
     | core/picorv32_core_g82394          | A v -> Y v     | BUFX8 | 0.210 |   0.338 |    3.412 | 
     |                                    | pcpi_rs1[10] v |       | 0.067 |   0.405 |    3.480 | 
     +------------------------------------------------------------------------------------------+ 
Path 18: MET Late External Delay Assertion 
Endpoint:   pcpi_rs1[8]                         (v) checked with  leading edge 
of 'clk'
Beginpoint: core/picorv32_core_reg_op1_reg[8]/Q (v) triggered by  leading edge 
of 'clk'
Path Groups: {reg2out}
Analysis View: analysis1
Other End Arrival Time          0.000
- External Delay                0.500
+ Phase Shift                   4.000
- Uncertainty                   0.020
= Required Time                 3.480
- Arrival Time                  0.401
= Slack Time                    3.079
     Clock Rise Edge                 0.000
     + Clock Network Latency (Prop)  0.000
     = Beginpoint Arrival Time       0.000
     +----------------------------------------------------------------------------------------+ 
     |             Instance              |      Arc      |  Cell | Delay | Arrival | Required | 
     |                                   |               |       |       |  Time   |   Time   | 
     |-----------------------------------+---------------+-------+-------+---------+----------| 
     | core/picorv32_core_reg_op1_reg[8] | CK ^          |       |       |   0.000 |    3.079 | 
     | core/picorv32_core_reg_op1_reg[8] | CK ^ -> Q v   | DFFX1 | 0.114 |   0.114 |    3.194 | 
     | core/picorv32_core_g82398         | A v -> Y v    | BUFX8 | 0.209 |   0.324 |    3.403 | 
     |                                   | pcpi_rs1[8] v |       | 0.077 |   0.401 |    3.480 | 
     +----------------------------------------------------------------------------------------+ 
Path 19: MET Late External Delay Assertion 
Endpoint:   pcpi_rs1[20]                         (v) checked with  leading edge 
of 'clk'
Beginpoint: core/picorv32_core_reg_op1_reg[20]/Q (v) triggered by  leading edge 
of 'clk'
Path Groups: {reg2out}
Analysis View: analysis1
Other End Arrival Time          0.000
- External Delay                0.500
+ Phase Shift                   4.000
- Uncertainty                   0.020
= Required Time                 3.480
- Arrival Time                  0.396
= Slack Time                    3.084
     Clock Rise Edge                 0.000
     + Clock Network Latency (Prop)  0.000
     = Beginpoint Arrival Time       0.000
     +------------------------------------------------------------------------------------------------------+ 
     |                    Instance                    |      Arc       |  Cell | Delay | Arrival | Required | 
     |                                                |                |       |       |  Time   |   Time   | 
     |------------------------------------------------+----------------+-------+-------+---------+----------| 
     | core/picorv32_core_reg_op1_reg[20]             | CK ^           |       |       |   0.000 |    3.084 | 
     | core/picorv32_core_reg_op1_reg[20]             | CK ^ -> Q v    | DFFX1 | 0.042 |   0.042 |    3.126 | 
     | core/FE_OFC256_picorv32_core_reg_op1_20__10543 | A v -> Y v     | BUFX2 | 0.091 |   0.133 |    3.217 | 
     | core/picorv32_core_g82357                      | A v -> Y v     | BUFX8 | 0.198 |   0.330 |    3.415 | 
     |                                                | pcpi_rs1[20] v |       | 0.065 |   0.396 |    3.480 | 
     +------------------------------------------------------------------------------------------------------+ 
Path 20: MET Late External Delay Assertion 
Endpoint:   pcpi_rs1[12]                         (v) checked with  leading edge 
of 'clk'
Beginpoint: core/picorv32_core_reg_op1_reg[12]/Q (v) triggered by  leading edge 
of 'clk'
Path Groups: {reg2out}
Analysis View: analysis1
Other End Arrival Time          0.000
- External Delay                0.500
+ Phase Shift                   4.000
- Uncertainty                   0.020
= Required Time                 3.480
- Arrival Time                  0.391
= Slack Time                    3.089
     Clock Rise Edge                 0.000
     + Clock Network Latency (Prop)  0.000
     = Beginpoint Arrival Time       0.000
     +------------------------------------------------------------------------------------------+ 
     |              Instance              |      Arc       |  Cell | Delay | Arrival | Required | 
     |                                    |                |       |       |  Time   |   Time   | 
     |------------------------------------+----------------+-------+-------+---------+----------| 
     | core/picorv32_core_reg_op1_reg[12] | CK ^           |       |       |   0.000 |    3.089 | 
     | core/picorv32_core_reg_op1_reg[12] | CK ^ -> Q v    | DFFX1 | 0.120 |   0.120 |    3.208 | 
     | core/picorv32_core_g82396          | A v -> Y v     | BUFX8 | 0.206 |   0.326 |    3.415 | 
     |                                    | pcpi_rs1[12] v |       | 0.065 |   0.391 |    3.480 | 
     +------------------------------------------------------------------------------------------+ 
Path 21: MET Late External Delay Assertion 
Endpoint:   pcpi_rs1[11]                         (v) checked with  leading edge 
of 'clk'
Beginpoint: core/picorv32_core_reg_op1_reg[11]/Q (v) triggered by  leading edge 
of 'clk'
Path Groups: {reg2out}
Analysis View: analysis1
Other End Arrival Time          0.000
- External Delay                0.500
+ Phase Shift                   4.000
- Uncertainty                   0.020
= Required Time                 3.480
- Arrival Time                  0.391
= Slack Time                    3.089
     Clock Rise Edge                 0.000
     + Clock Network Latency (Prop)  0.000
     = Beginpoint Arrival Time       0.000
     +------------------------------------------------------------------------------------------+ 
     |              Instance              |      Arc       |  Cell | Delay | Arrival | Required | 
     |                                    |                |       |       |  Time   |   Time   | 
     |------------------------------------+----------------+-------+-------+---------+----------| 
     | core/picorv32_core_reg_op1_reg[11] | CK ^           |       |       |   0.000 |    3.089 | 
     | core/picorv32_core_reg_op1_reg[11] | CK ^ -> Q v    | DFFX1 | 0.119 |   0.120 |    3.209 | 
     | core/picorv32_core_g82369          | A v -> Y v     | BUFX8 | 0.207 |   0.327 |    3.416 | 
     |                                    | pcpi_rs1[11] v |       | 0.064 |   0.391 |    3.480 | 
     +------------------------------------------------------------------------------------------+ 
Path 22: MET Late External Delay Assertion 
Endpoint:   pcpi_rs1[21]                         (v) checked with  leading edge 
of 'clk'
Beginpoint: core/picorv32_core_reg_op1_reg[21]/Q (v) triggered by  leading edge 
of 'clk'
Path Groups: {reg2out}
Analysis View: analysis1
Other End Arrival Time          0.000
- External Delay                0.500
+ Phase Shift                   4.000
- Uncertainty                   0.020
= Required Time                 3.480
- Arrival Time                  0.383
= Slack Time                    3.097
     Clock Rise Edge                 0.000
     + Clock Network Latency (Prop)  0.000
     = Beginpoint Arrival Time       0.000
     +------------------------------------------------------------------------------------------------------+ 
     |                    Instance                    |      Arc       |  Cell | Delay | Arrival | Required | 
     |                                                |                |       |       |  Time   |   Time   | 
     |------------------------------------------------+----------------+-------+-------+---------+----------| 
     | core/picorv32_core_reg_op1_reg[21]             | CK ^           |       |       |   0.000 |    3.097 | 
     | core/picorv32_core_reg_op1_reg[21]             | CK ^ -> Q v    | DFFX1 | 0.041 |   0.041 |    3.138 | 
     | core/FE_OFC257_picorv32_core_reg_op1_21__10544 | A v -> Y v     | BUFX2 | 0.084 |   0.125 |    3.222 | 
     | core/picorv32_core_g82356                      | A v -> Y v     | BUFX8 | 0.193 |   0.318 |    3.415 | 
     |                                                | pcpi_rs1[21] v |       | 0.065 |   0.383 |    3.480 | 
     +------------------------------------------------------------------------------------------------------+ 
Path 23: MET Late External Delay Assertion 
Endpoint:   pcpi_rs1[13]                         (v) checked with  leading edge 
of 'clk'
Beginpoint: core/picorv32_core_reg_op1_reg[13]/Q (v) triggered by  leading edge 
of 'clk'
Path Groups: {reg2out}
Analysis View: analysis1
Other End Arrival Time          0.000
- External Delay                0.500
+ Phase Shift                   4.000
- Uncertainty                   0.020
= Required Time                 3.480
- Arrival Time                  0.382
= Slack Time                    3.098
     Clock Rise Edge                 0.000
     + Clock Network Latency (Prop)  0.000
     = Beginpoint Arrival Time       0.000
     +------------------------------------------------------------------------------------------+ 
     |              Instance              |      Arc       |  Cell | Delay | Arrival | Required | 
     |                                    |                |       |       |  Time   |   Time   | 
     |------------------------------------+----------------+-------+-------+---------+----------| 
     | core/picorv32_core_reg_op1_reg[13] | CK ^           |       |       |   0.000 |    3.098 | 
     | core/picorv32_core_reg_op1_reg[13] | CK ^ -> Q v    | DFFX1 | 0.121 |   0.121 |    3.218 | 
     | core/picorv32_core_g82365          | A v -> Y v     | BUFX8 | 0.205 |   0.325 |    3.423 | 
     |                                    | pcpi_rs1[13] v |       | 0.057 |   0.382 |    3.480 | 
     +------------------------------------------------------------------------------------------+ 
Path 24: MET Late External Delay Assertion 
Endpoint:   pcpi_rs2[0]                         (v) checked with  leading edge 
of 'clk'
Beginpoint: core/picorv32_core_reg_op2_reg[0]/Q (v) triggered by  leading edge 
of 'clk'
Path Groups: {reg2out}
Analysis View: analysis1
Other End Arrival Time          0.000
- External Delay                0.500
+ Phase Shift                   4.000
- Uncertainty                   0.020
= Required Time                 3.480
- Arrival Time                  0.382
= Slack Time                    3.098
     Clock Rise Edge                 0.000
     + Clock Network Latency (Prop)  0.000
     = Beginpoint Arrival Time       0.000
     +----------------------------------------------------------------------------------------+ 
     |             Instance              |      Arc      |  Cell | Delay | Arrival | Required | 
     |                                   |               |       |       |  Time   |   Time   | 
     |-----------------------------------+---------------+-------+-------+---------+----------| 
     | core/picorv32_core_reg_op2_reg[0] | CK ^          |       |       |   0.000 |    3.098 | 
     | core/picorv32_core_reg_op2_reg[0] | CK ^ -> Q v   | DFFX1 | 0.118 |   0.118 |    3.216 | 
     | core/picorv32_core_g82386         | A v -> Y v    | BUFX8 | 0.198 |   0.316 |    3.414 | 
     |                                   | pcpi_rs2[0] v |       | 0.066 |   0.382 |    3.480 | 
     +----------------------------------------------------------------------------------------+ 
Path 25: MET Late External Delay Assertion 
Endpoint:   pcpi_rs1[14]                         (v) checked with  leading edge 
of 'clk'
Beginpoint: core/picorv32_core_reg_op1_reg[14]/Q (v) triggered by  leading edge 
of 'clk'
Path Groups: {reg2out}
Analysis View: analysis1
Other End Arrival Time          0.000
- External Delay                0.500
+ Phase Shift                   4.000
- Uncertainty                   0.020
= Required Time                 3.480
- Arrival Time                  0.370
= Slack Time                    3.110
     Clock Rise Edge                 0.000
     + Clock Network Latency (Prop)  0.000
     = Beginpoint Arrival Time       0.000
     +------------------------------------------------------------------------------------------+ 
     |              Instance              |      Arc       |  Cell | Delay | Arrival | Required | 
     |                                    |                |       |       |  Time   |   Time   | 
     |------------------------------------+----------------+-------+-------+---------+----------| 
     | core/picorv32_core_reg_op1_reg[14] | CK ^           |       |       |   0.000 |    3.110 | 
     | core/picorv32_core_reg_op1_reg[14] | CK ^ -> Q v    | DFFX1 | 0.115 |   0.115 |    3.225 | 
     | core/picorv32_core_g82364          | A v -> Y v     | BUFX8 | 0.202 |   0.316 |    3.427 | 
     |                                    | pcpi_rs1[14] v |       | 0.053 |   0.370 |    3.480 | 
     +------------------------------------------------------------------------------------------+ 
Path 26: MET Late External Delay Assertion 
Endpoint:   pcpi_rs1[15]                         (v) checked with  leading edge 
of 'clk'
Beginpoint: core/picorv32_core_reg_op1_reg[15]/Q (v) triggered by  leading edge 
of 'clk'
Path Groups: {reg2out}
Analysis View: analysis1
Other End Arrival Time          0.000
- External Delay                0.500
+ Phase Shift                   4.000
- Uncertainty                   0.020
= Required Time                 3.480
- Arrival Time                  0.368
= Slack Time                    3.112
     Clock Rise Edge                 0.000
     + Clock Network Latency (Prop)  0.000
     = Beginpoint Arrival Time       0.000
     +------------------------------------------------------------------------------------------+ 
     |              Instance              |      Arc       |  Cell | Delay | Arrival | Required | 
     |                                    |                |       |       |  Time   |   Time   | 
     |------------------------------------+----------------+-------+-------+---------+----------| 
     | core/picorv32_core_reg_op1_reg[15] | CK ^           |       |       |   0.000 |    3.112 | 
     | core/picorv32_core_reg_op1_reg[15] | CK ^ -> Q v    | DFFX1 | 0.116 |   0.116 |    3.228 | 
     | core/picorv32_core_g82363          | A v -> Y v     | BUFX8 | 0.201 |   0.317 |    3.429 | 
     |                                    | pcpi_rs1[15] v |       | 0.051 |   0.368 |    3.480 | 
     +------------------------------------------------------------------------------------------+ 
Path 27: MET Late External Delay Assertion 
Endpoint:   wbm_we_o            (v) checked with  leading edge of 'clk'
Beginpoint: core/wbm_we_o_reg/Q (v) triggered by  leading edge of 'clk'
Path Groups: {reg2out}
Analysis View: analysis1
Other End Arrival Time          0.000
- External Delay                0.500
+ Phase Shift                   4.000
- Uncertainty                   0.020
= Required Time                 3.480
- Arrival Time                  0.364
= Slack Time                    3.116
     Clock Rise Edge                 0.000
     + Clock Network Latency (Prop)  0.000
     = Beginpoint Arrival Time       0.000
     +-----------------------------------------------------------------------+ 
     |     Instance      |     Arc     |  Cell  | Delay | Arrival | Required | 
     |                   |             |        |       |  Time   |   Time   | 
     |-------------------+-------------+--------+-------+---------+----------| 
     | core/wbm_we_o_reg | CK ^        |        |       |   0.000 |    3.116 | 
     | core/wbm_we_o_reg | CK ^ -> Q v | DFFQX4 | 0.326 |   0.326 |    3.443 | 
     |                   | wbm_we_o v  |        | 0.037 |   0.364 |    3.480 | 
     +-----------------------------------------------------------------------+ 
Path 28: MET Late External Delay Assertion 
Endpoint:   pcpi_insn[29]                          (v) checked with  leading 
edge of 'clk'
Beginpoint: core/picorv32_core_pcpi_insn_reg[29]/Q (v) triggered by  leading 
edge of 'clk'
Path Groups: {reg2out}
Analysis View: analysis1
Other End Arrival Time          0.000
- External Delay                0.500
+ Phase Shift                   4.000
- Uncertainty                   0.020
= Required Time                 3.480
- Arrival Time                  0.363
= Slack Time                    3.117
     Clock Rise Edge                 0.000
     + Clock Network Latency (Prop)  0.000
     = Beginpoint Arrival Time       0.000
     +------------------------------------------------------------------------------------------------+ 
     |               Instance               |       Arc       |   Cell   | Delay | Arrival | Required | 
     |                                      |                 |          |       |  Time   |   Time   | 
     |--------------------------------------+-----------------+----------+-------+---------+----------| 
     | core/picorv32_core_pcpi_insn_reg[29] | CK ^            |          |       |   0.000 |    3.117 | 
     | core/picorv32_core_pcpi_insn_reg[29] | CK ^ -> Q v     | EDFFHQX8 | 0.226 |   0.226 |    3.343 | 
     |                                      | pcpi_insn[29] v |          | 0.137 |   0.363 |    3.480 | 
     +------------------------------------------------------------------------------------------------+ 
Path 29: MET Late External Delay Assertion 
Endpoint:   wbm_sel_o[0]            (v) checked with  leading edge of 'clk'
Beginpoint: core/wbm_sel_o_reg[0]/Q (v) triggered by  leading edge of 'clk'
Path Groups: {reg2out}
Analysis View: analysis1
Other End Arrival Time          0.000
- External Delay                0.500
+ Phase Shift                   4.000
- Uncertainty                   0.020
= Required Time                 3.480
- Arrival Time                  0.363
= Slack Time                    3.117
     Clock Rise Edge                 0.000
     + Clock Network Latency (Prop)  0.000
     = Beginpoint Arrival Time       0.000
     +------------------------------------------------------------------------------+ 
     |       Instance        |      Arc       |  Cell  | Delay | Arrival | Required | 
     |                       |                |        |       |  Time   |   Time   | 
     |-----------------------+----------------+--------+-------+---------+----------| 
     | core/wbm_sel_o_reg[0] | CK ^           |        |       |   0.000 |    3.117 | 
     | core/wbm_sel_o_reg[0] | CK ^ -> Q v    | DFFQX4 | 0.321 |   0.321 |    3.438 | 
     |                       | wbm_sel_o[0] v |        | 0.042 |   0.363 |    3.480 | 
     +------------------------------------------------------------------------------+ 
Path 30: MET Late External Delay Assertion 
Endpoint:   wbm_sel_o[3]            (v) checked with  leading edge of 'clk'
Beginpoint: core/wbm_sel_o_reg[3]/Q (v) triggered by  leading edge of 'clk'
Path Groups: {reg2out}
Analysis View: analysis1
Other End Arrival Time          0.000
- External Delay                0.500
+ Phase Shift                   4.000
- Uncertainty                   0.020
= Required Time                 3.480
- Arrival Time                  0.363
= Slack Time                    3.117
     Clock Rise Edge                 0.000
     + Clock Network Latency (Prop)  0.000
     = Beginpoint Arrival Time       0.000
     +------------------------------------------------------------------------------+ 
     |       Instance        |      Arc       |  Cell  | Delay | Arrival | Required | 
     |                       |                |        |       |  Time   |   Time   | 
     |-----------------------+----------------+--------+-------+---------+----------| 
     | core/wbm_sel_o_reg[3] | CK ^           |        |       |   0.000 |    3.117 | 
     | core/wbm_sel_o_reg[3] | CK ^ -> Q v    | DFFQX4 | 0.321 |   0.321 |    3.438 | 
     |                       | wbm_sel_o[3] v |        | 0.042 |   0.363 |    3.480 | 
     +------------------------------------------------------------------------------+ 
Path 31: MET Late External Delay Assertion 
Endpoint:   wbm_sel_o[2]            (v) checked with  leading edge of 'clk'
Beginpoint: core/wbm_sel_o_reg[2]/Q (v) triggered by  leading edge of 'clk'
Path Groups: {reg2out}
Analysis View: analysis1
Other End Arrival Time          0.000
- External Delay                0.500
+ Phase Shift                   4.000
- Uncertainty                   0.020
= Required Time                 3.480
- Arrival Time                  0.362
= Slack Time                    3.118
     Clock Rise Edge                 0.000
     + Clock Network Latency (Prop)  0.000
     = Beginpoint Arrival Time       0.000
     +------------------------------------------------------------------------------+ 
     |       Instance        |      Arc       |  Cell  | Delay | Arrival | Required | 
     |                       |                |        |       |  Time   |   Time   | 
     |-----------------------+----------------+--------+-------+---------+----------| 
     | core/wbm_sel_o_reg[2] | CK ^           |        |       |   0.000 |    3.118 | 
     | core/wbm_sel_o_reg[2] | CK ^ -> Q v    | DFFQX4 | 0.320 |   0.320 |    3.439 | 
     |                       | wbm_sel_o[2] v |        | 0.041 |   0.362 |    3.480 | 
     +------------------------------------------------------------------------------+ 
Path 32: MET Late External Delay Assertion 
Endpoint:   wbm_sel_o[1]            (v) checked with  leading edge of 'clk'
Beginpoint: core/wbm_sel_o_reg[1]/Q (v) triggered by  leading edge of 'clk'
Path Groups: {reg2out}
Analysis View: analysis1
Other End Arrival Time          0.000
- External Delay                0.500
+ Phase Shift                   4.000
- Uncertainty                   0.020
= Required Time                 3.480
- Arrival Time                  0.362
= Slack Time                    3.118
     Clock Rise Edge                 0.000
     + Clock Network Latency (Prop)  0.000
     = Beginpoint Arrival Time       0.000
     +------------------------------------------------------------------------------+ 
     |       Instance        |      Arc       |  Cell  | Delay | Arrival | Required | 
     |                       |                |        |       |  Time   |   Time   | 
     |-----------------------+----------------+--------+-------+---------+----------| 
     | core/wbm_sel_o_reg[1] | CK ^           |        |       |   0.000 |    3.118 | 
     | core/wbm_sel_o_reg[1] | CK ^ -> Q v    | DFFQX4 | 0.321 |   0.321 |    3.439 | 
     |                       | wbm_sel_o[1] v |        | 0.041 |   0.362 |    3.480 | 
     +------------------------------------------------------------------------------+ 
Path 33: MET Late External Delay Assertion 
Endpoint:   wbm_stb_o            (v) checked with  leading edge of 'clk'
Beginpoint: core/wbm_cyc_o_reg/Q (v) triggered by  leading edge of 'clk'
Path Groups: {reg2out}
Analysis View: analysis1
Other End Arrival Time          0.000
- External Delay                0.500
+ Phase Shift                   4.000
- Uncertainty                   0.020
= Required Time                 3.480
- Arrival Time                  0.354
= Slack Time                    3.126
     Clock Rise Edge                 0.000
     + Clock Network Latency (Prop)  0.000
     = Beginpoint Arrival Time       0.000
     +------------------------------------------------------------------------+ 
     |      Instance      |     Arc     |  Cell  | Delay | Arrival | Required | 
     |                    |             |        |       |  Time   |   Time   | 
     |--------------------+-------------+--------+-------+---------+----------| 
     | core/wbm_cyc_o_reg | CK ^        |        |       |   0.000 |    3.126 | 
     | core/wbm_cyc_o_reg | CK ^ -> Q v | DFFQX4 | 0.327 |   0.327 |    3.454 | 
     |                    | wbm_stb_o v |        | 0.026 |   0.354 |    3.480 | 
     +------------------------------------------------------------------------+ 
Path 34: MET Late External Delay Assertion 
Endpoint:   pcpi_rs2[3]                         (^) checked with  leading edge 
of 'clk'
Beginpoint: core/picorv32_core_reg_op2_reg[3]/Q (^) triggered by  leading edge 
of 'clk'
Path Groups: {reg2out}
Analysis View: analysis1
Other End Arrival Time          0.000
- External Delay                0.500
+ Phase Shift                   4.000
- Uncertainty                   0.020
= Required Time                 3.480
- Arrival Time                  0.338
= Slack Time                    3.142
     Clock Rise Edge                 0.000
     + Clock Network Latency (Prop)  0.000
     = Beginpoint Arrival Time       0.000
     +-----------------------------------------------------------------------------------------+ 
     |             Instance              |      Arc      |  Cell  | Delay | Arrival | Required | 
     |                                   |               |        |       |  Time   |   Time   | 
     |-----------------------------------+---------------+--------+-------+---------+----------| 
     | core/picorv32_core_reg_op2_reg[3] | CK ^          |        |       |   0.000 |    3.142 | 
     | core/picorv32_core_reg_op2_reg[3] | CK ^ -> Q ^   | DFFRX1 | 0.119 |   0.119 |    3.261 | 
     | core/picorv32_core_g82387         | A ^ -> Y ^    | BUFX8  | 0.197 |   0.316 |    3.458 | 
     |                                   | pcpi_rs2[3] ^ |        | 0.022 |   0.338 |    3.480 | 
     +-----------------------------------------------------------------------------------------+ 
Path 35: MET Late External Delay Assertion 
Endpoint:   pcpi_insn[0]                          (v) checked with  leading 
edge of 'clk'
Beginpoint: core/picorv32_core_pcpi_insn_reg[0]/Q (v) triggered by  leading 
edge of 'clk'
Path Groups: {reg2out}
Analysis View: analysis1
Other End Arrival Time          0.000
- External Delay                0.500
+ Phase Shift                   4.000
- Uncertainty                   0.020
= Required Time                 3.480
- Arrival Time                  0.334
= Slack Time                    3.146
     Clock Rise Edge                 0.000
     + Clock Network Latency (Prop)  0.000
     = Beginpoint Arrival Time       0.000
     +----------------------------------------------------------------------------------------------+ 
     |              Instance               |      Arc       |   Cell   | Delay | Arrival | Required | 
     |                                     |                |          |       |  Time   |   Time   | 
     |-------------------------------------+----------------+----------+-------+---------+----------| 
     | core/picorv32_core_pcpi_insn_reg[0] | CK ^           |          |       |   0.000 |    3.146 | 
     | core/picorv32_core_pcpi_insn_reg[0] | CK ^ -> Q v    | EDFFHQX8 | 0.219 |   0.219 |    3.365 | 
     |                                     | pcpi_insn[0] v |          | 0.115 |   0.334 |    3.480 | 
     +----------------------------------------------------------------------------------------------+ 
Path 36: MET Late External Delay Assertion 
Endpoint:   pcpi_rs2[30]                         (v) checked with  leading edge 
of 'clk'
Beginpoint: core/picorv32_core_reg_op2_reg[30]/Q (v) triggered by  leading edge 
of 'clk'
Path Groups: {reg2out}
Analysis View: analysis1
Other End Arrival Time          0.000
- External Delay                0.500
+ Phase Shift                   4.000
- Uncertainty                   0.020
= Required Time                 3.480
- Arrival Time                  0.328
= Slack Time                    3.152
     Clock Rise Edge                 0.000
     + Clock Network Latency (Prop)  0.000
     = Beginpoint Arrival Time       0.000
     +--------------------------------------------------------------------------------------------+ 
     |              Instance              |      Arc       |  Cell   | Delay | Arrival | Required | 
     |                                    |                |         |       |  Time   |   Time   | 
     |------------------------------------+----------------+---------+-------+---------+----------| 
     | core/picorv32_core_reg_op2_reg[30] | CK ^           |         |       |   0.000 |    3.152 | 
     | core/picorv32_core_reg_op2_reg[30] | CK ^ -> Q v    | DFFHQX8 | 0.252 |   0.252 |    3.404 | 
     |                                    | pcpi_rs2[30] v |         | 0.076 |   0.328 |    3.480 | 
     +--------------------------------------------------------------------------------------------+ 
Path 37: MET Late External Delay Assertion 
Endpoint:   pcpi_rs2[29]                         (v) checked with  leading edge 
of 'clk'
Beginpoint: core/picorv32_core_reg_op2_reg[29]/Q (v) triggered by  leading edge 
of 'clk'
Path Groups: {reg2out}
Analysis View: analysis1
Other End Arrival Time          0.000
- External Delay                0.500
+ Phase Shift                   4.000
- Uncertainty                   0.020
= Required Time                 3.480
- Arrival Time                  0.318
= Slack Time                    3.162
     Clock Rise Edge                 0.000
     + Clock Network Latency (Prop)  0.000
     = Beginpoint Arrival Time       0.000
     +--------------------------------------------------------------------------------------------+ 
     |              Instance              |      Arc       |  Cell   | Delay | Arrival | Required | 
     |                                    |                |         |       |  Time   |   Time   | 
     |------------------------------------+----------------+---------+-------+---------+----------| 
     | core/picorv32_core_reg_op2_reg[29] | CK ^           |         |       |   0.000 |    3.162 | 
     | core/picorv32_core_reg_op2_reg[29] | CK ^ -> Q v    | DFFHQX8 | 0.251 |   0.251 |    3.413 | 
     |                                    | pcpi_rs2[29] v |         | 0.067 |   0.318 |    3.480 | 
     +--------------------------------------------------------------------------------------------+ 
Path 38: MET Late External Delay Assertion 
Endpoint:   pcpi_rs2[31]                         (v) checked with  leading edge 
of 'clk'
Beginpoint: core/picorv32_core_reg_op2_reg[31]/Q (v) triggered by  leading edge 
of 'clk'
Path Groups: {reg2out}
Analysis View: analysis1
Other End Arrival Time          0.000
- External Delay                0.500
+ Phase Shift                   4.000
- Uncertainty                   0.020
= Required Time                 3.480
- Arrival Time                  0.317
= Slack Time                    3.163
     Clock Rise Edge                 0.000
     + Clock Network Latency (Prop)  0.000
     = Beginpoint Arrival Time       0.000
     +--------------------------------------------------------------------------------------------+ 
     |              Instance              |      Arc       |  Cell   | Delay | Arrival | Required | 
     |                                    |                |         |       |  Time   |   Time   | 
     |------------------------------------+----------------+---------+-------+---------+----------| 
     | core/picorv32_core_reg_op2_reg[31] | CK ^           |         |       |   0.000 |    3.163 | 
     | core/picorv32_core_reg_op2_reg[31] | CK ^ -> Q v    | DFFHQX8 | 0.249 |   0.249 |    3.413 | 
     |                                    | pcpi_rs2[31] v |         | 0.067 |   0.317 |    3.480 | 
     +--------------------------------------------------------------------------------------------+ 
Path 39: MET Late External Delay Assertion 
Endpoint:   pcpi_rs2[28]                         (v) checked with  leading edge 
of 'clk'
Beginpoint: core/picorv32_core_reg_op2_reg[28]/Q (v) triggered by  leading edge 
of 'clk'
Path Groups: {reg2out}
Analysis View: analysis1
Other End Arrival Time          0.000
- External Delay                0.500
+ Phase Shift                   4.000
- Uncertainty                   0.020
= Required Time                 3.480
- Arrival Time                  0.313
= Slack Time                    3.167
     Clock Rise Edge                 0.000
     + Clock Network Latency (Prop)  0.000
     = Beginpoint Arrival Time       0.000
     +--------------------------------------------------------------------------------------------+ 
     |              Instance              |      Arc       |  Cell   | Delay | Arrival | Required | 
     |                                    |                |         |       |  Time   |   Time   | 
     |------------------------------------+----------------+---------+-------+---------+----------| 
     | core/picorv32_core_reg_op2_reg[28] | CK ^           |         |       |   0.000 |    3.167 | 
     | core/picorv32_core_reg_op2_reg[28] | CK ^ -> Q v    | DFFHQX8 | 0.247 |   0.247 |    3.414 | 
     |                                    | pcpi_rs2[28] v |         | 0.066 |   0.313 |    3.480 | 
     +--------------------------------------------------------------------------------------------+ 
Path 40: MET Late External Delay Assertion 
Endpoint:   pcpi_rs2[27]                         (v) checked with  leading edge 
of 'clk'
Beginpoint: core/picorv32_core_reg_op2_reg[27]/Q (v) triggered by  leading edge 
of 'clk'
Path Groups: {reg2out}
Analysis View: analysis1
Other End Arrival Time          0.000
- External Delay                0.500
+ Phase Shift                   4.000
- Uncertainty                   0.020
= Required Time                 3.480
- Arrival Time                  0.311
= Slack Time                    3.169
     Clock Rise Edge                 0.000
     + Clock Network Latency (Prop)  0.000
     = Beginpoint Arrival Time       0.000
     +--------------------------------------------------------------------------------------------+ 
     |              Instance              |      Arc       |  Cell   | Delay | Arrival | Required | 
     |                                    |                |         |       |  Time   |   Time   | 
     |------------------------------------+----------------+---------+-------+---------+----------| 
     | core/picorv32_core_reg_op2_reg[27] | CK ^           |         |       |   0.000 |    3.169 | 
     | core/picorv32_core_reg_op2_reg[27] | CK ^ -> Q v    | DFFHQX8 | 0.246 |   0.246 |    3.415 | 
     |                                    | pcpi_rs2[27] v |         | 0.065 |   0.311 |    3.480 | 
     +--------------------------------------------------------------------------------------------+ 
Path 41: MET Late External Delay Assertion 
Endpoint:   pcpi_rs2[26]                         (v) checked with  leading edge 
of 'clk'
Beginpoint: core/picorv32_core_reg_op2_reg[26]/Q (v) triggered by  leading edge 
of 'clk'
Path Groups: {reg2out}
Analysis View: analysis1
Other End Arrival Time          0.000
- External Delay                0.500
+ Phase Shift                   4.000
- Uncertainty                   0.020
= Required Time                 3.480
- Arrival Time                  0.310
= Slack Time                    3.170
     Clock Rise Edge                 0.000
     + Clock Network Latency (Prop)  0.000
     = Beginpoint Arrival Time       0.000
     +--------------------------------------------------------------------------------------------+ 
     |              Instance              |      Arc       |  Cell   | Delay | Arrival | Required | 
     |                                    |                |         |       |  Time   |   Time   | 
     |------------------------------------+----------------+---------+-------+---------+----------| 
     | core/picorv32_core_reg_op2_reg[26] | CK ^           |         |       |   0.000 |    3.170 | 
     | core/picorv32_core_reg_op2_reg[26] | CK ^ -> Q v    | DFFHQX8 | 0.248 |   0.248 |    3.418 | 
     |                                    | pcpi_rs2[26] v |         | 0.062 |   0.310 |    3.480 | 
     +--------------------------------------------------------------------------------------------+ 
Path 42: MET Late External Delay Assertion 
Endpoint:   pcpi_insn[3]                          (v) checked with  leading 
edge of 'clk'
Beginpoint: core/picorv32_core_pcpi_insn_reg[3]/Q (v) triggered by  leading 
edge of 'clk'
Path Groups: {reg2out}
Analysis View: analysis1
Other End Arrival Time          0.000
- External Delay                0.500
+ Phase Shift                   4.000
- Uncertainty                   0.020
= Required Time                 3.480
- Arrival Time                  0.302
= Slack Time                    3.178
     Clock Rise Edge                 0.000
     + Clock Network Latency (Prop)  0.000
     = Beginpoint Arrival Time       0.000
     +----------------------------------------------------------------------------------------------+ 
     |              Instance               |      Arc       |   Cell   | Delay | Arrival | Required | 
     |                                     |                |          |       |  Time   |   Time   | 
     |-------------------------------------+----------------+----------+-------+---------+----------| 
     | core/picorv32_core_pcpi_insn_reg[3] | CK ^           |          |       |   0.000 |    3.178 | 
     | core/picorv32_core_pcpi_insn_reg[3] | CK ^ -> Q v    | EDFFHQX8 | 0.213 |   0.213 |    3.391 | 
     |                                     | pcpi_insn[3] v |          | 0.089 |   0.302 |    3.480 | 
     +----------------------------------------------------------------------------------------------+ 
Path 43: MET Late External Delay Assertion 
Endpoint:   pcpi_rs2[24]                         (v) checked with  leading edge 
of 'clk'
Beginpoint: core/picorv32_core_reg_op2_reg[24]/Q (v) triggered by  leading edge 
of 'clk'
Path Groups: {reg2out}
Analysis View: analysis1
Other End Arrival Time          0.000
- External Delay                0.500
+ Phase Shift                   4.000
- Uncertainty                   0.020
= Required Time                 3.480
- Arrival Time                  0.302
= Slack Time                    3.178
     Clock Rise Edge                 0.000
     + Clock Network Latency (Prop)  0.000
     = Beginpoint Arrival Time       0.000
     +--------------------------------------------------------------------------------------------+ 
     |              Instance              |      Arc       |  Cell   | Delay | Arrival | Required | 
     |                                    |                |         |       |  Time   |   Time   | 
     |------------------------------------+----------------+---------+-------+---------+----------| 
     | core/picorv32_core_reg_op2_reg[24] | CK ^           |         |       |   0.000 |    3.178 | 
     | core/picorv32_core_reg_op2_reg[24] | CK ^ -> Q v    | DFFHQX8 | 0.242 |   0.242 |    3.421 | 
     |                                    | pcpi_rs2[24] v |         | 0.059 |   0.302 |    3.480 | 
     +--------------------------------------------------------------------------------------------+ 
Path 44: MET Late External Delay Assertion 
Endpoint:   pcpi_rs2[25]                         (v) checked with  leading edge 
of 'clk'
Beginpoint: core/picorv32_core_reg_op2_reg[25]/Q (v) triggered by  leading edge 
of 'clk'
Path Groups: {reg2out}
Analysis View: analysis1
Other End Arrival Time          0.000
- External Delay                0.500
+ Phase Shift                   4.000
- Uncertainty                   0.020
= Required Time                 3.480
- Arrival Time                  0.301
= Slack Time                    3.179
     Clock Rise Edge                 0.000
     + Clock Network Latency (Prop)  0.000
     = Beginpoint Arrival Time       0.000
     +--------------------------------------------------------------------------------------------+ 
     |              Instance              |      Arc       |  Cell   | Delay | Arrival | Required | 
     |                                    |                |         |       |  Time   |   Time   | 
     |------------------------------------+----------------+---------+-------+---------+----------| 
     | core/picorv32_core_reg_op2_reg[25] | CK ^           |         |       |   0.000 |    3.179 | 
     | core/picorv32_core_reg_op2_reg[25] | CK ^ -> Q v    | DFFHQX8 | 0.242 |   0.242 |    3.421 | 
     |                                    | pcpi_rs2[25] v |         | 0.059 |   0.301 |    3.480 | 
     +--------------------------------------------------------------------------------------------+ 
Path 45: MET Late External Delay Assertion 
Endpoint:   pcpi_rs2[23]                         (v) checked with  leading edge 
of 'clk'
Beginpoint: core/picorv32_core_reg_op2_reg[23]/Q (v) triggered by  leading edge 
of 'clk'
Path Groups: {reg2out}
Analysis View: analysis1
Other End Arrival Time          0.000
- External Delay                0.500
+ Phase Shift                   4.000
- Uncertainty                   0.020
= Required Time                 3.480
- Arrival Time                  0.300
= Slack Time                    3.180
     Clock Rise Edge                 0.000
     + Clock Network Latency (Prop)  0.000
     = Beginpoint Arrival Time       0.000
     +--------------------------------------------------------------------------------------------+ 
     |              Instance              |      Arc       |  Cell   | Delay | Arrival | Required | 
     |                                    |                |         |       |  Time   |   Time   | 
     |------------------------------------+----------------+---------+-------+---------+----------| 
     | core/picorv32_core_reg_op2_reg[23] | CK ^           |         |       |   0.000 |    3.180 | 
     | core/picorv32_core_reg_op2_reg[23] | CK ^ -> Q v    | DFFHQX8 | 0.241 |   0.241 |    3.421 | 
     |                                    | pcpi_rs2[23] v |         | 0.059 |   0.300 |    3.480 | 
     +--------------------------------------------------------------------------------------------+ 
Path 46: MET Late External Delay Assertion 
Endpoint:   pcpi_rs2[22]                         (v) checked with  leading edge 
of 'clk'
Beginpoint: core/picorv32_core_reg_op2_reg[22]/Q (v) triggered by  leading edge 
of 'clk'
Path Groups: {reg2out}
Analysis View: analysis1
Other End Arrival Time          0.000
- External Delay                0.500
+ Phase Shift                   4.000
- Uncertainty                   0.020
= Required Time                 3.480
- Arrival Time                  0.295
= Slack Time                    3.185
     Clock Rise Edge                 0.000
     + Clock Network Latency (Prop)  0.000
     = Beginpoint Arrival Time       0.000
     +--------------------------------------------------------------------------------------------+ 
     |              Instance              |      Arc       |  Cell   | Delay | Arrival | Required | 
     |                                    |                |         |       |  Time   |   Time   | 
     |------------------------------------+----------------+---------+-------+---------+----------| 
     | core/picorv32_core_reg_op2_reg[22] | CK ^           |         |       |   0.000 |    3.185 | 
     | core/picorv32_core_reg_op2_reg[22] | CK ^ -> Q v    | DFFHQX8 | 0.240 |   0.240 |    3.424 | 
     |                                    | pcpi_rs2[22] v |         | 0.055 |   0.295 |    3.480 | 
     +--------------------------------------------------------------------------------------------+ 
Path 47: MET Late External Delay Assertion 
Endpoint:   pcpi_rs2[21]                         (v) checked with  leading edge 
of 'clk'
Beginpoint: core/picorv32_core_reg_op2_reg[21]/Q (v) triggered by  leading edge 
of 'clk'
Path Groups: {reg2out}
Analysis View: analysis1
Other End Arrival Time          0.000
- External Delay                0.500
+ Phase Shift                   4.000
- Uncertainty                   0.020
= Required Time                 3.480
- Arrival Time                  0.291
= Slack Time                    3.189
     Clock Rise Edge                 0.000
     + Clock Network Latency (Prop)  0.000
     = Beginpoint Arrival Time       0.000
     +--------------------------------------------------------------------------------------------+ 
     |              Instance              |      Arc       |  Cell   | Delay | Arrival | Required | 
     |                                    |                |         |       |  Time   |   Time   | 
     |------------------------------------+----------------+---------+-------+---------+----------| 
     | core/picorv32_core_reg_op2_reg[21] | CK ^           |         |       |   0.000 |    3.189 | 
     | core/picorv32_core_reg_op2_reg[21] | CK ^ -> Q v    | DFFHQX8 | 0.238 |   0.238 |    3.427 | 
     |                                    | pcpi_rs2[21] v |         | 0.053 |   0.291 |    3.480 | 
     +--------------------------------------------------------------------------------------------+ 
Path 48: MET Late External Delay Assertion 
Endpoint:   eoi[15]                          (v) checked with  leading edge of 
'clk'
Beginpoint: core/picorv32_core_eoi_reg[15]/Q (v) triggered by  leading edge of 
'clk'
Path Groups: {reg2out}
Analysis View: analysis1
Other End Arrival Time          0.000
- External Delay                0.500
+ Phase Shift                   4.000
- Uncertainty                   0.020
= Required Time                 3.480
- Arrival Time                  0.288
= Slack Time                    3.192
     Clock Rise Edge                 0.000
     + Clock Network Latency (Prop)  0.000
     = Beginpoint Arrival Time       0.000
     +-------------------------------------------------------------------------------------+ 
     |            Instance            |     Arc     |  Cell   | Delay | Arrival | Required | 
     |                                |             |         |       |  Time   |   Time   | 
     |--------------------------------+-------------+---------+-------+---------+----------| 
     | core/picorv32_core_eoi_reg[15] | CK ^        |         |       |   0.000 |    3.192 | 
     | core/picorv32_core_eoi_reg[15] | CK ^ -> Q v | DFFHQX8 | 0.203 |   0.203 |    3.395 | 
     |                                | eoi[15] v   |         | 0.085 |   0.288 |    3.480 | 
     +-------------------------------------------------------------------------------------+ 
Path 49: MET Late External Delay Assertion 
Endpoint:   pcpi_rs2[20]                         (v) checked with  leading edge 
of 'clk'
Beginpoint: core/picorv32_core_reg_op2_reg[20]/Q (v) triggered by  leading edge 
of 'clk'
Path Groups: {reg2out}
Analysis View: analysis1
Other End Arrival Time          0.000
- External Delay                0.500
+ Phase Shift                   4.000
- Uncertainty                   0.020
= Required Time                 3.480
- Arrival Time                  0.287
= Slack Time                    3.193
     Clock Rise Edge                 0.000
     + Clock Network Latency (Prop)  0.000
     = Beginpoint Arrival Time       0.000
     +--------------------------------------------------------------------------------------------+ 
     |              Instance              |      Arc       |  Cell   | Delay | Arrival | Required | 
     |                                    |                |         |       |  Time   |   Time   | 
     |------------------------------------+----------------+---------+-------+---------+----------| 
     | core/picorv32_core_reg_op2_reg[20] | CK ^           |         |       |   0.000 |    3.193 | 
     | core/picorv32_core_reg_op2_reg[20] | CK ^ -> Q v    | DFFHQX8 | 0.236 |   0.236 |    3.429 | 
     |                                    | pcpi_rs2[20] v |         | 0.051 |   0.287 |    3.480 | 
     +--------------------------------------------------------------------------------------------+ 
Path 50: MET Late External Delay Assertion 
Endpoint:   pcpi_rs2[19]                         (v) checked with  leading edge 
of 'clk'
Beginpoint: core/picorv32_core_reg_op2_reg[19]/Q (v) triggered by  leading edge 
of 'clk'
Path Groups: {reg2out}
Analysis View: analysis1
Other End Arrival Time          0.000
- External Delay                0.500
+ Phase Shift                   4.000
- Uncertainty                   0.020
= Required Time                 3.480
- Arrival Time                  0.284
= Slack Time                    3.196
     Clock Rise Edge                 0.000
     + Clock Network Latency (Prop)  0.000
     = Beginpoint Arrival Time       0.000
     +--------------------------------------------------------------------------------------------+ 
     |              Instance              |      Arc       |  Cell   | Delay | Arrival | Required | 
     |                                    |                |         |       |  Time   |   Time   | 
     |------------------------------------+----------------+---------+-------+---------+----------| 
     | core/picorv32_core_reg_op2_reg[19] | CK ^           |         |       |   0.000 |    3.196 | 
     | core/picorv32_core_reg_op2_reg[19] | CK ^ -> Q v    | DFFHQX8 | 0.235 |   0.235 |    3.431 | 
     |                                    | pcpi_rs2[19] v |         | 0.049 |   0.284 |    3.480 | 
     +--------------------------------------------------------------------------------------------+ 

