Using Power View: analysis1.

Begin Power Analysis

             0V	    VSS
          1.32V	    VDD
Begin Processing Timing Library for Power Calculation

Begin Processing Timing Library for Power Calculation



Begin Processing Power Net/Grid for Power Calculation

Ended Processing Power Net/Grid for Power Calculation: (cpu=0:00:00, real=0:00:00, mem(process/total/peak)=1879.20MB/3381.96MB/2041.93MB)

Begin Processing Timing Window Data for Power Calculation

CK: assigning clock clk to net wb_clk_i
Ended Processing Timing Window Data for Power Calculation: (cpu=0:00:00, real=0:00:00, mem(process/total/peak)=1879.20MB/3381.96MB/2041.93MB)

Begin Processing User Attributes

Ended Processing User Attributes: (cpu=0:00:00, real=0:00:00, mem(process/total/peak)=1879.20MB/3381.96MB/2041.93MB)

Begin Processing Signal Activity


Starting Activity Propagation
2025-Nov-28 14:55:45 (2025-Nov-28 12:55:45 GMT)
2025-Nov-28 14:55:45 (2025-Nov-28 12:55:45 GMT): 10%
2025-Nov-28 14:55:45 (2025-Nov-28 12:55:45 GMT): 20%

Finished Activity Propagation
2025-Nov-28 14:55:45 (2025-Nov-28 12:55:45 GMT)
Ended Processing Signal Activity: (cpu=0:00:00, real=0:00:00, mem(process/total/peak)=1879.33MB/3381.96MB/2041.93MB)

Begin Power Computation

      ----------------------------------------------------------
      # of cell(s) missing both power/leakage table: 0
      # of cell(s) missing power table: 0
      # of cell(s) missing leakage table: 0
      ----------------------------------------------------------



Starting Calculating power
2025-Nov-28 14:55:45 (2025-Nov-28 12:55:45 GMT)
 ... Calculating switching power
2025-Nov-28 14:55:45 (2025-Nov-28 12:55:45 GMT): 10%
2025-Nov-28 14:55:45 (2025-Nov-28 12:55:45 GMT): 20%
2025-Nov-28 14:55:45 (2025-Nov-28 12:55:45 GMT): 30%
2025-Nov-28 14:55:45 (2025-Nov-28 12:55:45 GMT): 40%
2025-Nov-28 14:55:45 (2025-Nov-28 12:55:45 GMT): 50%
 ... Calculating internal and leakage power
2025-Nov-28 14:55:46 (2025-Nov-28 12:55:46 GMT): 60%
2025-Nov-28 14:55:46 (2025-Nov-28 12:55:46 GMT): 70%
2025-Nov-28 14:55:46 (2025-Nov-28 12:55:46 GMT): 80%
2025-Nov-28 14:55:46 (2025-Nov-28 12:55:46 GMT): 90%

Finished Calculating power
2025-Nov-28 14:55:47 (2025-Nov-28 12:55:47 GMT)
      # of MSMV cell(s) missing power_level: 0
Ended Power Computation: (cpu=0:00:01, real=0:00:01, mem(process/total/peak)=1879.33MB/3381.96MB/2041.93MB)

Begin Processing User Attributes

Ended Processing User Attributes: (cpu=0:00:00, real=0:00:00, mem(process/total/peak)=1879.33MB/3381.96MB/2041.93MB)

Ended Power Analysis: (cpu=0:00:02, real=0:00:02, mem(process/total/peak)=1879.33MB/3381.96MB/2041.93MB)

Begin Boundary Leakage Calculation
Ended Boundary Leakage Calculation: (cpu=0:00:00, real=0:00:00,
mem(process/total/peak)=1879.33MB/3381.96MB/2041.93MB)
Begin Static Power Report Generation
*----------------------------------------------------------------------------------------
*	Innovus 21.35-s114_1 (64bit) 10/13/2022 12:11 (Linux 3.10.0-693.el7.x86_64)
*	
*
* 	Date & Time:	2025-Nov-28 14:55:47 (2025-Nov-28 12:55:47 GMT)
*
*----------------------------------------------------------------------------------------
*
*	Design: picorv32_wb
*
*	Parasitic Files used:
*
*       Power View : analysis1
*
*       User-Defined Activity : N.A.
*
*       Activity File: N.A.
*
*       Hierarchical Global Activity: N.A.
*
*       Global Activity: N.A.
*
*       Sequential Element Activity: 0.200000
*
*       Primary Input Activity: 0.200000
*
*       Default icg ratio: N.A.
*
*       Global Comb ClockGate Ratio: N.A.
*
*	Power Units = 1mW
*
*	Time Units = 1e-09 secs
*
*       report_power
*
-----------------------------------------------------------------------------------------
*



Total Power
-----------------------------------------------------------------------------------------
Total Internal Power:        4.05861865 	   48.8890%
Total Switching Power:       4.23938164 	   51.0664%
Total Leakage Power:         0.00370432 	    0.0446%
Total Power:                 8.30170462
-----------------------------------------------------------------------------------------


Group                           Internal   Switching     Leakage       Total  Percentage 
                                Power      Power         Power         Power  (%)        
-----------------------------------------------------------------------------------------
Sequential                         2.736      0.2885    0.001441       3.026       36.45
Macro                                  0           0           0           0           0
IO                                     0           0           0           0           0
Combinational                      1.322       3.951    0.002264       5.275       63.55
Clock (Combinational)                  0           0           0           0           0
Clock (Sequential)                     0           0           0           0           0
-----------------------------------------------------------------------------------------
Total                              4.059       4.239    0.003704       8.302         100
-----------------------------------------------------------------------------------------


Rail                  Voltage   Internal   Switching     Leakage       Total  Percentage 
                                Power      Power         Power         Power  (%)        
-----------------------------------------------------------------------------------------
VDD                      1.32      4.059       4.239    0.003704       8.302         100
 
 
-----------------------------------------------------------------------------------------
*	Power Distribution Summary: 
*              Highest Average Power:     FE_OFC677_pcpi_rs2_31 (CLKBUFX8):          0.01369
*              Highest Leakage Power: picorv32_core_latched_is_lb_reg (EDFFTRXL):        1.097e-06
*                Total Cap:      8.84033e-11 F
*                Total instances in design: 11422
*                Total instances in design with no power:     0
*                Total instances in design with no activty:     0

*                Total Fillers and Decap:     0
-----------------------------------------------------------------------------------------
 
** INFO:  (VOLTUS_POWR-3465): There are 0 decaps and 0 fillers in the design

Ended Static Power Report Generation: (cpu=0:00:00, real=0:00:00,
mem(process/total/peak)=1882.45MB/3381.96MB/2041.93MB)

