###############################################################
#  Generated by:      Cadence Innovus 21.35-s114_1
#  OS:                Linux x86_64(Host ID cn92.it.auth.gr)
#  Generated on:      Fri Nov 28 14:55:48 2025
#  Design:            picorv32_wb
#  Command:           report_timing -path_group reg2out -check_type setup -max_paths 50 > reports/preCTS/setup_reg2out.rpt
###############################################################
Path 1: MET Late External Delay Assertion 
Endpoint:   pcpi_rs2[4]                     (v) checked with  leading edge of 
'clk'
Beginpoint: picorv32_core_reg_op2_reg[4]/QN (^) triggered by  leading edge of 
'clk'
Path Groups: {reg2out}
Analysis View: analysis1
Other End Arrival Time          0.000
- External Delay                0.500
+ Phase Shift                   4.000
- Uncertainty                   0.020
= Required Time                 3.480
- Arrival Time                  0.482
= Slack Time                    2.998
     Clock Rise Edge                 0.000
     + Clock Network Latency (Ideal) 0.000
     = Beginpoint Arrival Time       0.000
     +-----------------------------------------------------------------------------------+ 
     |           Instance           |      Arc      |  Cell | Delay | Arrival | Required | 
     |                              |               |       |       |  Time   |   Time   | 
     |------------------------------+---------------+-------+-------+---------+----------| 
     | picorv32_core_reg_op2_reg[4] | CK ^          |       |       |   0.000 |    2.998 | 
     | picorv32_core_reg_op2_reg[4] | CK ^ -> QN ^  | DFFX1 | 0.152 |   0.152 |    3.150 | 
     | g17                          | A ^ -> Y v    | INVXL | 0.104 |   0.256 |    3.254 | 
     | FE_OFC429_pcpi_rs2_4         | A v -> Y ^    | INVXL | 0.067 |   0.322 |    3.321 | 
     | FE_OFC700_pcpi_rs2_4         | A ^ -> Y v    | INVX8 | 0.145 |   0.467 |    3.466 | 
     |                              | pcpi_rs2[4] v |       | 0.014 |   0.482 |    3.480 | 
     +-----------------------------------------------------------------------------------+ 
Path 2: MET Late External Delay Assertion 
Endpoint:   pcpi_rs2[2]                    (v) checked with  leading edge of 
'clk'
Beginpoint: picorv32_core_reg_op2_reg[2]/Q (v) triggered by  leading edge of 
'clk'
Path Groups: {reg2out}
Analysis View: analysis1
Other End Arrival Time          0.000
- External Delay                0.500
+ Phase Shift                   4.000
- Uncertainty                   0.020
= Required Time                 3.480
- Arrival Time                  0.426
= Slack Time                    3.054
     Clock Rise Edge                 0.000
     + Clock Network Latency (Ideal) 0.000
     = Beginpoint Arrival Time       0.000
     +------------------------------------------------------------------------------------+ 
     |           Instance           |      Arc      |  Cell  | Delay | Arrival | Required | 
     |                              |               |        |       |  Time   |   Time   | 
     |------------------------------+---------------+--------+-------+---------+----------| 
     | picorv32_core_reg_op2_reg[2] | CK ^          |        |       |   0.000 |    3.054 | 
     | picorv32_core_reg_op2_reg[2] | CK ^ -> Q v   | DFFQXL | 0.059 |   0.059 |    3.113 | 
     | FE_OFC794_pcpi_rs2_2         | A v -> Y ^    | INVX1  | 0.059 |   0.118 |    3.172 | 
     | FE_OFC795_pcpi_rs2_2         | A ^ -> Y v    | INVX2  | 0.097 |   0.216 |    3.270 | 
     | FE_OFC796_pcpi_rs2_2         | A v -> Y ^    | INVX1  | 0.056 |   0.272 |    3.326 | 
     | FE_OFC704_pcpi_rs2_2         | A ^ -> Y v    | INVX8  | 0.140 |   0.412 |    3.466 | 
     |                              | pcpi_rs2[2] v |        | 0.014 |   0.426 |    3.480 | 
     +------------------------------------------------------------------------------------+ 
Path 3: MET Late External Delay Assertion 
Endpoint:   pcpi_rs2[15]                    (v) checked with  leading edge of 
'clk'
Beginpoint: picorv32_core_reg_op2_reg[15]/Q (v) triggered by  leading edge of 
'clk'
Path Groups: {reg2out}
Analysis View: analysis1
Other End Arrival Time          0.000
- External Delay                0.500
+ Phase Shift                   4.000
- Uncertainty                   0.020
= Required Time                 3.480
- Arrival Time                  0.418
= Slack Time                    3.062
     Clock Rise Edge                 0.000
     + Clock Network Latency (Ideal) 0.000
     = Beginpoint Arrival Time       0.000
     +----------------------------------------------------------------------------------------+ 
     |           Instance            |      Arc       |   Cell   | Delay | Arrival | Required | 
     |                               |                |          |       |  Time   |   Time   | 
     |-------------------------------+----------------+----------+-------+---------+----------| 
     | picorv32_core_reg_op2_reg[15] | CK ^           |          |       |   0.000 |    3.062 | 
     | picorv32_core_reg_op2_reg[15] | CK ^ -> Q v    | DFFQXL   | 0.132 |   0.132 |    3.194 | 
     | FE_OFC389_pcpi_rs2_15         | A v -> Y ^     | INVXL    | 0.069 |   0.201 |    3.263 | 
     | FE_OFC390_pcpi_rs2_15         | A ^ -> Y v     | INVX1    | 0.038 |   0.238 |    3.301 | 
     | FE_OFC688_pcpi_rs2_15         | A v -> Y v     | BUFX2    | 0.028 |   0.267 |    3.329 | 
     | FE_OFC856_pcpi_rs2_15         | A v -> Y v     | CLKBUFX8 | 0.142 |   0.409 |    3.471 | 
     |                               | pcpi_rs2[15] v |          | 0.009 |   0.418 |    3.480 | 
     +----------------------------------------------------------------------------------------+ 
Path 4: MET Late External Delay Assertion 
Endpoint:   pcpi_rs2[16]                    (v) checked with  leading edge of 
'clk'
Beginpoint: picorv32_core_reg_op2_reg[16]/Q (v) triggered by  leading edge of 
'clk'
Path Groups: {reg2out}
Analysis View: analysis1
Other End Arrival Time          0.000
- External Delay                0.500
+ Phase Shift                   4.000
- Uncertainty                   0.020
= Required Time                 3.480
- Arrival Time                  0.395
= Slack Time                    3.085
     Clock Rise Edge                 0.000
     + Clock Network Latency (Ideal) 0.000
     = Beginpoint Arrival Time       0.000
     +--------------------------------------------------------------------------------------+ 
     |           Instance            |      Arc       |  Cell  | Delay | Arrival | Required | 
     |                               |                |        |       |  Time   |   Time   | 
     |-------------------------------+----------------+--------+-------+---------+----------| 
     | picorv32_core_reg_op2_reg[16] | CK ^           |        |       |   0.000 |    3.085 | 
     | picorv32_core_reg_op2_reg[16] | CK ^ -> Q v    | DFFQXL | 0.104 |   0.104 |    3.189 | 
     | FE_OFC384_pcpi_rs2_16         | A v -> Y ^     | INVXL  | 0.075 |   0.179 |    3.264 | 
     | FE_OFC385_pcpi_rs2_16         | A ^ -> Y v     | INVX1  | 0.042 |   0.221 |    3.306 | 
     | FE_OFC686_pcpi_rs2_16         | A v -> Y ^     | INVX1  | 0.026 |   0.247 |    3.332 | 
     | FE_OFC687_pcpi_rs2_16         | A ^ -> Y v     | INVX8  | 0.124 |   0.371 |    3.456 | 
     |                               | pcpi_rs2[16] v |        | 0.024 |   0.395 |    3.480 | 
     +--------------------------------------------------------------------------------------+ 
Path 5: MET Late External Delay Assertion 
Endpoint:   pcpi_rs2[6]                    (v) checked with  leading edge of 
'clk'
Beginpoint: picorv32_core_reg_op2_reg[6]/Q (v) triggered by  leading edge of 
'clk'
Path Groups: {reg2out}
Analysis View: analysis1
Other End Arrival Time          0.000
- External Delay                0.500
+ Phase Shift                   4.000
- Uncertainty                   0.020
= Required Time                 3.480
- Arrival Time                  0.392
= Slack Time                    3.088
     Clock Rise Edge                 0.000
     + Clock Network Latency (Ideal) 0.000
     = Beginpoint Arrival Time       0.000
     +--------------------------------------------------------------------------------------+ 
     |           Instance           |      Arc      |   Cell   | Delay | Arrival | Required | 
     |                              |               |          |       |  Time   |   Time   | 
     |------------------------------+---------------+----------+-------+---------+----------| 
     | picorv32_core_reg_op2_reg[6] | CK ^          |          |       |   0.000 |    3.088 | 
     | picorv32_core_reg_op2_reg[6] | CK ^ -> Q v   | DFFQXL   | 0.098 |   0.098 |    3.186 | 
     | FE_OFC422_pcpi_rs2_6         | A v -> Y ^    | INVXL    | 0.073 |   0.170 |    3.258 | 
     | FE_OFC424_pcpi_rs2_6         | A ^ -> Y v    | INVX1    | 0.061 |   0.231 |    3.319 | 
     | FE_OFC697_pcpi_rs2_6         | A v -> Y v    | CLKBUFX8 | 0.147 |   0.378 |    3.466 | 
     |                              | pcpi_rs2[6] v |          | 0.014 |   0.392 |    3.480 | 
     +--------------------------------------------------------------------------------------+ 
Path 6: MET Late External Delay Assertion 
Endpoint:   pcpi_rs2[19]                    (v) checked with  leading edge of 
'clk'
Beginpoint: picorv32_core_reg_op2_reg[19]/Q (v) triggered by  leading edge of 
'clk'
Path Groups: {reg2out}
Analysis View: analysis1
Other End Arrival Time          0.000
- External Delay                0.500
+ Phase Shift                   4.000
- Uncertainty                   0.020
= Required Time                 3.480
- Arrival Time                  0.390
= Slack Time                    3.090
     Clock Rise Edge                 0.000
     + Clock Network Latency (Ideal) 0.000
     = Beginpoint Arrival Time       0.000
     +--------------------------------------------------------------------------------------+ 
     |           Instance            |      Arc       |  Cell  | Delay | Arrival | Required | 
     |                               |                |        |       |  Time   |   Time   | 
     |-------------------------------+----------------+--------+-------+---------+----------| 
     | picorv32_core_reg_op2_reg[19] | CK ^           |        |       |   0.000 |    3.090 | 
     | picorv32_core_reg_op2_reg[19] | CK ^ -> Q v    | DFFQXL | 0.075 |   0.075 |    3.166 | 
     | FE_OFC846_pcpi_rs2_19         | A v -> Y ^     | INVX1  | 0.031 |   0.106 |    3.196 | 
     | FE_OFC847_pcpi_rs2_19         | A ^ -> Y v     | INVX1  | 0.083 |   0.189 |    3.279 | 
     | FE_OFC848_pcpi_rs2_19         | A v -> Y ^     | INVX1  | 0.050 |   0.238 |    3.329 | 
     | FE_OFC377_pcpi_rs2_19         | A ^ -> Y v     | INVX8  | 0.136 |   0.374 |    3.465 | 
     |                               | pcpi_rs2[19] v |        | 0.015 |   0.390 |    3.480 | 
     +--------------------------------------------------------------------------------------+ 
Path 7: MET Late External Delay Assertion 
Endpoint:   pcpi_rs2[10]                    (v) checked with  leading edge of 
'clk'
Beginpoint: picorv32_core_reg_op2_reg[10]/Q (v) triggered by  leading edge of 
'clk'
Path Groups: {reg2out}
Analysis View: analysis1
Other End Arrival Time          0.000
- External Delay                0.500
+ Phase Shift                   4.000
- Uncertainty                   0.020
= Required Time                 3.480
- Arrival Time                  0.388
= Slack Time                    3.092
     Clock Rise Edge                 0.000
     + Clock Network Latency (Ideal) 0.000
     = Beginpoint Arrival Time       0.000
     +----------------------------------------------------------------------------------------+ 
     |           Instance            |      Arc       |   Cell   | Delay | Arrival | Required | 
     |                               |                |          |       |  Time   |   Time   | 
     |-------------------------------+----------------+----------+-------+---------+----------| 
     | picorv32_core_reg_op2_reg[10] | CK ^           |          |       |   0.000 |    3.092 | 
     | picorv32_core_reg_op2_reg[10] | CK ^ -> Q v    | DFFQXL   | 0.098 |   0.098 |    3.190 | 
     | FE_OFC406_pcpi_rs2_10         | A v -> Y ^     | INVXL    | 0.077 |   0.175 |    3.267 | 
     | FE_OFC407_pcpi_rs2_10         | A ^ -> Y v     | INVX1    | 0.054 |   0.229 |    3.321 | 
     | FE_OFC694_pcpi_rs2_10         | A v -> Y v     | CLKBUFX8 | 0.144 |   0.373 |    3.464 | 
     |                               | pcpi_rs2[10] v |          | 0.016 |   0.388 |    3.480 | 
     +----------------------------------------------------------------------------------------+ 
Path 8: MET Late External Delay Assertion 
Endpoint:   pcpi_rs2[29]                    (^) checked with  leading edge of 
'clk'
Beginpoint: picorv32_core_reg_op2_reg[29]/Q (^) triggered by  leading edge of 
'clk'
Path Groups: {reg2out}
Analysis View: analysis1
Other End Arrival Time          0.000
- External Delay                0.500
+ Phase Shift                   4.000
- Uncertainty                   0.020
= Required Time                 3.480
- Arrival Time                  0.383
= Slack Time                    3.097
     Clock Rise Edge                 0.000
     + Clock Network Latency (Ideal) 0.000
     = Beginpoint Arrival Time       0.000
     +----------------------------------------------------------------------------------------+ 
     |           Instance            |      Arc       |   Cell   | Delay | Arrival | Required | 
     |                               |                |          |       |  Time   |   Time   | 
     |-------------------------------+----------------+----------+-------+---------+----------| 
     | picorv32_core_reg_op2_reg[29] | CK ^           |          |       |   0.000 |    3.097 | 
     | picorv32_core_reg_op2_reg[29] | CK ^ -> Q ^    | DFFQXL   | 0.126 |   0.126 |    3.223 | 
     | FE_OFC350_pcpi_rs2_29         | A ^ -> Y v     | INVXL    | 0.056 |   0.182 |    3.278 | 
     | FE_OFC351_pcpi_rs2_29         | A v -> Y ^     | INVXL    | 0.050 |   0.231 |    3.328 | 
     | FE_OFC352_pcpi_rs2_29         | A ^ -> Y ^     | CLKBUFX8 | 0.135 |   0.366 |    3.463 | 
     |                               | pcpi_rs2[29] ^ |          | 0.017 |   0.383 |    3.480 | 
     +----------------------------------------------------------------------------------------+ 
Path 9: MET Late External Delay Assertion 
Endpoint:   pcpi_rs2[13]                    (^) checked with  leading edge of 
'clk'
Beginpoint: picorv32_core_reg_op2_reg[13]/Q (^) triggered by  leading edge of 
'clk'
Path Groups: {reg2out}
Analysis View: analysis1
Other End Arrival Time          0.000
- External Delay                0.500
+ Phase Shift                   4.000
- Uncertainty                   0.020
= Required Time                 3.480
- Arrival Time                  0.379
= Slack Time                    3.101
     Clock Rise Edge                 0.000
     + Clock Network Latency (Ideal) 0.000
     = Beginpoint Arrival Time       0.000
     +----------------------------------------------------------------------------------------+ 
     |           Instance            |      Arc       |   Cell   | Delay | Arrival | Required | 
     |                               |                |          |       |  Time   |   Time   | 
     |-------------------------------+----------------+----------+-------+---------+----------| 
     | picorv32_core_reg_op2_reg[13] | CK ^           |          |       |   0.000 |    3.101 | 
     | picorv32_core_reg_op2_reg[13] | CK ^ -> Q ^    | DFFQXL   | 0.124 |   0.124 |    3.225 | 
     | FE_OFC396_pcpi_rs2_13         | A ^ -> Y v     | INVXL    | 0.055 |   0.179 |    3.280 | 
     | FE_OFC397_pcpi_rs2_13         | A v -> Y ^     | INVX1    | 0.050 |   0.228 |    3.329 | 
     | FE_OFC690_pcpi_rs2_13         | A ^ -> Y ^     | CLKBUFX8 | 0.141 |   0.369 |    3.470 | 
     |                               | pcpi_rs2[13] ^ |          | 0.010 |   0.379 |    3.480 | 
     +----------------------------------------------------------------------------------------+ 
Path 10: MET Late External Delay Assertion 
Endpoint:   pcpi_rs2[8]                    (v) checked with  leading edge of 
'clk'
Beginpoint: picorv32_core_reg_op2_reg[8]/Q (v) triggered by  leading edge of 
'clk'
Path Groups: {reg2out}
Analysis View: analysis1
Other End Arrival Time          0.000
- External Delay                0.500
+ Phase Shift                   4.000
- Uncertainty                   0.020
= Required Time                 3.480
- Arrival Time                  0.377
= Slack Time                    3.103
     Clock Rise Edge                 0.000
     + Clock Network Latency (Ideal) 0.000
     = Beginpoint Arrival Time       0.000
     +--------------------------------------------------------------------------------------+ 
     |           Instance           |      Arc      |   Cell   | Delay | Arrival | Required | 
     |                              |               |          |       |  Time   |   Time   | 
     |------------------------------+---------------+----------+-------+---------+----------| 
     | picorv32_core_reg_op2_reg[8] | CK ^          |          |       |   0.000 |    3.103 | 
     | picorv32_core_reg_op2_reg[8] | CK ^ -> Q v   | DFFQXL   | 0.097 |   0.097 |    3.199 | 
     | FE_OFC414_pcpi_rs2_8         | A v -> Y ^    | INVXL    | 0.088 |   0.184 |    3.287 | 
     | FE_OFC416_pcpi_rs2_8         | A ^ -> Y v    | INVXL    | 0.040 |   0.224 |    3.327 | 
     | FE_OFC194639_pcpi_rs2_8      | A v -> Y v    | CLKBUFX8 | 0.142 |   0.366 |    3.469 | 
     |                              | pcpi_rs2[8] v |          | 0.011 |   0.377 |    3.480 | 
     +--------------------------------------------------------------------------------------+ 
Path 11: MET Late External Delay Assertion 
Endpoint:   pcpi_rs2[1]                    (v) checked with  leading edge of 
'clk'
Beginpoint: picorv32_core_reg_op2_reg[1]/Q (v) triggered by  leading edge of 
'clk'
Path Groups: {reg2out}
Analysis View: analysis1
Other End Arrival Time          0.000
- External Delay                0.500
+ Phase Shift                   4.000
- Uncertainty                   0.020
= Required Time                 3.480
- Arrival Time                  0.377
= Slack Time                    3.103
     Clock Rise Edge                 0.000
     + Clock Network Latency (Ideal) 0.000
     = Beginpoint Arrival Time       0.000
     +------------------------------------------------------------------------------------+ 
     |           Instance           |      Arc      |  Cell  | Delay | Arrival | Required | 
     |                              |               |        |       |  Time   |   Time   | 
     |------------------------------+---------------+--------+-------+---------+----------| 
     | picorv32_core_reg_op2_reg[1] | CK ^          |        |       |   0.000 |    3.103 | 
     | picorv32_core_reg_op2_reg[1] | CK ^ -> Q v   | DFFQXL | 0.129 |   0.129 |    3.232 | 
     | FE_OFC439_pcpi_rs2_1         | A v -> Y ^    | INVXL  | 0.085 |   0.214 |    3.317 | 
     | FE_OFC706_pcpi_rs2_1         | A ^ -> Y v    | INVX8  | 0.149 |   0.363 |    3.466 | 
     |                              | pcpi_rs2[1] v |        | 0.014 |   0.377 |    3.480 | 
     +------------------------------------------------------------------------------------+ 
Path 12: MET Late External Delay Assertion 
Endpoint:   pcpi_rs2[11]                    (v) checked with  leading edge of 
'clk'
Beginpoint: picorv32_core_reg_op2_reg[11]/Q (v) triggered by  leading edge of 
'clk'
Path Groups: {reg2out}
Analysis View: analysis1
Other End Arrival Time          0.000
- External Delay                0.500
+ Phase Shift                   4.000
- Uncertainty                   0.020
= Required Time                 3.480
- Arrival Time                  0.377
= Slack Time                    3.103
     Clock Rise Edge                 0.000
     + Clock Network Latency (Ideal) 0.000
     = Beginpoint Arrival Time       0.000
     +----------------------------------------------------------------------------------------+ 
     |           Instance            |      Arc       |   Cell   | Delay | Arrival | Required | 
     |                               |                |          |       |  Time   |   Time   | 
     |-------------------------------+----------------+----------+-------+---------+----------| 
     | picorv32_core_reg_op2_reg[11] | CK ^           |          |       |   0.000 |    3.103 | 
     | picorv32_core_reg_op2_reg[11] | CK ^ -> Q v    | DFFQXL   | 0.111 |   0.111 |    3.214 | 
     | FE_OFC403_pcpi_rs2_11         | A v -> Y ^     | INVXL    | 0.057 |   0.168 |    3.271 | 
     | FE_OFC404_pcpi_rs2_11         | A ^ -> Y v     | INVX1    | 0.050 |   0.218 |    3.321 | 
     | FE_OFC693_pcpi_rs2_11         | A v -> Y v     | CLKBUFX8 | 0.146 |   0.364 |    3.467 | 
     |                               | pcpi_rs2[11] v |          | 0.013 |   0.377 |    3.480 | 
     +----------------------------------------------------------------------------------------+ 
Path 13: MET Late External Delay Assertion 
Endpoint:   pcpi_rs2[7]                    (v) checked with  leading edge of 
'clk'
Beginpoint: picorv32_core_reg_op2_reg[7]/Q (v) triggered by  leading edge of 
'clk'
Path Groups: {reg2out}
Analysis View: analysis1
Other End Arrival Time          0.000
- External Delay                0.500
+ Phase Shift                   4.000
- Uncertainty                   0.020
= Required Time                 3.480
- Arrival Time                  0.373
= Slack Time                    3.107
     Clock Rise Edge                 0.000
     + Clock Network Latency (Ideal) 0.000
     = Beginpoint Arrival Time       0.000
     +--------------------------------------------------------------------------------------+ 
     |           Instance           |      Arc      |   Cell   | Delay | Arrival | Required | 
     |                              |               |          |       |  Time   |   Time   | 
     |------------------------------+---------------+----------+-------+---------+----------| 
     | picorv32_core_reg_op2_reg[7] | CK ^          |          |       |   0.000 |    3.107 | 
     | picorv32_core_reg_op2_reg[7] | CK ^ -> Q v   | DFFQXL   | 0.109 |   0.109 |    3.216 | 
     | FE_OFC418_pcpi_rs2_7         | A v -> Y ^    | INVXL    | 0.052 |   0.161 |    3.267 | 
     | FE_OFC420_pcpi_rs2_7         | A ^ -> Y v    | INVX1    | 0.052 |   0.213 |    3.320 | 
     | FE_OFC696_pcpi_rs2_7         | A v -> Y v    | CLKBUFX8 | 0.146 |   0.359 |    3.466 | 
     |                              | pcpi_rs2[7] v |          | 0.014 |   0.373 |    3.480 | 
     +--------------------------------------------------------------------------------------+ 
Path 14: MET Late External Delay Assertion 
Endpoint:   pcpi_rs1[9]                    (v) checked with  leading edge of 
'clk'
Beginpoint: picorv32_core_reg_op1_reg[9]/Q (v) triggered by  leading edge of 
'clk'
Path Groups: {reg2out}
Analysis View: analysis1
Other End Arrival Time          0.000
- External Delay                0.500
+ Phase Shift                   4.000
- Uncertainty                   0.020
= Required Time                 3.480
- Arrival Time                  0.371
= Slack Time                    3.109
     Clock Rise Edge                 0.000
     + Clock Network Latency (Ideal) 0.000
     = Beginpoint Arrival Time       0.000
     +------------------------------------------------------------------------------------+ 
     |           Instance           |      Arc      |  Cell  | Delay | Arrival | Required | 
     |                              |               |        |       |  Time   |   Time   | 
     |------------------------------+---------------+--------+-------+---------+----------| 
     | picorv32_core_reg_op1_reg[9] | CK ^          |        |       |   0.000 |    3.109 | 
     | picorv32_core_reg_op1_reg[9] | CK ^ -> Q v   | DFFQXL | 0.099 |   0.099 |    3.209 | 
     | FE_OFC312_pcpi_rs1_9         | A v -> Y ^    | INVXL  | 0.098 |   0.197 |    3.306 | 
     | FE_OFC314_pcpi_rs1_9         | A ^ -> Y v    | INVX8  | 0.157 |   0.354 |    3.463 | 
     |                              | pcpi_rs1[9] v |        | 0.017 |   0.371 |    3.480 | 
     +------------------------------------------------------------------------------------+ 
Path 15: MET Late External Delay Assertion 
Endpoint:   pcpi_rs2[26]                    (^) checked with  leading edge of 
'clk'
Beginpoint: picorv32_core_reg_op2_reg[26]/Q (^) triggered by  leading edge of 
'clk'
Path Groups: {reg2out}
Analysis View: analysis1
Other End Arrival Time          0.000
- External Delay                0.500
+ Phase Shift                   4.000
- Uncertainty                   0.020
= Required Time                 3.480
- Arrival Time                  0.364
= Slack Time                    3.116
     Clock Rise Edge                 0.000
     + Clock Network Latency (Ideal) 0.000
     = Beginpoint Arrival Time       0.000
     +----------------------------------------------------------------------------------------+ 
     |           Instance            |      Arc       |   Cell   | Delay | Arrival | Required | 
     |                               |                |          |       |  Time   |   Time   | 
     |-------------------------------+----------------+----------+-------+---------+----------| 
     | picorv32_core_reg_op2_reg[26] | CK ^           |          |       |   0.000 |    3.116 | 
     | picorv32_core_reg_op2_reg[26] | CK ^ -> Q ^    | DFFQXL   | 0.104 |   0.104 |    3.220 | 
     | FE_OFC359_pcpi_rs2_26         | A ^ -> Y v     | INVX1    | 0.055 |   0.159 |    3.276 | 
     | FE_OFC360_pcpi_rs2_26         | A v -> Y ^     | INVXL    | 0.053 |   0.212 |    3.329 | 
     | FE_OFC361_pcpi_rs2_26         | A ^ -> Y ^     | CLKBUFX8 | 0.136 |   0.348 |    3.464 | 
     |                               | pcpi_rs2[26] ^ |          | 0.016 |   0.364 |    3.480 | 
     +----------------------------------------------------------------------------------------+ 
Path 16: MET Late External Delay Assertion 
Endpoint:   pcpi_rs2[17]                    (v) checked with  leading edge of 
'clk'
Beginpoint: picorv32_core_reg_op2_reg[17]/Q (v) triggered by  leading edge of 
'clk'
Path Groups: {reg2out}
Analysis View: analysis1
Other End Arrival Time          0.000
- External Delay                0.500
+ Phase Shift                   4.000
- Uncertainty                   0.020
= Required Time                 3.480
- Arrival Time                  0.357
= Slack Time                    3.123
     Clock Rise Edge                 0.000
     + Clock Network Latency (Ideal) 0.000
     = Beginpoint Arrival Time       0.000
     +--------------------------------------------------------------------------------------+ 
     |           Instance            |      Arc       |  Cell  | Delay | Arrival | Required | 
     |                               |                |        |       |  Time   |   Time   | 
     |-------------------------------+----------------+--------+-------+---------+----------| 
     | picorv32_core_reg_op2_reg[17] | CK ^           |        |       |   0.000 |    3.123 | 
     | picorv32_core_reg_op2_reg[17] | CK ^ -> Q v    | DFFQXL | 0.106 |   0.106 |    3.229 | 
     | FE_OFC380_pcpi_rs2_17         | A v -> Y ^     | INVXL  | 0.084 |   0.191 |    3.313 | 
     | FE_OFC685_pcpi_rs2_17         | A ^ -> Y v     | INVX8  | 0.149 |   0.340 |    3.463 | 
     |                               | pcpi_rs2[17] v |        | 0.018 |   0.357 |    3.480 | 
     +--------------------------------------------------------------------------------------+ 
Path 17: MET Late External Delay Assertion 
Endpoint:   pcpi_rs1[24]                    (v) checked with  leading edge of 
'clk'
Beginpoint: picorv32_core_reg_op1_reg[24]/Q (v) triggered by  leading edge of 
'clk'
Path Groups: {reg2out}
Analysis View: analysis1
Other End Arrival Time          0.000
- External Delay                0.500
+ Phase Shift                   4.000
- Uncertainty                   0.020
= Required Time                 3.480
- Arrival Time                  0.355
= Slack Time                    3.125
     Clock Rise Edge                 0.000
     + Clock Network Latency (Ideal) 0.000
     = Beginpoint Arrival Time       0.000
     +--------------------------------------------------------------------------------------+ 
     |           Instance            |      Arc       |  Cell  | Delay | Arrival | Required | 
     |                               |                |        |       |  Time   |   Time   | 
     |-------------------------------+----------------+--------+-------+---------+----------| 
     | picorv32_core_reg_op1_reg[24] | CK ^           |        |       |   0.000 |    3.124 | 
     | picorv32_core_reg_op1_reg[24] | CK ^ -> Q v    | DFFQXL | 0.120 |   0.120 |    3.245 | 
     | FE_OFC268_pcpi_rs1_24         | A v -> Y ^     | INVXL  | 0.075 |   0.195 |    3.320 | 
     | FE_OFC644_pcpi_rs1_24         | A ^ -> Y v     | INVX8  | 0.145 |   0.340 |    3.464 | 
     |                               | pcpi_rs1[24] v |        | 0.016 |   0.355 |    3.480 | 
     +--------------------------------------------------------------------------------------+ 
Path 18: MET Late External Delay Assertion 
Endpoint:   pcpi_rs2[14]                    (v) checked with  leading edge of 
'clk'
Beginpoint: picorv32_core_reg_op2_reg[14]/Q (v) triggered by  leading edge of 
'clk'
Path Groups: {reg2out}
Analysis View: analysis1
Other End Arrival Time          0.000
- External Delay                0.500
+ Phase Shift                   4.000
- Uncertainty                   0.020
= Required Time                 3.480
- Arrival Time                  0.355
= Slack Time                    3.125
     Clock Rise Edge                 0.000
     + Clock Network Latency (Ideal) 0.000
     = Beginpoint Arrival Time       0.000
     +----------------------------------------------------------------------------------------+ 
     |           Instance            |      Arc       |   Cell   | Delay | Arrival | Required | 
     |                               |                |          |       |  Time   |   Time   | 
     |-------------------------------+----------------+----------+-------+---------+----------| 
     | picorv32_core_reg_op2_reg[14] | CK ^           |          |       |   0.000 |    3.125 | 
     | picorv32_core_reg_op2_reg[14] | CK ^ -> Q v    | DFFQXL   | 0.092 |   0.092 |    3.217 | 
     | FE_OFC810_pcpi_rs2_14         | A v -> Y ^     | INVXL    | 0.040 |   0.132 |    3.257 | 
     | FE_OFC811_pcpi_rs2_14         | A ^ -> Y v     | INVX1    | 0.060 |   0.192 |    3.317 | 
     | FE_OFC689_pcpi_rs2_14         | A v -> Y v     | CLKBUFX8 | 0.149 |   0.342 |    3.466 | 
     |                               | pcpi_rs2[14] v |          | 0.014 |   0.355 |    3.480 | 
     +----------------------------------------------------------------------------------------+ 
Path 19: MET Late External Delay Assertion 
Endpoint:   pcpi_rs2[5]                    (^) checked with  leading edge of 
'clk'
Beginpoint: picorv32_core_reg_op2_reg[5]/Q (^) triggered by  leading edge of 
'clk'
Path Groups: {reg2out}
Analysis View: analysis1
Other End Arrival Time          0.000
- External Delay                0.500
+ Phase Shift                   4.000
- Uncertainty                   0.020
= Required Time                 3.480
- Arrival Time                  0.355
= Slack Time                    3.125
     Clock Rise Edge                 0.000
     + Clock Network Latency (Ideal) 0.000
     = Beginpoint Arrival Time       0.000
     +--------------------------------------------------------------------------------------+ 
     |           Instance           |      Arc      |   Cell   | Delay | Arrival | Required | 
     |                              |               |          |       |  Time   |   Time   | 
     |------------------------------+---------------+----------+-------+---------+----------| 
     | picorv32_core_reg_op2_reg[5] | CK ^          |          |       |   0.000 |    3.125 | 
     | picorv32_core_reg_op2_reg[5] | CK ^ -> Q ^   | DFFQXL   | 0.106 |   0.106 |    3.231 | 
     | FE_OFC425_pcpi_rs2_5         | A ^ -> Y v    | INVX1    | 0.044 |   0.149 |    3.274 | 
     | FE_OFC426_pcpi_rs2_5         | A v -> Y ^    | INVX1    | 0.053 |   0.203 |    3.328 | 
     | FE_OFC698_pcpi_rs2_5         | A ^ -> Y ^    | CLKBUFX8 | 0.139 |   0.341 |    3.466 | 
     |                              | pcpi_rs2[5] ^ |          | 0.014 |   0.355 |    3.480 | 
     +--------------------------------------------------------------------------------------+ 
Path 20: MET Late External Delay Assertion 
Endpoint:   pcpi_rs1[13]                    (v) checked with  leading edge of 
'clk'
Beginpoint: picorv32_core_reg_op1_reg[13]/Q (v) triggered by  leading edge of 
'clk'
Path Groups: {reg2out}
Analysis View: analysis1
Other End Arrival Time          0.000
- External Delay                0.500
+ Phase Shift                   4.000
- Uncertainty                   0.020
= Required Time                 3.480
- Arrival Time                  0.353
= Slack Time                    3.127
     Clock Rise Edge                 0.000
     + Clock Network Latency (Ideal) 0.000
     = Beginpoint Arrival Time       0.000
     +--------------------------------------------------------------------------------------+ 
     |           Instance            |      Arc       |  Cell  | Delay | Arrival | Required | 
     |                               |                |        |       |  Time   |   Time   | 
     |-------------------------------+----------------+--------+-------+---------+----------| 
     | picorv32_core_reg_op1_reg[13] | CK ^           |        |       |   0.000 |    3.127 | 
     | picorv32_core_reg_op1_reg[13] | CK ^ -> Q v    | DFFQXL | 0.125 |   0.125 |    3.252 | 
     | FE_OFC300_pcpi_rs1_13         | A v -> Y ^     | INVXL  | 0.070 |   0.195 |    3.322 | 
     | FE_OFC664_pcpi_rs1_13         | A ^ -> Y v     | INVX8  | 0.141 |   0.336 |    3.463 | 
     |                               | pcpi_rs1[13] v |        | 0.017 |   0.353 |    3.480 | 
     +--------------------------------------------------------------------------------------+ 
Path 21: MET Late External Delay Assertion 
Endpoint:   pcpi_rs2[3]                     (v) checked with  leading edge of 
'clk'
Beginpoint: picorv32_core_reg_op2_reg[3]/QN (^) triggered by  leading edge of 
'clk'
Path Groups: {reg2out}
Analysis View: analysis1
Other End Arrival Time          0.000
- External Delay                0.500
+ Phase Shift                   4.000
- Uncertainty                   0.020
= Required Time                 3.480
- Arrival Time                  0.352
= Slack Time                    3.128
     Clock Rise Edge                 0.000
     + Clock Network Latency (Ideal) 0.000
     = Beginpoint Arrival Time       0.000
     +-----------------------------------------------------------------------------------+ 
     |           Instance           |      Arc      |  Cell | Delay | Arrival | Required | 
     |                              |               |       |       |  Time   |   Time   | 
     |------------------------------+---------------+-------+-------+---------+----------| 
     | picorv32_core_reg_op2_reg[3] | CK ^          |       |       |   0.000 |    3.128 | 
     | picorv32_core_reg_op2_reg[3] | CK ^ -> QN ^  | DFFX1 | 0.062 |   0.062 |    3.190 | 
     | picorv32_core_g197736        | A ^ -> Y v    | INVX2 | 0.077 |   0.138 |    3.267 | 
     | FE_OFC788_pcpi_rs2_3         | A v -> Y ^    | INVX1 | 0.060 |   0.198 |    3.327 | 
     | FE_OFC702_pcpi_rs2_3         | A ^ -> Y v    | INVX8 | 0.140 |   0.338 |    3.466 | 
     |                              | pcpi_rs2[3] v |       | 0.014 |   0.352 |    3.480 | 
     +-----------------------------------------------------------------------------------+ 
Path 22: MET Late External Delay Assertion 
Endpoint:   pcpi_rs1[15]                    (v) checked with  leading edge of 
'clk'
Beginpoint: picorv32_core_reg_op1_reg[15]/Q (v) triggered by  leading edge of 
'clk'
Path Groups: {reg2out}
Analysis View: analysis1
Other End Arrival Time          0.000
- External Delay                0.500
+ Phase Shift                   4.000
- Uncertainty                   0.020
= Required Time                 3.480
- Arrival Time                  0.351
= Slack Time                    3.129
     Clock Rise Edge                 0.000
     + Clock Network Latency (Ideal) 0.000
     = Beginpoint Arrival Time       0.000
     +--------------------------------------------------------------------------------------+ 
     |           Instance            |      Arc       |  Cell  | Delay | Arrival | Required | 
     |                               |                |        |       |  Time   |   Time   | 
     |-------------------------------+----------------+--------+-------+---------+----------| 
     | picorv32_core_reg_op1_reg[15] | CK ^           |        |       |   0.000 |    3.129 | 
     | picorv32_core_reg_op1_reg[15] | CK ^ -> Q v    | DFFQXL | 0.119 |   0.119 |    3.248 | 
     | FE_OFC292_pcpi_rs1_15         | A v -> Y ^     | INVXL  | 0.073 |   0.192 |    3.321 | 
     | FE_OFC660_pcpi_rs1_15         | A ^ -> Y v     | INVX8  | 0.144 |   0.336 |    3.465 | 
     |                               | pcpi_rs1[15] v |        | 0.015 |   0.351 |    3.480 | 
     +--------------------------------------------------------------------------------------+ 
Path 23: MET Late External Delay Assertion 
Endpoint:   pcpi_rs1[5]                    (^) checked with  leading edge of 
'clk'
Beginpoint: picorv32_core_reg_op1_reg[5]/Q (^) triggered by  leading edge of 
'clk'
Path Groups: {reg2out}
Analysis View: analysis1
Other End Arrival Time          0.000
- External Delay                0.500
+ Phase Shift                   4.000
- Uncertainty                   0.020
= Required Time                 3.480
- Arrival Time                  0.347
= Slack Time                    3.133
     Clock Rise Edge                 0.000
     + Clock Network Latency (Ideal) 0.000
     = Beginpoint Arrival Time       0.000
     +------------------------------------------------------------------------------------+ 
     |           Instance           |      Arc      |  Cell  | Delay | Arrival | Required | 
     |                              |               |        |       |  Time   |   Time   | 
     |------------------------------+---------------+--------+-------+---------+----------| 
     | picorv32_core_reg_op1_reg[5] | CK ^          |        |       |   0.000 |    3.133 | 
     | picorv32_core_reg_op1_reg[5] | CK ^ -> Q ^   | DFFQXL | 0.144 |   0.144 |    3.277 | 
     | FE_RC_9_0                    | A ^ -> Y v    | INVX1  | 0.060 |   0.204 |    3.337 | 
     | FE_OFC674_pcpi_rs1_5         | A v -> Y ^    | INVX8  | 0.129 |   0.333 |    3.466 | 
     |                              | pcpi_rs1[5] ^ |        | 0.014 |   0.347 |    3.480 | 
     +------------------------------------------------------------------------------------+ 
Path 24: MET Late External Delay Assertion 
Endpoint:   pcpi_rs1[22]                    (v) checked with  leading edge of 
'clk'
Beginpoint: picorv32_core_reg_op1_reg[22]/Q (v) triggered by  leading edge of 
'clk'
Path Groups: {reg2out}
Analysis View: analysis1
Other End Arrival Time          0.000
- External Delay                0.500
+ Phase Shift                   4.000
- Uncertainty                   0.020
= Required Time                 3.480
- Arrival Time                  0.347
= Slack Time                    3.133
     Clock Rise Edge                 0.000
     + Clock Network Latency (Ideal) 0.000
     = Beginpoint Arrival Time       0.000
     +--------------------------------------------------------------------------------------+ 
     |           Instance            |      Arc       |  Cell  | Delay | Arrival | Required | 
     |                               |                |        |       |  Time   |   Time   | 
     |-------------------------------+----------------+--------+-------+---------+----------| 
     | picorv32_core_reg_op1_reg[22] | CK ^           |        |       |   0.000 |    3.133 | 
     | picorv32_core_reg_op1_reg[22] | CK ^ -> Q v    | DFFQXL | 0.117 |   0.117 |    3.250 | 
     | FE_OFC274_pcpi_rs1_22         | A v -> Y ^     | INVXL  | 0.072 |   0.189 |    3.322 | 
     | FE_OFC648_pcpi_rs1_22         | A ^ -> Y v     | INVX8  | 0.148 |   0.337 |    3.470 | 
     |                               | pcpi_rs1[22] v |        | 0.010 |   0.347 |    3.480 | 
     +--------------------------------------------------------------------------------------+ 
Path 25: MET Late External Delay Assertion 
Endpoint:   pcpi_rs1[20]                    (v) checked with  leading edge of 
'clk'
Beginpoint: picorv32_core_reg_op1_reg[20]/Q (v) triggered by  leading edge of 
'clk'
Path Groups: {reg2out}
Analysis View: analysis1
Other End Arrival Time          0.000
- External Delay                0.500
+ Phase Shift                   4.000
- Uncertainty                   0.020
= Required Time                 3.480
- Arrival Time                  0.345
= Slack Time                    3.135
     Clock Rise Edge                 0.000
     + Clock Network Latency (Ideal) 0.000
     = Beginpoint Arrival Time       0.000
     +--------------------------------------------------------------------------------------+ 
     |           Instance            |      Arc       |  Cell  | Delay | Arrival | Required | 
     |                               |                |        |       |  Time   |   Time   | 
     |-------------------------------+----------------+--------+-------+---------+----------| 
     | picorv32_core_reg_op1_reg[20] | CK ^           |        |       |   0.000 |    3.135 | 
     | picorv32_core_reg_op1_reg[20] | CK ^ -> Q v    | DFFQXL | 0.116 |   0.115 |    3.250 | 
     | FE_OFC279_pcpi_rs1_20         | A v -> Y ^     | INVXL  | 0.071 |   0.187 |    3.322 | 
     | FE_OFC652_pcpi_rs1_20         | A ^ -> Y v     | INVX8  | 0.145 |   0.332 |    3.467 | 
     |                               | pcpi_rs1[20] v |        | 0.014 |   0.345 |    3.480 | 
     +--------------------------------------------------------------------------------------+ 
Path 26: MET Late External Delay Assertion 
Endpoint:   pcpi_rs2[12]                    (v) checked with  leading edge of 
'clk'
Beginpoint: picorv32_core_reg_op2_reg[12]/Q (v) triggered by  leading edge of 
'clk'
Path Groups: {reg2out}
Analysis View: analysis1
Other End Arrival Time          0.000
- External Delay                0.500
+ Phase Shift                   4.000
- Uncertainty                   0.020
= Required Time                 3.480
- Arrival Time                  0.344
= Slack Time                    3.136
     Clock Rise Edge                 0.000
     + Clock Network Latency (Ideal) 0.000
     = Beginpoint Arrival Time       0.000
     +--------------------------------------------------------------------------------------+ 
     |           Instance            |      Arc       |  Cell  | Delay | Arrival | Required | 
     |                               |                |        |       |  Time   |   Time   | 
     |-------------------------------+----------------+--------+-------+---------+----------| 
     | picorv32_core_reg_op2_reg[12] | CK ^           |        |       |   0.000 |    3.136 | 
     | picorv32_core_reg_op2_reg[12] | CK ^ -> Q v    | DFFQXL | 0.042 |   0.042 |    3.178 | 
     | FE_OFC818_pcpi_rs2_12         | A v -> Y ^     | INVX1  | 0.040 |   0.081 |    3.217 | 
     | FE_OFC819_pcpi_rs2_12         | A ^ -> Y v     | INVX1  | 0.068 |   0.149 |    3.285 | 
     | FE_OFC820_pcpi_rs2_12         | A v -> Y ^     | INVX1  | 0.043 |   0.193 |    3.329 | 
     | FE_OFC692_pcpi_rs2_12         | A ^ -> Y v     | INVX8  | 0.133 |   0.326 |    3.462 | 
     |                               | pcpi_rs2[12] v |        | 0.018 |   0.344 |    3.480 | 
     +--------------------------------------------------------------------------------------+ 
Path 27: MET Late External Delay Assertion 
Endpoint:   pcpi_rs1[28]                    (^) checked with  leading edge of 
'clk'
Beginpoint: picorv32_core_reg_op1_reg[28]/Q (^) triggered by  leading edge of 
'clk'
Path Groups: {reg2out}
Analysis View: analysis1
Other End Arrival Time          0.000
- External Delay                0.500
+ Phase Shift                   4.000
- Uncertainty                   0.020
= Required Time                 3.480
- Arrival Time                  0.342
= Slack Time                    3.138
     Clock Rise Edge                 0.000
     + Clock Network Latency (Ideal) 0.000
     = Beginpoint Arrival Time       0.000
     +--------------------------------------------------------------------------------------+ 
     |           Instance            |      Arc       |  Cell  | Delay | Arrival | Required | 
     |                               |                |        |       |  Time   |   Time   | 
     |-------------------------------+----------------+--------+-------+---------+----------| 
     | picorv32_core_reg_op1_reg[28] | CK ^           |        |       |   0.000 |    3.138 | 
     | picorv32_core_reg_op1_reg[28] | CK ^ -> Q ^    | DFFQXL | 0.134 |   0.134 |    3.272 | 
     | FE_OFC834_pcpi_rs1_28         | A ^ -> Y v     | INVX1  | 0.063 |   0.197 |    3.335 | 
     | FE_OFC639_pcpi_rs1_28         | A v -> Y ^     | INVX8  | 0.130 |   0.327 |    3.465 | 
     |                               | pcpi_rs1[28] ^ |        | 0.015 |   0.342 |    3.480 | 
     +--------------------------------------------------------------------------------------+ 
Path 28: MET Late External Delay Assertion 
Endpoint:   pcpi_rs1[7]                    (^) checked with  leading edge of 
'clk'
Beginpoint: picorv32_core_reg_op1_reg[7]/Q (^) triggered by  leading edge of 
'clk'
Path Groups: {reg2out}
Analysis View: analysis1
Other End Arrival Time          0.000
- External Delay                0.500
+ Phase Shift                   4.000
- Uncertainty                   0.020
= Required Time                 3.480
- Arrival Time                  0.342
= Slack Time                    3.138
     Clock Rise Edge                 0.000
     + Clock Network Latency (Ideal) 0.000
     = Beginpoint Arrival Time       0.000
     +------------------------------------------------------------------------------------+ 
     |           Instance           |      Arc      |  Cell  | Delay | Arrival | Required | 
     |                              |               |        |       |  Time   |   Time   | 
     |------------------------------+---------------+--------+-------+---------+----------| 
     | picorv32_core_reg_op1_reg[7] | CK ^          |        |       |   0.000 |    3.138 | 
     | picorv32_core_reg_op1_reg[7] | CK ^ -> Q ^   | DFFQXL | 0.140 |   0.140 |    3.278 | 
     | FE_RC_10_0                   | A ^ -> Y v    | INVX1  | 0.059 |   0.200 |    3.337 | 
     | FE_OFC670_pcpi_rs1_7         | A v -> Y ^    | INVX8  | 0.129 |   0.329 |    3.467 | 
     |                              | pcpi_rs1[7] ^ |        | 0.013 |   0.342 |    3.480 | 
     +------------------------------------------------------------------------------------+ 
Path 29: MET Late External Delay Assertion 
Endpoint:   pcpi_rs1[3]                    (^) checked with  leading edge of 
'clk'
Beginpoint: picorv32_core_reg_op1_reg[3]/Q (^) triggered by  leading edge of 
'clk'
Path Groups: {reg2out}
Analysis View: analysis1
Other End Arrival Time          0.000
- External Delay                0.500
+ Phase Shift                   4.000
- Uncertainty                   0.020
= Required Time                 3.480
- Arrival Time                  0.340
= Slack Time                    3.140
     Clock Rise Edge                 0.000
     + Clock Network Latency (Ideal) 0.000
     = Beginpoint Arrival Time       0.000
     +------------------------------------------------------------------------------------+ 
     |           Instance           |      Arc      |  Cell  | Delay | Arrival | Required | 
     |                              |               |        |       |  Time   |   Time   | 
     |------------------------------+---------------+--------+-------+---------+----------| 
     | picorv32_core_reg_op1_reg[3] | CK ^          |        |       |   0.000 |    3.140 | 
     | picorv32_core_reg_op1_reg[3] | CK ^ -> Q ^   | DFFQXL | 0.138 |   0.138 |    3.277 | 
     | FE_RC_8_0                    | A ^ -> Y v    | INVX1  | 0.059 |   0.197 |    3.337 | 
     | FE_OFC676_pcpi_rs1_3         | A v -> Y ^    | INVX8  | 0.129 |   0.326 |    3.466 | 
     |                              | pcpi_rs1[3] ^ |        | 0.014 |   0.340 |    3.480 | 
     +------------------------------------------------------------------------------------+ 
Path 30: MET Late External Delay Assertion 
Endpoint:   pcpi_rs1[30]                    (v) checked with  leading edge of 
'clk'
Beginpoint: picorv32_core_reg_op1_reg[30]/Q (v) triggered by  leading edge of 
'clk'
Path Groups: {reg2out}
Analysis View: analysis1
Other End Arrival Time          0.000
- External Delay                0.500
+ Phase Shift                   4.000
- Uncertainty                   0.020
= Required Time                 3.480
- Arrival Time                  0.340
= Slack Time                    3.140
     Clock Rise Edge                 0.000
     + Clock Network Latency (Ideal) 0.000
     = Beginpoint Arrival Time       0.000
     +--------------------------------------------------------------------------------------+ 
     |           Instance            |      Arc       |  Cell  | Delay | Arrival | Required | 
     |                               |                |        |       |  Time   |   Time   | 
     |-------------------------------+----------------+--------+-------+---------+----------| 
     | picorv32_core_reg_op1_reg[30] | CK ^           |        |       |   0.000 |    3.140 | 
     | picorv32_core_reg_op1_reg[30] | CK ^ -> Q v    | DFFQXL | 0.112 |   0.112 |    3.252 | 
     | FE_OFC250_pcpi_rs1_30         | A v -> Y ^     | INVXL  | 0.067 |   0.178 |    3.318 | 
     | FE_OFC251_pcpi_rs1_30         | A ^ -> Y v     | INVX8  | 0.133 |   0.311 |    3.451 | 
     |                               | pcpi_rs1[30] v |        | 0.029 |   0.340 |    3.480 | 
     +--------------------------------------------------------------------------------------+ 
Path 31: MET Late External Delay Assertion 
Endpoint:   pcpi_rs1[4]                    (v) checked with  leading edge of 
'clk'
Beginpoint: picorv32_core_reg_op1_reg[4]/Q (v) triggered by  leading edge of 
'clk'
Path Groups: {reg2out}
Analysis View: analysis1
Other End Arrival Time          0.000
- External Delay                0.500
+ Phase Shift                   4.000
- Uncertainty                   0.020
= Required Time                 3.480
- Arrival Time                  0.338
= Slack Time                    3.142
     Clock Rise Edge                 0.000
     + Clock Network Latency (Ideal) 0.000
     = Beginpoint Arrival Time       0.000
     +------------------------------------------------------------------------------------+ 
     |           Instance           |      Arc      |  Cell  | Delay | Arrival | Required | 
     |                              |               |        |       |  Time   |   Time   | 
     |------------------------------+---------------+--------+-------+---------+----------| 
     | picorv32_core_reg_op1_reg[4] | CK ^          |        |       |   0.000 |    3.142 | 
     | picorv32_core_reg_op1_reg[4] | CK ^ -> Q v   | DFFQXL | 0.051 |   0.051 |    3.193 | 
     | FE_OFC841_pcpi_rs1_4         | A v -> Y ^    | INVXL  | 0.028 |   0.078 |    3.220 | 
     | FE_OFC842_pcpi_rs1_4         | A ^ -> Y v    | INVX1  | 0.065 |   0.143 |    3.285 | 
     | FE_OFC843_pcpi_rs1_4         | A v -> Y ^    | INVX1  | 0.044 |   0.188 |    3.329 | 
     | FE_OFC329_pcpi_rs1_4         | A ^ -> Y v    | INVX8  | 0.137 |   0.325 |    3.467 | 
     |                              | pcpi_rs1[4] v |        | 0.014 |   0.338 |    3.480 | 
     +------------------------------------------------------------------------------------+ 
Path 32: MET Late External Delay Assertion 
Endpoint:   pcpi_rs1[23]                    (v) checked with  leading edge of 
'clk'
Beginpoint: picorv32_core_reg_op1_reg[23]/Q (v) triggered by  leading edge of 
'clk'
Path Groups: {reg2out}
Analysis View: analysis1
Other End Arrival Time          0.000
- External Delay                0.500
+ Phase Shift                   4.000
- Uncertainty                   0.020
= Required Time                 3.480
- Arrival Time                  0.337
= Slack Time                    3.143
     Clock Rise Edge                 0.000
     + Clock Network Latency (Ideal) 0.000
     = Beginpoint Arrival Time       0.000
     +--------------------------------------------------------------------------------------+ 
     |           Instance            |      Arc       |  Cell  | Delay | Arrival | Required | 
     |                               |                |        |       |  Time   |   Time   | 
     |-------------------------------+----------------+--------+-------+---------+----------| 
     | picorv32_core_reg_op1_reg[23] | CK ^           |        |       |   0.000 |    3.143 | 
     | picorv32_core_reg_op1_reg[23] | CK ^ -> Q v    | DFFQXL | 0.110 |   0.110 |    3.254 | 
     | FE_OFC271_pcpi_rs1_23         | A v -> Y ^     | INVXL  | 0.068 |   0.178 |    3.322 | 
     | FE_OFC646_pcpi_rs1_23         | A ^ -> Y v     | INVX8  | 0.143 |   0.322 |    3.465 | 
     |                               | pcpi_rs1[23] v |        | 0.015 |   0.337 |    3.480 | 
     +--------------------------------------------------------------------------------------+ 
Path 33: MET Late External Delay Assertion 
Endpoint:   pcpi_rs1[25]                    (^) checked with  leading edge of 
'clk'
Beginpoint: picorv32_core_reg_op1_reg[25]/Q (^) triggered by  leading edge of 
'clk'
Path Groups: {reg2out}
Analysis View: analysis1
Other End Arrival Time          0.000
- External Delay                0.500
+ Phase Shift                   4.000
- Uncertainty                   0.020
= Required Time                 3.480
- Arrival Time                  0.332
= Slack Time                    3.148
     Clock Rise Edge                 0.000
     + Clock Network Latency (Ideal) 0.000
     = Beginpoint Arrival Time       0.000
     +--------------------------------------------------------------------------------------+ 
     |           Instance            |      Arc       |  Cell  | Delay | Arrival | Required | 
     |                               |                |        |       |  Time   |   Time   | 
     |-------------------------------+----------------+--------+-------+---------+----------| 
     | picorv32_core_reg_op1_reg[25] | CK ^           |        |       |   0.000 |    3.148 | 
     | picorv32_core_reg_op1_reg[25] | CK ^ -> Q ^    | DFFQXL | 0.133 |   0.133 |    3.281 | 
     | FE_OFC266_pcpi_rs1_25         | A ^ -> Y v     | INVX1  | 0.057 |   0.190 |    3.338 | 
     | FE_OFC267_pcpi_rs1_25         | A v -> Y ^     | INVX8  | 0.129 |   0.319 |    3.467 | 
     |                               | pcpi_rs1[25] ^ |        | 0.013 |   0.332 |    3.480 | 
     +--------------------------------------------------------------------------------------+ 
Path 34: MET Late External Delay Assertion 
Endpoint:   pcpi_rs2[27]                    (v) checked with  leading edge of 
'clk'
Beginpoint: picorv32_core_reg_op2_reg[27]/Q (v) triggered by  leading edge of 
'clk'
Path Groups: {reg2out}
Analysis View: analysis1
Other End Arrival Time          0.000
- External Delay                0.500
+ Phase Shift                   4.000
- Uncertainty                   0.020
= Required Time                 3.480
- Arrival Time                  0.332
= Slack Time                    3.148
     Clock Rise Edge                 0.000
     + Clock Network Latency (Ideal) 0.000
     = Beginpoint Arrival Time       0.000
     +--------------------------------------------------------------------------------------+ 
     |           Instance            |      Arc       |  Cell  | Delay | Arrival | Required | 
     |                               |                |        |       |  Time   |   Time   | 
     |-------------------------------+----------------+--------+-------+---------+----------| 
     | picorv32_core_reg_op2_reg[27] | CK ^           |        |       |   0.000 |    3.149 | 
     | picorv32_core_reg_op2_reg[27] | CK ^ -> Q v    | DFFQXL | 0.045 |   0.045 |    3.194 | 
     | FE_OFC835_pcpi_rs2_27         | A v -> Y ^     | INVX1  | 0.019 |   0.064 |    3.212 | 
     | FE_OFC836_pcpi_rs2_27         | A ^ -> Y v     | INVX1  | 0.071 |   0.135 |    3.284 | 
     | FE_OFC837_pcpi_rs2_27         | A v -> Y ^     | INVX1  | 0.046 |   0.181 |    3.330 | 
     | FE_OFC681_pcpi_rs2_27         | A ^ -> Y v     | INVX8  | 0.137 |   0.318 |    3.466 | 
     |                               | pcpi_rs2[27] v |        | 0.014 |   0.332 |    3.480 | 
     +--------------------------------------------------------------------------------------+ 
Path 35: MET Late External Delay Assertion 
Endpoint:   pcpi_rs1[29]                    (v) checked with  leading edge of 
'clk'
Beginpoint: picorv32_core_reg_op1_reg[29]/Q (v) triggered by  leading edge of 
'clk'
Path Groups: {reg2out}
Analysis View: analysis1
Other End Arrival Time          0.000
- External Delay                0.500
+ Phase Shift                   4.000
- Uncertainty                   0.020
= Required Time                 3.480
- Arrival Time                  0.331
= Slack Time                    3.149
     Clock Rise Edge                 0.000
     + Clock Network Latency (Ideal) 0.000
     = Beginpoint Arrival Time       0.000
     +--------------------------------------------------------------------------------------+ 
     |           Instance            |      Arc       |  Cell  | Delay | Arrival | Required | 
     |                               |                |        |       |  Time   |   Time   | 
     |-------------------------------+----------------+--------+-------+---------+----------| 
     | picorv32_core_reg_op1_reg[29] | CK ^           |        |       |   0.000 |    3.149 | 
     | picorv32_core_reg_op1_reg[29] | CK ^ -> Q v    | DFFQXL | 0.122 |   0.122 |    3.270 | 
     | FE_OFC254_pcpi_rs1_29         | A v -> Y ^     | INVX1  | 0.055 |   0.177 |    3.325 | 
     | FE_OFC255_pcpi_rs1_29         | A ^ -> Y v     | INVX8  | 0.137 |   0.314 |    3.463 | 
     |                               | pcpi_rs1[29] v |        | 0.017 |   0.331 |    3.480 | 
     +--------------------------------------------------------------------------------------+ 
Path 36: MET Late External Delay Assertion 
Endpoint:   pcpi_rs1[11]                    (^) checked with  leading edge of 
'clk'
Beginpoint: picorv32_core_reg_op1_reg[11]/Q (^) triggered by  leading edge of 
'clk'
Path Groups: {reg2out}
Analysis View: analysis1
Other End Arrival Time          0.000
- External Delay                0.500
+ Phase Shift                   4.000
- Uncertainty                   0.020
= Required Time                 3.480
- Arrival Time                  0.329
= Slack Time                    3.151
     Clock Rise Edge                 0.000
     + Clock Network Latency (Ideal) 0.000
     = Beginpoint Arrival Time       0.000
     +--------------------------------------------------------------------------------------+ 
     |           Instance            |      Arc       |  Cell  | Delay | Arrival | Required | 
     |                               |                |        |       |  Time   |   Time   | 
     |-------------------------------+----------------+--------+-------+---------+----------| 
     | picorv32_core_reg_op1_reg[11] | CK ^           |        |       |   0.000 |    3.151 | 
     | picorv32_core_reg_op1_reg[11] | CK ^ -> Q ^    | DFFQXL | 0.128 |   0.128 |    3.279 | 
     | FE_OFC306_pcpi_rs1_11         | A ^ -> Y v     | INVX1  | 0.057 |   0.185 |    3.336 | 
     | FE_OFC307_pcpi_rs1_11         | A v -> Y ^     | INVX8  | 0.126 |   0.310 |    3.461 | 
     |                               | pcpi_rs1[11] ^ |        | 0.019 |   0.329 |    3.480 | 
     +--------------------------------------------------------------------------------------+ 
Path 37: MET Late External Delay Assertion 
Endpoint:   pcpi_rs2[9]                    (v) checked with  leading edge of 
'clk'
Beginpoint: picorv32_core_reg_op2_reg[9]/Q (v) triggered by  leading edge of 
'clk'
Path Groups: {reg2out}
Analysis View: analysis1
Other End Arrival Time          0.000
- External Delay                0.500
+ Phase Shift                   4.000
- Uncertainty                   0.020
= Required Time                 3.480
- Arrival Time                  0.328
= Slack Time                    3.152
     Clock Rise Edge                 0.000
     + Clock Network Latency (Ideal) 0.000
     = Beginpoint Arrival Time       0.000
     +--------------------------------------------------------------------------------------+ 
     |           Instance           |      Arc      |   Cell   | Delay | Arrival | Required | 
     |                              |               |          |       |  Time   |   Time   | 
     |------------------------------+---------------+----------+-------+---------+----------| 
     | picorv32_core_reg_op2_reg[9] | CK ^          |          |       |   0.000 |    3.152 | 
     | picorv32_core_reg_op2_reg[9] | CK ^ -> Q v   | DFFQXL   | 0.044 |   0.044 |    3.196 | 
     | FE_OFC409_pcpi_rs2_9         | A v -> Y ^    | INVXL    | 0.043 |   0.087 |    3.238 | 
     | FE_OFC411_pcpi_rs2_9         | A ^ -> Y v    | INVX1    | 0.074 |   0.161 |    3.313 | 
     | FE_OFC695_pcpi_rs2_9         | A v -> Y v    | CLKBUFX8 | 0.145 |   0.306 |    3.458 | 
     |                              | pcpi_rs2[9] v |          | 0.022 |   0.328 |    3.480 | 
     +--------------------------------------------------------------------------------------+ 
Path 38: MET Late External Delay Assertion 
Endpoint:   pcpi_rs1[18]                    (^) checked with  leading edge of 
'clk'
Beginpoint: picorv32_core_reg_op1_reg[18]/Q (^) triggered by  leading edge of 
'clk'
Path Groups: {reg2out}
Analysis View: analysis1
Other End Arrival Time          0.000
- External Delay                0.500
+ Phase Shift                   4.000
- Uncertainty                   0.020
= Required Time                 3.480
- Arrival Time                  0.328
= Slack Time                    3.152
     Clock Rise Edge                 0.000
     + Clock Network Latency (Ideal) 0.000
     = Beginpoint Arrival Time       0.000
     +--------------------------------------------------------------------------------------+ 
     |           Instance            |      Arc       |  Cell  | Delay | Arrival | Required | 
     |                               |                |        |       |  Time   |   Time   | 
     |-------------------------------+----------------+--------+-------+---------+----------| 
     | picorv32_core_reg_op1_reg[18] | CK ^           |        |       |   0.000 |    3.152 | 
     | picorv32_core_reg_op1_reg[18] | CK ^ -> Q ^    | DFFQXL | 0.128 |   0.128 |    3.280 | 
     | FE_OFC285_pcpi_rs1_18         | A ^ -> Y v     | INVX1  | 0.057 |   0.185 |    3.337 | 
     | FE_OFC654_pcpi_rs1_18         | A v -> Y ^     | INVX8  | 0.130 |   0.315 |    3.466 | 
     |                               | pcpi_rs1[18] ^ |        | 0.014 |   0.328 |    3.480 | 
     +--------------------------------------------------------------------------------------+ 
Path 39: MET Late External Delay Assertion 
Endpoint:   pcpi_rs1[2]                    (v) checked with  leading edge of 
'clk'
Beginpoint: picorv32_core_reg_op1_reg[2]/Q (v) triggered by  leading edge of 
'clk'
Path Groups: {reg2out}
Analysis View: analysis1
Other End Arrival Time          0.000
- External Delay                0.500
+ Phase Shift                   4.000
- Uncertainty                   0.020
= Required Time                 3.480
- Arrival Time                  0.326
= Slack Time                    3.154
     Clock Rise Edge                 0.000
     + Clock Network Latency (Ideal) 0.000
     = Beginpoint Arrival Time       0.000
     +------------------------------------------------------------------------------------+ 
     |           Instance           |      Arc      |  Cell  | Delay | Arrival | Required | 
     |                              |               |        |       |  Time   |   Time   | 
     |------------------------------+---------------+--------+-------+---------+----------| 
     | picorv32_core_reg_op1_reg[2] | CK ^          |        |       |   0.000 |    3.154 | 
     | picorv32_core_reg_op1_reg[2] | CK ^ -> Q v   | DFFQXL | 0.047 |   0.047 |    3.201 | 
     | FE_OFC830_pcpi_rs1_2         | A v -> Y ^    | INVX1  | 0.023 |   0.070 |    3.224 | 
     | FE_OFC831_pcpi_rs1_2         | A ^ -> Y v    | INVX1  | 0.064 |   0.134 |    3.288 | 
     | FE_OFC832_pcpi_rs1_2         | A v -> Y ^    | INVX1  | 0.042 |   0.176 |    3.330 | 
     | FE_OFC335_pcpi_rs1_2         | A ^ -> Y v    | INVX8  | 0.137 |   0.313 |    3.467 | 
     |                              | pcpi_rs1[2] v |        | 0.014 |   0.326 |    3.480 | 
     +------------------------------------------------------------------------------------+ 
Path 40: MET Late External Delay Assertion 
Endpoint:   pcpi_rs1[27]                    (^) checked with  leading edge of 
'clk'
Beginpoint: picorv32_core_reg_op1_reg[27]/Q (^) triggered by  leading edge of 
'clk'
Path Groups: {reg2out}
Analysis View: analysis1
Other End Arrival Time          0.000
- External Delay                0.500
+ Phase Shift                   4.000
- Uncertainty                   0.020
= Required Time                 3.480
- Arrival Time                  0.325
= Slack Time                    3.155
     Clock Rise Edge                 0.000
     + Clock Network Latency (Ideal) 0.000
     = Beginpoint Arrival Time       0.000
     +--------------------------------------------------------------------------------------+ 
     |           Instance            |      Arc       |  Cell  | Delay | Arrival | Required | 
     |                               |                |        |       |  Time   |   Time   | 
     |-------------------------------+----------------+--------+-------+---------+----------| 
     | picorv32_core_reg_op1_reg[27] | CK ^           |        |       |   0.000 |    3.155 | 
     | picorv32_core_reg_op1_reg[27] | CK ^ -> Q ^    | DFFQXL | 0.128 |   0.128 |    3.283 | 
     | FE_OFC640_pcpi_rs1_27         | A ^ -> Y v     | INVX1  | 0.054 |   0.182 |    3.337 | 
     | FE_OFC641_pcpi_rs1_27         | A v -> Y ^     | INVX8  | 0.125 |   0.307 |    3.462 | 
     |                               | pcpi_rs1[27] ^ |        | 0.018 |   0.325 |    3.480 | 
     +--------------------------------------------------------------------------------------+ 
Path 41: MET Late External Delay Assertion 
Endpoint:   pcpi_rs1[10]                    (v) checked with  leading edge of 
'clk'
Beginpoint: picorv32_core_reg_op1_reg[10]/Q (v) triggered by  leading edge of 
'clk'
Path Groups: {reg2out}
Analysis View: analysis1
Other End Arrival Time          0.000
- External Delay                0.500
+ Phase Shift                   4.000
- Uncertainty                   0.020
= Required Time                 3.480
- Arrival Time                  0.325
= Slack Time                    3.155
     Clock Rise Edge                 0.000
     + Clock Network Latency (Ideal) 0.000
     = Beginpoint Arrival Time       0.000
     +--------------------------------------------------------------------------------------+ 
     |           Instance            |      Arc       |  Cell  | Delay | Arrival | Required | 
     |                               |                |        |       |  Time   |   Time   | 
     |-------------------------------+----------------+--------+-------+---------+----------| 
     | picorv32_core_reg_op1_reg[10] | CK ^           |        |       |   0.000 |    3.155 | 
     | picorv32_core_reg_op1_reg[10] | CK ^ -> Q v    | DFFQXL | 0.045 |   0.046 |    3.201 | 
     | FE_OFC827_pcpi_rs1_10         | A v -> Y ^     | INVXL  | 0.026 |   0.072 |    3.227 | 
     | FE_OFC828_pcpi_rs1_10         | A ^ -> Y v     | INVX1  | 0.062 |   0.134 |    3.289 | 
     | FE_OFC829_pcpi_rs1_10         | A v -> Y ^     | INVX1  | 0.042 |   0.176 |    3.331 | 
     | FE_OFC668_pcpi_rs1_10         | A ^ -> Y v     | INVX8  | 0.139 |   0.315 |    3.470 | 
     |                               | pcpi_rs1[10] v |        | 0.009 |   0.325 |    3.480 | 
     +--------------------------------------------------------------------------------------+ 
Path 42: MET Late External Delay Assertion 
Endpoint:   pcpi_rs1[19]                    (v) checked with  leading edge of 
'clk'
Beginpoint: picorv32_core_reg_op1_reg[19]/Q (v) triggered by  leading edge of 
'clk'
Path Groups: {reg2out}
Analysis View: analysis1
Other End Arrival Time          0.000
- External Delay                0.500
+ Phase Shift                   4.000
- Uncertainty                   0.020
= Required Time                 3.480
- Arrival Time                  0.322
= Slack Time                    3.158
     Clock Rise Edge                 0.000
     + Clock Network Latency (Ideal) 0.000
     = Beginpoint Arrival Time       0.000
     +--------------------------------------------------------------------------------------+ 
     |           Instance            |      Arc       |  Cell  | Delay | Arrival | Required | 
     |                               |                |        |       |  Time   |   Time   | 
     |-------------------------------+----------------+--------+-------+---------+----------| 
     | picorv32_core_reg_op1_reg[19] | CK ^           |        |       |   0.000 |    3.158 | 
     | picorv32_core_reg_op1_reg[19] | CK ^ -> Q v    | DFFQXL | 0.120 |   0.120 |    3.278 | 
     | FE_OFC283_pcpi_rs1_19         | A v -> Y ^     | INVX1  | 0.051 |   0.171 |    3.329 | 
     | FE_OFC284_pcpi_rs1_19         | A ^ -> Y v     | INVX8  | 0.138 |   0.309 |    3.466 | 
     |                               | pcpi_rs1[19] v |        | 0.014 |   0.322 |    3.480 | 
     +--------------------------------------------------------------------------------------+ 
Path 43: MET Late External Delay Assertion 
Endpoint:   pcpi_rs1[31]                    (v) checked with  leading edge of 
'clk'
Beginpoint: picorv32_core_reg_op1_reg[31]/Q (v) triggered by  leading edge of 
'clk'
Path Groups: {reg2out}
Analysis View: analysis1
Other End Arrival Time          0.000
- External Delay                0.500
+ Phase Shift                   4.000
- Uncertainty                   0.020
= Required Time                 3.480
- Arrival Time                  0.321
= Slack Time                    3.159
     Clock Rise Edge                 0.000
     + Clock Network Latency (Ideal) 0.000
     = Beginpoint Arrival Time       0.000
     +--------------------------------------------------------------------------------------+ 
     |           Instance            |      Arc       |  Cell  | Delay | Arrival | Required | 
     |                               |                |        |       |  Time   |   Time   | 
     |-------------------------------+----------------+--------+-------+---------+----------| 
     | picorv32_core_reg_op1_reg[31] | CK ^           |        |       |   0.000 |    3.159 | 
     | picorv32_core_reg_op1_reg[31] | CK ^ -> Q v    | DFFQXL | 0.043 |   0.044 |    3.203 | 
     | FE_OFC824_pcpi_rs1_31         | A v -> Y ^     | INVX1  | 0.028 |   0.071 |    3.230 | 
     | FE_OFC825_pcpi_rs1_31         | A ^ -> Y v     | INVX1  | 0.061 |   0.132 |    3.291 | 
     | FE_OFC826_pcpi_rs1_31         | A v -> Y ^     | INVX1  | 0.040 |   0.172 |    3.331 | 
     | FE_OFC637_pcpi_rs1_31         | A ^ -> Y v     | INVX8  | 0.135 |   0.307 |    3.466 | 
     |                               | pcpi_rs1[31] v |        | 0.014 |   0.321 |    3.480 | 
     +--------------------------------------------------------------------------------------+ 
Path 44: MET Late External Delay Assertion 
Endpoint:   pcpi_rs1[17]                    (v) checked with  leading edge of 
'clk'
Beginpoint: picorv32_core_reg_op1_reg[17]/Q (v) triggered by  leading edge of 
'clk'
Path Groups: {reg2out}
Analysis View: analysis1
Other End Arrival Time          0.000
- External Delay                0.500
+ Phase Shift                   4.000
- Uncertainty                   0.020
= Required Time                 3.480
- Arrival Time                  0.320
= Slack Time                    3.160
     Clock Rise Edge                 0.000
     + Clock Network Latency (Ideal) 0.000
     = Beginpoint Arrival Time       0.000
     +--------------------------------------------------------------------------------------+ 
     |           Instance            |      Arc       |  Cell  | Delay | Arrival | Required | 
     |                               |                |        |       |  Time   |   Time   | 
     |-------------------------------+----------------+--------+-------+---------+----------| 
     | picorv32_core_reg_op1_reg[17] | CK ^           |        |       |   0.000 |    3.160 | 
     | picorv32_core_reg_op1_reg[17] | CK ^ -> Q v    | DFFQXL | 0.117 |   0.117 |    3.277 | 
     | FE_OFC287_pcpi_rs1_17         | A v -> Y ^     | INVX1  | 0.051 |   0.168 |    3.328 | 
     | FE_OFC656_pcpi_rs1_17         | A ^ -> Y v     | INVX8  | 0.138 |   0.306 |    3.466 | 
     |                               | pcpi_rs1[17] v |        | 0.014 |   0.320 |    3.480 | 
     +--------------------------------------------------------------------------------------+ 
Path 45: MET Late External Delay Assertion 
Endpoint:   pcpi_rs1[14]                    (v) checked with  leading edge of 
'clk'
Beginpoint: picorv32_core_reg_op1_reg[14]/Q (v) triggered by  leading edge of 
'clk'
Path Groups: {reg2out}
Analysis View: analysis1
Other End Arrival Time          0.000
- External Delay                0.500
+ Phase Shift                   4.000
- Uncertainty                   0.020
= Required Time                 3.480
- Arrival Time                  0.318
= Slack Time                    3.162
     Clock Rise Edge                 0.000
     + Clock Network Latency (Ideal) 0.000
     = Beginpoint Arrival Time       0.000
     +--------------------------------------------------------------------------------------+ 
     |           Instance            |      Arc       |  Cell  | Delay | Arrival | Required | 
     |                               |                |        |       |  Time   |   Time   | 
     |-------------------------------+----------------+--------+-------+---------+----------| 
     | picorv32_core_reg_op1_reg[14] | CK ^           |        |       |   0.000 |    3.162 | 
     | picorv32_core_reg_op1_reg[14] | CK ^ -> Q v    | DFFQXL | 0.038 |   0.038 |    3.199 | 
     | FE_OFC815_pcpi_rs1_14         | A v -> Y ^     | INVXL  | 0.018 |   0.056 |    3.218 | 
     | FE_OFC816_pcpi_rs1_14         | A ^ -> Y v     | INVX1  | 0.067 |   0.123 |    3.284 | 
     | FE_OFC817_pcpi_rs1_14         | A v -> Y ^     | INVX1  | 0.045 |   0.168 |    3.329 | 
     | FE_OFC662_pcpi_rs1_14         | A ^ -> Y v     | INVX8  | 0.137 |   0.305 |    3.467 | 
     |                               | pcpi_rs1[14] v |        | 0.013 |   0.318 |    3.480 | 
     +--------------------------------------------------------------------------------------+ 
Path 46: MET Late External Delay Assertion 
Endpoint:   pcpi_rs1[8]                    (v) checked with  leading edge of 
'clk'
Beginpoint: picorv32_core_reg_op1_reg[8]/Q (v) triggered by  leading edge of 
'clk'
Path Groups: {reg2out}
Analysis View: analysis1
Other End Arrival Time          0.000
- External Delay                0.500
+ Phase Shift                   4.000
- Uncertainty                   0.020
= Required Time                 3.480
- Arrival Time                  0.318
= Slack Time                    3.162
     Clock Rise Edge                 0.000
     + Clock Network Latency (Ideal) 0.000
     = Beginpoint Arrival Time       0.000
     +------------------------------------------------------------------------------------+ 
     |           Instance           |      Arc      |  Cell  | Delay | Arrival | Required | 
     |                              |               |        |       |  Time   |   Time   | 
     |------------------------------+---------------+--------+-------+---------+----------| 
     | picorv32_core_reg_op1_reg[8] | CK ^          |        |       |   0.000 |    3.162 | 
     | picorv32_core_reg_op1_reg[8] | CK ^ -> Q v   | DFFQXL | 0.047 |   0.047 |    3.209 | 
     | FE_OFC838_pcpi_rs1_8         | A v -> Y ^    | INVXL  | 0.020 |   0.067 |    3.229 | 
     | FE_OFC839_pcpi_rs1_8         | A ^ -> Y v    | INVX1  | 0.060 |   0.127 |    3.289 | 
     | FE_OFC840_pcpi_rs1_8         | A v -> Y ^    | INVX1  | 0.041 |   0.169 |    3.331 | 
     | FE_OFC317_pcpi_rs1_8         | A ^ -> Y v    | INVX8  | 0.136 |   0.305 |    3.467 | 
     |                              | pcpi_rs1[8] v |        | 0.013 |   0.318 |    3.480 | 
     +------------------------------------------------------------------------------------+ 
Path 47: MET Late External Delay Assertion 
Endpoint:   pcpi_rs1[12]                    (v) checked with  leading edge of 
'clk'
Beginpoint: picorv32_core_reg_op1_reg[12]/Q (v) triggered by  leading edge of 
'clk'
Path Groups: {reg2out}
Analysis View: analysis1
Other End Arrival Time          0.000
- External Delay                0.500
+ Phase Shift                   4.000
- Uncertainty                   0.020
= Required Time                 3.480
- Arrival Time                  0.318
= Slack Time                    3.162
     Clock Rise Edge                 0.000
     + Clock Network Latency (Ideal) 0.000
     = Beginpoint Arrival Time       0.000
     +--------------------------------------------------------------------------------------+ 
     |           Instance            |      Arc       |  Cell  | Delay | Arrival | Required | 
     |                               |                |        |       |  Time   |   Time   | 
     |-------------------------------+----------------+--------+-------+---------+----------| 
     | picorv32_core_reg_op1_reg[12] | CK ^           |        |       |   0.000 |    3.163 | 
     | picorv32_core_reg_op1_reg[12] | CK ^ -> Q v    | DFFQXL | 0.046 |   0.046 |    3.209 | 
     | FE_OFC821_pcpi_rs1_12         | A v -> Y ^     | INVXL  | 0.020 |   0.066 |    3.229 | 
     | FE_OFC822_pcpi_rs1_12         | A ^ -> Y v     | INVX1  | 0.062 |   0.128 |    3.290 | 
     | FE_OFC823_pcpi_rs1_12         | A v -> Y ^     | INVX1  | 0.041 |   0.168 |    3.331 | 
     | FE_OFC666_pcpi_rs1_12         | A ^ -> Y v     | INVX8  | 0.135 |   0.304 |    3.466 | 
     |                               | pcpi_rs1[12] v |        | 0.014 |   0.318 |    3.480 | 
     +--------------------------------------------------------------------------------------+ 
Path 48: MET Late External Delay Assertion 
Endpoint:   pcpi_rs1[21]                    (v) checked with  leading edge of 
'clk'
Beginpoint: picorv32_core_reg_op1_reg[21]/Q (v) triggered by  leading edge of 
'clk'
Path Groups: {reg2out}
Analysis View: analysis1
Other End Arrival Time          0.000
- External Delay                0.500
+ Phase Shift                   4.000
- Uncertainty                   0.020
= Required Time                 3.480
- Arrival Time                  0.312
= Slack Time                    3.168
     Clock Rise Edge                 0.000
     + Clock Network Latency (Ideal) 0.000
     = Beginpoint Arrival Time       0.000
     +--------------------------------------------------------------------------------------+ 
     |           Instance            |      Arc       |  Cell  | Delay | Arrival | Required | 
     |                               |                |        |       |  Time   |   Time   | 
     |-------------------------------+----------------+--------+-------+---------+----------| 
     | picorv32_core_reg_op1_reg[21] | CK ^           |        |       |   0.000 |    3.168 | 
     | picorv32_core_reg_op1_reg[21] | CK ^ -> Q v    | DFFQXL | 0.112 |   0.112 |    3.281 | 
     | FE_OFC277_pcpi_rs1_21         | A v -> Y ^     | INVX1  | 0.048 |   0.160 |    3.329 | 
     | FE_OFC650_pcpi_rs1_21         | A ^ -> Y v     | INVX8  | 0.137 |   0.298 |    3.466 | 
     |                               | pcpi_rs1[21] v |        | 0.014 |   0.312 |    3.480 | 
     +--------------------------------------------------------------------------------------+ 
Path 49: MET Late External Delay Assertion 
Endpoint:   pcpi_rs1[16]                    (v) checked with  leading edge of 
'clk'
Beginpoint: picorv32_core_reg_op1_reg[16]/Q (v) triggered by  leading edge of 
'clk'
Path Groups: {reg2out}
Analysis View: analysis1
Other End Arrival Time          0.000
- External Delay                0.500
+ Phase Shift                   4.000
- Uncertainty                   0.020
= Required Time                 3.480
- Arrival Time                  0.310
= Slack Time                    3.170
     Clock Rise Edge                 0.000
     + Clock Network Latency (Ideal) 0.000
     = Beginpoint Arrival Time       0.000
     +--------------------------------------------------------------------------------------+ 
     |           Instance            |      Arc       |  Cell  | Delay | Arrival | Required | 
     |                               |                |        |       |  Time   |   Time   | 
     |-------------------------------+----------------+--------+-------+---------+----------| 
     | picorv32_core_reg_op1_reg[16] | CK ^           |        |       |   0.000 |    3.170 | 
     | picorv32_core_reg_op1_reg[16] | CK ^ -> Q v    | DFFQXL | 0.045 |   0.045 |    3.215 | 
     | FE_OFC797_pcpi_rs1_16         | A v -> Y ^     | INVXL  | 0.017 |   0.062 |    3.232 | 
     | FE_OFC798_pcpi_rs1_16         | A ^ -> Y v     | INVX1  | 0.061 |   0.123 |    3.293 | 
     | FE_OFC657_pcpi_rs1_16         | A v -> Y ^     | INVX1  | 0.038 |   0.161 |    3.332 | 
     | FE_OFC658_pcpi_rs1_16         | A ^ -> Y v     | INVX8  | 0.133 |   0.294 |    3.464 | 
     |                               | pcpi_rs1[16] v |        | 0.016 |   0.310 |    3.480 | 
     +--------------------------------------------------------------------------------------+ 
Path 50: MET Late External Delay Assertion 
Endpoint:   pcpi_rs2[0]                    (v) checked with  leading edge of 
'clk'
Beginpoint: picorv32_core_reg_op2_reg[0]/Q (v) triggered by  leading edge of 
'clk'
Path Groups: {reg2out}
Analysis View: analysis1
Other End Arrival Time          0.000
- External Delay                0.500
+ Phase Shift                   4.000
- Uncertainty                   0.020
= Required Time                 3.480
- Arrival Time                  0.303
= Slack Time                    3.177
     Clock Rise Edge                 0.000
     + Clock Network Latency (Ideal) 0.000
     = Beginpoint Arrival Time       0.000
     +--------------------------------------------------------------------------------------+ 
     |           Instance           |      Arc      |   Cell   | Delay | Arrival | Required | 
     |                              |               |          |       |  Time   |   Time   | 
     |------------------------------+---------------+----------+-------+---------+----------| 
     | picorv32_core_reg_op2_reg[0] | CK ^          |          |       |   0.000 |    3.177 | 
     | picorv32_core_reg_op2_reg[0] | CK ^ -> Q v   | DFFQXL   | 0.038 |   0.038 |    3.215 | 
     | FE_OFC799_pcpi_rs2_0         | A v -> Y v    | BUFX2    | 0.091 |   0.128 |    3.305 | 
     | FE_OFC707_pcpi_rs2_0         | A v -> Y v    | CLKBUFX8 | 0.156 |   0.284 |    3.461 | 
     |                              | pcpi_rs2[0] v |          | 0.019 |   0.303 |    3.480 | 
     +--------------------------------------------------------------------------------------+ 

