###############################################################
#  Generated by:      Cadence Innovus 21.35-s114_1
#  OS:                Linux x86_64(Host ID cn89.it.auth.gr)
#  Generated on:      Thu Nov 27 16:26:47 2025
#  Design:            picorv32_wb
#  Command:           report_timing -path_group reg2reg -check_type hold -max_paths 50 > reports/postCTS/reg2reg_hold.rpt
###############################################################
Path 1: MET Hold Check with Pin picorv32_core_count_cycle_reg[0]/CK 
Endpoint:   picorv32_core_count_cycle_reg[0]/D (v) checked with  leading edge 
of 'clk'
Beginpoint: picorv32_core_count_cycle_reg[0]/Q (^) triggered by  leading edge 
of 'clk'
Path Groups: {reg2reg}
Analysis View: analysis1
Other End Arrival Time          0.002
+ Hold                          0.002
+ Phase Shift                   0.000
+ Uncertainty                   0.020
= Required Time                 0.024
  Arrival Time                  0.058
  Slack Time                    0.033
     Clock Rise Edge                 0.000
     + Clock Network Latency (Prop)  0.002
     = Beginpoint Arrival Time       0.002
     +---------------------------------------------------------------------------------------+ 
     |             Instance             |     Arc     |  Cell   | Delay | Arrival | Required | 
     |                                  |             |         |       |  Time   |   Time   | 
     |----------------------------------+-------------+---------+-------+---------+----------| 
     | picorv32_core_count_cycle_reg[0] | CK ^        |         |       |   0.002 |   -0.031 | 
     | picorv32_core_count_cycle_reg[0] | CK ^ -> Q ^ | DFFHQX1 | 0.044 |   0.046 |    0.013 | 
     | picorv32_core_g195403            | A ^ -> Y v  | NOR2X1  | 0.011 |   0.058 |    0.024 | 
     | picorv32_core_count_cycle_reg[0] | D v         | DFFHQX1 | 0.000 |   0.058 |    0.024 | 
     +---------------------------------------------------------------------------------------+ 
Path 2: MET Hold Check with Pin picorv32_core_pcpi_insn_reg[24]/CK 
Endpoint:   picorv32_core_pcpi_insn_reg[24]/D   (v) checked with  leading edge 
of 'clk'
Beginpoint: picorv32_core_mem_rdata_q_reg[24]/Q (v) triggered by  leading edge 
of 'clk'
Path Groups: {reg2reg}
Analysis View: analysis1
Other End Arrival Time         -0.003
+ Hold                         -0.010
+ Phase Shift                   0.000
+ Uncertainty                   0.020
= Required Time                 0.007
  Arrival Time                  0.042
  Slack Time                    0.035
     Clock Rise Edge                 0.000
     + Clock Network Latency (Prop)  -0.003
     = Beginpoint Arrival Time       -0.003
     +-----------------------------------------------------------------------------------------+ 
     |             Instance              |     Arc     |   Cell   | Delay | Arrival | Required | 
     |                                   |             |          |       |  Time   |   Time   | 
     |-----------------------------------+-------------+----------+-------+---------+----------| 
     | picorv32_core_mem_rdata_q_reg[24] | CK ^        |          |       |  -0.003 |   -0.038 | 
     | picorv32_core_mem_rdata_q_reg[24] | CK ^ -> Q v | EDFFX2   | 0.045 |   0.042 |    0.007 | 
     | picorv32_core_pcpi_insn_reg[24]   | D v         | EDFFHQX1 | 0.000 |   0.042 |    0.007 | 
     +-----------------------------------------------------------------------------------------+ 
Path 3: MET Hold Check with Pin picorv32_core_pcpi_insn_reg[21]/CK 
Endpoint:   picorv32_core_pcpi_insn_reg[21]/D   (v) checked with  leading edge 
of 'clk'
Beginpoint: picorv32_core_mem_rdata_q_reg[21]/Q (v) triggered by  leading edge 
of 'clk'
Path Groups: {reg2reg}
Analysis View: analysis1
Other End Arrival Time         -0.003
+ Hold                         -0.009
+ Phase Shift                   0.000
+ Uncertainty                   0.020
= Required Time                 0.008
  Arrival Time                  0.043
  Slack Time                    0.035
     Clock Rise Edge                 0.000
     + Clock Network Latency (Prop)  -0.003
     = Beginpoint Arrival Time       -0.003
     +-----------------------------------------------------------------------------------------+ 
     |             Instance              |     Arc     |   Cell   | Delay | Arrival | Required | 
     |                                   |             |          |       |  Time   |   Time   | 
     |-----------------------------------+-------------+----------+-------+---------+----------| 
     | picorv32_core_mem_rdata_q_reg[21] | CK ^        |          |       |  -0.003 |   -0.038 | 
     | picorv32_core_mem_rdata_q_reg[21] | CK ^ -> Q v | EDFFX2   | 0.046 |   0.043 |    0.008 | 
     | picorv32_core_pcpi_insn_reg[21]   | D v         | EDFFHQX8 | 0.000 |   0.043 |    0.008 | 
     +-----------------------------------------------------------------------------------------+ 
Path 4: MET Hold Check with Pin picorv32_core_mem_rdata_q_reg[26]/CK 
Endpoint:   picorv32_core_mem_rdata_q_reg[26]/D (v) checked with  leading edge 
of 'clk'
Beginpoint: mem_rdata_reg[26]/Q                 (v) triggered by  leading edge 
of 'clk'
Path Groups: {reg2reg}
Analysis View: analysis1
Other End Arrival Time          0.000
+ Hold                         -0.010
+ Phase Shift                   0.000
+ Uncertainty                   0.020
= Required Time                 0.010
  Arrival Time                  0.046
  Slack Time                    0.036
     Clock Rise Edge                 0.000
     + Clock Network Latency (Prop)  0.000
     = Beginpoint Arrival Time       0.000
     +-----------------------------------------------------------------------------------------+ 
     |             Instance              |     Arc     |   Cell   | Delay | Arrival | Required | 
     |                                   |             |          |       |  Time   |   Time   | 
     |-----------------------------------+-------------+----------+-------+---------+----------| 
     | mem_rdata_reg[26]                 | CK ^        |          |       |   0.000 |   -0.036 | 
     | mem_rdata_reg[26]                 | CK ^ -> Q v | EDFFX2   | 0.046 |   0.046 |    0.010 | 
     | picorv32_core_mem_rdata_q_reg[26] | D v         | EDFFHQX1 | 0.000 |   0.046 |    0.010 | 
     +-----------------------------------------------------------------------------------------+ 
Path 5: MET Hold Check with Pin picorv32_core_mem_rdata_q_reg[29]/CK 
Endpoint:   picorv32_core_mem_rdata_q_reg[29]/D (v) checked with  leading edge 
of 'clk'
Beginpoint: mem_rdata_reg[29]/Q                 (v) triggered by  leading edge 
of 'clk'
Path Groups: {reg2reg}
Analysis View: analysis1
Other End Arrival Time          0.000
+ Hold                         -0.010
+ Phase Shift                   0.000
+ Uncertainty                   0.020
= Required Time                 0.010
  Arrival Time                  0.046
  Slack Time                    0.036
     Clock Rise Edge                 0.000
     + Clock Network Latency (Prop)  0.000
     = Beginpoint Arrival Time       0.000
     +-----------------------------------------------------------------------------------------+ 
     |             Instance              |     Arc     |   Cell   | Delay | Arrival | Required | 
     |                                   |             |          |       |  Time   |   Time   | 
     |-----------------------------------+-------------+----------+-------+---------+----------| 
     | mem_rdata_reg[29]                 | CK ^        |          |       |   0.000 |   -0.036 | 
     | mem_rdata_reg[29]                 | CK ^ -> Q v | EDFFX2   | 0.046 |   0.046 |    0.010 | 
     | picorv32_core_mem_rdata_q_reg[29] | D v         | EDFFHQX1 | 0.000 |   0.046 |    0.010 | 
     +-----------------------------------------------------------------------------------------+ 
Path 6: MET Hold Check with Pin picorv32_core_mem_rdata_q_reg[27]/CK 
Endpoint:   picorv32_core_mem_rdata_q_reg[27]/D (v) checked with  leading edge 
of 'clk'
Beginpoint: mem_rdata_reg[27]/Q                 (v) triggered by  leading edge 
of 'clk'
Path Groups: {reg2reg}
Analysis View: analysis1
Other End Arrival Time          0.001
+ Hold                         -0.010
+ Phase Shift                   0.000
+ Uncertainty                   0.020
= Required Time                 0.011
  Arrival Time                  0.047
  Slack Time                    0.036
     Clock Rise Edge                 0.000
     + Clock Network Latency (Prop)  0.001
     = Beginpoint Arrival Time       0.001
     +-----------------------------------------------------------------------------------------+ 
     |             Instance              |     Arc     |   Cell   | Delay | Arrival | Required | 
     |                                   |             |          |       |  Time   |   Time   | 
     |-----------------------------------+-------------+----------+-------+---------+----------| 
     | mem_rdata_reg[27]                 | CK ^        |          |       |   0.001 |   -0.035 | 
     | mem_rdata_reg[27]                 | CK ^ -> Q v | EDFFX2   | 0.046 |   0.047 |    0.011 | 
     | picorv32_core_mem_rdata_q_reg[27] | D v         | EDFFHQX1 | 0.000 |   0.047 |    0.011 | 
     +-----------------------------------------------------------------------------------------+ 
Path 7: MET Hold Check with Pin picorv32_core_mem_rdata_q_reg[31]/CK 
Endpoint:   picorv32_core_mem_rdata_q_reg[31]/D (v) checked with  leading edge 
of 'clk'
Beginpoint: mem_rdata_reg[31]/Q                 (v) triggered by  leading edge 
of 'clk'
Path Groups: {reg2reg}
Analysis View: analysis1
Other End Arrival Time          0.001
+ Hold                         -0.010
+ Phase Shift                   0.000
+ Uncertainty                   0.020
= Required Time                 0.011
  Arrival Time                  0.047
  Slack Time                    0.036
     Clock Rise Edge                 0.000
     + Clock Network Latency (Prop)  0.001
     = Beginpoint Arrival Time       0.001
     +-----------------------------------------------------------------------------------------+ 
     |             Instance              |     Arc     |   Cell   | Delay | Arrival | Required | 
     |                                   |             |          |       |  Time   |   Time   | 
     |-----------------------------------+-------------+----------+-------+---------+----------| 
     | mem_rdata_reg[31]                 | CK ^        |          |       |   0.001 |   -0.036 | 
     | mem_rdata_reg[31]                 | CK ^ -> Q v | EDFFX2   | 0.047 |   0.047 |    0.011 | 
     | picorv32_core_mem_rdata_q_reg[31] | D v         | EDFFHQX1 | 0.000 |   0.047 |    0.011 | 
     +-----------------------------------------------------------------------------------------+ 
Path 8: MET Hold Check with Pin picorv32_core_mem_rdata_q_reg[28]/CK 
Endpoint:   picorv32_core_mem_rdata_q_reg[28]/D (v) checked with  leading edge 
of 'clk'
Beginpoint: mem_rdata_reg[28]/Q                 (v) triggered by  leading edge 
of 'clk'
Path Groups: {reg2reg}
Analysis View: analysis1
Other End Arrival Time          0.000
+ Hold                         -0.010
+ Phase Shift                   0.000
+ Uncertainty                   0.020
= Required Time                 0.010
  Arrival Time                  0.047
  Slack Time                    0.037
     Clock Rise Edge                 0.000
     + Clock Network Latency (Prop)  0.000
     = Beginpoint Arrival Time       0.000
     +-----------------------------------------------------------------------------------------+ 
     |             Instance              |     Arc     |   Cell   | Delay | Arrival | Required | 
     |                                   |             |          |       |  Time   |   Time   | 
     |-----------------------------------+-------------+----------+-------+---------+----------| 
     | mem_rdata_reg[28]                 | CK ^        |          |       |   0.000 |   -0.037 | 
     | mem_rdata_reg[28]                 | CK ^ -> Q v | EDFFX2   | 0.047 |   0.047 |    0.010 | 
     | picorv32_core_mem_rdata_q_reg[28] | D v         | EDFFHQX1 | 0.000 |   0.047 |    0.010 | 
     +-----------------------------------------------------------------------------------------+ 
Path 9: MET Hold Check with Pin picorv32_core_pcpi_insn_reg[8]/CK 
Endpoint:   picorv32_core_pcpi_insn_reg[8]/D   (v) checked with  leading edge 
of 'clk'
Beginpoint: picorv32_core_mem_rdata_q_reg[8]/Q (v) triggered by  leading edge 
of 'clk'
Path Groups: {reg2reg}
Analysis View: analysis1
Other End Arrival Time         -0.003
+ Hold                         -0.009
+ Phase Shift                   0.000
+ Uncertainty                   0.020
= Required Time                 0.008
  Arrival Time                  0.046
  Slack Time                    0.038
     Clock Rise Edge                 0.000
     + Clock Network Latency (Prop)  -0.002
     = Beginpoint Arrival Time       -0.002
     +----------------------------------------------------------------------------------------+ 
     |             Instance             |     Arc     |   Cell   | Delay | Arrival | Required | 
     |                                  |             |          |       |  Time   |   Time   | 
     |----------------------------------+-------------+----------+-------+---------+----------| 
     | picorv32_core_mem_rdata_q_reg[8] | CK ^        |          |       |  -0.002 |   -0.040 | 
     | picorv32_core_mem_rdata_q_reg[8] | CK ^ -> Q v | EDFFX2   | 0.048 |   0.046 |    0.008 | 
     | picorv32_core_pcpi_insn_reg[8]   | D v         | EDFFHQX8 | 0.000 |   0.046 |    0.008 | 
     +----------------------------------------------------------------------------------------+ 
Path 10: MET Hold Check with Pin picorv32_core_pcpi_insn_reg[1]/CK 
Endpoint:   picorv32_core_pcpi_insn_reg[1]/D   (v) checked with  leading edge 
of 'clk'
Beginpoint: picorv32_core_mem_rdata_q_reg[1]/Q (v) triggered by  leading edge 
of 'clk'
Path Groups: {reg2reg}
Analysis View: analysis1
Other End Arrival Time          0.001
+ Hold                         -0.010
+ Phase Shift                   0.000
+ Uncertainty                   0.020
= Required Time                 0.011
  Arrival Time                  0.048
  Slack Time                    0.038
     Clock Rise Edge                 0.000
     + Clock Network Latency (Prop)  0.001
     = Beginpoint Arrival Time       0.001
     +----------------------------------------------------------------------------------------+ 
     |             Instance             |     Arc     |   Cell   | Delay | Arrival | Required | 
     |                                  |             |          |       |  Time   |   Time   | 
     |----------------------------------+-------------+----------+-------+---------+----------| 
     | picorv32_core_mem_rdata_q_reg[1] | CK ^        |          |       |   0.001 |   -0.036 | 
     | picorv32_core_mem_rdata_q_reg[1] | CK ^ -> Q v | EDFFHQX1 | 0.047 |   0.048 |    0.011 | 
     | picorv32_core_pcpi_insn_reg[1]   | D v         | EDFFHQX1 | 0.000 |   0.048 |    0.011 | 
     +----------------------------------------------------------------------------------------+ 
Path 11: MET Hold Check with Pin picorv32_core_pcpi_insn_reg[11]/CK 
Endpoint:   picorv32_core_pcpi_insn_reg[11]/D   (v) checked with  leading edge 
of 'clk'
Beginpoint: picorv32_core_mem_rdata_q_reg[11]/Q (v) triggered by  leading edge 
of 'clk'
Path Groups: {reg2reg}
Analysis View: analysis1
Other End Arrival Time         -0.003
+ Hold                         -0.009
+ Phase Shift                   0.000
+ Uncertainty                   0.020
= Required Time                 0.008
  Arrival Time                  0.046
  Slack Time                    0.038
     Clock Rise Edge                 0.000
     + Clock Network Latency (Prop)  -0.002
     = Beginpoint Arrival Time       -0.002
     +-----------------------------------------------------------------------------------------+ 
     |             Instance              |     Arc     |   Cell   | Delay | Arrival | Required | 
     |                                   |             |          |       |  Time   |   Time   | 
     |-----------------------------------+-------------+----------+-------+---------+----------| 
     | picorv32_core_mem_rdata_q_reg[11] | CK ^        |          |       |  -0.002 |   -0.040 | 
     | picorv32_core_mem_rdata_q_reg[11] | CK ^ -> Q v | EDFFX2   | 0.048 |   0.046 |    0.008 | 
     | picorv32_core_pcpi_insn_reg[11]   | D v         | EDFFHQX8 | 0.000 |   0.046 |    0.008 | 
     +-----------------------------------------------------------------------------------------+ 
Path 12: MET Hold Check with Pin picorv32_core_genblk1.pcpi_mul_rs2_reg[1]/CK 
Endpoint:   picorv32_core_genblk1.pcpi_mul_rs2_reg[1]/D0 (v) checked with  
leading edge of 'clk'
Beginpoint: picorv32_core_genblk1.pcpi_mul_rs2_reg[1]/Q  (v) triggered by  
leading edge of 'clk'
Path Groups: {reg2reg}
Analysis View: analysis1
Other End Arrival Time          0.001
+ Hold                         -0.010
+ Phase Shift                   0.000
+ Uncertainty                   0.020
= Required Time                 0.011
  Arrival Time                  0.049
  Slack Time                    0.038
     Clock Rise Edge                 0.000
     + Clock Network Latency (Prop)  0.001
     = Beginpoint Arrival Time       0.001
     +-------------------------------------------------------------------------------------------------+ 
     |                 Instance                  |     Arc     |   Cell   | Delay | Arrival | Required | 
     |                                           |             |          |       |  Time   |   Time   | 
     |-------------------------------------------+-------------+----------+-------+---------+----------| 
     | picorv32_core_genblk1.pcpi_mul_rs2_reg[1] | CK ^        |          |       |   0.001 |   -0.037 | 
     | picorv32_core_genblk1.pcpi_mul_rs2_reg[1] | CK ^ -> Q v | MDFFHQX1 | 0.047 |   0.049 |    0.011 | 
     | picorv32_core_genblk1.pcpi_mul_rs2_reg[1] | D0 v        | MDFFHQX1 | 0.000 |   0.049 |    0.011 | 
     +-------------------------------------------------------------------------------------------------+ 
Path 13: MET Hold Check with Pin picorv32_core_pcpi_insn_reg[10]/CK 
Endpoint:   picorv32_core_pcpi_insn_reg[10]/D   (v) checked with  leading edge 
of 'clk'
Beginpoint: picorv32_core_mem_rdata_q_reg[10]/Q (v) triggered by  leading edge 
of 'clk'
Path Groups: {reg2reg}
Analysis View: analysis1
Other End Arrival Time         -0.003
+ Hold                         -0.009
+ Phase Shift                   0.000
+ Uncertainty                   0.020
= Required Time                 0.008
  Arrival Time                  0.046
  Slack Time                    0.038
     Clock Rise Edge                 0.000
     + Clock Network Latency (Prop)  -0.002
     = Beginpoint Arrival Time       -0.002
     +-----------------------------------------------------------------------------------------+ 
     |             Instance              |     Arc     |   Cell   | Delay | Arrival | Required | 
     |                                   |             |          |       |  Time   |   Time   | 
     |-----------------------------------+-------------+----------+-------+---------+----------| 
     | picorv32_core_mem_rdata_q_reg[10] | CK ^        |          |       |  -0.002 |   -0.040 | 
     | picorv32_core_mem_rdata_q_reg[10] | CK ^ -> Q v | EDFFX2   | 0.048 |   0.046 |    0.008 | 
     | picorv32_core_pcpi_insn_reg[10]   | D v         | EDFFHQX8 | 0.000 |   0.046 |    0.008 | 
     +-----------------------------------------------------------------------------------------+ 
Path 14: MET Hold Check with Pin picorv32_core_pcpi_insn_reg[0]/CK 
Endpoint:   picorv32_core_pcpi_insn_reg[0]/D   (v) checked with  leading edge 
of 'clk'
Beginpoint: picorv32_core_mem_rdata_q_reg[0]/Q (v) triggered by  leading edge 
of 'clk'
Path Groups: {reg2reg}
Analysis View: analysis1
Other End Arrival Time          0.001
+ Hold                         -0.010
+ Phase Shift                   0.000
+ Uncertainty                   0.020
= Required Time                 0.011
  Arrival Time                  0.049
  Slack Time                    0.038
     Clock Rise Edge                 0.000
     + Clock Network Latency (Prop)  0.001
     = Beginpoint Arrival Time       0.001
     +----------------------------------------------------------------------------------------+ 
     |             Instance             |     Arc     |   Cell   | Delay | Arrival | Required | 
     |                                  |             |          |       |  Time   |   Time   | 
     |----------------------------------+-------------+----------+-------+---------+----------| 
     | picorv32_core_mem_rdata_q_reg[0] | CK ^        |          |       |   0.001 |   -0.037 | 
     | picorv32_core_mem_rdata_q_reg[0] | CK ^ -> Q v | EDFFHQX1 | 0.048 |   0.049 |    0.011 | 
     | picorv32_core_pcpi_insn_reg[0]   | D v         | EDFFHQX1 | 0.000 |   0.049 |    0.011 | 
     +----------------------------------------------------------------------------------------+ 
Path 15: MET Hold Check with Pin picorv32_core_genblk1.pcpi_mul_active_reg[1]/
CK 
Endpoint:   picorv32_core_genblk1.pcpi_mul_active_reg[1]/D  (v) checked with  
leading edge of 'clk'
Beginpoint: picorv32_core_genblk1.pcpi_mul_active_reg[0]/QN (^) triggered by  
leading edge of 'clk'
Path Groups: {reg2reg}
Analysis View: analysis1
Other End Arrival Time          0.003
+ Hold                          0.001
+ Phase Shift                   0.000
+ Uncertainty                   0.020
= Required Time                 0.024
  Arrival Time                  0.063
  Slack Time                    0.039
     Clock Rise Edge                 0.000
     + Clock Network Latency (Prop)  0.003
     = Beginpoint Arrival Time       0.003
     +---------------------------------------------------------------------------------------------------+ 
     |                   Instance                   |     Arc      |  Cell  | Delay | Arrival | Required | 
     |                                              |              |        |       |  Time   |   Time   | 
     |----------------------------------------------+--------------+--------+-------+---------+----------| 
     | picorv32_core_genblk1.pcpi_mul_active_reg[0] | CK ^         |        |       |   0.003 |   -0.036 | 
     | picorv32_core_genblk1.pcpi_mul_active_reg[0] | CK ^ -> QN ^ | DFFX1  | 0.051 |   0.054 |    0.015 | 
     | picorv32_core_g195433                        | A ^ -> Y v   | NOR2X1 | 0.009 |   0.063 |    0.024 | 
     | picorv32_core_genblk1.pcpi_mul_active_reg[1] | D v          | DFFX1  | 0.000 |   0.063 |    0.024 | 
     +---------------------------------------------------------------------------------------------------+ 
Path 16: MET Hold Check with Pin picorv32_core_genblk1.pcpi_mul_rs2_reg[25]/CK 
Endpoint:   picorv32_core_genblk1.pcpi_mul_rs2_reg[25]/D0 (v) checked with  
leading edge of 'clk'
Beginpoint: picorv32_core_genblk1.pcpi_mul_rs2_reg[25]/Q  (v) triggered by  
leading edge of 'clk'
Path Groups: {reg2reg}
Analysis View: analysis1
Other End Arrival Time          0.002
+ Hold                         -0.010
+ Phase Shift                   0.000
+ Uncertainty                   0.020
= Required Time                 0.013
  Arrival Time                  0.051
  Slack Time                    0.039
     Clock Rise Edge                 0.000
     + Clock Network Latency (Prop)  0.002
     = Beginpoint Arrival Time       0.002
     +--------------------------------------------------------------------------------------------------+ 
     |                  Instance                  |     Arc     |   Cell   | Delay | Arrival | Required | 
     |                                            |             |          |       |  Time   |   Time   | 
     |--------------------------------------------+-------------+----------+-------+---------+----------| 
     | picorv32_core_genblk1.pcpi_mul_rs2_reg[25] | CK ^        |          |       |   0.002 |   -0.036 | 
     | picorv32_core_genblk1.pcpi_mul_rs2_reg[25] | CK ^ -> Q v | MDFFHQX1 | 0.049 |   0.051 |    0.013 | 
     | picorv32_core_genblk1.pcpi_mul_rs2_reg[25] | D0 v        | MDFFHQX1 | 0.000 |   0.051 |    0.013 | 
     +--------------------------------------------------------------------------------------------------+ 
Path 17: MET Hold Check with Pin picorv32_core_genblk1.pcpi_mul_rs2_reg[31]/CK 
Endpoint:   picorv32_core_genblk1.pcpi_mul_rs2_reg[31]/D0 (v) checked with  
leading edge of 'clk'
Beginpoint: picorv32_core_genblk1.pcpi_mul_rs2_reg[31]/Q  (v) triggered by  
leading edge of 'clk'
Path Groups: {reg2reg}
Analysis View: analysis1
Other End Arrival Time          0.003
+ Hold                         -0.010
+ Phase Shift                   0.000
+ Uncertainty                   0.020
= Required Time                 0.013
  Arrival Time                  0.052
  Slack Time                    0.039
     Clock Rise Edge                 0.000
     + Clock Network Latency (Prop)  0.003
     = Beginpoint Arrival Time       0.003
     +--------------------------------------------------------------------------------------------------+ 
     |                  Instance                  |     Arc     |   Cell   | Delay | Arrival | Required | 
     |                                            |             |          |       |  Time   |   Time   | 
     |--------------------------------------------+-------------+----------+-------+---------+----------| 
     | picorv32_core_genblk1.pcpi_mul_rs2_reg[31] | CK ^        |          |       |   0.003 |   -0.037 | 
     | picorv32_core_genblk1.pcpi_mul_rs2_reg[31] | CK ^ -> Q v | MDFFHQX1 | 0.049 |   0.052 |    0.013 | 
     | picorv32_core_genblk1.pcpi_mul_rs2_reg[31] | D0 v        | MDFFHQX1 | 0.000 |   0.052 |    0.013 | 
     +--------------------------------------------------------------------------------------------------+ 
Path 18: MET Hold Check with Pin picorv32_core_pcpi_insn_reg[9]/CK 
Endpoint:   picorv32_core_pcpi_insn_reg[9]/D   (v) checked with  leading edge 
of 'clk'
Beginpoint: picorv32_core_mem_rdata_q_reg[9]/Q (v) triggered by  leading edge 
of 'clk'
Path Groups: {reg2reg}
Analysis View: analysis1
Other End Arrival Time         -0.003
+ Hold                         -0.010
+ Phase Shift                   0.000
+ Uncertainty                   0.020
= Required Time                 0.007
  Arrival Time                  0.046
  Slack Time                    0.039
     Clock Rise Edge                 0.000
     + Clock Network Latency (Prop)  -0.002
     = Beginpoint Arrival Time       -0.002
     +----------------------------------------------------------------------------------------+ 
     |             Instance             |     Arc     |   Cell   | Delay | Arrival | Required | 
     |                                  |             |          |       |  Time   |   Time   | 
     |----------------------------------+-------------+----------+-------+---------+----------| 
     | picorv32_core_mem_rdata_q_reg[9] | CK ^        |          |       |  -0.002 |   -0.042 | 
     | picorv32_core_mem_rdata_q_reg[9] | CK ^ -> Q v | EDFFX2   | 0.048 |   0.046 |    0.007 | 
     | picorv32_core_pcpi_insn_reg[9]   | D v         | EDFFHQX1 | 0.000 |   0.046 |    0.007 | 
     +----------------------------------------------------------------------------------------+ 
Path 19: MET Hold Check with Pin picorv32_core_mem_rdata_q_reg[25]/CK 
Endpoint:   picorv32_core_mem_rdata_q_reg[25]/D (v) checked with  leading edge 
of 'clk'
Beginpoint: mem_rdata_reg[25]/Q                 (v) triggered by  leading edge 
of 'clk'
Path Groups: {reg2reg}
Analysis View: analysis1
Other End Arrival Time          0.000
+ Hold                         -0.013
+ Phase Shift                   0.000
+ Uncertainty                   0.020
= Required Time                 0.007
  Arrival Time                  0.047
  Slack Time                    0.039
     Clock Rise Edge                 0.000
     + Clock Network Latency (Prop)  -0.001
     = Beginpoint Arrival Time       -0.001
     +---------------------------------------------------------------------------------------+ 
     |             Instance              |     Arc     |  Cell  | Delay | Arrival | Required | 
     |                                   |             |        |       |  Time   |   Time   | 
     |-----------------------------------+-------------+--------+-------+---------+----------| 
     | mem_rdata_reg[25]                 | CK ^        |        |       |  -0.001 |   -0.040 | 
     | mem_rdata_reg[25]                 | CK ^ -> Q v | EDFFX2 | 0.047 |   0.047 |    0.007 | 
     | picorv32_core_mem_rdata_q_reg[25] | D v         | EDFFX2 | 0.000 |   0.047 |    0.007 | 
     +---------------------------------------------------------------------------------------+ 
Path 20: MET Hold Check with Pin picorv32_core_genblk1.pcpi_mul_rs2_reg[7]/CK 
Endpoint:   picorv32_core_genblk1.pcpi_mul_rs2_reg[7]/D0 (v) checked with  
leading edge of 'clk'
Beginpoint: picorv32_core_genblk1.pcpi_mul_rs2_reg[7]/Q  (v) triggered by  
leading edge of 'clk'
Path Groups: {reg2reg}
Analysis View: analysis1
Other End Arrival Time          0.001
+ Hold                         -0.011
+ Phase Shift                   0.000
+ Uncertainty                   0.020
= Required Time                 0.011
  Arrival Time                  0.051
  Slack Time                    0.040
     Clock Rise Edge                 0.000
     + Clock Network Latency (Prop)  0.001
     = Beginpoint Arrival Time       0.001
     +-------------------------------------------------------------------------------------------------+ 
     |                 Instance                  |     Arc     |   Cell   | Delay | Arrival | Required | 
     |                                           |             |          |       |  Time   |   Time   | 
     |-------------------------------------------+-------------+----------+-------+---------+----------| 
     | picorv32_core_genblk1.pcpi_mul_rs2_reg[7] | CK ^        |          |       |   0.001 |   -0.038 | 
     | picorv32_core_genblk1.pcpi_mul_rs2_reg[7] | CK ^ -> Q v | MDFFHQX1 | 0.049 |   0.051 |    0.011 | 
     | picorv32_core_genblk1.pcpi_mul_rs2_reg[7] | D0 v        | MDFFHQX1 | 0.000 |   0.051 |    0.011 | 
     +-------------------------------------------------------------------------------------------------+ 
Path 21: MET Hold Check with Pin picorv32_core_genblk1.pcpi_mul_rs2_reg[27]/CK 
Endpoint:   picorv32_core_genblk1.pcpi_mul_rs2_reg[27]/D0 (v) checked with  
leading edge of 'clk'
Beginpoint: picorv32_core_genblk1.pcpi_mul_rs2_reg[27]/Q  (v) triggered by  
leading edge of 'clk'
Path Groups: {reg2reg}
Analysis View: analysis1
Other End Arrival Time          0.003
+ Hold                         -0.010
+ Phase Shift                   0.000
+ Uncertainty                   0.020
= Required Time                 0.013
  Arrival Time                  0.052
  Slack Time                    0.040
     Clock Rise Edge                 0.000
     + Clock Network Latency (Prop)  0.003
     = Beginpoint Arrival Time       0.003
     +--------------------------------------------------------------------------------------------------+ 
     |                  Instance                  |     Arc     |   Cell   | Delay | Arrival | Required | 
     |                                            |             |          |       |  Time   |   Time   | 
     |--------------------------------------------+-------------+----------+-------+---------+----------| 
     | picorv32_core_genblk1.pcpi_mul_rs2_reg[27] | CK ^        |          |       |   0.003 |   -0.037 | 
     | picorv32_core_genblk1.pcpi_mul_rs2_reg[27] | CK ^ -> Q v | MDFFHQX1 | 0.050 |   0.052 |    0.013 | 
     | picorv32_core_genblk1.pcpi_mul_rs2_reg[27] | D0 v        | MDFFHQX1 | 0.000 |   0.052 |    0.013 | 
     +--------------------------------------------------------------------------------------------------+ 
Path 22: MET Hold Check with Pin picorv32_core_pcpi_timeout_counter_reg[3]/CK 
Endpoint:   picorv32_core_pcpi_timeout_counter_reg[3]/D (v) checked with  
leading edge of 'clk'
Beginpoint: picorv32_core_pcpi_timeout_counter_reg[3]/Q (v) triggered by  
leading edge of 'clk'
Path Groups: {reg2reg}
Analysis View: analysis1
Other End Arrival Time          0.003
+ Hold                          0.002
+ Phase Shift                   0.000
+ Uncertainty                   0.020
= Required Time                 0.025
  Arrival Time                  0.065
  Slack Time                    0.040
     Clock Rise Edge                 0.000
     + Clock Network Latency (Prop)  0.003
     = Beginpoint Arrival Time       0.003
     +---------------------------------------------------------------------------------------------------+ 
     |                 Instance                  |     Arc      |   Cell    | Delay | Arrival | Required | 
     |                                           |              |           |       |  Time   |   Time   | 
     |-------------------------------------------+--------------+-----------+-------+---------+----------| 
     | picorv32_core_pcpi_timeout_counter_reg[3] | CK ^         |           |       |   0.003 |   -0.037 | 
     | picorv32_core_pcpi_timeout_counter_reg[3] | CK ^ -> Q v  | DFFHQX1   | 0.043 |   0.046 |    0.006 | 
     | picorv32_core_g194467                     | A0N v -> Y v | OAI2BB1X1 | 0.020 |   0.065 |    0.025 | 
     | picorv32_core_pcpi_timeout_counter_reg[3] | D v          | DFFHQX1   | 0.000 |   0.065 |    0.025 | 
     +---------------------------------------------------------------------------------------------------+ 
Path 23: MET Hold Check with Pin picorv32_core_genblk1.pcpi_mul_rs2_reg[19]/CK 
Endpoint:   picorv32_core_genblk1.pcpi_mul_rs2_reg[19]/D0 (v) checked with  
leading edge of 'clk'
Beginpoint: picorv32_core_genblk1.pcpi_mul_rs2_reg[19]/Q  (v) triggered by  
leading edge of 'clk'
Path Groups: {reg2reg}
Analysis View: analysis1
Other End Arrival Time          0.002
+ Hold                         -0.010
+ Phase Shift                   0.000
+ Uncertainty                   0.020
= Required Time                 0.012
  Arrival Time                  0.053
  Slack Time                    0.041
     Clock Rise Edge                 0.000
     + Clock Network Latency (Prop)  0.002
     = Beginpoint Arrival Time       0.002
     +--------------------------------------------------------------------------------------------------+ 
     |                  Instance                  |     Arc     |   Cell   | Delay | Arrival | Required | 
     |                                            |             |          |       |  Time   |   Time   | 
     |--------------------------------------------+-------------+----------+-------+---------+----------| 
     | picorv32_core_genblk1.pcpi_mul_rs2_reg[19] | CK ^        |          |       |   0.002 |   -0.039 | 
     | picorv32_core_genblk1.pcpi_mul_rs2_reg[19] | CK ^ -> Q v | MDFFHQX1 | 0.051 |   0.053 |    0.012 | 
     | picorv32_core_genblk1.pcpi_mul_rs2_reg[19] | D0 v        | MDFFHQX1 | 0.000 |   0.053 |    0.012 | 
     +--------------------------------------------------------------------------------------------------+ 
Path 24: MET Hold Check with Pin picorv32_core_genblk1.pcpi_mul_rs2_reg[9]/CK 
Endpoint:   picorv32_core_genblk1.pcpi_mul_rs2_reg[9]/D0 (v) checked with  
leading edge of 'clk'
Beginpoint: picorv32_core_genblk1.pcpi_mul_rs2_reg[9]/Q  (v) triggered by  
leading edge of 'clk'
Path Groups: {reg2reg}
Analysis View: analysis1
Other End Arrival Time          0.001
+ Hold                         -0.011
+ Phase Shift                   0.000
+ Uncertainty                   0.020
= Required Time                 0.010
  Arrival Time                  0.051
  Slack Time                    0.041
     Clock Rise Edge                 0.000
     + Clock Network Latency (Prop)  0.001
     = Beginpoint Arrival Time       0.001
     +-------------------------------------------------------------------------------------------------+ 
     |                 Instance                  |     Arc     |   Cell   | Delay | Arrival | Required | 
     |                                           |             |          |       |  Time   |   Time   | 
     |-------------------------------------------+-------------+----------+-------+---------+----------| 
     | picorv32_core_genblk1.pcpi_mul_rs2_reg[9] | CK ^        |          |       |   0.001 |   -0.040 | 
     | picorv32_core_genblk1.pcpi_mul_rs2_reg[9] | CK ^ -> Q v | MDFFHQX1 | 0.050 |   0.051 |    0.010 | 
     | picorv32_core_genblk1.pcpi_mul_rs2_reg[9] | D0 v        | MDFFHQX1 | 0.000 |   0.051 |    0.010 | 
     +-------------------------------------------------------------------------------------------------+ 
Path 25: MET Hold Check with Pin picorv32_core_pcpi_insn_reg[4]/CK 
Endpoint:   picorv32_core_pcpi_insn_reg[4]/D   (v) checked with  leading edge 
of 'clk'
Beginpoint: picorv32_core_mem_rdata_q_reg[4]/Q (v) triggered by  leading edge 
of 'clk'
Path Groups: {reg2reg}
Analysis View: analysis1
Other End Arrival Time          0.001
+ Hold                         -0.011
+ Phase Shift                   0.000
+ Uncertainty                   0.020
= Required Time                 0.010
  Arrival Time                  0.052
  Slack Time                    0.042
     Clock Rise Edge                 0.000
     + Clock Network Latency (Prop)  0.001
     = Beginpoint Arrival Time       0.001
     +----------------------------------------------------------------------------------------+ 
     |             Instance             |     Arc     |   Cell   | Delay | Arrival | Required | 
     |                                  |             |          |       |  Time   |   Time   | 
     |----------------------------------+-------------+----------+-------+---------+----------| 
     | picorv32_core_mem_rdata_q_reg[4] | CK ^        |          |       |   0.001 |   -0.040 | 
     | picorv32_core_mem_rdata_q_reg[4] | CK ^ -> Q v | EDFFHQX1 | 0.051 |   0.052 |    0.010 | 
     | picorv32_core_pcpi_insn_reg[4]   | D v         | EDFFHQX1 | 0.000 |   0.052 |    0.010 | 
     +----------------------------------------------------------------------------------------+ 
Path 26: MET Hold Check with Pin picorv32_core_pcpi_insn_reg[5]/CK 
Endpoint:   picorv32_core_pcpi_insn_reg[5]/D   (v) checked with  leading edge 
of 'clk'
Beginpoint: picorv32_core_mem_rdata_q_reg[5]/Q (v) triggered by  leading edge 
of 'clk'
Path Groups: {reg2reg}
Analysis View: analysis1
Other End Arrival Time          0.001
+ Hold                         -0.011
+ Phase Shift                   0.000
+ Uncertainty                   0.020
= Required Time                 0.010
  Arrival Time                  0.052
  Slack Time                    0.042
     Clock Rise Edge                 0.000
     + Clock Network Latency (Prop)  0.001
     = Beginpoint Arrival Time       0.001
     +----------------------------------------------------------------------------------------+ 
     |             Instance             |     Arc     |   Cell   | Delay | Arrival | Required | 
     |                                  |             |          |       |  Time   |   Time   | 
     |----------------------------------+-------------+----------+-------+---------+----------| 
     | picorv32_core_mem_rdata_q_reg[5] | CK ^        |          |       |   0.001 |   -0.040 | 
     | picorv32_core_mem_rdata_q_reg[5] | CK ^ -> Q v | EDFFHQX1 | 0.051 |   0.052 |    0.010 | 
     | picorv32_core_pcpi_insn_reg[5]   | D v         | EDFFHQX1 | 0.000 |   0.052 |    0.010 | 
     +----------------------------------------------------------------------------------------+ 
Path 27: MET Hold Check with Pin picorv32_core_mem_wstrb_reg[2]/CK 
Endpoint:   picorv32_core_mem_wstrb_reg[2]/D (v) checked with  leading edge of 
'clk'
Beginpoint: picorv32_core_mem_wstrb_reg[2]/Q (v) triggered by  leading edge of 
'clk'
Path Groups: {reg2reg}
Analysis View: analysis1
Other End Arrival Time          0.002
+ Hold                          0.002
+ Phase Shift                   0.000
+ Uncertainty                   0.020
= Required Time                 0.024
  Arrival Time                  0.066
  Slack Time                    0.042
     Clock Rise Edge                 0.000
     + Clock Network Latency (Prop)  0.002
     = Beginpoint Arrival Time       0.002
     +----------------------------------------------------------------------------------------+ 
     |            Instance            |     Arc      |   Cell    | Delay | Arrival | Required | 
     |                                |              |           |       |  Time   |   Time   | 
     |--------------------------------+--------------+-----------+-------+---------+----------| 
     | picorv32_core_mem_wstrb_reg[2] | CK ^         |           |       |   0.002 |   -0.040 | 
     | picorv32_core_mem_wstrb_reg[2] | CK ^ -> Q v  | DFFHQX1   | 0.045 |   0.047 |    0.005 | 
     | picorv32_core_g192901          | A0N v -> Y v | OAI2BB1X1 | 0.019 |   0.066 |    0.024 | 
     | picorv32_core_mem_wstrb_reg[2] | D v          | DFFHQX1   | 0.000 |   0.066 |    0.024 | 
     +----------------------------------------------------------------------------------------+ 
Path 28: MET Hold Check with Pin picorv32_core_is_sltiu_bltu_sltu_reg/CK 
Endpoint:   picorv32_core_is_sltiu_bltu_sltu_reg/D (v) checked with  leading 
edge of 'clk'
Beginpoint: picorv32_core_instr_bltu_reg/Q         (v) triggered by  leading 
edge of 'clk'
Path Groups: {reg2reg}
Analysis View: analysis1
Other End Arrival Time          0.001
+ Hold                          0.002
+ Phase Shift                   0.000
+ Uncertainty                   0.020
= Required Time                 0.023
  Arrival Time                  0.065
  Slack Time                    0.042
     Clock Rise Edge                 0.000
     + Clock Network Latency (Prop)  0.001
     = Beginpoint Arrival Time       0.001
     +--------------------------------------------------------------------------------------------+ 
     |               Instance               |     Arc     |   Cell   | Delay | Arrival | Required | 
     |                                      |             |          |       |  Time   |   Time   | 
     |--------------------------------------+-------------+----------+-------+---------+----------| 
     | picorv32_core_instr_bltu_reg         | CK ^        |          |       |   0.001 |   -0.041 | 
     | picorv32_core_instr_bltu_reg         | CK ^ -> Q v | DFFHQX1  | 0.045 |   0.046 |    0.004 | 
     | picorv32_core_g88450__1705           | AN v -> Y v | NAND2BX1 | 0.019 |   0.065 |    0.023 | 
     | picorv32_core_is_sltiu_bltu_sltu_reg | D v         | DFFHQX1  | 0.000 |   0.065 |    0.023 | 
     +--------------------------------------------------------------------------------------------+ 
Path 29: MET Hold Check with Pin picorv32_core_genblk1.pcpi_mul_rs2_reg[3]/CK 
Endpoint:   picorv32_core_genblk1.pcpi_mul_rs2_reg[3]/D0 (v) checked with  
leading edge of 'clk'
Beginpoint: picorv32_core_genblk1.pcpi_mul_rs2_reg[3]/Q  (v) triggered by  
leading edge of 'clk'
Path Groups: {reg2reg}
Analysis View: analysis1
Other End Arrival Time          0.001
+ Hold                         -0.011
+ Phase Shift                   0.000
+ Uncertainty                   0.020
= Required Time                 0.010
  Arrival Time                  0.053
  Slack Time                    0.043
     Clock Rise Edge                 0.000
     + Clock Network Latency (Prop)  0.001
     = Beginpoint Arrival Time       0.001
     +-------------------------------------------------------------------------------------------------+ 
     |                 Instance                  |     Arc     |   Cell   | Delay | Arrival | Required | 
     |                                           |             |          |       |  Time   |   Time   | 
     |-------------------------------------------+-------------+----------+-------+---------+----------| 
     | picorv32_core_genblk1.pcpi_mul_rs2_reg[3] | CK ^        |          |       |   0.001 |   -0.041 | 
     | picorv32_core_genblk1.pcpi_mul_rs2_reg[3] | CK ^ -> Q v | MDFFHQX1 | 0.052 |   0.053 |    0.010 | 
     | picorv32_core_genblk1.pcpi_mul_rs2_reg[3] | D0 v        | MDFFHQX1 | 0.000 |   0.053 |    0.010 | 
     +-------------------------------------------------------------------------------------------------+ 
Path 30: MET Hold Check with Pin picorv32_core_trap_reg/CK 
Endpoint:   picorv32_core_trap_reg/D         (v) checked with  leading edge of 
'clk'
Beginpoint: picorv32_core_cpu_state_reg[7]/Q (v) triggered by  leading edge of 
'clk'
Path Groups: {reg2reg}
Analysis View: analysis1
Other End Arrival Time          0.001
+ Hold                          0.002
+ Phase Shift                   0.000
+ Uncertainty                   0.020
= Required Time                 0.023
  Arrival Time                  0.066
  Slack Time                    0.043
     Clock Rise Edge                 0.000
     + Clock Network Latency (Prop)  0.001
     = Beginpoint Arrival Time       0.001
     +-------------------------------------------------------------------------------------+ 
     |            Instance            |     Arc     |  Cell   | Delay | Arrival | Required | 
     |                                |             |         |       |  Time   |   Time   | 
     |--------------------------------+-------------+---------+-------+---------+----------| 
     | picorv32_core_cpu_state_reg[7] | CK ^        |         |       |   0.001 |   -0.042 | 
     | picorv32_core_cpu_state_reg[7] | CK ^ -> Q v | DFFHQX1 | 0.048 |   0.049 |    0.006 | 
     | picorv32_core_g195434          | B v -> Y v  | AND2X1  | 0.017 |   0.066 |    0.023 | 
     | picorv32_core_trap_reg         | D v         | DFFHQX1 | 0.000 |   0.066 |    0.023 | 
     +-------------------------------------------------------------------------------------+ 
Path 31: MET Hold Check with Pin picorv32_core_mem_wstrb_reg[1]/CK 
Endpoint:   picorv32_core_mem_wstrb_reg[1]/D (v) checked with  leading edge of 
'clk'
Beginpoint: picorv32_core_mem_wstrb_reg[1]/Q (v) triggered by  leading edge of 
'clk'
Path Groups: {reg2reg}
Analysis View: analysis1
Other End Arrival Time          0.002
+ Hold                          0.002
+ Phase Shift                   0.000
+ Uncertainty                   0.020
= Required Time                 0.024
  Arrival Time                  0.067
  Slack Time                    0.043
     Clock Rise Edge                 0.000
     + Clock Network Latency (Prop)  0.002
     = Beginpoint Arrival Time       0.002
     +----------------------------------------------------------------------------------------+ 
     |            Instance            |     Arc      |   Cell    | Delay | Arrival | Required | 
     |                                |              |           |       |  Time   |   Time   | 
     |--------------------------------+--------------+-----------+-------+---------+----------| 
     | picorv32_core_mem_wstrb_reg[1] | CK ^         |           |       |   0.002 |   -0.041 | 
     | picorv32_core_mem_wstrb_reg[1] | CK ^ -> Q v  | DFFHQX1   | 0.045 |   0.047 |    0.004 | 
     | picorv32_core_g192900          | A0N v -> Y v | OAI2BB1X1 | 0.020 |   0.067 |    0.024 | 
     | picorv32_core_mem_wstrb_reg[1] | D v          | DFFHQX1   | 0.000 |   0.067 |    0.024 | 
     +----------------------------------------------------------------------------------------+ 
Path 32: MET Hold Check with Pin picorv32_core_mem_rdata_q_reg[24]/CK 
Endpoint:   picorv32_core_mem_rdata_q_reg[24]/D (v) checked with  leading edge 
of 'clk'
Beginpoint: mem_rdata_reg[24]/Q                 (v) triggered by  leading edge 
of 'clk'
Path Groups: {reg2reg}
Analysis View: analysis1
Other End Arrival Time         -0.003
+ Hold                         -0.013
+ Phase Shift                   0.000
+ Uncertainty                   0.020
= Required Time                 0.004
  Arrival Time                  0.047
  Slack Time                    0.043
     Clock Rise Edge                 0.000
     + Clock Network Latency (Prop)  -0.003
     = Beginpoint Arrival Time       -0.003
     +---------------------------------------------------------------------------------------+ 
     |             Instance              |     Arc     |  Cell  | Delay | Arrival | Required | 
     |                                   |             |        |       |  Time   |   Time   | 
     |-----------------------------------+-------------+--------+-------+---------+----------| 
     | mem_rdata_reg[24]                 | CK ^        |        |       |  -0.003 |   -0.046 | 
     | mem_rdata_reg[24]                 | CK ^ -> Q v | EDFFX2 | 0.050 |   0.047 |    0.004 | 
     | picorv32_core_mem_rdata_q_reg[24] | D v         | EDFFX2 | 0.000 |   0.047 |    0.004 | 
     +---------------------------------------------------------------------------------------+ 
Path 33: MET Hold Check with Pin picorv32_core_pcpi_insn_reg[6]/CK 
Endpoint:   picorv32_core_pcpi_insn_reg[6]/D   (v) checked with  leading edge 
of 'clk'
Beginpoint: picorv32_core_mem_rdata_q_reg[6]/Q (v) triggered by  leading edge 
of 'clk'
Path Groups: {reg2reg}
Analysis View: analysis1
Other End Arrival Time          0.001
+ Hold                         -0.011
+ Phase Shift                   0.000
+ Uncertainty                   0.020
= Required Time                 0.010
  Arrival Time                  0.054
  Slack Time                    0.044
     Clock Rise Edge                 0.000
     + Clock Network Latency (Prop)  0.001
     = Beginpoint Arrival Time       0.001
     +----------------------------------------------------------------------------------------+ 
     |             Instance             |     Arc     |   Cell   | Delay | Arrival | Required | 
     |                                  |             |          |       |  Time   |   Time   | 
     |----------------------------------+-------------+----------+-------+---------+----------| 
     | picorv32_core_mem_rdata_q_reg[6] | CK ^        |          |       |   0.001 |   -0.042 | 
     | picorv32_core_mem_rdata_q_reg[6] | CK ^ -> Q v | EDFFHQX1 | 0.052 |   0.054 |    0.010 | 
     | picorv32_core_pcpi_insn_reg[6]   | D v         | EDFFHQX1 | 0.000 |   0.054 |    0.010 | 
     +----------------------------------------------------------------------------------------+ 
Path 34: MET Hold Check with Pin picorv32_core_pcpi_timeout_counter_reg[0]/CK 
Endpoint:   picorv32_core_pcpi_timeout_counter_reg[0]/D  (v) checked with  
leading edge of 'clk'
Beginpoint: picorv32_core_pcpi_timeout_counter_reg[0]/QN (v) triggered by  
leading edge of 'clk'
Path Groups: {reg2reg}
Analysis View: analysis1
Other End Arrival Time          0.003
+ Hold                          0.001
+ Phase Shift                   0.000
+ Uncertainty                   0.020
= Required Time                 0.023
  Arrival Time                  0.067
  Slack Time                    0.044
     Clock Rise Edge                 0.000
     + Clock Network Latency (Prop)  0.003
     = Beginpoint Arrival Time       0.003
     +---------------------------------------------------------------------------------------------------+ 
     |                 Instance                  |     Arc      |   Cell    | Delay | Arrival | Required | 
     |                                           |              |           |       |  Time   |   Time   | 
     |-------------------------------------------+--------------+-----------+-------+---------+----------| 
     | picorv32_core_pcpi_timeout_counter_reg[0] | CK ^         |           |       |   0.003 |   -0.041 | 
     | picorv32_core_pcpi_timeout_counter_reg[0] | CK ^ -> QN v | DFFX1     | 0.045 |   0.048 |    0.004 | 
     | picorv32_core_g194459                     | A0N v -> Y v | OAI2BB1X1 | 0.019 |   0.067 |    0.023 | 
     | picorv32_core_pcpi_timeout_counter_reg[0] | D v          | DFFX1     | 0.000 |   0.067 |    0.023 | 
     +---------------------------------------------------------------------------------------------------+ 
Path 35: MET Hold Check with Pin picorv32_core_genblk1.pcpi_mul_rs2_reg[13]/CK 
Endpoint:   picorv32_core_genblk1.pcpi_mul_rs2_reg[13]/D0 (v) checked with  
leading edge of 'clk'
Beginpoint: picorv32_core_genblk1.pcpi_mul_rs2_reg[13]/Q  (v) triggered by  
leading edge of 'clk'
Path Groups: {reg2reg}
Analysis View: analysis1
Other End Arrival Time          0.001
+ Hold                         -0.011
+ Phase Shift                   0.000
+ Uncertainty                   0.020
= Required Time                 0.010
  Arrival Time                  0.054
  Slack Time                    0.044
     Clock Rise Edge                 0.000
     + Clock Network Latency (Prop)  0.001
     = Beginpoint Arrival Time       0.001
     +--------------------------------------------------------------------------------------------------+ 
     |                  Instance                  |     Arc     |   Cell   | Delay | Arrival | Required | 
     |                                            |             |          |       |  Time   |   Time   | 
     |--------------------------------------------+-------------+----------+-------+---------+----------| 
     | picorv32_core_genblk1.pcpi_mul_rs2_reg[13] | CK ^        |          |       |   0.001 |   -0.043 | 
     | picorv32_core_genblk1.pcpi_mul_rs2_reg[13] | CK ^ -> Q v | MDFFHQX1 | 0.053 |   0.054 |    0.010 | 
     | picorv32_core_genblk1.pcpi_mul_rs2_reg[13] | D0 v        | MDFFHQX1 | 0.000 |   0.054 |    0.010 | 
     +--------------------------------------------------------------------------------------------------+ 
Path 36: MET Hold Check with Pin picorv32_core_mem_wstrb_reg[3]/CK 
Endpoint:   picorv32_core_mem_wstrb_reg[3]/D (v) checked with  leading edge of 
'clk'
Beginpoint: picorv32_core_mem_wstrb_reg[3]/Q (v) triggered by  leading edge of 
'clk'
Path Groups: {reg2reg}
Analysis View: analysis1
Other End Arrival Time          0.002
+ Hold                          0.002
+ Phase Shift                   0.000
+ Uncertainty                   0.020
= Required Time                 0.024
  Arrival Time                  0.069
  Slack Time                    0.045
     Clock Rise Edge                 0.000
     + Clock Network Latency (Prop)  0.002
     = Beginpoint Arrival Time       0.002
     +----------------------------------------------------------------------------------------+ 
     |            Instance            |     Arc      |   Cell    | Delay | Arrival | Required | 
     |                                |              |           |       |  Time   |   Time   | 
     |--------------------------------+--------------+-----------+-------+---------+----------| 
     | picorv32_core_mem_wstrb_reg[3] | CK ^         |           |       |   0.002 |   -0.043 | 
     | picorv32_core_mem_wstrb_reg[3] | CK ^ -> Q v  | DFFHQX1   | 0.046 |   0.048 |    0.003 | 
     | picorv32_core_g192902          | A0N v -> Y v | OAI2BB1X1 | 0.021 |   0.069 |    0.024 | 
     | picorv32_core_mem_wstrb_reg[3] | D v          | DFFHQX1   | 0.000 |   0.069 |    0.024 | 
     +----------------------------------------------------------------------------------------+ 
Path 37: MET Hold Check with Pin picorv32_core_pcpi_insn_reg[23]/CK 
Endpoint:   picorv32_core_pcpi_insn_reg[23]/D   (v) checked with  leading edge 
of 'clk'
Beginpoint: picorv32_core_mem_rdata_q_reg[23]/Q (v) triggered by  leading edge 
of 'clk'
Path Groups: {reg2reg}
Analysis View: analysis1
Other End Arrival Time         -0.002
+ Hold                         -0.011
+ Phase Shift                   0.000
+ Uncertainty                   0.020
= Required Time                 0.008
  Arrival Time                  0.052
  Slack Time                    0.045
     Clock Rise Edge                 0.000
     + Clock Network Latency (Prop)  -0.003
     = Beginpoint Arrival Time       -0.003
     +-----------------------------------------------------------------------------------------+ 
     |             Instance              |     Arc     |   Cell   | Delay | Arrival | Required | 
     |                                   |             |          |       |  Time   |   Time   | 
     |-----------------------------------+-------------+----------+-------+---------+----------| 
     | picorv32_core_mem_rdata_q_reg[23] | CK ^        |          |       |  -0.003 |   -0.047 | 
     | picorv32_core_mem_rdata_q_reg[23] | CK ^ -> Q v | EDFFX2   | 0.055 |   0.052 |    0.007 | 
     | picorv32_core_pcpi_insn_reg[23]   | D v         | EDFFHQX8 | 0.000 |   0.052 |    0.008 | 
     +-----------------------------------------------------------------------------------------+ 
Path 38: MET Hold Check with Pin picorv32_core_reg_next_pc_reg[23]/CK 
Endpoint:   picorv32_core_reg_next_pc_reg[23]/D (v) checked with  leading edge 
of 'clk'
Beginpoint: picorv32_core_reg_next_pc_reg[23]/Q (v) triggered by  leading edge 
of 'clk'
Path Groups: {reg2reg}
Analysis View: analysis1
Other End Arrival Time         -0.000
+ Hold                          0.002
+ Phase Shift                   0.000
+ Uncertainty                   0.020
= Required Time                 0.021
  Arrival Time                  0.066
  Slack Time                    0.045
     Clock Rise Edge                 0.000
     + Clock Network Latency (Prop)  -0.000
     = Beginpoint Arrival Time       -0.000
     +-------------------------------------------------------------------------------------------+ 
     |             Instance              |     Arc      |   Cell    | Delay | Arrival | Required | 
     |                                   |              |           |       |  Time   |   Time   | 
     |-----------------------------------+--------------+-----------+-------+---------+----------| 
     | picorv32_core_reg_next_pc_reg[23] | CK ^         |           |       |  -0.000 |   -0.045 | 
     | picorv32_core_reg_next_pc_reg[23] | CK ^ -> Q v  | DFFHQX1   | 0.046 |   0.046 |    0.001 | 
     | picorv32_core_g190214__5115       | A0N v -> Y v | OAI2BB1X1 | 0.020 |   0.066 |    0.021 | 
     | picorv32_core_reg_next_pc_reg[23] | D v          | DFFHQX1   | 0.000 |   0.066 |    0.021 | 
     +-------------------------------------------------------------------------------------------+ 
Path 39: MET Hold Check with Pin picorv32_core_genblk1.pcpi_mul_rs2_reg[15]/CK 
Endpoint:   picorv32_core_genblk1.pcpi_mul_rs2_reg[15]/D0 (v) checked with  
leading edge of 'clk'
Beginpoint: picorv32_core_genblk1.pcpi_mul_rs2_reg[15]/Q  (v) triggered by  
leading edge of 'clk'
Path Groups: {reg2reg}
Analysis View: analysis1
Other End Arrival Time          0.001
+ Hold                         -0.011
+ Phase Shift                   0.000
+ Uncertainty                   0.020
= Required Time                 0.009
  Arrival Time                  0.055
  Slack Time                    0.045
     Clock Rise Edge                 0.000
     + Clock Network Latency (Prop)  0.001
     = Beginpoint Arrival Time       0.001
     +--------------------------------------------------------------------------------------------------+ 
     |                  Instance                  |     Arc     |   Cell   | Delay | Arrival | Required | 
     |                                            |             |          |       |  Time   |   Time   | 
     |--------------------------------------------+-------------+----------+-------+---------+----------| 
     | picorv32_core_genblk1.pcpi_mul_rs2_reg[15] | CK ^        |          |       |   0.001 |   -0.044 | 
     | picorv32_core_genblk1.pcpi_mul_rs2_reg[15] | CK ^ -> Q v | MDFFHQX1 | 0.054 |   0.055 |    0.009 | 
     | picorv32_core_genblk1.pcpi_mul_rs2_reg[15] | D0 v        | MDFFHQX1 | 0.000 |   0.055 |    0.009 | 
     +--------------------------------------------------------------------------------------------------+ 
Path 40: MET Hold Check with Pin picorv32_core_reg_next_pc_reg[1]/CK 
Endpoint:   picorv32_core_reg_next_pc_reg[1]/D (v) checked with  leading edge 
of 'clk'
Beginpoint: picorv32_core_reg_next_pc_reg[1]/Q (v) triggered by  leading edge 
of 'clk'
Path Groups: {reg2reg}
Analysis View: analysis1
Other End Arrival Time          0.001
+ Hold                          0.002
+ Phase Shift                   0.000
+ Uncertainty                   0.020
= Required Time                 0.023
  Arrival Time                  0.069
  Slack Time                    0.046
     Clock Rise Edge                 0.000
     + Clock Network Latency (Prop)  0.001
     = Beginpoint Arrival Time       0.001
     +------------------------------------------------------------------------------------------+ 
     |             Instance             |     Arc      |   Cell    | Delay | Arrival | Required | 
     |                                  |              |           |       |  Time   |   Time   | 
     |----------------------------------+--------------+-----------+-------+---------+----------| 
     | picorv32_core_reg_next_pc_reg[1] | CK ^         |           |       |   0.001 |   -0.045 | 
     | picorv32_core_reg_next_pc_reg[1] | CK ^ -> Q v  | DFFHQX1   | 0.047 |   0.048 |    0.002 | 
     | picorv32_core_g190194__1666      | A0N v -> Y v | OAI2BB1X1 | 0.020 |   0.069 |    0.023 | 
     | picorv32_core_reg_next_pc_reg[1] | D v          | DFFHQX1   | 0.000 |   0.069 |    0.023 | 
     +------------------------------------------------------------------------------------------+ 
Path 41: MET Hold Check with Pin picorv32_core_genblk2.pcpi_div_dividend_reg[0]/
CK 
Endpoint:   picorv32_core_genblk2.pcpi_div_dividend_reg[0]/D (v) checked with  
leading edge of 'clk'
Beginpoint: picorv32_core_genblk2.pcpi_div_dividend_reg[0]/Q (v) triggered by  
leading edge of 'clk'
Path Groups: {reg2reg}
Analysis View: analysis1
Other End Arrival Time          0.002
+ Hold                          0.002
+ Phase Shift                   0.000
+ Uncertainty                   0.020
= Required Time                 0.024
  Arrival Time                  0.070
  Slack Time                    0.046
     Clock Rise Edge                 0.000
     + Clock Network Latency (Prop)  0.002
     = Beginpoint Arrival Time       0.002
     +--------------------------------------------------------------------------------------------------------+ 
     |                    Instance                    |     Arc      |   Cell    | Delay | Arrival | Required | 
     |                                                |              |           |       |  Time   |   Time   | 
     |------------------------------------------------+--------------+-----------+-------+---------+----------| 
     | picorv32_core_genblk2.pcpi_div_dividend_reg[0] | CK ^         |           |       |   0.002 |   -0.044 | 
     | picorv32_core_genblk2.pcpi_div_dividend_reg[0] | CK ^ -> Q v  | DFFHQX1   | 0.048 |   0.050 |    0.004 | 
     | picorv32_core_genblk2.pcpi_div_g14128          | A0N v -> Y v | OAI2BB1X1 | 0.020 |   0.070 |    0.024 | 
     | picorv32_core_genblk2.pcpi_div_dividend_reg[0] | D v          | DFFHQX1   | 0.000 |   0.070 |    0.024 | 
     +--------------------------------------------------------------------------------------------------------+ 
Path 42: MET Hold Check with Pin picorv32_core_decoded_rd_reg[4]/CK 
Endpoint:   picorv32_core_decoded_rd_reg[4]/D   (v) checked with  leading edge 
of 'clk'
Beginpoint: picorv32_core_mem_rdata_q_reg[11]/Q (v) triggered by  leading edge 
of 'clk'
Path Groups: {reg2reg}
Analysis View: analysis1
Other End Arrival Time         -0.003
+ Hold                          0.002
+ Phase Shift                   0.000
+ Uncertainty                   0.020
= Required Time                 0.019
  Arrival Time                  0.065
  Slack Time                    0.046
     Clock Rise Edge                 0.000
     + Clock Network Latency (Prop)  -0.002
     = Beginpoint Arrival Time       -0.002
     +-------------------------------------------------------------------------------------------+ 
     |             Instance              |     Arc      |   Cell    | Delay | Arrival | Required | 
     |                                   |              |           |       |  Time   |   Time   | 
     |-----------------------------------+--------------+-----------+-------+---------+----------| 
     | picorv32_core_mem_rdata_q_reg[11] | CK ^         |           |       |  -0.002 |   -0.048 | 
     | picorv32_core_mem_rdata_q_reg[11] | CK ^ -> Q v  | EDFFX2    | 0.048 |   0.046 |   -0.000 | 
     | picorv32_core_g192891             | A0N v -> Y v | OAI2BB1X1 | 0.020 |   0.065 |    0.019 | 
     | picorv32_core_decoded_rd_reg[4]   | D v          | DFFHQX1   | 0.000 |   0.065 |    0.019 | 
     +-------------------------------------------------------------------------------------------+ 
Path 43: MET Hold Check with Pin picorv32_core_cpu_state_reg[1]/CK 
Endpoint:   picorv32_core_cpu_state_reg[1]/D  (v) checked with  leading edge of 
'clk'
Beginpoint: picorv32_core_cpu_state_reg[1]/QN (^) triggered by  leading edge of 
'clk'
Path Groups: {reg2reg}
Analysis View: analysis1
Other End Arrival Time          0.001
+ Hold                         -0.000
+ Phase Shift                   0.000
+ Uncertainty                   0.020
= Required Time                 0.021
  Arrival Time                  0.067
  Slack Time                    0.046
     Clock Rise Edge                 0.000
     + Clock Network Latency (Prop)  0.001
     = Beginpoint Arrival Time       0.001
     +--------------------------------------------------------------------------------------+ 
     |            Instance            |     Arc      |  Cell   | Delay | Arrival | Required | 
     |                                |              |         |       |  Time   |   Time   | 
     |--------------------------------+--------------+---------+-------+---------+----------| 
     | picorv32_core_cpu_state_reg[1] | CK ^         |         |       |   0.001 |   -0.045 | 
     | picorv32_core_cpu_state_reg[1] | CK ^ -> QN ^ | DFFX1   | 0.048 |   0.049 |    0.003 | 
     | picorv32_core_g190538__6417    | B0 ^ -> Y v  | OAI22X1 | 0.018 |   0.067 |    0.021 | 
     | picorv32_core_cpu_state_reg[1] | D v          | DFFX1   | 0.000 |   0.067 |    0.021 | 
     +--------------------------------------------------------------------------------------+ 
Path 44: MET Hold Check with Pin picorv32_core_reg_next_pc_reg[18]/CK 
Endpoint:   picorv32_core_reg_next_pc_reg[18]/D (v) checked with  leading edge 
of 'clk'
Beginpoint: picorv32_core_reg_next_pc_reg[18]/Q (v) triggered by  leading edge 
of 'clk'
Path Groups: {reg2reg}
Analysis View: analysis1
Other End Arrival Time          0.000
+ Hold                          0.002
+ Phase Shift                   0.000
+ Uncertainty                   0.020
= Required Time                 0.022
  Arrival Time                  0.069
  Slack Time                    0.046
     Clock Rise Edge                 0.000
     + Clock Network Latency (Prop)  0.000
     = Beginpoint Arrival Time       0.000
     +-------------------------------------------------------------------------------------------+ 
     |             Instance              |     Arc      |   Cell    | Delay | Arrival | Required | 
     |                                   |              |           |       |  Time   |   Time   | 
     |-----------------------------------+--------------+-----------+-------+---------+----------| 
     | picorv32_core_reg_next_pc_reg[18] | CK ^         |           |       |   0.000 |   -0.046 | 
     | picorv32_core_reg_next_pc_reg[18] | CK ^ -> Q v  | DFFHQX1   | 0.048 |   0.048 |    0.002 | 
     | picorv32_core_g190210__8246       | A0N v -> Y v | OAI2BB1X1 | 0.020 |   0.069 |    0.022 | 
     | picorv32_core_reg_next_pc_reg[18] | D v          | DFFHQX1   | 0.000 |   0.069 |    0.022 | 
     +-------------------------------------------------------------------------------------------+ 
Path 45: MET Hold Check with Pin picorv32_core_reg_next_pc_reg[24]/CK 
Endpoint:   picorv32_core_reg_next_pc_reg[24]/D (v) checked with  leading edge 
of 'clk'
Beginpoint: picorv32_core_reg_next_pc_reg[24]/Q (v) triggered by  leading edge 
of 'clk'
Path Groups: {reg2reg}
Analysis View: analysis1
Other End Arrival Time         -0.000
+ Hold                          0.002
+ Phase Shift                   0.000
+ Uncertainty                   0.020
= Required Time                 0.021
  Arrival Time                  0.068
  Slack Time                    0.046
     Clock Rise Edge                 0.000
     + Clock Network Latency (Prop)  -0.000
     = Beginpoint Arrival Time       -0.000
     +-------------------------------------------------------------------------------------------+ 
     |             Instance              |     Arc      |   Cell    | Delay | Arrival | Required | 
     |                                   |              |           |       |  Time   |   Time   | 
     |-----------------------------------+--------------+-----------+-------+---------+----------| 
     | picorv32_core_reg_next_pc_reg[24] | CK ^         |           |       |  -0.000 |   -0.047 | 
     | picorv32_core_reg_next_pc_reg[24] | CK ^ -> Q v  | DFFHQX1   | 0.047 |   0.047 |    0.000 | 
     | picorv32_core_g190216__4733       | A0N v -> Y v | OAI2BB1X1 | 0.021 |   0.068 |    0.021 | 
     | picorv32_core_reg_next_pc_reg[24] | D v          | DFFHQX1   | 0.000 |   0.068 |    0.021 | 
     +-------------------------------------------------------------------------------------------+ 
Path 46: MET Hold Check with Pin picorv32_core_genblk2.pcpi_div_dividend_
reg[26]/CK 
Endpoint:   picorv32_core_genblk2.pcpi_div_dividend_reg[26]/D (v) checked with  
leading edge of 'clk'
Beginpoint: picorv32_core_genblk2.pcpi_div_dividend_reg[26]/Q (v) triggered by  
leading edge of 'clk'
Path Groups: {reg2reg}
Analysis View: analysis1
Other End Arrival Time          0.001
+ Hold                          0.002
+ Phase Shift                   0.000
+ Uncertainty                   0.020
= Required Time                 0.023
  Arrival Time                  0.070
  Slack Time                    0.047
     Clock Rise Edge                 0.000
     + Clock Network Latency (Prop)  0.001
     = Beginpoint Arrival Time       0.001
     +---------------------------------------------------------------------------------------------------------+ 
     |                    Instance                     |     Arc      |   Cell    | Delay | Arrival | Required | 
     |                                                 |              |           |       |  Time   |   Time   | 
     |-------------------------------------------------+--------------+-----------+-------+---------+----------| 
     | picorv32_core_genblk2.pcpi_div_dividend_reg[26] | CK ^         |           |       |   0.001 |   -0.046 | 
     | picorv32_core_genblk2.pcpi_div_dividend_reg[26] | CK ^ -> Q v  | DFFHQX1   | 0.049 |   0.049 |    0.003 | 
     | picorv32_core_genblk2.pcpi_div_g14154           | A0N v -> Y v | OAI2BB1X1 | 0.020 |   0.070 |    0.023 | 
     | picorv32_core_genblk2.pcpi_div_dividend_reg[26] | D v          | DFFHQX1   | 0.000 |   0.070 |    0.023 | 
     +---------------------------------------------------------------------------------------------------------+ 
Path 47: MET Hold Check with Pin picorv32_core_reg_next_pc_reg[27]/CK 
Endpoint:   picorv32_core_reg_next_pc_reg[27]/D (v) checked with  leading edge 
of 'clk'
Beginpoint: picorv32_core_reg_next_pc_reg[27]/Q (v) triggered by  leading edge 
of 'clk'
Path Groups: {reg2reg}
Analysis View: analysis1
Other End Arrival Time          0.002
+ Hold                          0.002
+ Phase Shift                   0.000
+ Uncertainty                   0.020
= Required Time                 0.025
  Arrival Time                  0.071
  Slack Time                    0.047
     Clock Rise Edge                 0.000
     + Clock Network Latency (Prop)  0.002
     = Beginpoint Arrival Time       0.002
     +-------------------------------------------------------------------------------------------+ 
     |             Instance              |     Arc      |   Cell    | Delay | Arrival | Required | 
     |                                   |              |           |       |  Time   |   Time   | 
     |-----------------------------------+--------------+-----------+-------+---------+----------| 
     | picorv32_core_reg_next_pc_reg[27] | CK ^         |           |       |   0.002 |   -0.044 | 
     | picorv32_core_reg_next_pc_reg[27] | CK ^ -> Q v  | DFFHQX1   | 0.049 |   0.051 |    0.005 | 
     | picorv32_core_g190220__2883       | A0N v -> Y v | OAI2BB1X1 | 0.020 |   0.071 |    0.025 | 
     | picorv32_core_reg_next_pc_reg[27] | D v          | DFFHQX1   | 0.000 |   0.071 |    0.025 | 
     +-------------------------------------------------------------------------------------------+ 
Path 48: MET Hold Check with Pin picorv32_core_genblk2.pcpi_div_dividend_
reg[14]/CK 
Endpoint:   picorv32_core_genblk2.pcpi_div_dividend_reg[14]/D (v) checked with  
leading edge of 'clk'
Beginpoint: picorv32_core_genblk2.pcpi_div_dividend_reg[14]/Q (v) triggered by  
leading edge of 'clk'
Path Groups: {reg2reg}
Analysis View: analysis1
Other End Arrival Time          0.001
+ Hold                          0.002
+ Phase Shift                   0.000
+ Uncertainty                   0.020
= Required Time                 0.023
  Arrival Time                  0.070
  Slack Time                    0.047
     Clock Rise Edge                 0.000
     + Clock Network Latency (Prop)  0.001
     = Beginpoint Arrival Time       0.001
     +---------------------------------------------------------------------------------------------------------+ 
     |                    Instance                     |     Arc      |   Cell    | Delay | Arrival | Required | 
     |                                                 |              |           |       |  Time   |   Time   | 
     |-------------------------------------------------+--------------+-----------+-------+---------+----------| 
     | picorv32_core_genblk2.pcpi_div_dividend_reg[14] | CK ^         |           |       |   0.001 |   -0.046 | 
     | picorv32_core_genblk2.pcpi_div_dividend_reg[14] | CK ^ -> Q v  | DFFHQX1   | 0.049 |   0.049 |    0.003 | 
     | picorv32_core_genblk2.pcpi_div_g14141           | A0N v -> Y v | OAI2BB1X1 | 0.020 |   0.070 |    0.023 | 
     | picorv32_core_genblk2.pcpi_div_dividend_reg[14] | D v          | DFFHQX1   | 0.000 |   0.070 |    0.023 | 
     +---------------------------------------------------------------------------------------------------------+ 
Path 49: MET Hold Check with Pin picorv32_core_reg_next_pc_reg[16]/CK 
Endpoint:   picorv32_core_reg_next_pc_reg[16]/D (v) checked with  leading edge 
of 'clk'
Beginpoint: picorv32_core_reg_next_pc_reg[16]/Q (v) triggered by  leading edge 
of 'clk'
Path Groups: {reg2reg}
Analysis View: analysis1
Other End Arrival Time          0.002
+ Hold                          0.002
+ Phase Shift                   0.000
+ Uncertainty                   0.020
= Required Time                 0.024
  Arrival Time                  0.071
  Slack Time                    0.047
     Clock Rise Edge                 0.000
     + Clock Network Latency (Prop)  0.002
     = Beginpoint Arrival Time       0.002
     +-------------------------------------------------------------------------------------------+ 
     |             Instance              |     Arc      |   Cell    | Delay | Arrival | Required | 
     |                                   |              |           |       |  Time   |   Time   | 
     |-----------------------------------+--------------+-----------+-------+---------+----------| 
     | picorv32_core_reg_next_pc_reg[16] | CK ^         |           |       |   0.002 |   -0.045 | 
     | picorv32_core_reg_next_pc_reg[16] | CK ^ -> Q v  | DFFHQX1   | 0.048 |   0.050 |    0.003 | 
     | picorv32_core_g190192__2883       | A0N v -> Y v | OAI2BB1X1 | 0.021 |   0.071 |    0.024 | 
     | picorv32_core_reg_next_pc_reg[16] | D v          | DFFHQX1   | 0.000 |   0.071 |    0.024 | 
     +-------------------------------------------------------------------------------------------+ 
Path 50: MET Hold Check with Pin picorv32_core_genblk2.pcpi_div_dividend_
reg[29]/CK 
Endpoint:   picorv32_core_genblk2.pcpi_div_dividend_reg[29]/D (v) checked with  
leading edge of 'clk'
Beginpoint: picorv32_core_genblk2.pcpi_div_dividend_reg[29]/Q (v) triggered by  
leading edge of 'clk'
Path Groups: {reg2reg}
Analysis View: analysis1
Other End Arrival Time          0.000
+ Hold                          0.002
+ Phase Shift                   0.000
+ Uncertainty                   0.020
= Required Time                 0.022
  Arrival Time                  0.069
  Slack Time                    0.047
     Clock Rise Edge                 0.000
     + Clock Network Latency (Prop)  0.000
     = Beginpoint Arrival Time       0.000
     +---------------------------------------------------------------------------------------------------------+ 
     |                    Instance                     |     Arc      |   Cell    | Delay | Arrival | Required | 
     |                                                 |              |           |       |  Time   |   Time   | 
     |-------------------------------------------------+--------------+-----------+-------+---------+----------| 
     | picorv32_core_genblk2.pcpi_div_dividend_reg[29] | CK ^         |           |       |   0.000 |   -0.046 | 
     | picorv32_core_genblk2.pcpi_div_dividend_reg[29] | CK ^ -> Q v  | DFFHQX1   | 0.049 |   0.049 |    0.002 | 
     | picorv32_core_genblk2.pcpi_div_g14125           | A0N v -> Y v | OAI2BB1X1 | 0.020 |   0.069 |    0.022 | 
     | picorv32_core_genblk2.pcpi_div_dividend_reg[29] | D v          | DFFHQX1   | 0.000 |   0.069 |    0.022 | 
     +---------------------------------------------------------------------------------------------------------+ 

