###############################################################
#  Generated by:      Cadence Innovus 21.35-s114_1
#  OS:                Linux x86_64(Host ID cn89.it.auth.gr)
#  Generated on:      Thu Nov 27 16:26:47 2025
#  Design:            picorv32_wb
#  Command:           report_timing -path_group reg2out -check_type setup -max_paths 50 > reports/postCTS/setup_reg2out.rpt
###############################################################
Path 1: MET Late External Delay Assertion 
Endpoint:   pcpi_rs2[1]                    (v) checked with  leading edge of 
'clk'
Beginpoint: picorv32_core_reg_op2_reg[1]/Q (v) triggered by  leading edge of 
'clk'
Path Groups: {reg2out}
Analysis View: analysis1
Other End Arrival Time          0.000
- External Delay                0.500
+ Phase Shift                   4.000
- Uncertainty                   0.020
= Required Time                 3.480
- Arrival Time                  0.428
= Slack Time                    3.052
     Clock Rise Edge                 0.000
     + Clock Network Latency (Prop)  -0.002
     = Beginpoint Arrival Time       -0.002
     +--------------------------------------------------------------------------------------+ 
     |           Instance           |      Arc      |   Cell   | Delay | Arrival | Required | 
     |                              |               |          |       |  Time   |   Time   | 
     |------------------------------+---------------+----------+-------+---------+----------| 
     | picorv32_core_reg_op2_reg[1] | CK ^          |          |       |  -0.002 |    3.050 | 
     | picorv32_core_reg_op2_reg[1] | CK ^ -> Q v   | DFFHQX1  | 0.111 |   0.109 |    3.161 | 
     | FE_OFC376_pcpi_rs2_1         | A v -> Y v    | BUFX2    | 0.089 |   0.199 |    3.250 | 
     | FE_OFC377_pcpi_rs2_1         | A v -> Y ^    | INVXL    | 0.069 |   0.268 |    3.319 | 
     | FE_OFC623_pcpi_rs2_1         | A ^ -> Y v    | CLKINVX8 | 0.143 |   0.411 |    3.462 | 
     |                              | pcpi_rs2[1] v |          | 0.018 |   0.428 |    3.480 | 
     +--------------------------------------------------------------------------------------+ 
Path 2: MET Late External Delay Assertion 
Endpoint:   pcpi_rs2[0]                    (v) checked with  leading edge of 
'clk'
Beginpoint: picorv32_core_reg_op2_reg[0]/Q (v) triggered by  leading edge of 
'clk'
Path Groups: {reg2out}
Analysis View: analysis1
Other End Arrival Time          0.000
- External Delay                0.500
+ Phase Shift                   4.000
- Uncertainty                   0.020
= Required Time                 3.480
- Arrival Time                  0.404
= Slack Time                    3.076
     Clock Rise Edge                 0.000
     + Clock Network Latency (Prop)  0.002
     = Beginpoint Arrival Time       0.002
     +----------------------------------------------------------------------------------------+ 
     |            Instance            |      Arc      |   Cell   | Delay | Arrival | Required | 
     |                                |               |          |       |  Time   |   Time   | 
     |--------------------------------+---------------+----------+-------+---------+----------| 
     | picorv32_core_reg_op2_reg[0]   | CK ^          |          |       |   0.002 |    3.078 | 
     | picorv32_core_reg_op2_reg[0]   | CK ^ -> Q v   | DFFX1    | 0.042 |   0.044 |    3.121 | 
     | FE_OFC380_pcpi_rs2_0           | A v -> Y v    | BUFX2    | 0.047 |   0.091 |    3.167 | 
     | FE_OFC805_FE_OFN381_pcpi_rs2_0 | A v -> Y v    | BUFX2    | 0.102 |   0.193 |    3.269 | 
     | FE_OFC741_pcpi_rs2_0           | A v -> Y ^    | INVX1    | 0.042 |   0.235 |    3.311 | 
     | FE_OFC625_pcpi_rs2_0           | A ^ -> Y v    | INVX1    | 0.016 |   0.251 |    3.328 | 
     | FE_OFC807_pcpi_rs2_0           | A v -> Y v    | CLKBUFX8 | 0.133 |   0.384 |    3.460 | 
     |                                | pcpi_rs2[0] v |          | 0.020 |   0.404 |    3.480 | 
     +----------------------------------------------------------------------------------------+ 
Path 3: MET Late External Delay Assertion 
Endpoint:   pcpi_rs2[30]                    (v) checked with  leading edge of 
'clk'
Beginpoint: picorv32_core_reg_op2_reg[30]/Q (v) triggered by  leading edge of 
'clk'
Path Groups: {reg2out}
Analysis View: analysis1
Other End Arrival Time          0.000
- External Delay                0.500
+ Phase Shift                   4.000
- Uncertainty                   0.020
= Required Time                 3.480
- Arrival Time                  0.366
= Slack Time                    3.114
     Clock Rise Edge                 0.000
     + Clock Network Latency (Prop)  0.001
     = Beginpoint Arrival Time       0.001
     +---------------------------------------------------------------------------------------+ 
     |           Instance            |      Arc       |  Cell   | Delay | Arrival | Required | 
     |                               |                |         |       |  Time   |   Time   | 
     |-------------------------------+----------------+---------+-------+---------+----------| 
     | picorv32_core_reg_op2_reg[30] | CK ^           |         |       |   0.001 |    3.115 | 
     | picorv32_core_reg_op2_reg[30] | CK ^ -> Q v    | DFFHQX1 | 0.117 |   0.118 |    3.232 | 
     | FE_OFC743_pcpi_rs2_30         | A v -> Y ^     | INVXL   | 0.055 |   0.173 |    3.287 | 
     | FE_OFC745_pcpi_rs2_30         | A ^ -> Y v     | INVX1   | 0.034 |   0.207 |    3.322 | 
     | FE_OFC14846_pcpi_rs2_30       | A v -> Y v     | BUFX8   | 0.135 |   0.343 |    3.457 | 
     |                               | pcpi_rs2[30] v |         | 0.023 |   0.366 |    3.480 | 
     +---------------------------------------------------------------------------------------+ 
Path 4: MET Late External Delay Assertion 
Endpoint:   pcpi_rs2[20]                    (v) checked with  leading edge of 
'clk'
Beginpoint: picorv32_core_reg_op2_reg[20]/Q (v) triggered by  leading edge of 
'clk'
Path Groups: {reg2out}
Analysis View: analysis1
Other End Arrival Time          0.000
- External Delay                0.500
+ Phase Shift                   4.000
- Uncertainty                   0.020
= Required Time                 3.480
- Arrival Time                  0.352
= Slack Time                    3.128
     Clock Rise Edge                 0.000
     + Clock Network Latency (Prop)  0.001
     = Beginpoint Arrival Time       0.001
     +----------------------------------------------------------------------------------------+ 
     |           Instance            |      Arc       |   Cell   | Delay | Arrival | Required | 
     |                               |                |          |       |  Time   |   Time   | 
     |-------------------------------+----------------+----------+-------+---------+----------| 
     | picorv32_core_reg_op2_reg[20] | CK ^           |          |       |   0.001 |    3.128 | 
     | picorv32_core_reg_op2_reg[20] | CK ^ -> Q v    | DFFHQX1  | 0.133 |   0.133 |    3.261 | 
     | FE_OFC322_pcpi_rs2_20         | A v -> Y ^     | INVX1    | 0.052 |   0.185 |    3.313 | 
     | FE_OFC596_pcpi_rs2_20         | A ^ -> Y v     | INVX1    | 0.016 |   0.201 |    3.329 | 
     | FE_OFC774_pcpi_rs2_20         | A v -> Y v     | CLKBUFX8 | 0.138 |   0.339 |    3.467 | 
     |                               | pcpi_rs2[20] v |          | 0.013 |   0.352 |    3.480 | 
     +----------------------------------------------------------------------------------------+ 
Path 5: MET Late External Delay Assertion 
Endpoint:   pcpi_rs2[7]                    (v) checked with  leading edge of 
'clk'
Beginpoint: picorv32_core_reg_op2_reg[7]/Q (v) triggered by  leading edge of 
'clk'
Path Groups: {reg2out}
Analysis View: analysis1
Other End Arrival Time          0.000
- External Delay                0.500
+ Phase Shift                   4.000
- Uncertainty                   0.020
= Required Time                 3.480
- Arrival Time                  0.346
= Slack Time                    3.134
     Clock Rise Edge                 0.000
     + Clock Network Latency (Prop)  0.000
     = Beginpoint Arrival Time       0.000
     +--------------------------------------------------------------------------------------+ 
     |           Instance           |      Arc      |   Cell   | Delay | Arrival | Required | 
     |                              |               |          |       |  Time   |   Time   | 
     |------------------------------+---------------+----------+-------+---------+----------| 
     | picorv32_core_reg_op2_reg[7] | CK ^          |          |       |   0.000 |    3.135 | 
     | picorv32_core_reg_op2_reg[7] | CK ^ -> Q v   | DFFHQX1  | 0.127 |   0.128 |    3.262 | 
     | FE_OFC705_pcpi_rs2_7         | A v -> Y ^    | INVX1    | 0.057 |   0.184 |    3.318 | 
     | FE_OFC615_pcpi_rs2_7         | A ^ -> Y v    | CLKINVX8 | 0.011 |   0.196 |    3.330 | 
     | FE_OFC14916_pcpi_rs2_7       | A v -> Y v    | BUFX8    | 0.137 |   0.333 |    3.467 | 
     |                              | pcpi_rs2[7] v |          | 0.013 |   0.346 |    3.480 | 
     +--------------------------------------------------------------------------------------+ 
Path 6: MET Late External Delay Assertion 
Endpoint:   pcpi_rs2[26]                    (v) checked with  leading edge of 
'clk'
Beginpoint: picorv32_core_reg_op2_reg[26]/Q (v) triggered by  leading edge of 
'clk'
Path Groups: {reg2out}
Analysis View: analysis1
Other End Arrival Time          0.000
- External Delay                0.500
+ Phase Shift                   4.000
- Uncertainty                   0.020
= Required Time                 3.480
- Arrival Time                  0.345
= Slack Time                    3.135
     Clock Rise Edge                 0.000
     + Clock Network Latency (Prop)  0.001
     = Beginpoint Arrival Time       0.001
     +----------------------------------------------------------------------------------------+ 
     |           Instance            |      Arc       |   Cell   | Delay | Arrival | Required | 
     |                               |                |          |       |  Time   |   Time   | 
     |-------------------------------+----------------+----------+-------+---------+----------| 
     | picorv32_core_reg_op2_reg[26] | CK ^           |          |       |   0.001 |    3.136 | 
     | picorv32_core_reg_op2_reg[26] | CK ^ -> Q v    | DFFHQX1  | 0.128 |   0.129 |    3.264 | 
     | FE_OFC304_pcpi_rs2_26         | A v -> Y ^     | INVX1    | 0.061 |   0.190 |    3.325 | 
     | FE_OFC305_pcpi_rs2_26         | A ^ -> Y v     | CLKINVX8 | 0.134 |   0.324 |    3.459 | 
     |                               | pcpi_rs2[26] v |          | 0.021 |   0.345 |    3.480 | 
     +----------------------------------------------------------------------------------------+ 
Path 7: MET Late External Delay Assertion 
Endpoint:   pcpi_rs2[29]                    (v) checked with  leading edge of 
'clk'
Beginpoint: picorv32_core_reg_op2_reg[29]/Q (v) triggered by  leading edge of 
'clk'
Path Groups: {reg2out}
Analysis View: analysis1
Other End Arrival Time          0.000
- External Delay                0.500
+ Phase Shift                   4.000
- Uncertainty                   0.020
= Required Time                 3.480
- Arrival Time                  0.345
= Slack Time                    3.135
     Clock Rise Edge                 0.000
     + Clock Network Latency (Prop)  0.001
     = Beginpoint Arrival Time       0.001
     +----------------------------------------------------------------------------------------+ 
     |           Instance            |      Arc       |   Cell   | Delay | Arrival | Required | 
     |                               |                |          |       |  Time   |   Time   | 
     |-------------------------------+----------------+----------+-------+---------+----------| 
     | picorv32_core_reg_op2_reg[29] | CK ^           |          |       |   0.001 |    3.136 | 
     | picorv32_core_reg_op2_reg[29] | CK ^ -> Q v    | DFFHQX1  | 0.126 |   0.127 |    3.263 | 
     | FE_OFC291_pcpi_rs2_29         | A v -> Y ^     | INVX1    | 0.061 |   0.189 |    3.324 | 
     | FE_OFC585_pcpi_rs2_29         | A ^ -> Y v     | CLKINVX8 | 0.135 |   0.323 |    3.459 | 
     |                               | pcpi_rs2[29] v |          | 0.021 |   0.345 |    3.480 | 
     +----------------------------------------------------------------------------------------+ 
Path 8: MET Late External Delay Assertion 
Endpoint:   pcpi_rs2[17]                    (v) checked with  leading edge of 
'clk'
Beginpoint: picorv32_core_reg_op2_reg[17]/Q (v) triggered by  leading edge of 
'clk'
Path Groups: {reg2out}
Analysis View: analysis1
Other End Arrival Time          0.000
- External Delay                0.500
+ Phase Shift                   4.000
- Uncertainty                   0.020
= Required Time                 3.480
- Arrival Time                  0.342
= Slack Time                    3.138
     Clock Rise Edge                 0.000
     + Clock Network Latency (Prop)  0.000
     = Beginpoint Arrival Time       0.000
     +----------------------------------------------------------------------------------------+ 
     |           Instance            |      Arc       |   Cell   | Delay | Arrival | Required | 
     |                               |                |          |       |  Time   |   Time   | 
     |-------------------------------+----------------+----------+-------+---------+----------| 
     | picorv32_core_reg_op2_reg[17] | CK ^           |          |       |   0.000 |    3.139 | 
     | picorv32_core_reg_op2_reg[17] | CK ^ -> Q v    | DFFHQX1  | 0.129 |   0.129 |    3.268 | 
     | FE_OFC329_pcpi_rs2_17         | A v -> Y ^     | INVX1    | 0.047 |   0.176 |    3.315 | 
     | FE_OFC601_pcpi_rs2_17         | A ^ -> Y v     | INVX1    | 0.015 |   0.191 |    3.329 | 
     | FE_OFC775_pcpi_rs2_17         | A v -> Y v     | CLKBUFX8 | 0.138 |   0.329 |    3.467 | 
     |                               | pcpi_rs2[17] v |          | 0.013 |   0.342 |    3.480 | 
     +----------------------------------------------------------------------------------------+ 
Path 9: MET Late External Delay Assertion 
Endpoint:   pcpi_rs2[15]                    (v) checked with  leading edge of 
'clk'
Beginpoint: picorv32_core_reg_op2_reg[15]/Q (v) triggered by  leading edge of 
'clk'
Path Groups: {reg2out}
Analysis View: analysis1
Other End Arrival Time          0.000
- External Delay                0.500
+ Phase Shift                   4.000
- Uncertainty                   0.020
= Required Time                 3.480
- Arrival Time                  0.342
= Slack Time                    3.138
     Clock Rise Edge                 0.000
     + Clock Network Latency (Prop)  0.000
     = Beginpoint Arrival Time       0.000
     +----------------------------------------------------------------------------------------+ 
     |           Instance            |      Arc       |   Cell   | Delay | Arrival | Required | 
     |                               |                |          |       |  Time   |   Time   | 
     |-------------------------------+----------------+----------+-------+---------+----------| 
     | picorv32_core_reg_op2_reg[15] | CK ^           |          |       |   0.000 |    3.139 | 
     | picorv32_core_reg_op2_reg[15] | CK ^ -> Q v    | DFFHQX1  | 0.125 |   0.126 |    3.264 | 
     | FE_OFC333_pcpi_rs2_15         | A v -> Y ^     | INVX1    | 0.049 |   0.175 |    3.313 | 
     | FE_OFC605_pcpi_rs2_15         | A ^ -> Y v     | INVX1    | 0.016 |   0.191 |    3.329 | 
     | FE_OFC772_pcpi_rs2_15         | A v -> Y v     | CLKBUFX8 | 0.138 |   0.329 |    3.467 | 
     |                               | pcpi_rs2[15] v |          | 0.013 |   0.342 |    3.480 | 
     +----------------------------------------------------------------------------------------+ 
Path 10: MET Late External Delay Assertion 
Endpoint:   pcpi_rs2[24]                    (v) checked with  leading edge of 
'clk'
Beginpoint: picorv32_core_reg_op2_reg[24]/Q (v) triggered by  leading edge of 
'clk'
Path Groups: {reg2out}
Analysis View: analysis1
Other End Arrival Time          0.000
- External Delay                0.500
+ Phase Shift                   4.000
- Uncertainty                   0.020
= Required Time                 3.480
- Arrival Time                  0.341
= Slack Time                    3.139
     Clock Rise Edge                 0.000
     + Clock Network Latency (Prop)  -0.001
     = Beginpoint Arrival Time       -0.001
     +----------------------------------------------------------------------------------------+ 
     |           Instance            |      Arc       |   Cell   | Delay | Arrival | Required | 
     |                               |                |          |       |  Time   |   Time   | 
     |-------------------------------+----------------+----------+-------+---------+----------| 
     | picorv32_core_reg_op2_reg[24] | CK ^           |          |       |  -0.001 |    3.139 | 
     | picorv32_core_reg_op2_reg[24] | CK ^ -> Q v    | DFFHQX1  | 0.126 |   0.126 |    3.265 | 
     | FE_OFC311_pcpi_rs2_24         | A v -> Y ^     | INVX1    | 0.048 |   0.174 |    3.313 | 
     | FE_OFC591_pcpi_rs2_24         | A ^ -> Y v     | INVX1    | 0.016 |   0.190 |    3.329 | 
     | FE_OFC771_pcpi_rs2_24         | A v -> Y v     | CLKBUFX8 | 0.138 |   0.328 |    3.467 | 
     |                               | pcpi_rs2[24] v |          | 0.013 |   0.341 |    3.480 | 
     +----------------------------------------------------------------------------------------+ 
Path 11: MET Late External Delay Assertion 
Endpoint:   pcpi_rs2[16]                    (v) checked with  leading edge of 
'clk'
Beginpoint: picorv32_core_reg_op2_reg[16]/Q (v) triggered by  leading edge of 
'clk'
Path Groups: {reg2out}
Analysis View: analysis1
Other End Arrival Time          0.000
- External Delay                0.500
+ Phase Shift                   4.000
- Uncertainty                   0.020
= Required Time                 3.480
- Arrival Time                  0.334
= Slack Time                    3.146
     Clock Rise Edge                 0.000
     + Clock Network Latency (Prop)  0.000
     = Beginpoint Arrival Time       0.000
     +----------------------------------------------------------------------------------------+ 
     |           Instance            |      Arc       |   Cell   | Delay | Arrival | Required | 
     |                               |                |          |       |  Time   |   Time   | 
     |-------------------------------+----------------+----------+-------+---------+----------| 
     | picorv32_core_reg_op2_reg[16] | CK ^           |          |       |   0.000 |    3.146 | 
     | picorv32_core_reg_op2_reg[16] | CK ^ -> Q v    | DFFHQX1  | 0.126 |   0.126 |    3.272 | 
     | FE_OFC331_pcpi_rs2_16         | A v -> Y ^     | INVX1    | 0.056 |   0.182 |    3.327 | 
     | FE_OFC603_pcpi_rs2_16         | A ^ -> Y v     | CLKINVX8 | 0.135 |   0.317 |    3.463 | 
     |                               | pcpi_rs2[16] v |          | 0.017 |   0.334 |    3.480 | 
     +----------------------------------------------------------------------------------------+ 
Path 12: MET Late External Delay Assertion 
Endpoint:   pcpi_rs2[9]                    (v) checked with  leading edge of 
'clk'
Beginpoint: picorv32_core_reg_op2_reg[9]/Q (v) triggered by  leading edge of 
'clk'
Path Groups: {reg2out}
Analysis View: analysis1
Other End Arrival Time          0.000
- External Delay                0.500
+ Phase Shift                   4.000
- Uncertainty                   0.020
= Required Time                 3.480
- Arrival Time                  0.334
= Slack Time                    3.146
     Clock Rise Edge                 0.000
     + Clock Network Latency (Prop)  0.000
     = Beginpoint Arrival Time       0.000
     +--------------------------------------------------------------------------------------+ 
     |           Instance           |      Arc      |   Cell   | Delay | Arrival | Required | 
     |                              |               |          |       |  Time   |   Time   | 
     |------------------------------+---------------+----------+-------+---------+----------| 
     | picorv32_core_reg_op2_reg[9] | CK ^          |          |       |   0.000 |    3.146 | 
     | picorv32_core_reg_op2_reg[9] | CK ^ -> Q v   | DFFHQX1  | 0.126 |   0.126 |    3.272 | 
     | FE_OFC611_pcpi_rs2_9         | A v -> Y ^    | INVX1    | 0.055 |   0.181 |    3.327 | 
     | FE_OFC612_pcpi_rs2_9         | A ^ -> Y v    | CLKINVX8 | 0.131 |   0.312 |    3.458 | 
     |                              | pcpi_rs2[9] v |          | 0.022 |   0.334 |    3.480 | 
     +--------------------------------------------------------------------------------------+ 
Path 13: MET Late External Delay Assertion 
Endpoint:   pcpi_rs1[12]                    (v) checked with  leading edge of 
'clk'
Beginpoint: picorv32_core_reg_op1_reg[12]/Q (v) triggered by  leading edge of 
'clk'
Path Groups: {reg2out}
Analysis View: analysis1
Other End Arrival Time          0.000
- External Delay                0.500
+ Phase Shift                   4.000
- Uncertainty                   0.020
= Required Time                 3.480
- Arrival Time                  0.333
= Slack Time                    3.147
     Clock Rise Edge                 0.000
     + Clock Network Latency (Prop)  0.003
     = Beginpoint Arrival Time       0.003
     +----------------------------------------------------------------------------------------+ 
     |           Instance            |      Arc       |   Cell   | Delay | Arrival | Required | 
     |                               |                |          |       |  Time   |   Time   | 
     |-------------------------------+----------------+----------+-------+---------+----------| 
     | picorv32_core_reg_op1_reg[12] | CK ^           |          |       |   0.003 |    3.150 | 
     | picorv32_core_reg_op1_reg[12] | CK ^ -> Q v    | DFFX1    | 0.075 |   0.077 |    3.225 | 
     | FE_OFC246_pcpi_rs1_12         | A v -> Y ^     | INVXL    | 0.021 |   0.098 |    3.245 | 
     | FE_OFC247_pcpi_rs1_12         | A ^ -> Y v     | INVXL    | 0.046 |   0.144 |    3.291 | 
     | FE_OFC569_pcpi_rs1_12         | A v -> Y ^     | INVX1    | 0.026 |   0.169 |    3.317 | 
     | FE_OFC570_pcpi_rs1_12         | A ^ -> Y v     | INVX1    | 0.013 |   0.182 |    3.330 | 
     | FE_OFC791_pcpi_rs1_12         | A v -> Y v     | CLKBUFX8 | 0.137 |   0.319 |    3.467 | 
     |                               | pcpi_rs1[12] v |          | 0.013 |   0.333 |    3.480 | 
     +----------------------------------------------------------------------------------------+ 
Path 14: MET Late External Delay Assertion 
Endpoint:   pcpi_rs2[10]                    (v) checked with  leading edge of 
'clk'
Beginpoint: picorv32_core_reg_op2_reg[10]/Q (v) triggered by  leading edge of 
'clk'
Path Groups: {reg2out}
Analysis View: analysis1
Other End Arrival Time          0.000
- External Delay                0.500
+ Phase Shift                   4.000
- Uncertainty                   0.020
= Required Time                 3.480
- Arrival Time                  0.331
= Slack Time                    3.149
     Clock Rise Edge                 0.000
     + Clock Network Latency (Prop)  0.000
     = Beginpoint Arrival Time       0.000
     +----------------------------------------------------------------------------------------+ 
     |           Instance            |      Arc       |   Cell   | Delay | Arrival | Required | 
     |                               |                |          |       |  Time   |   Time   | 
     |-------------------------------+----------------+----------+-------+---------+----------| 
     | picorv32_core_reg_op2_reg[10] | CK ^           |          |       |   0.000 |    3.149 | 
     | picorv32_core_reg_op2_reg[10] | CK ^ -> Q v    | DFFHQX1  | 0.123 |   0.123 |    3.272 | 
     | FE_OFC348_pcpi_rs2_10         | A v -> Y ^     | INVX1    | 0.054 |   0.178 |    3.326 | 
     | FE_OFC610_pcpi_rs2_10         | A ^ -> Y v     | CLKINVX8 | 0.132 |   0.309 |    3.458 | 
     |                               | pcpi_rs2[10] v |          | 0.022 |   0.331 |    3.480 | 
     +----------------------------------------------------------------------------------------+ 
Path 15: MET Late External Delay Assertion 
Endpoint:   pcpi_rs2[31]                    (v) checked with  leading edge of 
'clk'
Beginpoint: picorv32_core_reg_op2_reg[31]/Q (v) triggered by  leading edge of 
'clk'
Path Groups: {reg2out}
Analysis View: analysis1
Other End Arrival Time          0.000
- External Delay                0.500
+ Phase Shift                   4.000
- Uncertainty                   0.020
= Required Time                 3.480
- Arrival Time                  0.330
= Slack Time                    3.150
     Clock Rise Edge                 0.000
     + Clock Network Latency (Prop)  0.000
     = Beginpoint Arrival Time       0.000
     +----------------------------------------------------------------------------------------+ 
     |           Instance            |      Arc       |   Cell   | Delay | Arrival | Required | 
     |                               |                |          |       |  Time   |   Time   | 
     |-------------------------------+----------------+----------+-------+---------+----------| 
     | picorv32_core_reg_op2_reg[31] | CK ^           |          |       |   0.000 |    3.150 | 
     | picorv32_core_reg_op2_reg[31] | CK ^ -> Q v    | DFFHQX1  | 0.136 |   0.136 |    3.286 | 
     | FE_OFC583_pcpi_rs2_31         | A v -> Y v     | BUFX2    | 0.044 |   0.180 |    3.330 | 
     | FE_OFC788_pcpi_rs2_31         | A v -> Y v     | CLKBUFX8 | 0.137 |   0.317 |    3.467 | 
     |                               | pcpi_rs2[31] v |          | 0.013 |   0.330 |    3.480 | 
     +----------------------------------------------------------------------------------------+ 
Path 16: MET Late External Delay Assertion 
Endpoint:   pcpi_rs2[12]                    (v) checked with  leading edge of 
'clk'
Beginpoint: picorv32_core_reg_op2_reg[12]/Q (v) triggered by  leading edge of 
'clk'
Path Groups: {reg2out}
Analysis View: analysis1
Other End Arrival Time          0.000
- External Delay                0.500
+ Phase Shift                   4.000
- Uncertainty                   0.020
= Required Time                 3.480
- Arrival Time                  0.330
= Slack Time                    3.150
     Clock Rise Edge                 0.000
     + Clock Network Latency (Prop)  -0.002
     = Beginpoint Arrival Time       -0.002
     +----------------------------------------------------------------------------------------+ 
     |           Instance            |      Arc       |   Cell   | Delay | Arrival | Required | 
     |                               |                |          |       |  Time   |   Time   | 
     |-------------------------------+----------------+----------+-------+---------+----------| 
     | picorv32_core_reg_op2_reg[12] | CK ^           |          |       |  -0.002 |    3.148 | 
     | picorv32_core_reg_op2_reg[12] | CK ^ -> Q v    | DFFHQX1  | 0.124 |   0.122 |    3.272 | 
     | FE_OFC342_pcpi_rs2_12         | A v -> Y ^     | INVX1    | 0.055 |   0.177 |    3.327 | 
     | FE_OFC343_pcpi_rs2_12         | A ^ -> Y v     | CLKINVX8 | 0.132 |   0.309 |    3.459 | 
     |                               | pcpi_rs2[12] v |          | 0.021 |   0.330 |    3.480 | 
     +----------------------------------------------------------------------------------------+ 
Path 17: MET Late External Delay Assertion 
Endpoint:   pcpi_rs2[28]                    (v) checked with  leading edge of 
'clk'
Beginpoint: picorv32_core_reg_op2_reg[28]/Q (v) triggered by  leading edge of 
'clk'
Path Groups: {reg2out}
Analysis View: analysis1
Other End Arrival Time          0.000
- External Delay                0.500
+ Phase Shift                   4.000
- Uncertainty                   0.020
= Required Time                 3.480
- Arrival Time                  0.330
= Slack Time                    3.150
     Clock Rise Edge                 0.000
     + Clock Network Latency (Prop)  0.000
     = Beginpoint Arrival Time       0.000
     +----------------------------------------------------------------------------------------+ 
     |           Instance            |      Arc       |   Cell   | Delay | Arrival | Required | 
     |                               |                |          |       |  Time   |   Time   | 
     |-------------------------------+----------------+----------+-------+---------+----------| 
     | picorv32_core_reg_op2_reg[28] | CK ^           |          |       |   0.000 |    3.150 | 
     | picorv32_core_reg_op2_reg[28] | CK ^ -> Q v    | DFFHQX1  | 0.137 |   0.137 |    3.287 | 
     | FE_OFC586_pcpi_rs2_28         | A v -> Y v     | BUFX2    | 0.043 |   0.180 |    3.330 | 
     | FE_OFC800_pcpi_rs2_28         | A v -> Y v     | CLKBUFX8 | 0.137 |   0.317 |    3.467 | 
     |                               | pcpi_rs2[28] v |          | 0.013 |   0.330 |    3.480 | 
     +----------------------------------------------------------------------------------------+ 
Path 18: MET Late External Delay Assertion 
Endpoint:   pcpi_rs1[20]                    (v) checked with  leading edge of 
'clk'
Beginpoint: picorv32_core_reg_op1_reg[20]/Q (v) triggered by  leading edge of 
'clk'
Path Groups: {reg2out}
Analysis View: analysis1
Other End Arrival Time          0.000
- External Delay                0.500
+ Phase Shift                   4.000
- Uncertainty                   0.020
= Required Time                 3.480
- Arrival Time                  0.330
= Slack Time                    3.150
     Clock Rise Edge                 0.000
     + Clock Network Latency (Prop)  0.000
     = Beginpoint Arrival Time       0.000
     +----------------------------------------------------------------------------------------+ 
     |           Instance            |      Arc       |   Cell   | Delay | Arrival | Required | 
     |                               |                |          |       |  Time   |   Time   | 
     |-------------------------------+----------------+----------+-------+---------+----------| 
     | picorv32_core_reg_op1_reg[20] | CK ^           |          |       |   0.000 |    3.151 | 
     | picorv32_core_reg_op1_reg[20] | CK ^ -> Q v    | DFFX1    | 0.082 |   0.082 |    3.233 | 
     | FE_OFC215_pcpi_rs1_20         | A v -> Y ^     | INVXL    | 0.025 |   0.107 |    3.257 | 
     | FE_OFC216_pcpi_rs1_20         | A ^ -> Y v     | INVXL    | 0.045 |   0.152 |    3.303 | 
     | FE_OFC560_pcpi_rs1_20         | A v -> Y v     | BUFX2    | 0.026 |   0.179 |    3.329 | 
     | FE_OFC804_pcpi_rs1_20         | A v -> Y v     | CLKBUFX8 | 0.131 |   0.310 |    3.460 | 
     |                               | pcpi_rs1[20] v |          | 0.020 |   0.330 |    3.480 | 
     +----------------------------------------------------------------------------------------+ 
Path 19: MET Late External Delay Assertion 
Endpoint:   pcpi_rs1[16]                    (v) checked with  leading edge of 
'clk'
Beginpoint: picorv32_core_reg_op1_reg[16]/Q (v) triggered by  leading edge of 
'clk'
Path Groups: {reg2out}
Analysis View: analysis1
Other End Arrival Time          0.000
- External Delay                0.500
+ Phase Shift                   4.000
- Uncertainty                   0.020
= Required Time                 3.480
- Arrival Time                  0.328
= Slack Time                    3.152
     Clock Rise Edge                 0.000
     + Clock Network Latency (Prop)  0.003
     = Beginpoint Arrival Time       0.003
     +----------------------------------------------------------------------------------------+ 
     |           Instance            |      Arc       |   Cell   | Delay | Arrival | Required | 
     |                               |                |          |       |  Time   |   Time   | 
     |-------------------------------+----------------+----------+-------+---------+----------| 
     | picorv32_core_reg_op1_reg[16] | CK ^           |          |       |   0.003 |    3.155 | 
     | picorv32_core_reg_op1_reg[16] | CK ^ -> Q v    | DFFX1    | 0.092 |   0.095 |    3.246 | 
     | FE_OFC231_pcpi_rs1_16         | A v -> Y ^     | INVXL    | 0.037 |   0.132 |    3.283 | 
     | FE_OFC232_pcpi_rs1_16         | A ^ -> Y v     | INVXL    | 0.024 |   0.156 |    3.308 | 
     | FE_OFC565_pcpi_rs1_16         | A v -> Y v     | BUFX2    | 0.021 |   0.177 |    3.329 | 
     | FE_OFC799_pcpi_rs1_16         | A v -> Y v     | CLKBUFX8 | 0.131 |   0.309 |    3.460 | 
     |                               | pcpi_rs1[16] v |          | 0.020 |   0.328 |    3.480 | 
     +----------------------------------------------------------------------------------------+ 
Path 20: MET Late External Delay Assertion 
Endpoint:   pcpi_rs2[2]                    (v) checked with  leading edge of 
'clk'
Beginpoint: picorv32_core_reg_op2_reg[2]/Q (v) triggered by  leading edge of 
'clk'
Path Groups: {reg2out}
Analysis View: analysis1
Other End Arrival Time          0.000
- External Delay                0.500
+ Phase Shift                   4.000
- Uncertainty                   0.020
= Required Time                 3.480
- Arrival Time                  0.326
= Slack Time                    3.154
     Clock Rise Edge                 0.000
     + Clock Network Latency (Prop)  -0.002
     = Beginpoint Arrival Time       -0.002
     +--------------------------------------------------------------------------------------+ 
     |           Instance           |      Arc      |   Cell   | Delay | Arrival | Required | 
     |                              |               |          |       |  Time   |   Time   | 
     |------------------------------+---------------+----------+-------+---------+----------| 
     | picorv32_core_reg_op2_reg[2] | CK ^          |          |       |  -0.002 |    3.152 | 
     | picorv32_core_reg_op2_reg[2] | CK ^ -> Q v   | DFFHQX1  | 0.045 |   0.043 |    3.198 | 
     | FE_OFC710_pcpi_rs2_2         | A v -> Y v    | BUFX2    | 0.089 |   0.133 |    3.287 | 
     | FE_OFC621_pcpi_rs2_2         | A v -> Y v    | BUFX2    | 0.042 |   0.174 |    3.329 | 
     | FE_OFC780_pcpi_rs2_2         | A v -> Y v    | CLKBUFX8 | 0.132 |   0.306 |    3.460 | 
     |                              | pcpi_rs2[2] v |          | 0.020 |   0.326 |    3.480 | 
     +--------------------------------------------------------------------------------------+ 
Path 21: MET Late External Delay Assertion 
Endpoint:   pcpi_rs2[19]                    (v) checked with  leading edge of 
'clk'
Beginpoint: picorv32_core_reg_op2_reg[19]/Q (v) triggered by  leading edge of 
'clk'
Path Groups: {reg2out}
Analysis View: analysis1
Other End Arrival Time          0.000
- External Delay                0.500
+ Phase Shift                   4.000
- Uncertainty                   0.020
= Required Time                 3.480
- Arrival Time                  0.325
= Slack Time                    3.155
     Clock Rise Edge                 0.000
     + Clock Network Latency (Prop)  0.000
     = Beginpoint Arrival Time       0.000
     +----------------------------------------------------------------------------------------+ 
     |           Instance            |      Arc       |   Cell   | Delay | Arrival | Required | 
     |                               |                |          |       |  Time   |   Time   | 
     |-------------------------------+----------------+----------+-------+---------+----------| 
     | picorv32_core_reg_op2_reg[19] | CK ^           |          |       |   0.000 |    3.155 | 
     | picorv32_core_reg_op2_reg[19] | CK ^ -> Q v    | DFFHQX1  | 0.089 |   0.090 |    3.244 | 
     | FE_OFC324_pcpi_rs2_19         | A v -> Y ^     | INVXL    | 0.061 |   0.150 |    3.305 | 
     | FE_OFC598_pcpi_rs2_19         | A ^ -> Y v     | INVX1    | 0.023 |   0.174 |    3.328 | 
     | FE_OFC751_pcpi_rs2_19         | A v -> Y v     | CLKBUFX8 | 0.139 |   0.312 |    3.467 | 
     |                               | pcpi_rs2[19] v |          | 0.013 |   0.325 |    3.480 | 
     +----------------------------------------------------------------------------------------+ 
Path 22: MET Late External Delay Assertion 
Endpoint:   pcpi_rs2[4]                    (v) checked with  leading edge of 
'clk'
Beginpoint: picorv32_core_reg_op2_reg[4]/Q (v) triggered by  leading edge of 
'clk'
Path Groups: {reg2out}
Analysis View: analysis1
Other End Arrival Time          0.000
- External Delay                0.500
+ Phase Shift                   4.000
- Uncertainty                   0.020
= Required Time                 3.480
- Arrival Time                  0.323
= Slack Time                    3.157
     Clock Rise Edge                 0.000
     + Clock Network Latency (Prop)  -0.002
     = Beginpoint Arrival Time       -0.002
     +--------------------------------------------------------------------------------------+ 
     |           Instance           |      Arc      |   Cell   | Delay | Arrival | Required | 
     |                              |               |          |       |  Time   |   Time   | 
     |------------------------------+---------------+----------+-------+---------+----------| 
     | picorv32_core_reg_op2_reg[4] | CK ^          |          |       |  -0.002 |    3.155 | 
     | picorv32_core_reg_op2_reg[4] | CK ^ -> Q v   | DFFHQX1  | 0.108 |   0.106 |    3.262 | 
     | FE_OFC712_pcpi_rs2_4         | A v -> Y ^    | INVX1    | 0.049 |   0.154 |    3.311 | 
     | FE_OFC619_pcpi_rs2_4         | A ^ -> Y v    | INVX1    | 0.018 |   0.172 |    3.329 | 
     | FE_OFC762_pcpi_rs2_4         | A v -> Y v    | CLKBUFX8 | 0.138 |   0.310 |    3.467 | 
     |                              | pcpi_rs2[4] v |          | 0.013 |   0.323 |    3.480 | 
     +--------------------------------------------------------------------------------------+ 
Path 23: MET Late External Delay Assertion 
Endpoint:   pcpi_rs2[6]                    (v) checked with  leading edge of 
'clk'
Beginpoint: picorv32_core_reg_op2_reg[6]/Q (v) triggered by  leading edge of 
'clk'
Path Groups: {reg2out}
Analysis View: analysis1
Other End Arrival Time          0.000
- External Delay                0.500
+ Phase Shift                   4.000
- Uncertainty                   0.020
= Required Time                 3.480
- Arrival Time                  0.322
= Slack Time                    3.158
     Clock Rise Edge                 0.000
     + Clock Network Latency (Prop)  -0.001
     = Beginpoint Arrival Time       -0.001
     +--------------------------------------------------------------------------------------+ 
     |           Instance           |      Arc      |   Cell   | Delay | Arrival | Required | 
     |                              |               |          |       |  Time   |   Time   | 
     |------------------------------+---------------+----------+-------+---------+----------| 
     | picorv32_core_reg_op2_reg[6] | CK ^          |          |       |  -0.001 |    3.157 | 
     | picorv32_core_reg_op2_reg[6] | CK ^ -> Q v   | DFFHQX1  | 0.110 |   0.109 |    3.267 | 
     | FE_OFC360_pcpi_rs2_6         | A v -> Y ^    | INVXL    | 0.047 |   0.156 |    3.314 | 
     | FE_OFC617_pcpi_rs2_6         | A ^ -> Y v    | INVX1    | 0.015 |   0.172 |    3.329 | 
     | FE_OFC752_pcpi_rs2_6         | A v -> Y v    | CLKBUFX8 | 0.139 |   0.311 |    3.468 | 
     |                              | pcpi_rs2[6] v |          | 0.012 |   0.322 |    3.480 | 
     +--------------------------------------------------------------------------------------+ 
Path 24: MET Late External Delay Assertion 
Endpoint:   pcpi_rs1[19]                    (v) checked with  leading edge of 
'clk'
Beginpoint: picorv32_core_reg_op1_reg[19]/Q (v) triggered by  leading edge of 
'clk'
Path Groups: {reg2out}
Analysis View: analysis1
Other End Arrival Time          0.000
- External Delay                0.500
+ Phase Shift                   4.000
- Uncertainty                   0.020
= Required Time                 3.480
- Arrival Time                  0.321
= Slack Time                    3.159
     Clock Rise Edge                 0.000
     + Clock Network Latency (Prop)  0.000
     = Beginpoint Arrival Time       0.000
     +----------------------------------------------------------------------------------------+ 
     |           Instance            |      Arc       |   Cell   | Delay | Arrival | Required | 
     |                               |                |          |       |  Time   |   Time   | 
     |-------------------------------+----------------+----------+-------+---------+----------| 
     | picorv32_core_reg_op1_reg[19] | CK ^           |          |       |   0.000 |    3.160 | 
     | picorv32_core_reg_op1_reg[19] | CK ^ -> Q v    | DFFX1    | 0.092 |   0.092 |    3.252 | 
     | FE_OFC219_pcpi_rs1_19         | A v -> Y ^     | INVXL    | 0.036 |   0.128 |    3.288 | 
     | FE_OFC221_pcpi_rs1_19         | A ^ -> Y v     | INVXL    | 0.021 |   0.150 |    3.309 | 
     | FE_OFC561_pcpi_rs1_19         | A v -> Y ^     | INVX1    | 0.010 |   0.160 |    3.319 | 
     | FE_OFC562_pcpi_rs1_19         | A ^ -> Y v     | INVX1    | 0.009 |   0.169 |    3.329 | 
     | FE_OFC803_pcpi_rs1_19         | A v -> Y v     | CLKBUFX8 | 0.131 |   0.301 |    3.460 | 
     |                               | pcpi_rs1[19] v |          | 0.020 |   0.321 |    3.480 | 
     +----------------------------------------------------------------------------------------+ 
Path 25: MET Late External Delay Assertion 
Endpoint:   pcpi_rs1[3]                    (v) checked with  leading edge of 
'clk'
Beginpoint: picorv32_core_reg_op1_reg[3]/Q (v) triggered by  leading edge of 
'clk'
Path Groups: {reg2out}
Analysis View: analysis1
Other End Arrival Time          0.000
- External Delay                0.500
+ Phase Shift                   4.000
- Uncertainty                   0.020
= Required Time                 3.480
- Arrival Time                  0.320
= Slack Time                    3.160
     Clock Rise Edge                 0.000
     + Clock Network Latency (Prop)  0.004
     = Beginpoint Arrival Time       0.004
     +--------------------------------------------------------------------------------------+ 
     |           Instance           |      Arc      |   Cell   | Delay | Arrival | Required | 
     |                              |               |          |       |  Time   |   Time   | 
     |------------------------------+---------------+----------+-------+---------+----------| 
     | picorv32_core_reg_op1_reg[3] | CK ^          |          |       |   0.004 |    3.163 | 
     | picorv32_core_reg_op1_reg[3] | CK ^ -> Q v   | DFFX1    | 0.103 |   0.107 |    3.267 | 
     | FE_OFC273_pcpi_rs1_3         | A v -> Y ^    | INVXL    | 0.035 |   0.142 |    3.302 | 
     | FE_OFC274_pcpi_rs1_3         | A ^ -> Y v    | INVXL    | 0.023 |   0.165 |    3.325 | 
     | FE_OFC578_pcpi_rs1_3         | A v -> Y v    | CLKBUFX8 | 0.132 |   0.297 |    3.457 | 
     |                              | pcpi_rs1[3] v |          | 0.023 |   0.320 |    3.480 | 
     +--------------------------------------------------------------------------------------+ 
Path 26: MET Late External Delay Assertion 
Endpoint:   pcpi_rs2[5]                    (v) checked with  leading edge of 
'clk'
Beginpoint: picorv32_core_reg_op2_reg[5]/Q (v) triggered by  leading edge of 
'clk'
Path Groups: {reg2out}
Analysis View: analysis1
Other End Arrival Time          0.000
- External Delay                0.500
+ Phase Shift                   4.000
- Uncertainty                   0.020
= Required Time                 3.480
- Arrival Time                  0.320
= Slack Time                    3.160
     Clock Rise Edge                 0.000
     + Clock Network Latency (Prop)  -0.001
     = Beginpoint Arrival Time       -0.001
     +--------------------------------------------------------------------------------------+ 
     |           Instance           |      Arc      |   Cell   | Delay | Arrival | Required | 
     |                              |               |          |       |  Time   |   Time   | 
     |------------------------------+---------------+----------+-------+---------+----------| 
     | picorv32_core_reg_op2_reg[5] | CK ^          |          |       |  -0.001 |    3.159 | 
     | picorv32_core_reg_op2_reg[5] | CK ^ -> Q v   | DFFHQX1  | 0.110 |   0.109 |    3.269 | 
     | FE_OFC704_pcpi_rs2_5         | A v -> Y ^    | INVX1    | 0.051 |   0.160 |    3.320 | 
     | FE_OFC364_pcpi_rs2_5         | A ^ -> Y v    | CLKINVX8 | 0.011 |   0.170 |    3.330 | 
     | FE_OFC14912_pcpi_rs2_5       | A v -> Y v    | BUFX8    | 0.139 |   0.309 |    3.469 | 
     |                              | pcpi_rs2[5] v |          | 0.011 |   0.320 |    3.480 | 
     +--------------------------------------------------------------------------------------+ 
Path 27: MET Late External Delay Assertion 
Endpoint:   pcpi_rs1[15]                    (v) checked with  leading edge of 
'clk'
Beginpoint: picorv32_core_reg_op1_reg[15]/Q (v) triggered by  leading edge of 
'clk'
Path Groups: {reg2out}
Analysis View: analysis1
Other End Arrival Time          0.000
- External Delay                0.500
+ Phase Shift                   4.000
- Uncertainty                   0.020
= Required Time                 3.480
- Arrival Time                  0.320
= Slack Time                    3.160
     Clock Rise Edge                 0.000
     + Clock Network Latency (Prop)  0.003
     = Beginpoint Arrival Time       0.003
     +----------------------------------------------------------------------------------------+ 
     |           Instance            |      Arc       |   Cell   | Delay | Arrival | Required | 
     |                               |                |          |       |  Time   |   Time   | 
     |-------------------------------+----------------+----------+-------+---------+----------| 
     | picorv32_core_reg_op1_reg[15] | CK ^           |          |       |   0.003 |    3.163 | 
     | picorv32_core_reg_op1_reg[15] | CK ^ -> Q v    | DFFX1    | 0.083 |   0.086 |    3.246 | 
     | FE_OFC234_pcpi_rs1_15         | A v -> Y ^     | INVXL    | 0.025 |   0.111 |    3.271 | 
     | FE_OFC235_pcpi_rs1_15         | A ^ -> Y v     | INVXL    | 0.047 |   0.158 |    3.318 | 
     | FE_OFC566_pcpi_rs1_15         | A v -> Y v     | CLKBUFX8 | 0.140 |   0.298 |    3.458 | 
     |                               | pcpi_rs1[15] v |          | 0.022 |   0.320 |    3.480 | 
     +----------------------------------------------------------------------------------------+ 
Path 28: MET Late External Delay Assertion 
Endpoint:   pcpi_rs2[23]                    (v) checked with  leading edge of 
'clk'
Beginpoint: picorv32_core_reg_op2_reg[23]/Q (v) triggered by  leading edge of 
'clk'
Path Groups: {reg2out}
Analysis View: analysis1
Other End Arrival Time          0.000
- External Delay                0.500
+ Phase Shift                   4.000
- Uncertainty                   0.020
= Required Time                 3.480
- Arrival Time                  0.318
= Slack Time                    3.162
     Clock Rise Edge                 0.000
     + Clock Network Latency (Prop)  0.000
     = Beginpoint Arrival Time       0.000
     +----------------------------------------------------------------------------------------+ 
     |           Instance            |      Arc       |   Cell   | Delay | Arrival | Required | 
     |                               |                |          |       |  Time   |   Time   | 
     |-------------------------------+----------------+----------+-------+---------+----------| 
     | picorv32_core_reg_op2_reg[23] | CK ^           |          |       |   0.000 |    3.162 | 
     | picorv32_core_reg_op2_reg[23] | CK ^ -> Q v    | DFFHQX1  | 0.126 |   0.127 |    3.289 | 
     | FE_OFC592_pcpi_rs2_23         | A v -> Y v     | BUFX2    | 0.040 |   0.167 |    3.329 | 
     | FE_OFC786_pcpi_rs2_23         | A v -> Y v     | CLKBUFX8 | 0.132 |   0.298 |    3.460 | 
     |                               | pcpi_rs2[23] v |          | 0.020 |   0.318 |    3.480 | 
     +----------------------------------------------------------------------------------------+ 
Path 29: MET Late External Delay Assertion 
Endpoint:   pcpi_rs1[8]                    (v) checked with  leading edge of 
'clk'
Beginpoint: picorv32_core_reg_op1_reg[8]/Q (v) triggered by  leading edge of 
'clk'
Path Groups: {reg2out}
Analysis View: analysis1
Other End Arrival Time          0.000
- External Delay                0.500
+ Phase Shift                   4.000
- Uncertainty                   0.020
= Required Time                 3.480
- Arrival Time                  0.318
= Slack Time                    3.162
     Clock Rise Edge                 0.000
     + Clock Network Latency (Prop)  0.003
     = Beginpoint Arrival Time       0.003
     +--------------------------------------------------------------------------------------+ 
     |           Instance           |      Arc      |   Cell   | Delay | Arrival | Required | 
     |                              |               |          |       |  Time   |   Time   | 
     |------------------------------+---------------+----------+-------+---------+----------| 
     | picorv32_core_reg_op1_reg[8] | CK ^          |          |       |   0.003 |    3.166 | 
     | picorv32_core_reg_op1_reg[8] | CK ^ -> Q v   | DFFX1    | 0.095 |   0.098 |    3.261 | 
     | FE_OFC258_pcpi_rs1_8         | A v -> Y ^    | INVXL    | 0.031 |   0.129 |    3.291 | 
     | FE_OFC259_pcpi_rs1_8         | A ^ -> Y v    | INVXL    | 0.031 |   0.160 |    3.322 | 
     | FE_OFC573_pcpi_rs1_8         | A v -> Y v    | CLKBUFX8 | 0.135 |   0.295 |    3.457 | 
     |                              | pcpi_rs1[8] v |          | 0.023 |   0.318 |    3.480 | 
     +--------------------------------------------------------------------------------------+ 
Path 30: MET Late External Delay Assertion 
Endpoint:   pcpi_rs2[25]                    (v) checked with  leading edge of 
'clk'
Beginpoint: picorv32_core_reg_op2_reg[25]/Q (v) triggered by  leading edge of 
'clk'
Path Groups: {reg2out}
Analysis View: analysis1
Other End Arrival Time          0.000
- External Delay                0.500
+ Phase Shift                   4.000
- Uncertainty                   0.020
= Required Time                 3.480
- Arrival Time                  0.317
= Slack Time                    3.163
     Clock Rise Edge                 0.000
     + Clock Network Latency (Prop)  0.001
     = Beginpoint Arrival Time       0.001
     +----------------------------------------------------------------------------------------+ 
     |           Instance            |      Arc       |   Cell   | Delay | Arrival | Required | 
     |                               |                |          |       |  Time   |   Time   | 
     |-------------------------------+----------------+----------+-------+---------+----------| 
     | picorv32_core_reg_op2_reg[25] | CK ^           |          |       |   0.001 |    3.164 | 
     | picorv32_core_reg_op2_reg[25] | CK ^ -> Q v    | DFFHQX1  | 0.134 |   0.135 |    3.298 | 
     | FE_OFC589_pcpi_rs2_25         | A v -> Y v     | CLKBUFX8 | 0.160 |   0.295 |    3.458 | 
     |                               | pcpi_rs2[25] v |          | 0.022 |   0.317 |    3.480 | 
     +----------------------------------------------------------------------------------------+ 
Path 31: MET Late External Delay Assertion 
Endpoint:   pcpi_rs1[17]                    (v) checked with  leading edge of 
'clk'
Beginpoint: picorv32_core_reg_op1_reg[17]/Q (v) triggered by  leading edge of 
'clk'
Path Groups: {reg2out}
Analysis View: analysis1
Other End Arrival Time          0.000
- External Delay                0.500
+ Phase Shift                   4.000
- Uncertainty                   0.020
= Required Time                 3.480
- Arrival Time                  0.316
= Slack Time                    3.164
     Clock Rise Edge                 0.000
     + Clock Network Latency (Prop)  0.003
     = Beginpoint Arrival Time       0.003
     +----------------------------------------------------------------------------------------+ 
     |           Instance            |      Arc       |   Cell   | Delay | Arrival | Required | 
     |                               |                |          |       |  Time   |   Time   | 
     |-------------------------------+----------------+----------+-------+---------+----------| 
     | picorv32_core_reg_op1_reg[17] | CK ^           |          |       |   0.003 |    3.167 | 
     | picorv32_core_reg_op1_reg[17] | CK ^ -> Q v    | DFFX1    | 0.081 |   0.084 |    3.247 | 
     | FE_OFC226_pcpi_rs1_17         | A v -> Y ^     | INVXL    | 0.024 |   0.107 |    3.271 | 
     | FE_OFC230_pcpi_rs1_17         | A ^ -> Y v     | INVXL    | 0.047 |   0.154 |    3.318 | 
     | FE_OFC564_pcpi_rs1_17         | A v -> Y v     | CLKBUFX8 | 0.140 |   0.294 |    3.458 | 
     |                               | pcpi_rs1[17] v |          | 0.022 |   0.316 |    3.480 | 
     +----------------------------------------------------------------------------------------+ 
Path 32: MET Late External Delay Assertion 
Endpoint:   pcpi_rs2[27]                    (v) checked with  leading edge of 
'clk'
Beginpoint: picorv32_core_reg_op2_reg[27]/Q (v) triggered by  leading edge of 
'clk'
Path Groups: {reg2out}
Analysis View: analysis1
Other End Arrival Time          0.000
- External Delay                0.500
+ Phase Shift                   4.000
- Uncertainty                   0.020
= Required Time                 3.480
- Arrival Time                  0.314
= Slack Time                    3.166
     Clock Rise Edge                 0.000
     + Clock Network Latency (Prop)  0.001
     = Beginpoint Arrival Time       0.001
     +----------------------------------------------------------------------------------------+ 
     |           Instance            |      Arc       |   Cell   | Delay | Arrival | Required | 
     |                               |                |          |       |  Time   |   Time   | 
     |-------------------------------+----------------+----------+-------+---------+----------| 
     | picorv32_core_reg_op2_reg[27] | CK ^           |          |       |   0.001 |    3.166 | 
     | picorv32_core_reg_op2_reg[27] | CK ^ -> Q v    | DFFHQX1  | 0.088 |   0.089 |    3.255 | 
     | FE_OFC297_pcpi_rs2_27         | A v -> Y ^     | INVXL    | 0.053 |   0.142 |    3.308 | 
     | FE_OFC588_pcpi_rs2_27         | A ^ -> Y v     | INVX1    | 0.021 |   0.163 |    3.329 | 
     | FE_OFC778_pcpi_rs2_27         | A v -> Y v     | CLKBUFX8 | 0.138 |   0.301 |    3.467 | 
     |                               | pcpi_rs2[27] v |          | 0.013 |   0.314 |    3.480 | 
     +----------------------------------------------------------------------------------------+ 
Path 33: MET Late External Delay Assertion 
Endpoint:   pcpi_rs1[6]                    (v) checked with  leading edge of 
'clk'
Beginpoint: picorv32_core_reg_op1_reg[6]/Q (v) triggered by  leading edge of 
'clk'
Path Groups: {reg2out}
Analysis View: analysis1
Other End Arrival Time          0.000
- External Delay                0.500
+ Phase Shift                   4.000
- Uncertainty                   0.020
= Required Time                 3.480
- Arrival Time                  0.314
= Slack Time                    3.166
     Clock Rise Edge                 0.000
     + Clock Network Latency (Prop)  0.004
     = Beginpoint Arrival Time       0.004
     +--------------------------------------------------------------------------------------+ 
     |           Instance           |      Arc      |   Cell   | Delay | Arrival | Required | 
     |                              |               |          |       |  Time   |   Time   | 
     |------------------------------+---------------+----------+-------+---------+----------| 
     | picorv32_core_reg_op1_reg[6] | CK ^          |          |       |   0.004 |    3.169 | 
     | picorv32_core_reg_op1_reg[6] | CK ^ -> Q v   | DFFX1    | 0.105 |   0.108 |    3.274 | 
     | FE_OFC264_pcpi_rs1_6         | A v -> Y ^    | INVXL    | 0.042 |   0.150 |    3.315 | 
     | FE_OFC575_pcpi_rs1_6         | A ^ -> Y v    | INVX1    | 0.014 |   0.164 |    3.329 | 
     | FE_OFC766_pcpi_rs1_6         | A v -> Y v    | CLKBUFX8 | 0.137 |   0.301 |    3.467 | 
     |                              | pcpi_rs1[6] v |          | 0.013 |   0.314 |    3.480 | 
     +--------------------------------------------------------------------------------------+ 
Path 34: MET Late External Delay Assertion 
Endpoint:   pcpi_rs1[4]                    (v) checked with  leading edge of 
'clk'
Beginpoint: picorv32_core_reg_op1_reg[4]/Q (v) triggered by  leading edge of 
'clk'
Path Groups: {reg2out}
Analysis View: analysis1
Other End Arrival Time          0.000
- External Delay                0.500
+ Phase Shift                   4.000
- Uncertainty                   0.020
= Required Time                 3.480
- Arrival Time                  0.314
= Slack Time                    3.166
     Clock Rise Edge                 0.000
     + Clock Network Latency (Prop)  0.004
     = Beginpoint Arrival Time       0.004
     +--------------------------------------------------------------------------------------+ 
     |           Instance           |      Arc      |   Cell   | Delay | Arrival | Required | 
     |                              |               |          |       |  Time   |   Time   | 
     |------------------------------+---------------+----------+-------+---------+----------| 
     | picorv32_core_reg_op1_reg[4] | CK ^          |          |       |   0.004 |    3.170 | 
     | picorv32_core_reg_op1_reg[4] | CK ^ -> Q v   | DFFX1    | 0.107 |   0.111 |    3.277 | 
     | FE_OFC270_pcpi_rs1_4         | A v -> Y ^    | INVXL    | 0.040 |   0.150 |    3.316 | 
     | FE_OFC577_pcpi_rs1_4         | A ^ -> Y v    | INVX1    | 0.013 |   0.164 |    3.330 | 
     | FE_OFC770_pcpi_rs1_4         | A v -> Y v    | CLKBUFX8 | 0.137 |   0.301 |    3.467 | 
     |                              | pcpi_rs1[4] v |          | 0.013 |   0.314 |    3.480 | 
     +--------------------------------------------------------------------------------------+ 
Path 35: MET Late External Delay Assertion 
Endpoint:   pcpi_rs2[21]                    (v) checked with  leading edge of 
'clk'
Beginpoint: picorv32_core_reg_op2_reg[21]/Q (v) triggered by  leading edge of 
'clk'
Path Groups: {reg2out}
Analysis View: analysis1
Other End Arrival Time          0.000
- External Delay                0.500
+ Phase Shift                   4.000
- Uncertainty                   0.020
= Required Time                 3.480
- Arrival Time                  0.313
= Slack Time                    3.167
     Clock Rise Edge                 0.000
     + Clock Network Latency (Prop)  -0.001
     = Beginpoint Arrival Time       -0.001
     +----------------------------------------------------------------------------------------+ 
     |           Instance            |      Arc       |   Cell   | Delay | Arrival | Required | 
     |                               |                |          |       |  Time   |   Time   | 
     |-------------------------------+----------------+----------+-------+---------+----------| 
     | picorv32_core_reg_op2_reg[21] | CK ^           |          |       |  -0.001 |    3.166 | 
     | picorv32_core_reg_op2_reg[21] | CK ^ -> Q v    | DFFHQX1  | 0.133 |   0.132 |    3.299 | 
     | FE_OFC594_pcpi_rs2_21         | A v -> Y v     | CLKBUFX8 | 0.159 |   0.291 |    3.458 | 
     |                               | pcpi_rs2[21] v |          | 0.022 |   0.313 |    3.480 | 
     +----------------------------------------------------------------------------------------+ 
Path 36: MET Late External Delay Assertion 
Endpoint:   pcpi_rs1[14]                    (v) checked with  leading edge of 
'clk'
Beginpoint: picorv32_core_reg_op1_reg[14]/Q (v) triggered by  leading edge of 
'clk'
Path Groups: {reg2out}
Analysis View: analysis1
Other End Arrival Time          0.000
- External Delay                0.500
+ Phase Shift                   4.000
- Uncertainty                   0.020
= Required Time                 3.480
- Arrival Time                  0.312
= Slack Time                    3.168
     Clock Rise Edge                 0.000
     + Clock Network Latency (Prop)  0.003
     = Beginpoint Arrival Time       0.003
     +----------------------------------------------------------------------------------------+ 
     |           Instance            |      Arc       |   Cell   | Delay | Arrival | Required | 
     |                               |                |          |       |  Time   |   Time   | 
     |-------------------------------+----------------+----------+-------+---------+----------| 
     | picorv32_core_reg_op1_reg[14] | CK ^           |          |       |   0.003 |    3.171 | 
     | picorv32_core_reg_op1_reg[14] | CK ^ -> Q v    | DFFX1    | 0.091 |   0.094 |    3.262 | 
     | FE_OFC239_pcpi_rs1_14         | A v -> Y ^     | INVXL    | 0.035 |   0.129 |    3.297 | 
     | FE_OFC240_pcpi_rs1_14         | A ^ -> Y v     | INVXL    | 0.027 |   0.156 |    3.324 | 
     | FE_OFC567_pcpi_rs1_14         | A v -> Y v     | CLKBUFX8 | 0.133 |   0.290 |    3.457 | 
     |                               | pcpi_rs1[14] v |          | 0.023 |   0.312 |    3.480 | 
     +----------------------------------------------------------------------------------------+ 
Path 37: MET Late External Delay Assertion 
Endpoint:   pcpi_rs1[13]                    (v) checked with  leading edge of 
'clk'
Beginpoint: picorv32_core_reg_op1_reg[13]/Q (v) triggered by  leading edge of 
'clk'
Path Groups: {reg2out}
Analysis View: analysis1
Other End Arrival Time          0.000
- External Delay                0.500
+ Phase Shift                   4.000
- Uncertainty                   0.020
= Required Time                 3.480
- Arrival Time                  0.312
= Slack Time                    3.168
     Clock Rise Edge                 0.000
     + Clock Network Latency (Prop)  0.002
     = Beginpoint Arrival Time       0.002
     +----------------------------------------------------------------------------------------+ 
     |           Instance            |      Arc       |   Cell   | Delay | Arrival | Required | 
     |                               |                |          |       |  Time   |   Time   | 
     |-------------------------------+----------------+----------+-------+---------+----------| 
     | picorv32_core_reg_op1_reg[13] | CK ^           |          |       |   0.002 |    3.170 | 
     | picorv32_core_reg_op1_reg[13] | CK ^ -> Q v    | DFFX1    | 0.089 |   0.091 |    3.259 | 
     | FE_OFC243_pcpi_rs1_13         | A v -> Y ^     | INVXL    | 0.029 |   0.120 |    3.288 | 
     | FE_OFC244_pcpi_rs1_13         | A ^ -> Y v     | INVXL    | 0.035 |   0.155 |    3.323 | 
     | FE_OFC568_pcpi_rs1_13         | A v -> Y v     | CLKBUFX8 | 0.140 |   0.294 |    3.462 | 
     |                               | pcpi_rs1[13] v |          | 0.018 |   0.312 |    3.480 | 
     +----------------------------------------------------------------------------------------+ 
Path 38: MET Late External Delay Assertion 
Endpoint:   pcpi_rs1[18]                    (v) checked with  leading edge of 
'clk'
Beginpoint: picorv32_core_reg_op1_reg[18]/Q (v) triggered by  leading edge of 
'clk'
Path Groups: {reg2out}
Analysis View: analysis1
Other End Arrival Time          0.000
- External Delay                0.500
+ Phase Shift                   4.000
- Uncertainty                   0.020
= Required Time                 3.480
- Arrival Time                  0.312
= Slack Time                    3.168
     Clock Rise Edge                 0.000
     + Clock Network Latency (Prop)  0.003
     = Beginpoint Arrival Time       0.003
     +----------------------------------------------------------------------------------------+ 
     |           Instance            |      Arc       |   Cell   | Delay | Arrival | Required | 
     |                               |                |          |       |  Time   |   Time   | 
     |-------------------------------+----------------+----------+-------+---------+----------| 
     | picorv32_core_reg_op1_reg[18] | CK ^           |          |       |   0.003 |    3.171 | 
     | picorv32_core_reg_op1_reg[18] | CK ^ -> Q v    | DFFX1    | 0.092 |   0.095 |    3.263 | 
     | FE_OFC223_pcpi_rs1_18         | A v -> Y ^     | INVXL    | 0.030 |   0.125 |    3.293 | 
     | FE_OFC224_pcpi_rs1_18         | A ^ -> Y v     | INVXL    | 0.029 |   0.155 |    3.323 | 
     | FE_OFC563_pcpi_rs1_18         | A v -> Y v     | CLKBUFX8 | 0.134 |   0.289 |    3.457 | 
     |                               | pcpi_rs1[18] v |          | 0.023 |   0.312 |    3.480 | 
     +----------------------------------------------------------------------------------------+ 
Path 39: MET Late External Delay Assertion 
Endpoint:   pcpi_rs1[5]                    (v) checked with  leading edge of 
'clk'
Beginpoint: picorv32_core_reg_op1_reg[5]/Q (v) triggered by  leading edge of 
'clk'
Path Groups: {reg2out}
Analysis View: analysis1
Other End Arrival Time          0.000
- External Delay                0.500
+ Phase Shift                   4.000
- Uncertainty                   0.020
= Required Time                 3.480
- Arrival Time                  0.311
= Slack Time                    3.169
     Clock Rise Edge                 0.000
     + Clock Network Latency (Prop)  0.004
     = Beginpoint Arrival Time       0.004
     +--------------------------------------------------------------------------------------+ 
     |           Instance           |      Arc      |   Cell   | Delay | Arrival | Required | 
     |                              |               |          |       |  Time   |   Time   | 
     |------------------------------+---------------+----------+-------+---------+----------| 
     | picorv32_core_reg_op1_reg[5] | CK ^          |          |       |   0.004 |    3.173 | 
     | picorv32_core_reg_op1_reg[5] | CK ^ -> Q v   | DFFX1    | 0.109 |   0.113 |    3.282 | 
     | FE_OFC267_pcpi_rs1_5         | A v -> Y ^    | INVX1    | 0.046 |   0.158 |    3.327 | 
     | FE_OFC268_pcpi_rs1_5         | A ^ -> Y v    | CLKINVX8 | 0.129 |   0.287 |    3.456 | 
     |                              | pcpi_rs1[5] v |          | 0.024 |   0.311 |    3.480 | 
     +--------------------------------------------------------------------------------------+ 
Path 40: MET Late External Delay Assertion 
Endpoint:   pcpi_rs2[22]                    (v) checked with  leading edge of 
'clk'
Beginpoint: picorv32_core_reg_op2_reg[22]/Q (v) triggered by  leading edge of 
'clk'
Path Groups: {reg2out}
Analysis View: analysis1
Other End Arrival Time          0.000
- External Delay                0.500
+ Phase Shift                   4.000
- Uncertainty                   0.020
= Required Time                 3.480
- Arrival Time                  0.309
= Slack Time                    3.171
     Clock Rise Edge                 0.000
     + Clock Network Latency (Prop)  0.000
     = Beginpoint Arrival Time       0.000
     +----------------------------------------------------------------------------------------+ 
     |           Instance            |      Arc       |   Cell   | Delay | Arrival | Required | 
     |                               |                |          |       |  Time   |   Time   | 
     |-------------------------------+----------------+----------+-------+---------+----------| 
     | picorv32_core_reg_op2_reg[22] | CK ^           |          |       |   0.000 |    3.171 | 
     | picorv32_core_reg_op2_reg[22] | CK ^ -> Q v    | DFFHQX1  | 0.128 |   0.128 |    3.299 | 
     | FE_OFC593_pcpi_rs2_22         | A v -> Y v     | CLKBUFX8 | 0.155 |   0.283 |    3.454 | 
     |                               | pcpi_rs2[22] v |          | 0.026 |   0.309 |    3.480 | 
     +----------------------------------------------------------------------------------------+ 
Path 41: MET Late External Delay Assertion 
Endpoint:   pcpi_rs2[13]                    (v) checked with  leading edge of 
'clk'
Beginpoint: picorv32_core_reg_op2_reg[13]/Q (v) triggered by  leading edge of 
'clk'
Path Groups: {reg2out}
Analysis View: analysis1
Other End Arrival Time          0.000
- External Delay                0.500
+ Phase Shift                   4.000
- Uncertainty                   0.020
= Required Time                 3.480
- Arrival Time                  0.309
= Slack Time                    3.171
     Clock Rise Edge                 0.000
     + Clock Network Latency (Prop)  0.000
     = Beginpoint Arrival Time       0.000
     +----------------------------------------------------------------------------------------+ 
     |           Instance            |      Arc       |   Cell   | Delay | Arrival | Required | 
     |                               |                |          |       |  Time   |   Time   | 
     |-------------------------------+----------------+----------+-------+---------+----------| 
     | picorv32_core_reg_op2_reg[13] | CK ^           |          |       |   0.000 |    3.172 | 
     | picorv32_core_reg_op2_reg[13] | CK ^ -> Q v    | DFFHQX1  | 0.129 |   0.130 |    3.301 | 
     | FE_OFC607_pcpi_rs2_13         | A v -> Y v     | CLKBUFX8 | 0.160 |   0.289 |    3.461 | 
     |                               | pcpi_rs2[13] v |          | 0.019 |   0.309 |    3.480 | 
     +----------------------------------------------------------------------------------------+ 
Path 42: MET Late External Delay Assertion 
Endpoint:   pcpi_rs2[8]                    (v) checked with  leading edge of 
'clk'
Beginpoint: picorv32_core_reg_op2_reg[8]/Q (v) triggered by  leading edge of 
'clk'
Path Groups: {reg2out}
Analysis View: analysis1
Other End Arrival Time          0.000
- External Delay                0.500
+ Phase Shift                   4.000
- Uncertainty                   0.020
= Required Time                 3.480
- Arrival Time                  0.307
= Slack Time                    3.173
     Clock Rise Edge                 0.000
     + Clock Network Latency (Prop)  0.000
     = Beginpoint Arrival Time       0.000
     +--------------------------------------------------------------------------------------+ 
     |           Instance           |      Arc      |   Cell   | Delay | Arrival | Required | 
     |                              |               |          |       |  Time   |   Time   | 
     |------------------------------+---------------+----------+-------+---------+----------| 
     | picorv32_core_reg_op2_reg[8] | CK ^          |          |       |   0.000 |    3.173 | 
     | picorv32_core_reg_op2_reg[8] | CK ^ -> Q v   | DFFHQX1  | 0.129 |   0.129 |    3.302 | 
     | FE_OFC613_pcpi_rs2_8         | A v -> Y v    | CLKBUFX8 | 0.160 |   0.289 |    3.462 | 
     |                              | pcpi_rs2[8] v |          | 0.018 |   0.307 |    3.480 | 
     +--------------------------------------------------------------------------------------+ 
Path 43: MET Late External Delay Assertion 
Endpoint:   pcpi_rs2[14]                    (v) checked with  leading edge of 
'clk'
Beginpoint: picorv32_core_reg_op2_reg[14]/Q (v) triggered by  leading edge of 
'clk'
Path Groups: {reg2out}
Analysis View: analysis1
Other End Arrival Time          0.000
- External Delay                0.500
+ Phase Shift                   4.000
- Uncertainty                   0.020
= Required Time                 3.480
- Arrival Time                  0.307
= Slack Time                    3.173
     Clock Rise Edge                 0.000
     + Clock Network Latency (Prop)  -0.002
     = Beginpoint Arrival Time       -0.002
     +----------------------------------------------------------------------------------------+ 
     |           Instance            |      Arc       |   Cell   | Delay | Arrival | Required | 
     |                               |                |          |       |  Time   |   Time   | 
     |-------------------------------+----------------+----------+-------+---------+----------| 
     | picorv32_core_reg_op2_reg[14] | CK ^           |          |       |  -0.002 |    3.171 | 
     | picorv32_core_reg_op2_reg[14] | CK ^ -> Q v    | DFFHQX1  | 0.129 |   0.126 |    3.300 | 
     | FE_OFC606_pcpi_rs2_14         | A v -> Y v     | CLKBUFX8 | 0.156 |   0.282 |    3.455 | 
     |                               | pcpi_rs2[14] v |          | 0.025 |   0.307 |    3.480 | 
     +----------------------------------------------------------------------------------------+ 
Path 44: MET Late External Delay Assertion 
Endpoint:   pcpi_rs2[11]                    (v) checked with  leading edge of 
'clk'
Beginpoint: picorv32_core_reg_op2_reg[11]/Q (v) triggered by  leading edge of 
'clk'
Path Groups: {reg2out}
Analysis View: analysis1
Other End Arrival Time          0.000
- External Delay                0.500
+ Phase Shift                   4.000
- Uncertainty                   0.020
= Required Time                 3.480
- Arrival Time                  0.303
= Slack Time                    3.177
     Clock Rise Edge                 0.000
     + Clock Network Latency (Prop)  -0.001
     = Beginpoint Arrival Time       -0.001
     +----------------------------------------------------------------------------------------+ 
     |           Instance            |      Arc       |   Cell   | Delay | Arrival | Required | 
     |                               |                |          |       |  Time   |   Time   | 
     |-------------------------------+----------------+----------+-------+---------+----------| 
     | picorv32_core_reg_op2_reg[11] | CK ^           |          |       |  -0.001 |    3.176 | 
     | picorv32_core_reg_op2_reg[11] | CK ^ -> Q v    | DFFHQX1  | 0.126 |   0.125 |    3.301 | 
     | FE_OFC608_pcpi_rs2_11         | A v -> Y v     | CLKBUFX8 | 0.155 |   0.280 |    3.457 | 
     |                               | pcpi_rs2[11] v |          | 0.023 |   0.303 |    3.480 | 
     +----------------------------------------------------------------------------------------+ 
Path 45: MET Late External Delay Assertion 
Endpoint:   pcpi_rs2[18]                    (v) checked with  leading edge of 
'clk'
Beginpoint: picorv32_core_reg_op2_reg[18]/Q (v) triggered by  leading edge of 
'clk'
Path Groups: {reg2out}
Analysis View: analysis1
Other End Arrival Time          0.000
- External Delay                0.500
+ Phase Shift                   4.000
- Uncertainty                   0.020
= Required Time                 3.480
- Arrival Time                  0.300
= Slack Time                    3.180
     Clock Rise Edge                 0.000
     + Clock Network Latency (Prop)  0.000
     = Beginpoint Arrival Time       0.000
     +----------------------------------------------------------------------------------------+ 
     |           Instance            |      Arc       |   Cell   | Delay | Arrival | Required | 
     |                               |                |          |       |  Time   |   Time   | 
     |-------------------------------+----------------+----------+-------+---------+----------| 
     | picorv32_core_reg_op2_reg[18] | CK ^           |          |       |   0.000 |    3.180 | 
     | picorv32_core_reg_op2_reg[18] | CK ^ -> Q v    | DFFHQX1  | 0.123 |   0.123 |    3.303 | 
     | FE_OFC599_pcpi_rs2_18         | A v -> Y v     | CLKBUFX8 | 0.155 |   0.278 |    3.458 | 
     |                               | pcpi_rs2[18] v |          | 0.022 |   0.300 |    3.480 | 
     +----------------------------------------------------------------------------------------+ 
Path 46: MET Late External Delay Assertion 
Endpoint:   pcpi_rs1[9]                    (v) checked with  leading edge of 
'clk'
Beginpoint: picorv32_core_reg_op1_reg[9]/Q (v) triggered by  leading edge of 
'clk'
Path Groups: {reg2out}
Analysis View: analysis1
Other End Arrival Time          0.000
- External Delay                0.500
+ Phase Shift                   4.000
- Uncertainty                   0.020
= Required Time                 3.480
- Arrival Time                  0.299
= Slack Time                    3.181
     Clock Rise Edge                 0.000
     + Clock Network Latency (Prop)  0.003
     = Beginpoint Arrival Time       0.003
     +--------------------------------------------------------------------------------------+ 
     |           Instance           |      Arc      |   Cell   | Delay | Arrival | Required | 
     |                              |               |          |       |  Time   |   Time   | 
     |------------------------------+---------------+----------+-------+---------+----------| 
     | picorv32_core_reg_op1_reg[9] | CK ^          |          |       |   0.003 |    3.184 | 
     | picorv32_core_reg_op1_reg[9] | CK ^ -> Q v   | DFFX1    | 0.078 |   0.081 |    3.262 | 
     | FE_OFC254_pcpi_rs1_9         | A v -> Y ^    | INVXL    | 0.058 |   0.139 |    3.320 | 
     | FE_OFC572_pcpi_rs1_9         | A ^ -> Y v    | CLKINVX8 | 0.138 |   0.278 |    3.459 | 
     |                              | pcpi_rs1[9] v |          | 0.021 |   0.299 |    3.480 | 
     +--------------------------------------------------------------------------------------+ 
Path 47: MET Late External Delay Assertion 
Endpoint:   pcpi_rs1[25]                    (v) checked with  leading edge of 
'clk'
Beginpoint: picorv32_core_reg_op1_reg[25]/Q (v) triggered by  leading edge of 
'clk'
Path Groups: {reg2out}
Analysis View: analysis1
Other End Arrival Time          0.000
- External Delay                0.500
+ Phase Shift                   4.000
- Uncertainty                   0.020
= Required Time                 3.480
- Arrival Time                  0.298
= Slack Time                    3.182
     Clock Rise Edge                 0.000
     + Clock Network Latency (Prop)  0.003
     = Beginpoint Arrival Time       0.003
     +----------------------------------------------------------------------------------------+ 
     |           Instance            |      Arc       |   Cell   | Delay | Arrival | Required | 
     |                               |                |          |       |  Time   |   Time   | 
     |-------------------------------+----------------+----------+-------+---------+----------| 
     | picorv32_core_reg_op1_reg[25] | CK ^           |          |       |   0.003 |    3.185 | 
     | picorv32_core_reg_op1_reg[25] | CK ^ -> Q v    | DFFHQX1  | 0.099 |   0.102 |    3.283 | 
     | FE_OFC703_pcpi_rs1_25         | A v -> Y ^     | INVX1    | 0.044 |   0.146 |    3.328 | 
     | FE_OFC201_pcpi_rs1_25         | A ^ -> Y v     | CLKINVX8 | 0.131 |   0.277 |    3.459 | 
     |                               | pcpi_rs1[25] v |          | 0.021 |   0.298 |    3.480 | 
     +----------------------------------------------------------------------------------------+ 
Path 48: MET Late External Delay Assertion 
Endpoint:   pcpi_rs1[7]                    (v) checked with  leading edge of 
'clk'
Beginpoint: picorv32_core_reg_op1_reg[7]/Q (v) triggered by  leading edge of 
'clk'
Path Groups: {reg2out}
Analysis View: analysis1
Other End Arrival Time          0.000
- External Delay                0.500
+ Phase Shift                   4.000
- Uncertainty                   0.020
= Required Time                 3.480
- Arrival Time                  0.297
= Slack Time                    3.183
     Clock Rise Edge                 0.000
     + Clock Network Latency (Prop)  0.003
     = Beginpoint Arrival Time       0.003
     +--------------------------------------------------------------------------------------+ 
     |           Instance           |      Arc      |   Cell   | Delay | Arrival | Required | 
     |                              |               |          |       |  Time   |   Time   | 
     |------------------------------+---------------+----------+-------+---------+----------| 
     | picorv32_core_reg_op1_reg[7] | CK ^          |          |       |   0.003 |    3.187 | 
     | picorv32_core_reg_op1_reg[7] | CK ^ -> Q v   | DFFX1    | 0.108 |   0.111 |    3.294 | 
     | FE_OFC262_pcpi_rs1_7         | A v -> Y v    | BUFX2    | 0.035 |   0.145 |    3.329 | 
     | FE_OFC785_pcpi_rs1_7         | A v -> Y v    | CLKBUFX8 | 0.131 |   0.277 |    3.460 | 
     |                              | pcpi_rs1[7] v |          | 0.020 |   0.297 |    3.480 | 
     +--------------------------------------------------------------------------------------+ 
Path 49: MET Late External Delay Assertion 
Endpoint:   pcpi_rs1[27]                    (v) checked with  leading edge of 
'clk'
Beginpoint: picorv32_core_reg_op1_reg[27]/Q (v) triggered by  leading edge of 
'clk'
Path Groups: {reg2out}
Analysis View: analysis1
Other End Arrival Time          0.000
- External Delay                0.500
+ Phase Shift                   4.000
- Uncertainty                   0.020
= Required Time                 3.480
- Arrival Time                  0.296
= Slack Time                    3.184
     Clock Rise Edge                 0.000
     + Clock Network Latency (Prop)  0.003
     = Beginpoint Arrival Time       0.003
     +----------------------------------------------------------------------------------------+ 
     |           Instance            |      Arc       |   Cell   | Delay | Arrival | Required | 
     |                               |                |          |       |  Time   |   Time   | 
     |-------------------------------+----------------+----------+-------+---------+----------| 
     | picorv32_core_reg_op1_reg[27] | CK ^           |          |       |   0.003 |    3.187 | 
     | picorv32_core_reg_op1_reg[27] | CK ^ -> Q v    | DFFHQX1  | 0.094 |   0.097 |    3.281 | 
     | FE_OFC194_pcpi_rs1_27         | A v -> Y ^     | INVX1    | 0.034 |   0.131 |    3.315 | 
     | FE_OFC553_pcpi_rs1_27         | A ^ -> Y v     | INVX1    | 0.015 |   0.146 |    3.329 | 
     | FE_OFC777_pcpi_rs1_27         | A v -> Y v     | CLKBUFX8 | 0.138 |   0.283 |    3.467 | 
     |                               | pcpi_rs1[27] v |          | 0.013 |   0.296 |    3.480 | 
     +----------------------------------------------------------------------------------------+ 
Path 50: MET Late External Delay Assertion 
Endpoint:   pcpi_rs1[21]                    (v) checked with  leading edge of 
'clk'
Beginpoint: picorv32_core_reg_op1_reg[21]/Q (v) triggered by  leading edge of 
'clk'
Path Groups: {reg2out}
Analysis View: analysis1
Other End Arrival Time          0.000
- External Delay                0.500
+ Phase Shift                   4.000
- Uncertainty                   0.020
= Required Time                 3.480
- Arrival Time                  0.296
= Slack Time                    3.184
     Clock Rise Edge                 0.000
     + Clock Network Latency (Prop)  0.000
     = Beginpoint Arrival Time       0.000
     +----------------------------------------------------------------------------------------+ 
     |           Instance            |      Arc       |   Cell   | Delay | Arrival | Required | 
     |                               |                |          |       |  Time   |   Time   | 
     |-------------------------------+----------------+----------+-------+---------+----------| 
     | picorv32_core_reg_op1_reg[21] | CK ^           |          |       |   0.000 |    3.184 | 
     | picorv32_core_reg_op1_reg[21] | CK ^ -> Q v    | DFFX1    | 0.102 |   0.102 |    3.286 | 
     | FE_OFC213_pcpi_rs1_21         | A v -> Y ^     | INVX1    | 0.031 |   0.133 |    3.317 | 
     | FE_OFC559_pcpi_rs1_21         | A ^ -> Y v     | INVX1    | 0.012 |   0.146 |    3.330 | 
     | FE_OFC795_pcpi_rs1_21         | A v -> Y v     | CLKBUFX8 | 0.137 |   0.283 |    3.467 | 
     |                               | pcpi_rs1[21] v |          | 0.013 |   0.296 |    3.480 | 
     +----------------------------------------------------------------------------------------+ 

