Clock tree timing engine global stage delay update for delay1:both.early...
Clock tree timing engine global stage delay update for delay1:both.early done. (took cpu=0:00:00.1 real=0:00:00.1)
Clock tree timing engine global stage delay update for delay1:both.late...
Clock tree timing engine global stage delay update for delay1:both.late done. (took cpu=0:00:00.0 real=0:00:00.0)

Clock DAG stats:
================

---------------------------------------------------------
Cell type                 Count    Area       Capacitance
---------------------------------------------------------
Buffers                    24      181.944       0.056
Inverters                   0        0.000       0.000
Integrated Clock Gates      0        0.000       0.000
Discrete Clock Gates        0        0.000       0.000
Clock Logic                 0        0.000       0.000
All                        24      181.944       0.056
---------------------------------------------------------


Clock DAG sink counts:
======================

-------------------------
Sink type           Count
-------------------------
Regular             2399
Enable Latch           0
Load Capacitance       0
Antenna Diode          0
Node Sink              0
Total               2399
-------------------------


Clock DAG wire lengths:
=======================

--------------------
Type     Wire Length
--------------------
Top          0.000
Trunk      629.405
Leaf      9072.510
Total     9701.915
--------------------


Clock DAG hp wire lengths:
==========================

-----------------------
Type     hp Wire Length
-----------------------
Top            0.000
Trunk          0.000
Leaf        1966.510
Total       1966.510
-----------------------


Clock DAG capacitances:
=======================

--------------------------------
Type     Gate     Wire     Total
--------------------------------
Top      0.000    0.000    0.000
Trunk    0.056    0.101    0.157
Leaf     0.738    1.179    1.917
Total    0.794    1.279    2.074
--------------------------------


Clock DAG sink capacitances:
============================

-----------------------------------------------
Total    Average    Std. Dev.    Min      Max
-----------------------------------------------
0.738     0.000       0.000      0.000    0.000
-----------------------------------------------


Clock DAG net violations:
=========================

None


Clock DAG primary half-corner transition distribution:
======================================================

---------------------------------------------------------------------------------------------------------------------------------------------------------------
Net Type    Target    Count    Average    Std. Dev.    Min      Max      Distribution                                                               Over Target
---------------------------------------------------------------------------------------------------------------------------------------------------------------
Trunk       0.040       1       0.018       0.000      0.018    0.018    {1 <= 0.024ns, 0 <= 0.032ns, 0 <= 0.036ns, 0 <= 0.038ns, 0 <= 0.040ns}          -
Leaf        0.040      24       0.036       0.002      0.033    0.039    {0 <= 0.024ns, 0 <= 0.032ns, 12 <= 0.036ns, 9 <= 0.038ns, 3 <= 0.040ns}         -
---------------------------------------------------------------------------------------------------------------------------------------------------------------


Clock DAG library cell distribution:
====================================

------------------------------------------
Name         Type      Inst     Inst Area 
                       Count    (um^2)
------------------------------------------
CLKBUFX20    buffer     13       106.704
CLKBUFX16    buffer     11        75.240
------------------------------------------



Please note that the following tables reflect only the defined clock trees, so the flop counts might not include all flops in your design.

Clock Tree Summary:
===================

----------------------------------------------------------------------------------------------------------------------
Clock Tree  Clock  Bufs  Invs  Other  Max       Max     Max      Max          Standard   Wire   Gate   Clock Tree Root
Name        Gates              Clock  Non-leaf  Leaf    Length   Source-sink  cell area  cap    cap    
                               Cells  Fanout    Fanout  (um)     Resistance   (um^2)     (pF)   (pF)   
                                                                 (Ohms)                                
----------------------------------------------------------------------------------------------------------------------
clk           0     24    0      0       24      100    223.755    2092.32     181.944   1.279  0.794  wb_clk_i
----------------------------------------------------------------------------------------------------------------------

Clock Sink Summary:
===================

-------------------------------------------------------------------------------------------------------------------------------------------
Clock Tree  Explicit      Implicit      Explicit     Implicit     Explicit   Implicit   Posedge  Negedge  Memory  Enable  Non enable  Other
Name        exclude pins  exclude pins  ignore pins  ignore pins  stop pins  stop pins  Flops    Flops    Clock   Latch   Latch       Sinks
                                                                                                          Pins    Sinks   Sinks       
-------------------------------------------------------------------------------------------------------------------------------------------
clk              0             0             0            0           0          0       2399       0       0       0         0         0
-------------------------------------------------------------------------------------------------------------------------------------------

Summary across all clock trees:
===============================

------------------------------------------------------------------------------------------------------------
Clock  Bufs  Invs  Other  Max       Average   Max     Average  Max      Max          Standard   Wire   Gate
Gates              Clock  Non-leaf  Non-leaf  Leaf    Leaf     Length   Source-sink  cell area  cap    cap
                   Cells  Fanout    Fanout    Fanout  Fanout   (um)     Resistance   (um^2)     (pF)   (pF)
                                                                        (Ohms)                         
------------------------------------------------------------------------------------------------------------
  0     24    0      0       24        24      100    99.9583  223.755    209.232     181.944   1.279  0.794
------------------------------------------------------------------------------------------------------------

Clock Sink Summary across all clock trees:
==========================================

-------------------------------------------------------------------------------------------------------------------------------
Explicit      Implicit      Explicit     Implicit     Explicit   Implicit   Posedge  Negedge  Memory  Enable  Non enable  Other
exclude pins  exclude pins  ignore pins  ignore pins  stop pins  stop pins  Flops    Flops    Clock   Latch   Latch       Sinks
                                                                                              Pins    Sinks   Sinks       
-------------------------------------------------------------------------------------------------------------------------------
     0             0             0            0           0          0       2399       0       0       0         0         0
-------------------------------------------------------------------------------------------------------------------------------

Physical metrics across all clock trees:
========================================

-----------------------------------------------------------------------
Metric                               Minimum  Average  Maximum  Std.dev
-----------------------------------------------------------------------
Source-sink routed net length (um)    52.900   75.996  223.755  31.805
Source-sink manhattan distance (um)   49.840   70.791  223.120  32.349
Source-sink resistance (Ohm)         135.045  174.354  209.232  20.304
-----------------------------------------------------------------------

Transition distribution for half-corner delay1:both.late:
=========================================================

---------------------------------------------------------------------------------------------------------------------------------------------------------------
Net Type    Target    Count    Average    Std. Dev.    Min      Max      Distribution                                                               Over Target
---------------------------------------------------------------------------------------------------------------------------------------------------------------
Trunk       0.040       1       0.018       0.000      0.018    0.018    {1 <= 0.024ns, 0 <= 0.032ns, 0 <= 0.036ns, 0 <= 0.038ns, 0 <= 0.040ns}          -
Leaf        0.040      24       0.036       0.002      0.033    0.039    {0 <= 0.024ns, 0 <= 0.032ns, 12 <= 0.036ns, 9 <= 0.038ns, 3 <= 0.040ns}         -
---------------------------------------------------------------------------------------------------------------------------------------------------------------

Count of violations across all clock trees:
===========================================

---------------------------------------------------------------------------------------
Clock Tree  # Max capacitance  # Max resistance  # Max length  # Max fanout  # Slew
Name        violations         violations        violations    violations    violations
---------------------------------------------------------------------------------------
clk                 0                 0               0             0            0
---------------------------------------------------------------------------------------
Total               0                 0               0             0            0
---------------------------------------------------------------------------------------

Note the above table per clock tree is based on CCOpt clock tree view. The violations are counted across half corners.

Found a total of 0 clock tree pins with max capacitance violations.
Found a total of 0 clock tree nets with max resistance violations.
Found a total of 0 clock tree nets with max length violations.
Found a total of 0 clock tree nets with max fanout violations.
Found a total of 0 clock tree pins with a slew violation.

Report for clock tree: clk:
===========================

Clock Tree Gating Structure (Logical):

# Full cycle clock gates   : 0
Minimum clock gating depth : 0
Maximum clock gating depth : 0
Clock gate area (um^2)     : 0.000

Clock Tree Buffering Structure (Logical):

# Buffers             :  24
# Inverters           :   0
  Total               :  24
Minimum depth         :   1
Maximum depth         :   1
Buffering area (um^2) : 181.944

Clock Tree Level Structure (Logical):

-----------------------------------------------------------------
Level  Full   Posedge  Negedge  Memory  Enable  Non enable  Other
       Cycle  Flops    Flops    Clock   Latch   Latch       Sinks
                                Pins    Sinks   Sinks       
-----------------------------------------------------------------
root     0     2399       0       0       0         0         0
-----------------------------------------------------------------
Total    0     2399       0       0       0         0         0
-----------------------------------------------------------------

Target and measured clock slews (in ns):

----------------------------------------------------------------------------------------------------------------------------
Timing Corner      Worst Rising  Worst Falling  Worst Rising  Worst Falling  Leaf Slew    Leaf Slew  Trunk Slew   Trunk Slew
                   Leaf Slew     Leaf Slew      Trunk Slew    Trunk Slew     Target Type  Target     Target Type  Target
----------------------------------------------------------------------------------------------------------------------------
delay1:both.early     0.037          0.038         0.017          0.017      ignored          -      ignored          -
delay1:both.late      0.038          0.039         0.018          0.018      explicit      0.040     explicit      0.040
----------------------------------------------------------------------------------------------------------------------------

* - indicates that target was not met.

auto extracted - target was extracted from SDC.
auto computed - target was computed when balancing trees.


