============================================================
  Generated by:           Genus(TM) Synthesis Solution 21.15-s080_1
  Generated on:           Nov 30 2025  05:57:35 pm
  Module:                 picorv32_wb
  Operating conditions:   PVT_1P32V_0C 
  Interconnect mode:      global
  Area mode:              physical library
============================================================


Summary
-------
--------------------------------------------------------------------------
            Category            Number     %    Average Toggle Saving %   
--------------------------------------------------------------------------
 Total Clock Gating Instances       60  100.00                         -  
--------------------------------------------------------------------------
 RC Clock Gating Instances          60  100.00                     83.39  
 Non-RC Clock Gating Instances       0    0.00                      0.00  
--------------------------------------------------------------------------
 RC Gated Flip-flops              2013   83.94                     85.07  
 Non-RC Gated Flip-flops             0    0.00                      0.00  
--------------------------------------------------------------------------
 Total Gated Flip-flops           2013   83.94                         -  
 Total Ungated Flip-flops          385   16.06                         -  
 Enable not found                  336   87.27                         -  
 Register bank width too small      49   12.73                         -  
--------------------------------------------------------------------------
 Total Flip-flops                 2398  100.00                         -  
--------------------------------------------------------------------------
Multibit Flip-flop Summary
--------------------------
-------------------------------------------------------
Width     Number     Bits     RC Gated     Ungated     
-------------------------------------------------------
1-bit     2398       2398     2013 (83.94%) 385 (16.06%) 
---------------------------------------------------------


