============================================================
  Generated by:           Genus(TM) Synthesis Solution 21.15-s080_1
  Generated on:           Nov 30 2025  05:57:32 pm
  Module:                 picorv32_wb
  Operating conditions:   PVT_1P32V_0C 
  Interconnect mode:      global
  Area mode:              physical library
============================================================

                                  
    Gate     Instances    Area        Library    
-------------------------------------------------
ADDFX1             548   2811.240    fast_vdd1v2 
ADDHX1             192    722.304    fast_vdd1v2 
AND2X1             333    455.544    fast_vdd1v2 
AND3X1               3      7.182    fast_vdd1v2 
AND3XL               6     12.312    fast_vdd1v2 
AND4X1               4      9.576    fast_vdd1v2 
AND4XL               8     19.152    fast_vdd1v2 
AO21X1              34     81.396    fast_vdd1v2 
AO22X1              57    155.952    fast_vdd1v2 
AOI211XL            55    112.860    fast_vdd1v2 
AOI21X1             63    107.730    fast_vdd1v2 
AOI21X4              1      5.130    fast_vdd1v2 
AOI221X1           526   1259.244    fast_vdd1v2 
AOI222X1           120    369.360    fast_vdd1v2 
AOI22X1           1191   2443.932    fast_vdd1v2 
AOI2BB1X1            4      8.208    fast_vdd1v2 
AOI2BB2X1           25     85.500    fast_vdd1v2 
AOI31X1              1      2.052    fast_vdd1v2 
AOI32X1              5     11.970    fast_vdd1v2 
BUFX2                3      5.130    fast_vdd1v2 
BUFX6                1      3.078    fast_vdd1v2 
BUFX8                3     11.286    fast_vdd1v2 
CLKINVX4             1      1.710    fast_vdd1v2 
CLKINVX8             1      3.078    fast_vdd1v2 
CLKXOR2X1           38    103.968    fast_vdd1v2 
DFFHQX1           2010  10998.720    fast_vdd1v2 
DFFHQX8            197   1819.098    fast_vdd1v2 
DFFQXL              61    333.792    fast_vdd1v2 
DFFTRX1              1      8.208    fast_vdd1v2 
DFFTRX2              3     24.624    fast_vdd1v2 
DFFTRXL              3     23.598    fast_vdd1v2 
DFFX1               37    265.734    fast_vdd1v2 
DFFX2                2     16.416    fast_vdd1v2 
EDFFHQX1             6     51.300    fast_vdd1v2 
EDFFTRXL             1     11.628    fast_vdd1v2 
EDFFX2               1      9.234    fast_vdd1v2 
INVX1              236    161.424    fast_vdd1v2 
INVX2                1      1.026    fast_vdd1v2 
MDFFHQX1            74    632.700    fast_vdd1v2 
MDFFHQX4             1      9.234    fast_vdd1v2 
MX2X1              195    466.830    fast_vdd1v2 
MXI2XL             130    311.220    fast_vdd1v2 
NAND2BX1           222    303.696    fast_vdd1v2 
NAND2BX2             1      2.394    fast_vdd1v2 
NAND2X1            219    224.694    fast_vdd1v2 
NAND2X2             23     39.330    fast_vdd1v2 
NAND3BXL            33     56.430    fast_vdd1v2 
NAND3X1            120    205.200    fast_vdd1v2 
NAND4BBXL            4     12.312    fast_vdd1v2 
NAND4BX1             7     16.758    fast_vdd1v2 
NAND4XL            244    417.240    fast_vdd1v2 
NOR2BX1            211    288.648    fast_vdd1v2 
NOR2BX2             12     32.832    fast_vdd1v2 
NOR2X1             237    243.162    fast_vdd1v2 
NOR2X2               4      6.840    fast_vdd1v2 
NOR3BX1             27     55.404    fast_vdd1v2 
NOR3X1              51     87.210    fast_vdd1v2 
NOR4BBX1             7     19.152    fast_vdd1v2 
NOR4BX1              6     14.364    fast_vdd1v2 
NOR4X1              39     66.690    fast_vdd1v2 
OA21X1              39     80.028    fast_vdd1v2 
OA22X1              33     79.002    fast_vdd1v2 
OAI211X1            39     66.690    fast_vdd1v2 
OAI21X1             70    119.700    fast_vdd1v2 
OAI221X1            36     86.184    fast_vdd1v2 
OAI222X1            12     32.832    fast_vdd1v2 
OAI22X1            347    712.044    fast_vdd1v2 
OAI2BB1X1          235    401.850    fast_vdd1v2 
OAI31X1              6     12.312    fast_vdd1v2 
OR2X1              129    176.472    fast_vdd1v2 
OR3X1               18     36.936    fast_vdd1v2 
OR3XL               10     20.520    fast_vdd1v2 
OR4X1               53    108.756    fast_vdd1v2 
SMDFFHQX1            1     10.260    fast_vdd1v2 
TLATNTSCAX2         60    389.880    fast_vdd1v2 
XNOR2X1            475   1137.150    fast_vdd1v2 
-------------------------------------------------
total             9212  29516.652                


                                                        
            Type             Instances    Area   Area % 
--------------------------------------------------------
sequential                        2398 14214.546   48.2 
inverter                           239   167.238    0.6 
buffer                               7    19.494    0.1 
clock_gating_integrated_cell        60   389.880    1.3 
logic                             6508 14725.494   49.9 
physical_cells                       0     0.000    0.0 
--------------------------------------------------------
total                             9212 29516.652  100.0 

