============================================================
  Generated by:           Genus(TM) Synthesis Solution 21.15-s080_1
  Generated on:           Nov 30 2025  05:57:33 pm
  Module:                 picorv32_wb
  Operating conditions:   PVT_1P32V_0C 
  Interconnect mode:      global
  Area mode:              physical library
============================================================


Path 1: MET (2606 ps) Setup Check with Pin picorv32_core_irq_pending_reg[1]/CK->D
          Group: I2R
     Startpoint: (F) wb_rst_i
          Clock: (R) clk
       Endpoint: (R) picorv32_core_irq_pending_reg[1]/D
          Clock: (R) clk

                     Capture       Launch     
        Clock Edge:+    4000            0     
        Drv Adjust:+       0          139     
       Src Latency:+     200          200     
       Net Latency:+       0 (I)        0 (I) 
           Arrival:=    4200          339     
                                              
             Setup:-      18                  
       Uncertainty:-      20                  
     Required Time:=    4162                  
      Launch Clock:-     339                  
       Input Delay:-     500                  
         Data Path:-     716                  
             Slack:=    2606                  

Exceptions/Constraints:
  input_delay             500             constraints.sdc_line_32 

#------------------------------------------------------------------------------------------------------------
#           Timing Point             Flags   Arc   Edge   Cell     Fanout  Load Trans Delay Arrival Instance 
#                                                                          (fF)  (ps)  (ps)   (ps)  Location 
#------------------------------------------------------------------------------------------------------------
  wb_rst_i                           <<<     -     F     (arrival)     73  91.0   255     0     839    (-,-) 
  drc_bufs804/Y                      -       A->Y  R     CLKINVX8     227 259.4   215   162    1001    (-,-) 
  picorv32_core_g67056__3680/Y       -       B->Y  F     NAND2X1        4   5.7    91    88    1089    (-,-) 
  picorv32_core_g130298/Y            -       A->Y  R     INVX1         34  38.0   224   139    1227    (-,-) 
  picorv32_core_g129644/Y            -       A1->Y F     AOI22X1        1   1.9    68    79    1306    (-,-) 
  picorv32_core_g129211/Y            -       A->Y  F     AND2X1        32  42.0   223   140    1446    (-,-) 
  picorv32_core_g128878/Y            -       B0->Y R     OAI2BB1X1      1   2.1    57    58    1504    (-,-) 
  picorv32_core_g127471/Y            -       A1->Y F     AOI21X1        1   2.1    36    34    1538    (-,-) 
  picorv32_core_g126931/Y            -       B0->Y R     OAI31X1        1   2.0    52    18    1556    (-,-) 
  picorv32_core_irq_pending_reg[1]/D <<<     -     R     DFFHQX1        1     -     -     0    1556    (-,-) 
#------------------------------------------------------------------------------------------------------------

