============================================================
  Generated by:           Genus(TM) Synthesis Solution 21.15-s080_1
  Generated on:           Nov 30 2025  05:57:32 pm
  Module:                 picorv32_wb
  Operating conditions:   PVT_1P32V_0C 
  Interconnect mode:      global
  Area mode:              physical library
============================================================

Timing
--------

Clock Period 
-------------
clk   4000.0 


        Cost          Critical         Violating 
       Group         Path Slack  TNS     Paths   
-------------------------------------------------
cg_enable_group_clk    No paths   0.0            
clk                    No paths   0.0            
default                No paths   0.0            
I2O                    No paths   0.0            
I2R                      2606.5   0.0          0 
R2O                      3125.1   0.0          0 
R2R                      1032.8   0.0          0 
-------------------------------------------------
Total                             0.0          0 

Instance Count
--------------
Leaf Instance Count             9212 
Physical Instance count            0 
Sequential Instance Count       2458 
Combinational Instance Count    6754 
Hierarchical Instance Count       60 

Area
----
Cell Area                          29516.652
Physical Cell Area                 0.000
Total Cell Area (Cell+Physical)    29516.652
Net Area                           12538.215
Total Area (Cell+Physical+Net)     42054.867

Max Fanout                         445 (wb_clk_i)
Min Fanout                         1 (mem_addr[2])
Average Fanout                     2.6
Terms to net ratio                 3.6181
Terms to instance ratio            3.9661
Runtime                            343.52218499999964 seconds
Elapsed Runtime                    486 seconds
Genus peak memory usage            1575.20 
Innovus peak memory usage          no_value 
Hostname                           cn88.it.auth.gr
