============================================================
  Generated by:           Genus(TM) Synthesis Solution 21.15-s080_1
  Generated on:           Nov 30 2025  05:57:33 pm
  Module:                 picorv32_wb
  Operating conditions:   PVT_1P32V_0C 
  Interconnect mode:      global
  Area mode:              physical library
============================================================


Path 1: MET (3125 ps) Late External Delay Assertion at pin wbm_stb_o
          Group: R2O
     Startpoint: (R) wbm_cyc_o_reg/CK
          Clock: (R) clk
       Endpoint: (F) wbm_stb_o
          Clock: (R) clk

                     Capture       Launch     
        Clock Edge:+    4000            0     
       Src Latency:+     200          200     
       Net Latency:+       0 (I)        0 (I) 
           Arrival:=    4200          200     
                                              
      Output Delay:-     500                  
       Uncertainty:-      20                  
     Required Time:=    3680                  
      Launch Clock:-     200                  
         Data Path:-     355                  
             Slack:=    3125                  

Exceptions/Constraints:
  output_delay             500             constraints.sdc_line_47_268_1 

#------------------------------------------------------------------------------------------
#  Timing Point    Flags   Arc   Edge   Cell     Fanout  Load Trans Delay Arrival Instance 
#                                                        (fF)  (ps)  (ps)   (ps)  Location 
#------------------------------------------------------------------------------------------
  wbm_cyc_o_reg/CK <<<     -     R     (arrival)      5     -    40     0     200    (-,-) 
  wbm_cyc_o_reg/Q  -       CK->Q F     DFFHQX8        3 304.6   239   180     380    (-,-) 
  g630/Y           -       A->Y  F     BUFX8          1 301.6   239   173     553    (-,-) 
  wbm_stb_o        <<<     -     F     (port)         -     -     -     2     555    (-,-) 
#------------------------------------------------------------------------------------------

