============================================================
  Generated by:           Genus(TM) Synthesis Solution 21.15-s080_1
  Generated on:           Nov 30 2025  05:57:31 pm
  Module:                 picorv32_wb
  Operating conditions:   PVT_1P32V_0C 
  Interconnect mode:      global
  Area mode:              physical library
============================================================


Path 1: MET (1033 ps) Setup Check with Pin picorv32_core_genblk1.pcpi_mul_rd_reg[63]/CK->D
          Group: R2R
     Startpoint: (R) picorv32_core_genblk1.pcpi_mul_rs2_reg[2]/CK
          Clock: (R) clk
       Endpoint: (R) picorv32_core_genblk1.pcpi_mul_rd_reg[63]/D
          Clock: (R) clk

                     Capture       Launch     
        Clock Edge:+    4000            0     
       Src Latency:+     200          200     
       Net Latency:+       0 (I)        0 (I) 
           Arrival:=    4200          200     
                                              
             Setup:-      14                  
       Uncertainty:-      20                  
     Required Time:=    4166                  
      Launch Clock:-     200                  
         Data Path:-    2933                  
             Slack:=    1033                  

#---------------------------------------------------------------------------------------------------------------------------------
#                      Timing Point                       Flags    Arc   Edge   Cell     Fanout Load Trans Delay Arrival Instance 
#                                                                                               (fF)  (ps)  (ps)   (ps)  Location 
#---------------------------------------------------------------------------------------------------------------------------------
  picorv32_core_genblk1.pcpi_mul_rs2_reg[2]/CK            -       -      R     (arrival)     66    -    40     0     200    (-,-) 
  picorv32_core_genblk1.pcpi_mul_rs2_reg[2]/Q             -       CK->Q  R     DFFHQX1       40 45.6   253   174     374    (-,-) 
  picorv32_core_genblk1.pcpi_mul_mul_2371_47_g14038/Y     -       A->Y   F     INVX1          3  4.1    70    69     443    (-,-) 
  picorv32_core_genblk1.pcpi_mul_mul_2371_47_g13966/Y     -       C->Y   F     OR3X1         31 40.7   219   155     597    (-,-) 
  picorv32_core_genblk1.pcpi_mul_mul_2371_47_g13829/Y     -       A1->Y  R     OAI22X1        1  2.1    73    76     674    (-,-) 
  picorv32_core_genblk1.pcpi_mul_mul_2371_47_g13464/Y     -       C0->Y  F     AOI221X1       1  2.2    77    26     700    (-,-) 
  picorv32_core_genblk1.pcpi_mul_mul_2371_47_g13448/Y     -       B->Y   F     XNOR2X1        1  2.2    16    36     737    (-,-) 
  picorv32_core_genblk1.pcpi_mul_mul_2371_47_g13367/CO    -       A->CO  F     ADDHX1         1  2.4    15    22     759    (-,-) 
  picorv32_core_genblk1.pcpi_mul_mul_2371_47_cdnfadd3/CO  -       CI->CO F     ADDFX1         1  2.4    18    38     797    (-,-) 
  picorv32_core_genblk1.pcpi_mul_mul_2371_47_cdnfadd4/CO  -       CI->CO F     ADDFX1         1  2.4    18    39     836    (-,-) 
  picorv32_core_genblk1.pcpi_mul_mul_2371_47_cdnfadd5/CO  -       CI->CO F     ADDFX1         1  2.4    18    39     874    (-,-) 
  picorv32_core_genblk1.pcpi_mul_mul_2371_47_cdnfadd6/CO  -       CI->CO F     ADDFX1         1  2.4    18    39     913    (-,-) 
  picorv32_core_genblk1.pcpi_mul_mul_2371_47_cdnfadd7/CO  -       CI->CO F     ADDFX1         1  2.4    18    39     952    (-,-) 
  picorv32_core_genblk1.pcpi_mul_mul_2371_47_cdnfadd8/CO  -       CI->CO F     ADDFX1         1  2.4    18    39     990    (-,-) 
  picorv32_core_genblk1.pcpi_mul_mul_2371_47_cdnfadd9/CO  -       CI->CO F     ADDFX1         1  2.4    18    39    1029    (-,-) 
  picorv32_core_genblk1.pcpi_mul_mul_2371_47_cdnfadd10/CO -       CI->CO F     ADDFX1         1  2.4    18    39    1068    (-,-) 
  picorv32_core_genblk1.pcpi_mul_mul_2371_47_cdnfadd11/CO -       CI->CO F     ADDFX1         1  2.4    18    39    1107    (-,-) 
  picorv32_core_genblk1.pcpi_mul_mul_2371_47_cdnfadd12/CO -       CI->CO F     ADDFX1         1  2.4    18    39    1145    (-,-) 
  picorv32_core_genblk1.pcpi_mul_mul_2371_47_cdnfadd13/CO -       CI->CO F     ADDFX1         1  2.4    18    39    1184    (-,-) 
  picorv32_core_genblk1.pcpi_mul_mul_2371_47_cdnfadd14/CO -       CI->CO F     ADDFX1         1  2.4    18    39    1223    (-,-) 
  picorv32_core_genblk1.pcpi_mul_mul_2371_47_cdnfadd15/CO -       CI->CO F     ADDFX1         1  2.4    18    39    1261    (-,-) 
  picorv32_core_genblk1.pcpi_mul_mul_2371_47_cdnfadd16/CO -       CI->CO F     ADDFX1         1  2.4    18    39    1300    (-,-) 
  picorv32_core_genblk1.pcpi_mul_mul_2371_47_cdnfadd17/CO -       CI->CO F     ADDFX1         1  2.4    18    39    1339    (-,-) 
  picorv32_core_genblk1.pcpi_mul_mul_2371_47_cdnfadd18/CO -       CI->CO F     ADDFX1         1  2.4    18    39    1378    (-,-) 
  picorv32_core_genblk1.pcpi_mul_mul_2371_47_cdnfadd19/CO -       CI->CO F     ADDFX1         1  2.4    18    39    1416    (-,-) 
  picorv32_core_genblk1.pcpi_mul_mul_2371_47_cdnfadd20/CO -       CI->CO F     ADDFX1         1  2.4    18    39    1455    (-,-) 
  picorv32_core_genblk1.pcpi_mul_mul_2371_47_cdnfadd21/CO -       CI->CO F     ADDFX1         1  2.4    18    39    1494    (-,-) 
  picorv32_core_genblk1.pcpi_mul_mul_2371_47_cdnfadd22/CO -       CI->CO F     ADDFX1         1  2.4    18    39    1532    (-,-) 
  picorv32_core_genblk1.pcpi_mul_mul_2371_47_cdnfadd23/CO -       CI->CO F     ADDFX1         1  2.4    18    39    1571    (-,-) 
  picorv32_core_genblk1.pcpi_mul_mul_2371_47_cdnfadd24/CO -       CI->CO F     ADDFX1         1  2.4    18    39    1610    (-,-) 
  picorv32_core_genblk1.pcpi_mul_mul_2371_47_cdnfadd25/CO -       CI->CO F     ADDFX1         1  2.4    18    39    1648    (-,-) 
  picorv32_core_genblk1.pcpi_mul_mul_2371_47_cdnfadd26/CO -       CI->CO F     ADDFX1         1  2.4    18    39    1687    (-,-) 
  picorv32_core_genblk1.pcpi_mul_mul_2371_47_cdnfadd27/CO -       CI->CO F     ADDFX1         1  2.4    18    39    1726    (-,-) 
  picorv32_core_genblk1.pcpi_mul_mul_2371_47_cdnfadd28/CO -       CI->CO F     ADDFX1         1  2.4    18    39    1764    (-,-) 
  picorv32_core_genblk1.pcpi_mul_mul_2371_47_cdnfadd29/CO -       CI->CO F     ADDFX1         1  2.4    18    39    1803    (-,-) 
  picorv32_core_genblk1.pcpi_mul_mul_2371_47_cdnfadd30/CO -       CI->CO F     ADDFX1         1  2.4    18    39    1842    (-,-) 
  picorv32_core_genblk1.pcpi_mul_mul_2371_47_cdnfadd31/CO -       CI->CO F     ADDFX1         1  2.4    18    39    1881    (-,-) 
  picorv32_core_genblk1.pcpi_mul_mul_2371_47_cdnfadd32/CO -       CI->CO F     ADDFX1         1  2.4    18    39    1919    (-,-) 
  picorv32_core_genblk1.pcpi_mul_mul_2371_47_cdnfadd33/CO -       CI->CO F     ADDFX1         1  2.4    18    39    1958    (-,-) 
  picorv32_core_genblk1.pcpi_mul_mul_2371_47_cdnfadd34/CO -       CI->CO F     ADDFX1         1  2.4    18    39    1997    (-,-) 
  picorv32_core_genblk1.pcpi_mul_mul_2371_47_cdnfadd35/CO -       CI->CO F     ADDFX1         1  2.4    18    39    2035    (-,-) 
  picorv32_core_genblk1.pcpi_mul_mul_2371_47_cdnfadd36/CO -       CI->CO F     ADDFX1         1  2.4    18    39    2074    (-,-) 
  picorv32_core_genblk1.pcpi_mul_mul_2371_47_cdnfadd37/CO -       CI->CO F     ADDFX1         1  2.4    18    39    2113    (-,-) 
  picorv32_core_genblk1.pcpi_mul_mul_2371_47_cdnfadd38/CO -       CI->CO F     ADDFX1         1  2.4    18    39    2152    (-,-) 
  picorv32_core_genblk1.pcpi_mul_mul_2371_47_cdnfadd39/CO -       CI->CO F     ADDFX1         1  2.4    18    39    2190    (-,-) 
  picorv32_core_genblk1.pcpi_mul_mul_2371_47_cdnfadd40/CO -       CI->CO F     ADDFX1         1  2.4    18    39    2229    (-,-) 
  picorv32_core_genblk1.pcpi_mul_mul_2371_47_cdnfadd41/CO -       CI->CO F     ADDFX1         1  2.4    18    39    2268    (-,-) 
  picorv32_core_genblk1.pcpi_mul_mul_2371_47_cdnfadd42/CO -       CI->CO F     ADDFX1         1  2.4    18    39    2306    (-,-) 
  picorv32_core_genblk1.pcpi_mul_mul_2371_47_cdnfadd43/CO -       CI->CO F     ADDFX1         1  2.4    18    39    2345    (-,-) 
  picorv32_core_genblk1.pcpi_mul_mul_2371_47_cdnfadd44/CO -       CI->CO F     ADDFX1         1  2.4    18    39    2384    (-,-) 
  picorv32_core_genblk1.pcpi_mul_mul_2371_47_cdnfadd45/CO -       CI->CO F     ADDFX1         1  2.4    18    39    2422    (-,-) 
  picorv32_core_genblk1.pcpi_mul_mul_2371_47_cdnfadd46/CO -       CI->CO F     ADDFX1         1  2.4    18    39    2461    (-,-) 
  picorv32_core_genblk1.pcpi_mul_mul_2371_47_cdnfadd47/CO -       CI->CO F     ADDFX1         1  2.4    18    39    2500    (-,-) 
  picorv32_core_genblk1.pcpi_mul_mul_2371_47_cdnfadd48/CO -       CI->CO F     ADDFX1         1  2.4    18    39    2538    (-,-) 
  picorv32_core_genblk1.pcpi_mul_mul_2371_47_cdnfadd49/CO -       CI->CO F     ADDFX1         1  2.4    18    39    2577    (-,-) 
  picorv32_core_genblk1.pcpi_mul_mul_2371_47_cdnfadd50/CO -       CI->CO F     ADDFX1         1  2.4    18    39    2616    (-,-) 
  picorv32_core_genblk1.pcpi_mul_mul_2371_47_cdnfadd51/CO -       CI->CO F     ADDFX1         1  2.4    18    39    2655    (-,-) 
  picorv32_core_genblk1.pcpi_mul_mul_2371_47_cdnfadd52/CO -       CI->CO F     ADDFX1         1  2.4    18    39    2693    (-,-) 
  picorv32_core_genblk1.pcpi_mul_mul_2371_47_cdnfadd53/CO -       CI->CO F     ADDFX1         1  2.4    18    39    2732    (-,-) 
  picorv32_core_genblk1.pcpi_mul_mul_2371_47_cdnfadd54/CO -       CI->CO F     ADDFX1         1  2.4    18    39    2771    (-,-) 
  picorv32_core_genblk1.pcpi_mul_mul_2371_47_cdnfadd55/CO -       CI->CO F     ADDFX1         1  2.4    18    39    2809    (-,-) 
  picorv32_core_genblk1.pcpi_mul_mul_2371_47_cdnfadd56/CO -       CI->CO F     ADDFX1         1  2.4    18    39    2848    (-,-) 
  picorv32_core_genblk1.pcpi_mul_mul_2371_47_cdnfadd57/CO -       CI->CO F     ADDFX1         1  2.4    18    39    2887    (-,-) 
  picorv32_core_genblk1.pcpi_mul_mul_2371_47_cdnfadd58/CO -       CI->CO F     ADDFX1         1  2.4    18    39    2926    (-,-) 
  picorv32_core_genblk1.pcpi_mul_mul_2371_47_cdnfadd59/CO -       CI->CO F     ADDFX1         1  2.4    18    39    2964    (-,-) 
  picorv32_core_genblk1.pcpi_mul_mul_2371_47_cdnfadd60/CO -       CI->CO F     ADDFX1         1  2.4    18    39    3003    (-,-) 
  picorv32_core_genblk1.pcpi_mul_mul_2371_47_cdnfadd61/CO -       CI->CO F     ADDFX1         1  2.4    18    39    3042    (-,-) 
  picorv32_core_genblk1.pcpi_mul_mul_2371_47_cdnfadd62/CO -       CI->CO F     ADDFX1         1  2.4    18    39    3080    (-,-) 
  picorv32_core_genblk1.pcpi_mul_mul_2371_47_g14137/S     -       CI->S  R     ADDFX1         1  2.0    16    53    3133    (-,-) 
  picorv32_core_genblk1.pcpi_mul_rd_reg[63]/D             <<<     -      R     DFFHQX1        1    -     -     0    3133    (-,-) 
#---------------------------------------------------------------------------------------------------------------------------------

