###############################################################
#  Generated by:      Cadence Innovus 21.35-s114_1
#  OS:                Linux x86_64(Host ID cn88.it.auth.gr)
#  Generated on:      Thu Jan  8 22:35:01 2026
#  Design:            picorv32_pads
#  Command:           checkDesign -all
###############################################################

#########################################################
### IO instance overlapping with  other IO instance>
### (Using {} to escape special chars in IO Inst names)
set pchkIoOverlapList [list \
	{corner_ur} \
	{corner_ul} \
	{corner_lr} \
	{corner_ll} \
	]

## Summary: 
#########################################################
## Number of Placed Instances = 11251
## Number of Unplaced Instances = 0
## Placement Density:0.07%(41766/59903420)
## Placement Density (including fixed std cells):0.07%(41766/59903420)
