###############################################################
#  Generated by:      Cadence Innovus 21.35-s114_1
#  OS:                Linux x86_64(Host ID cn88.it.auth.gr)
#  Generated on:      Thu Jan  8 22:35:02 2026
#  Design:            picorv32_pads
#  Command:           checkDesign -all
###############################################################
Design: picorv32_pads

------ Design Summary:
Total Standard Cell Number   (cells) : 11251
Total Block Cell Number      (cells) : 0
Total I/O Pad Cell Number    (cells) : 517
Total Standard Cell Area     ( um^2) : 41766.41
Total Block Cell Area        ( um^2) : 0.00
Total I/O Pad Cell Area      ( um^2) : 7617600.00

------ Design Statistics:

Number of Instances            : 11768
Number of Non-uniquified Insts : 11745
Number of Nets                 : 12999
Average number of Pins per Net : 3.45
Maximum number of Pins in Net  : 2400

------ I/O Port summary

Number of Primary I/O Ports    : 515
Number of Input Ports          : 137
Number of Output Ports         : 378
Number of Bidirectional Ports  : 0
Number of Power/Ground Ports   : 2



------------------------------------------------------------
Detail report:


------ I/O Pad/Port Checking

WARN : Port VSS connects to multiple pad instances in the top design.

