###############################################################
#  Generated by:      Cadence Innovus 21.35-s114_1
#  OS:                Linux x86_64(Host ID cn88.it.auth.gr)
#  Generated on:      Sun Nov 30 18:19:49 2025
#  Design:            picorv32_wb
#  Command:           report_timing -path_group in2reg -check_type hold -max_paths 50 > reports/postCTS/in2reg_hold.rpt
###############################################################
Path 1: MET Hold Check with Pin mem_rdata_reg[19]/CK 
Endpoint:   mem_rdata_reg[19]/D (v) checked with  leading edge of 'clk'
Beginpoint: wbm_dat_i[19]       (v) triggered by  leading edge of 'clk'
Path Groups: {in2reg}
Analysis View: analysis1
Other End Arrival Time         -0.005
+ Hold                         -0.000
+ Phase Shift                   0.000
+ Uncertainty                   0.020
= Required Time                 0.015
  Arrival Time                  0.253
  Slack Time                    0.238
     Clock Rise Edge                      0.000
     + Input Delay                        0.250
     + Drive Adjustment                   0.003
     = Beginpoint Arrival Time            0.253
     +---------------------------------------------------------------------------+ 
     |     Instance      |       Arc       |  Cell  | Delay | Arrival | Required | 
     |                   |                 |        |       |  Time   |   Time   | 
     |-------------------+-----------------+--------+-------+---------+----------| 
     |                   | wbm_dat_i[19] v |        |       |   0.253 |    0.015 | 
     | mem_rdata_reg[19] | D v             | DFFQXL | 0.000 |   0.253 |    0.015 | 
     +---------------------------------------------------------------------------+ 
Path 2: MET Hold Check with Pin mem_rdata_reg[27]/CK 
Endpoint:   mem_rdata_reg[27]/D (v) checked with  leading edge of 'clk'
Beginpoint: wbm_dat_i[27]       (v) triggered by  leading edge of 'clk'
Path Groups: {in2reg}
Analysis View: analysis1
Other End Arrival Time         -0.005
+ Hold                         -0.000
+ Phase Shift                   0.000
+ Uncertainty                   0.020
= Required Time                 0.015
  Arrival Time                  0.253
  Slack Time                    0.238
     Clock Rise Edge                      0.000
     + Input Delay                        0.250
     + Drive Adjustment                   0.003
     = Beginpoint Arrival Time            0.253
     +---------------------------------------------------------------------------+ 
     |     Instance      |       Arc       |  Cell  | Delay | Arrival | Required | 
     |                   |                 |        |       |  Time   |   Time   | 
     |-------------------+-----------------+--------+-------+---------+----------| 
     |                   | wbm_dat_i[27] v |        |       |   0.253 |    0.015 | 
     | mem_rdata_reg[27] | D v             | DFFQXL | 0.000 |   0.253 |    0.015 | 
     +---------------------------------------------------------------------------+ 
Path 3: MET Hold Check with Pin mem_rdata_reg[29]/CK 
Endpoint:   mem_rdata_reg[29]/D (v) checked with  leading edge of 'clk'
Beginpoint: wbm_dat_i[29]       (v) triggered by  leading edge of 'clk'
Path Groups: {in2reg}
Analysis View: analysis1
Other End Arrival Time         -0.005
+ Hold                         -0.000
+ Phase Shift                   0.000
+ Uncertainty                   0.020
= Required Time                 0.015
  Arrival Time                  0.253
  Slack Time                    0.238
     Clock Rise Edge                      0.000
     + Input Delay                        0.250
     + Drive Adjustment                   0.003
     = Beginpoint Arrival Time            0.253
     +---------------------------------------------------------------------------+ 
     |     Instance      |       Arc       |  Cell  | Delay | Arrival | Required | 
     |                   |                 |        |       |  Time   |   Time   | 
     |-------------------+-----------------+--------+-------+---------+----------| 
     |                   | wbm_dat_i[29] v |        |       |   0.253 |    0.015 | 
     | mem_rdata_reg[29] | D v             | DFFQXL | 0.000 |   0.253 |    0.015 | 
     +---------------------------------------------------------------------------+ 
Path 4: MET Hold Check with Pin mem_rdata_reg[24]/CK 
Endpoint:   mem_rdata_reg[24]/D (v) checked with  leading edge of 'clk'
Beginpoint: wbm_dat_i[24]       (v) triggered by  leading edge of 'clk'
Path Groups: {in2reg}
Analysis View: analysis1
Other End Arrival Time         -0.005
+ Hold                         -0.000
+ Phase Shift                   0.000
+ Uncertainty                   0.020
= Required Time                 0.014
  Arrival Time                  0.253
  Slack Time                    0.238
     Clock Rise Edge                      0.000
     + Input Delay                        0.250
     + Drive Adjustment                   0.003
     = Beginpoint Arrival Time            0.253
     +---------------------------------------------------------------------------+ 
     |     Instance      |       Arc       |  Cell  | Delay | Arrival | Required | 
     |                   |                 |        |       |  Time   |   Time   | 
     |-------------------+-----------------+--------+-------+---------+----------| 
     |                   | wbm_dat_i[24] v |        |       |   0.253 |    0.014 | 
     | mem_rdata_reg[24] | D v             | DFFQXL | 0.000 |   0.253 |    0.014 | 
     +---------------------------------------------------------------------------+ 
Path 5: MET Hold Check with Pin mem_rdata_reg[26]/CK 
Endpoint:   mem_rdata_reg[26]/D (v) checked with  leading edge of 'clk'
Beginpoint: wbm_dat_i[26]       (v) triggered by  leading edge of 'clk'
Path Groups: {in2reg}
Analysis View: analysis1
Other End Arrival Time         -0.005
+ Hold                         -0.000
+ Phase Shift                   0.000
+ Uncertainty                   0.020
= Required Time                 0.014
  Arrival Time                  0.253
  Slack Time                    0.238
     Clock Rise Edge                      0.000
     + Input Delay                        0.250
     + Drive Adjustment                   0.003
     = Beginpoint Arrival Time            0.253
     +---------------------------------------------------------------------------+ 
     |     Instance      |       Arc       |  Cell  | Delay | Arrival | Required | 
     |                   |                 |        |       |  Time   |   Time   | 
     |-------------------+-----------------+--------+-------+---------+----------| 
     |                   | wbm_dat_i[26] v |        |       |   0.253 |    0.014 | 
     | mem_rdata_reg[26] | D v             | DFFQXL | 0.000 |   0.253 |    0.014 | 
     +---------------------------------------------------------------------------+ 
Path 6: MET Hold Check with Pin mem_rdata_reg[17]/CK 
Endpoint:   mem_rdata_reg[17]/D (v) checked with  leading edge of 'clk'
Beginpoint: wbm_dat_i[17]       (v) triggered by  leading edge of 'clk'
Path Groups: {in2reg}
Analysis View: analysis1
Other End Arrival Time         -0.005
+ Hold                         -0.000
+ Phase Shift                   0.000
+ Uncertainty                   0.020
= Required Time                 0.014
  Arrival Time                  0.253
  Slack Time                    0.238
     Clock Rise Edge                      0.000
     + Input Delay                        0.250
     + Drive Adjustment                   0.003
     = Beginpoint Arrival Time            0.253
     +---------------------------------------------------------------------------+ 
     |     Instance      |       Arc       |  Cell  | Delay | Arrival | Required | 
     |                   |                 |        |       |  Time   |   Time   | 
     |-------------------+-----------------+--------+-------+---------+----------| 
     |                   | wbm_dat_i[17] v |        |       |   0.253 |    0.014 | 
     | mem_rdata_reg[17] | D v             | DFFQXL | 0.000 |   0.253 |    0.014 | 
     +---------------------------------------------------------------------------+ 
Path 7: MET Hold Check with Pin mem_rdata_reg[21]/CK 
Endpoint:   mem_rdata_reg[21]/D (v) checked with  leading edge of 'clk'
Beginpoint: wbm_dat_i[21]       (v) triggered by  leading edge of 'clk'
Path Groups: {in2reg}
Analysis View: analysis1
Other End Arrival Time         -0.005
+ Hold                         -0.000
+ Phase Shift                   0.000
+ Uncertainty                   0.020
= Required Time                 0.014
  Arrival Time                  0.253
  Slack Time                    0.238
     Clock Rise Edge                      0.000
     + Input Delay                        0.250
     + Drive Adjustment                   0.003
     = Beginpoint Arrival Time            0.253
     +---------------------------------------------------------------------------+ 
     |     Instance      |       Arc       |  Cell  | Delay | Arrival | Required | 
     |                   |                 |        |       |  Time   |   Time   | 
     |-------------------+-----------------+--------+-------+---------+----------| 
     |                   | wbm_dat_i[21] v |        |       |   0.253 |    0.014 | 
     | mem_rdata_reg[21] | D v             | DFFQXL | 0.000 |   0.253 |    0.014 | 
     +---------------------------------------------------------------------------+ 
Path 8: MET Hold Check with Pin mem_rdata_reg[22]/CK 
Endpoint:   mem_rdata_reg[22]/D (v) checked with  leading edge of 'clk'
Beginpoint: wbm_dat_i[22]       (v) triggered by  leading edge of 'clk'
Path Groups: {in2reg}
Analysis View: analysis1
Other End Arrival Time         -0.005
+ Hold                         -0.000
+ Phase Shift                   0.000
+ Uncertainty                   0.020
= Required Time                 0.014
  Arrival Time                  0.253
  Slack Time                    0.238
     Clock Rise Edge                      0.000
     + Input Delay                        0.250
     + Drive Adjustment                   0.003
     = Beginpoint Arrival Time            0.253
     +---------------------------------------------------------------------------+ 
     |     Instance      |       Arc       |  Cell  | Delay | Arrival | Required | 
     |                   |                 |        |       |  Time   |   Time   | 
     |-------------------+-----------------+--------+-------+---------+----------| 
     |                   | wbm_dat_i[22] v |        |       |   0.253 |    0.014 | 
     | mem_rdata_reg[22] | D v             | DFFQXL | 0.000 |   0.253 |    0.014 | 
     +---------------------------------------------------------------------------+ 
Path 9: MET Hold Check with Pin mem_rdata_reg[10]/CK 
Endpoint:   mem_rdata_reg[10]/D (v) checked with  leading edge of 'clk'
Beginpoint: wbm_dat_i[10]       (v) triggered by  leading edge of 'clk'
Path Groups: {in2reg}
Analysis View: analysis1
Other End Arrival Time         -0.005
+ Hold                         -0.000
+ Phase Shift                   0.000
+ Uncertainty                   0.020
= Required Time                 0.014
  Arrival Time                  0.253
  Slack Time                    0.238
     Clock Rise Edge                      0.000
     + Input Delay                        0.250
     + Drive Adjustment                   0.003
     = Beginpoint Arrival Time            0.253
     +---------------------------------------------------------------------------+ 
     |     Instance      |       Arc       |  Cell  | Delay | Arrival | Required | 
     |                   |                 |        |       |  Time   |   Time   | 
     |-------------------+-----------------+--------+-------+---------+----------| 
     |                   | wbm_dat_i[10] v |        |       |   0.253 |    0.014 | 
     | mem_rdata_reg[10] | D v             | DFFQXL | 0.000 |   0.253 |    0.014 | 
     +---------------------------------------------------------------------------+ 
Path 10: MET Hold Check with Pin mem_rdata_reg[25]/CK 
Endpoint:   mem_rdata_reg[25]/D (v) checked with  leading edge of 'clk'
Beginpoint: wbm_dat_i[25]       (v) triggered by  leading edge of 'clk'
Path Groups: {in2reg}
Analysis View: analysis1
Other End Arrival Time         -0.005
+ Hold                         -0.000
+ Phase Shift                   0.000
+ Uncertainty                   0.020
= Required Time                 0.014
  Arrival Time                  0.253
  Slack Time                    0.239
     Clock Rise Edge                      0.000
     + Input Delay                        0.250
     + Drive Adjustment                   0.003
     = Beginpoint Arrival Time            0.253
     +---------------------------------------------------------------------------+ 
     |     Instance      |       Arc       |  Cell  | Delay | Arrival | Required | 
     |                   |                 |        |       |  Time   |   Time   | 
     |-------------------+-----------------+--------+-------+---------+----------| 
     |                   | wbm_dat_i[25] v |        |       |   0.253 |    0.014 | 
     | mem_rdata_reg[25] | D v             | DFFQXL | 0.000 |   0.253 |    0.014 | 
     +---------------------------------------------------------------------------+ 
Path 11: MET Hold Check with Pin mem_rdata_reg[28]/CK 
Endpoint:   mem_rdata_reg[28]/D (v) checked with  leading edge of 'clk'
Beginpoint: wbm_dat_i[28]       (v) triggered by  leading edge of 'clk'
Path Groups: {in2reg}
Analysis View: analysis1
Other End Arrival Time         -0.005
+ Hold                         -0.000
+ Phase Shift                   0.000
+ Uncertainty                   0.020
= Required Time                 0.014
  Arrival Time                  0.253
  Slack Time                    0.239
     Clock Rise Edge                      0.000
     + Input Delay                        0.250
     + Drive Adjustment                   0.003
     = Beginpoint Arrival Time            0.253
     +---------------------------------------------------------------------------+ 
     |     Instance      |       Arc       |  Cell  | Delay | Arrival | Required | 
     |                   |                 |        |       |  Time   |   Time   | 
     |-------------------+-----------------+--------+-------+---------+----------| 
     |                   | wbm_dat_i[28] v |        |       |   0.253 |    0.014 | 
     | mem_rdata_reg[28] | D v             | DFFQXL | 0.000 |   0.253 |    0.014 | 
     +---------------------------------------------------------------------------+ 
Path 12: MET Hold Check with Pin mem_rdata_reg[9]/CK 
Endpoint:   mem_rdata_reg[9]/D (v) checked with  leading edge of 'clk'
Beginpoint: wbm_dat_i[9]       (v) triggered by  leading edge of 'clk'
Path Groups: {in2reg}
Analysis View: analysis1
Other End Arrival Time         -0.006
+ Hold                         -0.000
+ Phase Shift                   0.000
+ Uncertainty                   0.020
= Required Time                 0.014
  Arrival Time                  0.253
  Slack Time                    0.239
     Clock Rise Edge                      0.000
     + Input Delay                        0.250
     + Drive Adjustment                   0.003
     = Beginpoint Arrival Time            0.253
     +-------------------------------------------------------------------------+ 
     |     Instance     |      Arc       |  Cell  | Delay | Arrival | Required | 
     |                  |                |        |       |  Time   |   Time   | 
     |------------------+----------------+--------+-------+---------+----------| 
     |                  | wbm_dat_i[9] v |        |       |   0.253 |    0.014 | 
     | mem_rdata_reg[9] | D v            | DFFQXL | 0.000 |   0.253 |    0.014 | 
     +-------------------------------------------------------------------------+ 
Path 13: MET Hold Check with Pin mem_rdata_reg[30]/CK 
Endpoint:   mem_rdata_reg[30]/D (v) checked with  leading edge of 'clk'
Beginpoint: wbm_dat_i[30]       (v) triggered by  leading edge of 'clk'
Path Groups: {in2reg}
Analysis View: analysis1
Other End Arrival Time         -0.005
+ Hold                         -0.000
+ Phase Shift                   0.000
+ Uncertainty                   0.020
= Required Time                 0.014
  Arrival Time                  0.253
  Slack Time                    0.239
     Clock Rise Edge                      0.000
     + Input Delay                        0.250
     + Drive Adjustment                   0.003
     = Beginpoint Arrival Time            0.253
     +---------------------------------------------------------------------------+ 
     |     Instance      |       Arc       |  Cell  | Delay | Arrival | Required | 
     |                   |                 |        |       |  Time   |   Time   | 
     |-------------------+-----------------+--------+-------+---------+----------| 
     |                   | wbm_dat_i[30] v |        |       |   0.253 |    0.014 | 
     | mem_rdata_reg[30] | D v             | DFFQXL | 0.000 |   0.253 |    0.014 | 
     +---------------------------------------------------------------------------+ 
Path 14: MET Hold Check with Pin mem_rdata_reg[31]/CK 
Endpoint:   mem_rdata_reg[31]/D (v) checked with  leading edge of 'clk'
Beginpoint: wbm_dat_i[31]       (v) triggered by  leading edge of 'clk'
Path Groups: {in2reg}
Analysis View: analysis1
Other End Arrival Time         -0.006
+ Hold                         -0.000
+ Phase Shift                   0.000
+ Uncertainty                   0.020
= Required Time                 0.014
  Arrival Time                  0.253
  Slack Time                    0.239
     Clock Rise Edge                      0.000
     + Input Delay                        0.250
     + Drive Adjustment                   0.003
     = Beginpoint Arrival Time            0.253
     +---------------------------------------------------------------------------+ 
     |     Instance      |       Arc       |  Cell  | Delay | Arrival | Required | 
     |                   |                 |        |       |  Time   |   Time   | 
     |-------------------+-----------------+--------+-------+---------+----------| 
     |                   | wbm_dat_i[31] v |        |       |   0.253 |    0.014 | 
     | mem_rdata_reg[31] | D v             | DFFQXL | 0.000 |   0.253 |    0.014 | 
     +---------------------------------------------------------------------------+ 
Path 15: MET Hold Check with Pin mem_rdata_reg[16]/CK 
Endpoint:   mem_rdata_reg[16]/D (v) checked with  leading edge of 'clk'
Beginpoint: wbm_dat_i[16]       (v) triggered by  leading edge of 'clk'
Path Groups: {in2reg}
Analysis View: analysis1
Other End Arrival Time         -0.005
+ Hold                         -0.000
+ Phase Shift                   0.000
+ Uncertainty                   0.020
= Required Time                 0.014
  Arrival Time                  0.253
  Slack Time                    0.239
     Clock Rise Edge                      0.000
     + Input Delay                        0.250
     + Drive Adjustment                   0.003
     = Beginpoint Arrival Time            0.253
     +---------------------------------------------------------------------------+ 
     |     Instance      |       Arc       |  Cell  | Delay | Arrival | Required | 
     |                   |                 |        |       |  Time   |   Time   | 
     |-------------------+-----------------+--------+-------+---------+----------| 
     |                   | wbm_dat_i[16] v |        |       |   0.253 |    0.014 | 
     | mem_rdata_reg[16] | D v             | DFFQXL | 0.000 |   0.253 |    0.014 | 
     +---------------------------------------------------------------------------+ 
Path 16: MET Hold Check with Pin mem_rdata_reg[18]/CK 
Endpoint:   mem_rdata_reg[18]/D (v) checked with  leading edge of 'clk'
Beginpoint: wbm_dat_i[18]       (v) triggered by  leading edge of 'clk'
Path Groups: {in2reg}
Analysis View: analysis1
Other End Arrival Time         -0.005
+ Hold                         -0.000
+ Phase Shift                   0.000
+ Uncertainty                   0.020
= Required Time                 0.014
  Arrival Time                  0.253
  Slack Time                    0.239
     Clock Rise Edge                      0.000
     + Input Delay                        0.250
     + Drive Adjustment                   0.003
     = Beginpoint Arrival Time            0.253
     +---------------------------------------------------------------------------+ 
     |     Instance      |       Arc       |  Cell  | Delay | Arrival | Required | 
     |                   |                 |        |       |  Time   |   Time   | 
     |-------------------+-----------------+--------+-------+---------+----------| 
     |                   | wbm_dat_i[18] v |        |       |   0.253 |    0.014 | 
     | mem_rdata_reg[18] | D v             | DFFQXL | 0.000 |   0.253 |    0.014 | 
     +---------------------------------------------------------------------------+ 
Path 17: MET Hold Check with Pin mem_rdata_reg[8]/CK 
Endpoint:   mem_rdata_reg[8]/D (v) checked with  leading edge of 'clk'
Beginpoint: wbm_dat_i[8]       (v) triggered by  leading edge of 'clk'
Path Groups: {in2reg}
Analysis View: analysis1
Other End Arrival Time         -0.006
+ Hold                         -0.000
+ Phase Shift                   0.000
+ Uncertainty                   0.020
= Required Time                 0.014
  Arrival Time                  0.253
  Slack Time                    0.239
     Clock Rise Edge                      0.000
     + Input Delay                        0.250
     + Drive Adjustment                   0.003
     = Beginpoint Arrival Time            0.253
     +-------------------------------------------------------------------------+ 
     |     Instance     |      Arc       |  Cell  | Delay | Arrival | Required | 
     |                  |                |        |       |  Time   |   Time   | 
     |------------------+----------------+--------+-------+---------+----------| 
     |                  | wbm_dat_i[8] v |        |       |   0.253 |    0.014 | 
     | mem_rdata_reg[8] | D v            | DFFQXL | 0.000 |   0.253 |    0.014 | 
     +-------------------------------------------------------------------------+ 
Path 18: MET Hold Check with Pin mem_rdata_reg[11]/CK 
Endpoint:   mem_rdata_reg[11]/D (v) checked with  leading edge of 'clk'
Beginpoint: wbm_dat_i[11]       (v) triggered by  leading edge of 'clk'
Path Groups: {in2reg}
Analysis View: analysis1
Other End Arrival Time         -0.006
+ Hold                         -0.000
+ Phase Shift                   0.000
+ Uncertainty                   0.020
= Required Time                 0.014
  Arrival Time                  0.253
  Slack Time                    0.239
     Clock Rise Edge                      0.000
     + Input Delay                        0.250
     + Drive Adjustment                   0.003
     = Beginpoint Arrival Time            0.253
     +---------------------------------------------------------------------------+ 
     |     Instance      |       Arc       |  Cell  | Delay | Arrival | Required | 
     |                   |                 |        |       |  Time   |   Time   | 
     |-------------------+-----------------+--------+-------+---------+----------| 
     |                   | wbm_dat_i[11] v |        |       |   0.253 |    0.014 | 
     | mem_rdata_reg[11] | D v             | DFFQXL | 0.000 |   0.253 |    0.014 | 
     +---------------------------------------------------------------------------+ 
Path 19: MET Hold Check with Pin mem_rdata_reg[14]/CK 
Endpoint:   mem_rdata_reg[14]/D (v) checked with  leading edge of 'clk'
Beginpoint: wbm_dat_i[14]       (v) triggered by  leading edge of 'clk'
Path Groups: {in2reg}
Analysis View: analysis1
Other End Arrival Time         -0.006
+ Hold                         -0.000
+ Phase Shift                   0.000
+ Uncertainty                   0.020
= Required Time                 0.014
  Arrival Time                  0.253
  Slack Time                    0.239
     Clock Rise Edge                      0.000
     + Input Delay                        0.250
     + Drive Adjustment                   0.003
     = Beginpoint Arrival Time            0.253
     +---------------------------------------------------------------------------+ 
     |     Instance      |       Arc       |  Cell  | Delay | Arrival | Required | 
     |                   |                 |        |       |  Time   |   Time   | 
     |-------------------+-----------------+--------+-------+---------+----------| 
     |                   | wbm_dat_i[14] v |        |       |   0.253 |    0.014 | 
     | mem_rdata_reg[14] | D v             | DFFQXL | 0.000 |   0.253 |    0.014 | 
     +---------------------------------------------------------------------------+ 
Path 20: MET Hold Check with Pin mem_rdata_reg[7]/CK 
Endpoint:   mem_rdata_reg[7]/D (v) checked with  leading edge of 'clk'
Beginpoint: wbm_dat_i[7]       (v) triggered by  leading edge of 'clk'
Path Groups: {in2reg}
Analysis View: analysis1
Other End Arrival Time         -0.006
+ Hold                         -0.000
+ Phase Shift                   0.000
+ Uncertainty                   0.020
= Required Time                 0.014
  Arrival Time                  0.253
  Slack Time                    0.239
     Clock Rise Edge                      0.000
     + Input Delay                        0.250
     + Drive Adjustment                   0.003
     = Beginpoint Arrival Time            0.253
     +-------------------------------------------------------------------------+ 
     |     Instance     |      Arc       |  Cell  | Delay | Arrival | Required | 
     |                  |                |        |       |  Time   |   Time   | 
     |------------------+----------------+--------+-------+---------+----------| 
     |                  | wbm_dat_i[7] v |        |       |   0.253 |    0.014 | 
     | mem_rdata_reg[7] | D v            | DFFQXL | 0.000 |   0.253 |    0.014 | 
     +-------------------------------------------------------------------------+ 
Path 21: MET Hold Check with Pin mem_rdata_reg[15]/CK 
Endpoint:   mem_rdata_reg[15]/D (v) checked with  leading edge of 'clk'
Beginpoint: wbm_dat_i[15]       (v) triggered by  leading edge of 'clk'
Path Groups: {in2reg}
Analysis View: analysis1
Other End Arrival Time         -0.006
+ Hold                         -0.000
+ Phase Shift                   0.000
+ Uncertainty                   0.020
= Required Time                 0.014
  Arrival Time                  0.253
  Slack Time                    0.239
     Clock Rise Edge                      0.000
     + Input Delay                        0.250
     + Drive Adjustment                   0.003
     = Beginpoint Arrival Time            0.253
     +---------------------------------------------------------------------------+ 
     |     Instance      |       Arc       |  Cell  | Delay | Arrival | Required | 
     |                   |                 |        |       |  Time   |   Time   | 
     |-------------------+-----------------+--------+-------+---------+----------| 
     |                   | wbm_dat_i[15] v |        |       |   0.253 |    0.014 | 
     | mem_rdata_reg[15] | D v             | DFFQXL | 0.000 |   0.253 |    0.014 | 
     +---------------------------------------------------------------------------+ 
Path 22: MET Hold Check with Pin mem_rdata_reg[23]/CK 
Endpoint:   mem_rdata_reg[23]/D (v) checked with  leading edge of 'clk'
Beginpoint: wbm_dat_i[23]       (v) triggered by  leading edge of 'clk'
Path Groups: {in2reg}
Analysis View: analysis1
Other End Arrival Time         -0.005
+ Hold                         -0.000
+ Phase Shift                   0.000
+ Uncertainty                   0.020
= Required Time                 0.014
  Arrival Time                  0.253
  Slack Time                    0.239
     Clock Rise Edge                      0.000
     + Input Delay                        0.250
     + Drive Adjustment                   0.003
     = Beginpoint Arrival Time            0.253
     +---------------------------------------------------------------------------+ 
     |     Instance      |       Arc       |  Cell  | Delay | Arrival | Required | 
     |                   |                 |        |       |  Time   |   Time   | 
     |-------------------+-----------------+--------+-------+---------+----------| 
     |                   | wbm_dat_i[23] v |        |       |   0.253 |    0.014 | 
     | mem_rdata_reg[23] | D v             | DFFQXL | 0.000 |   0.253 |    0.014 | 
     +---------------------------------------------------------------------------+ 
Path 23: MET Hold Check with Pin mem_rdata_reg[6]/CK 
Endpoint:   mem_rdata_reg[6]/D (v) checked with  leading edge of 'clk'
Beginpoint: wbm_dat_i[6]       (v) triggered by  leading edge of 'clk'
Path Groups: {in2reg}
Analysis View: analysis1
Other End Arrival Time         -0.006
+ Hold                         -0.000
+ Phase Shift                   0.000
+ Uncertainty                   0.020
= Required Time                 0.014
  Arrival Time                  0.253
  Slack Time                    0.239
     Clock Rise Edge                      0.000
     + Input Delay                        0.250
     + Drive Adjustment                   0.003
     = Beginpoint Arrival Time            0.253
     +-------------------------------------------------------------------------+ 
     |     Instance     |      Arc       |  Cell  | Delay | Arrival | Required | 
     |                  |                |        |       |  Time   |   Time   | 
     |------------------+----------------+--------+-------+---------+----------| 
     |                  | wbm_dat_i[6] v |        |       |   0.253 |    0.014 | 
     | mem_rdata_reg[6] | D v            | DFFQXL | 0.000 |   0.253 |    0.014 | 
     +-------------------------------------------------------------------------+ 
Path 24: MET Hold Check with Pin mem_rdata_reg[12]/CK 
Endpoint:   mem_rdata_reg[12]/D (v) checked with  leading edge of 'clk'
Beginpoint: wbm_dat_i[12]       (v) triggered by  leading edge of 'clk'
Path Groups: {in2reg}
Analysis View: analysis1
Other End Arrival Time         -0.006
+ Hold                         -0.000
+ Phase Shift                   0.000
+ Uncertainty                   0.020
= Required Time                 0.014
  Arrival Time                  0.253
  Slack Time                    0.239
     Clock Rise Edge                      0.000
     + Input Delay                        0.250
     + Drive Adjustment                   0.003
     = Beginpoint Arrival Time            0.253
     +---------------------------------------------------------------------------+ 
     |     Instance      |       Arc       |  Cell  | Delay | Arrival | Required | 
     |                   |                 |        |       |  Time   |   Time   | 
     |-------------------+-----------------+--------+-------+---------+----------| 
     |                   | wbm_dat_i[12] v |        |       |   0.253 |    0.014 | 
     | mem_rdata_reg[12] | D v             | DFFQXL | 0.000 |   0.253 |    0.014 | 
     +---------------------------------------------------------------------------+ 
Path 25: MET Hold Check with Pin mem_rdata_reg[20]/CK 
Endpoint:   mem_rdata_reg[20]/D (v) checked with  leading edge of 'clk'
Beginpoint: wbm_dat_i[20]       (v) triggered by  leading edge of 'clk'
Path Groups: {in2reg}
Analysis View: analysis1
Other End Arrival Time         -0.005
+ Hold                         -0.000
+ Phase Shift                   0.000
+ Uncertainty                   0.020
= Required Time                 0.014
  Arrival Time                  0.253
  Slack Time                    0.239
     Clock Rise Edge                      0.000
     + Input Delay                        0.250
     + Drive Adjustment                   0.003
     = Beginpoint Arrival Time            0.253
     +---------------------------------------------------------------------------+ 
     |     Instance      |       Arc       |  Cell  | Delay | Arrival | Required | 
     |                   |                 |        |       |  Time   |   Time   | 
     |-------------------+-----------------+--------+-------+---------+----------| 
     |                   | wbm_dat_i[20] v |        |       |   0.253 |    0.014 | 
     | mem_rdata_reg[20] | D v             | DFFQXL | 0.000 |   0.253 |    0.014 | 
     +---------------------------------------------------------------------------+ 
Path 26: MET Hold Check with Pin mem_rdata_reg[2]/CK 
Endpoint:   mem_rdata_reg[2]/D (v) checked with  leading edge of 'clk'
Beginpoint: wbm_dat_i[2]       (v) triggered by  leading edge of 'clk'
Path Groups: {in2reg}
Analysis View: analysis1
Other End Arrival Time         -0.006
+ Hold                         -0.000
+ Phase Shift                   0.000
+ Uncertainty                   0.020
= Required Time                 0.014
  Arrival Time                  0.253
  Slack Time                    0.239
     Clock Rise Edge                      0.000
     + Input Delay                        0.250
     + Drive Adjustment                   0.003
     = Beginpoint Arrival Time            0.253
     +-------------------------------------------------------------------------+ 
     |     Instance     |      Arc       |  Cell  | Delay | Arrival | Required | 
     |                  |                |        |       |  Time   |   Time   | 
     |------------------+----------------+--------+-------+---------+----------| 
     |                  | wbm_dat_i[2] v |        |       |   0.253 |    0.014 | 
     | mem_rdata_reg[2] | D v            | DFFQXL | 0.000 |   0.253 |    0.014 | 
     +-------------------------------------------------------------------------+ 
Path 27: MET Hold Check with Pin mem_rdata_reg[4]/CK 
Endpoint:   mem_rdata_reg[4]/D (v) checked with  leading edge of 'clk'
Beginpoint: wbm_dat_i[4]       (v) triggered by  leading edge of 'clk'
Path Groups: {in2reg}
Analysis View: analysis1
Other End Arrival Time         -0.006
+ Hold                         -0.000
+ Phase Shift                   0.000
+ Uncertainty                   0.020
= Required Time                 0.014
  Arrival Time                  0.253
  Slack Time                    0.239
     Clock Rise Edge                      0.000
     + Input Delay                        0.250
     + Drive Adjustment                   0.003
     = Beginpoint Arrival Time            0.253
     +-------------------------------------------------------------------------+ 
     |     Instance     |      Arc       |  Cell  | Delay | Arrival | Required | 
     |                  |                |        |       |  Time   |   Time   | 
     |------------------+----------------+--------+-------+---------+----------| 
     |                  | wbm_dat_i[4] v |        |       |   0.253 |    0.014 | 
     | mem_rdata_reg[4] | D v            | DFFQXL | 0.000 |   0.253 |    0.014 | 
     +-------------------------------------------------------------------------+ 
Path 28: MET Hold Check with Pin mem_rdata_reg[5]/CK 
Endpoint:   mem_rdata_reg[5]/D (v) checked with  leading edge of 'clk'
Beginpoint: wbm_dat_i[5]       (v) triggered by  leading edge of 'clk'
Path Groups: {in2reg}
Analysis View: analysis1
Other End Arrival Time         -0.006
+ Hold                         -0.000
+ Phase Shift                   0.000
+ Uncertainty                   0.020
= Required Time                 0.014
  Arrival Time                  0.253
  Slack Time                    0.239
     Clock Rise Edge                      0.000
     + Input Delay                        0.250
     + Drive Adjustment                   0.003
     = Beginpoint Arrival Time            0.253
     +-------------------------------------------------------------------------+ 
     |     Instance     |      Arc       |  Cell  | Delay | Arrival | Required | 
     |                  |                |        |       |  Time   |   Time   | 
     |------------------+----------------+--------+-------+---------+----------| 
     |                  | wbm_dat_i[5] v |        |       |   0.253 |    0.014 | 
     | mem_rdata_reg[5] | D v            | DFFQXL | 0.000 |   0.253 |    0.014 | 
     +-------------------------------------------------------------------------+ 
Path 29: MET Hold Check with Pin mem_rdata_reg[1]/CK 
Endpoint:   mem_rdata_reg[1]/D (v) checked with  leading edge of 'clk'
Beginpoint: wbm_dat_i[1]       (v) triggered by  leading edge of 'clk'
Path Groups: {in2reg}
Analysis View: analysis1
Other End Arrival Time         -0.006
+ Hold                         -0.000
+ Phase Shift                   0.000
+ Uncertainty                   0.020
= Required Time                 0.014
  Arrival Time                  0.253
  Slack Time                    0.239
     Clock Rise Edge                      0.000
     + Input Delay                        0.250
     + Drive Adjustment                   0.003
     = Beginpoint Arrival Time            0.253
     +-------------------------------------------------------------------------+ 
     |     Instance     |      Arc       |  Cell  | Delay | Arrival | Required | 
     |                  |                |        |       |  Time   |   Time   | 
     |------------------+----------------+--------+-------+---------+----------| 
     |                  | wbm_dat_i[1] v |        |       |   0.253 |    0.014 | 
     | mem_rdata_reg[1] | D v            | DFFQXL | 0.000 |   0.253 |    0.014 | 
     +-------------------------------------------------------------------------+ 
Path 30: MET Hold Check with Pin mem_rdata_reg[13]/CK 
Endpoint:   mem_rdata_reg[13]/D (v) checked with  leading edge of 'clk'
Beginpoint: wbm_dat_i[13]       (v) triggered by  leading edge of 'clk'
Path Groups: {in2reg}
Analysis View: analysis1
Other End Arrival Time         -0.006
+ Hold                         -0.000
+ Phase Shift                   0.000
+ Uncertainty                   0.020
= Required Time                 0.014
  Arrival Time                  0.253
  Slack Time                    0.239
     Clock Rise Edge                      0.000
     + Input Delay                        0.250
     + Drive Adjustment                   0.003
     = Beginpoint Arrival Time            0.253
     +---------------------------------------------------------------------------+ 
     |     Instance      |       Arc       |  Cell  | Delay | Arrival | Required | 
     |                   |                 |        |       |  Time   |   Time   | 
     |-------------------+-----------------+--------+-------+---------+----------| 
     |                   | wbm_dat_i[13] v |        |       |   0.253 |    0.014 | 
     | mem_rdata_reg[13] | D v             | DFFQXL | 0.000 |   0.253 |    0.014 | 
     +---------------------------------------------------------------------------+ 
Path 31: MET Hold Check with Pin mem_rdata_reg[3]/CK 
Endpoint:   mem_rdata_reg[3]/D (v) checked with  leading edge of 'clk'
Beginpoint: wbm_dat_i[3]       (v) triggered by  leading edge of 'clk'
Path Groups: {in2reg}
Analysis View: analysis1
Other End Arrival Time         -0.006
+ Hold                         -0.000
+ Phase Shift                   0.000
+ Uncertainty                   0.020
= Required Time                 0.014
  Arrival Time                  0.253
  Slack Time                    0.239
     Clock Rise Edge                      0.000
     + Input Delay                        0.250
     + Drive Adjustment                   0.003
     = Beginpoint Arrival Time            0.253
     +-------------------------------------------------------------------------+ 
     |     Instance     |      Arc       |  Cell  | Delay | Arrival | Required | 
     |                  |                |        |       |  Time   |   Time   | 
     |------------------+----------------+--------+-------+---------+----------| 
     |                  | wbm_dat_i[3] v |        |       |   0.253 |    0.014 | 
     | mem_rdata_reg[3] | D v            | DFFQXL | 0.000 |   0.253 |    0.014 | 
     +-------------------------------------------------------------------------+ 
Path 32: MET Hold Check with Pin mem_rdata_reg[0]/CK 
Endpoint:   mem_rdata_reg[0]/D (v) checked with  leading edge of 'clk'
Beginpoint: wbm_dat_i[0]       (v) triggered by  leading edge of 'clk'
Path Groups: {in2reg}
Analysis View: analysis1
Other End Arrival Time         -0.006
+ Hold                         -0.000
+ Phase Shift                   0.000
+ Uncertainty                   0.020
= Required Time                 0.013
  Arrival Time                  0.253
  Slack Time                    0.240
     Clock Rise Edge                      0.000
     + Input Delay                        0.250
     + Drive Adjustment                   0.003
     = Beginpoint Arrival Time            0.253
     +-------------------------------------------------------------------------+ 
     |     Instance     |      Arc       |  Cell  | Delay | Arrival | Required | 
     |                  |                |        |       |  Time   |   Time   | 
     |------------------+----------------+--------+-------+---------+----------| 
     |                  | wbm_dat_i[0] v |        |       |   0.253 |    0.013 | 
     | mem_rdata_reg[0] | D v            | DFFQXL | 0.000 |   0.253 |    0.013 | 
     +-------------------------------------------------------------------------+ 
Path 33: MET Hold Check with Pin wbm_dat_o_reg[24]/CK 
Endpoint:   wbm_dat_o_reg[24]/D (v) checked with  leading edge of 'clk'
Beginpoint: wb_rst_i            (^) triggered by  leading edge of 'clk'
Path Groups: {in2reg}
Analysis View: analysis1
Other End Arrival Time          0.003
+ Hold                          0.003
+ Phase Shift                   0.000
+ Uncertainty                   0.020
= Required Time                 0.026
  Arrival Time                  0.284
  Slack Time                    0.258
     Clock Rise Edge                      0.000
     + Input Delay                        0.250
     + Drive Adjustment                   0.019
     = Beginpoint Arrival Time            0.269
     +-----------------------------------------------------------------------+ 
     |     Instance      |    Arc     |  Cell   | Delay | Arrival | Required | 
     |                   |            |         |       |  Time   |   Time   | 
     |-------------------+------------+---------+-------+---------+----------| 
     |                   | wb_rst_i ^ |         |       |   0.269 |    0.012 | 
     | g764__4733        | B ^ -> Y v | NOR2BX1 | 0.015 |   0.284 |    0.026 | 
     | wbm_dat_o_reg[24] | D v        | DFFHQX8 | 0.000 |   0.284 |    0.026 | 
     +-----------------------------------------------------------------------+ 
Path 34: MET Hold Check with Pin wbm_dat_o_reg[25]/CK 
Endpoint:   wbm_dat_o_reg[25]/D (v) checked with  leading edge of 'clk'
Beginpoint: wb_rst_i            (^) triggered by  leading edge of 'clk'
Path Groups: {in2reg}
Analysis View: analysis1
Other End Arrival Time          0.003
+ Hold                          0.003
+ Phase Shift                   0.000
+ Uncertainty                   0.020
= Required Time                 0.026
  Arrival Time                  0.284
  Slack Time                    0.258
     Clock Rise Edge                      0.000
     + Input Delay                        0.250
     + Drive Adjustment                   0.019
     = Beginpoint Arrival Time            0.269
     +-----------------------------------------------------------------------+ 
     |     Instance      |    Arc     |  Cell   | Delay | Arrival | Required | 
     |                   |            |         |       |  Time   |   Time   | 
     |-------------------+------------+---------+-------+---------+----------| 
     |                   | wb_rst_i ^ |         |       |   0.269 |    0.011 | 
     | g727__2802        | B ^ -> Y v | NOR2BX1 | 0.015 |   0.284 |    0.026 | 
     | wbm_dat_o_reg[25] | D v        | DFFHQX8 | 0.000 |   0.284 |    0.026 | 
     +-----------------------------------------------------------------------+ 
Path 35: MET Hold Check with Pin wbm_dat_o_reg[31]/CK 
Endpoint:   wbm_dat_o_reg[31]/D (v) checked with  leading edge of 'clk'
Beginpoint: wb_rst_i            (^) triggered by  leading edge of 'clk'
Path Groups: {in2reg}
Analysis View: analysis1
Other End Arrival Time          0.003
+ Hold                          0.003
+ Phase Shift                   0.000
+ Uncertainty                   0.020
= Required Time                 0.026
  Arrival Time                  0.285
  Slack Time                    0.259
     Clock Rise Edge                      0.000
     + Input Delay                        0.250
     + Drive Adjustment                   0.019
     = Beginpoint Arrival Time            0.269
     +-----------------------------------------------------------------------+ 
     |     Instance      |    Arc     |  Cell   | Delay | Arrival | Required | 
     |                   |            |         |       |  Time   |   Time   | 
     |-------------------+------------+---------+-------+---------+----------| 
     |                   | wb_rst_i ^ |         |       |   0.269 |    0.011 | 
     | g726__1617        | B ^ -> Y v | NOR2BX1 | 0.015 |   0.285 |    0.026 | 
     | wbm_dat_o_reg[31] | D v        | DFFHQX8 | 0.000 |   0.285 |    0.026 | 
     +-----------------------------------------------------------------------+ 
Path 36: MET Hold Check with Pin wbm_dat_o_reg[8]/CK 
Endpoint:   wbm_dat_o_reg[8]/D (v) checked with  leading edge of 'clk'
Beginpoint: wb_rst_i           (^) triggered by  leading edge of 'clk'
Path Groups: {in2reg}
Analysis View: analysis1
Other End Arrival Time          0.003
+ Hold                          0.003
+ Phase Shift                   0.000
+ Uncertainty                   0.020
= Required Time                 0.026
  Arrival Time                  0.285
  Slack Time                    0.259
     Clock Rise Edge                      0.000
     + Input Delay                        0.250
     + Drive Adjustment                   0.019
     = Beginpoint Arrival Time            0.269
     +----------------------------------------------------------------------+ 
     |     Instance     |    Arc     |  Cell   | Delay | Arrival | Required | 
     |                  |            |         |       |  Time   |   Time   | 
     |------------------+------------+---------+-------+---------+----------| 
     |                  | wb_rst_i ^ |         |       |   0.269 |    0.011 | 
     | g769__2346       | B ^ -> Y v | NOR2BX1 | 0.015 |   0.285 |    0.026 | 
     | wbm_dat_o_reg[8] | D v        | DFFHQX8 | 0.000 |   0.285 |    0.026 | 
     +----------------------------------------------------------------------+ 
Path 37: MET Hold Check with Pin wbm_dat_o_reg[9]/CK 
Endpoint:   wbm_dat_o_reg[9]/D (v) checked with  leading edge of 'clk'
Beginpoint: wb_rst_i           (^) triggered by  leading edge of 'clk'
Path Groups: {in2reg}
Analysis View: analysis1
Other End Arrival Time          0.003
+ Hold                          0.002
+ Phase Shift                   0.000
+ Uncertainty                   0.020
= Required Time                 0.025
  Arrival Time                  0.284
  Slack Time                    0.259
     Clock Rise Edge                      0.000
     + Input Delay                        0.250
     + Drive Adjustment                   0.019
     = Beginpoint Arrival Time            0.269
     +----------------------------------------------------------------------+ 
     |     Instance     |    Arc     |  Cell   | Delay | Arrival | Required | 
     |                  |            |         |       |  Time   |   Time   | 
     |------------------+------------+---------+-------+---------+----------| 
     |                  | wb_rst_i ^ |         |       |   0.269 |    0.011 | 
     | g750__8428       | B ^ -> Y v | NOR2BX1 | 0.015 |   0.284 |    0.025 | 
     | wbm_dat_o_reg[9] | D v        | DFFHQX1 | 0.000 |   0.284 |    0.025 | 
     +----------------------------------------------------------------------+ 
Path 38: MET Hold Check with Pin wbm_dat_o_reg[15]/CK 
Endpoint:   wbm_dat_o_reg[15]/D (v) checked with  leading edge of 'clk'
Beginpoint: wb_rst_i            (^) triggered by  leading edge of 'clk'
Path Groups: {in2reg}
Analysis View: analysis1
Other End Arrival Time          0.003
+ Hold                          0.003
+ Phase Shift                   0.000
+ Uncertainty                   0.020
= Required Time                 0.026
  Arrival Time                  0.285
  Slack Time                    0.259
     Clock Rise Edge                      0.000
     + Input Delay                        0.250
     + Drive Adjustment                   0.019
     = Beginpoint Arrival Time            0.269
     +-----------------------------------------------------------------------+ 
     |     Instance      |    Arc     |  Cell   | Delay | Arrival | Required | 
     |                   |            |         |       |  Time   |   Time   | 
     |-------------------+------------+---------+-------+---------+----------| 
     |                   | wb_rst_i ^ |         |       |   0.269 |    0.010 | 
     | g723__5526        | B ^ -> Y v | NOR2BX1 | 0.016 |   0.285 |    0.026 | 
     | wbm_dat_o_reg[15] | D v        | DFFHQX8 | 0.000 |   0.285 |    0.026 | 
     +-----------------------------------------------------------------------+ 
Path 39: MET Hold Check with Pin wbm_dat_o_reg[13]/CK 
Endpoint:   wbm_dat_o_reg[13]/D (v) checked with  leading edge of 'clk'
Beginpoint: wb_rst_i            (^) triggered by  leading edge of 'clk'
Path Groups: {in2reg}
Analysis View: analysis1
Other End Arrival Time          0.003
+ Hold                          0.003
+ Phase Shift                   0.000
+ Uncertainty                   0.020
= Required Time                 0.026
  Arrival Time                  0.286
  Slack Time                    0.259
     Clock Rise Edge                      0.000
     + Input Delay                        0.250
     + Drive Adjustment                   0.019
     = Beginpoint Arrival Time            0.269
     +-----------------------------------------------------------------------+ 
     |     Instance      |    Arc     |  Cell   | Delay | Arrival | Required | 
     |                   |            |         |       |  Time   |   Time   | 
     |-------------------+------------+---------+-------+---------+----------| 
     |                   | wb_rst_i ^ |         |       |   0.269 |    0.010 | 
     | g747__5107        | B ^ -> Y v | NOR2BX1 | 0.016 |   0.286 |    0.026 | 
     | wbm_dat_o_reg[13] | D v        | DFFHQX8 | 0.000 |   0.286 |    0.026 | 
     +-----------------------------------------------------------------------+ 
Path 40: MET Hold Check with Pin wbm_dat_o_reg[12]/CK 
Endpoint:   wbm_dat_o_reg[12]/D (v) checked with  leading edge of 'clk'
Beginpoint: wb_rst_i            (^) triggered by  leading edge of 'clk'
Path Groups: {in2reg}
Analysis View: analysis1
Other End Arrival Time          0.003
+ Hold                          0.002
+ Phase Shift                   0.000
+ Uncertainty                   0.020
= Required Time                 0.025
  Arrival Time                  0.285
  Slack Time                    0.259
     Clock Rise Edge                      0.000
     + Input Delay                        0.250
     + Drive Adjustment                   0.019
     = Beginpoint Arrival Time            0.269
     +-----------------------------------------------------------------------+ 
     |     Instance      |    Arc     |  Cell   | Delay | Arrival | Required | 
     |                   |            |         |       |  Time   |   Time   | 
     |-------------------+------------+---------+-------+---------+----------| 
     |                   | wb_rst_i ^ |         |       |   0.269 |    0.010 | 
     | g771__7410        | B ^ -> Y v | NOR2BX1 | 0.015 |   0.285 |    0.025 | 
     | wbm_dat_o_reg[12] | D v        | DFFHQX1 | 0.000 |   0.285 |    0.025 | 
     +-----------------------------------------------------------------------+ 
Path 41: MET Hold Check with Pin wbm_dat_o_reg[29]/CK 
Endpoint:   wbm_dat_o_reg[29]/D (v) checked with  leading edge of 'clk'
Beginpoint: wb_rst_i            (^) triggered by  leading edge of 'clk'
Path Groups: {in2reg}
Analysis View: analysis1
Other End Arrival Time          0.003
+ Hold                          0.003
+ Phase Shift                   0.000
+ Uncertainty                   0.020
= Required Time                 0.026
  Arrival Time                  0.286
  Slack Time                    0.259
     Clock Rise Edge                      0.000
     + Input Delay                        0.250
     + Drive Adjustment                   0.019
     = Beginpoint Arrival Time            0.269
     +-----------------------------------------------------------------------+ 
     |     Instance      |    Arc     |  Cell   | Delay | Arrival | Required | 
     |                   |            |         |       |  Time   |   Time   | 
     |-------------------+------------+---------+-------+---------+----------| 
     |                   | wb_rst_i ^ |         |       |   0.269 |    0.010 | 
     | g728__1705        | B ^ -> Y v | NOR2BX1 | 0.016 |   0.286 |    0.026 | 
     | wbm_dat_o_reg[29] | D v        | DFFHQX8 | 0.000 |   0.286 |    0.026 | 
     +-----------------------------------------------------------------------+ 
Path 42: MET Hold Check with Pin wbm_dat_o_reg[14]/CK 
Endpoint:   wbm_dat_o_reg[14]/D (v) checked with  leading edge of 'clk'
Beginpoint: wb_rst_i            (^) triggered by  leading edge of 'clk'
Path Groups: {in2reg}
Analysis View: analysis1
Other End Arrival Time          0.002
+ Hold                          0.003
+ Phase Shift                   0.000
+ Uncertainty                   0.020
= Required Time                 0.025
  Arrival Time                  0.285
  Slack Time                    0.259
     Clock Rise Edge                      0.000
     + Input Delay                        0.250
     + Drive Adjustment                   0.019
     = Beginpoint Arrival Time            0.269
     +-----------------------------------------------------------------------+ 
     |     Instance      |    Arc     |  Cell   | Delay | Arrival | Required | 
     |                   |            |         |       |  Time   |   Time   | 
     |-------------------+------------+---------+-------+---------+----------| 
     |                   | wb_rst_i ^ |         |       |   0.269 |    0.010 | 
     | g772__6417        | B ^ -> Y v | NOR2BX1 | 0.016 |   0.285 |    0.025 | 
     | wbm_dat_o_reg[14] | D v        | DFFHQX8 | 0.000 |   0.285 |    0.025 | 
     +-----------------------------------------------------------------------+ 
Path 43: MET Hold Check with Pin wbm_sel_o_reg[3]/CK 
Endpoint:   wbm_sel_o_reg[3]/D (v) checked with  leading edge of 'clk'
Beginpoint: wb_rst_i           (^) triggered by  leading edge of 'clk'
Path Groups: {in2reg}
Analysis View: analysis1
Other End Arrival Time          0.003
+ Hold                          0.003
+ Phase Shift                   0.000
+ Uncertainty                   0.020
= Required Time                 0.027
  Arrival Time                  0.286
  Slack Time                    0.260
     Clock Rise Edge                      0.000
     + Input Delay                        0.250
     + Drive Adjustment                   0.019
     = Beginpoint Arrival Time            0.269
     +----------------------------------------------------------------------+ 
     |     Instance     |    Arc     |  Cell   | Delay | Arrival | Required | 
     |                  |            |         |       |  Time   |   Time   | 
     |------------------+------------+---------+-------+---------+----------| 
     |                  | wb_rst_i ^ |         |       |   0.269 |    0.010 | 
     | g725__3680       | B ^ -> Y v | NOR2BX1 | 0.017 |   0.286 |    0.027 | 
     | wbm_sel_o_reg[3] | D v        | DFFHQX8 | 0.000 |   0.286 |    0.027 | 
     +----------------------------------------------------------------------+ 
Path 44: MET Hold Check with Pin wbm_dat_o_reg[5]/CK 
Endpoint:   wbm_dat_o_reg[5]/D (v) checked with  leading edge of 'clk'
Beginpoint: wb_rst_i           (^) triggered by  leading edge of 'clk'
Path Groups: {in2reg}
Analysis View: analysis1
Other End Arrival Time          0.002
+ Hold                          0.003
+ Phase Shift                   0.000
+ Uncertainty                   0.020
= Required Time                 0.026
  Arrival Time                  0.285
  Slack Time                    0.260
     Clock Rise Edge                      0.000
     + Input Delay                        0.250
     + Drive Adjustment                   0.019
     = Beginpoint Arrival Time            0.269
     +----------------------------------------------------------------------+ 
     |     Instance     |    Arc     |  Cell   | Delay | Arrival | Required | 
     |                  |            |         |       |  Time   |   Time   | 
     |------------------+------------+---------+-------+---------+----------| 
     |                  | wb_rst_i ^ |         |       |   0.269 |    0.010 | 
     | g758__8246       | B ^ -> Y v | NOR2BX1 | 0.016 |   0.285 |    0.026 | 
     | wbm_dat_o_reg[5] | D v        | DFFHQX8 | 0.000 |   0.285 |    0.026 | 
     +----------------------------------------------------------------------+ 
Path 45: MET Hold Check with Pin wbm_dat_o_reg[16]/CK 
Endpoint:   wbm_dat_o_reg[16]/D (v) checked with  leading edge of 'clk'
Beginpoint: wb_rst_i            (^) triggered by  leading edge of 'clk'
Path Groups: {in2reg}
Analysis View: analysis1
Other End Arrival Time          0.002
+ Hold                          0.003
+ Phase Shift                   0.000
+ Uncertainty                   0.020
= Required Time                 0.025
  Arrival Time                  0.285
  Slack Time                    0.260
     Clock Rise Edge                      0.000
     + Input Delay                        0.250
     + Drive Adjustment                   0.019
     = Beginpoint Arrival Time            0.269
     +-----------------------------------------------------------------------+ 
     |     Instance      |    Arc     |  Cell   | Delay | Arrival | Required | 
     |                   |            |         |       |  Time   |   Time   | 
     |-------------------+------------+---------+-------+---------+----------| 
     |                   | wb_rst_i ^ |         |       |   0.269 |    0.009 | 
     | g773__5477        | B ^ -> Y v | NOR2BX1 | 0.016 |   0.285 |    0.025 | 
     | wbm_dat_o_reg[16] | D v        | DFFHQX8 | 0.000 |   0.285 |    0.025 | 
     +-----------------------------------------------------------------------+ 
Path 46: MET Hold Check with Pin wbm_dat_o_reg[21]/CK 
Endpoint:   wbm_dat_o_reg[21]/D (v) checked with  leading edge of 'clk'
Beginpoint: wb_rst_i            (^) triggered by  leading edge of 'clk'
Path Groups: {in2reg}
Analysis View: analysis1
Other End Arrival Time          0.002
+ Hold                          0.003
+ Phase Shift                   0.000
+ Uncertainty                   0.020
= Required Time                 0.026
  Arrival Time                  0.286
  Slack Time                    0.260
     Clock Rise Edge                      0.000
     + Input Delay                        0.250
     + Drive Adjustment                   0.019
     = Beginpoint Arrival Time            0.269
     +-----------------------------------------------------------------------+ 
     |     Instance      |    Arc     |  Cell   | Delay | Arrival | Required | 
     |                   |            |         |       |  Time   |   Time   | 
     |-------------------+------------+---------+-------+---------+----------| 
     |                   | wb_rst_i ^ |         |       |   0.269 |    0.009 | 
     | g732__6131        | B ^ -> Y v | NOR2BX1 | 0.016 |   0.286 |    0.026 | 
     | wbm_dat_o_reg[21] | D v        | DFFHQX8 | 0.000 |   0.286 |    0.026 | 
     +-----------------------------------------------------------------------+ 
Path 47: MET Hold Check with Pin wbm_sel_o_reg[0]/CK 
Endpoint:   wbm_sel_o_reg[0]/D (v) checked with  leading edge of 'clk'
Beginpoint: wb_rst_i           (^) triggered by  leading edge of 'clk'
Path Groups: {in2reg}
Analysis View: analysis1
Other End Arrival Time          0.003
+ Hold                          0.003
+ Phase Shift                   0.000
+ Uncertainty                   0.020
= Required Time                 0.027
  Arrival Time                  0.287
  Slack Time                    0.260
     Clock Rise Edge                      0.000
     + Input Delay                        0.250
     + Drive Adjustment                   0.019
     = Beginpoint Arrival Time            0.269
     +----------------------------------------------------------------------+ 
     |     Instance     |    Arc     |  Cell   | Delay | Arrival | Required | 
     |                  |            |         |       |  Time   |   Time   | 
     |------------------+------------+---------+-------+---------+----------| 
     |                  | wb_rst_i ^ |         |       |   0.269 |    0.009 | 
     | g760__6131       | B ^ -> Y v | NOR2BX1 | 0.017 |   0.287 |    0.027 | 
     | wbm_sel_o_reg[0] | D v        | DFFHQX8 | 0.000 |   0.287 |    0.027 | 
     +----------------------------------------------------------------------+ 
Path 48: MET Hold Check with Pin wbm_dat_o_reg[27]/CK 
Endpoint:   wbm_dat_o_reg[27]/D (v) checked with  leading edge of 'clk'
Beginpoint: wb_rst_i            (^) triggered by  leading edge of 'clk'
Path Groups: {in2reg}
Analysis View: analysis1
Other End Arrival Time          0.003
+ Hold                          0.003
+ Phase Shift                   0.000
+ Uncertainty                   0.020
= Required Time                 0.026
  Arrival Time                  0.286
  Slack Time                    0.260
     Clock Rise Edge                      0.000
     + Input Delay                        0.250
     + Drive Adjustment                   0.019
     = Beginpoint Arrival Time            0.269
     +-----------------------------------------------------------------------+ 
     |     Instance      |    Arc     |  Cell   | Delay | Arrival | Required | 
     |                   |            |         |       |  Time   |   Time   | 
     |-------------------+------------+---------+-------+---------+----------| 
     |                   | wb_rst_i ^ |         |       |   0.269 |    0.009 | 
     | g729__5122        | B ^ -> Y v | NOR2BX1 | 0.017 |   0.286 |    0.026 | 
     | wbm_dat_o_reg[27] | D v        | DFFHQX8 | 0.000 |   0.286 |    0.026 | 
     +-----------------------------------------------------------------------+ 
Path 49: MET Hold Check with Pin wbm_dat_o_reg[2]/CK 
Endpoint:   wbm_dat_o_reg[2]/D (v) checked with  leading edge of 'clk'
Beginpoint: wb_rst_i           (^) triggered by  leading edge of 'clk'
Path Groups: {in2reg}
Analysis View: analysis1
Other End Arrival Time          0.003
+ Hold                          0.003
+ Phase Shift                   0.000
+ Uncertainty                   0.020
= Required Time                 0.026
  Arrival Time                  0.286
  Slack Time                    0.260
     Clock Rise Edge                      0.000
     + Input Delay                        0.250
     + Drive Adjustment                   0.019
     = Beginpoint Arrival Time            0.269
     +----------------------------------------------------------------------+ 
     |     Instance     |    Arc     |  Cell   | Delay | Arrival | Required | 
     |                  |            |         |       |  Time   |   Time   | 
     |------------------+------------+---------+-------+---------+----------| 
     |                  | wb_rst_i ^ |         |       |   0.269 |    0.009 | 
     | g765__6161       | B ^ -> Y v | NOR2BX1 | 0.017 |   0.286 |    0.026 | 
     | wbm_dat_o_reg[2] | D v        | DFFHQX8 | 0.000 |   0.286 |    0.026 | 
     +----------------------------------------------------------------------+ 
Path 50: MET Hold Check with Pin wbm_dat_o_reg[0]/CK 
Endpoint:   wbm_dat_o_reg[0]/D (v) checked with  leading edge of 'clk'
Beginpoint: wb_rst_i           (^) triggered by  leading edge of 'clk'
Path Groups: {in2reg}
Analysis View: analysis1
Other End Arrival Time          0.003
+ Hold                          0.003
+ Phase Shift                   0.000
+ Uncertainty                   0.020
= Required Time                 0.026
  Arrival Time                  0.286
  Slack Time                    0.260
     Clock Rise Edge                      0.000
     + Input Delay                        0.250
     + Drive Adjustment                   0.019
     = Beginpoint Arrival Time            0.269
     +----------------------------------------------------------------------+ 
     |     Instance     |    Arc     |  Cell   | Delay | Arrival | Required | 
     |                  |            |         |       |  Time   |   Time   | 
     |------------------+------------+---------+-------+---------+----------| 
     |                  | wb_rst_i ^ |         |       |   0.269 |    0.009 | 
     | g763__7482       | B ^ -> Y v | NOR2BX1 | 0.017 |   0.286 |    0.026 | 
     | wbm_dat_o_reg[0] | D v        | DFFHQX8 | 0.000 |   0.286 |    0.026 | 
     +----------------------------------------------------------------------+ 

