Using Power View: analysis1.

Begin Power Analysis

             0V	    VSS
          1.32V	    VDD
Begin Processing Timing Library for Power Calculation

Begin Processing Timing Library for Power Calculation



Begin Processing Power Net/Grid for Power Calculation

Ended Processing Power Net/Grid for Power Calculation: (cpu=0:00:00, real=0:00:00, mem(process/total/peak)=1953.69MB/3448.39MB/2083.70MB)

Begin Processing Timing Window Data for Power Calculation

CK: assigning clock clk to net wb_clk_i
Ended Processing Timing Window Data for Power Calculation: (cpu=0:00:00, real=0:00:00, mem(process/total/peak)=1953.69MB/3448.39MB/2083.70MB)

Begin Processing User Attributes

Ended Processing User Attributes: (cpu=0:00:00, real=0:00:00, mem(process/total/peak)=1953.69MB/3448.39MB/2083.70MB)

Begin Processing Signal Activity


Starting Levelizing
2025-Nov-30 18:19:44 (2025-Nov-30 16:19:44 GMT)
2025-Nov-30 18:19:44 (2025-Nov-30 16:19:44 GMT): 10%
2025-Nov-30 18:19:44 (2025-Nov-30 16:19:44 GMT): 20%
2025-Nov-30 18:19:44 (2025-Nov-30 16:19:44 GMT): 30%
2025-Nov-30 18:19:44 (2025-Nov-30 16:19:44 GMT): 40%
2025-Nov-30 18:19:44 (2025-Nov-30 16:19:44 GMT): 50%
2025-Nov-30 18:19:44 (2025-Nov-30 16:19:44 GMT): 60%
2025-Nov-30 18:19:44 (2025-Nov-30 16:19:44 GMT): 70%
2025-Nov-30 18:19:44 (2025-Nov-30 16:19:44 GMT): 80%
2025-Nov-30 18:19:44 (2025-Nov-30 16:19:44 GMT): 90%

Finished Levelizing
2025-Nov-30 18:19:44 (2025-Nov-30 16:19:44 GMT)

Starting Activity Propagation
2025-Nov-30 18:19:44 (2025-Nov-30 16:19:44 GMT)
2025-Nov-30 18:19:44 (2025-Nov-30 16:19:44 GMT): 10%
2025-Nov-30 18:19:45 (2025-Nov-30 16:19:45 GMT): 20%

Finished Activity Propagation
2025-Nov-30 18:19:45 (2025-Nov-30 16:19:45 GMT)
Ended Processing Signal Activity: (cpu=0:00:00, real=0:00:00, mem(process/total/peak)=1953.81MB/3448.39MB/2083.70MB)

Begin Power Computation

      ----------------------------------------------------------
      # of cell(s) missing both power/leakage table: 0
      # of cell(s) missing power table: 0
      # of cell(s) missing leakage table: 0
      ----------------------------------------------------------



Starting Calculating power
2025-Nov-30 18:19:45 (2025-Nov-30 16:19:45 GMT)
 ... Calculating switching power
2025-Nov-30 18:19:45 (2025-Nov-30 16:19:45 GMT): 10%
2025-Nov-30 18:19:45 (2025-Nov-30 16:19:45 GMT): 20%
2025-Nov-30 18:19:45 (2025-Nov-30 16:19:45 GMT): 30%
2025-Nov-30 18:19:45 (2025-Nov-30 16:19:45 GMT): 40%
2025-Nov-30 18:19:45 (2025-Nov-30 16:19:45 GMT): 50%
 ... Calculating internal and leakage power
2025-Nov-30 18:19:45 (2025-Nov-30 16:19:45 GMT): 60%
2025-Nov-30 18:19:45 (2025-Nov-30 16:19:45 GMT): 70%
2025-Nov-30 18:19:45 (2025-Nov-30 16:19:45 GMT): 80%
2025-Nov-30 18:19:45 (2025-Nov-30 16:19:45 GMT): 90%

Finished Calculating power
2025-Nov-30 18:19:46 (2025-Nov-30 16:19:46 GMT)
      # of MSMV cell(s) missing power_level: 0
Ended Power Computation: (cpu=0:00:00, real=0:00:00, mem(process/total/peak)=1953.81MB/3448.39MB/2083.70MB)

Begin Processing User Attributes

Ended Processing User Attributes: (cpu=0:00:00, real=0:00:00, mem(process/total/peak)=1953.81MB/3448.39MB/2083.70MB)

Ended Power Analysis: (cpu=0:00:00, real=0:00:01, mem(process/total/peak)=1953.81MB/3448.39MB/2083.70MB)

Begin Boundary Leakage Calculation
Ended Boundary Leakage Calculation: (cpu=0:00:00, real=0:00:00,
mem(process/total/peak)=1953.81MB/3448.39MB/2083.70MB)
Begin Static Power Report Generation
*----------------------------------------------------------------------------------------
*	Innovus 21.35-s114_1 (64bit) 10/13/2022 12:11 (Linux 3.10.0-693.el7.x86_64)
*	
*
* 	Date & Time:	2025-Nov-30 18:19:46 (2025-Nov-30 16:19:46 GMT)
*
*----------------------------------------------------------------------------------------
*
*	Design: picorv32_wb
*
*	Liberty Libraries used:
*	        analysis1: /mnt/apps/prebuilt/eda/designkits/GPDK/gsclib045/lan/flow/t1u1/reference_libs/GPDK045/gsclib045_svt_v4.4/gsclib045/timing/fast_vdd1v2_basicCells.lib
*
*	Parasitic Files used:
*
*       Power View : analysis1
*
*       User-Defined Activity : N.A.
*
*       Activity File: N.A.
*
*       Hierarchical Global Activity: N.A.
*
*       Global Activity: N.A.
*
*       Sequential Element Activity: 0.200000
*
*       Primary Input Activity: 0.200000
*
*       Default icg ratio: N.A.
*
*       Global Comb ClockGate Ratio: N.A.
*
*	Power Units = 1mW
*
*	Time Units = 1e-09 secs
*
*       report_power
*
-----------------------------------------------------------------------------------------
*



Total Power
-----------------------------------------------------------------------------------------
Total Internal Power:        3.42169426 	   42.7101%
Total Switching Power:       4.58569730 	   57.2393%
Total Leakage Power:         0.00405319 	    0.0506%
Total Power:                 8.01144476
-----------------------------------------------------------------------------------------


Group                           Internal   Switching     Leakage       Total  Percentage 
                                Power      Power         Power         Power  (%)        
-----------------------------------------------------------------------------------------
Sequential                         1.737      0.7488    0.001767       2.488       31.05
Macro                                  0           0           0           0           0
IO                                     0           0           0           0           0
Combinational                       1.44       3.533    0.002199       4.976       62.11
Clock (Combinational)            0.03817      0.1484   7.949e-06      0.1866       2.329
Clock (Sequential)                 0.206      0.1553   7.878e-05      0.3613        4.51
-----------------------------------------------------------------------------------------
Total                              3.422       4.586    0.004053       8.011         100
-----------------------------------------------------------------------------------------


Rail                  Voltage   Internal   Switching     Leakage       Total  Percentage 
                                Power      Power         Power         Power  (%)        
-----------------------------------------------------------------------------------------
VDD                      1.32      3.422       4.586    0.004053       8.011         100


Clock                           Internal   Switching     Leakage       Total  Percentage 
                                Power      Power         Power         Power  (%)        
-----------------------------------------------------------------------------------------
clk                               0.2441      0.3037   8.673e-05      0.5479       6.839
-----------------------------------------------------------------------------------------
Total                             0.2441      0.3037   8.673e-05      0.5479       6.839
-----------------------------------------------------------------------------------------
Clock: clk
Clock Period: 0.004000 usec 
Clock Toggle Rate:   500.0000 Mhz 
Clock Static Probability:  0.5000
  
 
 
-----------------------------------------------------------------------------------------
*	Power Distribution Summary: 
*              Highest Average Power:       CTS_ccl_a_buf_00001 (CLKBUFX20):          0.05033
*              Highest Leakage Power: picorv32_core_genblk2.pcpi_div_RC_CG_HIER_INST57/RC_CGIC_INST (TLATNTSCAX20):         2.95e-06
*                Total Cap:      8.90526e-11 F
*                Total instances in design:  9555
*                Total instances in design with no power:     0
*                Total instances in design with no activty:     0

*                Total Fillers and Decap:     0
-----------------------------------------------------------------------------------------
 
** INFO:  (VOLTUS_POWR-3465): There are 0 decaps and 0 fillers in the design

Ended Static Power Report Generation: (cpu=0:00:00, real=0:00:00,
mem(process/total/peak)=1956.69MB/3448.39MB/2083.70MB)

