###############################################################
#  Generated by:      Cadence Innovus 21.35-s114_1
#  OS:                Linux x86_64(Host ID cn88.it.auth.gr)
#  Generated on:      Sun Nov 30 18:19:46 2025
#  Design:            picorv32_wb
#  Command:           report_timing -path_group reg2reg -check_type hold -max_paths 50 > reports/postCTS/reg2reg_hold.rpt
###############################################################
Path 1: MET Hold Check with Pin picorv32_core_pcpi_insn_reg[3]/CK 
Endpoint:   picorv32_core_pcpi_insn_reg[3]/D   (v) checked with  leading edge 
of 'clk'
Beginpoint: picorv32_core_mem_rdata_q_reg[3]/Q (v) triggered by  leading edge 
of 'clk'
Path Groups: {reg2reg}
Analysis View: analysis1
Other End Arrival Time          0.014
+ Hold                          0.002
+ Phase Shift                   0.000
+ Uncertainty                   0.020
= Required Time                 0.036
  Arrival Time                  0.041
  Slack Time                    0.006
     Clock Rise Edge                 0.000
     + Clock Network Latency (Prop)  -0.006
     = Beginpoint Arrival Time       -0.006
     +---------------------------------------------------------------------------------------+ 
     |             Instance             |     Arc     |  Cell   | Delay | Arrival | Required | 
     |                                  |             |         |       |  Time   |   Time   | 
     |----------------------------------+-------------+---------+-------+---------+----------| 
     | picorv32_core_mem_rdata_q_reg[3] | CK ^        |         |       |  -0.006 |   -0.011 | 
     | picorv32_core_mem_rdata_q_reg[3] | CK ^ -> Q v | DFFHQX1 | 0.047 |   0.041 |    0.036 | 
     | picorv32_core_pcpi_insn_reg[3]   | D v         | DFFHQX1 | 0.000 |   0.041 |    0.036 | 
     +---------------------------------------------------------------------------------------+ 
Path 2: MET Hold Check with Pin picorv32_core_pcpi_insn_reg[4]/CK 
Endpoint:   picorv32_core_pcpi_insn_reg[4]/D   (v) checked with  leading edge 
of 'clk'
Beginpoint: picorv32_core_mem_rdata_q_reg[4]/Q (v) triggered by  leading edge 
of 'clk'
Path Groups: {reg2reg}
Analysis View: analysis1
Other End Arrival Time          0.014
+ Hold                          0.002
+ Phase Shift                   0.000
+ Uncertainty                   0.020
= Required Time                 0.036
  Arrival Time                  0.042
  Slack Time                    0.006
     Clock Rise Edge                 0.000
     + Clock Network Latency (Prop)  -0.006
     = Beginpoint Arrival Time       -0.006
     +---------------------------------------------------------------------------------------+ 
     |             Instance             |     Arc     |  Cell   | Delay | Arrival | Required | 
     |                                  |             |         |       |  Time   |   Time   | 
     |----------------------------------+-------------+---------+-------+---------+----------| 
     | picorv32_core_mem_rdata_q_reg[4] | CK ^        |         |       |  -0.006 |   -0.011 | 
     | picorv32_core_mem_rdata_q_reg[4] | CK ^ -> Q v | DFFHQX1 | 0.047 |   0.042 |    0.036 | 
     | picorv32_core_pcpi_insn_reg[4]   | D v         | DFFHQX1 | 0.000 |   0.042 |    0.036 | 
     +---------------------------------------------------------------------------------------+ 
Path 3: MET Hold Check with Pin picorv32_core_pcpi_insn_reg[5]/CK 
Endpoint:   picorv32_core_pcpi_insn_reg[5]/D   (v) checked with  leading edge 
of 'clk'
Beginpoint: picorv32_core_mem_rdata_q_reg[5]/Q (v) triggered by  leading edge 
of 'clk'
Path Groups: {reg2reg}
Analysis View: analysis1
Other End Arrival Time          0.014
+ Hold                          0.002
+ Phase Shift                   0.000
+ Uncertainty                   0.020
= Required Time                 0.036
  Arrival Time                  0.042
  Slack Time                    0.007
     Clock Rise Edge                 0.000
     + Clock Network Latency (Prop)  -0.006
     = Beginpoint Arrival Time       -0.006
     +---------------------------------------------------------------------------------------+ 
     |             Instance             |     Arc     |  Cell   | Delay | Arrival | Required | 
     |                                  |             |         |       |  Time   |   Time   | 
     |----------------------------------+-------------+---------+-------+---------+----------| 
     | picorv32_core_mem_rdata_q_reg[5] | CK ^        |         |       |  -0.006 |   -0.012 | 
     | picorv32_core_mem_rdata_q_reg[5] | CK ^ -> Q v | DFFHQX1 | 0.048 |   0.042 |    0.036 | 
     | picorv32_core_pcpi_insn_reg[5]   | D v         | DFFHQX1 | 0.000 |   0.042 |    0.036 | 
     +---------------------------------------------------------------------------------------+ 
Path 4: MET Hold Check with Pin picorv32_core_pcpi_insn_reg[6]/CK 
Endpoint:   picorv32_core_pcpi_insn_reg[6]/D   (v) checked with  leading edge 
of 'clk'
Beginpoint: picorv32_core_mem_rdata_q_reg[6]/Q (v) triggered by  leading edge 
of 'clk'
Path Groups: {reg2reg}
Analysis View: analysis1
Other End Arrival Time          0.014
+ Hold                          0.002
+ Phase Shift                   0.000
+ Uncertainty                   0.020
= Required Time                 0.036
  Arrival Time                  0.043
  Slack Time                    0.007
     Clock Rise Edge                 0.000
     + Clock Network Latency (Prop)  -0.006
     = Beginpoint Arrival Time       -0.006
     +---------------------------------------------------------------------------------------+ 
     |             Instance             |     Arc     |  Cell   | Delay | Arrival | Required | 
     |                                  |             |         |       |  Time   |   Time   | 
     |----------------------------------+-------------+---------+-------+---------+----------| 
     | picorv32_core_mem_rdata_q_reg[6] | CK ^        |         |       |  -0.006 |   -0.013 | 
     | picorv32_core_mem_rdata_q_reg[6] | CK ^ -> Q v | DFFHQX1 | 0.048 |   0.043 |    0.036 | 
     | picorv32_core_pcpi_insn_reg[6]   | D v         | DFFHQX1 | 0.000 |   0.043 |    0.036 | 
     +---------------------------------------------------------------------------------------+ 
Path 5: MET Hold Check with Pin picorv32_core_pcpi_insn_reg[0]/CK 
Endpoint:   picorv32_core_pcpi_insn_reg[0]/D   (v) checked with  leading edge 
of 'clk'
Beginpoint: picorv32_core_mem_rdata_q_reg[0]/Q (v) triggered by  leading edge 
of 'clk'
Path Groups: {reg2reg}
Analysis View: analysis1
Other End Arrival Time          0.014
+ Hold                          0.002
+ Phase Shift                   0.000
+ Uncertainty                   0.020
= Required Time                 0.036
  Arrival Time                  0.043
  Slack Time                    0.007
     Clock Rise Edge                 0.000
     + Clock Network Latency (Prop)  -0.006
     = Beginpoint Arrival Time       -0.006
     +---------------------------------------------------------------------------------------+ 
     |             Instance             |     Arc     |  Cell   | Delay | Arrival | Required | 
     |                                  |             |         |       |  Time   |   Time   | 
     |----------------------------------+-------------+---------+-------+---------+----------| 
     | picorv32_core_mem_rdata_q_reg[0] | CK ^        |         |       |  -0.006 |   -0.013 | 
     | picorv32_core_mem_rdata_q_reg[0] | CK ^ -> Q v | DFFHQX1 | 0.049 |   0.043 |    0.036 | 
     | picorv32_core_pcpi_insn_reg[0]   | D v         | DFFHQX1 | 0.000 |   0.043 |    0.036 | 
     +---------------------------------------------------------------------------------------+ 
Path 6: MET Hold Check with Pin picorv32_core_pcpi_insn_reg[1]/CK 
Endpoint:   picorv32_core_pcpi_insn_reg[1]/D   (v) checked with  leading edge 
of 'clk'
Beginpoint: picorv32_core_mem_rdata_q_reg[1]/Q (v) triggered by  leading edge 
of 'clk'
Path Groups: {reg2reg}
Analysis View: analysis1
Other End Arrival Time          0.014
+ Hold                          0.002
+ Phase Shift                   0.000
+ Uncertainty                   0.020
= Required Time                 0.035
  Arrival Time                  0.044
  Slack Time                    0.009
     Clock Rise Edge                 0.000
     + Clock Network Latency (Prop)  -0.006
     = Beginpoint Arrival Time       -0.006
     +---------------------------------------------------------------------------------------+ 
     |             Instance             |     Arc     |  Cell   | Delay | Arrival | Required | 
     |                                  |             |         |       |  Time   |   Time   | 
     |----------------------------------+-------------+---------+-------+---------+----------| 
     | picorv32_core_mem_rdata_q_reg[1] | CK ^        |         |       |  -0.006 |   -0.014 | 
     | picorv32_core_mem_rdata_q_reg[1] | CK ^ -> Q v | DFFHQX1 | 0.050 |   0.044 |    0.035 | 
     | picorv32_core_pcpi_insn_reg[1]   | D v         | DFFHQX1 | 0.000 |   0.044 |    0.035 | 
     +---------------------------------------------------------------------------------------+ 
Path 7: MET Hold Check with Pin picorv32_core_pcpi_insn_reg[2]/CK 
Endpoint:   picorv32_core_pcpi_insn_reg[2]/D   (v) checked with  leading edge 
of 'clk'
Beginpoint: picorv32_core_mem_rdata_q_reg[2]/Q (v) triggered by  leading edge 
of 'clk'
Path Groups: {reg2reg}
Analysis View: analysis1
Other End Arrival Time          0.014
+ Hold                          0.002
+ Phase Shift                   0.000
+ Uncertainty                   0.020
= Required Time                 0.035
  Arrival Time                  0.045
  Slack Time                    0.010
     Clock Rise Edge                 0.000
     + Clock Network Latency (Prop)  -0.006
     = Beginpoint Arrival Time       -0.006
     +---------------------------------------------------------------------------------------+ 
     |             Instance             |     Arc     |  Cell   | Delay | Arrival | Required | 
     |                                  |             |         |       |  Time   |   Time   | 
     |----------------------------------+-------------+---------+-------+---------+----------| 
     | picorv32_core_mem_rdata_q_reg[2] | CK ^        |         |       |  -0.006 |   -0.016 | 
     | picorv32_core_mem_rdata_q_reg[2] | CK ^ -> Q v | DFFHQX1 | 0.051 |   0.045 |    0.035 | 
     | picorv32_core_pcpi_insn_reg[2]   | D v         | DFFHQX1 | 0.000 |   0.045 |    0.035 | 
     +---------------------------------------------------------------------------------------+ 
Path 8: MET Hold Check with Pin picorv32_core_pcpi_insn_reg[16]/CK 
Endpoint:   picorv32_core_pcpi_insn_reg[16]/D   (v) checked with  leading edge 
of 'clk'
Beginpoint: picorv32_core_mem_rdata_q_reg[16]/Q (v) triggered by  leading edge 
of 'clk'
Path Groups: {reg2reg}
Analysis View: analysis1
Other End Arrival Time          0.014
+ Hold                          0.001
+ Phase Shift                   0.000
+ Uncertainty                   0.020
= Required Time                 0.036
  Arrival Time                  0.047
  Slack Time                    0.011
     Clock Rise Edge                 0.000
     + Clock Network Latency (Prop)  -0.005
     = Beginpoint Arrival Time       -0.005
     +----------------------------------------------------------------------------------------+ 
     |             Instance              |     Arc     |  Cell   | Delay | Arrival | Required | 
     |                                   |             |         |       |  Time   |   Time   | 
     |-----------------------------------+-------------+---------+-------+---------+----------| 
     | picorv32_core_mem_rdata_q_reg[16] | CK ^        |         |       |  -0.005 |   -0.017 | 
     | picorv32_core_mem_rdata_q_reg[16] | CK ^ -> Q v | DFFHQX1 | 0.052 |   0.047 |    0.036 | 
     | picorv32_core_pcpi_insn_reg[16]   | D v         | DFFHQX1 | 0.000 |   0.047 |    0.036 | 
     +----------------------------------------------------------------------------------------+ 
Path 9: MET Hold Check with Pin picorv32_core_pcpi_insn_reg[19]/CK 
Endpoint:   picorv32_core_pcpi_insn_reg[19]/D   (v) checked with  leading edge 
of 'clk'
Beginpoint: picorv32_core_mem_rdata_q_reg[19]/Q (v) triggered by  leading edge 
of 'clk'
Path Groups: {reg2reg}
Analysis View: analysis1
Other End Arrival Time          0.014
+ Hold                          0.001
+ Phase Shift                   0.000
+ Uncertainty                   0.020
= Required Time                 0.036
  Arrival Time                  0.047
  Slack Time                    0.011
     Clock Rise Edge                 0.000
     + Clock Network Latency (Prop)  -0.005
     = Beginpoint Arrival Time       -0.005
     +----------------------------------------------------------------------------------------+ 
     |             Instance              |     Arc     |  Cell   | Delay | Arrival | Required | 
     |                                   |             |         |       |  Time   |   Time   | 
     |-----------------------------------+-------------+---------+-------+---------+----------| 
     | picorv32_core_mem_rdata_q_reg[19] | CK ^        |         |       |  -0.005 |   -0.017 | 
     | picorv32_core_mem_rdata_q_reg[19] | CK ^ -> Q v | DFFHQX1 | 0.052 |   0.047 |    0.036 | 
     | picorv32_core_pcpi_insn_reg[19]   | D v         | DFFHQX1 | 0.000 |   0.047 |    0.036 | 
     +----------------------------------------------------------------------------------------+ 
Path 10: MET Hold Check with Pin picorv32_core_pcpi_insn_reg[17]/CK 
Endpoint:   picorv32_core_pcpi_insn_reg[17]/D   (v) checked with  leading edge 
of 'clk'
Beginpoint: picorv32_core_mem_rdata_q_reg[17]/Q (v) triggered by  leading edge 
of 'clk'
Path Groups: {reg2reg}
Analysis View: analysis1
Other End Arrival Time          0.014
+ Hold                          0.001
+ Phase Shift                   0.000
+ Uncertainty                   0.020
= Required Time                 0.036
  Arrival Time                  0.047
  Slack Time                    0.011
     Clock Rise Edge                 0.000
     + Clock Network Latency (Prop)  -0.005
     = Beginpoint Arrival Time       -0.005
     +----------------------------------------------------------------------------------------+ 
     |             Instance              |     Arc     |  Cell   | Delay | Arrival | Required | 
     |                                   |             |         |       |  Time   |   Time   | 
     |-----------------------------------+-------------+---------+-------+---------+----------| 
     | picorv32_core_mem_rdata_q_reg[17] | CK ^        |         |       |  -0.005 |   -0.017 | 
     | picorv32_core_mem_rdata_q_reg[17] | CK ^ -> Q v | DFFHQX1 | 0.052 |   0.047 |    0.036 | 
     | picorv32_core_pcpi_insn_reg[17]   | D v         | DFFHQX1 | 0.000 |   0.047 |    0.036 | 
     +----------------------------------------------------------------------------------------+ 
Path 11: MET Hold Check with Pin picorv32_core_pcpi_insn_reg[18]/CK 
Endpoint:   picorv32_core_pcpi_insn_reg[18]/D   (v) checked with  leading edge 
of 'clk'
Beginpoint: picorv32_core_mem_rdata_q_reg[18]/Q (v) triggered by  leading edge 
of 'clk'
Path Groups: {reg2reg}
Analysis View: analysis1
Other End Arrival Time          0.014
+ Hold                          0.001
+ Phase Shift                   0.000
+ Uncertainty                   0.020
= Required Time                 0.036
  Arrival Time                  0.047
  Slack Time                    0.012
     Clock Rise Edge                 0.000
     + Clock Network Latency (Prop)  -0.005
     = Beginpoint Arrival Time       -0.005
     +----------------------------------------------------------------------------------------+ 
     |             Instance              |     Arc     |  Cell   | Delay | Arrival | Required | 
     |                                   |             |         |       |  Time   |   Time   | 
     |-----------------------------------+-------------+---------+-------+---------+----------| 
     | picorv32_core_mem_rdata_q_reg[18] | CK ^        |         |       |  -0.005 |   -0.017 | 
     | picorv32_core_mem_rdata_q_reg[18] | CK ^ -> Q v | DFFHQX1 | 0.053 |   0.047 |    0.036 | 
     | picorv32_core_pcpi_insn_reg[18]   | D v         | DFFHQX1 | 0.000 |   0.047 |    0.036 | 
     +----------------------------------------------------------------------------------------+ 
Path 12: MET Hold Check with Pin picorv32_core_pcpi_insn_reg[11]/CK 
Endpoint:   picorv32_core_pcpi_insn_reg[11]/D   (v) checked with  leading edge 
of 'clk'
Beginpoint: picorv32_core_mem_rdata_q_reg[11]/Q (v) triggered by  leading edge 
of 'clk'
Path Groups: {reg2reg}
Analysis View: analysis1
Other End Arrival Time          0.014
+ Hold                          0.002
+ Phase Shift                   0.000
+ Uncertainty                   0.020
= Required Time                 0.036
  Arrival Time                  0.049
  Slack Time                    0.013
     Clock Rise Edge                 0.000
     + Clock Network Latency (Prop)  -0.006
     = Beginpoint Arrival Time       -0.006
     +----------------------------------------------------------------------------------------+ 
     |             Instance              |     Arc     |  Cell   | Delay | Arrival | Required | 
     |                                   |             |         |       |  Time   |   Time   | 
     |-----------------------------------+-------------+---------+-------+---------+----------| 
     | picorv32_core_mem_rdata_q_reg[11] | CK ^        |         |       |  -0.006 |   -0.019 | 
     | picorv32_core_mem_rdata_q_reg[11] | CK ^ -> Q v | DFFHQX1 | 0.055 |   0.049 |    0.036 | 
     | picorv32_core_pcpi_insn_reg[11]   | D v         | DFFHQX8 | 0.000 |   0.049 |    0.036 | 
     +----------------------------------------------------------------------------------------+ 
Path 13: MET Hold Check with Pin picorv32_core_pcpi_insn_reg[9]/CK 
Endpoint:   picorv32_core_pcpi_insn_reg[9]/D   (v) checked with  leading edge 
of 'clk'
Beginpoint: picorv32_core_mem_rdata_q_reg[9]/Q (v) triggered by  leading edge 
of 'clk'
Path Groups: {reg2reg}
Analysis View: analysis1
Other End Arrival Time          0.014
+ Hold                          0.001
+ Phase Shift                   0.000
+ Uncertainty                   0.020
= Required Time                 0.035
  Arrival Time                  0.048
  Slack Time                    0.013
     Clock Rise Edge                 0.000
     + Clock Network Latency (Prop)  -0.006
     = Beginpoint Arrival Time       -0.006
     +---------------------------------------------------------------------------------------+ 
     |             Instance             |     Arc     |  Cell   | Delay | Arrival | Required | 
     |                                  |             |         |       |  Time   |   Time   | 
     |----------------------------------+-------------+---------+-------+---------+----------| 
     | picorv32_core_mem_rdata_q_reg[9] | CK ^        |         |       |  -0.006 |   -0.019 | 
     | picorv32_core_mem_rdata_q_reg[9] | CK ^ -> Q v | DFFHQX1 | 0.054 |   0.048 |    0.035 | 
     | picorv32_core_pcpi_insn_reg[9]   | D v         | DFFHQX1 | 0.000 |   0.048 |    0.035 | 
     +---------------------------------------------------------------------------------------+ 
Path 14: MET Hold Check with Pin picorv32_core_pcpi_insn_reg[7]/CK 
Endpoint:   picorv32_core_pcpi_insn_reg[7]/D   (v) checked with  leading edge 
of 'clk'
Beginpoint: picorv32_core_mem_rdata_q_reg[7]/Q (v) triggered by  leading edge 
of 'clk'
Path Groups: {reg2reg}
Analysis View: analysis1
Other End Arrival Time          0.014
+ Hold                          0.001
+ Phase Shift                   0.000
+ Uncertainty                   0.020
= Required Time                 0.035
  Arrival Time                  0.048
  Slack Time                    0.014
     Clock Rise Edge                 0.000
     + Clock Network Latency (Prop)  -0.006
     = Beginpoint Arrival Time       -0.006
     +---------------------------------------------------------------------------------------+ 
     |             Instance             |     Arc     |  Cell   | Delay | Arrival | Required | 
     |                                  |             |         |       |  Time   |   Time   | 
     |----------------------------------+-------------+---------+-------+---------+----------| 
     | picorv32_core_mem_rdata_q_reg[7] | CK ^        |         |       |  -0.006 |   -0.019 | 
     | picorv32_core_mem_rdata_q_reg[7] | CK ^ -> Q v | DFFHQX1 | 0.054 |   0.048 |    0.035 | 
     | picorv32_core_pcpi_insn_reg[7]   | D v         | DFFHQX1 | 0.000 |   0.048 |    0.035 | 
     +---------------------------------------------------------------------------------------+ 
Path 15: MET Hold Check with Pin picorv32_core_pcpi_insn_reg[10]/CK 
Endpoint:   picorv32_core_pcpi_insn_reg[10]/D   (v) checked with  leading edge 
of 'clk'
Beginpoint: picorv32_core_mem_rdata_q_reg[10]/Q (v) triggered by  leading edge 
of 'clk'
Path Groups: {reg2reg}
Analysis View: analysis1
Other End Arrival Time          0.014
+ Hold                          0.001
+ Phase Shift                   0.000
+ Uncertainty                   0.020
= Required Time                 0.035
  Arrival Time                  0.049
  Slack Time                    0.014
     Clock Rise Edge                 0.000
     + Clock Network Latency (Prop)  -0.006
     = Beginpoint Arrival Time       -0.006
     +----------------------------------------------------------------------------------------+ 
     |             Instance              |     Arc     |  Cell   | Delay | Arrival | Required | 
     |                                   |             |         |       |  Time   |   Time   | 
     |-----------------------------------+-------------+---------+-------+---------+----------| 
     | picorv32_core_mem_rdata_q_reg[10] | CK ^        |         |       |  -0.006 |   -0.019 | 
     | picorv32_core_mem_rdata_q_reg[10] | CK ^ -> Q v | DFFHQX1 | 0.054 |   0.049 |    0.035 | 
     | picorv32_core_pcpi_insn_reg[10]   | D v         | DFFHQX1 | 0.000 |   0.049 |    0.035 | 
     +----------------------------------------------------------------------------------------+ 
Path 16: MET Hold Check with Pin picorv32_core_irq_delay_reg/CK 
Endpoint:   picorv32_core_irq_delay_reg/RN (v) checked with  leading edge of 
'clk'
Beginpoint: picorv32_core_irq_active_reg/Q (v) triggered by  leading edge of 
'clk'
Path Groups: {reg2reg}
Analysis View: analysis1
Other End Arrival Time          0.005
+ Hold                         -0.005
+ Phase Shift                   0.000
+ Uncertainty                   0.020
= Required Time                 0.020
  Arrival Time                  0.035
  Slack Time                    0.015
     Clock Rise Edge                 0.000
     + Clock Network Latency (Prop)  -0.020
     = Beginpoint Arrival Time       -0.020
     +-----------------------------------------------------------------------------------+ 
     |           Instance           |     Arc     |  Cell   | Delay | Arrival | Required | 
     |                              |             |         |       |  Time   |   Time   | 
     |------------------------------+-------------+---------+-------+---------+----------| 
     | picorv32_core_irq_active_reg | CK ^        |         |       |  -0.020 |   -0.035 | 
     | picorv32_core_irq_active_reg | CK ^ -> Q v | DFFHQX1 | 0.055 |   0.035 |    0.020 | 
     | picorv32_core_irq_delay_reg  | RN v        | DFFTRXL | 0.000 |   0.035 |    0.020 | 
     +-----------------------------------------------------------------------------------+ 
Path 17: MET Hold Check with Pin picorv32_core_pcpi_insn_reg[8]/CK 
Endpoint:   picorv32_core_pcpi_insn_reg[8]/D   (v) checked with  leading edge 
of 'clk'
Beginpoint: picorv32_core_mem_rdata_q_reg[8]/Q (v) triggered by  leading edge 
of 'clk'
Path Groups: {reg2reg}
Analysis View: analysis1
Other End Arrival Time          0.014
+ Hold                          0.001
+ Phase Shift                   0.000
+ Uncertainty                   0.020
= Required Time                 0.035
  Arrival Time                  0.050
  Slack Time                    0.015
     Clock Rise Edge                 0.000
     + Clock Network Latency (Prop)  -0.006
     = Beginpoint Arrival Time       -0.006
     +---------------------------------------------------------------------------------------+ 
     |             Instance             |     Arc     |  Cell   | Delay | Arrival | Required | 
     |                                  |             |         |       |  Time   |   Time   | 
     |----------------------------------+-------------+---------+-------+---------+----------| 
     | picorv32_core_mem_rdata_q_reg[8] | CK ^        |         |       |  -0.006 |   -0.021 | 
     | picorv32_core_mem_rdata_q_reg[8] | CK ^ -> Q v | DFFHQX1 | 0.055 |   0.050 |    0.035 | 
     | picorv32_core_pcpi_insn_reg[8]   | D v         | DFFHQX1 | 0.000 |   0.050 |    0.035 | 
     +---------------------------------------------------------------------------------------+ 
Path 18: MET Hold Check with Pin picorv32_core_mem_instr_reg/CK 
Endpoint:   picorv32_core_mem_instr_reg/D    (v) checked with  leading edge of 
'clk'
Beginpoint: picorv32_core_mem_do_wdata_reg/Q (^) triggered by  leading edge of 
'clk'
Path Groups: {reg2reg}
Analysis View: analysis1
Other End Arrival Time         -0.004
+ Hold                          0.003
+ Phase Shift                   0.000
+ Uncertainty                   0.020
= Required Time                 0.019
  Arrival Time                  0.036
  Slack Time                    0.017
     Clock Rise Edge                 0.000
     + Clock Network Latency (Prop)  -0.027
     = Beginpoint Arrival Time       -0.027
     +--------------------------------------------------------------------------------------+ 
     |            Instance            |     Arc     |   Cell   | Delay | Arrival | Required | 
     |                                |             |          |       |  Time   |   Time   | 
     |--------------------------------+-------------+----------+-------+---------+----------| 
     | picorv32_core_mem_do_wdata_reg | CK ^        |          |       |  -0.027 |   -0.044 | 
     | picorv32_core_mem_do_wdata_reg | CK ^ -> Q ^ | EDFFHQX1 | 0.051 |   0.023 |    0.007 | 
     | picorv32_core_g74791           | A ^ -> Y v  | NOR2X1   | 0.013 |   0.036 |    0.019 | 
     | picorv32_core_mem_instr_reg    | D v         | DFFHQX8  | 0.000 |   0.036 |    0.019 | 
     +--------------------------------------------------------------------------------------+ 
Path 19: MET Hold Check with Pin picorv32_core_pcpi_insn_reg[23]/CK 
Endpoint:   picorv32_core_pcpi_insn_reg[23]/D   (v) checked with  leading edge 
of 'clk'
Beginpoint: picorv32_core_mem_rdata_q_reg[23]/Q (v) triggered by  leading edge 
of 'clk'
Path Groups: {reg2reg}
Analysis View: analysis1
Other End Arrival Time          0.014
+ Hold                          0.001
+ Phase Shift                   0.000
+ Uncertainty                   0.020
= Required Time                 0.035
  Arrival Time                  0.052
  Slack Time                    0.017
     Clock Rise Edge                 0.000
     + Clock Network Latency (Prop)  -0.006
     = Beginpoint Arrival Time       -0.006
     +----------------------------------------------------------------------------------------+ 
     |             Instance              |     Arc     |  Cell   | Delay | Arrival | Required | 
     |                                   |             |         |       |  Time   |   Time   | 
     |-----------------------------------+-------------+---------+-------+---------+----------| 
     | picorv32_core_mem_rdata_q_reg[23] | CK ^        |         |       |  -0.006 |   -0.022 | 
     | picorv32_core_mem_rdata_q_reg[23] | CK ^ -> Q v | DFFHQX1 | 0.058 |   0.052 |    0.035 | 
     | picorv32_core_pcpi_insn_reg[23]   | D v         | DFFHQX1 | 0.000 |   0.052 |    0.035 | 
     +----------------------------------------------------------------------------------------+ 
Path 20: MET Hold Check with Pin picorv32_core_mem_addr_reg[20]/CK 
Endpoint:   picorv32_core_mem_addr_reg[20]/D (v) checked with  leading edge of 
'clk'
Beginpoint: picorv32_core_reg_out_reg[20]/Q  (v) triggered by  leading edge of 
'clk'
Path Groups: {reg2reg}
Analysis View: analysis1
Other End Arrival Time         -0.001
+ Hold                          0.002
+ Phase Shift                   0.000
+ Uncertainty                   0.020
= Required Time                 0.021
  Arrival Time                  0.038
  Slack Time                    0.017
     Clock Rise Edge                 0.000
     + Clock Network Latency (Prop)  -0.027
     = Beginpoint Arrival Time       -0.027
     +----------------------------------------------------------------------------------------+ 
     |            Instance            |     Arc      |   Cell    | Delay | Arrival | Required | 
     |                                |              |           |       |  Time   |   Time   | 
     |--------------------------------+--------------+-----------+-------+---------+----------| 
     | picorv32_core_reg_out_reg[20]  | CK ^         |           |       |  -0.027 |   -0.044 | 
     | picorv32_core_reg_out_reg[20]  | CK ^ -> Q v  | DFFHQX1   | 0.045 |   0.019 |    0.001 | 
     | picorv32_core_g73935           | A0N v -> Y v | OAI2BB1X1 | 0.019 |   0.038 |    0.021 | 
     | picorv32_core_mem_addr_reg[20] | D v          | DFFHQX1   | 0.000 |   0.038 |    0.021 | 
     +----------------------------------------------------------------------------------------+ 
Path 21: MET Hold Check with Pin picorv32_core_mem_addr_reg[31]/CK 
Endpoint:   picorv32_core_mem_addr_reg[31]/D (v) checked with  leading edge of 
'clk'
Beginpoint: picorv32_core_reg_out_reg[31]/Q  (v) triggered by  leading edge of 
'clk'
Path Groups: {reg2reg}
Analysis View: analysis1
Other End Arrival Time         -0.002
+ Hold                          0.002
+ Phase Shift                   0.000
+ Uncertainty                   0.020
= Required Time                 0.021
  Arrival Time                  0.039
  Slack Time                    0.018
     Clock Rise Edge                 0.000
     + Clock Network Latency (Prop)  -0.026
     = Beginpoint Arrival Time       -0.026
     +----------------------------------------------------------------------------------------+ 
     |            Instance            |     Arc      |   Cell    | Delay | Arrival | Required | 
     |                                |              |           |       |  Time   |   Time   | 
     |--------------------------------+--------------+-----------+-------+---------+----------| 
     | picorv32_core_reg_out_reg[31]  | CK ^         |           |       |  -0.026 |   -0.044 | 
     | picorv32_core_reg_out_reg[31]  | CK ^ -> Q v  | DFFHQX1   | 0.046 |   0.019 |    0.002 | 
     | picorv32_core_g73947           | A0N v -> Y v | OAI2BB1X1 | 0.019 |   0.039 |    0.021 | 
     | picorv32_core_mem_addr_reg[31] | D v          | DFFHQX1   | 0.000 |   0.039 |    0.021 | 
     +----------------------------------------------------------------------------------------+ 
Path 22: MET Hold Check with Pin picorv32_core_mem_addr_reg[28]/CK 
Endpoint:   picorv32_core_mem_addr_reg[28]/D (v) checked with  leading edge of 
'clk'
Beginpoint: picorv32_core_reg_out_reg[28]/Q  (v) triggered by  leading edge of 
'clk'
Path Groups: {reg2reg}
Analysis View: analysis1
Other End Arrival Time         -0.001
+ Hold                          0.002
+ Phase Shift                   0.000
+ Uncertainty                   0.020
= Required Time                 0.021
  Arrival Time                  0.039
  Slack Time                    0.018
     Clock Rise Edge                 0.000
     + Clock Network Latency (Prop)  -0.027
     = Beginpoint Arrival Time       -0.027
     +----------------------------------------------------------------------------------------+ 
     |            Instance            |     Arc      |   Cell    | Delay | Arrival | Required | 
     |                                |              |           |       |  Time   |   Time   | 
     |--------------------------------+--------------+-----------+-------+---------+----------| 
     | picorv32_core_reg_out_reg[28]  | CK ^         |           |       |  -0.027 |   -0.044 | 
     | picorv32_core_reg_out_reg[28]  | CK ^ -> Q v  | DFFHQX1   | 0.046 |   0.019 |    0.001 | 
     | picorv32_core_g73944           | A0N v -> Y v | OAI2BB1X1 | 0.020 |   0.039 |    0.021 | 
     | picorv32_core_mem_addr_reg[28] | D v          | DFFHQX1   | 0.000 |   0.039 |    0.021 | 
     +----------------------------------------------------------------------------------------+ 
Path 23: MET Hold Check with Pin picorv32_core_mem_addr_reg[23]/CK 
Endpoint:   picorv32_core_mem_addr_reg[23]/D (v) checked with  leading edge of 
'clk'
Beginpoint: picorv32_core_reg_out_reg[23]/Q  (v) triggered by  leading edge of 
'clk'
Path Groups: {reg2reg}
Analysis View: analysis1
Other End Arrival Time         -0.001
+ Hold                          0.002
+ Phase Shift                   0.000
+ Uncertainty                   0.020
= Required Time                 0.021
  Arrival Time                  0.040
  Slack Time                    0.019
     Clock Rise Edge                 0.000
     + Clock Network Latency (Prop)  -0.027
     = Beginpoint Arrival Time       -0.027
     +----------------------------------------------------------------------------------------+ 
     |            Instance            |     Arc      |   Cell    | Delay | Arrival | Required | 
     |                                |              |           |       |  Time   |   Time   | 
     |--------------------------------+--------------+-----------+-------+---------+----------| 
     | picorv32_core_reg_out_reg[23]  | CK ^         |           |       |  -0.027 |   -0.045 | 
     | picorv32_core_reg_out_reg[23]  | CK ^ -> Q v  | DFFHQX1   | 0.046 |   0.019 |    0.000 | 
     | picorv32_core_g73939           | A0N v -> Y v | OAI2BB1X1 | 0.020 |   0.040 |    0.021 | 
     | picorv32_core_mem_addr_reg[23] | D v          | DFFHQX1   | 0.000 |   0.040 |    0.021 | 
     +----------------------------------------------------------------------------------------+ 
Path 24: MET Hold Check with Pin picorv32_core_mem_addr_reg[30]/CK 
Endpoint:   picorv32_core_mem_addr_reg[30]/D (v) checked with  leading edge of 
'clk'
Beginpoint: picorv32_core_reg_out_reg[30]/Q  (v) triggered by  leading edge of 
'clk'
Path Groups: {reg2reg}
Analysis View: analysis1
Other End Arrival Time         -0.001
+ Hold                          0.002
+ Phase Shift                   0.000
+ Uncertainty                   0.020
= Required Time                 0.021
  Arrival Time                  0.040
  Slack Time                    0.019
     Clock Rise Edge                 0.000
     + Clock Network Latency (Prop)  -0.026
     = Beginpoint Arrival Time       -0.026
     +----------------------------------------------------------------------------------------+ 
     |            Instance            |     Arc      |   Cell    | Delay | Arrival | Required | 
     |                                |              |           |       |  Time   |   Time   | 
     |--------------------------------+--------------+-----------+-------+---------+----------| 
     | picorv32_core_reg_out_reg[30]  | CK ^         |           |       |  -0.026 |   -0.045 | 
     | picorv32_core_reg_out_reg[30]  | CK ^ -> Q v  | DFFHQX1   | 0.046 |   0.019 |    0.000 | 
     | picorv32_core_g73946           | A0N v -> Y v | OAI2BB1X1 | 0.021 |   0.040 |    0.021 | 
     | picorv32_core_mem_addr_reg[30] | D v          | DFFHQX1   | 0.000 |   0.040 |    0.021 | 
     +----------------------------------------------------------------------------------------+ 
Path 25: MET Hold Check with Pin picorv32_core_pcpi_insn_reg[22]/CK 
Endpoint:   picorv32_core_pcpi_insn_reg[22]/D   (v) checked with  leading edge 
of 'clk'
Beginpoint: picorv32_core_mem_rdata_q_reg[22]/Q (v) triggered by  leading edge 
of 'clk'
Path Groups: {reg2reg}
Analysis View: analysis1
Other End Arrival Time          0.014
+ Hold                          0.001
+ Phase Shift                   0.000
+ Uncertainty                   0.020
= Required Time                 0.035
  Arrival Time                  0.054
  Slack Time                    0.019
     Clock Rise Edge                 0.000
     + Clock Network Latency (Prop)  -0.005
     = Beginpoint Arrival Time       -0.005
     +----------------------------------------------------------------------------------------+ 
     |             Instance              |     Arc     |  Cell   | Delay | Arrival | Required | 
     |                                   |             |         |       |  Time   |   Time   | 
     |-----------------------------------+-------------+---------+-------+---------+----------| 
     | picorv32_core_mem_rdata_q_reg[22] | CK ^        |         |       |  -0.005 |   -0.024 | 
     | picorv32_core_mem_rdata_q_reg[22] | CK ^ -> Q v | DFFHQX1 | 0.059 |   0.054 |    0.035 | 
     | picorv32_core_pcpi_insn_reg[22]   | D v         | DFFHQX1 | 0.000 |   0.054 |    0.035 | 
     +----------------------------------------------------------------------------------------+ 
Path 26: MET Hold Check with Pin picorv32_core_mem_addr_reg[19]/CK 
Endpoint:   picorv32_core_mem_addr_reg[19]/D (v) checked with  leading edge of 
'clk'
Beginpoint: picorv32_core_reg_out_reg[19]/Q  (v) triggered by  leading edge of 
'clk'
Path Groups: {reg2reg}
Analysis View: analysis1
Other End Arrival Time         -0.002
+ Hold                          0.002
+ Phase Shift                   0.000
+ Uncertainty                   0.020
= Required Time                 0.021
  Arrival Time                  0.041
  Slack Time                    0.020
     Clock Rise Edge                 0.000
     + Clock Network Latency (Prop)  -0.026
     = Beginpoint Arrival Time       -0.026
     +----------------------------------------------------------------------------------------+ 
     |            Instance            |     Arc      |   Cell    | Delay | Arrival | Required | 
     |                                |              |           |       |  Time   |   Time   | 
     |--------------------------------+--------------+-----------+-------+---------+----------| 
     | picorv32_core_reg_out_reg[19]  | CK ^         |           |       |  -0.026 |   -0.047 | 
     | picorv32_core_reg_out_reg[19]  | CK ^ -> Q v  | DFFHQX1   | 0.046 |   0.020 |   -0.001 | 
     | picorv32_core_g73934           | A0N v -> Y v | OAI2BB1X1 | 0.021 |   0.041 |    0.021 | 
     | picorv32_core_mem_addr_reg[19] | D v          | DFFHQX1   | 0.000 |   0.041 |    0.021 | 
     +----------------------------------------------------------------------------------------+ 
Path 27: MET Hold Check with Pin picorv32_core_pcpi_insn_reg[20]/CK 
Endpoint:   picorv32_core_pcpi_insn_reg[20]/D   (v) checked with  leading edge 
of 'clk'
Beginpoint: picorv32_core_mem_rdata_q_reg[20]/Q (v) triggered by  leading edge 
of 'clk'
Path Groups: {reg2reg}
Analysis View: analysis1
Other End Arrival Time          0.014
+ Hold                          0.000
+ Phase Shift                   0.000
+ Uncertainty                   0.020
= Required Time                 0.034
  Arrival Time                  0.056
  Slack Time                    0.021
     Clock Rise Edge                 0.000
     + Clock Network Latency (Prop)  -0.006
     = Beginpoint Arrival Time       -0.006
     +----------------------------------------------------------------------------------------+ 
     |             Instance              |     Arc     |  Cell   | Delay | Arrival | Required | 
     |                                   |             |         |       |  Time   |   Time   | 
     |-----------------------------------+-------------+---------+-------+---------+----------| 
     | picorv32_core_mem_rdata_q_reg[20] | CK ^        |         |       |  -0.006 |   -0.027 | 
     | picorv32_core_mem_rdata_q_reg[20] | CK ^ -> Q v | DFFHQX1 | 0.061 |   0.056 |    0.034 | 
     | picorv32_core_pcpi_insn_reg[20]   | D v         | DFFHQX1 | 0.000 |   0.056 |    0.034 | 
     +----------------------------------------------------------------------------------------+ 
Path 28: MET Hold Check with Pin picorv32_core_eoi_reg[24]/CK 
Endpoint:   picorv32_core_eoi_reg[24]/D         (v) checked with  leading edge 
of 'clk'
Beginpoint: picorv32_core_irq_pending_reg[24]/Q (v) triggered by  leading edge 
of 'clk'
Path Groups: {reg2reg}
Analysis View: analysis1
Other End Arrival Time          0.003
+ Hold                          0.003
+ Phase Shift                   0.000
+ Uncertainty                   0.020
= Required Time                 0.026
  Arrival Time                  0.047
  Slack Time                    0.021
     Clock Rise Edge                 0.000
     + Clock Network Latency (Prop)  -0.026
     = Beginpoint Arrival Time       -0.026
     +-----------------------------------------------------------------------------------------+ 
     |             Instance              |     Arc     |   Cell   | Delay | Arrival | Required | 
     |                                   |             |          |       |  Time   |   Time   | 
     |-----------------------------------+-------------+----------+-------+---------+----------| 
     | picorv32_core_irq_pending_reg[24] | CK ^        |          |       |  -0.026 |   -0.047 | 
     | picorv32_core_irq_pending_reg[24] | CK ^ -> Q v | DFFHQX1  | 0.047 |   0.021 |   -0.000 | 
     | picorv32_core_g67102__9315        | B v -> Y ^  | NAND2BX1 | 0.014 |   0.035 |    0.014 | 
     | picorv32_core_g74226              | B ^ -> Y v  | NOR3X1   | 0.012 |   0.047 |    0.026 | 
     | picorv32_core_eoi_reg[24]         | D v         | DFFHQX1  | 0.000 |   0.047 |    0.026 | 
     +-----------------------------------------------------------------------------------------+ 
Path 29: MET Hold Check with Pin picorv32_core_eoi_reg[26]/CK 
Endpoint:   picorv32_core_eoi_reg[26]/D         (v) checked with  leading edge 
of 'clk'
Beginpoint: picorv32_core_irq_pending_reg[26]/Q (v) triggered by  leading edge 
of 'clk'
Path Groups: {reg2reg}
Analysis View: analysis1
Other End Arrival Time          0.003
+ Hold                          0.002
+ Phase Shift                   0.000
+ Uncertainty                   0.020
= Required Time                 0.026
  Arrival Time                  0.047
  Slack Time                    0.021
     Clock Rise Edge                 0.000
     + Clock Network Latency (Prop)  -0.026
     = Beginpoint Arrival Time       -0.026
     +-----------------------------------------------------------------------------------------+ 
     |             Instance              |     Arc     |   Cell   | Delay | Arrival | Required | 
     |                                   |             |          |       |  Time   |   Time   | 
     |-----------------------------------+-------------+----------+-------+---------+----------| 
     | picorv32_core_irq_pending_reg[26] | CK ^        |          |       |  -0.026 |   -0.047 | 
     | picorv32_core_irq_pending_reg[26] | CK ^ -> Q v | DFFHQX1  | 0.047 |   0.021 |    0.000 | 
     | picorv32_core_g67035__7482        | B v -> Y ^  | NAND2BX1 | 0.013 |   0.034 |    0.013 | 
     | picorv32_core_g74230              | B ^ -> Y v  | NOR3X1   | 0.012 |   0.047 |    0.026 | 
     | picorv32_core_eoi_reg[26]         | D v         | DFFHQX1  | 0.000 |   0.047 |    0.026 | 
     +-----------------------------------------------------------------------------------------+ 
Path 30: MET Hold Check with Pin picorv32_core_mem_addr_reg[29]/CK 
Endpoint:   picorv32_core_mem_addr_reg[29]/D (v) checked with  leading edge of 
'clk'
Beginpoint: picorv32_core_reg_out_reg[29]/Q  (v) triggered by  leading edge of 
'clk'
Path Groups: {reg2reg}
Analysis View: analysis1
Other End Arrival Time         -0.001
+ Hold                          0.002
+ Phase Shift                   0.000
+ Uncertainty                   0.020
= Required Time                 0.021
  Arrival Time                  0.042
  Slack Time                    0.022
     Clock Rise Edge                 0.000
     + Clock Network Latency (Prop)  -0.027
     = Beginpoint Arrival Time       -0.027
     +----------------------------------------------------------------------------------------+ 
     |            Instance            |     Arc      |   Cell    | Delay | Arrival | Required | 
     |                                |              |           |       |  Time   |   Time   | 
     |--------------------------------+--------------+-----------+-------+---------+----------| 
     | picorv32_core_reg_out_reg[29]  | CK ^         |           |       |  -0.027 |   -0.048 | 
     | picorv32_core_reg_out_reg[29]  | CK ^ -> Q v  | DFFHQX1   | 0.047 |   0.021 |   -0.001 | 
     | picorv32_core_g73945           | A0N v -> Y v | OAI2BB1X1 | 0.022 |   0.042 |    0.021 | 
     | picorv32_core_mem_addr_reg[29] | D v          | DFFHQX1   | 0.000 |   0.042 |    0.021 | 
     +----------------------------------------------------------------------------------------+ 
Path 31: MET Hold Check with Pin picorv32_core_eoi_reg[25]/CK 
Endpoint:   picorv32_core_eoi_reg[25]/D         (v) checked with  leading edge 
of 'clk'
Beginpoint: picorv32_core_irq_pending_reg[25]/Q (v) triggered by  leading edge 
of 'clk'
Path Groups: {reg2reg}
Analysis View: analysis1
Other End Arrival Time          0.003
+ Hold                          0.002
+ Phase Shift                   0.000
+ Uncertainty                   0.020
= Required Time                 0.026
  Arrival Time                  0.047
  Slack Time                    0.022
     Clock Rise Edge                 0.000
     + Clock Network Latency (Prop)  -0.026
     = Beginpoint Arrival Time       -0.026
     +-----------------------------------------------------------------------------------------+ 
     |             Instance              |     Arc     |   Cell   | Delay | Arrival | Required | 
     |                                   |             |          |       |  Time   |   Time   | 
     |-----------------------------------+-------------+----------+-------+---------+----------| 
     | picorv32_core_irq_pending_reg[25] | CK ^        |          |       |  -0.026 |   -0.047 | 
     | picorv32_core_irq_pending_reg[25] | CK ^ -> Q v | DFFHQX1  | 0.046 |   0.020 |   -0.002 | 
     | picorv32_core_g67092__1705        | B v -> Y ^  | NAND2BX1 | 0.015 |   0.035 |    0.013 | 
     | picorv32_core_g74231              | B ^ -> Y v  | NOR3X1   | 0.013 |   0.047 |    0.026 | 
     | picorv32_core_eoi_reg[25]         | D v         | DFFHQX1  | 0.000 |   0.047 |    0.026 | 
     +-----------------------------------------------------------------------------------------+ 
Path 32: MET Hold Check with Pin picorv32_core_pcpi_insn_reg[21]/CK 
Endpoint:   picorv32_core_pcpi_insn_reg[21]/D   (v) checked with  leading edge 
of 'clk'
Beginpoint: picorv32_core_mem_rdata_q_reg[21]/Q (v) triggered by  leading edge 
of 'clk'
Path Groups: {reg2reg}
Analysis View: analysis1
Other End Arrival Time          0.014
+ Hold                          0.000
+ Phase Shift                   0.000
+ Uncertainty                   0.020
= Required Time                 0.035
  Arrival Time                  0.056
  Slack Time                    0.022
     Clock Rise Edge                 0.000
     + Clock Network Latency (Prop)  -0.006
     = Beginpoint Arrival Time       -0.006
     +----------------------------------------------------------------------------------------+ 
     |             Instance              |     Arc     |  Cell   | Delay | Arrival | Required | 
     |                                   |             |         |       |  Time   |   Time   | 
     |-----------------------------------+-------------+---------+-------+---------+----------| 
     | picorv32_core_mem_rdata_q_reg[21] | CK ^        |         |       |  -0.006 |   -0.027 | 
     | picorv32_core_mem_rdata_q_reg[21] | CK ^ -> Q v | DFFHQX1 | 0.062 |   0.056 |    0.034 | 
     | picorv32_core_pcpi_insn_reg[21]   | D v         | DFFHQX1 | 0.000 |   0.056 |    0.035 | 
     +----------------------------------------------------------------------------------------+ 
Path 33: MET Hold Check with Pin wbm_dat_o_reg[25]/CK 
Endpoint:   wbm_dat_o_reg[25]/D               (v) checked with  leading edge of 
'clk'
Beginpoint: picorv32_core_mem_wdata_reg[25]/Q (v) triggered by  leading edge of 
'clk'
Path Groups: {reg2reg}
Analysis View: analysis1
Other End Arrival Time          0.003
+ Hold                          0.003
+ Phase Shift                   0.000
+ Uncertainty                   0.020
= Required Time                 0.026
  Arrival Time                  0.048
  Slack Time                    0.022
     Clock Rise Edge                 0.000
     + Clock Network Latency (Prop)  -0.009
     = Beginpoint Arrival Time       -0.009
     +--------------------------------------------------------------------------------------+ 
     |            Instance             |     Arc     |  Cell   | Delay | Arrival | Required | 
     |                                 |             |         |       |  Time   |   Time   | 
     |---------------------------------+-------------+---------+-------+---------+----------| 
     | picorv32_core_mem_wdata_reg[25] | CK ^        |         |       |  -0.009 |   -0.031 | 
     | picorv32_core_mem_wdata_reg[25] | CK ^ -> Q v | DFFHQX1 | 0.041 |   0.033 |    0.011 | 
     | g727__2802                      | AN v -> Y v | NOR2BX1 | 0.016 |   0.048 |    0.026 | 
     | wbm_dat_o_reg[25]               | D v         | DFFHQX8 | 0.000 |   0.048 |    0.026 | 
     +--------------------------------------------------------------------------------------+ 
Path 34: MET Hold Check with Pin picorv32_core_pcpi_insn_reg[15]/CK 
Endpoint:   picorv32_core_pcpi_insn_reg[15]/D   (v) checked with  leading edge 
of 'clk'
Beginpoint: picorv32_core_mem_rdata_q_reg[15]/Q (v) triggered by  leading edge 
of 'clk'
Path Groups: {reg2reg}
Analysis View: analysis1
Other End Arrival Time          0.013
+ Hold                          0.000
+ Phase Shift                   0.000
+ Uncertainty                   0.020
= Required Time                 0.034
  Arrival Time                  0.056
  Slack Time                    0.022
     Clock Rise Edge                 0.000
     + Clock Network Latency (Prop)  -0.006
     = Beginpoint Arrival Time       -0.006
     +----------------------------------------------------------------------------------------+ 
     |             Instance              |     Arc     |  Cell   | Delay | Arrival | Required | 
     |                                   |             |         |       |  Time   |   Time   | 
     |-----------------------------------+-------------+---------+-------+---------+----------| 
     | picorv32_core_mem_rdata_q_reg[15] | CK ^        |         |       |  -0.006 |   -0.028 | 
     | picorv32_core_mem_rdata_q_reg[15] | CK ^ -> Q v | DFFHQX1 | 0.062 |   0.056 |    0.034 | 
     | picorv32_core_pcpi_insn_reg[15]   | D v         | DFFHQX1 | 0.000 |   0.056 |    0.034 | 
     +----------------------------------------------------------------------------------------+ 
Path 35: MET Hold Check with Pin wbm_dat_o_reg[5]/CK 
Endpoint:   wbm_dat_o_reg[5]/D               (v) checked with  leading edge of 
'clk'
Beginpoint: picorv32_core_mem_wdata_reg[5]/Q (v) triggered by  leading edge of 
'clk'
Path Groups: {reg2reg}
Analysis View: analysis1
Other End Arrival Time          0.002
+ Hold                          0.003
+ Phase Shift                   0.000
+ Uncertainty                   0.020
= Required Time                 0.026
  Arrival Time                  0.048
  Slack Time                    0.022
     Clock Rise Edge                 0.000
     + Clock Network Latency (Prop)  -0.009
     = Beginpoint Arrival Time       -0.009
     +-------------------------------------------------------------------------------------+ 
     |            Instance            |     Arc     |  Cell   | Delay | Arrival | Required | 
     |                                |             |         |       |  Time   |   Time   | 
     |--------------------------------+-------------+---------+-------+---------+----------| 
     | picorv32_core_mem_wdata_reg[5] | CK ^        |         |       |  -0.009 |   -0.031 | 
     | picorv32_core_mem_wdata_reg[5] | CK ^ -> Q v | DFFHQX1 | 0.041 |   0.032 |    0.010 | 
     | g758__8246                     | AN v -> Y v | NOR2BX1 | 0.015 |   0.048 |    0.026 | 
     | wbm_dat_o_reg[5]               | D v         | DFFHQX8 | 0.000 |   0.048 |    0.026 | 
     +-------------------------------------------------------------------------------------+ 
Path 36: MET Hold Check with Pin wbm_dat_o_reg[23]/CK 
Endpoint:   wbm_dat_o_reg[23]/D               (v) checked with  leading edge of 
'clk'
Beginpoint: picorv32_core_mem_wdata_reg[23]/Q (v) triggered by  leading edge of 
'clk'
Path Groups: {reg2reg}
Analysis View: analysis1
Other End Arrival Time          0.002
+ Hold                          0.003
+ Phase Shift                   0.000
+ Uncertainty                   0.020
= Required Time                 0.026
  Arrival Time                  0.048
  Slack Time                    0.022
     Clock Rise Edge                 0.000
     + Clock Network Latency (Prop)  -0.009
     = Beginpoint Arrival Time       -0.009
     +--------------------------------------------------------------------------------------+ 
     |            Instance             |     Arc     |  Cell   | Delay | Arrival | Required | 
     |                                 |             |         |       |  Time   |   Time   | 
     |---------------------------------+-------------+---------+-------+---------+----------| 
     | picorv32_core_mem_wdata_reg[23] | CK ^        |         |       |  -0.009 |   -0.031 | 
     | picorv32_core_mem_wdata_reg[23] | CK ^ -> Q v | DFFHQX1 | 0.041 |   0.032 |    0.010 | 
     | g733__1881                      | AN v -> Y v | NOR2BX1 | 0.016 |   0.048 |    0.026 | 
     | wbm_dat_o_reg[23]               | D v         | DFFHQX8 | 0.000 |   0.048 |    0.026 | 
     +--------------------------------------------------------------------------------------+ 
Path 37: MET Hold Check with Pin wbm_dat_o_reg[16]/CK 
Endpoint:   wbm_dat_o_reg[16]/D               (v) checked with  leading edge of 
'clk'
Beginpoint: picorv32_core_mem_wdata_reg[16]/Q (v) triggered by  leading edge of 
'clk'
Path Groups: {reg2reg}
Analysis View: analysis1
Other End Arrival Time          0.002
+ Hold                          0.003
+ Phase Shift                   0.000
+ Uncertainty                   0.020
= Required Time                 0.025
  Arrival Time                  0.048
  Slack Time                    0.022
     Clock Rise Edge                 0.000
     + Clock Network Latency (Prop)  -0.009
     = Beginpoint Arrival Time       -0.009
     +--------------------------------------------------------------------------------------+ 
     |            Instance             |     Arc     |  Cell   | Delay | Arrival | Required | 
     |                                 |             |         |       |  Time   |   Time   | 
     |---------------------------------+-------------+---------+-------+---------+----------| 
     | picorv32_core_mem_wdata_reg[16] | CK ^        |         |       |  -0.009 |   -0.031 | 
     | picorv32_core_mem_wdata_reg[16] | CK ^ -> Q v | DFFHQX1 | 0.041 |   0.032 |    0.010 | 
     | g773__5477                      | AN v -> Y v | NOR2BX1 | 0.015 |   0.048 |    0.025 | 
     | wbm_dat_o_reg[16]               | D v         | DFFHQX8 | 0.000 |   0.048 |    0.025 | 
     +--------------------------------------------------------------------------------------+ 
Path 38: MET Hold Check with Pin wbm_dat_o_reg[24]/CK 
Endpoint:   wbm_dat_o_reg[24]/D               (v) checked with  leading edge of 
'clk'
Beginpoint: picorv32_core_mem_wdata_reg[24]/Q (v) triggered by  leading edge of 
'clk'
Path Groups: {reg2reg}
Analysis View: analysis1
Other End Arrival Time          0.003
+ Hold                          0.003
+ Phase Shift                   0.000
+ Uncertainty                   0.020
= Required Time                 0.026
  Arrival Time                  0.049
  Slack Time                    0.022
     Clock Rise Edge                 0.000
     + Clock Network Latency (Prop)  -0.008
     = Beginpoint Arrival Time       -0.008
     +--------------------------------------------------------------------------------------+ 
     |            Instance             |     Arc     |  Cell   | Delay | Arrival | Required | 
     |                                 |             |         |       |  Time   |   Time   | 
     |---------------------------------+-------------+---------+-------+---------+----------| 
     | picorv32_core_mem_wdata_reg[24] | CK ^        |         |       |  -0.008 |   -0.031 | 
     | picorv32_core_mem_wdata_reg[24] | CK ^ -> Q v | DFFHQX1 | 0.042 |   0.033 |    0.011 | 
     | g764__4733                      | AN v -> Y v | NOR2BX1 | 0.015 |   0.049 |    0.026 | 
     | wbm_dat_o_reg[24]               | D v         | DFFHQX8 | 0.000 |   0.049 |    0.026 | 
     +--------------------------------------------------------------------------------------+ 
Path 39: MET Hold Check with Pin wbm_dat_o_reg[9]/CK 
Endpoint:   wbm_dat_o_reg[9]/D               (v) checked with  leading edge of 
'clk'
Beginpoint: picorv32_core_mem_wdata_reg[9]/Q (v) triggered by  leading edge of 
'clk'
Path Groups: {reg2reg}
Analysis View: analysis1
Other End Arrival Time          0.003
+ Hold                          0.002
+ Phase Shift                   0.000
+ Uncertainty                   0.020
= Required Time                 0.025
  Arrival Time                  0.048
  Slack Time                    0.022
     Clock Rise Edge                 0.000
     + Clock Network Latency (Prop)  -0.009
     = Beginpoint Arrival Time       -0.009
     +-------------------------------------------------------------------------------------+ 
     |            Instance            |     Arc     |  Cell   | Delay | Arrival | Required | 
     |                                |             |         |       |  Time   |   Time   | 
     |--------------------------------+-------------+---------+-------+---------+----------| 
     | picorv32_core_mem_wdata_reg[9] | CK ^        |         |       |  -0.009 |   -0.031 | 
     | picorv32_core_mem_wdata_reg[9] | CK ^ -> Q v | DFFHQX1 | 0.041 |   0.032 |    0.010 | 
     | g750__8428                     | AN v -> Y v | NOR2BX1 | 0.015 |   0.048 |    0.025 | 
     | wbm_dat_o_reg[9]               | D v         | DFFHQX1 | 0.000 |   0.048 |    0.025 | 
     +-------------------------------------------------------------------------------------+ 
Path 40: MET Hold Check with Pin wbm_dat_o_reg[8]/CK 
Endpoint:   wbm_dat_o_reg[8]/D               (v) checked with  leading edge of 
'clk'
Beginpoint: picorv32_core_mem_wdata_reg[8]/Q (v) triggered by  leading edge of 
'clk'
Path Groups: {reg2reg}
Analysis View: analysis1
Other End Arrival Time          0.003
+ Hold                          0.003
+ Phase Shift                   0.000
+ Uncertainty                   0.020
= Required Time                 0.026
  Arrival Time                  0.049
  Slack Time                    0.022
     Clock Rise Edge                 0.000
     + Clock Network Latency (Prop)  -0.009
     = Beginpoint Arrival Time       -0.009
     +-------------------------------------------------------------------------------------+ 
     |            Instance            |     Arc     |  Cell   | Delay | Arrival | Required | 
     |                                |             |         |       |  Time   |   Time   | 
     |--------------------------------+-------------+---------+-------+---------+----------| 
     | picorv32_core_mem_wdata_reg[8] | CK ^        |         |       |  -0.009 |   -0.031 | 
     | picorv32_core_mem_wdata_reg[8] | CK ^ -> Q v | DFFHQX1 | 0.041 |   0.033 |    0.010 | 
     | g769__2346                     | AN v -> Y v | NOR2BX1 | 0.016 |   0.049 |    0.026 | 
     | wbm_dat_o_reg[8]               | D v         | DFFHQX8 | 0.000 |   0.049 |    0.026 | 
     +-------------------------------------------------------------------------------------+ 
Path 41: MET Hold Check with Pin wbm_dat_o_reg[6]/CK 
Endpoint:   wbm_dat_o_reg[6]/D               (v) checked with  leading edge of 
'clk'
Beginpoint: picorv32_core_mem_wdata_reg[6]/Q (v) triggered by  leading edge of 
'clk'
Path Groups: {reg2reg}
Analysis View: analysis1
Other End Arrival Time          0.002
+ Hold                          0.003
+ Phase Shift                   0.000
+ Uncertainty                   0.020
= Required Time                 0.026
  Arrival Time                  0.048
  Slack Time                    0.022
     Clock Rise Edge                 0.000
     + Clock Network Latency (Prop)  -0.009
     = Beginpoint Arrival Time       -0.009
     +-------------------------------------------------------------------------------------+ 
     |            Instance            |     Arc     |  Cell   | Delay | Arrival | Required | 
     |                                |             |         |       |  Time   |   Time   | 
     |--------------------------------+-------------+---------+-------+---------+----------| 
     | picorv32_core_mem_wdata_reg[6] | CK ^        |         |       |  -0.009 |   -0.031 | 
     | picorv32_core_mem_wdata_reg[6] | CK ^ -> Q v | DFFHQX1 | 0.041 |   0.032 |    0.010 | 
     | g768__2883                     | AN v -> Y v | NOR2BX1 | 0.016 |   0.048 |    0.026 | 
     | wbm_dat_o_reg[6]               | D v         | DFFHQX8 | 0.000 |   0.048 |    0.026 | 
     +-------------------------------------------------------------------------------------+ 
Path 42: MET Hold Check with Pin picorv32_core_pcpi_insn_reg[24]/CK 
Endpoint:   picorv32_core_pcpi_insn_reg[24]/D   (v) checked with  leading edge 
of 'clk'
Beginpoint: picorv32_core_mem_rdata_q_reg[24]/Q (v) triggered by  leading edge 
of 'clk'
Path Groups: {reg2reg}
Analysis View: analysis1
Other End Arrival Time          0.014
+ Hold                          0.000
+ Phase Shift                   0.000
+ Uncertainty                   0.020
= Required Time                 0.034
  Arrival Time                  0.056
  Slack Time                    0.023
     Clock Rise Edge                 0.000
     + Clock Network Latency (Prop)  -0.006
     = Beginpoint Arrival Time       -0.006
     +----------------------------------------------------------------------------------------+ 
     |             Instance              |     Arc     |  Cell   | Delay | Arrival | Required | 
     |                                   |             |         |       |  Time   |   Time   | 
     |-----------------------------------+-------------+---------+-------+---------+----------| 
     | picorv32_core_mem_rdata_q_reg[24] | CK ^        |         |       |  -0.006 |   -0.028 | 
     | picorv32_core_mem_rdata_q_reg[24] | CK ^ -> Q v | DFFHQX1 | 0.062 |   0.056 |    0.034 | 
     | picorv32_core_pcpi_insn_reg[24]   | D v         | DFFHQX1 | 0.000 |   0.056 |    0.034 | 
     +----------------------------------------------------------------------------------------+ 
Path 43: MET Hold Check with Pin wbm_dat_o_reg[13]/CK 
Endpoint:   wbm_dat_o_reg[13]/D               (v) checked with  leading edge of 
'clk'
Beginpoint: picorv32_core_mem_wdata_reg[13]/Q (v) triggered by  leading edge of 
'clk'
Path Groups: {reg2reg}
Analysis View: analysis1
Other End Arrival Time          0.003
+ Hold                          0.003
+ Phase Shift                   0.000
+ Uncertainty                   0.020
= Required Time                 0.026
  Arrival Time                  0.049
  Slack Time                    0.023
     Clock Rise Edge                 0.000
     + Clock Network Latency (Prop)  -0.008
     = Beginpoint Arrival Time       -0.008
     +--------------------------------------------------------------------------------------+ 
     |            Instance             |     Arc     |  Cell   | Delay | Arrival | Required | 
     |                                 |             |         |       |  Time   |   Time   | 
     |---------------------------------+-------------+---------+-------+---------+----------| 
     | picorv32_core_mem_wdata_reg[13] | CK ^        |         |       |  -0.008 |   -0.031 | 
     | picorv32_core_mem_wdata_reg[13] | CK ^ -> Q v | DFFHQX1 | 0.041 |   0.033 |    0.010 | 
     | g747__5107                      | AN v -> Y v | NOR2BX1 | 0.016 |   0.049 |    0.026 | 
     | wbm_dat_o_reg[13]               | D v         | DFFHQX8 | 0.000 |   0.049 |    0.026 | 
     +--------------------------------------------------------------------------------------+ 
Path 44: MET Hold Check with Pin picorv32_core_pcpi_insn_reg[29]/CK 
Endpoint:   picorv32_core_pcpi_insn_reg[29]/D   (v) checked with  leading edge 
of 'clk'
Beginpoint: picorv32_core_mem_rdata_q_reg[29]/Q (v) triggered by  leading edge 
of 'clk'
Path Groups: {reg2reg}
Analysis View: analysis1
Other End Arrival Time          0.014
+ Hold                          0.000
+ Phase Shift                   0.000
+ Uncertainty                   0.020
= Required Time                 0.034
  Arrival Time                  0.057
  Slack Time                    0.023
     Clock Rise Edge                 0.000
     + Clock Network Latency (Prop)  -0.005
     = Beginpoint Arrival Time       -0.005
     +----------------------------------------------------------------------------------------+ 
     |             Instance              |     Arc     |  Cell   | Delay | Arrival | Required | 
     |                                   |             |         |       |  Time   |   Time   | 
     |-----------------------------------+-------------+---------+-------+---------+----------| 
     | picorv32_core_mem_rdata_q_reg[29] | CK ^        |         |       |  -0.005 |   -0.028 | 
     | picorv32_core_mem_rdata_q_reg[29] | CK ^ -> Q v | DFFHQX1 | 0.062 |   0.056 |    0.034 | 
     | picorv32_core_pcpi_insn_reg[29]   | D v         | DFFHQX1 | 0.000 |   0.057 |    0.034 | 
     +----------------------------------------------------------------------------------------+ 
Path 45: MET Hold Check with Pin wbm_dat_o_reg[15]/CK 
Endpoint:   wbm_dat_o_reg[15]/D               (v) checked with  leading edge of 
'clk'
Beginpoint: picorv32_core_mem_wdata_reg[15]/Q (v) triggered by  leading edge of 
'clk'
Path Groups: {reg2reg}
Analysis View: analysis1
Other End Arrival Time          0.003
+ Hold                          0.003
+ Phase Shift                   0.000
+ Uncertainty                   0.020
= Required Time                 0.026
  Arrival Time                  0.049
  Slack Time                    0.023
     Clock Rise Edge                 0.000
     + Clock Network Latency (Prop)  -0.009
     = Beginpoint Arrival Time       -0.009
     +--------------------------------------------------------------------------------------+ 
     |            Instance             |     Arc     |  Cell   | Delay | Arrival | Required | 
     |                                 |             |         |       |  Time   |   Time   | 
     |---------------------------------+-------------+---------+-------+---------+----------| 
     | picorv32_core_mem_wdata_reg[15] | CK ^        |         |       |  -0.009 |   -0.031 | 
     | picorv32_core_mem_wdata_reg[15] | CK ^ -> Q v | DFFHQX1 | 0.041 |   0.033 |    0.010 | 
     | g723__5526                      | AN v -> Y v | NOR2BX1 | 0.016 |   0.049 |    0.026 | 
     | wbm_dat_o_reg[15]               | D v         | DFFHQX8 | 0.000 |   0.049 |    0.026 | 
     +--------------------------------------------------------------------------------------+ 
Path 46: MET Hold Check with Pin wbm_dat_o_reg[21]/CK 
Endpoint:   wbm_dat_o_reg[21]/D               (v) checked with  leading edge of 
'clk'
Beginpoint: picorv32_core_mem_wdata_reg[21]/Q (v) triggered by  leading edge of 
'clk'
Path Groups: {reg2reg}
Analysis View: analysis1
Other End Arrival Time          0.002
+ Hold                          0.003
+ Phase Shift                   0.000
+ Uncertainty                   0.020
= Required Time                 0.026
  Arrival Time                  0.048
  Slack Time                    0.023
     Clock Rise Edge                 0.000
     + Clock Network Latency (Prop)  -0.009
     = Beginpoint Arrival Time       -0.009
     +--------------------------------------------------------------------------------------+ 
     |            Instance             |     Arc     |  Cell   | Delay | Arrival | Required | 
     |                                 |             |         |       |  Time   |   Time   | 
     |---------------------------------+-------------+---------+-------+---------+----------| 
     | picorv32_core_mem_wdata_reg[21] | CK ^        |         |       |  -0.009 |   -0.031 | 
     | picorv32_core_mem_wdata_reg[21] | CK ^ -> Q v | DFFHQX1 | 0.042 |   0.033 |    0.010 | 
     | g732__6131                      | AN v -> Y v | NOR2BX1 | 0.015 |   0.048 |    0.026 | 
     | wbm_dat_o_reg[21]               | D v         | DFFHQX8 | 0.000 |   0.048 |    0.026 | 
     +--------------------------------------------------------------------------------------+ 
Path 47: MET Hold Check with Pin picorv32_core_eoi_reg[28]/CK 
Endpoint:   picorv32_core_eoi_reg[28]/D         (v) checked with  leading edge 
of 'clk'
Beginpoint: picorv32_core_irq_pending_reg[28]/Q (v) triggered by  leading edge 
of 'clk'
Path Groups: {reg2reg}
Analysis View: analysis1
Other End Arrival Time          0.003
+ Hold                          0.003
+ Phase Shift                   0.000
+ Uncertainty                   0.020
= Required Time                 0.026
  Arrival Time                  0.048
  Slack Time                    0.023
     Clock Rise Edge                 0.000
     + Clock Network Latency (Prop)  -0.026
     = Beginpoint Arrival Time       -0.026
     +-----------------------------------------------------------------------------------------+ 
     |             Instance              |     Arc     |   Cell   | Delay | Arrival | Required | 
     |                                   |             |          |       |  Time   |   Time   | 
     |-----------------------------------+-------------+----------+-------+---------+----------| 
     | picorv32_core_irq_pending_reg[28] | CK ^        |          |       |  -0.026 |   -0.048 | 
     | picorv32_core_irq_pending_reg[28] | CK ^ -> Q v | DFFHQX1  | 0.047 |   0.021 |   -0.001 | 
     | picorv32_core_g67099__7482        | B v -> Y ^  | NAND2BX1 | 0.015 |   0.037 |    0.014 | 
     | picorv32_core_g74228              | B ^ -> Y v  | NOR3X1   | 0.012 |   0.048 |    0.026 | 
     | picorv32_core_eoi_reg[28]         | D v         | DFFHQX1  | 0.000 |   0.048 |    0.026 | 
     +-----------------------------------------------------------------------------------------+ 
Path 48: MET Hold Check with Pin picorv32_core_eoi_reg[20]/CK 
Endpoint:   picorv32_core_eoi_reg[20]/D         (v) checked with  leading edge 
of 'clk'
Beginpoint: picorv32_core_irq_pending_reg[20]/Q (v) triggered by  leading edge 
of 'clk'
Path Groups: {reg2reg}
Analysis View: analysis1
Other End Arrival Time          0.003
+ Hold                          0.003
+ Phase Shift                   0.000
+ Uncertainty                   0.020
= Required Time                 0.026
  Arrival Time                  0.048
  Slack Time                    0.023
     Clock Rise Edge                 0.000
     + Clock Network Latency (Prop)  -0.026
     = Beginpoint Arrival Time       -0.026
     +-----------------------------------------------------------------------------------------+ 
     |             Instance              |     Arc     |   Cell   | Delay | Arrival | Required | 
     |                                   |             |          |       |  Time   |   Time   | 
     |-----------------------------------+-------------+----------+-------+---------+----------| 
     | picorv32_core_irq_pending_reg[20] | CK ^        |          |       |  -0.026 |   -0.048 | 
     | picorv32_core_irq_pending_reg[20] | CK ^ -> Q v | DFFHQX1  | 0.046 |   0.020 |   -0.002 | 
     | picorv32_core_g67075__9945        | B v -> Y ^  | NAND2BX1 | 0.016 |   0.036 |    0.013 | 
     | picorv32_core_g74198              | B ^ -> Y v  | NOR3X1   | 0.012 |   0.048 |    0.026 | 
     | picorv32_core_eoi_reg[20]         | D v         | DFFHQX1  | 0.000 |   0.048 |    0.026 | 
     +-----------------------------------------------------------------------------------------+ 
Path 49: MET Hold Check with Pin wbm_dat_o_reg[27]/CK 
Endpoint:   wbm_dat_o_reg[27]/D               (v) checked with  leading edge of 
'clk'
Beginpoint: picorv32_core_mem_wdata_reg[27]/Q (v) triggered by  leading edge of 
'clk'
Path Groups: {reg2reg}
Analysis View: analysis1
Other End Arrival Time          0.003
+ Hold                          0.003
+ Phase Shift                   0.000
+ Uncertainty                   0.020
= Required Time                 0.026
  Arrival Time                  0.049
  Slack Time                    0.023
     Clock Rise Edge                 0.000
     + Clock Network Latency (Prop)  -0.008
     = Beginpoint Arrival Time       -0.008
     +--------------------------------------------------------------------------------------+ 
     |            Instance             |     Arc     |  Cell   | Delay | Arrival | Required | 
     |                                 |             |         |       |  Time   |   Time   | 
     |---------------------------------+-------------+---------+-------+---------+----------| 
     | picorv32_core_mem_wdata_reg[27] | CK ^        |         |       |  -0.008 |   -0.031 | 
     | picorv32_core_mem_wdata_reg[27] | CK ^ -> Q v | DFFHQX1 | 0.041 |   0.033 |    0.010 | 
     | g729__5122                      | AN v -> Y v | NOR2BX1 | 0.017 |   0.049 |    0.026 | 
     | wbm_dat_o_reg[27]               | D v         | DFFHQX8 | 0.000 |   0.049 |    0.026 | 
     +--------------------------------------------------------------------------------------+ 
Path 50: MET Hold Check with Pin wbm_dat_o_reg[29]/CK 
Endpoint:   wbm_dat_o_reg[29]/D               (v) checked with  leading edge of 
'clk'
Beginpoint: picorv32_core_mem_wdata_reg[29]/Q (v) triggered by  leading edge of 
'clk'
Path Groups: {reg2reg}
Analysis View: analysis1
Other End Arrival Time          0.003
+ Hold                          0.003
+ Phase Shift                   0.000
+ Uncertainty                   0.020
= Required Time                 0.026
  Arrival Time                  0.049
  Slack Time                    0.023
     Clock Rise Edge                 0.000
     + Clock Network Latency (Prop)  -0.008
     = Beginpoint Arrival Time       -0.008
     +--------------------------------------------------------------------------------------+ 
     |            Instance             |     Arc     |  Cell   | Delay | Arrival | Required | 
     |                                 |             |         |       |  Time   |   Time   | 
     |---------------------------------+-------------+---------+-------+---------+----------| 
     | picorv32_core_mem_wdata_reg[29] | CK ^        |         |       |  -0.008 |   -0.031 | 
     | picorv32_core_mem_wdata_reg[29] | CK ^ -> Q v | DFFHQX1 | 0.041 |   0.033 |    0.010 | 
     | g728__1705                      | AN v -> Y v | NOR2BX1 | 0.016 |   0.049 |    0.026 | 
     | wbm_dat_o_reg[29]               | D v         | DFFHQX8 | 0.000 |   0.049 |    0.026 | 
     +--------------------------------------------------------------------------------------+ 

