Update analysis mode checkType setup to match with power corner max.

Power Net Detected:
        Voltage	    Name
             0V	    VSS
          1.32V	    VDD
Using Power View: analysis1.
AAE_INFO: opIsDesignInPostRouteState() is 1
AAE DB initialization (MEM=1564.45 CPU=0:00:00.0 REAL=0:00:00.0) 
#################################################################################
# Design Stage: PostRoute
# Design Name: picorv32_wb
# Design Mode: 90nm
# Analysis Mode: MMMC Non-OCV 
# Parasitics Mode: No SPEF/RCDB 
# Signoff Settings: SI Off 
#################################################################################
Extraction called for design 'picorv32_wb' of instances=10099 and nets=11162 using extraction engine 'preRoute' .
**WARN: (IMPEXT-3530):	The process node is not set. Use the command setDesignMode -process <process node> prior to extraction for maximum accuracy and optimal automatic threshold setting.
Type 'man IMPEXT-3530' for more detail.
PreRoute RC Extraction called for design picorv32_wb.
RC Extraction called in multi-corner(1) mode.
RCMode: PreRoute
      RC Corner Indexes            0   
Capacitance Scaling Factor   : 1.00000 
Resistance Scaling Factor    : 1.00000 
Clock Cap. Scaling Factor    : 1.00000 
Clock Res. Scaling Factor    : 1.00000 
Shrink Factor                : 1.00000
PreRoute extraction is honoring NDR/Shielding/ExtraSpace for clock nets.
Using Quantus QRC technology file ...
Updating RC grid for preRoute extraction ...
Initializing multi-corner resistance tables ...
PreRoute RC Extraction DONE (CPU Time: 0:00:00.2  Real Time: 0:00:00.0  MEM: 1564.449M)
Calculate delays in Single mode...
Start delay calculation (fullDC) (1 T). (MEM=1656.76)
siFlow : Timing analysis mode is single, using late cdB files
Total number of fetched objects 11060
AAE_INFO: Total number of nets for which stage creation was skipped for all views 0
End delay calculation. (MEM=1767.75 CPU=0:00:01.7 REAL=0:00:03.0)
End delay calculation (fullDC). (MEM=1767.75 CPU=0:00:02.1 REAL=0:00:04.0)

Begin Power Analysis

             0V	    VSS
          1.32V	    VDD

Begin Processing Timing Library for Power Calculation

Begin Processing Timing Library for Power Calculation



Begin Processing Power Net/Grid for Power Calculation

Ended Processing Power Net/Grid for Power Calculation: (cpu=0:00:00, real=0:00:00, mem(process/total/peak)=1611.66MB/3042.46MB/1611.66MB)

Begin Processing Timing Window Data for Power Calculation

clk(250MHz) CK: assigning clock clk to net wb_clk_i
Ended Processing Timing Window Data for Power Calculation: (cpu=0:00:00, real=0:00:00, mem(process/total/peak)=1612.04MB/3042.46MB/1612.04MB)

Begin Processing User Attributes

Ended Processing User Attributes: (cpu=0:00:00, real=0:00:00, mem(process/total/peak)=1612.04MB/3042.46MB/1612.04MB)

Begin Processing Signal Activity


Starting Levelizing
2025-Nov-27 21:38:17 (2025-Nov-27 19:38:17 GMT)
2025-Nov-27 21:38:17 (2025-Nov-27 19:38:17 GMT): 10%
2025-Nov-27 21:38:17 (2025-Nov-27 19:38:17 GMT): 20%
2025-Nov-27 21:38:18 (2025-Nov-27 19:38:18 GMT): 30%
2025-Nov-27 21:38:18 (2025-Nov-27 19:38:18 GMT): 40%
2025-Nov-27 21:38:18 (2025-Nov-27 19:38:18 GMT): 50%
2025-Nov-27 21:38:18 (2025-Nov-27 19:38:18 GMT): 60%
2025-Nov-27 21:38:18 (2025-Nov-27 19:38:18 GMT): 70%
2025-Nov-27 21:38:18 (2025-Nov-27 19:38:18 GMT): 80%
2025-Nov-27 21:38:18 (2025-Nov-27 19:38:18 GMT): 90%

Finished Levelizing
2025-Nov-27 21:38:18 (2025-Nov-27 19:38:18 GMT)

Starting Activity Propagation
2025-Nov-27 21:38:18 (2025-Nov-27 19:38:18 GMT)
2025-Nov-27 21:38:18 (2025-Nov-27 19:38:18 GMT): 10%
2025-Nov-27 21:38:18 (2025-Nov-27 19:38:18 GMT): 20%

Finished Activity Propagation
2025-Nov-27 21:38:18 (2025-Nov-27 19:38:18 GMT)
Ended Processing Signal Activity: (cpu=0:00:00, real=0:00:00, mem(process/total/peak)=1613.04MB/3042.46MB/1613.04MB)

Begin Power Computation

      ----------------------------------------------------------
      # of cell(s) missing both power/leakage table: 0
      # of cell(s) missing power table: 0
      # of cell(s) missing leakage table: 0
      ----------------------------------------------------------



Starting Calculating power
2025-Nov-27 21:38:18 (2025-Nov-27 19:38:18 GMT)
 ... Calculating switching power
2025-Nov-27 21:38:18 (2025-Nov-27 19:38:18 GMT): 10%
2025-Nov-27 21:38:18 (2025-Nov-27 19:38:18 GMT): 20%
2025-Nov-27 21:38:18 (2025-Nov-27 19:38:18 GMT): 30%
2025-Nov-27 21:38:18 (2025-Nov-27 19:38:18 GMT): 40%
2025-Nov-27 21:38:18 (2025-Nov-27 19:38:18 GMT): 50%
 ... Calculating internal and leakage power
2025-Nov-27 21:38:18 (2025-Nov-27 19:38:18 GMT): 60%
2025-Nov-27 21:38:18 (2025-Nov-27 19:38:18 GMT): 70%
2025-Nov-27 21:38:19 (2025-Nov-27 19:38:19 GMT): 80%
2025-Nov-27 21:38:19 (2025-Nov-27 19:38:19 GMT): 90%

Finished Calculating power
2025-Nov-27 21:38:19 (2025-Nov-27 19:38:19 GMT)
      # of MSMV cell(s) missing power_level: 0
Ended Power Computation: (cpu=0:00:01, real=0:00:01, mem(process/total/peak)=1615.04MB/3050.46MB/1615.04MB)

Begin Processing User Attributes

Ended Processing User Attributes: (cpu=0:00:00, real=0:00:00, mem(process/total/peak)=1615.16MB/3050.46MB/1615.16MB)

Ended Power Analysis: (cpu=0:00:01, real=0:00:01, mem(process/total/peak)=1615.16MB/3050.46MB/1615.16MB)

Begin Boundary Leakage Calculation
Ended Boundary Leakage Calculation: (cpu=0:00:00, real=0:00:00,
mem(process/total/peak)=1615.16MB/3050.46MB/1615.16MB)
Begin Static Power Report Generation
*----------------------------------------------------------------------------------------
*	Innovus 21.35-s114_1 (64bit) 10/13/2022 12:11 (Linux 3.10.0-693.el7.x86_64)
*	
*
* 	Date & Time:	2025-Nov-27 21:38:19 (2025-Nov-27 19:38:19 GMT)
*
*----------------------------------------------------------------------------------------
*
*	Design: picorv32_wb
*
*	Liberty Libraries used:
*	        analysis1: /home/p/ppapadoe/Desktop/vlsi-asic/askhsh1/innovus/picorv32_wb.dat/libs/mmmc/fast_vdd1v2_basicCells.lib
*
*	Parasitic Files used:
*
*       Power View : analysis1
*
*       User-Defined Activity : N.A.
*
*       Activity File: N.A.
*
*       Hierarchical Global Activity: N.A.
*
*       Global Activity: N.A.
*
*       Sequential Element Activity: 0.200000
*
*       Primary Input Activity: 0.200000
*
*       Default icg ratio: N.A.
*
*       Global Comb ClockGate Ratio: N.A.
*
*	Power Units = 1mW
*
*	Time Units = 1e-09 secs
*
*       report_power
*
-----------------------------------------------------------------------------------------
*



Total Power
-----------------------------------------------------------------------------------------
Total Internal Power:        5.28268057 	   50.5042%
Total Switching Power:       5.17285217 	   49.4542%
Total Leakage Power:         0.00435457 	    0.0416%
Total Power:                10.45988731
-----------------------------------------------------------------------------------------


Group                           Internal   Switching     Leakage       Total  Percentage 
                                Power      Power         Power         Power  (%)        
-----------------------------------------------------------------------------------------
Sequential                         3.537      0.4516    0.001928       3.991       38.15
Macro                                  0           0           0           0           0
IO                                     0           0           0           0           0
Combinational                      1.513       3.863    0.002378       5.379       51.43
Clock (Combinational)             0.2322      0.8578   4.814e-05        1.09       10.42
Clock (Sequential)                     0           0           0           0           0
-----------------------------------------------------------------------------------------
Total                              5.283       5.173    0.004355       10.46         100
-----------------------------------------------------------------------------------------


Rail                  Voltage   Internal   Switching     Leakage       Total  Percentage 
                                Power      Power         Power         Power  (%)        
-----------------------------------------------------------------------------------------
VDD                      1.32      5.283       5.173    0.004355       10.46         100


Clock                           Internal   Switching     Leakage       Total  Percentage 
                                Power      Power         Power         Power  (%)        
-----------------------------------------------------------------------------------------
clk                               0.2322      0.8578   4.814e-05        1.09       10.42
-----------------------------------------------------------------------------------------
Total                             0.2322      0.8578   4.814e-05        1.09       10.42
-----------------------------------------------------------------------------------------
Clock: clk
Clock Period: 0.004000 usec 
Clock Toggle Rate:   500.0000 Mhz 
Clock Static Probability:  0.5000
  
** WARN:  (VOLTUS_POWR-3424): Cell AOI22X1 has no power pin defined in LEF/PGV.

** WARN:  (VOLTUS_POWR-3424): Cell OR2X2 has no power pin defined in LEF/PGV.

** WARN:  (VOLTUS_POWR-3424): Cell OR2X1 has no power pin defined in LEF/PGV.

** WARN:  (VOLTUS_POWR-3424): Cell OA22X1 has no power pin defined in LEF/PGV.

** WARN:  (VOLTUS_POWR-3424): Cell EDFFHQX1 has no power pin defined in LEF/PGV.

** WARN:  (VOLTUS_POWR-3424): Cell AOI21X1 has no power pin defined in LEF/PGV.

** WARN:  (VOLTUS_POWR-3424): Cell AOI221X1 has no power pin defined in LEF/PGV.

** WARN:  (VOLTUS_POWR-3424): Cell INVX2 has no power pin defined in LEF/PGV.

** WARN:  (VOLTUS_POWR-3424): Cell OAI22X1 has no power pin defined in LEF/PGV.

** WARN:  (VOLTUS_POWR-3424): Cell NOR3X1 has no power pin defined in LEF/PGV.

** WARN:  (VOLTUS_POWR-3424): Cell AND2X1 has no power pin defined in LEF/PGV.

** WARN:  (VOLTUS_POWR-3424): Cell AO22X1 has no power pin defined in LEF/PGV.

** WARN:  (VOLTUS_POWR-3424): Cell BUFX8 has no power pin defined in LEF/PGV.

** WARN:  (VOLTUS_POWR-3424): Cell MDFFHQX1 has no power pin defined in LEF/PGV.

** WARN:  (VOLTUS_POWR-3424): Cell OAI2BB1X1 has no power pin defined in LEF/PGV.

** WARN:  (VOLTUS_POWR-3424): Cell NOR4X1 has no power pin defined in LEF/PGV.

** WARN:  (VOLTUS_POWR-3424): Cell OAI221X1 has no power pin defined in LEF/PGV.

** WARN:  (VOLTUS_POWR-3424): Cell ADDFX1 has no power pin defined in LEF/PGV.

** WARN:  (VOLTUS_POWR-3424): Cell AND4XL has no power pin defined in LEF/PGV.

** WARN:  (VOLTUS_POWR-3424): Cell MXI2XL has no power pin defined in LEF/PGV.

** WARN:  (EMS-27): Message (VOLTUS_POWR-3424) has exceeded the current message display limit of 20.
To increase the message display limit, refer to the product command reference manual.

 
 
-----------------------------------------------------------------------------------------
*	Power Distribution Summary: 
*              Highest Average Power:       CTS_ccl_a_buf_00015 (CLKBUFX20):          0.05036
*              Highest Leakage Power:       CTS_ccl_a_buf_00016 (CLKBUFX20):         2.21e-06
*                Total Cap:      9.18779e-11 F
*                Total instances in design: 10099
*                Total instances in design with no power:     0
*                Total instances in design with no activty:     0

*                Total Fillers and Decap:     0
-----------------------------------------------------------------------------------------
 
** INFO:  (VOLTUS_POWR-3465): There are 0 decaps and 0 fillers in the design

Ended Static Power Report Generation: (cpu=0:00:00, real=0:00:00,
mem(process/total/peak)=1621.80MB/3050.46MB/1621.80MB)

Begin Creating Binary Database
Ended Creating Binary Database: (cpu=0:00:00, real=0:00:00,
mem(process/total/peak)=2140.75MB/3828.88MB/2140.75MB)
