###############################################################
#  Generated by:      Cadence Innovus 21.35-s114_1
#  OS:                Linux x86_64(Host ID cn99.it.auth.gr)
#  Generated on:      Thu Nov 27 21:38:24 2025
#  Design:            picorv32_wb
#  Command:           report_timing -path_group reg2out -check_type hold -max_paths 50 > reports/postRouting/reg2out_hold.rpt
###############################################################
Path 1: MET Early External Delay Assertion 
Endpoint:   pcpi_insn[21]                     (^) checked with  leading edge of 
'clk'
Beginpoint: picorv32_core_pcpi_insn_reg[21]/Q (^) triggered by  leading edge of 
'clk'
Path Groups: {reg2out}
Analysis View: analysis1
Other End Arrival Time          0.000
- External Delay                0.250
+ Phase Shift                   0.000
+ Uncertainty                   0.020
= Required Time                -0.230
  Arrival Time                  0.065
  Slack Time                    0.295
     Clock Rise Edge                 0.000
     + Clock Network Latency (Prop)  -0.002
     = Beginpoint Arrival Time       -0.002
     +-------------------------------------------------------------------------------------------+ 
     |            Instance             |       Arc       |   Cell   | Delay | Arrival | Required | 
     |                                 |                 |          |       |  Time   |   Time   | 
     |---------------------------------+-----------------+----------+-------+---------+----------| 
     | picorv32_core_pcpi_insn_reg[21] | CK ^            |          |       |  -0.002 |   -0.297 | 
     | picorv32_core_pcpi_insn_reg[21] | CK ^ -> Q ^     | EDFFHQX8 | 0.067 |   0.065 |   -0.230 | 
     |                                 | pcpi_insn[21] ^ |          | 0.000 |   0.065 |   -0.230 | 
     +-------------------------------------------------------------------------------------------+ 
Path 2: MET Early External Delay Assertion 
Endpoint:   pcpi_insn[10]                     (^) checked with  leading edge of 
'clk'
Beginpoint: picorv32_core_pcpi_insn_reg[10]/Q (^) triggered by  leading edge of 
'clk'
Path Groups: {reg2out}
Analysis View: analysis1
Other End Arrival Time          0.000
- External Delay                0.250
+ Phase Shift                   0.000
+ Uncertainty                   0.020
= Required Time                -0.230
  Arrival Time                  0.065
  Slack Time                    0.295
     Clock Rise Edge                 0.000
     + Clock Network Latency (Prop)  -0.002
     = Beginpoint Arrival Time       -0.002
     +-------------------------------------------------------------------------------------------+ 
     |            Instance             |       Arc       |   Cell   | Delay | Arrival | Required | 
     |                                 |                 |          |       |  Time   |   Time   | 
     |---------------------------------+-----------------+----------+-------+---------+----------| 
     | picorv32_core_pcpi_insn_reg[10] | CK ^            |          |       |  -0.002 |   -0.297 | 
     | picorv32_core_pcpi_insn_reg[10] | CK ^ -> Q ^     | EDFFHQX8 | 0.067 |   0.065 |   -0.231 | 
     |                                 | pcpi_insn[10] ^ |          | 0.001 |   0.065 |   -0.230 | 
     +-------------------------------------------------------------------------------------------+ 
Path 3: MET Early External Delay Assertion 
Endpoint:   pcpi_insn[22]                     (^) checked with  leading edge of 
'clk'
Beginpoint: picorv32_core_pcpi_insn_reg[22]/Q (^) triggered by  leading edge of 
'clk'
Path Groups: {reg2out}
Analysis View: analysis1
Other End Arrival Time          0.000
- External Delay                0.250
+ Phase Shift                   0.000
+ Uncertainty                   0.020
= Required Time                -0.230
  Arrival Time                  0.066
  Slack Time                    0.296
     Clock Rise Edge                 0.000
     + Clock Network Latency (Prop)  -0.002
     = Beginpoint Arrival Time       -0.002
     +-------------------------------------------------------------------------------------------+ 
     |            Instance             |       Arc       |   Cell   | Delay | Arrival | Required | 
     |                                 |                 |          |       |  Time   |   Time   | 
     |---------------------------------+-----------------+----------+-------+---------+----------| 
     | picorv32_core_pcpi_insn_reg[22] | CK ^            |          |       |  -0.002 |   -0.298 | 
     | picorv32_core_pcpi_insn_reg[22] | CK ^ -> Q ^     | EDFFHQX8 | 0.067 |   0.065 |   -0.231 | 
     |                                 | pcpi_insn[22] ^ |          | 0.001 |   0.066 |   -0.230 | 
     +-------------------------------------------------------------------------------------------+ 
Path 4: MET Early External Delay Assertion 
Endpoint:   pcpi_insn[8]                     (^) checked with  leading edge of 
'clk'
Beginpoint: picorv32_core_pcpi_insn_reg[8]/Q (^) triggered by  leading edge of 
'clk'
Path Groups: {reg2out}
Analysis View: analysis1
Other End Arrival Time          0.000
- External Delay                0.250
+ Phase Shift                   0.000
+ Uncertainty                   0.020
= Required Time                -0.230
  Arrival Time                  0.066
  Slack Time                    0.296
     Clock Rise Edge                 0.000
     + Clock Network Latency (Prop)  -0.002
     = Beginpoint Arrival Time       -0.002
     +-----------------------------------------------------------------------------------------+ 
     |            Instance            |      Arc       |   Cell   | Delay | Arrival | Required | 
     |                                |                |          |       |  Time   |   Time   | 
     |--------------------------------+----------------+----------+-------+---------+----------| 
     | picorv32_core_pcpi_insn_reg[8] | CK ^           |          |       |  -0.002 |   -0.298 | 
     | picorv32_core_pcpi_insn_reg[8] | CK ^ -> Q ^    | EDFFHQX8 | 0.067 |   0.065 |   -0.231 | 
     |                                | pcpi_insn[8] ^ |          | 0.001 |   0.066 |   -0.230 | 
     +-----------------------------------------------------------------------------------------+ 
Path 5: MET Early External Delay Assertion 
Endpoint:   pcpi_insn[15]                     (^) checked with  leading edge of 
'clk'
Beginpoint: picorv32_core_pcpi_insn_reg[15]/Q (^) triggered by  leading edge of 
'clk'
Path Groups: {reg2out}
Analysis View: analysis1
Other End Arrival Time          0.000
- External Delay                0.250
+ Phase Shift                   0.000
+ Uncertainty                   0.020
= Required Time                -0.230
  Arrival Time                  0.067
  Slack Time                    0.297
     Clock Rise Edge                 0.000
     + Clock Network Latency (Prop)  -0.001
     = Beginpoint Arrival Time       -0.001
     +-------------------------------------------------------------------------------------------+ 
     |            Instance             |       Arc       |   Cell   | Delay | Arrival | Required | 
     |                                 |                 |          |       |  Time   |   Time   | 
     |---------------------------------+-----------------+----------+-------+---------+----------| 
     | picorv32_core_pcpi_insn_reg[15] | CK ^            |          |       |  -0.001 |   -0.298 | 
     | picorv32_core_pcpi_insn_reg[15] | CK ^ -> Q ^     | EDFFHQX8 | 0.066 |   0.065 |   -0.232 | 
     |                                 | pcpi_insn[15] ^ |          | 0.002 |   0.067 |   -0.230 | 
     +-------------------------------------------------------------------------------------------+ 
Path 6: MET Early External Delay Assertion 
Endpoint:   pcpi_insn[9]                     (^) checked with  leading edge of 
'clk'
Beginpoint: picorv32_core_pcpi_insn_reg[9]/Q (^) triggered by  leading edge of 
'clk'
Path Groups: {reg2out}
Analysis View: analysis1
Other End Arrival Time          0.000
- External Delay                0.250
+ Phase Shift                   0.000
+ Uncertainty                   0.020
= Required Time                -0.230
  Arrival Time                  0.075
  Slack Time                    0.305
     Clock Rise Edge                 0.000
     + Clock Network Latency (Prop)  -0.002
     = Beginpoint Arrival Time       -0.002
     +-----------------------------------------------------------------------------------------+ 
     |            Instance            |      Arc       |   Cell   | Delay | Arrival | Required | 
     |                                |                |          |       |  Time   |   Time   | 
     |--------------------------------+----------------+----------+-------+---------+----------| 
     | picorv32_core_pcpi_insn_reg[9] | CK ^           |          |       |  -0.002 |   -0.307 | 
     | picorv32_core_pcpi_insn_reg[9] | CK ^ -> Q ^    | EDFFHQX1 | 0.043 |   0.041 |   -0.264 | 
     | FE_OFC542_pcpi_insn_9          | A ^ -> Y ^     | CLKBUFX8 | 0.034 |   0.074 |   -0.231 | 
     |                                | pcpi_insn[9] ^ |          | 0.001 |   0.075 |   -0.230 | 
     +-----------------------------------------------------------------------------------------+ 
Path 7: MET Early External Delay Assertion 
Endpoint:   pcpi_insn[16]                     (^) checked with  leading edge of 
'clk'
Beginpoint: picorv32_core_pcpi_insn_reg[16]/Q (^) triggered by  leading edge of 
'clk'
Path Groups: {reg2out}
Analysis View: analysis1
Other End Arrival Time          0.000
- External Delay                0.250
+ Phase Shift                   0.000
+ Uncertainty                   0.020
= Required Time                -0.230
  Arrival Time                  0.075
  Slack Time                    0.305
     Clock Rise Edge                 0.000
     + Clock Network Latency (Prop)  -0.002
     = Beginpoint Arrival Time       -0.002
     +-------------------------------------------------------------------------------------------+ 
     |            Instance             |       Arc       |   Cell   | Delay | Arrival | Required | 
     |                                 |                 |          |       |  Time   |   Time   | 
     |---------------------------------+-----------------+----------+-------+---------+----------| 
     | picorv32_core_pcpi_insn_reg[16] | CK ^            |          |       |  -0.002 |   -0.307 | 
     | picorv32_core_pcpi_insn_reg[16] | CK ^ -> Q ^     | EDFFHQX1 | 0.043 |   0.041 |   -0.264 | 
     | FE_OFC540_pcpi_insn_16          | A ^ -> Y ^      | CLKBUFX8 | 0.034 |   0.075 |   -0.231 | 
     |                                 | pcpi_insn[16] ^ |          | 0.001 |   0.075 |   -0.230 | 
     +-------------------------------------------------------------------------------------------+ 
Path 8: MET Early External Delay Assertion 
Endpoint:   pcpi_insn[18]                     (^) checked with  leading edge of 
'clk'
Beginpoint: picorv32_core_pcpi_insn_reg[18]/Q (^) triggered by  leading edge of 
'clk'
Path Groups: {reg2out}
Analysis View: analysis1
Other End Arrival Time          0.000
- External Delay                0.250
+ Phase Shift                   0.000
+ Uncertainty                   0.020
= Required Time                -0.230
  Arrival Time                  0.076
  Slack Time                    0.306
     Clock Rise Edge                 0.000
     + Clock Network Latency (Prop)  -0.002
     = Beginpoint Arrival Time       -0.002
     +-------------------------------------------------------------------------------------------+ 
     |            Instance             |       Arc       |   Cell   | Delay | Arrival | Required | 
     |                                 |                 |          |       |  Time   |   Time   | 
     |---------------------------------+-----------------+----------+-------+---------+----------| 
     | picorv32_core_pcpi_insn_reg[18] | CK ^            |          |       |  -0.002 |   -0.308 | 
     | picorv32_core_pcpi_insn_reg[18] | CK ^ -> Q ^     | EDFFHQX1 | 0.040 |   0.039 |   -0.268 | 
     | FE_OFC160_pcpi_insn_18          | A ^ -> Y v      | INVX1    | 0.014 |   0.052 |   -0.254 | 
     | FE_OFC161_pcpi_insn_18          | A v -> Y ^      | CLKINVX8 | 0.023 |   0.075 |   -0.231 | 
     |                                 | pcpi_insn[18] ^ |          | 0.001 |   0.076 |   -0.230 | 
     +-------------------------------------------------------------------------------------------+ 
Path 9: MET Early External Delay Assertion 
Endpoint:   eoi[2]                     (^) checked with  leading edge of 'clk'
Beginpoint: picorv32_core_eoi_reg[2]/Q (^) triggered by  leading edge of 'clk'
Path Groups: {reg2out}
Analysis View: analysis1
Other End Arrival Time          0.000
- External Delay                0.250
+ Phase Shift                   0.000
+ Uncertainty                   0.020
= Required Time                -0.230
  Arrival Time                  0.079
  Slack Time                    0.309
     Clock Rise Edge                 0.000
     + Clock Network Latency (Prop)  0.002
     = Beginpoint Arrival Time       0.002
     +--------------------------------------------------------------------------------+ 
     |         Instance         |     Arc     |   Cell   | Delay | Arrival | Required | 
     |                          |             |          |       |  Time   |   Time   | 
     |--------------------------+-------------+----------+-------+---------+----------| 
     | picorv32_core_eoi_reg[2] | CK ^        |          |       |   0.002 |   -0.307 | 
     | picorv32_core_eoi_reg[2] | CK ^ -> Q ^ | DFFHQX1  | 0.042 |   0.044 |   -0.265 | 
     | FE_OFC648_eoi_2          | A ^ -> Y ^  | CLKBUFX8 | 0.034 |   0.078 |   -0.231 | 
     |                          | eoi[2] ^    |          | 0.001 |   0.079 |   -0.230 | 
     +--------------------------------------------------------------------------------+ 
Path 10: MET Early External Delay Assertion 
Endpoint:   wbm_we_o       (^) checked with  leading edge of 'clk'
Beginpoint: wbm_we_o_reg/Q (^) triggered by  leading edge of 'clk'
Path Groups: {reg2out}
Analysis View: analysis1
Other End Arrival Time          0.000
- External Delay                0.250
+ Phase Shift                   0.000
+ Uncertainty                   0.020
= Required Time                -0.230
  Arrival Time                  0.079
  Slack Time                    0.309
     Clock Rise Edge                 0.000
     + Clock Network Latency (Prop)  0.003
     = Beginpoint Arrival Time       0.003
     +--------------------------------------------------------------------------+ 
     |      Instance      |     Arc     |   Cell   | Delay | Arrival | Required | 
     |                    |             |          |       |  Time   |   Time   | 
     |--------------------+-------------+----------+-------+---------+----------| 
     | wbm_we_o_reg       | CK ^        |          |       |   0.003 |   -0.306 | 
     | wbm_we_o_reg       | CK ^ -> Q ^ | DFFHQX1  | 0.041 |   0.044 |   -0.264 | 
     | FE_OFC731_wbm_we_o | A ^ -> Y ^  | CLKBUFX8 | 0.034 |   0.078 |   -0.231 | 
     |                    | wbm_we_o ^  |          | 0.001 |   0.079 |   -0.230 | 
     +--------------------------------------------------------------------------+ 
Path 11: MET Early External Delay Assertion 
Endpoint:   wbm_stb_o       (^) checked with  leading edge of 'clk'
Beginpoint: wbm_cyc_o_reg/Q (^) triggered by  leading edge of 'clk'
Path Groups: {reg2out}
Analysis View: analysis1
Other End Arrival Time          0.000
- External Delay                0.250
+ Phase Shift                   0.000
+ Uncertainty                   0.020
= Required Time                -0.230
  Arrival Time                  0.079
  Slack Time                    0.309
     Clock Rise Edge                 0.000
     + Clock Network Latency (Prop)  0.003
     = Beginpoint Arrival Time       0.003
     +---------------------------------------------------------------------------+ 
     |      Instance       |     Arc     |   Cell   | Delay | Arrival | Required | 
     |                     |             |          |       |  Time   |   Time   | 
     |---------------------+-------------+----------+-------+---------+----------| 
     | wbm_cyc_o_reg       | CK ^        |          |       |   0.003 |   -0.306 | 
     | wbm_cyc_o_reg       | CK ^ -> Q ^ | DFFHQX1  | 0.042 |   0.045 |   -0.265 | 
     | FE_OFC533_wbm_stb_o | A ^ -> Y ^  | CLKBUFX8 | 0.034 |   0.079 |   -0.231 | 
     |                     | wbm_stb_o ^ |          | 0.001 |   0.079 |   -0.230 | 
     +---------------------------------------------------------------------------+ 
Path 12: MET Early External Delay Assertion 
Endpoint:   wbm_sel_o[0]       (^) checked with  leading edge of 'clk'
Beginpoint: wbm_sel_o_reg[0]/Q (^) triggered by  leading edge of 'clk'
Path Groups: {reg2out}
Analysis View: analysis1
Other End Arrival Time          0.000
- External Delay                0.250
+ Phase Shift                   0.000
+ Uncertainty                   0.020
= Required Time                -0.230
  Arrival Time                  0.080
  Slack Time                    0.310
     Clock Rise Edge                 0.000
     + Clock Network Latency (Prop)  0.003
     = Beginpoint Arrival Time       0.003
     +--------------------------------------------------------------------------------+ 
     |       Instance        |      Arc       |   Cell   | Delay | Arrival | Required | 
     |                       |                |          |       |  Time   |   Time   | 
     |-----------------------+----------------+----------+-------+---------+----------| 
     | wbm_sel_o_reg[0]      | CK ^           |          |       |   0.003 |   -0.307 | 
     | wbm_sel_o_reg[0]      | CK ^ -> Q ^    | DFFHQX1  | 0.039 |   0.042 |   -0.268 | 
     | FE_OFC131_wbm_sel_o_0 | A ^ -> Y v     | INVX1    | 0.014 |   0.056 |   -0.253 | 
     | FE_OFC132_wbm_sel_o_0 | A v -> Y ^     | CLKINVX8 | 0.023 |   0.079 |   -0.230 | 
     |                       | wbm_sel_o[0] ^ |          | 0.000 |   0.080 |   -0.230 | 
     +--------------------------------------------------------------------------------+ 
Path 13: MET Early External Delay Assertion 
Endpoint:   wbm_sel_o[1]       (^) checked with  leading edge of 'clk'
Beginpoint: wbm_sel_o_reg[1]/Q (^) triggered by  leading edge of 'clk'
Path Groups: {reg2out}
Analysis View: analysis1
Other End Arrival Time          0.000
- External Delay                0.250
+ Phase Shift                   0.000
+ Uncertainty                   0.020
= Required Time                -0.230
  Arrival Time                  0.080
  Slack Time                    0.310
     Clock Rise Edge                 0.000
     + Clock Network Latency (Prop)  0.003
     = Beginpoint Arrival Time       0.003
     +--------------------------------------------------------------------------------+ 
     |       Instance        |      Arc       |   Cell   | Delay | Arrival | Required | 
     |                       |                |          |       |  Time   |   Time   | 
     |-----------------------+----------------+----------+-------+---------+----------| 
     | wbm_sel_o_reg[1]      | CK ^           |          |       |   0.003 |   -0.307 | 
     | wbm_sel_o_reg[1]      | CK ^ -> Q ^    | DFFHQX1  | 0.042 |   0.045 |   -0.265 | 
     | FE_OFC733_wbm_sel_o_1 | A ^ -> Y ^     | CLKBUFX8 | 0.034 |   0.079 |   -0.231 | 
     |                       | wbm_sel_o[1] ^ |          | 0.001 |   0.080 |   -0.230 | 
     +--------------------------------------------------------------------------------+ 
Path 14: MET Early External Delay Assertion 
Endpoint:   wbm_sel_o[2]       (^) checked with  leading edge of 'clk'
Beginpoint: wbm_sel_o_reg[2]/Q (^) triggered by  leading edge of 'clk'
Path Groups: {reg2out}
Analysis View: analysis1
Other End Arrival Time          0.000
- External Delay                0.250
+ Phase Shift                   0.000
+ Uncertainty                   0.020
= Required Time                -0.230
  Arrival Time                  0.080
  Slack Time                    0.310
     Clock Rise Edge                 0.000
     + Clock Network Latency (Prop)  0.003
     = Beginpoint Arrival Time       0.003
     +--------------------------------------------------------------------------------+ 
     |       Instance        |      Arc       |   Cell   | Delay | Arrival | Required | 
     |                       |                |          |       |  Time   |   Time   | 
     |-----------------------+----------------+----------+-------+---------+----------| 
     | wbm_sel_o_reg[2]      | CK ^           |          |       |   0.003 |   -0.307 | 
     | wbm_sel_o_reg[2]      | CK ^ -> Q ^    | DFFHQX1  | 0.042 |   0.045 |   -0.265 | 
     | FE_OFC728_wbm_sel_o_2 | A ^ -> Y ^     | CLKBUFX8 | 0.034 |   0.079 |   -0.230 | 
     |                       | wbm_sel_o[2] ^ |          | 0.000 |   0.080 |   -0.230 | 
     +--------------------------------------------------------------------------------+ 
Path 15: MET Early External Delay Assertion 
Endpoint:   wbm_dat_o[6]       (^) checked with  leading edge of 'clk'
Beginpoint: wbm_dat_o_reg[6]/Q (^) triggered by  leading edge of 'clk'
Path Groups: {reg2out}
Analysis View: analysis1
Other End Arrival Time          0.000
- External Delay                0.250
+ Phase Shift                   0.000
+ Uncertainty                   0.020
= Required Time                -0.230
  Arrival Time                  0.080
  Slack Time                    0.310
     Clock Rise Edge                 0.000
     + Clock Network Latency (Prop)  0.003
     = Beginpoint Arrival Time       0.003
     +--------------------------------------------------------------------------------+ 
     |       Instance        |      Arc       |   Cell   | Delay | Arrival | Required | 
     |                       |                |          |       |  Time   |   Time   | 
     |-----------------------+----------------+----------+-------+---------+----------| 
     | wbm_dat_o_reg[6]      | CK ^           |          |       |   0.003 |   -0.307 | 
     | wbm_dat_o_reg[6]      | CK ^ -> Q ^    | DFFHQX1  | 0.039 |   0.042 |   -0.268 | 
     | FE_OFC110_wbm_dat_o_6 | A ^ -> Y v     | INVX1    | 0.014 |   0.056 |   -0.253 | 
     | FE_OFC518_wbm_dat_o_6 | A v -> Y ^     | CLKINVX8 | 0.023 |   0.079 |   -0.231 | 
     |                       | wbm_dat_o[6] ^ |          | 0.001 |   0.080 |   -0.230 | 
     +--------------------------------------------------------------------------------+ 
Path 16: MET Early External Delay Assertion 
Endpoint:   wbm_dat_o[4]       (^) checked with  leading edge of 'clk'
Beginpoint: wbm_dat_o_reg[4]/Q (^) triggered by  leading edge of 'clk'
Path Groups: {reg2out}
Analysis View: analysis1
Other End Arrival Time          0.000
- External Delay                0.250
+ Phase Shift                   0.000
+ Uncertainty                   0.020
= Required Time                -0.230
  Arrival Time                  0.080
  Slack Time                    0.310
     Clock Rise Edge                 0.000
     + Clock Network Latency (Prop)  0.003
     = Beginpoint Arrival Time       0.003
     +--------------------------------------------------------------------------------+ 
     |       Instance        |      Arc       |   Cell   | Delay | Arrival | Required | 
     |                       |                |          |       |  Time   |   Time   | 
     |-----------------------+----------------+----------+-------+---------+----------| 
     | wbm_dat_o_reg[4]      | CK ^           |          |       |   0.003 |   -0.307 | 
     | wbm_dat_o_reg[4]      | CK ^ -> Q ^    | DFFHQX1  | 0.040 |   0.042 |   -0.268 | 
     | FE_OFC114_wbm_dat_o_4 | A ^ -> Y v     | INVX1    | 0.014 |   0.057 |   -0.253 | 
     | FE_OFC522_wbm_dat_o_4 | A v -> Y ^     | CLKINVX8 | 0.023 |   0.079 |   -0.231 | 
     |                       | wbm_dat_o[4] ^ |          | 0.001 |   0.080 |   -0.230 | 
     +--------------------------------------------------------------------------------+ 
Path 17: MET Early External Delay Assertion 
Endpoint:   wbm_dat_o[7]       (^) checked with  leading edge of 'clk'
Beginpoint: wbm_dat_o_reg[7]/Q (^) triggered by  leading edge of 'clk'
Path Groups: {reg2out}
Analysis View: analysis1
Other End Arrival Time          0.000
- External Delay                0.250
+ Phase Shift                   0.000
+ Uncertainty                   0.020
= Required Time                -0.230
  Arrival Time                  0.080
  Slack Time                    0.310
     Clock Rise Edge                 0.000
     + Clock Network Latency (Prop)  0.003
     = Beginpoint Arrival Time       0.003
     +--------------------------------------------------------------------------------+ 
     |       Instance        |      Arc       |   Cell   | Delay | Arrival | Required | 
     |                       |                |          |       |  Time   |   Time   | 
     |-----------------------+----------------+----------+-------+---------+----------| 
     | wbm_dat_o_reg[7]      | CK ^           |          |       |   0.003 |   -0.307 | 
     | wbm_dat_o_reg[7]      | CK ^ -> Q ^    | DFFHQX1  | 0.039 |   0.042 |   -0.268 | 
     | FE_OFC108_wbm_dat_o_7 | A ^ -> Y v     | INVX1    | 0.015 |   0.057 |   -0.253 | 
     | FE_OFC516_wbm_dat_o_7 | A v -> Y ^     | CLKINVX8 | 0.023 |   0.080 |   -0.231 | 
     |                       | wbm_dat_o[7] ^ |          | 0.001 |   0.080 |   -0.230 | 
     +--------------------------------------------------------------------------------+ 
Path 18: MET Early External Delay Assertion 
Endpoint:   wbm_dat_o[5]       (^) checked with  leading edge of 'clk'
Beginpoint: wbm_dat_o_reg[5]/Q (^) triggered by  leading edge of 'clk'
Path Groups: {reg2out}
Analysis View: analysis1
Other End Arrival Time          0.000
- External Delay                0.250
+ Phase Shift                   0.000
+ Uncertainty                   0.020
= Required Time                -0.230
  Arrival Time                  0.081
  Slack Time                    0.311
     Clock Rise Edge                 0.000
     + Clock Network Latency (Prop)  0.003
     = Beginpoint Arrival Time       0.003
     +--------------------------------------------------------------------------------+ 
     |       Instance        |      Arc       |   Cell   | Delay | Arrival | Required | 
     |                       |                |          |       |  Time   |   Time   | 
     |-----------------------+----------------+----------+-------+---------+----------| 
     | wbm_dat_o_reg[5]      | CK ^           |          |       |   0.003 |   -0.308 | 
     | wbm_dat_o_reg[5]      | CK ^ -> Q ^    | DFFHQX1  | 0.040 |   0.043 |   -0.268 | 
     | FE_OFC112_wbm_dat_o_5 | A ^ -> Y v     | INVX1    | 0.015 |   0.057 |   -0.253 | 
     | FE_OFC520_wbm_dat_o_5 | A v -> Y ^     | CLKINVX8 | 0.023 |   0.080 |   -0.230 | 
     |                       | wbm_dat_o[5] ^ |          | 0.001 |   0.081 |   -0.230 | 
     +--------------------------------------------------------------------------------+ 
Path 19: MET Early External Delay Assertion 
Endpoint:   eoi[4]                     (^) checked with  leading edge of 'clk'
Beginpoint: picorv32_core_eoi_reg[4]/Q (^) triggered by  leading edge of 'clk'
Path Groups: {reg2out}
Analysis View: analysis1
Other End Arrival Time          0.000
- External Delay                0.250
+ Phase Shift                   0.000
+ Uncertainty                   0.020
= Required Time                -0.230
  Arrival Time                  0.081
  Slack Time                    0.311
     Clock Rise Edge                 0.000
     + Clock Network Latency (Prop)  0.002
     = Beginpoint Arrival Time       0.002
     +--------------------------------------------------------------------------------+ 
     |         Instance         |     Arc     |   Cell   | Delay | Arrival | Required | 
     |                          |             |          |       |  Time   |   Time   | 
     |--------------------------+-------------+----------+-------+---------+----------| 
     | picorv32_core_eoi_reg[4] | CK ^        |          |       |   0.002 |   -0.309 | 
     | picorv32_core_eoi_reg[4] | CK ^ -> Q ^ | DFFHQX1  | 0.038 |   0.040 |   -0.271 | 
     | FE_OFC438_eoi_4          | A ^ -> Y v  | INVX1    | 0.017 |   0.057 |   -0.254 | 
     | FE_OFC439_eoi_4          | A v -> Y ^  | CLKINVX8 | 0.023 |   0.080 |   -0.231 | 
     |                          | eoi[4] ^    |          | 0.001 |   0.081 |   -0.230 | 
     +--------------------------------------------------------------------------------+ 
Path 20: MET Early External Delay Assertion 
Endpoint:   mem_instr                     (^) checked with  leading edge of 
'clk'
Beginpoint: picorv32_core_mem_instr_reg/Q (^) triggered by  leading edge of 
'clk'
Path Groups: {reg2out}
Analysis View: analysis1
Other End Arrival Time          0.000
- External Delay                0.250
+ Phase Shift                   0.000
+ Uncertainty                   0.020
= Required Time                -0.230
  Arrival Time                  0.081
  Slack Time                    0.311
     Clock Rise Edge                 0.000
     + Clock Network Latency (Prop)  0.003
     = Beginpoint Arrival Time       0.003
     +-----------------------------------------------------------------------------------+ 
     |          Instance           |     Arc     |   Cell   | Delay | Arrival | Required | 
     |                             |             |          |       |  Time   |   Time   | 
     |-----------------------------+-------------+----------+-------+---------+----------| 
     | picorv32_core_mem_instr_reg | CK ^        |          |       |   0.003 |   -0.308 | 
     | picorv32_core_mem_instr_reg | CK ^ -> Q ^ | EDFFHQX1 | 0.040 |   0.043 |   -0.268 | 
     | FE_OFC449_mem_instr         | A ^ -> Y v  | INVX1    | 0.015 |   0.058 |   -0.253 | 
     | FE_OFC450_mem_instr         | A v -> Y ^  | CLKINVX8 | 0.023 |   0.081 |   -0.230 | 
     |                             | mem_instr ^ |          | 0.000 |   0.081 |   -0.230 | 
     +-----------------------------------------------------------------------------------+ 
Path 21: MET Early External Delay Assertion 
Endpoint:   eoi[3]                     (^) checked with  leading edge of 'clk'
Beginpoint: picorv32_core_eoi_reg[3]/Q (^) triggered by  leading edge of 'clk'
Path Groups: {reg2out}
Analysis View: analysis1
Other End Arrival Time          0.000
- External Delay                0.250
+ Phase Shift                   0.000
+ Uncertainty                   0.020
= Required Time                -0.230
  Arrival Time                  0.081
  Slack Time                    0.311
     Clock Rise Edge                 0.000
     + Clock Network Latency (Prop)  0.002
     = Beginpoint Arrival Time       0.002
     +--------------------------------------------------------------------------------+ 
     |         Instance         |     Arc     |   Cell   | Delay | Arrival | Required | 
     |                          |             |          |       |  Time   |   Time   | 
     |--------------------------+-------------+----------+-------+---------+----------| 
     | picorv32_core_eoi_reg[3] | CK ^        |          |       |   0.002 |   -0.309 | 
     | picorv32_core_eoi_reg[3] | CK ^ -> Q ^ | DFFHQX1  | 0.037 |   0.040 |   -0.272 | 
     | FE_OFC440_eoi_3          | A ^ -> Y v  | INVX1    | 0.018 |   0.057 |   -0.254 | 
     | FE_OFC647_eoi_3          | A v -> Y ^  | CLKINVX8 | 0.024 |   0.081 |   -0.230 | 
     |                          | eoi[3] ^    |          | 0.001 |   0.081 |   -0.230 | 
     +--------------------------------------------------------------------------------+ 
Path 22: MET Early External Delay Assertion 
Endpoint:   eoi[10]                     (^) checked with  leading edge of 'clk'
Beginpoint: picorv32_core_eoi_reg[10]/Q (^) triggered by  leading edge of 'clk'
Path Groups: {reg2out}
Analysis View: analysis1
Other End Arrival Time          0.000
- External Delay                0.250
+ Phase Shift                   0.000
+ Uncertainty                   0.020
= Required Time                -0.230
  Arrival Time                  0.082
  Slack Time                    0.312
     Clock Rise Edge                 0.000
     + Clock Network Latency (Prop)  0.002
     = Beginpoint Arrival Time       0.002
     +---------------------------------------------------------------------------------+ 
     |         Instance          |     Arc     |   Cell   | Delay | Arrival | Required | 
     |                           |             |          |       |  Time   |   Time   | 
     |---------------------------+-------------+----------+-------+---------+----------| 
     | picorv32_core_eoi_reg[10] | CK ^        |          |       |   0.002 |   -0.310 | 
     | picorv32_core_eoi_reg[10] | CK ^ -> Q ^ | DFFHQX1  | 0.037 |   0.039 |   -0.272 | 
     | FE_OFC426_eoi_10          | A ^ -> Y v  | INVX1    | 0.018 |   0.058 |   -0.254 | 
     | FE_OFC637_eoi_10          | A v -> Y ^  | CLKINVX8 | 0.024 |   0.081 |   -0.230 | 
     |                           | eoi[10] ^   |          | 0.000 |   0.082 |   -0.230 | 
     +---------------------------------------------------------------------------------+ 
Path 23: MET Early External Delay Assertion 
Endpoint:   wbm_dat_o[8]       (^) checked with  leading edge of 'clk'
Beginpoint: wbm_dat_o_reg[8]/Q (^) triggered by  leading edge of 'clk'
Path Groups: {reg2out}
Analysis View: analysis1
Other End Arrival Time          0.000
- External Delay                0.250
+ Phase Shift                   0.000
+ Uncertainty                   0.020
= Required Time                -0.230
  Arrival Time                  0.082
  Slack Time                    0.312
     Clock Rise Edge                 0.000
     + Clock Network Latency (Prop)  0.004
     = Beginpoint Arrival Time       0.004
     +--------------------------------------------------------------------------------+ 
     |       Instance        |      Arc       |   Cell   | Delay | Arrival | Required | 
     |                       |                |          |       |  Time   |   Time   | 
     |-----------------------+----------------+----------+-------+---------+----------| 
     | wbm_dat_o_reg[8]      | CK ^           |          |       |   0.004 |   -0.308 | 
     | wbm_dat_o_reg[8]      | CK ^ -> Q ^    | DFFHQX1  | 0.040 |   0.043 |   -0.268 | 
     | FE_OFC106_wbm_dat_o_8 | A ^ -> Y v     | INVX1    | 0.015 |   0.058 |   -0.254 | 
     | FE_OFC107_wbm_dat_o_8 | A v -> Y ^     | CLKINVX8 | 0.023 |   0.081 |   -0.231 | 
     |                       | wbm_dat_o[8] ^ |          | 0.001 |   0.082 |   -0.230 | 
     +--------------------------------------------------------------------------------+ 
Path 24: MET Early External Delay Assertion 
Endpoint:   eoi[1]                     (^) checked with  leading edge of 'clk'
Beginpoint: picorv32_core_eoi_reg[1]/Q (^) triggered by  leading edge of 'clk'
Path Groups: {reg2out}
Analysis View: analysis1
Other End Arrival Time          0.000
- External Delay                0.250
+ Phase Shift                   0.000
+ Uncertainty                   0.020
= Required Time                -0.230
  Arrival Time                  0.082
  Slack Time                    0.312
     Clock Rise Edge                 0.000
     + Clock Network Latency (Prop)  0.002
     = Beginpoint Arrival Time       0.002
     +--------------------------------------------------------------------------------+ 
     |         Instance         |     Arc     |   Cell   | Delay | Arrival | Required | 
     |                          |             |          |       |  Time   |   Time   | 
     |--------------------------+-------------+----------+-------+---------+----------| 
     | picorv32_core_eoi_reg[1] | CK ^        |          |       |   0.002 |   -0.310 | 
     | picorv32_core_eoi_reg[1] | CK ^ -> Q ^ | DFFHQX1  | 0.045 |   0.046 |   -0.266 | 
     | FE_OFC649_eoi_1          | A ^ -> Y ^  | CLKBUFX8 | 0.035 |   0.081 |   -0.231 | 
     |                          | eoi[1] ^    |          | 0.001 |   0.082 |   -0.230 | 
     +--------------------------------------------------------------------------------+ 
Path 25: MET Early External Delay Assertion 
Endpoint:   wbm_dat_o[24]       (^) checked with  leading edge of 'clk'
Beginpoint: wbm_dat_o_reg[24]/Q (^) triggered by  leading edge of 'clk'
Path Groups: {reg2out}
Analysis View: analysis1
Other End Arrival Time          0.000
- External Delay                0.250
+ Phase Shift                   0.000
+ Uncertainty                   0.020
= Required Time                -0.230
  Arrival Time                  0.082
  Slack Time                    0.312
     Clock Rise Edge                 0.000
     + Clock Network Latency (Prop)  0.004
     = Beginpoint Arrival Time       0.004
     +---------------------------------------------------------------------------------+ 
     |       Instance        |       Arc       |   Cell   | Delay | Arrival | Required | 
     |                       |                 |          |       |  Time   |   Time   | 
     |-----------------------+-----------------+----------+-------+---------+----------| 
     | wbm_dat_o_reg[24]     | CK ^            |          |       |   0.004 |   -0.308 | 
     | wbm_dat_o_reg[24]     | CK ^ -> Q ^     | DFFHQX1  | 0.040 |   0.044 |   -0.268 | 
     | FE_OFC80_wbm_dat_o_24 | A ^ -> Y v      | INVX1    | 0.015 |   0.059 |   -0.253 | 
     | FE_OFC81_wbm_dat_o_24 | A v -> Y ^      | CLKINVX8 | 0.023 |   0.081 |   -0.230 | 
     |                       | wbm_dat_o[24] ^ |          | 0.000 |   0.082 |   -0.230 | 
     +---------------------------------------------------------------------------------+ 
Path 26: MET Early External Delay Assertion 
Endpoint:   wbm_dat_o[25]       (^) checked with  leading edge of 'clk'
Beginpoint: wbm_dat_o_reg[25]/Q (^) triggered by  leading edge of 'clk'
Path Groups: {reg2out}
Analysis View: analysis1
Other End Arrival Time          0.000
- External Delay                0.250
+ Phase Shift                   0.000
+ Uncertainty                   0.020
= Required Time                -0.230
  Arrival Time                  0.082
  Slack Time                    0.312
     Clock Rise Edge                 0.000
     + Clock Network Latency (Prop)  0.004
     = Beginpoint Arrival Time       0.004
     +----------------------------------------------------------------------------------+ 
     |        Instance        |       Arc       |   Cell   | Delay | Arrival | Required | 
     |                        |                 |          |       |  Time   |   Time   | 
     |------------------------+-----------------+----------+-------+---------+----------| 
     | wbm_dat_o_reg[25]      | CK ^            |          |       |   0.004 |   -0.308 | 
     | wbm_dat_o_reg[25]      | CK ^ -> Q ^     | DFFHQX1  | 0.043 |   0.047 |   -0.265 | 
     | FE_OFC501_wbm_dat_o_25 | A ^ -> Y ^      | CLKBUFX8 | 0.034 |   0.081 |   -0.231 | 
     |                        | wbm_dat_o[25] ^ |          | 0.001 |   0.082 |   -0.230 | 
     +----------------------------------------------------------------------------------+ 
Path 27: MET Early External Delay Assertion 
Endpoint:   wbm_dat_o[16]       (^) checked with  leading edge of 'clk'
Beginpoint: wbm_dat_o_reg[16]/Q (^) triggered by  leading edge of 'clk'
Path Groups: {reg2out}
Analysis View: analysis1
Other End Arrival Time          0.000
- External Delay                0.250
+ Phase Shift                   0.000
+ Uncertainty                   0.020
= Required Time                -0.230
  Arrival Time                  0.082
  Slack Time                    0.312
     Clock Rise Edge                 0.000
     + Clock Network Latency (Prop)  0.003
     = Beginpoint Arrival Time       0.003
     +----------------------------------------------------------------------------------+ 
     |        Instance        |       Arc       |   Cell   | Delay | Arrival | Required | 
     |                        |                 |          |       |  Time   |   Time   | 
     |------------------------+-----------------+----------+-------+---------+----------| 
     | wbm_dat_o_reg[16]      | CK ^            |          |       |   0.003 |   -0.309 | 
     | wbm_dat_o_reg[16]      | CK ^ -> Q ^     | DFFHQX1  | 0.044 |   0.047 |   -0.265 | 
     | FE_OFC512_wbm_dat_o_16 | A ^ -> Y ^      | CLKBUFX8 | 0.034 |   0.081 |   -0.231 | 
     |                        | wbm_dat_o[16] ^ |          | 0.001 |   0.082 |   -0.230 | 
     +----------------------------------------------------------------------------------+ 
Path 28: MET Early External Delay Assertion 
Endpoint:   wbm_dat_o[19]       (^) checked with  leading edge of 'clk'
Beginpoint: wbm_dat_o_reg[19]/Q (^) triggered by  leading edge of 'clk'
Path Groups: {reg2out}
Analysis View: analysis1
Other End Arrival Time          0.000
- External Delay                0.250
+ Phase Shift                   0.000
+ Uncertainty                   0.020
= Required Time                -0.230
  Arrival Time                  0.082
  Slack Time                    0.312
     Clock Rise Edge                 0.000
     + Clock Network Latency (Prop)  0.003
     = Beginpoint Arrival Time       0.003
     +---------------------------------------------------------------------------------+ 
     |       Instance        |       Arc       |   Cell   | Delay | Arrival | Required | 
     |                       |                 |          |       |  Time   |   Time   | 
     |-----------------------+-----------------+----------+-------+---------+----------| 
     | wbm_dat_o_reg[19]     | CK ^            |          |       |   0.003 |   -0.309 | 
     | wbm_dat_o_reg[19]     | CK ^ -> Q ^     | DFFHQX1  | 0.041 |   0.044 |   -0.268 | 
     | FE_OFC91_wbm_dat_o_19 | A ^ -> Y v      | INVX1    | 0.015 |   0.059 |   -0.253 | 
     | FE_OFC92_wbm_dat_o_19 | A v -> Y ^      | CLKINVX8 | 0.023 |   0.082 |   -0.230 | 
     |                       | wbm_dat_o[19] ^ |          | 0.000 |   0.082 |   -0.230 | 
     +---------------------------------------------------------------------------------+ 
Path 29: MET Early External Delay Assertion 
Endpoint:   eoi[12]                     (^) checked with  leading edge of 'clk'
Beginpoint: picorv32_core_eoi_reg[12]/Q (^) triggered by  leading edge of 'clk'
Path Groups: {reg2out}
Analysis View: analysis1
Other End Arrival Time          0.000
- External Delay                0.250
+ Phase Shift                   0.000
+ Uncertainty                   0.020
= Required Time                -0.230
  Arrival Time                  0.082
  Slack Time                    0.312
     Clock Rise Edge                 0.000
     + Clock Network Latency (Prop)  0.002
     = Beginpoint Arrival Time       0.002
     +---------------------------------------------------------------------------------+ 
     |         Instance          |     Arc     |   Cell   | Delay | Arrival | Required | 
     |                           |             |          |       |  Time   |   Time   | 
     |---------------------------+-------------+----------+-------+---------+----------| 
     | picorv32_core_eoi_reg[12] | CK ^        |          |       |   0.002 |   -0.310 | 
     | picorv32_core_eoi_reg[12] | CK ^ -> Q ^ | DFFHQX1  | 0.038 |   0.040 |   -0.273 | 
     | FE_OFC422_eoi_12          | A ^ -> Y v  | INVX1    | 0.018 |   0.058 |   -0.254 | 
     | FE_OFC635_eoi_12          | A v -> Y ^  | CLKINVX8 | 0.024 |   0.082 |   -0.231 | 
     |                           | eoi[12] ^   |          | 0.001 |   0.082 |   -0.230 | 
     +---------------------------------------------------------------------------------+ 
Path 30: MET Early External Delay Assertion 
Endpoint:   wbm_dat_o[10]       (^) checked with  leading edge of 'clk'
Beginpoint: wbm_dat_o_reg[10]/Q (^) triggered by  leading edge of 'clk'
Path Groups: {reg2out}
Analysis View: analysis1
Other End Arrival Time          0.000
- External Delay                0.250
+ Phase Shift                   0.000
+ Uncertainty                   0.020
= Required Time                -0.230
  Arrival Time                  0.082
  Slack Time                    0.312
     Clock Rise Edge                 0.000
     + Clock Network Latency (Prop)  0.004
     = Beginpoint Arrival Time       0.004
     +----------------------------------------------------------------------------------+ 
     |        Instance        |       Arc       |   Cell   | Delay | Arrival | Required | 
     |                        |                 |          |       |  Time   |   Time   | 
     |------------------------+-----------------+----------+-------+---------+----------| 
     | wbm_dat_o_reg[10]      | CK ^            |          |       |   0.004 |   -0.308 | 
     | wbm_dat_o_reg[10]      | CK ^ -> Q ^     | DFFHQX1  | 0.043 |   0.047 |   -0.265 | 
     | FE_OFC727_wbm_dat_o_10 | A ^ -> Y ^      | CLKBUFX8 | 0.034 |   0.082 |   -0.231 | 
     |                        | wbm_dat_o[10] ^ |          | 0.001 |   0.082 |   -0.230 | 
     +----------------------------------------------------------------------------------+ 
Path 31: MET Early External Delay Assertion 
Endpoint:   pcpi_insn[17]                     (^) checked with  leading edge of 
'clk'
Beginpoint: picorv32_core_pcpi_insn_reg[17]/Q (^) triggered by  leading edge of 
'clk'
Path Groups: {reg2out}
Analysis View: analysis1
Other End Arrival Time          0.000
- External Delay                0.250
+ Phase Shift                   0.000
+ Uncertainty                   0.020
= Required Time                -0.230
  Arrival Time                  0.082
  Slack Time                    0.312
     Clock Rise Edge                 0.000
     + Clock Network Latency (Prop)  -0.002
     = Beginpoint Arrival Time       -0.002
     +-------------------------------------------------------------------------------------------+ 
     |            Instance             |       Arc       |   Cell   | Delay | Arrival | Required | 
     |                                 |                 |          |       |  Time   |   Time   | 
     |---------------------------------+-----------------+----------+-------+---------+----------| 
     | picorv32_core_pcpi_insn_reg[17] | CK ^            |          |       |  -0.002 |   -0.315 | 
     | picorv32_core_pcpi_insn_reg[17] | CK ^ -> Q ^     | EDFFHQX8 | 0.051 |   0.049 |   -0.264 | 
     | FE_OFC14926_pcpi_insn_17        | A ^ -> Y ^      | BUFX8    | 0.033 |   0.082 |   -0.230 | 
     |                                 | pcpi_insn[17] ^ |          | 0.000 |   0.082 |   -0.230 | 
     +-------------------------------------------------------------------------------------------+ 
Path 32: MET Early External Delay Assertion 
Endpoint:   eoi[30]                     (^) checked with  leading edge of 'clk'
Beginpoint: picorv32_core_eoi_reg[30]/Q (^) triggered by  leading edge of 'clk'
Path Groups: {reg2out}
Analysis View: analysis1
Other End Arrival Time          0.000
- External Delay                0.250
+ Phase Shift                   0.000
+ Uncertainty                   0.020
= Required Time                -0.230
  Arrival Time                  0.083
  Slack Time                    0.313
     Clock Rise Edge                 0.000
     + Clock Network Latency (Prop)  0.001
     = Beginpoint Arrival Time       0.001
     +---------------------------------------------------------------------------------+ 
     |         Instance          |     Arc     |   Cell   | Delay | Arrival | Required | 
     |                           |             |          |       |  Time   |   Time   | 
     |---------------------------+-------------+----------+-------+---------+----------| 
     | picorv32_core_eoi_reg[30] | CK ^        |          |       |   0.001 |   -0.311 | 
     | picorv32_core_eoi_reg[30] | CK ^ -> Q ^ | DFFHQX1  | 0.038 |   0.039 |   -0.273 | 
     | picorv32_core_g195927     | A ^ -> Y v  | INVX1    | 0.019 |   0.058 |   -0.254 | 
     | FE_OFC387_eoi_30          | A v -> Y ^  | CLKINVX8 | 0.024 |   0.082 |   -0.231 | 
     |                           | eoi[30] ^   |          | 0.001 |   0.083 |   -0.230 | 
     +---------------------------------------------------------------------------------+ 
Path 33: MET Early External Delay Assertion 
Endpoint:   wbm_dat_o[27]       (^) checked with  leading edge of 'clk'
Beginpoint: wbm_dat_o_reg[27]/Q (^) triggered by  leading edge of 'clk'
Path Groups: {reg2out}
Analysis View: analysis1
Other End Arrival Time          0.000
- External Delay                0.250
+ Phase Shift                   0.000
+ Uncertainty                   0.020
= Required Time                -0.230
  Arrival Time                  0.083
  Slack Time                    0.313
     Clock Rise Edge                 0.000
     + Clock Network Latency (Prop)  0.004
     = Beginpoint Arrival Time       0.004
     +---------------------------------------------------------------------------------+ 
     |       Instance        |       Arc       |   Cell   | Delay | Arrival | Required | 
     |                       |                 |          |       |  Time   |   Time   | 
     |-----------------------+-----------------+----------+-------+---------+----------| 
     | wbm_dat_o_reg[27]     | CK ^            |          |       |   0.004 |   -0.309 | 
     | wbm_dat_o_reg[27]     | CK ^ -> Q ^     | DFFHQX1  | 0.041 |   0.045 |   -0.268 | 
     | FE_OFC74_wbm_dat_o_27 | A ^ -> Y v      | INVX1    | 0.014 |   0.059 |   -0.254 | 
     | FE_OFC75_wbm_dat_o_27 | A v -> Y ^      | CLKINVX8 | 0.023 |   0.082 |   -0.231 | 
     |                       | wbm_dat_o[27] ^ |          | 0.001 |   0.083 |   -0.230 | 
     +---------------------------------------------------------------------------------+ 
Path 34: MET Early External Delay Assertion 
Endpoint:   pcpi_insn[6]                     (^) checked with  leading edge of 
'clk'
Beginpoint: picorv32_core_pcpi_insn_reg[6]/Q (^) triggered by  leading edge of 
'clk'
Path Groups: {reg2out}
Analysis View: analysis1
Other End Arrival Time          0.000
- External Delay                0.250
+ Phase Shift                   0.000
+ Uncertainty                   0.020
= Required Time                -0.230
  Arrival Time                  0.083
  Slack Time                    0.313
     Clock Rise Edge                 0.000
     + Clock Network Latency (Prop)  0.001
     = Beginpoint Arrival Time       0.001
     +-----------------------------------------------------------------------------------------+ 
     |            Instance            |      Arc       |   Cell   | Delay | Arrival | Required | 
     |                                |                |          |       |  Time   |   Time   | 
     |--------------------------------+----------------+----------+-------+---------+----------| 
     | picorv32_core_pcpi_insn_reg[6] | CK ^           |          |       |   0.001 |   -0.312 | 
     | picorv32_core_pcpi_insn_reg[6] | CK ^ -> Q ^    | EDFFHQX1 | 0.047 |   0.047 |   -0.265 | 
     | FE_OFC543_pcpi_insn_6          | A ^ -> Y ^     | CLKBUFX8 | 0.035 |   0.082 |   -0.231 | 
     |                                | pcpi_insn[6] ^ |          | 0.001 |   0.083 |   -0.230 | 
     +-----------------------------------------------------------------------------------------+ 
Path 35: MET Early External Delay Assertion 
Endpoint:   pcpi_insn[19]                     (^) checked with  leading edge of 
'clk'
Beginpoint: picorv32_core_pcpi_insn_reg[19]/Q (^) triggered by  leading edge of 
'clk'
Path Groups: {reg2out}
Analysis View: analysis1
Other End Arrival Time          0.000
- External Delay                0.250
+ Phase Shift                   0.000
+ Uncertainty                   0.020
= Required Time                -0.230
  Arrival Time                  0.083
  Slack Time                    0.313
     Clock Rise Edge                 0.000
     + Clock Network Latency (Prop)  -0.002
     = Beginpoint Arrival Time       -0.002
     +-------------------------------------------------------------------------------------------+ 
     |            Instance             |       Arc       |   Cell   | Delay | Arrival | Required | 
     |                                 |                 |          |       |  Time   |   Time   | 
     |---------------------------------+-----------------+----------+-------+---------+----------| 
     | picorv32_core_pcpi_insn_reg[19] | CK ^            |          |       |  -0.002 |   -0.315 | 
     | picorv32_core_pcpi_insn_reg[19] | CK ^ -> Q ^     | EDFFHQX8 | 0.051 |   0.049 |   -0.264 | 
     | FE_OFC790_pcpi_insn_19          | A ^ -> Y ^      | CLKBUFX8 | 0.033 |   0.082 |   -0.230 | 
     |                                 | pcpi_insn[19] ^ |          | 0.000 |   0.083 |   -0.230 | 
     +-------------------------------------------------------------------------------------------+ 
Path 36: MET Early External Delay Assertion 
Endpoint:   pcpi_insn[11]                     (^) checked with  leading edge of 
'clk'
Beginpoint: picorv32_core_pcpi_insn_reg[11]/Q (^) triggered by  leading edge of 
'clk'
Path Groups: {reg2out}
Analysis View: analysis1
Other End Arrival Time          0.000
- External Delay                0.250
+ Phase Shift                   0.000
+ Uncertainty                   0.020
= Required Time                -0.230
  Arrival Time                  0.083
  Slack Time                    0.313
     Clock Rise Edge                 0.000
     + Clock Network Latency (Prop)  -0.002
     = Beginpoint Arrival Time       -0.002
     +-------------------------------------------------------------------------------------------+ 
     |            Instance             |       Arc       |   Cell   | Delay | Arrival | Required | 
     |                                 |                 |          |       |  Time   |   Time   | 
     |---------------------------------+-----------------+----------+-------+---------+----------| 
     | picorv32_core_pcpi_insn_reg[11] | CK ^            |          |       |  -0.002 |   -0.315 | 
     | picorv32_core_pcpi_insn_reg[11] | CK ^ -> Q ^     | EDFFHQX8 | 0.051 |   0.049 |   -0.264 | 
     | FE_OFC14868_pcpi_insn_11        | A ^ -> Y ^      | BUFX8    | 0.033 |   0.082 |   -0.231 | 
     |                                 | pcpi_insn[11] ^ |          | 0.001 |   0.083 |   -0.230 | 
     +-------------------------------------------------------------------------------------------+ 
Path 37: MET Early External Delay Assertion 
Endpoint:   wbm_dat_o[14]       (^) checked with  leading edge of 'clk'
Beginpoint: wbm_dat_o_reg[14]/Q (^) triggered by  leading edge of 'clk'
Path Groups: {reg2out}
Analysis View: analysis1
Other End Arrival Time          0.000
- External Delay                0.250
+ Phase Shift                   0.000
+ Uncertainty                   0.020
= Required Time                -0.230
  Arrival Time                  0.083
  Slack Time                    0.313
     Clock Rise Edge                 0.000
     + Clock Network Latency (Prop)  0.004
     = Beginpoint Arrival Time       0.004
     +----------------------------------------------------------------------------------+ 
     |        Instance        |       Arc       |   Cell   | Delay | Arrival | Required | 
     |                        |                 |          |       |  Time   |   Time   | 
     |------------------------+-----------------+----------+-------+---------+----------| 
     | wbm_dat_o_reg[14]      | CK ^            |          |       |   0.004 |   -0.309 | 
     | wbm_dat_o_reg[14]      | CK ^ -> Q ^     | DFFHQX1  | 0.041 |   0.045 |   -0.268 | 
     | FE_OFC101_wbm_dat_o_14 | A ^ -> Y v      | INVX1    | 0.015 |   0.059 |   -0.254 | 
     | FE_OFC102_wbm_dat_o_14 | A v -> Y ^      | CLKINVX8 | 0.023 |   0.082 |   -0.231 | 
     |                        | wbm_dat_o[14] ^ |          | 0.001 |   0.083 |   -0.230 | 
     +----------------------------------------------------------------------------------+ 
Path 38: MET Early External Delay Assertion 
Endpoint:   eoi[26]                     (^) checked with  leading edge of 'clk'
Beginpoint: picorv32_core_eoi_reg[26]/Q (^) triggered by  leading edge of 'clk'
Path Groups: {reg2out}
Analysis View: analysis1
Other End Arrival Time          0.000
- External Delay                0.250
+ Phase Shift                   0.000
+ Uncertainty                   0.020
= Required Time                -0.230
  Arrival Time                  0.083
  Slack Time                    0.313
     Clock Rise Edge                 0.000
     + Clock Network Latency (Prop)  0.001
     = Beginpoint Arrival Time       0.001
     +---------------------------------------------------------------------------------+ 
     |         Instance          |     Arc     |   Cell   | Delay | Arrival | Required | 
     |                           |             |          |       |  Time   |   Time   | 
     |---------------------------+-------------+----------+-------+---------+----------| 
     | picorv32_core_eoi_reg[26] | CK ^        |          |       |   0.001 |   -0.312 | 
     | picorv32_core_eoi_reg[26] | CK ^ -> Q ^ | DFFHQX1  | 0.038 |   0.039 |   -0.274 | 
     | picorv32_core_g195922     | A ^ -> Y v  | INVX1    | 0.020 |   0.059 |   -0.254 | 
     | FE_OFC395_eoi_26          | A v -> Y ^  | CLKINVX8 | 0.024 |   0.083 |   -0.230 | 
     |                           | eoi[26] ^   |          | 0.001 |   0.083 |   -0.230 | 
     +---------------------------------------------------------------------------------+ 
Path 39: MET Early External Delay Assertion 
Endpoint:   pcpi_insn[1]                     (^) checked with  leading edge of 
'clk'
Beginpoint: picorv32_core_pcpi_insn_reg[1]/Q (^) triggered by  leading edge of 
'clk'
Path Groups: {reg2out}
Analysis View: analysis1
Other End Arrival Time          0.000
- External Delay                0.250
+ Phase Shift                   0.000
+ Uncertainty                   0.020
= Required Time                -0.230
  Arrival Time                  0.083
  Slack Time                    0.313
     Clock Rise Edge                 0.000
     + Clock Network Latency (Prop)  0.001
     = Beginpoint Arrival Time       0.001
     +-----------------------------------------------------------------------------------------+ 
     |            Instance            |      Arc       |   Cell   | Delay | Arrival | Required | 
     |                                |                |          |       |  Time   |   Time   | 
     |--------------------------------+----------------+----------+-------+---------+----------| 
     | picorv32_core_pcpi_insn_reg[1] | CK ^           |          |       |   0.001 |   -0.312 | 
     | picorv32_core_pcpi_insn_reg[1] | CK ^ -> Q ^    | EDFFHQX1 | 0.044 |   0.044 |   -0.269 | 
     | FE_OFC178_pcpi_insn_1          | A ^ -> Y v     | INVX1    | 0.015 |   0.059 |   -0.254 | 
     | FE_OFC547_pcpi_insn_1          | A v -> Y ^     | CLKINVX8 | 0.023 |   0.082 |   -0.231 | 
     |                                | pcpi_insn[1] ^ |          | 0.001 |   0.083 |   -0.230 | 
     +-----------------------------------------------------------------------------------------+ 
Path 40: MET Early External Delay Assertion 
Endpoint:   wbm_dat_o[31]       (^) checked with  leading edge of 'clk'
Beginpoint: wbm_dat_o_reg[31]/Q (^) triggered by  leading edge of 'clk'
Path Groups: {reg2out}
Analysis View: analysis1
Other End Arrival Time          0.000
- External Delay                0.250
+ Phase Shift                   0.000
+ Uncertainty                   0.020
= Required Time                -0.230
  Arrival Time                  0.083
  Slack Time                    0.313
     Clock Rise Edge                 0.000
     + Clock Network Latency (Prop)  0.004
     = Beginpoint Arrival Time       0.004
     +---------------------------------------------------------------------------------+ 
     |       Instance        |       Arc       |   Cell   | Delay | Arrival | Required | 
     |                       |                 |          |       |  Time   |   Time   | 
     |-----------------------+-----------------+----------+-------+---------+----------| 
     | wbm_dat_o_reg[31]     | CK ^            |          |       |   0.004 |   -0.310 | 
     | wbm_dat_o_reg[31]     | CK ^ -> Q ^     | DFFHQX1  | 0.041 |   0.045 |   -0.269 | 
     | FE_OFC64_wbm_dat_o_31 | A ^ -> Y v      | INVX1    | 0.015 |   0.060 |   -0.253 | 
     | FE_OFC65_wbm_dat_o_31 | A v -> Y ^      | CLKINVX8 | 0.023 |   0.083 |   -0.230 | 
     |                       | wbm_dat_o[31] ^ |          | 0.000 |   0.083 |   -0.230 | 
     +---------------------------------------------------------------------------------+ 
Path 41: MET Early External Delay Assertion 
Endpoint:   wbm_dat_o[29]       (^) checked with  leading edge of 'clk'
Beginpoint: wbm_dat_o_reg[29]/Q (^) triggered by  leading edge of 'clk'
Path Groups: {reg2out}
Analysis View: analysis1
Other End Arrival Time          0.000
- External Delay                0.250
+ Phase Shift                   0.000
+ Uncertainty                   0.020
= Required Time                -0.230
  Arrival Time                  0.083
  Slack Time                    0.313
     Clock Rise Edge                 0.000
     + Clock Network Latency (Prop)  0.004
     = Beginpoint Arrival Time       0.004
     +---------------------------------------------------------------------------------+ 
     |       Instance        |       Arc       |   Cell   | Delay | Arrival | Required | 
     |                       |                 |          |       |  Time   |   Time   | 
     |-----------------------+-----------------+----------+-------+---------+----------| 
     | wbm_dat_o_reg[29]     | CK ^            |          |       |   0.004 |   -0.310 | 
     | wbm_dat_o_reg[29]     | CK ^ -> Q ^     | DFFHQX1  | 0.041 |   0.045 |   -0.269 | 
     | FE_OFC69_wbm_dat_o_29 | A ^ -> Y v      | INVX1    | 0.015 |   0.060 |   -0.254 | 
     | FE_OFC70_wbm_dat_o_29 | A v -> Y ^      | CLKINVX8 | 0.023 |   0.083 |   -0.231 | 
     |                       | wbm_dat_o[29] ^ |          | 0.001 |   0.083 |   -0.230 | 
     +---------------------------------------------------------------------------------+ 
Path 42: MET Early External Delay Assertion 
Endpoint:   pcpi_insn[20]                     (^) checked with  leading edge of 
'clk'
Beginpoint: picorv32_core_pcpi_insn_reg[20]/Q (^) triggered by  leading edge of 
'clk'
Path Groups: {reg2out}
Analysis View: analysis1
Other End Arrival Time          0.000
- External Delay                0.250
+ Phase Shift                   0.000
+ Uncertainty                   0.020
= Required Time                -0.230
  Arrival Time                  0.083
  Slack Time                    0.313
     Clock Rise Edge                 0.000
     + Clock Network Latency (Prop)  -0.001
     = Beginpoint Arrival Time       -0.001
     +-------------------------------------------------------------------------------------------+ 
     |            Instance             |       Arc       |   Cell   | Delay | Arrival | Required | 
     |                                 |                 |          |       |  Time   |   Time   | 
     |---------------------------------+-----------------+----------+-------+---------+----------| 
     | picorv32_core_pcpi_insn_reg[20] | CK ^            |          |       |  -0.001 |   -0.315 | 
     | picorv32_core_pcpi_insn_reg[20] | CK ^ -> Q ^     | EDFFHQX8 | 0.051 |   0.050 |   -0.264 | 
     | FE_OFC14876_pcpi_insn_20        | A ^ -> Y ^      | BUFX8    | 0.033 |   0.083 |   -0.230 | 
     |                                 | pcpi_insn[20] ^ |          | 0.000 |   0.083 |   -0.230 | 
     +-------------------------------------------------------------------------------------------+ 
Path 43: MET Early External Delay Assertion 
Endpoint:   pcpi_insn[23]                     (^) checked with  leading edge of 
'clk'
Beginpoint: picorv32_core_pcpi_insn_reg[23]/Q (^) triggered by  leading edge of 
'clk'
Path Groups: {reg2out}
Analysis View: analysis1
Other End Arrival Time          0.000
- External Delay                0.250
+ Phase Shift                   0.000
+ Uncertainty                   0.020
= Required Time                -0.230
  Arrival Time                  0.083
  Slack Time                    0.313
     Clock Rise Edge                 0.000
     + Clock Network Latency (Prop)  -0.001
     = Beginpoint Arrival Time       -0.001
     +-------------------------------------------------------------------------------------------+ 
     |            Instance             |       Arc       |   Cell   | Delay | Arrival | Required | 
     |                                 |                 |          |       |  Time   |   Time   | 
     |---------------------------------+-----------------+----------+-------+---------+----------| 
     | picorv32_core_pcpi_insn_reg[23] | CK ^            |          |       |  -0.001 |   -0.315 | 
     | picorv32_core_pcpi_insn_reg[23] | CK ^ -> Q ^     | EDFFHQX8 | 0.051 |   0.050 |   -0.264 | 
     | FE_OFC14884_pcpi_insn_23        | A ^ -> Y ^      | BUFX8    | 0.033 |   0.083 |   -0.230 | 
     |                                 | pcpi_insn[23] ^ |          | 0.000 |   0.083 |   -0.230 | 
     +-------------------------------------------------------------------------------------------+ 
Path 44: MET Early External Delay Assertion 
Endpoint:   pcpi_insn[3]                     (^) checked with  leading edge of 
'clk'
Beginpoint: picorv32_core_pcpi_insn_reg[3]/Q (^) triggered by  leading edge of 
'clk'
Path Groups: {reg2out}
Analysis View: analysis1
Other End Arrival Time          0.000
- External Delay                0.250
+ Phase Shift                   0.000
+ Uncertainty                   0.020
= Required Time                -0.230
  Arrival Time                  0.084
  Slack Time                    0.314
     Clock Rise Edge                 0.000
     + Clock Network Latency (Prop)  0.002
     = Beginpoint Arrival Time       0.002
     +-----------------------------------------------------------------------------------------+ 
     |            Instance            |      Arc       |   Cell   | Delay | Arrival | Required | 
     |                                |                |          |       |  Time   |   Time   | 
     |--------------------------------+----------------+----------+-------+---------+----------| 
     | picorv32_core_pcpi_insn_reg[3] | CK ^           |          |       |   0.002 |   -0.312 | 
     | picorv32_core_pcpi_insn_reg[3] | CK ^ -> Q ^    | EDFFHQX1 | 0.047 |   0.049 |   -0.265 | 
     | FE_OFC721_pcpi_insn_3          | A ^ -> Y ^     | CLKBUFX8 | 0.035 |   0.083 |   -0.230 | 
     |                                | pcpi_insn[3] ^ |          | 0.000 |   0.084 |   -0.230 | 
     +-----------------------------------------------------------------------------------------+ 
Path 45: MET Early External Delay Assertion 
Endpoint:   pcpi_insn[26]                     (^) checked with  leading edge of 
'clk'
Beginpoint: picorv32_core_pcpi_insn_reg[26]/Q (^) triggered by  leading edge of 
'clk'
Path Groups: {reg2out}
Analysis View: analysis1
Other End Arrival Time          0.000
- External Delay                0.250
+ Phase Shift                   0.000
+ Uncertainty                   0.020
= Required Time                -0.230
  Arrival Time                  0.084
  Slack Time                    0.314
     Clock Rise Edge                 0.000
     + Clock Network Latency (Prop)  0.001
     = Beginpoint Arrival Time       0.001
     +-------------------------------------------------------------------------------------------+ 
     |            Instance             |       Arc       |   Cell   | Delay | Arrival | Required | 
     |                                 |                 |          |       |  Time   |   Time   | 
     |---------------------------------+-----------------+----------+-------+---------+----------| 
     | picorv32_core_pcpi_insn_reg[26] | CK ^            |          |       |   0.001 |   -0.313 | 
     | picorv32_core_pcpi_insn_reg[26] | CK ^ -> Q ^     | EDFFHQX1 | 0.044 |   0.045 |   -0.269 | 
     | FE_OFC155_pcpi_insn_26          | A ^ -> Y v      | INVX1    | 0.016 |   0.061 |   -0.254 | 
     | FE_OFC539_pcpi_insn_26          | A v -> Y ^      | CLKINVX8 | 0.023 |   0.084 |   -0.231 | 
     |                                 | pcpi_insn[26] ^ |          | 0.001 |   0.084 |   -0.230 | 
     +-------------------------------------------------------------------------------------------+ 
Path 46: MET Early External Delay Assertion 
Endpoint:   pcpi_insn[5]                     (^) checked with  leading edge of 
'clk'
Beginpoint: picorv32_core_pcpi_insn_reg[5]/Q (^) triggered by  leading edge of 
'clk'
Path Groups: {reg2out}
Analysis View: analysis1
Other End Arrival Time          0.000
- External Delay                0.250
+ Phase Shift                   0.000
+ Uncertainty                   0.020
= Required Time                -0.230
  Arrival Time                  0.085
  Slack Time                    0.315
     Clock Rise Edge                 0.000
     + Clock Network Latency (Prop)  0.001
     = Beginpoint Arrival Time       0.001
     +-----------------------------------------------------------------------------------------+ 
     |            Instance            |      Arc       |   Cell   | Delay | Arrival | Required | 
     |                                |                |          |       |  Time   |   Time   | 
     |--------------------------------+----------------+----------+-------+---------+----------| 
     | picorv32_core_pcpi_insn_reg[5] | CK ^           |          |       |   0.001 |   -0.313 | 
     | picorv32_core_pcpi_insn_reg[5] | CK ^ -> Q ^    | EDFFHQX1 | 0.044 |   0.045 |   -0.269 | 
     | FE_OFC172_pcpi_insn_5          | A ^ -> Y v     | INVX1    | 0.016 |   0.061 |   -0.253 | 
     | FE_OFC173_pcpi_insn_5          | A v -> Y ^     | CLKINVX8 | 0.023 |   0.084 |   -0.230 | 
     |                                | pcpi_insn[5] ^ |          | 0.000 |   0.085 |   -0.230 | 
     +-----------------------------------------------------------------------------------------+ 
Path 47: MET Early External Delay Assertion 
Endpoint:   pcpi_insn[0]                     (^) checked with  leading edge of 
'clk'
Beginpoint: picorv32_core_pcpi_insn_reg[0]/Q (^) triggered by  leading edge of 
'clk'
Path Groups: {reg2out}
Analysis View: analysis1
Other End Arrival Time          0.000
- External Delay                0.250
+ Phase Shift                   0.000
+ Uncertainty                   0.020
= Required Time                -0.230
  Arrival Time                  0.085
  Slack Time                    0.315
     Clock Rise Edge                 0.000
     + Clock Network Latency (Prop)  0.001
     = Beginpoint Arrival Time       0.001
     +-----------------------------------------------------------------------------------------+ 
     |            Instance            |      Arc       |   Cell   | Delay | Arrival | Required | 
     |                                |                |          |       |  Time   |   Time   | 
     |--------------------------------+----------------+----------+-------+---------+----------| 
     | picorv32_core_pcpi_insn_reg[0] | CK ^           |          |       |   0.001 |   -0.314 | 
     | picorv32_core_pcpi_insn_reg[0] | CK ^ -> Q ^    | EDFFHQX1 | 0.048 |   0.049 |   -0.266 | 
     | FE_OFC548_pcpi_insn_0          | A ^ -> Y ^     | CLKBUFX8 | 0.035 |   0.084 |   -0.231 | 
     |                                | pcpi_insn[0] ^ |          | 0.001 |   0.085 |   -0.230 | 
     +-----------------------------------------------------------------------------------------+ 
Path 48: MET Early External Delay Assertion 
Endpoint:   pcpi_insn[4]                     (^) checked with  leading edge of 
'clk'
Beginpoint: picorv32_core_pcpi_insn_reg[4]/Q (^) triggered by  leading edge of 
'clk'
Path Groups: {reg2out}
Analysis View: analysis1
Other End Arrival Time          0.000
- External Delay                0.250
+ Phase Shift                   0.000
+ Uncertainty                   0.020
= Required Time                -0.230
  Arrival Time                  0.085
  Slack Time                    0.315
     Clock Rise Edge                 0.000
     + Clock Network Latency (Prop)  0.001
     = Beginpoint Arrival Time       0.001
     +-----------------------------------------------------------------------------------------+ 
     |            Instance            |      Arc       |   Cell   | Delay | Arrival | Required | 
     |                                |                |          |       |  Time   |   Time   | 
     |--------------------------------+----------------+----------+-------+---------+----------| 
     | picorv32_core_pcpi_insn_reg[4] | CK ^           |          |       |   0.001 |   -0.314 | 
     | picorv32_core_pcpi_insn_reg[4] | CK ^ -> Q ^    | EDFFHQX1 | 0.044 |   0.045 |   -0.270 | 
     | FE_OFC174_pcpi_insn_4          | A ^ -> Y v     | INVX1    | 0.016 |   0.061 |   -0.254 | 
     | FE_OFC545_pcpi_insn_4          | A v -> Y ^     | CLKINVX8 | 0.023 |   0.084 |   -0.232 | 
     |                                | pcpi_insn[4] ^ |          | 0.002 |   0.085 |   -0.230 | 
     +-----------------------------------------------------------------------------------------+ 
Path 49: MET Early External Delay Assertion 
Endpoint:   pcpi_insn[14]                     (^) checked with  leading edge of 
'clk'
Beginpoint: picorv32_core_pcpi_insn_reg[14]/Q (^) triggered by  leading edge of 
'clk'
Path Groups: {reg2out}
Analysis View: analysis1
Other End Arrival Time          0.000
- External Delay                0.250
+ Phase Shift                   0.000
+ Uncertainty                   0.020
= Required Time                -0.230
  Arrival Time                  0.085
  Slack Time                    0.315
     Clock Rise Edge                 0.000
     + Clock Network Latency (Prop)  0.002
     = Beginpoint Arrival Time       0.002
     +-------------------------------------------------------------------------------------------+ 
     |            Instance             |       Arc       |   Cell   | Delay | Arrival | Required | 
     |                                 |                 |          |       |  Time   |   Time   | 
     |---------------------------------+-----------------+----------+-------+---------+----------| 
     | picorv32_core_pcpi_insn_reg[14] | CK ^            |          |       |   0.002 |   -0.313 | 
     | picorv32_core_pcpi_insn_reg[14] | CK ^ -> Q ^     | EDFFHQX1 | 0.048 |   0.050 |   -0.266 | 
     | FE_OFC722_pcpi_insn_14          | A ^ -> Y ^      | CLKBUFX8 | 0.035 |   0.085 |   -0.231 | 
     |                                 | pcpi_insn[14] ^ |          | 0.001 |   0.085 |   -0.230 | 
     +-------------------------------------------------------------------------------------------+ 
Path 50: MET Early External Delay Assertion 
Endpoint:   wbm_adr_o[29]       (^) checked with  leading edge of 'clk'
Beginpoint: wbm_adr_o_reg[29]/Q (^) triggered by  leading edge of 'clk'
Path Groups: {reg2out}
Analysis View: analysis1
Other End Arrival Time          0.000
- External Delay                0.250
+ Phase Shift                   0.000
+ Uncertainty                   0.020
= Required Time                -0.230
  Arrival Time                  0.086
  Slack Time                    0.316
     Clock Rise Edge                 0.000
     + Clock Network Latency (Prop)  0.003
     = Beginpoint Arrival Time       0.003
     +----------------------------------------------------------------------------------+ 
     |        Instance        |       Arc       |   Cell   | Delay | Arrival | Required | 
     |                        |                 |          |       |  Time   |   Time   | 
     |------------------------+-----------------+----------+-------+---------+----------| 
     | wbm_adr_o_reg[29]      | CK ^            |          |       |   0.003 |   -0.314 | 
     | wbm_adr_o_reg[29]      | CK ^ -> Q ^     | DFFHQX1  | 0.040 |   0.042 |   -0.274 | 
     | FE_OFC8_wbm_adr_o_29   | A ^ -> Y v      | INVX1    | 0.020 |   0.062 |   -0.254 | 
     | FE_OFC471_wbm_adr_o_29 | A v -> Y ^      | CLKINVX8 | 0.024 |   0.086 |   -0.230 | 
     |                        | wbm_adr_o[29] ^ |          | 0.001 |   0.086 |   -0.230 | 
     +----------------------------------------------------------------------------------+ 

