###############################################################
#  Generated by:      Cadence Innovus 21.35-s114_1
#  OS:                Linux x86_64(Host ID cn89.it.auth.gr)
#  Generated on:      Thu Nov 27 16:20:33 2025
#  Design:            picorv32_wb
#  Command:           report_route -summary > reports/egr_limited_metals.rpt
###############################################################


Statistics for design picorv32_wb :

+-------------------+----------+
|   Design Metric   |   Count  |
+-------------------+----------+
|   Instances       |    9990  |
|   Nets            |   10951  |
|   Tri-State Nets  |       0  |
|   Degen nets      |       2  |
|   Pins            |   41004  |
|   I/O Terminals   |     341  |
+-------------------+----------+


Net Pin Statistics :

+------------------+----------------+---------------+
|     Number of    |    Number of   |   Percentage  |
|  Connected Pins  |      Nets      |    of Nets    |
+------------------+----------------+---------------+
|              1   |            2   |       0.018   |
|              2   |         7539   |      68.843   |
|              3   |         1886   |      17.222   |
|              4   |          469   |       4.283   |
|              5   |          300   |       1.525   |
|              6   |          167   |       1.525   |
|              7   |           60   |       0.548   |
|              8   |           26   |       0.237   |
|              9   |           31   |       0.283   |
|           >=10   |          471   |       4.301   |
+------------------+----------------+---------------+


Wire Length Statistics :

+----------------+-----------------+
|   Layer Name   |   Wire Length   |
+----------------+-----------------+
|     Metal1     |        0.00 um  |
|     Metal2     |        0.00 um  |
|     Metal3     |        0.00 um  |
|     Metal4     |        0.00 um  |
|     Metal5     |    66233.16 um  |
|     Metal6     |    87272.32 um  |
|     Metal7     |    27486.32 um  |
|     Metal8     |    12707.58 um  |
|     Metal9     |     1265.28 um  |
|    Metal10     |     7215.44 um  |
|    Metal11     |        0.00 um  |
+----------------+-----------------+
|     Total      |  202180.095 um  |
+----------------+-----------------+


Via Count Statistics :

+----------------+---------+
|  Via-cut Name  |  Count  |
+----------------+---------+
|   Poly(Cont)   |      0  |
|  Metal1(Via1)  |  40702  |
|  Metal2(Via2)  |  40838  |
|  Metal3(Via3)  |  40909  |
|  Metal4(Via4)  |  40961  |
|  Metal5(Via5)  |  57040  |
|  Metal6(Via6)  |   5885  |
|  Metal7(Via7)  |   2175  |
|  Metal8(Via8)  |    384  |
|  Metal9(Via9)  |    346  |
| Metal10(Via10) |      0  |
+----------------+---------+
|     Total      | 229240  |
+----------------+---------+




*** Net length and connection length statistics (cell picorv32_wb) ***

Total net length = 170863.660 (75805.515 95058.145)

Avg net length = 15.603 (sigma = 30.102)
Sqrt of avg square net length = 33.905

Avg connection length = 5.685 (sigma = 7.699)
Sqrt of avg square connection length = 9.571

Net and connection length distribution:

+-----------------------+------------------+-------------------+
|                       |  Number of Nets  |   Number of Nets  |
|     Length Range      |       with       |        with       |
|                       |    Wire Length   |  Fly-line Length  |
+-----------------------+------------------+-------------------+
|     0.00 um - 4.00 um |            3772  |             5389  |
|     4.00 um - 8.00 um |            2992  |             2893  |
|    8.00 um - 12.00 um |            1226  |              925  |
|   12.00 um - 16.00 um |             703  |              497  |
|   16.00 um - 20.00 um |             399  |              287  |
|   20.00 um - 24.00 um |             357  |              278  |
|   24.00 um - 28.00 um |             219  |              179  |
|   28.00 um - 32.00 um |             166  |              137  |
|   32.00 um - 36.00 um |             133  |              109  |
|   36.00 um - 40.00 um |              74  |               46  |
|   40.00 um - 44.00 um |              41  |               18  |
|   44.00 um - 48.00 um |              43  |               20  |
|   48.00 um - 52.00 um |              45  |               23  |
|   52.00 um - 56.00 um |              62  |               25  |
|   56.00 um - 60.00 um |              54  |               12  |
|   60.00 um - 64.00 um |              56  |               19  |
|   64.00 um - 68.00 um |              55  |               15  |
|   68.00 um - 72.00 um |              50  |               12  |
|   72.00 um - 76.00 um |              30  |               12  |
|   76.00 um - 80.00 um |              38  |                8  |
|   80.00 um - 84.00 um |              22  |                4  |
|   84.00 um - 88.00 um |              26  |                5  |
|   88.00 um - 92.00 um |              23  |                8  |
|   92.00 um - 96.00 um |              21  |                6  |
|  96.00 um - 100.00 um |              13  |                5  |
| 100.00 um - 104.00 um |              19  |                4  |
| 104.00 um - 108.00 um |              17  |                3  |
| 108.00 um - 112.00 um |              16  |                7  |
| 112.00 um - 116.00 um |              13  |                2  |
| 116.00 um - 120.00 um |              11  |                2  |
| 120.00 um - 124.00 um |               7  |                0  |
| 124.00 um - 128.00 um |              11  |                0  |
| 128.00 um - 132.00 um |              12  |                0  |
| 132.00 um - 136.00 um |              13  |                1  |
| 136.00 um - 140.00 um |              17  |                0  |
| 140.00 um - 144.00 um |              17  |                0  |
| 144.00 um - 148.00 um |              12  |                0  |
| 148.00 um - 152.00 um |              11  |                0  |
| 152.00 um - 156.00 um |              15  |                0  |
| 156.00 um - 160.00 um |              13  |                0  |
| 160.00 um - 164.00 um |              12  |                0  |
| 164.00 um - 168.00 um |               6  |                0  |
| 168.00 um - 172.00 um |              15  |                0  |
| 172.00 um - 176.00 um |               5  |                0  |
| 176.00 um - 180.00 um |               8  |                0  |
| 180.00 um - 184.00 um |               7  |                0  |
| 184.00 um - 188.00 um |               4  |                0  |
| 188.00 um - 192.00 um |               6  |                0  |
| 192.00 um - 196.00 um |               3  |                0  |
| 196.00 um - 200.00 um |               6  |                0  |
| 200.00 um - 204.00 um |               6  |                0  |
| 204.00 um - 208.00 um |               4  |                0  |
| 208.00 um - 212.00 um |               6  |                0  |
| 212.00 um - 216.00 um |               5  |                0  |
| 216.00 um - 220.00 um |               3  |                0  |
| 220.00 um - 224.00 um |               4  |                0  |
| 224.00 um - 228.00 um |               1  |                0  |
| 228.00 um - 232.00 um |               5  |                0  |
| 232.00 um - 236.00 um |               3  |                0  |
| 236.00 um - 240.00 um |               5  |                0  |
| 240.00 um - 244.00 um |               2  |                0  |
| 252.00 um - 256.00 um |               1  |                0  |
| 256.00 um - 260.00 um |               1  |                0  |
| 260.00 um - 264.00 um |               2  |                0  |
| 264.00 um - 268.00 um |               1  |                0  |
| 268.00 um - 272.00 um |               1  |                0  |
| 280.00 um - 284.00 um |               1  |                0  |
| 288.00 um - 292.00 um |               1  |                0  |
| 292.00 um - 296.00 um |               1  |                0  |
| 296.00 um - 300.00 um |               1  |                0  |
|  396.00 um - infinity |               1  |                0  |
+-----------------------+------------------+-------------------+


Total number of long connections = 0
Io: nrCon=0


