###############################################################
#  Generated by:      Cadence Innovus 21.35-s114_1
#  OS:                Linux x86_64(Host ID cn89.it.auth.gr)
#  Generated on:      Thu Nov 27 16:18:27 2025
#  Design:            picorv32_wb
#  Command:           report_route -summary > reports/egr_all_metals.rpt
###############################################################


Statistics for design picorv32_wb :

+-------------------+----------+
|   Design Metric   |   Count  |
+-------------------+----------+
|   Instances       |    9990  |
|   Nets            |   10951  |
|   Tri-State Nets  |       0  |
|   Degen nets      |       2  |
|   Pins            |   41004  |
|   I/O Terminals   |     341  |
+-------------------+----------+


Net Pin Statistics :

+------------------+----------------+---------------+
|     Number of    |    Number of   |   Percentage  |
|  Connected Pins  |      Nets      |    of Nets    |
+------------------+----------------+---------------+
|              1   |            2   |       0.018   |
|              2   |         7539   |      68.843   |
|              3   |         1886   |      17.222   |
|              4   |          469   |       4.283   |
|              5   |          300   |       1.525   |
|              6   |          167   |       1.525   |
|              7   |           60   |       0.548   |
|              8   |           26   |       0.237   |
|              9   |           31   |       0.283   |
|           >=10   |          471   |       4.301   |
+------------------+----------------+---------------+


Wire Length Statistics :

+----------------+-----------------+
|   Layer Name   |   Wire Length   |
+----------------+-----------------+
|     Metal1     |        0.00 um  |
|     Metal2     |    70543.53 um  |
|     Metal3     |    73741.15 um  |
|     Metal4     |    36430.45 um  |
|     Metal5     |    16414.27 um  |
|     Metal6     |     5227.14 um  |
|     Metal7     |       58.80 um  |
|     Metal8     |        0.48 um  |
|     Metal9     |        0.00 um  |
|    Metal10     |        0.00 um  |
|    Metal11     |        0.00 um  |
+----------------+-----------------+
|     Total      |  202415.800 um  |
+----------------+-----------------+


Via Count Statistics :

+----------------+---------+
|  Via-cut Name  |  Count  |
+----------------+---------+
|   Poly(Cont)   |      0  |
|  Metal1(Via1)  |  40702  |
|  Metal2(Via2)  |  58532  |
|  Metal3(Via3)  |   6885  |
|  Metal4(Via4)  |   2235  |
|  Metal5(Via5)  |    295  |
|  Metal6(Via6)  |     67  |
|  Metal7(Via7)  |      9  |
|  Metal8(Via8)  |      1  |
|  Metal9(Via9)  |      1  |
| Metal10(Via10) |      0  |
+----------------+---------+
|     Total      | 108727  |
+----------------+---------+




*** Net length and connection length statistics (cell picorv32_wb) ***

Total net length = 170877.925 (75728.170 95149.755)

Avg net length = 15.604 (sigma = 30.103)
Sqrt of avg square net length = 33.906

Avg connection length = 5.686 (sigma = 7.694)
Sqrt of avg square connection length = 9.567

Net and connection length distribution:

+-----------------------+------------------+-------------------+
|                       |  Number of Nets  |   Number of Nets  |
|     Length Range      |       with       |        with       |
|                       |    Wire Length   |  Fly-line Length  |
+-----------------------+------------------+-------------------+
|     0.00 um - 4.00 um |            3759  |             5396  |
|     4.00 um - 8.00 um |            3005  |             2888  |
|    8.00 um - 12.00 um |            1228  |              924  |
|   12.00 um - 16.00 um |             704  |              493  |
|   16.00 um - 20.00 um |             403  |              293  |
|   20.00 um - 24.00 um |             350  |              276  |
|   24.00 um - 28.00 um |             221  |              179  |
|   28.00 um - 32.00 um |             164  |              136  |
|   32.00 um - 36.00 um |             133  |              109  |
|   36.00 um - 40.00 um |              77  |               46  |
|   40.00 um - 44.00 um |              38  |               18  |
|   44.00 um - 48.00 um |              41  |               20  |
|   48.00 um - 52.00 um |              45  |               22  |
|   52.00 um - 56.00 um |              67  |               25  |
|   56.00 um - 60.00 um |              51  |               14  |
|   60.00 um - 64.00 um |              55  |               19  |
|   64.00 um - 68.00 um |              56  |               14  |
|   68.00 um - 72.00 um |              49  |               12  |
|   72.00 um - 76.00 um |              31  |               12  |
|   76.00 um - 80.00 um |              39  |                9  |
|   80.00 um - 84.00 um |              22  |                3  |
|   84.00 um - 88.00 um |              24  |                5  |
|   88.00 um - 92.00 um |              24  |                8  |
|   92.00 um - 96.00 um |              22  |                7  |
|  96.00 um - 100.00 um |              12  |                4  |
| 100.00 um - 104.00 um |              19  |                4  |
| 104.00 um - 108.00 um |              17  |                3  |
| 108.00 um - 112.00 um |              16  |                7  |
| 112.00 um - 116.00 um |              13  |                2  |
| 116.00 um - 120.00 um |              11  |                2  |
| 120.00 um - 124.00 um |               7  |                0  |
| 124.00 um - 128.00 um |              11  |                0  |
| 128.00 um - 132.00 um |              11  |                0  |
| 132.00 um - 136.00 um |              14  |                1  |
| 136.00 um - 140.00 um |              16  |                0  |
| 140.00 um - 144.00 um |              18  |                0  |
| 144.00 um - 148.00 um |              12  |                0  |
| 148.00 um - 152.00 um |              11  |                0  |
| 152.00 um - 156.00 um |              14  |                0  |
| 156.00 um - 160.00 um |              14  |                0  |
| 160.00 um - 164.00 um |              12  |                0  |
| 164.00 um - 168.00 um |               5  |                0  |
| 168.00 um - 172.00 um |              16  |                0  |
| 172.00 um - 176.00 um |               5  |                0  |
| 176.00 um - 180.00 um |               8  |                0  |
| 180.00 um - 184.00 um |               6  |                0  |
| 184.00 um - 188.00 um |               6  |                0  |
| 188.00 um - 192.00 um |               5  |                0  |
| 192.00 um - 196.00 um |               3  |                0  |
| 196.00 um - 200.00 um |               6  |                0  |
| 200.00 um - 204.00 um |               6  |                0  |
| 204.00 um - 208.00 um |               4  |                0  |
| 208.00 um - 212.00 um |               6  |                0  |
| 212.00 um - 216.00 um |               5  |                0  |
| 216.00 um - 220.00 um |               3  |                0  |
| 220.00 um - 224.00 um |               3  |                0  |
| 224.00 um - 228.00 um |               2  |                0  |
| 228.00 um - 232.00 um |               5  |                0  |
| 232.00 um - 236.00 um |               3  |                0  |
| 236.00 um - 240.00 um |               5  |                0  |
| 240.00 um - 244.00 um |               2  |                0  |
| 252.00 um - 256.00 um |               1  |                0  |
| 256.00 um - 260.00 um |               1  |                0  |
| 260.00 um - 264.00 um |               2  |                0  |
| 264.00 um - 268.00 um |               1  |                0  |
| 268.00 um - 272.00 um |               1  |                0  |
| 280.00 um - 284.00 um |               1  |                0  |
| 288.00 um - 292.00 um |               1  |                0  |
| 292.00 um - 296.00 um |               1  |                0  |
| 296.00 um - 300.00 um |               1  |                0  |
|  396.00 um - infinity |               1  |                0  |
+-----------------------+------------------+-------------------+


Total number of long connections = 0
Io: nrCon=0


