###############################################################
#  Generated by:      Cadence Innovus 21.35-s114_1
#  OS:                Linux x86_64(Host ID cn89.it.auth.gr)
#  Generated on:      Thu Nov 27 16:39:24 2025
#  Design:            picorv32_wb
#  Command:           verify_drc -report reports/picorv32.drc.rpt
###############################################################

SHORT: ( Metal Short ) Regular Wire of Net picorv32_core_n_193712 & Regular Wire of Net CTS_1  ( Metal2 )
Bounds : ( 143.060, 162.505 ) ( 143.140, 162.585 )


SHORT: ( Metal Short ) Regular Wire of Net CTS_8 & Regular Wire of Net picorv32_core_n_12873  ( Metal2 )
Bounds : ( 161.860, 130.395 ) ( 161.940, 130.665 )


EndOfLine: ( EndOfLine Spacing ) Regular Wire of Net picorv32_core_genblk1.pcpi_mul_rs1[29] & Pin of Cell picorv32_core_genblk1.pcpi_mul_rs1_reg[29]  ( Metal1 )
Bounds : ( 155.965, 164.405 ) ( 156.035, 164.485 )


SPACING: ( ParallelRunLength Spacing ) Regular Wire of Net picorv32_core_genblk1.pcpi_mul_n_107 & Regular Wire of Net CTS_1  ( Metal2 )
Bounds : ( 154.620, 145.830 ) ( 154.660, 145.910 )


SPACING: ( ParallelRunLength Spacing ) Regular Wire of Net picorv32_core_genblk2.pcpi_div_n_9873 & Regular Wire of Net CTS_25  ( Metal2 )
Bounds : ( 191.795, 139.005 ) ( 191.860, 139.155 )


SPACING: ( ParallelRunLength Spacing ) Regular Wire of Net picorv32_core_n_191860 & Regular Wire of Net CTS_24  ( Metal2 )
Bounds : ( 131.635, 184.925 ) ( 131.660, 185.005 )


SHORT: ( Metal Short ) Regular Wire of Net CTS_18 & Regular Wire of Net picorv32_core_n_194601  ( Metal2 )
Bounds : ( 48.460, 134.005 ) ( 48.540, 134.085 )


SHORT: ( Metal Short ) Regular Wire of Net picorv32_core_n_196666 & Regular Wire of Net CTS_16  ( Metal2 )
Bounds : ( 64.860, 205.825 ) ( 64.940, 205.905 )


SHORT: ( Metal Short ) Regular Wire of Net picorv32_core_n_193574 & Regular Wire of Net CTS_13  ( Metal2 )
Bounds : ( 120.060, 200.230 ) ( 120.140, 200.310 )


SHORT: ( Metal Short ) Regular Wire of Net CTS_2 & Regular Wire of Net picorv32_core_n_198411  ( Metal2 )
Bounds : ( 151.330, 56.650 ) ( 151.340, 56.780 )


SHORT: ( Metal Short ) Regular Wire of Net CTS_3 & Regular Wire of Net picorv32_core_irq_pending[11]  ( Metal2 )
Bounds : ( 128.060, 94.295 ) ( 128.140, 94.375 )


SHORT: ( Metal Short ) Regular Wire of Net picorv32_core_reg_out[16] & Regular Wire of Net CTS_8  ( Metal2 )
Bounds : ( 135.740, 121.545 ) ( 135.740, 121.625 )


SHORT: ( Metal Short ) Regular Wire of Net n_2299 & Regular Wire of Net wb_clk_i  ( Metal2 )
Bounds : ( 198.630, 113.245 ) ( 198.665, 113.325 )


SHORT: ( Metal Short ) Regular Wire of Net CTS_17 & Regular Wire of Net picorv32_core_n_195256  ( Metal2 )
Bounds : ( 56.860, 102.845 ) ( 56.940, 102.925 )


SHORT: ( Metal Short ) Regular Wire of Net picorv32_core_cpuregs[5][22] & Pin of Cell picorv32_core_g193261  ( Metal1 )
Bounds : ( 37.160, 117.105 ) ( 37.220, 117.165 )


SPACING: ( ParallelRunLength Spacing ) Regular Wire of Net picorv32_core_n_13066 & Regular Wire of Net CTS_3  ( Metal2 )
Bounds : ( 112.815, 77.195 ) ( 112.860, 77.465 )


SHORT: ( Metal Short ) Regular Wire of Net picorv32_core_n_198540 & Regular Wire of Net CTS_14  ( Metal2 )
Bounds : ( 67.095, 70.545 ) ( 67.140, 70.625 )


SHORT: ( Metal Short ) Regular Wire of Net CTS_3 & Regular Wire of Net picorv32_core_inc_add_1433_40_n_1023  ( Metal2 )
Bounds : ( 111.535, 96.090 ) ( 111.540, 96.170 )


SHORT: ( Metal Short ) Regular Wire of Net picorv32_core_n_192584 & Regular Wire of Net CTS_12  ( Metal2 )
Bounds : ( 124.660, 102.845 ) ( 124.740, 102.925 )


SHORT: ( Metal Short ) Regular Wire of Net CTS_2 & Regular Wire of Net picorv32_core_n_199999  ( Metal2 )
Bounds : ( 121.675, 54.965 ) ( 121.740, 55.070 )


SHORT: ( Metal Short ) Regular Wire of Net CTS_4 & Regular Wire of Net picorv32_core_n_198745  ( Metal2 )
Bounds : ( 92.860, 51.545 ) ( 92.940, 51.625 )


  Total Violations : 21 Viols.
