Using Power View: analysis1.

Begin Power Analysis

             0V	    VSS
          1.32V	    VDD
Begin Processing Timing Library for Power Calculation

Begin Processing Timing Library for Power Calculation



Begin Processing Power Net/Grid for Power Calculation

Ended Processing Power Net/Grid for Power Calculation: (cpu=0:00:00, real=0:00:00, mem(process/total/peak)=2202.93MB/4176.43MB/2718.04MB)

Begin Processing Timing Window Data for Power Calculation

CK: assigning clock clk to net wb_clk_i
Ended Processing Timing Window Data for Power Calculation: (cpu=0:00:00, real=0:00:00, mem(process/total/peak)=2202.93MB/4176.43MB/2718.04MB)

Begin Processing User Attributes

Ended Processing User Attributes: (cpu=0:00:00, real=0:00:00, mem(process/total/peak)=2202.93MB/4176.43MB/2718.04MB)

Begin Processing Signal Activity


Starting Activity Propagation
2025-Nov-27 16:20:33 (2025-Nov-27 14:20:33 GMT)
2025-Nov-27 16:20:34 (2025-Nov-27 14:20:34 GMT): 10%
2025-Nov-27 16:20:34 (2025-Nov-27 14:20:34 GMT): 20%
2025-Nov-27 16:20:34 (2025-Nov-27 14:20:34 GMT): 30%
2025-Nov-27 16:20:34 (2025-Nov-27 14:20:34 GMT): 40%
2025-Nov-27 16:20:34 (2025-Nov-27 14:20:34 GMT): 50%
2025-Nov-27 16:20:34 (2025-Nov-27 14:20:34 GMT): 60%
2025-Nov-27 16:20:34 (2025-Nov-27 14:20:34 GMT): 70%
2025-Nov-27 16:20:34 (2025-Nov-27 14:20:34 GMT): 80%
2025-Nov-27 16:20:34 (2025-Nov-27 14:20:34 GMT): 90%

Finished Activity Propagation
2025-Nov-27 16:20:34 (2025-Nov-27 14:20:34 GMT)
Ended Processing Signal Activity: (cpu=0:00:00, real=0:00:00, mem(process/total/peak)=2203.55MB/4176.43MB/2718.04MB)

Begin Power Computation

      ----------------------------------------------------------
      # of cell(s) missing both power/leakage table: 0
      # of cell(s) missing power table: 0
      # of cell(s) missing leakage table: 0
      ----------------------------------------------------------



Starting Calculating power
2025-Nov-27 16:20:34 (2025-Nov-27 14:20:34 GMT)
 ... Calculating switching power
2025-Nov-27 16:20:34 (2025-Nov-27 14:20:34 GMT): 10%
2025-Nov-27 16:20:34 (2025-Nov-27 14:20:34 GMT): 20%
2025-Nov-27 16:20:34 (2025-Nov-27 14:20:34 GMT): 30%
2025-Nov-27 16:20:34 (2025-Nov-27 14:20:34 GMT): 40%
2025-Nov-27 16:20:34 (2025-Nov-27 14:20:34 GMT): 50%
 ... Calculating internal and leakage power
2025-Nov-27 16:20:34 (2025-Nov-27 14:20:34 GMT): 60%
2025-Nov-27 16:20:34 (2025-Nov-27 14:20:34 GMT): 70%
2025-Nov-27 16:20:34 (2025-Nov-27 14:20:34 GMT): 80%
2025-Nov-27 16:20:35 (2025-Nov-27 14:20:35 GMT): 90%

Finished Calculating power
2025-Nov-27 16:20:35 (2025-Nov-27 14:20:35 GMT)
      # of MSMV cell(s) missing power_level: 0
Ended Power Computation: (cpu=0:00:00, real=0:00:00, mem(process/total/peak)=2203.55MB/4176.43MB/2718.04MB)

Begin Processing User Attributes

Ended Processing User Attributes: (cpu=0:00:00, real=0:00:00, mem(process/total/peak)=2203.55MB/4176.43MB/2718.04MB)

Ended Power Analysis: (cpu=0:00:01, real=0:00:01, mem(process/total/peak)=2203.55MB/4176.43MB/2718.04MB)

Begin Boundary Leakage Calculation
Ended Boundary Leakage Calculation: (cpu=0:00:00, real=0:00:00,
mem(process/total/peak)=2203.55MB/4176.43MB/2718.04MB)
Begin Static Power Report Generation
*----------------------------------------------------------------------------------------
*	Innovus 21.35-s114_1 (64bit) 10/13/2022 12:11 (Linux 3.10.0-693.el7.x86_64)
*	
*
* 	Date & Time:	2025-Nov-27 16:20:35 (2025-Nov-27 14:20:35 GMT)
*
*----------------------------------------------------------------------------------------
*
*	Design: picorv32_wb
*
*	Liberty Libraries used:
*	        analysis1: /mnt/apps/prebuilt/eda/designkits/GPDK/gsclib045/lan/flow/t1u1/reference_libs/GPDK045/gsclib045_svt_v4.4/gsclib045/timing/fast_vdd1v2_basicCells.lib
*
*	Parasitic Files used:
*
*       Power View : analysis1
*
*       User-Defined Activity : N.A.
*
*       Activity File: N.A.
*
*       Hierarchical Global Activity: N.A.
*
*       Global Activity: N.A.
*
*       Sequential Element Activity: N.A.
*
*       Primary Input Activity: 0.200000
*
*       Default icg ratio: N.A.
*
*       Global Comb ClockGate Ratio: N.A.
*
*	Power Units = 1mW
*
*	Time Units = 1e-09 secs
*
*       report_power
*
-----------------------------------------------------------------------------------------
*



Total Power
-----------------------------------------------------------------------------------------
Total Internal Power:        4.50712859 	   52.8526%
Total Switching Power:       4.01633953 	   47.0974%
Total Leakage Power:         0.00426386 	    0.0500%
Total Power:                 8.52773198
-----------------------------------------------------------------------------------------


Group                           Internal   Switching     Leakage       Total  Percentage 
                                Power      Power         Power         Power  (%)        
-----------------------------------------------------------------------------------------
Sequential                         3.521      0.3236    0.001932       3.846       45.11
Macro                                  0           0           0           0           0
IO                                     0           0           0           0           0
Combinational                     0.9863       3.693    0.002332       4.681       54.89
Clock (Combinational)                  0           0           0           0           0
Clock (Sequential)                     0           0           0           0           0
-----------------------------------------------------------------------------------------
Total                              4.507       4.016    0.004264       8.528         100
-----------------------------------------------------------------------------------------


Rail                  Voltage   Internal   Switching     Leakage       Total  Percentage 
                                Power      Power         Power         Power  (%)        
-----------------------------------------------------------------------------------------
VDD                      1.32      4.507       4.016    0.004264       8.528         100
 
 
-----------------------------------------------------------------------------------------
*	Power Distribution Summary: 
*              Highest Average Power:     FE_OFC550_pcpi_rs1_30 (CLKBUFX8):          0.02685
*              Highest Leakage Power: picorv32_core_pcpi_insn_reg[3] (EDFFHQX8):        1.646e-06
*                Total Cap:      9.07371e-11 F
*                Total instances in design:  9990
*                Total instances in design with no power:     0
*                Total instances in design with no activty:     0

*                Total Fillers and Decap:     0
-----------------------------------------------------------------------------------------
 
** INFO:  (VOLTUS_POWR-3465): There are 0 decaps and 0 fillers in the design

Ended Static Power Report Generation: (cpu=0:00:00, real=0:00:00,
mem(process/total/peak)=2206.30MB/4178.18MB/2718.04MB)

Begin Creating Binary Database
Ended Creating Binary Database: (cpu=0:00:00, real=0:00:00,
mem(process/total/peak)=2719.11MB/4948.60MB/2719.11MB)
