###############################################################
#  Generated by:      Cadence Innovus 21.35-s114_1
#  OS:                Linux x86_64(Host ID cn95.it.auth.gr)
#  Generated on:      Mon Dec 22 17:00:31 2025
#  Design:            picorv32_wb
#  Command:           report_route -summary > reports/egr_all_metals.rpt
###############################################################


Statistics for design picorv32_wb :

+-------------------+----------+
|   Design Metric   |   Count  |
+-------------------+----------+
|   Instances       |    9992  |
|   Nets            |   10953  |
|   Tri-State Nets  |       0  |
|   Degen nets      |       2  |
|   Pins            |   41008  |
|   I/O Terminals   |     341  |
+-------------------+----------+


Net Pin Statistics :

+------------------+----------------+---------------+
|     Number of    |    Number of   |   Percentage  |
|  Connected Pins  |      Nets      |    of Nets    |
+------------------+----------------+---------------+
|              1   |            2   |       0.018   |
|              2   |         7535   |      68.794   |
|              3   |         1891   |      17.265   |
|              4   |          465   |       4.245   |
|              5   |          301   |       1.534   |
|              6   |          168   |       1.534   |
|              7   |           61   |       0.557   |
|              8   |           26   |       0.237   |
|              9   |           28   |       0.256   |
|           >=10   |          476   |       4.346   |
+------------------+----------------+---------------+


Wire Length Statistics :

+----------------+-----------------+
|   Layer Name   |   Wire Length   |
+----------------+-----------------+
|     Metal1     |        0.00 um  |
|     Metal2     |    70474.76 um  |
|     Metal3     |    74165.09 um  |
|     Metal4     |    35493.83 um  |
|     Metal5     |    15128.30 um  |
|     Metal6     |     5422.29 um  |
|     Metal7     |      162.20 um  |
|     Metal8     |        3.52 um  |
|     Metal9     |        0.00 um  |
|    Metal10     |        1.24 um  |
|    Metal11     |        0.00 um  |
+----------------+-----------------+
|     Total      |  200851.216 um  |
+----------------+-----------------+


Via Count Statistics :

+----------------+---------+
|  Via-cut Name  |  Count  |
+----------------+---------+
|   Poly(Cont)   |      0  |
|  Metal1(Via1)  |  40702  |
|  Metal2(Via2)  |  59351  |
|  Metal3(Via3)  |   6795  |
|  Metal4(Via4)  |   1987  |
|  Metal5(Via5)  |    264  |
|  Metal6(Via6)  |     33  |
|  Metal7(Via7)  |     15  |
|  Metal8(Via8)  |      1  |
|  Metal9(Via9)  |      1  |
| Metal10(Via10) |      0  |
+----------------+---------+
|     Total      | 109149  |
+----------------+---------+




*** Net length and connection length statistics (cell picorv32_wb) ***

Total net length = 171141.391 (75778.951 95362.440)

Avg net length = 15.625 (sigma = 29.861)
Sqrt of avg square net length = 33.702

Avg connection length = 5.694 (sigma = 7.691)
Sqrt of avg square connection length = 9.570

Net and connection length distribution:

+-----------------------+------------------+-------------------+
|                       |  Number of Nets  |   Number of Nets  |
|     Length Range      |       with       |        with       |
|                       |    Wire Length   |  Fly-line Length  |
+-----------------------+------------------+-------------------+
|     0.00 um - 4.00 um |            3850  |             5380  |
|     4.00 um - 8.00 um |            2800  |             2851  |
|    8.00 um - 12.00 um |            1295  |              953  |
|   12.00 um - 16.00 um |             702  |              489  |
|   16.00 um - 20.00 um |             450  |              311  |
|   20.00 um - 24.00 um |             373  |              306  |
|   24.00 um - 28.00 um |             221  |              181  |
|   28.00 um - 32.00 um |             135  |              128  |
|   32.00 um - 36.00 um |             115  |               92  |
|   36.00 um - 40.00 um |              81  |               46  |
|   40.00 um - 44.00 um |              50  |               22  |
|   44.00 um - 48.00 um |              45  |               21  |
|   48.00 um - 52.00 um |              55  |               27  |
|   52.00 um - 56.00 um |              57  |               20  |
|   56.00 um - 60.00 um |              52  |               18  |
|   60.00 um - 64.00 um |              54  |               13  |
|   64.00 um - 68.00 um |              49  |               12  |
|   68.00 um - 72.00 um |              42  |               10  |
|   72.00 um - 76.00 um |              55  |               19  |
|   76.00 um - 80.00 um |              40  |               10  |
|   80.00 um - 84.00 um |              20  |                4  |
|   84.00 um - 88.00 um |              28  |                3  |
|   88.00 um - 92.00 um |              19  |                6  |
|   92.00 um - 96.00 um |              29  |                7  |
|  96.00 um - 100.00 um |              18  |                4  |
| 100.00 um - 104.00 um |              12  |                3  |
| 104.00 um - 108.00 um |              11  |                3  |
| 108.00 um - 112.00 um |              19  |                8  |
| 112.00 um - 116.00 um |              15  |                4  |
| 116.00 um - 120.00 um |               8  |                1  |
| 120.00 um - 124.00 um |              10  |                0  |
| 124.00 um - 128.00 um |              10  |                0  |
| 128.00 um - 132.00 um |              11  |                0  |
| 132.00 um - 136.00 um |              16  |                1  |
| 136.00 um - 140.00 um |               9  |                0  |
| 140.00 um - 144.00 um |              17  |                0  |
| 144.00 um - 148.00 um |              14  |                0  |
| 148.00 um - 152.00 um |              15  |                0  |
| 152.00 um - 156.00 um |              17  |                0  |
| 156.00 um - 160.00 um |              13  |                0  |
| 160.00 um - 164.00 um |               6  |                0  |
| 164.00 um - 168.00 um |              12  |                0  |
| 168.00 um - 172.00 um |              11  |                0  |
| 172.00 um - 176.00 um |               7  |                0  |
| 176.00 um - 180.00 um |               9  |                0  |
| 180.00 um - 184.00 um |               7  |                0  |
| 184.00 um - 188.00 um |               8  |                0  |
| 188.00 um - 192.00 um |               3  |                0  |
| 192.00 um - 196.00 um |               2  |                0  |
| 196.00 um - 200.00 um |               5  |                0  |
| 200.00 um - 204.00 um |               8  |                0  |
| 204.00 um - 208.00 um |               5  |                0  |
| 208.00 um - 212.00 um |               6  |                0  |
| 212.00 um - 216.00 um |               4  |                0  |
| 216.00 um - 220.00 um |               2  |                0  |
| 220.00 um - 224.00 um |               2  |                0  |
| 224.00 um - 228.00 um |               1  |                0  |
| 228.00 um - 232.00 um |               3  |                0  |
| 232.00 um - 236.00 um |               5  |                0  |
| 236.00 um - 240.00 um |               2  |                0  |
| 240.00 um - 244.00 um |               1  |                0  |
| 248.00 um - 252.00 um |               2  |                0  |
| 252.00 um - 256.00 um |               1  |                0  |
| 260.00 um - 264.00 um |               1  |                0  |
| 264.00 um - 268.00 um |               3  |                0  |
| 280.00 um - 284.00 um |               1  |                0  |
| 284.00 um - 288.00 um |               2  |                0  |
| 288.00 um - 292.00 um |               1  |                0  |
|  396.00 um - infinity |               1  |                0  |
+-----------------------+------------------+-------------------+


Total number of long connections = 0
Io: nrCon=0


