*** Statistics for net list picorv32_wb ***
Number of cells      = 9992
Number of nets       = 10953
Number of tri-nets   = 0
Number of degen nets = 2
Number of pins       = 41008
Number of i/os       = 341

Number of nets with    1 terms = 2 (0.0%)
Number of nets with    2 terms = 7535 (68.8%)
Number of nets with    3 terms = 1891 (17.3%)
Number of nets with    4 terms = 465 (4.2%)
Number of nets with    5 terms = 301 (2.7%)
Number of nets with    6 terms = 168 (1.5%)
Number of nets with    7 terms = 61 (0.6%)
Number of nets with    8 terms = 26 (0.2%)
Number of nets with    9 terms = 28 (0.3%)
Number of nets with >=10 terms = 476 (4.3%)

*** 80 Primitives used:
Primitive XNOR2X1 (471 insts)
Primitive SMDFFHQX1 (1 insts)
Primitive OR4X1 (75 insts)
Primitive OR3XL (7 insts)
Primitive OR3X2 (1 insts)
Primitive OR3X1 (9 insts)
Primitive OR2X2 (2 insts)
Primitive OR2X1 (84 insts)
Primitive OAI32X1 (1 insts)
Primitive OAI31X1 (6 insts)
Primitive OAI2BB1X2 (1 insts)
Primitive OAI2BB1X1 (269 insts)
Primitive OAI22X1 (390 insts)
Primitive OAI222X1 (16 insts)
Primitive OAI221X1 (66 insts)
Primitive OAI21X1 (78 insts)
Primitive OAI211X1 (76 insts)
Primitive OA22X1 (50 insts)
Primitive OA21X1 (11 insts)
Primitive NOR4X1 (29 insts)
Primitive NOR4BX1 (3 insts)
Primitive NOR4BBX1 (4 insts)
Primitive NOR3X1 (12 insts)
Primitive NOR3BX1 (12 insts)
Primitive NOR2X2 (4 insts)
Primitive NOR2X1 (326 insts)
Primitive NOR2BX4 (1 insts)
Primitive NOR2BX2 (14 insts)
Primitive NOR2BX1 (98 insts)
Primitive NAND4XL (258 insts)
Primitive NAND4X1 (26 insts)
Primitive NAND4BX1 (5 insts)
Primitive NAND3X2 (1 insts)
Primitive NAND3X1 (82 insts)
Primitive NAND3BXL (25 insts)
Primitive NAND2X2 (30 insts)
Primitive NAND2X1 (333 insts)
Primitive NAND2BX4 (1 insts)
Primitive NAND2BX2 (1 insts)
Primitive NAND2BX1 (137 insts)
Primitive MXI2XL (289 insts)
Primitive MX2X1 (192 insts)
Primitive MDFFHQX1 (18 insts)
Primitive INVXL (62 insts)
Primitive INVX2 (2 insts)
Primitive INVX1 (327 insts)
Primitive EDFFX2 (64 insts)
Primitive EDFFHQX8 (15 insts)
Primitive EDFFHQX1 (1248 insts)
Primitive DFFX2 (2 insts)
Primitive DFFX1 (51 insts)
Primitive DFFTRX2 (1 insts)
Primitive DFFRX1 (1 insts)
Primitive DFFQXL (179 insts)
Primitive DFFHQX8 (13 insts)
Primitive DFFHQX1 (806 insts)
Primitive CLKXOR2X1 (44 insts)
Primitive CLKINVX8 (133 insts)
Primitive CLKBUFX8 (56 insts)
Primitive BUFX2 (19 insts)
Primitive AOI33XL (1 insts)
Primitive AOI32X1 (28 insts)
Primitive AOI2BB2X1 (31 insts)
Primitive AOI2BB1X1 (3 insts)
Primitive AOI22X1 (1386 insts)
Primitive AOI222X1 (88 insts)
Primitive AOI221X1 (505 insts)
Primitive AOI21X1 (76 insts)
Primitive AOI211XL (64 insts)
Primitive AO22X1 (194 insts)
Primitive AO21X1 (33 insts)
Primitive AND4XL (10 insts)
Primitive AND4X1 (5 insts)
Primitive AND3XL (4 insts)
Primitive AND3X4 (1 insts)
Primitive AND3X1 (6 insts)
Primitive AND2X2 (37 insts)
Primitive AND2X1 (242 insts)
Primitive ADDHX1 (192 insts)
Primitive ADDFX1 (548 insts)
************
