============================================================
  Generated by:           Genus(TM) Synthesis Solution 21.15-s080_1
  Generated on:           Nov 27 2025  03:40:32 pm
  Module:                 picorv32_wb
  Operating conditions:   PVT_1P32V_0C 
  Interconnect mode:      global
  Area mode:              physical library
============================================================

                                
   Gate    Instances    Area        Library    
-----------------------------------------------
ADDFX1           548   2811.240    fast_vdd1v2 
ADDHX1           192    722.304    fast_vdd1v2 
AND2X1           242    331.056    fast_vdd1v2 
AND2X2            37     63.270    fast_vdd1v2 
AND3X1             5     11.970    fast_vdd1v2 
AND3X4             2      6.156    fast_vdd1v2 
AND3XL             4      8.208    fast_vdd1v2 
AND4X1             5     11.970    fast_vdd1v2 
AND4XL            10     23.940    fast_vdd1v2 
AO21X1            33     79.002    fast_vdd1v2 
AO22X1           194    530.784    fast_vdd1v2 
AOI211XL          64    131.328    fast_vdd1v2 
AOI21X1           76    129.960    fast_vdd1v2 
AOI221X1         505   1208.970    fast_vdd1v2 
AOI222X1          88    270.864    fast_vdd1v2 
AOI22X1         1386   2844.072    fast_vdd1v2 
AOI2BB1X1          3      6.156    fast_vdd1v2 
AOI2BB2X1         31    106.020    fast_vdd1v2 
AOI32X1           28     67.032    fast_vdd1v2 
AOI33XL            1      2.394    fast_vdd1v2 
BUFX2              2      3.420    fast_vdd1v2 
BUFX8             25     94.050    fast_vdd1v2 
CLKINVX4           2      3.420    fast_vdd1v2 
CLKXOR2X1         44    120.384    fast_vdd1v2 
DFFHQX1          677   3704.544    fast_vdd1v2 
DFFHQX8          142   1311.228    fast_vdd1v2 
DFFQXL           179    979.488    fast_vdd1v2 
DFFRX1             1      6.840    fast_vdd1v2 
DFFTRX2            1      8.208    fast_vdd1v2 
DFFX1             51    366.282    fast_vdd1v2 
DFFX2              2     16.416    fast_vdd1v2 
EDFFHQX1        1230  10516.500    fast_vdd1v2 
EDFFHQX8          33    383.724    fast_vdd1v2 
EDFFX2            64    590.976    fast_vdd1v2 
INVX1            234    160.056    fast_vdd1v2 
INVX2              1      1.026    fast_vdd1v2 
INVX3              1      1.368    fast_vdd1v2 
MDFFHQX1          18    153.900    fast_vdd1v2 
MX2X1            192    459.648    fast_vdd1v2 
MXI2XL           289    691.866    fast_vdd1v2 
NAND2BX1         136    186.048    fast_vdd1v2 
NAND2BX2           2      4.788    fast_vdd1v2 
NAND2BX4           1      3.762    fast_vdd1v2 
NAND2X1          333    341.658    fast_vdd1v2 
NAND2X2           30     51.300    fast_vdd1v2 
NAND3BX4           1      5.130    fast_vdd1v2 
NAND3BXL          24     41.040    fast_vdd1v2 
NAND3X1           83    141.930    fast_vdd1v2 
NAND4BX1           5     11.970    fast_vdd1v2 
NAND4XL          284    485.640    fast_vdd1v2 
NOR2BX1           98    134.064    fast_vdd1v2 
NOR2BX2           14     38.304    fast_vdd1v2 
NOR2BX4            1      3.762    fast_vdd1v2 
NOR2X1           326    334.476    fast_vdd1v2 
NOR2X2             4      6.840    fast_vdd1v2 
NOR3BX1           12     24.624    fast_vdd1v2 
NOR3X1            12     20.520    fast_vdd1v2 
NOR4BBX1           4     10.944    fast_vdd1v2 
NOR4BX1            3      7.182    fast_vdd1v2 
NOR4X1            29     49.590    fast_vdd1v2 
OA21X1            10     20.520    fast_vdd1v2 
OA21X4             1      3.762    fast_vdd1v2 
OA22X1            50    119.700    fast_vdd1v2 
OAI211X1          76    129.960    fast_vdd1v2 
OAI21X1           78    133.380    fast_vdd1v2 
OAI221X1          66    158.004    fast_vdd1v2 
OAI222X1          16     43.776    fast_vdd1v2 
OAI22X1          389    798.228    fast_vdd1v2 
OAI22X2            1      3.420    fast_vdd1v2 
OAI2BB1X1        269    459.990    fast_vdd1v2 
OAI2BB1X2          1      3.078    fast_vdd1v2 
OAI31X1            6     12.312    fast_vdd1v2 
OAI32X1            1      2.394    fast_vdd1v2 
OR2X1             84    114.912    fast_vdd1v2 
OR2X2              2      3.420    fast_vdd1v2 
OR3X1              9     18.468    fast_vdd1v2 
OR3X2              1      2.394    fast_vdd1v2 
OR3XL              7     14.364    fast_vdd1v2 
OR4X1             75    153.900    fast_vdd1v2 
SMDFFHQX1          1     10.260    fast_vdd1v2 
XNOR2X1          471   1127.574    fast_vdd1v2 
-----------------------------------------------
total           9658  34177.428                


                                          
     Type      Instances    Area   Area % 
------------------------------------------
sequential          2399 18048.366   52.8 
inverter             238   165.870    0.5 
buffer                27    97.470    0.3 
logic               6994 15865.722   46.4 
physical_cells         0     0.000    0.0 
------------------------------------------
total               9658 34177.428  100.0 

