============================================================
  Generated by:           Genus(TM) Synthesis Solution 21.15-s080_1
  Generated on:           Nov 27 2025  06:06:40 pm
  Module:                 picorv32_wb
  Operating conditions:   PVT_1P32V_0C 
  Interconnect mode:      global
  Area mode:              physical library
============================================================


Path 1: MET (2141 ps) Setup Check with Pin picorv32_core_reg_op2_reg[24]/CK->D
          Group: I2R
     Startpoint: (R) wb_rst_i
          Clock: (R) clk
       Endpoint: (F) picorv32_core_reg_op2_reg[24]/D
          Clock: (R) clk

                     Capture       Launch     
        Clock Edge:+    4000            0     
        Drv Adjust:+       0          149     
       Src Latency:+     200          200     
       Net Latency:+       0 (I)        0 (I) 
           Arrival:=    4200          349     
                                              
             Setup:-      12                  
       Uncertainty:-      20                  
     Required Time:=    4168                  
      Launch Clock:-     349                  
       Input Delay:-     500                  
         Data Path:-    1178                  
             Slack:=    2141                  

Exceptions/Constraints:
  input_delay             500             constraints.sdc_line_32 

#----------------------------------------------------------------------------------------------------------
#          Timing Point           Flags    Arc   Edge   Cell     Fanout  Load Trans Delay Arrival Instance 
#                                                                        (fF)  (ps)  (ps)   (ps)  Location 
#----------------------------------------------------------------------------------------------------------
  wb_rst_i                        <<<     -      R     (arrival)     73  97.9   273     0     849    (-,-) 
  g490/Y                          -       A->Y   F     CLKINVX4     125 147.2   252   179    1028    (-,-) 
  picorv32_core_g195910/Y         -       A->Y   R     CLKINVX4     114 146.9   239   164    1192    (-,-) 
  picorv32_core_g195569/Y         -       B->Y   R     OR2X1         35  45.7   254   168    1360    (-,-) 
  picorv32_core_g195468/Y         -       A->Y   F     INVX1          8  10.4   102    89    1449    (-,-) 
  picorv32_core_g194880/Y         -       A1N->Y F     OAI2BB1X1      9  11.6   118    82    1531    (-,-) 
  picorv32_core_g194523/Y         -       AN->Y  F     NOR2BX1        8   9.5    57    50    1581    (-,-) 
  picorv32_core_g194012/Y         -       B->Y   F     AND2X1        27  35.6   189   122    1704    (-,-) 
  picorv32_core_g193286/Y         -       A1->Y  R     AOI22X1        1   1.9    69    57    1760    (-,-) 
  picorv32_core_g192225/Y         -       B->Y   F     NAND4XL        1   1.9    73    60    1820    (-,-) 
  picorv32_core_g191448__1705/Y   -       B0->Y  R     AOI211XL       1   1.9    67    56    1876    (-,-) 
  picorv32_core_g190737__9315/Y   -       D->Y   F     NAND4XL        1   2.0    76    60    1937    (-,-) 
  picorv32_core_g190695__6783/Y   -       B0->Y  R     AOI21X1        1   1.9    41    36    1973    (-,-) 
  picorv32_core_g190580__8246/Y   -       D->Y   F     NAND4XL        1   2.0    75    53    2026    (-,-) 
  picorv32_core_reg_op2_reg[24]/D <<<     -      F     DFFHQX8        1     -     -     0    2026    (-,-) 
#----------------------------------------------------------------------------------------------------------

