============================================================
  Generated by:           Genus(TM) Synthesis Solution 21.15-s080_1
  Generated on:           Nov 27 2025  03:40:33 pm
  Module:                 picorv32_wb
  Operating conditions:   PVT_1P32V_0C 
  Interconnect mode:      global
  Area mode:              physical library
============================================================

Timing
--------

Clock Period 
-------------
clk   4000.0 


  Cost    Critical         Violating 
 Group   Path Slack  TNS     Paths   
-------------------------------------
clk        No paths   0.0            
default    No paths   0.0            
I2O        No paths   0.0            
I2R          2141.1   0.0          0 
R2O          3125.1   0.0          0 
R2R           994.2   0.0          0 
-------------------------------------
Total                 0.0          0 

Instance Count
--------------
Leaf Instance Count             9658 
Physical Instance count            0 
Sequential Instance Count       2399 
Combinational Instance Count    7259 
Hierarchical Instance Count        0 

Area
----
Cell Area                          34177.428
Physical Cell Area                 0.000
Total Cell Area (Cell+Physical)    34177.428
Net Area                           13902.342
Total Area (Cell+Physical+Net)     48079.770

Max Fanout                         2399 (wb_clk_i)
Min Fanout                         0 (picorv32_core_genblk1.pcpi_mul_active[0])
Average Fanout                     2.8
Terms to net ratio                 3.7707
Terms to instance ratio            4.1459
Runtime                            354.534036 seconds
Elapsed Runtime                    518 seconds
Genus peak memory usage            1534.88 
Innovus peak memory usage          no_value 
Hostname                           cn89.it.auth.gr
