============================================================
  Generated by:           Genus(TM) Synthesis Solution 21.15-s080_1
  Generated on:           Nov 27 2025  03:40:30 pm
  Module:                 picorv32_wb
  Operating conditions:   PVT_1P32V_0C 
  Interconnect mode:      global
  Area mode:              physical library
============================================================


Path 1: MET (994 ps) Setup Check with Pin picorv32_core_genblk1.pcpi_mul_rd_reg[63]/CK->D
          Group: R2R
     Startpoint: (R) picorv32_core_genblk1.pcpi_mul_rs2_reg[5]/CK
          Clock: (R) clk
       Endpoint: (R) picorv32_core_genblk1.pcpi_mul_rd_reg[63]/D
          Clock: (R) clk

                     Capture       Launch     
        Clock Edge:+    4000            0     
       Src Latency:+     200          200     
       Net Latency:+       0 (I)        0 (I) 
           Arrival:=    4200          200     
                                              
             Setup:-      13                  
       Uncertainty:-      20                  
     Required Time:=    4167                  
      Launch Clock:-     200                  
         Data Path:-    2973                  
             Slack:=     994                  

#---------------------------------------------------------------------------------------------------------------------------------
#                      Timing Point                       Flags    Arc   Edge   Cell     Fanout Load Trans Delay Arrival Instance 
#                                                                                               (fF)  (ps)  (ps)   (ps)  Location 
#---------------------------------------------------------------------------------------------------------------------------------
  picorv32_core_genblk1.pcpi_mul_rs2_reg[5]/CK            -       -      R     (arrival)   2399    -    40     0     200    (-,-) 
  picorv32_core_genblk1.pcpi_mul_rs2_reg[5]/Q             -       CK->Q  R     MDFFHQX1      40 45.8   254   174     374    (-,-) 
  picorv32_core_genblk1.pcpi_mul_mul_2371_47_g14046/Y     -       A->Y   F     INVX1          5  6.7    83    77     452    (-,-) 
  picorv32_core_genblk1.pcpi_mul_mul_2371_47_g13987/Y     -       B->Y   F     XNOR2X1        2  3.0    20    39     491    (-,-) 
  picorv32_core_genblk1.pcpi_mul_mul_2371_47_g13897/Y     -       A->Y   F     OR2X1         26 34.3   183   122     613    (-,-) 
  picorv32_core_genblk1.pcpi_mul_mul_2371_47_g13890/Y     -       A->Y   R     INVX1          8 11.1    95    75     688    (-,-) 
  picorv32_core_genblk1.pcpi_mul_mul_2371_47_g13740/Y     -       A1->Y  F     OAI21X1        1  2.2    64    38     726    (-,-) 
  picorv32_core_genblk1.pcpi_mul_mul_2371_47_g13494/Y     -       B->Y   R     XNOR2X1        1  2.5    18    36     762    (-,-) 
  picorv32_core_genblk1.pcpi_mul_mul_2371_47_g13440/S     -       B->S   F     ADDHX1         1  2.7    19    35     797    (-,-) 
  picorv32_core_genblk1.pcpi_mul_mul_2371_47_cdnfadd3/CO  -       A->CO  F     ADDFX1         1  2.4    18    40     837    (-,-) 
  picorv32_core_genblk1.pcpi_mul_mul_2371_47_cdnfadd4/CO  -       CI->CO F     ADDFX1         1  2.4    18    39     876    (-,-) 
  picorv32_core_genblk1.pcpi_mul_mul_2371_47_cdnfadd5/CO  -       CI->CO F     ADDFX1         1  2.4    18    39     914    (-,-) 
  picorv32_core_genblk1.pcpi_mul_mul_2371_47_cdnfadd6/CO  -       CI->CO F     ADDFX1         1  2.4    18    39     953    (-,-) 
  picorv32_core_genblk1.pcpi_mul_mul_2371_47_cdnfadd7/CO  -       CI->CO F     ADDFX1         1  2.4    18    39     992    (-,-) 
  picorv32_core_genblk1.pcpi_mul_mul_2371_47_cdnfadd8/CO  -       CI->CO F     ADDFX1         1  2.4    18    39    1030    (-,-) 
  picorv32_core_genblk1.pcpi_mul_mul_2371_47_cdnfadd9/CO  -       CI->CO F     ADDFX1         1  2.4    18    39    1069    (-,-) 
  picorv32_core_genblk1.pcpi_mul_mul_2371_47_cdnfadd10/CO -       CI->CO F     ADDFX1         1  2.4    18    39    1108    (-,-) 
  picorv32_core_genblk1.pcpi_mul_mul_2371_47_cdnfadd11/CO -       CI->CO F     ADDFX1         1  2.4    18    39    1147    (-,-) 
  picorv32_core_genblk1.pcpi_mul_mul_2371_47_cdnfadd12/CO -       CI->CO F     ADDFX1         1  2.4    18    39    1185    (-,-) 
  picorv32_core_genblk1.pcpi_mul_mul_2371_47_cdnfadd13/CO -       CI->CO F     ADDFX1         1  2.4    18    39    1224    (-,-) 
  picorv32_core_genblk1.pcpi_mul_mul_2371_47_cdnfadd14/CO -       CI->CO F     ADDFX1         1  2.4    18    39    1263    (-,-) 
  picorv32_core_genblk1.pcpi_mul_mul_2371_47_cdnfadd15/CO -       CI->CO F     ADDFX1         1  2.4    18    39    1301    (-,-) 
  picorv32_core_genblk1.pcpi_mul_mul_2371_47_cdnfadd16/CO -       CI->CO F     ADDFX1         1  2.4    18    39    1340    (-,-) 
  picorv32_core_genblk1.pcpi_mul_mul_2371_47_cdnfadd17/CO -       CI->CO F     ADDFX1         1  2.4    18    39    1379    (-,-) 
  picorv32_core_genblk1.pcpi_mul_mul_2371_47_cdnfadd18/CO -       CI->CO F     ADDFX1         1  2.4    18    39    1418    (-,-) 
  picorv32_core_genblk1.pcpi_mul_mul_2371_47_cdnfadd19/CO -       CI->CO F     ADDFX1         1  2.4    18    39    1456    (-,-) 
  picorv32_core_genblk1.pcpi_mul_mul_2371_47_cdnfadd20/CO -       CI->CO F     ADDFX1         1  2.4    18    39    1495    (-,-) 
  picorv32_core_genblk1.pcpi_mul_mul_2371_47_cdnfadd21/CO -       CI->CO F     ADDFX1         1  2.4    18    39    1534    (-,-) 
  picorv32_core_genblk1.pcpi_mul_mul_2371_47_cdnfadd22/CO -       CI->CO F     ADDFX1         1  2.4    18    39    1572    (-,-) 
  picorv32_core_genblk1.pcpi_mul_mul_2371_47_cdnfadd23/CO -       CI->CO F     ADDFX1         1  2.4    18    39    1611    (-,-) 
  picorv32_core_genblk1.pcpi_mul_mul_2371_47_cdnfadd24/CO -       CI->CO F     ADDFX1         1  2.4    18    39    1650    (-,-) 
  picorv32_core_genblk1.pcpi_mul_mul_2371_47_cdnfadd25/CO -       CI->CO F     ADDFX1         1  2.4    18    39    1688    (-,-) 
  picorv32_core_genblk1.pcpi_mul_mul_2371_47_cdnfadd26/CO -       CI->CO F     ADDFX1         1  2.4    18    39    1727    (-,-) 
  picorv32_core_genblk1.pcpi_mul_mul_2371_47_cdnfadd27/CO -       CI->CO F     ADDFX1         1  2.4    18    39    1766    (-,-) 
  picorv32_core_genblk1.pcpi_mul_mul_2371_47_cdnfadd28/CO -       CI->CO F     ADDFX1         1  2.4    18    39    1804    (-,-) 
  picorv32_core_genblk1.pcpi_mul_mul_2371_47_cdnfadd29/CO -       CI->CO F     ADDFX1         1  2.4    18    39    1843    (-,-) 
  picorv32_core_genblk1.pcpi_mul_mul_2371_47_cdnfadd30/CO -       CI->CO F     ADDFX1         1  2.4    18    39    1882    (-,-) 
  picorv32_core_genblk1.pcpi_mul_mul_2371_47_cdnfadd31/CO -       CI->CO F     ADDFX1         1  2.4    18    39    1921    (-,-) 
  picorv32_core_genblk1.pcpi_mul_mul_2371_47_cdnfadd32/CO -       CI->CO F     ADDFX1         1  2.4    18    39    1959    (-,-) 
  picorv32_core_genblk1.pcpi_mul_mul_2371_47_cdnfadd33/CO -       CI->CO F     ADDFX1         1  2.4    18    39    1998    (-,-) 
  picorv32_core_genblk1.pcpi_mul_mul_2371_47_cdnfadd34/CO -       CI->CO F     ADDFX1         1  2.4    18    39    2037    (-,-) 
  picorv32_core_genblk1.pcpi_mul_mul_2371_47_cdnfadd35/CO -       CI->CO F     ADDFX1         1  2.4    18    39    2075    (-,-) 
  picorv32_core_genblk1.pcpi_mul_mul_2371_47_cdnfadd36/CO -       CI->CO F     ADDFX1         1  2.4    18    39    2114    (-,-) 
  picorv32_core_genblk1.pcpi_mul_mul_2371_47_cdnfadd37/CO -       CI->CO F     ADDFX1         1  2.4    18    39    2153    (-,-) 
  picorv32_core_genblk1.pcpi_mul_mul_2371_47_cdnfadd38/CO -       CI->CO F     ADDFX1         1  2.4    18    39    2192    (-,-) 
  picorv32_core_genblk1.pcpi_mul_mul_2371_47_cdnfadd39/CO -       CI->CO F     ADDFX1         1  2.4    18    39    2230    (-,-) 
  picorv32_core_genblk1.pcpi_mul_mul_2371_47_cdnfadd40/CO -       CI->CO F     ADDFX1         1  2.4    18    39    2269    (-,-) 
  picorv32_core_genblk1.pcpi_mul_mul_2371_47_cdnfadd41/CO -       CI->CO F     ADDFX1         1  2.4    18    39    2308    (-,-) 
  picorv32_core_genblk1.pcpi_mul_mul_2371_47_cdnfadd42/CO -       CI->CO F     ADDFX1         1  2.4    18    39    2346    (-,-) 
  picorv32_core_genblk1.pcpi_mul_mul_2371_47_cdnfadd43/CO -       CI->CO F     ADDFX1         1  2.4    18    39    2385    (-,-) 
  picorv32_core_genblk1.pcpi_mul_mul_2371_47_cdnfadd44/CO -       CI->CO F     ADDFX1         1  2.4    18    39    2424    (-,-) 
  picorv32_core_genblk1.pcpi_mul_mul_2371_47_cdnfadd45/CO -       CI->CO F     ADDFX1         1  2.4    18    39    2462    (-,-) 
  picorv32_core_genblk1.pcpi_mul_mul_2371_47_cdnfadd46/CO -       CI->CO F     ADDFX1         1  2.4    18    39    2501    (-,-) 
  picorv32_core_genblk1.pcpi_mul_mul_2371_47_cdnfadd47/CO -       CI->CO F     ADDFX1         1  2.4    18    39    2540    (-,-) 
  picorv32_core_genblk1.pcpi_mul_mul_2371_47_cdnfadd48/CO -       CI->CO F     ADDFX1         1  2.4    18    39    2578    (-,-) 
  picorv32_core_genblk1.pcpi_mul_mul_2371_47_cdnfadd49/CO -       CI->CO F     ADDFX1         1  2.4    18    39    2617    (-,-) 
  picorv32_core_genblk1.pcpi_mul_mul_2371_47_cdnfadd50/CO -       CI->CO F     ADDFX1         1  2.4    18    39    2656    (-,-) 
  picorv32_core_genblk1.pcpi_mul_mul_2371_47_cdnfadd51/CO -       CI->CO F     ADDFX1         1  2.4    18    39    2695    (-,-) 
  picorv32_core_genblk1.pcpi_mul_mul_2371_47_cdnfadd52/CO -       CI->CO F     ADDFX1         1  2.4    18    39    2733    (-,-) 
  picorv32_core_genblk1.pcpi_mul_mul_2371_47_cdnfadd53/CO -       CI->CO F     ADDFX1         1  2.4    18    39    2772    (-,-) 
  picorv32_core_genblk1.pcpi_mul_mul_2371_47_cdnfadd54/CO -       CI->CO F     ADDFX1         1  2.4    18    39    2811    (-,-) 
  picorv32_core_genblk1.pcpi_mul_mul_2371_47_cdnfadd55/CO -       CI->CO F     ADDFX1         1  2.4    18    39    2849    (-,-) 
  picorv32_core_genblk1.pcpi_mul_mul_2371_47_cdnfadd56/CO -       CI->CO F     ADDFX1         1  2.4    18    39    2888    (-,-) 
  picorv32_core_genblk1.pcpi_mul_mul_2371_47_cdnfadd57/CO -       CI->CO F     ADDFX1         1  2.4    18    39    2927    (-,-) 
  picorv32_core_genblk1.pcpi_mul_mul_2371_47_cdnfadd58/CO -       CI->CO F     ADDFX1         1  2.4    18    39    2966    (-,-) 
  picorv32_core_genblk1.pcpi_mul_mul_2371_47_cdnfadd59/CO -       CI->CO F     ADDFX1         1  2.4    18    39    3004    (-,-) 
  picorv32_core_genblk1.pcpi_mul_mul_2371_47_cdnfadd60/CO -       CI->CO F     ADDFX1         1  2.4    18    39    3043    (-,-) 
  picorv32_core_genblk1.pcpi_mul_mul_2371_47_cdnfadd61/CO -       CI->CO F     ADDFX1         1  2.4    18    39    3082    (-,-) 
  picorv32_core_genblk1.pcpi_mul_mul_2371_47_cdnfadd62/CO -       CI->CO F     ADDFX1         1  2.4    18    39    3120    (-,-) 
  picorv32_core_genblk1.pcpi_mul_mul_2371_47_g14137/S     -       CI->S  R     ADDFX1         1  1.9    15    52    3173    (-,-) 
  picorv32_core_genblk1.pcpi_mul_rd_reg[63]/D             <<<     -      R     DFFQXL         1    -     -     0    3173    (-,-) 
#---------------------------------------------------------------------------------------------------------------------------------

