
Power Net Detected:
        Voltage	    Name
             0V	    VSS
          1.32V	    VDD
Using Power View: analysis1.

Begin Power Analysis

             0V	    VSS
          1.32V	    VDD

Begin Processing Timing Library for Power Calculation

Begin Processing Timing Library for Power Calculation



Begin Processing Power Net/Grid for Power Calculation

Ended Processing Power Net/Grid for Power Calculation: (cpu=0:00:00, real=0:00:00, mem(process/total/peak)=1749.21MB/3267.93MB/1896.98MB)

Begin Processing Timing Window Data for Power Calculation

clk(250MHz) CK: assigning clock clk to net wb_clk_i
Ended Processing Timing Window Data for Power Calculation: (cpu=0:00:00, real=0:00:00, mem(process/total/peak)=1749.84MB/3267.93MB/1896.98MB)

Begin Processing User Attributes

Ended Processing User Attributes: (cpu=0:00:00, real=0:00:00, mem(process/total/peak)=1749.84MB/3267.93MB/1896.98MB)

Begin Processing Signal Activity


Starting Levelizing
2025-Dec-22 16:26:15 (2025-Dec-22 14:26:15 GMT)
2025-Dec-22 16:26:15 (2025-Dec-22 14:26:15 GMT): 10%
2025-Dec-22 16:26:15 (2025-Dec-22 14:26:15 GMT): 20%
2025-Dec-22 16:26:15 (2025-Dec-22 14:26:15 GMT): 30%
2025-Dec-22 16:26:15 (2025-Dec-22 14:26:15 GMT): 40%
2025-Dec-22 16:26:15 (2025-Dec-22 14:26:15 GMT): 50%
2025-Dec-22 16:26:15 (2025-Dec-22 14:26:15 GMT): 60%
2025-Dec-22 16:26:15 (2025-Dec-22 14:26:15 GMT): 70%
2025-Dec-22 16:26:15 (2025-Dec-22 14:26:15 GMT): 80%
2025-Dec-22 16:26:15 (2025-Dec-22 14:26:15 GMT): 90%

Finished Levelizing
2025-Dec-22 16:26:15 (2025-Dec-22 14:26:15 GMT)

Starting Activity Propagation
2025-Dec-22 16:26:15 (2025-Dec-22 14:26:15 GMT)
** INFO:  (VOLTUS_POWR-1356): No default input activity has been set. Defaulting to 0.2.
Use 'set_default_switching_activity -input_activity' command to change the default activity value.

2025-Dec-22 16:26:15 (2025-Dec-22 14:26:15 GMT): 10%
2025-Dec-22 16:26:16 (2025-Dec-22 14:26:16 GMT): 20%

Finished Activity Propagation
2025-Dec-22 16:26:16 (2025-Dec-22 14:26:16 GMT)
Ended Processing Signal Activity: (cpu=0:00:00, real=0:00:00, mem(process/total/peak)=1750.46MB/3267.93MB/1896.98MB)

Begin Power Computation

      ----------------------------------------------------------
      # of cell(s) missing both power/leakage table: 0
      # of cell(s) missing power table: 0
      # of cell(s) missing leakage table: 0
      ----------------------------------------------------------



Starting Calculating power
2025-Dec-22 16:26:16 (2025-Dec-22 14:26:16 GMT)
 ... Calculating switching power
2025-Dec-22 16:26:16 (2025-Dec-22 14:26:16 GMT): 10%
2025-Dec-22 16:26:16 (2025-Dec-22 14:26:16 GMT): 20%
2025-Dec-22 16:26:16 (2025-Dec-22 14:26:16 GMT): 30%
2025-Dec-22 16:26:16 (2025-Dec-22 14:26:16 GMT): 40%
2025-Dec-22 16:26:16 (2025-Dec-22 14:26:16 GMT): 50%
 ... Calculating internal and leakage power
2025-Dec-22 16:26:16 (2025-Dec-22 14:26:16 GMT): 60%
2025-Dec-22 16:26:16 (2025-Dec-22 14:26:16 GMT): 70%
2025-Dec-22 16:26:16 (2025-Dec-22 14:26:16 GMT): 80%
2025-Dec-22 16:26:17 (2025-Dec-22 14:26:17 GMT): 90%

Finished Calculating power
2025-Dec-22 16:26:17 (2025-Dec-22 14:26:17 GMT)
      # of MSMV cell(s) missing power_level: 0
Ended Power Computation: (cpu=0:00:01, real=0:00:01, mem(process/total/peak)=1751.21MB/3267.93MB/1896.98MB)

Begin Processing User Attributes

Ended Processing User Attributes: (cpu=0:00:00, real=0:00:00, mem(process/total/peak)=1751.46MB/3267.93MB/1896.98MB)

Ended Power Analysis: (cpu=0:00:01, real=0:00:01, mem(process/total/peak)=1751.46MB/3267.93MB/1896.98MB)

Begin Boundary Leakage Calculation
Ended Boundary Leakage Calculation: (cpu=0:00:00, real=0:00:00,
mem(process/total/peak)=1751.46MB/3267.93MB/1896.98MB)
Begin Static Power Report Generation
*----------------------------------------------------------------------------------------
*	Innovus 21.35-s114_1 (64bit) 10/13/2022 12:11 (Linux 3.10.0-693.el7.x86_64)
*	
*
* 	Date & Time:	2025-Dec-22 16:26:17 (2025-Dec-22 14:26:17 GMT)
*
*----------------------------------------------------------------------------------------
*
*	Design: picorv32_wb
*
*	Liberty Libraries used:
*	        analysis1: /mnt/apps/prebuilt/eda/designkits/GPDK/gsclib045/lan/flow/t1u1/reference_libs/GPDK045/gsclib045_svt_v4.4/gsclib045/timing/fast_vdd1v2_basicCells.lib
*
*	Parasitic Files used:
*
*       Power View : analysis1
*
*       User-Defined Activity : N.A.
*
*       Activity File: N.A.
*
*       Hierarchical Global Activity: N.A.
*
*       Global Activity: N.A.
*
*       Sequential Element Activity: 0.200000
*
*       Primary Input Activity: 0.200000
*
*       Default icg ratio: N.A.
*
*       Global Comb ClockGate Ratio: N.A.
*
*	Power Units = 1mW
*
*	Time Units = 1e-09 secs
*
*       report_power
*
-----------------------------------------------------------------------------------------
*



Total Power
-----------------------------------------------------------------------------------------
Total Internal Power:        5.06806981 	   53.9979%
Total Switching Power:       4.31329285 	   45.9561%
Total Leakage Power:         0.00431220 	    0.0459%
Total Power:                 9.38567487
-----------------------------------------------------------------------------------------


Group                           Internal   Switching     Leakage       Total  Percentage 
                                Power      Power         Power         Power  (%)        
-----------------------------------------------------------------------------------------
Sequential                         3.573      0.7027     0.00197       4.278       45.58
Macro                                  0           0           0           0           0
IO                                     0           0           0           0           0
Combinational                      1.495       3.611    0.002343       5.108       54.42
Clock (Combinational)                  0           0           0           0           0
Clock (Sequential)                     0           0           0           0           0
-----------------------------------------------------------------------------------------
Total                              5.068       4.313    0.004312       9.386         100
-----------------------------------------------------------------------------------------


Rail                  Voltage   Internal   Switching     Leakage       Total  Percentage 
                                Power      Power         Power         Power  (%)        
-----------------------------------------------------------------------------------------
VDD                      1.32      5.068       4.313    0.004312       9.386         100
 
 
-----------------------------------------------------------------------------------------
*	Power Distribution Summary: 
*              Highest Average Power: picorv32_core_pcpi_insn_reg[9] (EDFFHQX8):          0.01516
*              Highest Leakage Power:      FE_OFC157_pcpi_rs1_7 (BUFX20):        2.211e-06
*                Total Cap:      8.95739e-11 F
*                Total instances in design: 10007
*                Total instances in design with no power:     0
*                Total instances in design with no activty:     0

*                Total Fillers and Decap:     0
-----------------------------------------------------------------------------------------
 
** INFO:  (VOLTUS_POWR-3465): There are 0 decaps and 0 fillers in the design

Ended Static Power Report Generation: (cpu=0:00:00, real=0:00:00,
mem(process/total/peak)=1755.34MB/3269.68MB/1896.98MB)

