-------------------------------------------------------------------------------
Name     : Shielded net name
Length   : Shielded net length
Shield   : Total length of shielding wire
Ratio    : Average shielding ratio
-------------------------------------------------------------------------------
Name          Length    Shield    Ratio   
                                         Layer:      Length     Shield  Ratio
-------------------------------------------------------------------------------
picorv32_core_rc_gclk_47901:   preferred: Metal6 - Metal7
                11.7      14.6    0.627
                                         Metal2:        6.7        7.4  0.552
                                         Metal3:        5.0        7.3  0.726
picorv32_core_rc_gclk_47898:   preferred: Metal6 - Metal7
                11.3      17.9    0.796
                                         Metal2:       10.7       17.3  0.812
                                         Metal3:        0.6        0.6  0.500
picorv32_core_rc_gclk_47891:   preferred: Metal6 - Metal7
                23.9      39.1    0.818
                                         Metal2:        6.8        7.7  0.566
                                         Metal3:        6.8       12.0  0.883
                                         Metal4:       10.3       19.3  0.942
picorv32_core_rc_gclk_47893:   preferred: Metal6 - Metal7
                20.4      33.8    0.826
                                         Metal2:       10.5       13.8  0.659
                                         Metal3:       10.0       20.0  1.000
picorv32_core_rc_gclk_47889:   preferred: Metal6 - Metal7
                90.0     156.9    0.872
                                         Metal2:       29.1       42.2  0.725
                                         Metal3:       32.0       57.2  0.894
                                         Metal4:       10.5       20.9  1.000
                                         Metal6:        6.5       12.9  1.000
                                         Metal7:       12.0       23.7  0.988
rc_gclk_1034:   preferred: Metal6 - Metal7
                19.6      35.4    0.902
                                         Metal2:        2.1        2.9  0.687
                                         Metal3:        0.4        0.6  0.750
                                         Metal6:       10.7       19.8  0.925
                                         Metal7:        6.4       12.1  0.944
picorv32_core_genblk2.pcpi_div_rc_gclk_4730:   preferred: Metal6 - Metal7
                16.5      30.4    0.921
                                         Metal2:        8.6       15.1  0.884
                                         Metal3:        8.0       15.3  0.961
picorv32_core_rc_gclk_47794:   preferred: Metal6 - Metal7
               135.9     250.3    0.921
                                         Metal2:       29.3       42.3  0.721
                                         Metal3:       32.2       59.8  0.929
                                         Metal4:        9.1       18.2  1.000
                                         Metal5:       17.4       34.3  0.987
                                         Metal6:       40.7       81.3  1.000
                                         Metal7:        7.2       14.4  1.000
wb_clk_i:   preferred: Metal6 - Metal7
               674.8    1253.5    0.929
                                         Metal1:        0.2        0.0  0.000
                                         Metal2:       34.3       47.6  0.694
                                         Metal3:       45.4       64.3  0.709
                                         Metal4:       14.5       21.9  0.758
                                         Metal5:       50.3       90.2  0.896
                                         Metal6:      328.8      627.9  0.955
                                         Metal7:      201.4      401.7  0.997
picorv32_core_rc_gclk_47895:   preferred: Metal6 - Metal7
                23.0      42.9    0.934
                                         Metal2:        1.5        3.0  1.000
                                         Metal3:       14.8       26.6  0.898
                                         Metal4:        6.7       13.3  1.000
picorv32_core_rc_gclk_47789:   preferred: Metal6 - Metal7
               319.9     597.9    0.935
                                         Metal2:       46.4       64.9  0.699
                                         Metal3:       46.0       79.9  0.869
                                         Metal4:       18.6       36.9  0.991
                                         Metal5:       22.4       44.8  1.000
                                         Metal6:       93.9      186.2  0.992
                                         Metal7:       92.6      185.2  1.000
picorv32_core_rc_gclk_47880:   preferred: Metal6 - Metal7
               129.1     241.6    0.936
                                         Metal2:       27.2       38.9  0.714
                                         Metal3:       25.6       50.4  0.985
                                         Metal4:        2.9        5.7  1.000
                                         Metal5:       14.6       29.0  0.993
                                         Metal6:       44.8       89.7  1.000
                                         Metal7:       14.0       28.0  1.000
picorv32_core_rc_gclk_47838:   preferred: Metal6 - Metal7
               182.7     342.6    0.937
                                         Metal2:        8.8       14.4  0.822
                                         Metal3:       50.2       83.5  0.832
                                         Metal4:       12.9       25.8  1.000
                                         Metal5:        0.2        0.2  0.500
                                         Metal6:       21.3       40.0  0.940
                                         Metal7:       89.4      178.7  0.999
picorv32_core_rc_gclk_47802:   preferred: Metal6 - Metal7
               116.8     219.2    0.938
                                         Metal2:       23.0       34.5  0.748
                                         Metal3:       27.8       53.5  0.962
                                         Metal4:       10.6       21.1  0.991
                                         Metal5:        8.4       16.8  1.000
                                         Metal6:       39.5       78.6  0.994
                                         Metal7:        7.4       14.8  1.000
picorv32_core_rc_gclk_47834:   preferred: Metal6 - Metal7
               190.0     357.8    0.942
                                         Metal2:       19.8       29.1  0.735
                                         Metal3:       17.4       33.4  0.962
                                         Metal4:        2.1        4.0  0.950
                                         Metal5:        0.2        0.2  0.500
                                         Metal6:       32.1       54.3  0.845
                                         Metal7:      118.4      236.8  1.000
picorv32_core_rc_gclk_47816:   preferred: Metal6 - Metal7
               192.5     362.6    0.942
                                         Metal2:       14.5       23.1  0.799
                                         Metal3:       39.2       66.4  0.847
                                         Metal4:        3.6        7.2  1.000
                                         Metal5:        0.2        0.2  0.500
                                         Metal6:       27.2       50.0  0.920
                                         Metal7:      107.8      215.6  1.000
picorv32_core_rc_gclk_47840:   preferred: Metal6 - Metal7
               162.8     307.3    0.944
                                         Metal2:       18.3       23.9  0.652
                                         Metal3:       28.8       56.5  0.982
                                         Metal4:        9.1       17.1  0.938
                                         Metal5:        2.8        4.7  0.835
                                         Metal6:       18.4       34.3  0.931
                                         Metal7:       85.4      170.8  1.000
picorv32_core_rc_gclk:   preferred: Metal6 - Metal7
               419.5     793.2    0.945
                                         Metal2:       44.0       59.7  0.679
                                         Metal3:       84.2      155.2  0.922
                                         Metal4:       25.5       49.5  0.973
                                         Metal5:        4.8        9.2  0.958
                                         Metal6:      135.7      269.0  0.991
                                         Metal7:      125.4      250.5  0.999
CTS_4:   preferred: Metal6 - Metal7
               474.8     898.6    0.946
                                         Metal2:       68.1      108.4  0.796
                                         Metal3:       85.3      151.6  0.888
                                         Metal4:       34.6       68.0  0.984
                                         Metal5:       31.4       62.1  0.989
                                         Metal6:      132.4      263.0  0.993
                                         Metal7:      123.0      245.6  0.998
picorv32_core_rc_gclk_47792:   preferred: Metal6 - Metal7
               257.3     487.3    0.947
                                         Metal2:       37.1       60.4  0.814
                                         Metal3:       70.8      131.7  0.931
                                         Metal4:       24.5       49.0  1.000
                                         Metal5:       15.8       31.3  0.991
                                         Metal6:       62.5      123.3  0.986
                                         Metal7:       46.6       91.6  0.983
picorv32_core_rc_gclk_47836:   preferred: Metal6 - Metal7
               160.9     304.7    0.947
                                         Metal2:       20.4       31.0  0.761
                                         Metal3:       23.6       41.3  0.875
                                         Metal5:        1.4        2.7  0.975
                                         Metal6:       27.7       55.0  0.991
                                         Metal7:       87.8      174.7  0.995
picorv32_core_genblk2.pcpi_div_rc_gclk_4726:   preferred: Metal6 - Metal7
               256.9     486.9    0.948
                                         Metal2:       54.8       86.4  0.789
                                         Metal3:       63.8      124.8  0.978
                                         Metal4:       12.2       24.3  1.000
                                         Metal5:       10.4       20.6  0.990
                                         Metal6:       58.0      115.1  0.993
                                         Metal7:       57.8      115.6  1.000
picorv32_core_rc_gclk_47808:   preferred: Metal6 - Metal7
               133.9     254.0    0.949
                                         Metal2:       15.2       21.0  0.692
                                         Metal3:       33.6       65.8  0.979
                                         Metal4:        4.2        6.3  0.750
                                         Metal5:        2.8        5.4  0.964
                                         Metal6:       25.3       49.9  0.987
                                         Metal7:       52.8      105.6  1.000
picorv32_core_rc_gclk_47818:   preferred: Metal6 - Metal7
               204.8     388.8    0.949
                                         Metal2:       10.1       12.6  0.625
                                         Metal3:       38.8       69.2  0.892
                                         Metal4:        3.4        6.8  1.000
                                         Metal5:        7.6       15.0  0.987
                                         Metal6:       63.5      122.9  0.968
                                         Metal7:       81.4      162.2  0.996
CTS_5:   preferred: Metal6 - Metal7
               379.5     721.2    0.950
                                         Metal2:       80.9      131.8  0.815
                                         Metal3:       97.7      189.2  0.968
                                         Metal4:       13.1       26.0  0.993
                                         Metal5:       12.4       24.6  0.992
                                         Metal6:       91.2      181.2  0.993
                                         Metal7:       84.2      168.4  1.000
picorv32_core_rc_gclk_47862:   preferred: Metal6 - Metal7
               154.7     294.3    0.951
                                         Metal2:       25.7       42.1  0.820
                                         Metal3:       14.6       27.2  0.933
                                         Metal5:        3.2        6.2  0.968
                                         Metal6:       30.2       59.1  0.979
                                         Metal7:       81.0      159.6  0.985
CTS_2:   preferred: Metal6 - Metal7
               476.2     906.9    0.952
                                         Metal2:       51.6       73.7  0.714
                                         Metal3:       89.8      170.6  0.950
                                         Metal4:       23.2       45.3  0.977
                                         Metal5:       35.0       68.7  0.981
                                         Metal6:      161.9      321.6  0.993
                                         Metal7:      114.8      227.0  0.989
CTS_1:   preferred: Metal6 - Metal7
               381.2     727.9    0.955
                                         Metal2:       66.6      106.2  0.797
                                         Metal3:       97.0      189.9  0.979
                                         Metal4:       35.0       67.8  0.970
                                         Metal5:       13.0       25.5  0.979
                                         Metal6:       71.8      142.9  0.995
                                         Metal7:       97.8      195.6  1.000
picorv32_core_genblk2.pcpi_div_rc_gclk:   preferred: Metal6 - Metal7
               398.4     761.8    0.956
                                         Metal2:       65.0      105.8  0.813
                                         Metal3:      103.8      200.9  0.968
                                         Metal4:       24.5       47.0  0.959
                                         Metal5:       20.6       41.2  1.000
                                         Metal6:      113.1      224.4  0.992
                                         Metal7:       71.4      142.5  0.998
rc_gclk_1031:   preferred: Metal6 - Metal7
               112.6     215.4    0.956
                                         Metal2:       27.8       46.1  0.831
                                         Metal3:       24.0       48.0  1.000
                                         Metal4:        1.9        3.8  1.000
                                         Metal5:        4.8        9.6  1.000
                                         Metal6:       35.1       70.1  0.997
                                         Metal7:       19.0       37.7  0.993
picorv32_core_rc_gclk_47828:   preferred: Metal6 - Metal7
               167.4     320.2    0.956
                                         Metal2:       19.6       29.2  0.744
                                         Metal3:       30.6       60.8  0.994
                                         Metal4:        4.6        9.0  0.984
                                         Metal5:        1.6        3.2  1.000
                                         Metal6:       30.0       57.7  0.962
                                         Metal7:       81.0      160.3  0.989
picorv32_core_rc_gclk_47832:   preferred: Metal6 - Metal7
               183.5     351.5    0.958
                                         Metal2:       10.1       13.2  0.655
                                         Metal3:       44.6       83.7  0.938
                                         Metal4:       12.5       24.1  0.960
                                         Metal5:        0.4        0.6  0.750
                                         Metal6:       28.3       55.0  0.972
                                         Metal7:       87.6      174.9  0.998
picorv32_core_rc_gclk_47800:   preferred: Metal6 - Metal7
               178.2     341.9    0.959
                                         Metal2:       17.7       22.3  0.628
                                         Metal3:       28.8       57.3  0.994
                                         Metal4:        1.9        3.8  1.000
                                         Metal5:        1.0        2.0  1.000
                                         Metal6:       30.2       59.6  0.987
                                         Metal7:       98.6      196.9  0.999
picorv32_core_rc_gclk_47796:   preferred: Metal6 - Metal7
               201.4     386.2    0.959
                                         Metal2:       25.3       36.0  0.710
                                         Metal3:       28.2       55.5  0.984
                                         Metal4:        2.3        4.6  1.000
                                         Metal5:        9.6       18.3  0.952
                                         Metal6:       65.4      130.7  1.000
                                         Metal7:       70.6      141.2  1.000
picorv32_core_rc_gclk_47860:   preferred: Metal6 - Metal7
               172.9     331.7    0.959
                                         Metal2:       18.8       29.1  0.772
                                         Metal3:       29.4       55.4  0.942
                                         Metal4:        1.3        2.7  1.000
                                         Metal5:        0.8        1.6  1.000
                                         Metal6:       20.5       39.5  0.963
                                         Metal7:      102.0      203.4  0.997
picorv32_core_rc_gclk_47798:   preferred: Metal6 - Metal7
               164.6     316.3    0.961
                                         Metal2:       13.1       21.8  0.828
                                         Metal3:       53.2       99.6  0.937
                                         Metal5:        0.2        0.2  0.500
                                         Metal6:       14.4       27.6  0.954
                                         Metal7:       83.6      167.2  1.000
picorv32_core_rc_gclk_47822:   preferred: Metal6 - Metal7
               160.3     308.4    0.962
                                         Metal2:       11.5       15.6  0.678
                                         Metal3:       32.0       62.1  0.971
                                         Metal4:       16.7       32.1  0.960
                                         Metal5:        7.2       14.2  0.986
                                         Metal6:       19.9       38.5  0.964
                                         Metal7:       73.0      146.0  1.000
picorv32_core_rc_gclk_47806:   preferred: Metal6 - Metal7
               231.1     444.6    0.962
                                         Metal2:       15.8       21.6  0.682
                                         Metal3:       30.2       54.0  0.894
                                         Metal4:       20.3       40.7  1.000
                                         Metal5:       11.4       21.9  0.959
                                         Metal6:       27.0       53.7  0.996
                                         Metal7:      126.4      252.8  1.000
picorv32_core_rc_gclk_47814:   preferred: Metal6 - Metal7
               197.2     379.5    0.962
                                         Metal2:       13.1       22.1  0.842
                                         Metal3:       26.6       45.7  0.858
                                         Metal4:       10.3       19.3  0.938
                                         Metal5:        1.2        2.4  1.000
                                         Metal6:       36.9       72.2  0.978
                                         Metal7:      109.2      217.9  0.998
picorv32_core_rc_gclk_47883:   preferred: Metal6 - Metal7
               166.0     319.9    0.964
                                         Metal2:       12.4       21.1  0.849
                                         Metal3:       31.0       55.5  0.895
                                         Metal4:        8.6       15.4  0.900
                                         Metal5:        4.2        8.4  1.000
                                         Metal6:       41.0       81.9  0.998
                                         Metal7:       68.8      137.6  1.000
picorv32_core_rc_gclk_47824:   preferred: Metal6 - Metal7
               181.8     350.9    0.965
                                         Metal2:       12.4       19.2  0.772
                                         Metal3:       33.0       64.2  0.973
                                         Metal4:       25.3       50.1  0.992
                                         Metal5:        3.6        6.3  0.880
                                         Metal6:       24.5       46.5  0.949
                                         Metal7:       83.0      164.5  0.991
picorv32_core_rc_gclk_47804:   preferred: Metal6 - Metal7
               190.6     368.4    0.967
                                         Metal2:       16.7       22.7  0.678
                                         Metal3:       29.0       58.0  1.000
                                         Metal4:        0.2        0.4  1.000
                                         Metal5:        0.4        0.8  1.000
                                         Metal6:       38.0       74.4  0.979
                                         Metal7:      106.2      212.1  0.999
rc_gclk:   preferred: Metal6 - Metal7
               327.9     634.3    0.967
                                         Metal2:       36.7       60.0  0.817
                                         Metal3:       69.0      135.6  0.983
                                         Metal4:       15.8       30.9  0.980
                                         Metal5:        3.0        5.8  0.967
                                         Metal6:       95.3      185.6  0.974
                                         Metal7:      108.2      216.4  1.000
picorv32_core_rc_gclk_47866:   preferred: Metal6 - Metal7
               176.5     341.3    0.967
                                         Metal2:       12.6       21.9  0.870
                                         Metal3:       28.2       51.3  0.910
                                         Metal4:        7.0       13.9  0.989
                                         Metal6:       45.0       87.5  0.972
                                         Metal7:       83.6      166.7  0.997
picorv32_core_rc_gclk_47826:   preferred: Metal6 - Metal7
               196.1     379.4    0.968
                                         Metal2:       19.6       31.9  0.815
                                         Metal3:       23.4       43.8  0.937
                                         Metal4:        4.6        8.7  0.947
                                         Metal5:        2.6        4.0  0.769
                                         Metal6:       85.5      170.4  0.997
                                         Metal7:       60.4      120.5  0.998
picorv32_core_rc_gclk_47858:   preferred: Metal6 - Metal7
               165.0     319.3    0.968
                                         Metal2:       24.4       39.2  0.802
                                         Metal3:       27.2       53.9  0.991
                                         Metal4:        8.9       17.9  1.000
                                         Metal6:       18.6       37.1  0.995
                                         Metal7:       85.8      171.3  0.998
picorv32_core_rc_gclk_47856:   preferred: Metal6 - Metal7
               176.8     342.2    0.968
                                         Metal2:       20.8       36.9  0.887
                                         Metal3:       31.0       59.0  0.952
                                         Metal4:        5.7       11.4  1.000
                                         Metal6:       32.7       64.7  0.990
                                         Metal7:       86.6      170.2  0.983
picorv32_core_rc_gclk_47874:   preferred: Metal6 - Metal7
               173.5     336.0    0.968
                                         Metal2:       10.8       15.6  0.721
                                         Metal3:       24.8       47.1  0.949
                                         Metal4:        5.3       10.6  1.000
                                         Metal6:       19.9       37.6  0.943
                                         Metal7:      112.6      225.1  1.000
picorv32_core_rc_gclk_47886:   preferred: Metal6 - Metal7
               322.3     624.5    0.969
                                         Metal2:       19.6       29.6  0.756
                                         Metal3:      100.0      196.2  0.981
                                         Metal4:        1.5        3.0  1.000
                                         Metal5:       10.8       21.0  0.972
                                         Metal6:       69.2      132.2  0.955
                                         Metal7:      121.2      242.4  1.000
picorv32_core_rc_gclk_47877:   preferred: Metal6 - Metal7
               179.8     348.4    0.969
                                         Metal2:       26.6       43.0  0.808
                                         Metal3:       39.6       79.0  0.997
                                         Metal4:        4.6        9.1  1.000
                                         Metal5:        5.2       10.1  0.968
                                         Metal6:       29.3       58.3  0.997
                                         Metal7:       74.6      148.9  0.998
picorv32_core_rc_gclk_47850:   preferred: Metal6 - Metal7
               204.3     396.1    0.969
                                         Metal2:       10.1       18.1  0.900
                                         Metal3:       33.4       58.2  0.872
                                         Metal4:        5.9       11.5  0.975
                                         Metal5:        1.8        3.6  1.000
                                         Metal6:       27.4       53.2  0.972
                                         Metal7:      125.8      251.5  0.999
picorv32_core_rc_gclk_47844:   preferred: Metal6 - Metal7
               188.2     365.0    0.970
                                         Metal2:        8.2        9.3  0.566
                                         Metal3:       34.0       65.2  0.958
                                         Metal4:        5.3       10.5  0.986
                                         Metal5:        2.8        5.6  1.000
                                         Metal6:       36.1       71.0  0.984
                                         Metal7:      101.8      203.4  0.999
picorv32_core_rc_gclk_47872:   preferred: Metal6 - Metal7
               170.5     330.8    0.970
                                         Metal2:       12.4       18.6  0.750
                                         Metal3:       17.6       32.9  0.935
                                         Metal5:        0.4        0.8  1.000
                                         Metal6:       28.1       55.1  0.980
                                         Metal7:      112.0      223.4  0.997
picorv32_core_rc_gclk_47842:   preferred: Metal6 - Metal7
               202.5     393.3    0.971
                                         Metal2:        7.3       11.0  0.755
                                         Metal3:       34.0       60.1  0.884
                                         Metal4:       13.5       26.8  0.993
                                         Metal5:        4.0        8.0  1.000
                                         Metal6:       28.3       56.6  1.000
                                         Metal7:      115.4      230.8  1.000
picorv32_core_rc_gclk_47864:   preferred: Metal6 - Metal7
               178.3     346.7    0.972
                                         Metal2:       11.2       17.9  0.799
                                         Metal3:       30.2       56.3  0.932
                                         Metal4:       13.5       26.8  0.994
                                         Metal6:       14.6       28.4  0.970
                                         Metal7:      108.8      217.3  0.999
picorv32_core_rc_gclk_47812:   preferred: Metal6 - Metal7
               209.9     408.6    0.973
                                         Metal2:       12.8       20.1  0.788
                                         Metal3:       23.8       46.8  0.983
                                         Metal4:        8.2       16.3  1.000
                                         Metal5:        0.8        1.6  1.000
                                         Metal6:       42.9       81.2  0.946
                                         Metal7:      121.4      242.5  0.999
picorv32_core_rc_gclk_47830:   preferred: Metal6 - Metal7
               185.7     361.9    0.974
                                         Metal2:       15.6       24.7  0.789
                                         Metal3:       21.0       42.0  1.000
                                         Metal5:        0.4        0.8  1.000
                                         Metal6:       21.3       40.2  0.943
                                         Metal7:      127.4      254.2  0.998
picorv32_core_rc_gclk_47846:   preferred: Metal6 - Metal7
               187.1     365.3    0.976
                                         Metal2:        7.0       10.3  0.732
                                         Metal3:       26.6       52.4  0.985
                                         Metal4:        5.7       10.1  0.885
                                         Metal5:        0.4        0.8  1.000
                                         Metal6:       35.2       67.3  0.957
                                         Metal7:      112.2      224.4  1.000
picorv32_core_rc_gclk_47820:   preferred: Metal6 - Metal7
               211.0     412.4    0.977
                                         Metal2:        8.2        9.3  0.571
                                         Metal3:       42.0       83.0  0.988
                                         Metal4:        7.6       15.0  0.988
                                         Metal5:       25.6       50.1  0.978
                                         Metal6:       65.0      129.8  0.999
                                         Metal7:       62.6      125.2  1.000
picorv32_core_rc_gclk_47848:   preferred: Metal6 - Metal7
               206.2     403.3    0.978
                                         Metal2:       12.2       16.6  0.681
                                         Metal3:       35.4       69.7  0.985
                                         Metal4:        3.4        6.8  1.000
                                         Metal5:        8.0       16.0  1.000
                                         Metal6:       33.8       67.3  0.996
                                         Metal7:      113.4      226.8  1.000
picorv32_core_rc_gclk_47870:   preferred: Metal6 - Metal7
               183.1     358.2    0.978
                                         Metal2:       13.5       21.8  0.806
                                         Metal3:       36.4       71.6  0.984
                                         Metal4:        4.6        9.0  0.984
                                         Metal5:        3.0        6.0  1.000
                                         Metal6:       18.1       34.6  0.958
                                         Metal7:      107.6      215.2  1.000
picorv32_core_rc_gclk_47868:   preferred: Metal6 - Metal7
               173.9     341.2    0.981
                                         Metal2:       11.4       18.5  0.809
                                         Metal3:       36.2       70.6  0.975
                                         Metal4:        9.9       19.8  1.000
                                         Metal5:        3.4        6.8  1.000
                                         Metal6:       31.2       62.2  0.998
                                         Metal7:       81.8      163.3  0.998
picorv32_core_rc_gclk_47852:   preferred: Metal6 - Metal7
               195.4     383.7    0.982
                                         Metal2:        7.4        9.3  0.629
                                         Metal3:       28.8       56.5  0.982
                                         Metal4:        2.3        4.6  1.000
                                         Metal5:        0.2        0.4  1.000
                                         Metal6:       36.1       71.8  0.995
                                         Metal7:      120.6      241.1  0.999
picorv32_core_rc_gclk_47810:   preferred: Metal6 - Metal7
               192.3     378.1    0.983
                                         Metal2:        6.9        9.9  0.722
                                         Metal3:       29.4       56.1  0.953
                                         Metal4:        5.3       10.6  1.000
                                         Metal5:        0.8        1.6  1.000
                                         Metal6:       31.0       61.9  1.000
                                         Metal7:      119.0      237.9  1.000
picorv32_core_rc_gclk_47854:   preferred: Metal6 - Metal7
               183.7     363.7    0.990
                                         Metal2:        7.8       13.1  0.843
                                         Metal3:       60.4      119.9  0.992
                                         Metal4:       20.1       40.3  1.000
                                         Metal5:        3.6        7.2  1.000
                                         Metal6:       12.5       24.8  0.989
                                         Metal7:       79.2      158.4  1.000
-------------------------------------------------------------------------------

 Average ratio:                   0.956
                                         Metal1:          0.0        0.0  0.000
                                         Metal2:         21.1       32.2  0.762
                                         Metal3:         37.6       70.9  0.943
                                         Metal4:          8.9       17.2  0.974
                                         Metal5:          6.1       11.9  0.970
                                         Metal6:         44.7       87.5  0.979
                                         Metal7:         80.3      160.2  0.998


