-------------------------------------------------------------------------------
Name     : Shielded net name
Length   : Shielded net length
Shield   : Total length of shielding wire
Ratio    : Average shielding ratio
-------------------------------------------------------------------------------
Name          Length    Shield    Ratio   
                                         Layer:      Length     Shield  Ratio
-------------------------------------------------------------------------------
CTS_15:   preferred: Metal6 - Metal7
               352.2     609.9    0.866
                                         Metal2:      126.9      184.6  0.728
                                         Metal3:       80.2      136.9  0.854
                                         Metal4:       28.2       55.7  0.989
                                         Metal5:       13.0       25.9  0.995
                                         Metal6:       63.6      126.0  0.990
                                         Metal7:       40.4       80.8  1.000
CTS_14:   preferred: Metal6 - Metal7
               387.4     683.7    0.882
                                         Metal2:      124.0      182.1  0.734
                                         Metal3:       78.2      135.5  0.867
                                         Metal4:       24.5       45.0  0.918
                                         Metal5:       13.0       25.8  0.992
                                         Metal6:       92.7      185.2  0.999
                                         Metal7:       55.0      110.0  1.000
CTS_21:   preferred: Metal6 - Metal7
               389.1     698.7    0.898
                                         Metal2:      116.1      177.2  0.763
                                         Metal3:       98.1      174.0  0.886
                                         Metal4:       23.9       47.6  0.993
                                         Metal5:       23.6       47.1  0.997
                                         Metal6:       85.3      168.9  0.990
                                         Metal7:       42.0       84.0  1.000
CTS_22:   preferred: Metal6 - Metal7
               368.9     663.2    0.899
                                         Metal2:      104.4      160.3  0.767
                                         Metal3:       59.6       96.4  0.809
                                         Metal4:       16.2       30.2  0.934
                                         Metal5:       31.6       63.0  0.997
                                         Metal6:      115.1      229.3  0.996
                                         Metal7:       42.0       84.0  1.000
CTS_19:   preferred: Metal6 - Metal7
               367.1     660.9    0.900
                                         Metal2:      135.7      218.4  0.805
                                         Metal3:       85.2      151.1  0.887
                                         Metal4:        9.1       17.9  0.979
                                         Metal5:       11.2       22.2  0.991
                                         Metal6:       69.9      139.3  0.996
                                         Metal7:       56.0      112.0  1.000
CTS_11:   preferred: Metal6 - Metal7
               417.5     752.6    0.901
                                         Metal2:       75.8      106.1  0.700
                                         Metal3:      118.4      205.9  0.870
                                         Metal4:       19.8       34.8  0.879
                                         Metal5:       30.0       59.6  0.993
                                         Metal6:      118.6      236.2  0.996
                                         Metal7:       55.0      110.0  1.000
CTS_10:   preferred: Metal6 - Metal7
               386.6     700.3    0.906
                                         Metal2:      115.0      188.4  0.819
                                         Metal3:       79.4      129.6  0.816
                                         Metal4:       13.3       26.6  1.000
                                         Metal5:       30.8       60.0  0.974
                                         Metal6:       81.3      162.1  0.996
                                         Metal7:       66.8      133.6  1.000
CTS_1:   preferred: Metal6 - Metal7
               374.5     679.0    0.907
                                         Metal2:       96.3      144.8  0.752
                                         Metal3:       97.0      173.6  0.895
                                         Metal4:       17.9       34.5  0.966
                                         Metal5:        9.4       18.6  0.989
                                         Metal6:       73.2      146.0  0.998
                                         Metal7:       80.8      161.6  1.000
CTS_18:   preferred: Metal6 - Metal7
               361.2     655.6    0.908
                                         Metal2:      145.1      244.5  0.842
                                         Metal3:      100.0      182.7  0.914
                                         Metal4:        7.8       14.6  0.933
                                         Metal5:       13.0       25.2  0.969
                                         Metal6:       52.6      103.4  0.983
                                         Metal7:       42.6       85.2  1.000
CTS_17:   preferred: Metal6 - Metal7
               368.5     670.8    0.910
                                         Metal2:      128.6      214.0  0.832
                                         Metal3:       71.4      120.8  0.846
                                         Metal4:       19.9       39.9  1.000
                                         Metal5:       26.0       52.0  1.000
                                         Metal6:       92.9      184.9  0.995
                                         Metal7:       29.6       59.2  1.000
CTS_7:   preferred: Metal6 - Metal7
               380.9     694.4    0.912
                                         Metal2:      103.0      154.4  0.750
                                         Metal3:       74.2      133.8  0.902
                                         Metal4:       18.1       35.9  0.995
                                         Metal5:        6.6       12.6  0.955
                                         Metal6:      101.3      202.2  0.998
                                         Metal7:       77.8      155.6  1.000
CTS_5:   preferred: Metal6 - Metal7
               341.2     624.2    0.915
                                         Metal2:       66.8      102.6  0.768
                                         Metal3:      127.7      232.1  0.908
                                         Metal4:       39.2       75.2  0.960
                                         Metal5:       17.0       34.0  1.000
                                         Metal6:       55.3      110.0  0.995
                                         Metal7:       35.2       70.4  1.000
CTS_2:   preferred: Metal6 - Metal7
               382.0     698.9    0.915
                                         Metal2:       63.9       90.3  0.707
                                         Metal3:       82.8      140.3  0.847
                                         Metal4:       21.1       41.0  0.971
                                         Metal5:       32.4       64.5  0.995
                                         Metal6:      142.9      284.8  0.997
                                         Metal7:       39.0       78.0  1.000
CTS_9:   preferred: Metal6 - Metal7
               371.7     681.2    0.916
                                         Metal2:       75.2      118.1  0.785
                                         Metal3:      123.2      217.8  0.884
                                         Metal4:       24.7       49.2  0.996
                                         Metal5:       21.6       42.2  0.978
                                         Metal6:       84.7      169.1  0.998
                                         Metal7:       42.4       84.8  1.000
CTS_3:   preferred: Metal6 - Metal7
               418.7     769.6    0.919
                                         Metal2:       89.0      141.2  0.793
                                         Metal3:       94.8      164.1  0.866
                                         Metal4:       25.7       48.6  0.947
                                         Metal5:       14.0       27.2  0.971
                                         Metal6:      135.8      269.7  0.993
                                         Metal7:       59.4      118.8  1.000
CTS_4:   preferred: Metal6 - Metal7
               361.4     674.0    0.932
                                         Metal2:       74.5      127.3  0.854
                                         Metal3:       69.8      128.2  0.918
                                         Metal4:       10.3       20.2  0.984
                                         Metal5:       10.4       20.3  0.977
                                         Metal6:      114.6      214.3  0.935
                                         Metal7:       81.8      163.6  1.000
CTS_24:   preferred: Metal6 - Metal7
               357.0     669.2    0.937
                                         Metal1:        0.2        0.0  0.000
                                         Metal2:       93.3      152.5  0.817
                                         Metal3:       98.4      189.3  0.962
                                         Metal4:       11.4       22.0  0.967
                                         Metal5:       18.4       36.6  0.995
                                         Metal6:       76.4      151.1  0.989
                                         Metal7:       59.0      117.7  0.997
CTS_12:   preferred: Metal6 - Metal7
               390.0     734.1    0.941
                                         Metal2:       49.2       75.4  0.766
                                         Metal3:       97.8      178.5  0.913
                                         Metal4:       43.3       81.4  0.939
                                         Metal5:       26.0       51.8  0.996
                                         Metal6:       96.9      193.4  0.998
                                         Metal7:       76.8      153.6  1.000
CTS_6:   preferred: Metal6 - Metal7
               405.9     766.4    0.944
                                         Metal2:       52.9       77.1  0.728
                                         Metal3:       53.2      100.9  0.948
                                         Metal4:       14.1       27.1  0.963
                                         Metal5:       22.0       42.6  0.969
                                         Metal6:      202.8      396.8  0.978
                                         Metal7:       61.0      122.0  1.000
CTS_25:   preferred: Metal6 - Metal7
               383.6     725.9    0.946
                                         Metal2:       66.6      102.9  0.773
                                         Metal3:       97.4      186.8  0.959
                                         Metal4:       39.3       76.1  0.968
                                         Metal5:       14.8       29.6  1.000
                                         Metal6:       89.5      178.7  0.999
                                         Metal7:       76.0      151.7  0.998
CTS_16:   preferred: Metal6 - Metal7
               352.6     668.4    0.948
                                         Metal2:      117.2      208.4  0.889
                                         Metal3:       65.0      120.5  0.927
                                         Metal4:        8.9       17.7  0.992
                                         Metal5:       26.4       52.4  0.992
                                         Metal6:      102.2      203.8  0.997
                                         Metal7:       32.8       65.6  1.000
CTS_20:   preferred: Metal6 - Metal7
               325.1     617.6    0.950
                                         Metal2:      107.9      200.1  0.928
                                         Metal3:       62.0      108.4  0.875
                                         Metal4:       12.5       23.8  0.949
                                         Metal5:       17.6       35.1  0.996
                                         Metal6:       89.3      178.6  1.000
                                         Metal7:       35.8       71.6  1.000
CTS_13:   preferred: Metal6 - Metal7
               361.6     687.4    0.950
                                         Metal2:       83.4      140.0  0.840
                                         Metal3:       60.6      112.7  0.930
                                         Metal4:       34.6       69.2  1.000
                                         Metal5:       33.6       67.2  1.000
                                         Metal6:      100.9      201.1  0.997
                                         Metal7:       48.6       97.2  1.000
CTS_8:   preferred: Metal6 - Metal7
               386.1     737.0    0.954
                                         Metal2:       52.1       85.5  0.820
                                         Metal3:      118.0      225.0  0.954
                                         Metal4:       49.8       97.6  0.981
                                         Metal5:       19.2       37.7  0.983
                                         Metal6:       91.4      180.0  0.984
                                         Metal7:       55.6      111.2  1.000
wb_clk_i:   preferred: Metal6 - Metal7
               620.2    1215.6    0.980
                                         Metal2:        3.2        3.6  0.559
                                         Metal3:       17.8       28.4  0.799
                                         Metal4:        1.7        2.5  0.718
                                         Metal5:       15.4       28.9  0.940
                                         Metal6:      283.5      555.8  0.980
                                         Metal7:      298.6      596.4  0.999
-------------------------------------------------------------------------------

 Average ratio:                   0.923
                                         Metal1:          0.0        0.0  0.000
                                         Metal2:         90.6      144.0  0.794
                                         Metal3:         84.4      150.9  0.894
                                         Metal4:         21.4       41.4  0.966
                                         Metal5:         19.9       39.3  0.988
                                         Metal6:        104.5      206.8  0.990
                                         Metal7:         63.6      127.1  1.000


