###############################################################
#  Generated by:      Cadence Innovus 21.35-s114_1
#  OS:                Linux x86_64(Host ID cn92.it.auth.gr)
#  Generated on:      Fri Nov 28 15:02:02 2025
#  Design:            picorv32_wb
#  Command:           report_timing -path_group reg2out -check_type setup -max_paths 50 > reports/postCTS/setup_reg2out.rpt
###############################################################
Path 1: MET Late External Delay Assertion 
Endpoint:   pcpi_rs2[4]                     (v) checked with  leading edge of 
'clk'
Beginpoint: picorv32_core_reg_op2_reg[4]/QN (^) triggered by  leading edge of 
'clk'
Path Groups: {reg2out}
Analysis View: analysis1
Other End Arrival Time          0.000
- External Delay                0.500
+ Phase Shift                   4.000
- Uncertainty                   0.020
= Required Time                 3.480
- Arrival Time                  0.484
= Slack Time                    2.996
     Clock Rise Edge                 0.000
     + Clock Network Latency (Prop)  -0.001
     = Beginpoint Arrival Time       -0.001
     +-----------------------------------------------------------------------------------+ 
     |           Instance           |      Arc      |  Cell | Delay | Arrival | Required | 
     |                              |               |       |       |  Time   |   Time   | 
     |------------------------------+---------------+-------+-------+---------+----------| 
     | picorv32_core_reg_op2_reg[4] | CK ^          |       |       |  -0.001 |    2.995 | 
     | picorv32_core_reg_op2_reg[4] | CK ^ -> QN ^  | DFFX1 | 0.154 |   0.153 |    3.149 | 
     | g17                          | A ^ -> Y v    | INVXL | 0.104 |   0.257 |    3.254 | 
     | FE_OFC429_pcpi_rs2_4         | A v -> Y ^    | INVXL | 0.067 |   0.324 |    3.321 | 
     | FE_OFC700_pcpi_rs2_4         | A ^ -> Y v    | INVX8 | 0.145 |   0.469 |    3.466 | 
     |                              | pcpi_rs2[4] v |       | 0.014 |   0.484 |    3.480 | 
     +-----------------------------------------------------------------------------------+ 
Path 2: MET Late External Delay Assertion 
Endpoint:   pcpi_rs2[8]                    (v) checked with  leading edge of 
'clk'
Beginpoint: picorv32_core_reg_op2_reg[8]/Q (v) triggered by  leading edge of 
'clk'
Path Groups: {reg2out}
Analysis View: analysis1
Other End Arrival Time          0.000
- External Delay                0.500
+ Phase Shift                   4.000
- Uncertainty                   0.020
= Required Time                 3.480
- Arrival Time                  0.408
= Slack Time                    3.072
     Clock Rise Edge                 0.000
     + Clock Network Latency (Prop)  0.000
     = Beginpoint Arrival Time       0.000
     +--------------------------------------------------------------------------------------+ 
     |           Instance           |      Arc      |   Cell   | Delay | Arrival | Required | 
     |                              |               |          |       |  Time   |   Time   | 
     |------------------------------+---------------+----------+-------+---------+----------| 
     | picorv32_core_reg_op2_reg[8] | CK ^          |          |       |   0.000 |    3.072 | 
     | picorv32_core_reg_op2_reg[8] | CK ^ -> Q v   | DFFQXL   | 0.097 |   0.097 |    3.170 | 
     | FE_OFC414_pcpi_rs2_8         | A v -> Y ^    | INVXL    | 0.072 |   0.170 |    3.242 | 
     | FE_OFC416_pcpi_rs2_8         | A ^ -> Y v    | INVXL    | 0.075 |   0.245 |    3.317 | 
     | FE_OFC194639_pcpi_rs2_8      | A v -> Y v    | CLKBUFX8 | 0.149 |   0.394 |    3.466 | 
     |                              | pcpi_rs2[8] v |          | 0.014 |   0.408 |    3.480 | 
     +--------------------------------------------------------------------------------------+ 
Path 3: MET Late External Delay Assertion 
Endpoint:   pcpi_rs2[15]                    (^) checked with  leading edge of 
'clk'
Beginpoint: picorv32_core_reg_op2_reg[15]/Q (^) triggered by  leading edge of 
'clk'
Path Groups: {reg2out}
Analysis View: analysis1
Other End Arrival Time          0.000
- External Delay                0.500
+ Phase Shift                   4.000
- Uncertainty                   0.020
= Required Time                 3.480
- Arrival Time                  0.404
= Slack Time                    3.076
     Clock Rise Edge                 0.000
     + Clock Network Latency (Prop)  0.000
     = Beginpoint Arrival Time       0.000
     +----------------------------------------------------------------------------------------+ 
     |           Instance            |      Arc       |   Cell   | Delay | Arrival | Required | 
     |                               |                |          |       |  Time   |   Time   | 
     |-------------------------------+----------------+----------+-------+---------+----------| 
     | picorv32_core_reg_op2_reg[15] | CK ^           |          |       |   0.000 |    3.076 | 
     | picorv32_core_reg_op2_reg[15] | CK ^ -> Q ^    | DFFQXL   | 0.138 |   0.138 |    3.214 | 
     | FE_OFC389_pcpi_rs2_15         | A ^ -> Y v     | INVXL    | 0.072 |   0.210 |    3.286 | 
     | FE_OFC390_pcpi_rs2_15         | A v -> Y ^     | INVX1    | 0.043 |   0.253 |    3.329 | 
     | FE_OFC856_pcpi_rs2_15         | A ^ -> Y ^     | CLKBUFX8 | 0.134 |   0.388 |    3.464 | 
     |                               | pcpi_rs2[15] ^ |          | 0.016 |   0.404 |    3.480 | 
     +----------------------------------------------------------------------------------------+ 
Path 4: MET Late External Delay Assertion 
Endpoint:   pcpi_rs2[2]                    (v) checked with  leading edge of 
'clk'
Beginpoint: picorv32_core_reg_op2_reg[2]/Q (v) triggered by  leading edge of 
'clk'
Path Groups: {reg2out}
Analysis View: analysis1
Other End Arrival Time          0.000
- External Delay                0.500
+ Phase Shift                   4.000
- Uncertainty                   0.020
= Required Time                 3.480
- Arrival Time                  0.404
= Slack Time                    3.076
     Clock Rise Edge                 0.000
     + Clock Network Latency (Prop)  -0.002
     = Beginpoint Arrival Time       -0.002
     +------------------------------------------------------------------------------------+ 
     |           Instance           |      Arc      |  Cell  | Delay | Arrival | Required | 
     |                              |               |        |       |  Time   |   Time   | 
     |------------------------------+---------------+--------+-------+---------+----------| 
     | picorv32_core_reg_op2_reg[2] | CK ^          |        |       |  -0.002 |    3.075 | 
     | picorv32_core_reg_op2_reg[2] | CK ^ -> Q v   | DFFQXL | 0.053 |   0.052 |    3.128 | 
     | FE_OFC794_pcpi_rs2_2         | A v -> Y ^    | INVX1  | 0.056 |   0.107 |    3.184 | 
     | FE_OFC795_pcpi_rs2_2         | A ^ -> Y v    | INVX2  | 0.097 |   0.204 |    3.280 | 
     | FE_OFC796_pcpi_rs2_2         | A v -> Y ^    | INVX1  | 0.049 |   0.253 |    3.329 | 
     | FE_OFC704_pcpi_rs2_2         | A ^ -> Y v    | INVX8  | 0.136 |   0.389 |    3.466 | 
     |                              | pcpi_rs2[2] v |        | 0.014 |   0.404 |    3.480 | 
     +------------------------------------------------------------------------------------+ 
Path 5: MET Late External Delay Assertion 
Endpoint:   pcpi_rs2[16]                    (v) checked with  leading edge of 
'clk'
Beginpoint: picorv32_core_reg_op2_reg[16]/Q (v) triggered by  leading edge of 
'clk'
Path Groups: {reg2out}
Analysis View: analysis1
Other End Arrival Time          0.000
- External Delay                0.500
+ Phase Shift                   4.000
- Uncertainty                   0.020
= Required Time                 3.480
- Arrival Time                  0.399
= Slack Time                    3.081
     Clock Rise Edge                 0.000
     + Clock Network Latency (Prop)  0.003
     = Beginpoint Arrival Time       0.003
     +--------------------------------------------------------------------------------------+ 
     |           Instance            |      Arc       |  Cell  | Delay | Arrival | Required | 
     |                               |                |        |       |  Time   |   Time   | 
     |-------------------------------+----------------+--------+-------+---------+----------| 
     | picorv32_core_reg_op2_reg[16] | CK ^           |        |       |   0.003 |    3.083 | 
     | picorv32_core_reg_op2_reg[16] | CK ^ -> Q v    | DFFQXL | 0.104 |   0.107 |    3.188 | 
     | FE_OFC384_pcpi_rs2_16         | A v -> Y ^     | INVXL  | 0.076 |   0.183 |    3.264 | 
     | FE_OFC385_pcpi_rs2_16         | A ^ -> Y v     | INVX1  | 0.042 |   0.225 |    3.306 | 
     | FE_OFC686_pcpi_rs2_16         | A v -> Y ^     | INVX1  | 0.027 |   0.252 |    3.333 | 
     | FE_OFC687_pcpi_rs2_16         | A ^ -> Y v     | INVX8  | 0.127 |   0.379 |    3.460 | 
     |                               | pcpi_rs2[16] v |        | 0.020 |   0.399 |    3.480 | 
     +--------------------------------------------------------------------------------------+ 
Path 6: MET Late External Delay Assertion 
Endpoint:   pcpi_rs2[6]                    (v) checked with  leading edge of 
'clk'
Beginpoint: picorv32_core_reg_op2_reg[6]/Q (v) triggered by  leading edge of 
'clk'
Path Groups: {reg2out}
Analysis View: analysis1
Other End Arrival Time          0.000
- External Delay                0.500
+ Phase Shift                   4.000
- Uncertainty                   0.020
= Required Time                 3.480
- Arrival Time                  0.392
= Slack Time                    3.088
     Clock Rise Edge                 0.000
     + Clock Network Latency (Prop)  0.000
     = Beginpoint Arrival Time       0.000
     +--------------------------------------------------------------------------------------+ 
     |           Instance           |      Arc      |   Cell   | Delay | Arrival | Required | 
     |                              |               |          |       |  Time   |   Time   | 
     |------------------------------+---------------+----------+-------+---------+----------| 
     | picorv32_core_reg_op2_reg[6] | CK ^          |          |       |   0.000 |    3.089 | 
     | picorv32_core_reg_op2_reg[6] | CK ^ -> Q v   | DFFQXL   | 0.099 |   0.099 |    3.187 | 
     | FE_OFC422_pcpi_rs2_6         | A v -> Y ^    | INVXL    | 0.073 |   0.172 |    3.260 | 
     | FE_OFC424_pcpi_rs2_6         | A ^ -> Y v    | INVX1    | 0.060 |   0.231 |    3.319 | 
     | FE_OFC697_pcpi_rs2_6         | A v -> Y v    | CLKBUFX8 | 0.146 |   0.378 |    3.466 | 
     |                              | pcpi_rs2[6] v |          | 0.014 |   0.392 |    3.480 | 
     +--------------------------------------------------------------------------------------+ 
Path 7: MET Late External Delay Assertion 
Endpoint:   pcpi_rs2[29]                    (^) checked with  leading edge of 
'clk'
Beginpoint: picorv32_core_reg_op2_reg[29]/Q (^) triggered by  leading edge of 
'clk'
Path Groups: {reg2out}
Analysis View: analysis1
Other End Arrival Time          0.000
- External Delay                0.500
+ Phase Shift                   4.000
- Uncertainty                   0.020
= Required Time                 3.480
- Arrival Time                  0.388
= Slack Time                    3.092
     Clock Rise Edge                 0.000
     + Clock Network Latency (Prop)  0.001
     = Beginpoint Arrival Time       0.001
     +----------------------------------------------------------------------------------------+ 
     |           Instance            |      Arc       |   Cell   | Delay | Arrival | Required | 
     |                               |                |          |       |  Time   |   Time   | 
     |-------------------------------+----------------+----------+-------+---------+----------| 
     | picorv32_core_reg_op2_reg[29] | CK ^           |          |       |   0.001 |    3.093 | 
     | picorv32_core_reg_op2_reg[29] | CK ^ -> Q ^    | DFFQXL   | 0.127 |   0.128 |    3.220 | 
     | FE_OFC350_pcpi_rs2_29         | A ^ -> Y v     | INVXL    | 0.057 |   0.185 |    3.277 | 
     | FE_OFC351_pcpi_rs2_29         | A v -> Y ^     | INVXL    | 0.050 |   0.235 |    3.327 | 
     | FE_OFC352_pcpi_rs2_29         | A ^ -> Y ^     | CLKBUFX8 | 0.134 |   0.369 |    3.461 | 
     |                               | pcpi_rs2[29] ^ |          | 0.019 |   0.388 |    3.480 | 
     +----------------------------------------------------------------------------------------+ 
Path 8: MET Late External Delay Assertion 
Endpoint:   pcpi_rs2[10]                    (v) checked with  leading edge of 
'clk'
Beginpoint: picorv32_core_reg_op2_reg[10]/Q (v) triggered by  leading edge of 
'clk'
Path Groups: {reg2out}
Analysis View: analysis1
Other End Arrival Time          0.000
- External Delay                0.500
+ Phase Shift                   4.000
- Uncertainty                   0.020
= Required Time                 3.480
- Arrival Time                  0.388
= Slack Time                    3.092
     Clock Rise Edge                 0.000
     + Clock Network Latency (Prop)  -0.001
     = Beginpoint Arrival Time       -0.001
     +----------------------------------------------------------------------------------------+ 
     |           Instance            |      Arc       |   Cell   | Delay | Arrival | Required | 
     |                               |                |          |       |  Time   |   Time   | 
     |-------------------------------+----------------+----------+-------+---------+----------| 
     | picorv32_core_reg_op2_reg[10] | CK ^           |          |       |  -0.001 |    3.092 | 
     | picorv32_core_reg_op2_reg[10] | CK ^ -> Q v    | DFFQXL   | 0.099 |   0.098 |    3.190 | 
     | FE_OFC406_pcpi_rs2_10         | A v -> Y ^     | INVXL    | 0.076 |   0.174 |    3.267 | 
     | FE_OFC407_pcpi_rs2_10         | A ^ -> Y v     | INVX1    | 0.055 |   0.229 |    3.322 | 
     | FE_OFC694_pcpi_rs2_10         | A v -> Y v     | CLKBUFX8 | 0.148 |   0.377 |    3.470 | 
     |                               | pcpi_rs2[10] v |          | 0.010 |   0.388 |    3.480 | 
     +----------------------------------------------------------------------------------------+ 
Path 9: MET Late External Delay Assertion 
Endpoint:   pcpi_rs2[19]                    (v) checked with  leading edge of 
'clk'
Beginpoint: picorv32_core_reg_op2_reg[19]/Q (v) triggered by  leading edge of 
'clk'
Path Groups: {reg2out}
Analysis View: analysis1
Other End Arrival Time          0.000
- External Delay                0.500
+ Phase Shift                   4.000
- Uncertainty                   0.020
= Required Time                 3.480
- Arrival Time                  0.380
= Slack Time                    3.100
     Clock Rise Edge                 0.000
     + Clock Network Latency (Prop)  0.002
     = Beginpoint Arrival Time       0.002
     +--------------------------------------------------------------------------------------+ 
     |           Instance            |      Arc       |  Cell  | Delay | Arrival | Required | 
     |                               |                |        |       |  Time   |   Time   | 
     |-------------------------------+----------------+--------+-------+---------+----------| 
     | picorv32_core_reg_op2_reg[19] | CK ^           |        |       |   0.002 |    3.102 | 
     | picorv32_core_reg_op2_reg[19] | CK ^ -> Q v    | DFFQXL | 0.062 |   0.064 |    3.164 | 
     | FE_OFC846_pcpi_rs2_19         | A v -> Y ^     | INVXL  | 0.030 |   0.094 |    3.194 | 
     | FE_OFC847_pcpi_rs2_19         | A ^ -> Y v     | INVX1  | 0.082 |   0.177 |    3.277 | 
     | FE_OFC848_pcpi_rs2_19         | A v -> Y ^     | INVX1  | 0.051 |   0.228 |    3.328 | 
     | FE_OFC377_pcpi_rs2_19         | A ^ -> Y v     | INVX8  | 0.134 |   0.362 |    3.461 | 
     |                               | pcpi_rs2[19] v |        | 0.019 |   0.380 |    3.480 | 
     +--------------------------------------------------------------------------------------+ 
Path 10: MET Late External Delay Assertion 
Endpoint:   pcpi_rs2[13]                    (^) checked with  leading edge of 
'clk'
Beginpoint: picorv32_core_reg_op2_reg[13]/Q (^) triggered by  leading edge of 
'clk'
Path Groups: {reg2out}
Analysis View: analysis1
Other End Arrival Time          0.000
- External Delay                0.500
+ Phase Shift                   4.000
- Uncertainty                   0.020
= Required Time                 3.480
- Arrival Time                  0.378
= Slack Time                    3.102
     Clock Rise Edge                 0.000
     + Clock Network Latency (Prop)  -0.001
     = Beginpoint Arrival Time       -0.001
     +----------------------------------------------------------------------------------------+ 
     |           Instance            |      Arc       |   Cell   | Delay | Arrival | Required | 
     |                               |                |          |       |  Time   |   Time   | 
     |-------------------------------+----------------+----------+-------+---------+----------| 
     | picorv32_core_reg_op2_reg[13] | CK ^           |          |       |  -0.001 |    3.101 | 
     | picorv32_core_reg_op2_reg[13] | CK ^ -> Q ^    | DFFQXL   | 0.123 |   0.122 |    3.224 | 
     | FE_OFC396_pcpi_rs2_13         | A ^ -> Y v     | INVXL    | 0.055 |   0.177 |    3.279 | 
     | FE_OFC397_pcpi_rs2_13         | A v -> Y ^     | INVX1    | 0.050 |   0.228 |    3.329 | 
     | FE_OFC690_pcpi_rs2_13         | A ^ -> Y ^     | CLKBUFX8 | 0.141 |   0.369 |    3.470 | 
     |                               | pcpi_rs2[13] ^ |          | 0.010 |   0.378 |    3.480 | 
     +----------------------------------------------------------------------------------------+ 
Path 11: MET Late External Delay Assertion 
Endpoint:   pcpi_rs2[11]                    (^) checked with  leading edge of 
'clk'
Beginpoint: picorv32_core_reg_op2_reg[11]/Q (^) triggered by  leading edge of 
'clk'
Path Groups: {reg2out}
Analysis View: analysis1
Other End Arrival Time          0.000
- External Delay                0.500
+ Phase Shift                   4.000
- Uncertainty                   0.020
= Required Time                 3.480
- Arrival Time                  0.377
= Slack Time                    3.103
     Clock Rise Edge                 0.000
     + Clock Network Latency (Prop)  -0.001
     = Beginpoint Arrival Time       -0.001
     +----------------------------------------------------------------------------------------+ 
     |           Instance            |      Arc       |   Cell   | Delay | Arrival | Required | 
     |                               |                |          |       |  Time   |   Time   | 
     |-------------------------------+----------------+----------+-------+---------+----------| 
     | picorv32_core_reg_op2_reg[11] | CK ^           |          |       |  -0.001 |    3.102 | 
     | picorv32_core_reg_op2_reg[11] | CK ^ -> Q ^    | DFFQXL   | 0.115 |   0.114 |    3.217 | 
     | FE_OFC403_pcpi_rs2_11         | A ^ -> Y v     | INVXL    | 0.061 |   0.175 |    3.278 | 
     | FE_OFC404_pcpi_rs2_11         | A v -> Y ^     | INVX1    | 0.051 |   0.226 |    3.329 | 
     | FE_OFC693_pcpi_rs2_11         | A ^ -> Y ^     | CLKBUFX8 | 0.138 |   0.364 |    3.467 | 
     |                               | pcpi_rs2[11] ^ |          | 0.013 |   0.377 |    3.480 | 
     +----------------------------------------------------------------------------------------+ 
Path 12: MET Late External Delay Assertion 
Endpoint:   pcpi_rs2[7]                    (^) checked with  leading edge of 
'clk'
Beginpoint: picorv32_core_reg_op2_reg[7]/Q (^) triggered by  leading edge of 
'clk'
Path Groups: {reg2out}
Analysis View: analysis1
Other End Arrival Time          0.000
- External Delay                0.500
+ Phase Shift                   4.000
- Uncertainty                   0.020
= Required Time                 3.480
- Arrival Time                  0.375
= Slack Time                    3.105
     Clock Rise Edge                 0.000
     + Clock Network Latency (Prop)  0.000
     = Beginpoint Arrival Time       0.000
     +--------------------------------------------------------------------------------------+ 
     |           Instance           |      Arc      |   Cell   | Delay | Arrival | Required | 
     |                              |               |          |       |  Time   |   Time   | 
     |------------------------------+---------------+----------+-------+---------+----------| 
     | picorv32_core_reg_op2_reg[7] | CK ^          |          |       |   0.000 |    3.105 | 
     | picorv32_core_reg_op2_reg[7] | CK ^ -> Q ^   | DFFQXL   | 0.113 |   0.113 |    3.218 | 
     | FE_OFC418_pcpi_rs2_7         | A ^ -> Y v    | INVXL    | 0.054 |   0.168 |    3.273 | 
     | FE_OFC420_pcpi_rs2_7         | A v -> Y ^    | INVX1    | 0.055 |   0.223 |    3.327 | 
     | FE_OFC696_pcpi_rs2_7         | A ^ -> Y ^    | CLKBUFX8 | 0.139 |   0.362 |    3.467 | 
     |                              | pcpi_rs2[7] ^ |          | 0.014 |   0.375 |    3.480 | 
     +--------------------------------------------------------------------------------------+ 
Path 13: MET Late External Delay Assertion 
Endpoint:   pcpi_rs2[1]                    (^) checked with  leading edge of 
'clk'
Beginpoint: picorv32_core_reg_op2_reg[1]/Q (^) triggered by  leading edge of 
'clk'
Path Groups: {reg2out}
Analysis View: analysis1
Other End Arrival Time          0.000
- External Delay                0.500
+ Phase Shift                   4.000
- Uncertainty                   0.020
= Required Time                 3.480
- Arrival Time                  0.373
= Slack Time                    3.107
     Clock Rise Edge                 0.000
     + Clock Network Latency (Prop)  -0.002
     = Beginpoint Arrival Time       -0.002
     +------------------------------------------------------------------------------------+ 
     |           Instance           |      Arc      |  Cell  | Delay | Arrival | Required | 
     |                              |               |        |       |  Time   |   Time   | 
     |------------------------------+---------------+--------+-------+---------+----------| 
     | picorv32_core_reg_op2_reg[1] | CK ^          |        |       |  -0.002 |    3.106 | 
     | picorv32_core_reg_op2_reg[1] | CK ^ -> Q ^   | DFFQXL | 0.138 |   0.136 |    3.243 | 
     | FE_OFC439_pcpi_rs2_1         | A ^ -> Y v    | INVXL  | 0.086 |   0.222 |    3.329 | 
     | FE_OFC706_pcpi_rs2_1         | A v -> Y ^    | INVX8  | 0.136 |   0.358 |    3.466 | 
     |                              | pcpi_rs2[1] ^ |        | 0.014 |   0.373 |    3.480 | 
     +------------------------------------------------------------------------------------+ 
Path 14: MET Late External Delay Assertion 
Endpoint:   pcpi_rs2[26]                    (^) checked with  leading edge of 
'clk'
Beginpoint: picorv32_core_reg_op2_reg[26]/Q (^) triggered by  leading edge of 
'clk'
Path Groups: {reg2out}
Analysis View: analysis1
Other End Arrival Time          0.000
- External Delay                0.500
+ Phase Shift                   4.000
- Uncertainty                   0.020
= Required Time                 3.480
- Arrival Time                  0.370
= Slack Time                    3.110
     Clock Rise Edge                 0.000
     + Clock Network Latency (Prop)  0.003
     = Beginpoint Arrival Time       0.003
     +----------------------------------------------------------------------------------------+ 
     |           Instance            |      Arc       |   Cell   | Delay | Arrival | Required | 
     |                               |                |          |       |  Time   |   Time   | 
     |-------------------------------+----------------+----------+-------+---------+----------| 
     | picorv32_core_reg_op2_reg[26] | CK ^           |          |       |   0.003 |    3.112 | 
     | picorv32_core_reg_op2_reg[26] | CK ^ -> Q ^    | DFFQXL   | 0.108 |   0.110 |    3.220 | 
     | FE_OFC359_pcpi_rs2_26         | A ^ -> Y v     | INVX1    | 0.057 |   0.168 |    3.277 | 
     | FE_OFC360_pcpi_rs2_26         | A v -> Y ^     | INVXL    | 0.051 |   0.219 |    3.329 | 
     | FE_OFC361_pcpi_rs2_26         | A ^ -> Y ^     | CLKBUFX8 | 0.135 |   0.354 |    3.463 | 
     |                               | pcpi_rs2[26] ^ |          | 0.017 |   0.370 |    3.480 | 
     +----------------------------------------------------------------------------------------+ 
Path 15: MET Late External Delay Assertion 
Endpoint:   pcpi_rs1[9]                    (v) checked with  leading edge of 
'clk'
Beginpoint: picorv32_core_reg_op1_reg[9]/Q (v) triggered by  leading edge of 
'clk'
Path Groups: {reg2out}
Analysis View: analysis1
Other End Arrival Time          0.000
- External Delay                0.500
+ Phase Shift                   4.000
- Uncertainty                   0.020
= Required Time                 3.480
- Arrival Time                  0.368
= Slack Time                    3.112
     Clock Rise Edge                 0.000
     + Clock Network Latency (Prop)  -0.001
     = Beginpoint Arrival Time       -0.001
     +--------------------------------------------------------------------------------------+ 
     |           Instance           |      Arc      |   Cell   | Delay | Arrival | Required | 
     |                              |               |          |       |  Time   |   Time   | 
     |------------------------------+---------------+----------+-------+---------+----------| 
     | picorv32_core_reg_op1_reg[9] | CK ^          |          |       |  -0.001 |    3.111 | 
     | picorv32_core_reg_op1_reg[9] | CK ^ -> Q v   | DFFQXL   | 0.098 |   0.097 |    3.209 | 
     | FE_OFC312_pcpi_rs1_9         | A v -> Y ^    | INVXL    | 0.100 |   0.197 |    3.309 | 
     | FE_OFC314_pcpi_rs1_9         | A ^ -> Y v    | INVX8    | 0.019 |   0.216 |    3.328 | 
     | FE_OFC194651_pcpi_rs1_9      | A v -> Y v    | CLKBUFX8 | 0.140 |   0.357 |    3.469 | 
     |                              | pcpi_rs1[9] v |          | 0.011 |   0.368 |    3.480 | 
     +--------------------------------------------------------------------------------------+ 
Path 16: MET Late External Delay Assertion 
Endpoint:   pcpi_rs2[17]                    (v) checked with  leading edge of 
'clk'
Beginpoint: picorv32_core_reg_op2_reg[17]/Q (v) triggered by  leading edge of 
'clk'
Path Groups: {reg2out}
Analysis View: analysis1
Other End Arrival Time          0.000
- External Delay                0.500
+ Phase Shift                   4.000
- Uncertainty                   0.020
= Required Time                 3.480
- Arrival Time                  0.357
= Slack Time                    3.123
     Clock Rise Edge                 0.000
     + Clock Network Latency (Prop)  -0.001
     = Beginpoint Arrival Time       -0.001
     +--------------------------------------------------------------------------------------+ 
     |           Instance            |      Arc       |  Cell  | Delay | Arrival | Required | 
     |                               |                |        |       |  Time   |   Time   | 
     |-------------------------------+----------------+--------+-------+---------+----------| 
     | picorv32_core_reg_op2_reg[17] | CK ^           |        |       |  -0.001 |    3.122 | 
     | picorv32_core_reg_op2_reg[17] | CK ^ -> Q v    | DFFQXL | 0.107 |   0.106 |    3.229 | 
     | FE_OFC380_pcpi_rs2_17         | A v -> Y ^     | INVXL  | 0.085 |   0.191 |    3.314 | 
     | FE_OFC685_pcpi_rs2_17         | A ^ -> Y v     | INVX8  | 0.149 |   0.339 |    3.463 | 
     |                               | pcpi_rs2[17] v |        | 0.018 |   0.357 |    3.480 | 
     +--------------------------------------------------------------------------------------+ 
Path 17: MET Late External Delay Assertion 
Endpoint:   pcpi_rs2[5]                    (^) checked with  leading edge of 
'clk'
Beginpoint: picorv32_core_reg_op2_reg[5]/Q (^) triggered by  leading edge of 
'clk'
Path Groups: {reg2out}
Analysis View: analysis1
Other End Arrival Time          0.000
- External Delay                0.500
+ Phase Shift                   4.000
- Uncertainty                   0.020
= Required Time                 3.480
- Arrival Time                  0.356
= Slack Time                    3.124
     Clock Rise Edge                 0.000
     + Clock Network Latency (Prop)  0.000
     = Beginpoint Arrival Time       0.000
     +--------------------------------------------------------------------------------------+ 
     |           Instance           |      Arc      |   Cell   | Delay | Arrival | Required | 
     |                              |               |          |       |  Time   |   Time   | 
     |------------------------------+---------------+----------+-------+---------+----------| 
     | picorv32_core_reg_op2_reg[5] | CK ^          |          |       |   0.000 |    3.124 | 
     | picorv32_core_reg_op2_reg[5] | CK ^ -> Q ^   | DFFQXL   | 0.105 |   0.106 |    3.229 | 
     | FE_OFC425_pcpi_rs2_5         | A ^ -> Y v    | INVX1    | 0.044 |   0.149 |    3.273 | 
     | FE_OFC426_pcpi_rs2_5         | A v -> Y ^    | INVX1    | 0.054 |   0.204 |    3.327 | 
     | FE_OFC698_pcpi_rs2_5         | A ^ -> Y ^    | CLKBUFX8 | 0.139 |   0.342 |    3.466 | 
     |                              | pcpi_rs2[5] ^ |          | 0.014 |   0.356 |    3.480 | 
     +--------------------------------------------------------------------------------------+ 
Path 18: MET Late External Delay Assertion 
Endpoint:   pcpi_rs2[14]                    (v) checked with  leading edge of 
'clk'
Beginpoint: picorv32_core_reg_op2_reg[14]/Q (v) triggered by  leading edge of 
'clk'
Path Groups: {reg2out}
Analysis View: analysis1
Other End Arrival Time          0.000
- External Delay                0.500
+ Phase Shift                   4.000
- Uncertainty                   0.020
= Required Time                 3.480
- Arrival Time                  0.355
= Slack Time                    3.125
     Clock Rise Edge                 0.000
     + Clock Network Latency (Prop)  0.000
     = Beginpoint Arrival Time       0.000
     +----------------------------------------------------------------------------------------+ 
     |           Instance            |      Arc       |   Cell   | Delay | Arrival | Required | 
     |                               |                |          |       |  Time   |   Time   | 
     |-------------------------------+----------------+----------+-------+---------+----------| 
     | picorv32_core_reg_op2_reg[14] | CK ^           |          |       |   0.000 |    3.125 | 
     | picorv32_core_reg_op2_reg[14] | CK ^ -> Q v    | DFFQXL   | 0.092 |   0.092 |    3.217 | 
     | FE_OFC810_pcpi_rs2_14         | A v -> Y ^     | INVXL    | 0.041 |   0.133 |    3.258 | 
     | FE_OFC811_pcpi_rs2_14         | A ^ -> Y v     | INVX1    | 0.059 |   0.192 |    3.317 | 
     | FE_OFC689_pcpi_rs2_14         | A v -> Y v     | CLKBUFX8 | 0.149 |   0.341 |    3.466 | 
     |                               | pcpi_rs2[14] v |          | 0.014 |   0.355 |    3.480 | 
     +----------------------------------------------------------------------------------------+ 
Path 19: MET Late External Delay Assertion 
Endpoint:   pcpi_rs1[13]                    (v) checked with  leading edge of 
'clk'
Beginpoint: picorv32_core_reg_op1_reg[13]/Q (v) triggered by  leading edge of 
'clk'
Path Groups: {reg2out}
Analysis View: analysis1
Other End Arrival Time          0.000
- External Delay                0.500
+ Phase Shift                   4.000
- Uncertainty                   0.020
= Required Time                 3.480
- Arrival Time                  0.350
= Slack Time                    3.130
     Clock Rise Edge                 0.000
     + Clock Network Latency (Prop)  -0.001
     = Beginpoint Arrival Time       -0.001
     +--------------------------------------------------------------------------------------+ 
     |           Instance            |      Arc       |  Cell  | Delay | Arrival | Required | 
     |                               |                |        |       |  Time   |   Time   | 
     |-------------------------------+----------------+--------+-------+---------+----------| 
     | picorv32_core_reg_op1_reg[13] | CK ^           |        |       |  -0.001 |    3.129 | 
     | picorv32_core_reg_op1_reg[13] | CK ^ -> Q v    | DFFQXL | 0.124 |   0.123 |    3.253 | 
     | FE_OFC300_pcpi_rs1_13         | A v -> Y ^     | INVXL  | 0.070 |   0.192 |    3.322 | 
     | FE_OFC664_pcpi_rs1_13         | A ^ -> Y v     | INVX8  | 0.141 |   0.334 |    3.464 | 
     |                               | pcpi_rs1[13] v |        | 0.016 |   0.350 |    3.480 | 
     +--------------------------------------------------------------------------------------+ 
Path 20: MET Late External Delay Assertion 
Endpoint:   pcpi_rs1[24]                    (v) checked with  leading edge of 
'clk'
Beginpoint: picorv32_core_reg_op1_reg[24]/Q (v) triggered by  leading edge of 
'clk'
Path Groups: {reg2out}
Analysis View: analysis1
Other End Arrival Time          0.000
- External Delay                0.500
+ Phase Shift                   4.000
- Uncertainty                   0.020
= Required Time                 3.480
- Arrival Time                  0.347
= Slack Time                    3.133
     Clock Rise Edge                 0.000
     + Clock Network Latency (Prop)  -0.001
     = Beginpoint Arrival Time       -0.001
     +--------------------------------------------------------------------------------------+ 
     |           Instance            |      Arc       |  Cell  | Delay | Arrival | Required | 
     |                               |                |        |       |  Time   |   Time   | 
     |-------------------------------+----------------+--------+-------+---------+----------| 
     | picorv32_core_reg_op1_reg[24] | CK ^           |        |       |  -0.001 |    3.132 | 
     | picorv32_core_reg_op1_reg[24] | CK ^ -> Q v    | DFFQXL | 0.120 |   0.119 |    3.252 | 
     | FE_OFC268_pcpi_rs1_24         | A v -> Y ^     | INVXL  | 0.070 |   0.189 |    3.322 | 
     | FE_OFC644_pcpi_rs1_24         | A ^ -> Y v     | INVX8  | 0.141 |   0.330 |    3.463 | 
     |                               | pcpi_rs1[24] v |        | 0.017 |   0.347 |    3.480 | 
     +--------------------------------------------------------------------------------------+ 
Path 21: MET Late External Delay Assertion 
Endpoint:   pcpi_rs1[3]                    (^) checked with  leading edge of 
'clk'
Beginpoint: picorv32_core_reg_op1_reg[3]/Q (^) triggered by  leading edge of 
'clk'
Path Groups: {reg2out}
Analysis View: analysis1
Other End Arrival Time          0.000
- External Delay                0.500
+ Phase Shift                   4.000
- Uncertainty                   0.020
= Required Time                 3.480
- Arrival Time                  0.346
= Slack Time                    3.134
     Clock Rise Edge                 0.000
     + Clock Network Latency (Prop)  -0.001
     = Beginpoint Arrival Time       -0.001
     +------------------------------------------------------------------------------------+ 
     |           Instance           |      Arc      |  Cell  | Delay | Arrival | Required | 
     |                              |               |        |       |  Time   |   Time   | 
     |------------------------------+---------------+--------+-------+---------+----------| 
     | picorv32_core_reg_op1_reg[3] | CK ^          |        |       |  -0.001 |    3.133 | 
     | picorv32_core_reg_op1_reg[3] | CK ^ -> Q ^   | DFFQXL | 0.143 |   0.142 |    3.275 | 
     | FE_RC_8_0                    | A ^ -> Y v    | INVX1  | 0.061 |   0.203 |    3.336 | 
     | FE_OFC676_pcpi_rs1_3         | A v -> Y ^    | INVX8  | 0.130 |   0.332 |    3.466 | 
     |                              | pcpi_rs1[3] ^ |        | 0.014 |   0.346 |    3.480 | 
     +------------------------------------------------------------------------------------+ 
Path 22: MET Late External Delay Assertion 
Endpoint:   pcpi_rs1[15]                    (v) checked with  leading edge of 
'clk'
Beginpoint: picorv32_core_reg_op1_reg[15]/Q (v) triggered by  leading edge of 
'clk'
Path Groups: {reg2out}
Analysis View: analysis1
Other End Arrival Time          0.000
- External Delay                0.500
+ Phase Shift                   4.000
- Uncertainty                   0.020
= Required Time                 3.480
- Arrival Time                  0.346
= Slack Time                    3.134
     Clock Rise Edge                 0.000
     + Clock Network Latency (Prop)  -0.002
     = Beginpoint Arrival Time       -0.002
     +--------------------------------------------------------------------------------------+ 
     |           Instance            |      Arc       |  Cell  | Delay | Arrival | Required | 
     |                               |                |        |       |  Time   |   Time   | 
     |-------------------------------+----------------+--------+-------+---------+----------| 
     | picorv32_core_reg_op1_reg[15] | CK ^           |        |       |  -0.002 |    3.133 | 
     | picorv32_core_reg_op1_reg[15] | CK ^ -> Q v    | DFFQXL | 0.116 |   0.115 |    3.249 | 
     | FE_OFC292_pcpi_rs1_15         | A v -> Y ^     | INVXL  | 0.072 |   0.187 |    3.321 | 
     | FE_OFC660_pcpi_rs1_15         | A ^ -> Y v     | INVX8  | 0.144 |   0.330 |    3.465 | 
     |                               | pcpi_rs1[15] v |        | 0.015 |   0.346 |    3.480 | 
     +--------------------------------------------------------------------------------------+ 
Path 23: MET Late External Delay Assertion 
Endpoint:   pcpi_rs1[22]                    (v) checked with  leading edge of 
'clk'
Beginpoint: picorv32_core_reg_op1_reg[22]/Q (v) triggered by  leading edge of 
'clk'
Path Groups: {reg2out}
Analysis View: analysis1
Other End Arrival Time          0.000
- External Delay                0.500
+ Phase Shift                   4.000
- Uncertainty                   0.020
= Required Time                 3.480
- Arrival Time                  0.345
= Slack Time                    3.135
     Clock Rise Edge                 0.000
     + Clock Network Latency (Prop)  -0.002
     = Beginpoint Arrival Time       -0.002
     +--------------------------------------------------------------------------------------+ 
     |           Instance            |      Arc       |  Cell  | Delay | Arrival | Required | 
     |                               |                |        |       |  Time   |   Time   | 
     |-------------------------------+----------------+--------+-------+---------+----------| 
     | picorv32_core_reg_op1_reg[22] | CK ^           |        |       |  -0.002 |    3.133 | 
     | picorv32_core_reg_op1_reg[22] | CK ^ -> Q v    | DFFQXL | 0.116 |   0.114 |    3.249 | 
     | FE_OFC274_pcpi_rs1_22         | A v -> Y ^     | INVXL  | 0.073 |   0.187 |    3.322 | 
     | FE_OFC648_pcpi_rs1_22         | A ^ -> Y v     | INVX8  | 0.148 |   0.335 |    3.470 | 
     |                               | pcpi_rs1[22] v |        | 0.010 |   0.345 |    3.480 | 
     +--------------------------------------------------------------------------------------+ 
Path 24: MET Late External Delay Assertion 
Endpoint:   pcpi_rs1[5]                    (^) checked with  leading edge of 
'clk'
Beginpoint: picorv32_core_reg_op1_reg[5]/Q (^) triggered by  leading edge of 
'clk'
Path Groups: {reg2out}
Analysis View: analysis1
Other End Arrival Time          0.000
- External Delay                0.500
+ Phase Shift                   4.000
- Uncertainty                   0.020
= Required Time                 3.480
- Arrival Time                  0.345
= Slack Time                    3.135
     Clock Rise Edge                 0.000
     + Clock Network Latency (Prop)  -0.002
     = Beginpoint Arrival Time       -0.002
     +------------------------------------------------------------------------------------+ 
     |           Instance           |      Arc      |  Cell  | Delay | Arrival | Required | 
     |                              |               |        |       |  Time   |   Time   | 
     |------------------------------+---------------+--------+-------+---------+----------| 
     | picorv32_core_reg_op1_reg[5] | CK ^          |        |       |  -0.002 |    3.134 | 
     | picorv32_core_reg_op1_reg[5] | CK ^ -> Q ^   | DFFQXL | 0.144 |   0.142 |    3.278 | 
     | FE_RC_9_0                    | A ^ -> Y v    | INVX1  | 0.059 |   0.202 |    3.337 | 
     | FE_OFC674_pcpi_rs1_5         | A v -> Y ^    | INVX8  | 0.129 |   0.330 |    3.466 | 
     |                              | pcpi_rs1[5] ^ |        | 0.014 |   0.345 |    3.480 | 
     +------------------------------------------------------------------------------------+ 
Path 25: MET Late External Delay Assertion 
Endpoint:   pcpi_rs2[24]                    (v) checked with  leading edge of 
'clk'
Beginpoint: picorv32_core_reg_op2_reg[24]/Q (v) triggered by  leading edge of 
'clk'
Path Groups: {reg2out}
Analysis View: analysis1
Other End Arrival Time          0.000
- External Delay                0.500
+ Phase Shift                   4.000
- Uncertainty                   0.020
= Required Time                 3.480
- Arrival Time                  0.344
= Slack Time                    3.136
     Clock Rise Edge                 0.000
     + Clock Network Latency (Prop)  0.003
     = Beginpoint Arrival Time       0.003
     +--------------------------------------------------------------------------------------+ 
     |           Instance            |      Arc       |  Cell  | Delay | Arrival | Required | 
     |                               |                |        |       |  Time   |   Time   | 
     |-------------------------------+----------------+--------+-------+---------+----------| 
     | picorv32_core_reg_op2_reg[24] | CK ^           |        |       |   0.003 |    3.139 | 
     | picorv32_core_reg_op2_reg[24] | CK ^ -> Q v    | DFFQXL | 0.064 |   0.067 |    3.203 | 
     | FE_OFC869_pcpi_rs2_24         | A v -> Y ^     | INVX1  | 0.038 |   0.106 |    3.241 | 
     | FE_OFC870_pcpi_rs2_24         | A ^ -> Y v     | INVX1  | 0.055 |   0.161 |    3.297 | 
     | FE_OFC871_pcpi_rs2_24         | A v -> Y ^     | INVX1  | 0.035 |   0.196 |    3.332 | 
     | FE_OFC683_pcpi_rs2_24         | A ^ -> Y v     | INVX8  | 0.133 |   0.329 |    3.464 | 
     |                               | pcpi_rs2[24] v |        | 0.016 |   0.344 |    3.480 | 
     +--------------------------------------------------------------------------------------+ 
Path 26: MET Late External Delay Assertion 
Endpoint:   pcpi_rs2[30]                    (v) checked with  leading edge of 
'clk'
Beginpoint: picorv32_core_reg_op2_reg[30]/Q (v) triggered by  leading edge of 
'clk'
Path Groups: {reg2out}
Analysis View: analysis1
Other End Arrival Time          0.000
- External Delay                0.500
+ Phase Shift                   4.000
- Uncertainty                   0.020
= Required Time                 3.480
- Arrival Time                  0.344
= Slack Time                    3.136
     Clock Rise Edge                 0.000
     + Clock Network Latency (Prop)  0.002
     = Beginpoint Arrival Time       0.002
     +--------------------------------------------------------------------------------------+ 
     |           Instance            |      Arc       |  Cell  | Delay | Arrival | Required | 
     |                               |                |        |       |  Time   |   Time   | 
     |-------------------------------+----------------+--------+-------+---------+----------| 
     | picorv32_core_reg_op2_reg[30] | CK ^           |        |       |   0.002 |    3.138 | 
     | picorv32_core_reg_op2_reg[30] | CK ^ -> Q v    | DFFQXL | 0.052 |   0.054 |    3.190 | 
     | FE_OFC872_pcpi_rs2_30         | A v -> Y ^     | INVX1  | 0.019 |   0.073 |    3.209 | 
     | FE_OFC873_pcpi_rs2_30         | A ^ -> Y v     | INVX1  | 0.074 |   0.147 |    3.283 | 
     | FE_OFC874_pcpi_rs2_30         | A v -> Y ^     | INVX1  | 0.046 |   0.193 |    3.329 | 
     | FE_OFC679_pcpi_rs2_30         | A ^ -> Y v     | INVX8  | 0.135 |   0.328 |    3.464 | 
     |                               | pcpi_rs2[30] v |        | 0.016 |   0.344 |    3.480 | 
     +--------------------------------------------------------------------------------------+ 
Path 27: MET Late External Delay Assertion 
Endpoint:   pcpi_rs2[12]                    (v) checked with  leading edge of 
'clk'
Beginpoint: picorv32_core_reg_op2_reg[12]/Q (v) triggered by  leading edge of 
'clk'
Path Groups: {reg2out}
Analysis View: analysis1
Other End Arrival Time          0.000
- External Delay                0.500
+ Phase Shift                   4.000
- Uncertainty                   0.020
= Required Time                 3.480
- Arrival Time                  0.344
= Slack Time                    3.136
     Clock Rise Edge                 0.000
     + Clock Network Latency (Prop)  0.000
     = Beginpoint Arrival Time       0.000
     +--------------------------------------------------------------------------------------+ 
     |           Instance            |      Arc       |  Cell  | Delay | Arrival | Required | 
     |                               |                |        |       |  Time   |   Time   | 
     |-------------------------------+----------------+--------+-------+---------+----------| 
     | picorv32_core_reg_op2_reg[12] | CK ^           |        |       |   0.000 |    3.137 | 
     | picorv32_core_reg_op2_reg[12] | CK ^ -> Q v    | DFFQXL | 0.041 |   0.042 |    3.178 | 
     | FE_OFC818_pcpi_rs2_12         | A v -> Y ^     | INVX1  | 0.039 |   0.081 |    3.217 | 
     | FE_OFC819_pcpi_rs2_12         | A ^ -> Y v     | INVX1  | 0.072 |   0.152 |    3.289 | 
     | FE_OFC820_pcpi_rs2_12         | A v -> Y ^     | INVX1  | 0.041 |   0.193 |    3.330 | 
     | FE_OFC692_pcpi_rs2_12         | A ^ -> Y v     | INVX8  | 0.131 |   0.324 |    3.460 | 
     |                               | pcpi_rs2[12] v |        | 0.020 |   0.344 |    3.480 | 
     +--------------------------------------------------------------------------------------+ 
Path 28: MET Late External Delay Assertion 
Endpoint:   pcpi_rs1[20]                    (v) checked with  leading edge of 
'clk'
Beginpoint: picorv32_core_reg_op1_reg[20]/Q (v) triggered by  leading edge of 
'clk'
Path Groups: {reg2out}
Analysis View: analysis1
Other End Arrival Time          0.000
- External Delay                0.500
+ Phase Shift                   4.000
- Uncertainty                   0.020
= Required Time                 3.480
- Arrival Time                  0.342
= Slack Time                    3.138
     Clock Rise Edge                 0.000
     + Clock Network Latency (Prop)  -0.002
     = Beginpoint Arrival Time       -0.002
     +--------------------------------------------------------------------------------------+ 
     |           Instance            |      Arc       |  Cell  | Delay | Arrival | Required | 
     |                               |                |        |       |  Time   |   Time   | 
     |-------------------------------+----------------+--------+-------+---------+----------| 
     | picorv32_core_reg_op1_reg[20] | CK ^           |        |       |  -0.002 |    3.136 | 
     | picorv32_core_reg_op1_reg[20] | CK ^ -> Q v    | DFFQXL | 0.114 |   0.112 |    3.250 | 
     | FE_OFC279_pcpi_rs1_20         | A v -> Y ^     | INVXL  | 0.071 |   0.184 |    3.322 | 
     | FE_OFC652_pcpi_rs1_20         | A ^ -> Y v     | INVX8  | 0.145 |   0.329 |    3.467 | 
     |                               | pcpi_rs1[20] v |        | 0.014 |   0.342 |    3.480 | 
     +--------------------------------------------------------------------------------------+ 
Path 29: MET Late External Delay Assertion 
Endpoint:   pcpi_rs2[3]                     (v) checked with  leading edge of 
'clk'
Beginpoint: picorv32_core_reg_op2_reg[3]/QN (^) triggered by  leading edge of 
'clk'
Path Groups: {reg2out}
Analysis View: analysis1
Other End Arrival Time          0.000
- External Delay                0.500
+ Phase Shift                   4.000
- Uncertainty                   0.020
= Required Time                 3.480
- Arrival Time                  0.342
= Slack Time                    3.138
     Clock Rise Edge                 0.000
     + Clock Network Latency (Prop)  -0.002
     = Beginpoint Arrival Time       -0.002
     +-----------------------------------------------------------------------------------+ 
     |           Instance           |      Arc      |  Cell | Delay | Arrival | Required | 
     |                              |               |       |       |  Time   |   Time   | 
     |------------------------------+---------------+-------+-------+---------+----------| 
     | picorv32_core_reg_op2_reg[3] | CK ^          |       |       |  -0.002 |    3.137 | 
     | picorv32_core_reg_op2_reg[3] | CK ^ -> QN ^  | DFFX1 | 0.062 |   0.061 |    3.199 | 
     | picorv32_core_g197736        | A ^ -> Y v    | INVX2 | 0.080 |   0.141 |    3.279 | 
     | FE_OFC788_pcpi_rs2_3         | A v -> Y ^    | INVX1 | 0.051 |   0.191 |    3.330 | 
     | FE_OFC702_pcpi_rs2_3         | A ^ -> Y v    | INVX8 | 0.137 |   0.328 |    3.466 | 
     |                              | pcpi_rs2[3] v |       | 0.014 |   0.342 |    3.480 | 
     +-----------------------------------------------------------------------------------+ 
Path 30: MET Late External Delay Assertion 
Endpoint:   pcpi_rs1[7]                    (^) checked with  leading edge of 
'clk'
Beginpoint: picorv32_core_reg_op1_reg[7]/Q (^) triggered by  leading edge of 
'clk'
Path Groups: {reg2out}
Analysis View: analysis1
Other End Arrival Time          0.000
- External Delay                0.500
+ Phase Shift                   4.000
- Uncertainty                   0.020
= Required Time                 3.480
- Arrival Time                  0.341
= Slack Time                    3.139
     Clock Rise Edge                 0.000
     + Clock Network Latency (Prop)  -0.002
     = Beginpoint Arrival Time       -0.002
     +------------------------------------------------------------------------------------+ 
     |           Instance           |      Arc      |  Cell  | Delay | Arrival | Required | 
     |                              |               |        |       |  Time   |   Time   | 
     |------------------------------+---------------+--------+-------+---------+----------| 
     | picorv32_core_reg_op1_reg[7] | CK ^          |        |       |  -0.002 |    3.138 | 
     | picorv32_core_reg_op1_reg[7] | CK ^ -> Q ^   | DFFQXL | 0.141 |   0.140 |    3.279 | 
     | FE_RC_10_0                   | A ^ -> Y v    | INVX1  | 0.058 |   0.198 |    3.337 | 
     | FE_OFC670_pcpi_rs1_7         | A v -> Y ^    | INVX8  | 0.129 |   0.327 |    3.467 | 
     |                              | pcpi_rs1[7] ^ |        | 0.013 |   0.341 |    3.480 | 
     +------------------------------------------------------------------------------------+ 
Path 31: MET Late External Delay Assertion 
Endpoint:   pcpi_rs1[28]                    (^) checked with  leading edge of 
'clk'
Beginpoint: picorv32_core_reg_op1_reg[28]/Q (^) triggered by  leading edge of 
'clk'
Path Groups: {reg2out}
Analysis View: analysis1
Other End Arrival Time          0.000
- External Delay                0.500
+ Phase Shift                   4.000
- Uncertainty                   0.020
= Required Time                 3.480
- Arrival Time                  0.338
= Slack Time                    3.142
     Clock Rise Edge                 0.000
     + Clock Network Latency (Prop)  -0.001
     = Beginpoint Arrival Time       -0.001
     +--------------------------------------------------------------------------------------+ 
     |           Instance            |      Arc       |  Cell  | Delay | Arrival | Required | 
     |                               |                |        |       |  Time   |   Time   | 
     |-------------------------------+----------------+--------+-------+---------+----------| 
     | picorv32_core_reg_op1_reg[28] | CK ^           |        |       |  -0.001 |    3.141 | 
     | picorv32_core_reg_op1_reg[28] | CK ^ -> Q ^    | DFFQXL | 0.133 |   0.132 |    3.274 | 
     | FE_OFC834_pcpi_rs1_28         | A ^ -> Y v     | INVX1  | 0.061 |   0.193 |    3.335 | 
     | FE_OFC639_pcpi_rs1_28         | A v -> Y ^     | INVX8  | 0.130 |   0.323 |    3.465 | 
     |                               | pcpi_rs1[28] ^ |        | 0.015 |   0.338 |    3.480 | 
     +--------------------------------------------------------------------------------------+ 
Path 32: MET Late External Delay Assertion 
Endpoint:   pcpi_rs1[14]                    (^) checked with  leading edge of 
'clk'
Beginpoint: picorv32_core_reg_op1_reg[14]/Q (^) triggered by  leading edge of 
'clk'
Path Groups: {reg2out}
Analysis View: analysis1
Other End Arrival Time          0.000
- External Delay                0.500
+ Phase Shift                   4.000
- Uncertainty                   0.020
= Required Time                 3.480
- Arrival Time                  0.336
= Slack Time                    3.144
     Clock Rise Edge                 0.000
     + Clock Network Latency (Prop)  -0.001
     = Beginpoint Arrival Time       -0.001
     +--------------------------------------------------------------------------------------+ 
     |           Instance            |      Arc       |  Cell  | Delay | Arrival | Required | 
     |                               |                |        |       |  Time   |   Time   | 
     |-------------------------------+----------------+--------+-------+---------+----------| 
     | picorv32_core_reg_op1_reg[14] | CK ^           |        |       |  -0.001 |    3.143 | 
     | picorv32_core_reg_op1_reg[14] | CK ^ -> Q ^    | DFFQXL | 0.134 |   0.132 |    3.276 | 
     | FE_OFC817_pcpi_rs1_14         | A ^ -> Y v     | INVX1  | 0.060 |   0.192 |    3.336 | 
     | FE_OFC662_pcpi_rs1_14         | A v -> Y ^     | INVX8  | 0.130 |   0.323 |    3.467 | 
     |                               | pcpi_rs1[14] ^ |        | 0.013 |   0.336 |    3.480 | 
     +--------------------------------------------------------------------------------------+ 
Path 33: MET Late External Delay Assertion 
Endpoint:   pcpi_rs1[30]                    (v) checked with  leading edge of 
'clk'
Beginpoint: picorv32_core_reg_op1_reg[30]/Q (v) triggered by  leading edge of 
'clk'
Path Groups: {reg2out}
Analysis View: analysis1
Other End Arrival Time          0.000
- External Delay                0.500
+ Phase Shift                   4.000
- Uncertainty                   0.020
= Required Time                 3.480
- Arrival Time                  0.334
= Slack Time                    3.146
     Clock Rise Edge                 0.000
     + Clock Network Latency (Prop)  -0.001
     = Beginpoint Arrival Time       -0.001
     +--------------------------------------------------------------------------------------+ 
     |           Instance            |      Arc       |  Cell  | Delay | Arrival | Required | 
     |                               |                |        |       |  Time   |   Time   | 
     |-------------------------------+----------------+--------+-------+---------+----------| 
     | picorv32_core_reg_op1_reg[30] | CK ^           |        |       |  -0.001 |    3.144 | 
     | picorv32_core_reg_op1_reg[30] | CK ^ -> Q v    | DFFQXL | 0.111 |   0.109 |    3.255 | 
     | FE_OFC250_pcpi_rs1_30         | A v -> Y ^     | INVXL  | 0.065 |   0.174 |    3.320 | 
     | FE_OFC251_pcpi_rs1_30         | A ^ -> Y v     | INVX8  | 0.136 |   0.310 |    3.455 | 
     |                               | pcpi_rs1[30] v |        | 0.025 |   0.334 |    3.480 | 
     +--------------------------------------------------------------------------------------+ 
Path 34: MET Late External Delay Assertion 
Endpoint:   pcpi_rs1[29]                    (^) checked with  leading edge of 
'clk'
Beginpoint: picorv32_core_reg_op1_reg[29]/Q (^) triggered by  leading edge of 
'clk'
Path Groups: {reg2out}
Analysis View: analysis1
Other End Arrival Time          0.000
- External Delay                0.500
+ Phase Shift                   4.000
- Uncertainty                   0.020
= Required Time                 3.480
- Arrival Time                  0.334
= Slack Time                    3.146
     Clock Rise Edge                 0.000
     + Clock Network Latency (Prop)  -0.001
     = Beginpoint Arrival Time       -0.001
     +--------------------------------------------------------------------------------------+ 
     |           Instance            |      Arc       |  Cell  | Delay | Arrival | Required | 
     |                               |                |        |       |  Time   |   Time   | 
     |-------------------------------+----------------+--------+-------+---------+----------| 
     | picorv32_core_reg_op1_reg[29] | CK ^           |        |       |  -0.001 |    3.145 | 
     | picorv32_core_reg_op1_reg[29] | CK ^ -> Q ^    | DFFQXL | 0.132 |   0.130 |    3.276 | 
     | FE_OFC254_pcpi_rs1_29         | A ^ -> Y v     | INVX1  | 0.059 |   0.189 |    3.335 | 
     | FE_OFC255_pcpi_rs1_29         | A v -> Y ^     | INVX8  | 0.127 |   0.317 |    3.463 | 
     |                               | pcpi_rs1[29] ^ |        | 0.017 |   0.334 |    3.480 | 
     +--------------------------------------------------------------------------------------+ 
Path 35: MET Late External Delay Assertion 
Endpoint:   pcpi_rs2[27]                    (v) checked with  leading edge of 
'clk'
Beginpoint: picorv32_core_reg_op2_reg[27]/Q (v) triggered by  leading edge of 
'clk'
Path Groups: {reg2out}
Analysis View: analysis1
Other End Arrival Time          0.000
- External Delay                0.500
+ Phase Shift                   4.000
- Uncertainty                   0.020
= Required Time                 3.480
- Arrival Time                  0.333
= Slack Time                    3.147
     Clock Rise Edge                 0.000
     + Clock Network Latency (Prop)  0.003
     = Beginpoint Arrival Time       0.003
     +--------------------------------------------------------------------------------------+ 
     |           Instance            |      Arc       |  Cell  | Delay | Arrival | Required | 
     |                               |                |        |       |  Time   |   Time   | 
     |-------------------------------+----------------+--------+-------+---------+----------| 
     | picorv32_core_reg_op2_reg[27] | CK ^           |        |       |   0.003 |    3.150 | 
     | picorv32_core_reg_op2_reg[27] | CK ^ -> Q v    | DFFQXL | 0.043 |   0.046 |    3.194 | 
     | FE_OFC835_pcpi_rs2_27         | A v -> Y ^     | INVX1  | 0.016 |   0.062 |    3.210 | 
     | FE_OFC836_pcpi_rs2_27         | A ^ -> Y v     | INVX1  | 0.073 |   0.136 |    3.283 | 
     | FE_OFC837_pcpi_rs2_27         | A v -> Y ^     | INVX1  | 0.047 |   0.182 |    3.330 | 
     | FE_OFC681_pcpi_rs2_27         | A ^ -> Y v     | INVX8  | 0.136 |   0.318 |    3.466 | 
     |                               | pcpi_rs2[27] v |        | 0.014 |   0.333 |    3.480 | 
     +--------------------------------------------------------------------------------------+ 
Path 36: MET Late External Delay Assertion 
Endpoint:   pcpi_rs1[23]                    (v) checked with  leading edge of 
'clk'
Beginpoint: picorv32_core_reg_op1_reg[23]/Q (v) triggered by  leading edge of 
'clk'
Path Groups: {reg2out}
Analysis View: analysis1
Other End Arrival Time          0.000
- External Delay                0.500
+ Phase Shift                   4.000
- Uncertainty                   0.020
= Required Time                 3.480
- Arrival Time                  0.330
= Slack Time                    3.150
     Clock Rise Edge                 0.000
     + Clock Network Latency (Prop)  -0.003
     = Beginpoint Arrival Time       -0.003
     +--------------------------------------------------------------------------------------+ 
     |           Instance            |      Arc       |  Cell  | Delay | Arrival | Required | 
     |                               |                |        |       |  Time   |   Time   | 
     |-------------------------------+----------------+--------+-------+---------+----------| 
     | picorv32_core_reg_op1_reg[23] | CK ^           |        |       |  -0.003 |    3.146 | 
     | picorv32_core_reg_op1_reg[23] | CK ^ -> Q v    | DFFQXL | 0.108 |   0.105 |    3.255 | 
     | FE_OFC271_pcpi_rs1_23         | A v -> Y ^     | INVXL  | 0.067 |   0.172 |    3.322 | 
     | FE_OFC646_pcpi_rs1_23         | A ^ -> Y v     | INVX8  | 0.142 |   0.315 |    3.464 | 
     |                               | pcpi_rs1[23] v |        | 0.016 |   0.330 |    3.480 | 
     +--------------------------------------------------------------------------------------+ 
Path 37: MET Late External Delay Assertion 
Endpoint:   pcpi_rs1[11]                    (^) checked with  leading edge of 
'clk'
Beginpoint: picorv32_core_reg_op1_reg[11]/Q (^) triggered by  leading edge of 
'clk'
Path Groups: {reg2out}
Analysis View: analysis1
Other End Arrival Time          0.000
- External Delay                0.500
+ Phase Shift                   4.000
- Uncertainty                   0.020
= Required Time                 3.480
- Arrival Time                  0.329
= Slack Time                    3.151
     Clock Rise Edge                 0.000
     + Clock Network Latency (Prop)  -0.001
     = Beginpoint Arrival Time       -0.001
     +--------------------------------------------------------------------------------------+ 
     |           Instance            |      Arc       |  Cell  | Delay | Arrival | Required | 
     |                               |                |        |       |  Time   |   Time   | 
     |-------------------------------+----------------+--------+-------+---------+----------| 
     | picorv32_core_reg_op1_reg[11] | CK ^           |        |       |  -0.001 |    3.149 | 
     | picorv32_core_reg_op1_reg[11] | CK ^ -> Q ^    | DFFQXL | 0.128 |   0.127 |    3.278 | 
     | FE_OFC306_pcpi_rs1_11         | A ^ -> Y v     | INVX1  | 0.058 |   0.185 |    3.336 | 
     | FE_OFC307_pcpi_rs1_11         | A v -> Y ^     | INVX8  | 0.126 |   0.311 |    3.461 | 
     |                               | pcpi_rs1[11] ^ |        | 0.019 |   0.329 |    3.480 | 
     +--------------------------------------------------------------------------------------+ 
Path 38: MET Late External Delay Assertion 
Endpoint:   pcpi_rs1[2]                    (v) checked with  leading edge of 
'clk'
Beginpoint: picorv32_core_reg_op1_reg[2]/Q (v) triggered by  leading edge of 
'clk'
Path Groups: {reg2out}
Analysis View: analysis1
Other End Arrival Time          0.000
- External Delay                0.500
+ Phase Shift                   4.000
- Uncertainty                   0.020
= Required Time                 3.480
- Arrival Time                  0.329
= Slack Time                    3.151
     Clock Rise Edge                 0.000
     + Clock Network Latency (Prop)  -0.001
     = Beginpoint Arrival Time       -0.001
     +------------------------------------------------------------------------------------+ 
     |           Instance           |      Arc      |  Cell  | Delay | Arrival | Required | 
     |                              |               |        |       |  Time   |   Time   | 
     |------------------------------+---------------+--------+-------+---------+----------| 
     | picorv32_core_reg_op1_reg[2] | CK ^          |        |       |  -0.001 |    3.150 | 
     | picorv32_core_reg_op1_reg[2] | CK ^ -> Q v   | DFFQXL | 0.046 |   0.044 |    3.195 | 
     | FE_OFC830_pcpi_rs1_2         | A v -> Y ^    | INVXL  | 0.029 |   0.073 |    3.224 | 
     | FE_OFC831_pcpi_rs1_2         | A ^ -> Y v    | INVX1  | 0.064 |   0.137 |    3.288 | 
     | FE_OFC832_pcpi_rs1_2         | A v -> Y ^    | INVX1  | 0.042 |   0.179 |    3.330 | 
     | FE_OFC335_pcpi_rs1_2         | A ^ -> Y v    | INVX8  | 0.136 |   0.316 |    3.467 | 
     |                              | pcpi_rs1[2] v |        | 0.014 |   0.329 |    3.480 | 
     +------------------------------------------------------------------------------------+ 
Path 39: MET Late External Delay Assertion 
Endpoint:   pcpi_rs1[17]                    (^) checked with  leading edge of 
'clk'
Beginpoint: picorv32_core_reg_op1_reg[17]/Q (^) triggered by  leading edge of 
'clk'
Path Groups: {reg2out}
Analysis View: analysis1
Other End Arrival Time          0.000
- External Delay                0.500
+ Phase Shift                   4.000
- Uncertainty                   0.020
= Required Time                 3.480
- Arrival Time                  0.329
= Slack Time                    3.151
     Clock Rise Edge                 0.000
     + Clock Network Latency (Prop)  -0.002
     = Beginpoint Arrival Time       -0.002
     +--------------------------------------------------------------------------------------+ 
     |           Instance            |      Arc       |  Cell  | Delay | Arrival | Required | 
     |                               |                |        |       |  Time   |   Time   | 
     |-------------------------------+----------------+--------+-------+---------+----------| 
     | picorv32_core_reg_op1_reg[17] | CK ^           |        |       |  -0.002 |    3.150 | 
     | picorv32_core_reg_op1_reg[17] | CK ^ -> Q ^    | DFFQXL | 0.132 |   0.130 |    3.282 | 
     | FE_OFC287_pcpi_rs1_17         | A ^ -> Y v     | INVX1  | 0.056 |   0.186 |    3.338 | 
     | FE_OFC656_pcpi_rs1_17         | A v -> Y ^     | INVX8  | 0.128 |   0.314 |    3.466 | 
     |                               | pcpi_rs1[17] ^ |        | 0.014 |   0.329 |    3.480 | 
     +--------------------------------------------------------------------------------------+ 
Path 40: MET Late External Delay Assertion 
Endpoint:   pcpi_rs1[25]                    (^) checked with  leading edge of 
'clk'
Beginpoint: picorv32_core_reg_op1_reg[25]/Q (^) triggered by  leading edge of 
'clk'
Path Groups: {reg2out}
Analysis View: analysis1
Other End Arrival Time          0.000
- External Delay                0.500
+ Phase Shift                   4.000
- Uncertainty                   0.020
= Required Time                 3.480
- Arrival Time                  0.329
= Slack Time                    3.151
     Clock Rise Edge                 0.000
     + Clock Network Latency (Prop)  -0.001
     = Beginpoint Arrival Time       -0.001
     +--------------------------------------------------------------------------------------+ 
     |           Instance            |      Arc       |  Cell  | Delay | Arrival | Required | 
     |                               |                |        |       |  Time   |   Time   | 
     |-------------------------------+----------------+--------+-------+---------+----------| 
     | picorv32_core_reg_op1_reg[25] | CK ^           |        |       |  -0.001 |    3.150 | 
     | picorv32_core_reg_op1_reg[25] | CK ^ -> Q ^    | DFFQXL | 0.132 |   0.131 |    3.282 | 
     | FE_OFC266_pcpi_rs1_25         | A ^ -> Y v     | INVX1  | 0.057 |   0.187 |    3.339 | 
     | FE_OFC267_pcpi_rs1_25         | A v -> Y ^     | INVX8  | 0.132 |   0.319 |    3.471 | 
     |                               | pcpi_rs1[25] ^ |        | 0.009 |   0.329 |    3.480 | 
     +--------------------------------------------------------------------------------------+ 
Path 41: MET Late External Delay Assertion 
Endpoint:   pcpi_rs1[18]                    (^) checked with  leading edge of 
'clk'
Beginpoint: picorv32_core_reg_op1_reg[18]/Q (^) triggered by  leading edge of 
'clk'
Path Groups: {reg2out}
Analysis View: analysis1
Other End Arrival Time          0.000
- External Delay                0.500
+ Phase Shift                   4.000
- Uncertainty                   0.020
= Required Time                 3.480
- Arrival Time                  0.328
= Slack Time                    3.152
     Clock Rise Edge                 0.000
     + Clock Network Latency (Prop)  -0.002
     = Beginpoint Arrival Time       -0.002
     +--------------------------------------------------------------------------------------+ 
     |           Instance            |      Arc       |  Cell  | Delay | Arrival | Required | 
     |                               |                |        |       |  Time   |   Time   | 
     |-------------------------------+----------------+--------+-------+---------+----------| 
     | picorv32_core_reg_op1_reg[18] | CK ^           |        |       |  -0.002 |    3.150 | 
     | picorv32_core_reg_op1_reg[18] | CK ^ -> Q ^    | DFFQXL | 0.130 |   0.128 |    3.280 | 
     | FE_OFC285_pcpi_rs1_18         | A ^ -> Y v     | INVX1  | 0.057 |   0.185 |    3.337 | 
     | FE_OFC654_pcpi_rs1_18         | A v -> Y ^     | INVX8  | 0.129 |   0.315 |    3.466 | 
     |                               | pcpi_rs1[18] ^ |        | 0.014 |   0.328 |    3.480 | 
     +--------------------------------------------------------------------------------------+ 
Path 42: MET Late External Delay Assertion 
Endpoint:   pcpi_rs2[9]                    (v) checked with  leading edge of 
'clk'
Beginpoint: picorv32_core_reg_op2_reg[9]/Q (v) triggered by  leading edge of 
'clk'
Path Groups: {reg2out}
Analysis View: analysis1
Other End Arrival Time          0.000
- External Delay                0.500
+ Phase Shift                   4.000
- Uncertainty                   0.020
= Required Time                 3.480
- Arrival Time                  0.326
= Slack Time                    3.154
     Clock Rise Edge                 0.000
     + Clock Network Latency (Prop)  -0.001
     = Beginpoint Arrival Time       -0.001
     +--------------------------------------------------------------------------------------+ 
     |           Instance           |      Arc      |   Cell   | Delay | Arrival | Required | 
     |                              |               |          |       |  Time   |   Time   | 
     |------------------------------+---------------+----------+-------+---------+----------| 
     | picorv32_core_reg_op2_reg[9] | CK ^          |          |       |  -0.001 |    3.152 | 
     | picorv32_core_reg_op2_reg[9] | CK ^ -> Q v   | DFFQXL   | 0.043 |   0.042 |    3.195 | 
     | FE_OFC409_pcpi_rs2_9         | A v -> Y ^    | INVXL    | 0.042 |   0.083 |    3.237 | 
     | FE_OFC411_pcpi_rs2_9         | A ^ -> Y v    | INVX1    | 0.076 |   0.159 |    3.312 | 
     | FE_OFC695_pcpi_rs2_9         | A v -> Y v    | CLKBUFX8 | 0.146 |   0.305 |    3.458 | 
     |                              | pcpi_rs2[9] v |          | 0.022 |   0.326 |    3.480 | 
     +--------------------------------------------------------------------------------------+ 
Path 43: MET Late External Delay Assertion 
Endpoint:   pcpi_rs1[4]                    (v) checked with  leading edge of 
'clk'
Beginpoint: picorv32_core_reg_op1_reg[4]/Q (v) triggered by  leading edge of 
'clk'
Path Groups: {reg2out}
Analysis View: analysis1
Other End Arrival Time          0.000
- External Delay                0.500
+ Phase Shift                   4.000
- Uncertainty                   0.020
= Required Time                 3.480
- Arrival Time                  0.325
= Slack Time                    3.155
     Clock Rise Edge                 0.000
     + Clock Network Latency (Prop)  -0.002
     = Beginpoint Arrival Time       -0.002
     +------------------------------------------------------------------------------------+ 
     |           Instance           |      Arc      |  Cell  | Delay | Arrival | Required | 
     |                              |               |        |       |  Time   |   Time   | 
     |------------------------------+---------------+--------+-------+---------+----------| 
     | picorv32_core_reg_op1_reg[4] | CK ^          |        |       |  -0.002 |    3.153 | 
     | picorv32_core_reg_op1_reg[4] | CK ^ -> Q v   | DFFQXL | 0.047 |   0.046 |    3.201 | 
     | FE_OFC841_pcpi_rs1_4         | A v -> Y ^    | INVXL  | 0.024 |   0.069 |    3.224 | 
     | FE_OFC842_pcpi_rs1_4         | A ^ -> Y v    | INVX1  | 0.062 |   0.131 |    3.286 | 
     | FE_OFC843_pcpi_rs1_4         | A v -> Y ^    | INVX1  | 0.043 |   0.175 |    3.330 | 
     | FE_OFC329_pcpi_rs1_4         | A ^ -> Y v    | INVX8  | 0.137 |   0.312 |    3.467 | 
     |                              | pcpi_rs1[4] v |        | 0.014 |   0.325 |    3.480 | 
     +------------------------------------------------------------------------------------+ 
Path 44: MET Late External Delay Assertion 
Endpoint:   pcpi_rs1[27]                    (^) checked with  leading edge of 
'clk'
Beginpoint: picorv32_core_reg_op1_reg[27]/Q (^) triggered by  leading edge of 
'clk'
Path Groups: {reg2out}
Analysis View: analysis1
Other End Arrival Time          0.000
- External Delay                0.500
+ Phase Shift                   4.000
- Uncertainty                   0.020
= Required Time                 3.480
- Arrival Time                  0.323
= Slack Time                    3.157
     Clock Rise Edge                 0.000
     + Clock Network Latency (Prop)  -0.001
     = Beginpoint Arrival Time       -0.001
     +--------------------------------------------------------------------------------------+ 
     |           Instance            |      Arc       |  Cell  | Delay | Arrival | Required | 
     |                               |                |        |       |  Time   |   Time   | 
     |-------------------------------+----------------+--------+-------+---------+----------| 
     | picorv32_core_reg_op1_reg[27] | CK ^           |        |       |  -0.001 |    3.155 | 
     | picorv32_core_reg_op1_reg[27] | CK ^ -> Q ^    | DFFQXL | 0.128 |   0.127 |    3.283 | 
     | FE_OFC640_pcpi_rs1_27         | A ^ -> Y v     | INVX1  | 0.054 |   0.181 |    3.337 | 
     | FE_OFC641_pcpi_rs1_27         | A v -> Y ^     | INVX8  | 0.125 |   0.306 |    3.462 | 
     |                               | pcpi_rs1[27] ^ |        | 0.018 |   0.323 |    3.480 | 
     +--------------------------------------------------------------------------------------+ 
Path 45: MET Late External Delay Assertion 
Endpoint:   pcpi_rs1[19]                    (^) checked with  leading edge of 
'clk'
Beginpoint: picorv32_core_reg_op1_reg[19]/Q (^) triggered by  leading edge of 
'clk'
Path Groups: {reg2out}
Analysis View: analysis1
Other End Arrival Time          0.000
- External Delay                0.500
+ Phase Shift                   4.000
- Uncertainty                   0.020
= Required Time                 3.480
- Arrival Time                  0.321
= Slack Time                    3.159
     Clock Rise Edge                 0.000
     + Clock Network Latency (Prop)  -0.002
     = Beginpoint Arrival Time       -0.002
     +--------------------------------------------------------------------------------------+ 
     |           Instance            |      Arc       |  Cell  | Delay | Arrival | Required | 
     |                               |                |        |       |  Time   |   Time   | 
     |-------------------------------+----------------+--------+-------+---------+----------| 
     | picorv32_core_reg_op1_reg[19] | CK ^           |        |       |  -0.002 |    3.157 | 
     | picorv32_core_reg_op1_reg[19] | CK ^ -> Q ^    | DFFQXL | 0.126 |   0.124 |    3.283 | 
     | FE_OFC283_pcpi_rs1_19         | A ^ -> Y v     | INVX1  | 0.055 |   0.179 |    3.338 | 
     | FE_OFC284_pcpi_rs1_19         | A v -> Y ^     | INVX8  | 0.129 |   0.308 |    3.466 | 
     |                               | pcpi_rs1[19] ^ |        | 0.014 |   0.321 |    3.480 | 
     +--------------------------------------------------------------------------------------+ 
Path 46: MET Late External Delay Assertion 
Endpoint:   pcpi_rs1[31]                    (v) checked with  leading edge of 
'clk'
Beginpoint: picorv32_core_reg_op1_reg[31]/Q (v) triggered by  leading edge of 
'clk'
Path Groups: {reg2out}
Analysis View: analysis1
Other End Arrival Time          0.000
- External Delay                0.500
+ Phase Shift                   4.000
- Uncertainty                   0.020
= Required Time                 3.480
- Arrival Time                  0.321
= Slack Time                    3.159
     Clock Rise Edge                 0.000
     + Clock Network Latency (Prop)  -0.001
     = Beginpoint Arrival Time       -0.001
     +--------------------------------------------------------------------------------------+ 
     |           Instance            |      Arc       |  Cell  | Delay | Arrival | Required | 
     |                               |                |        |       |  Time   |   Time   | 
     |-------------------------------+----------------+--------+-------+---------+----------| 
     | picorv32_core_reg_op1_reg[31] | CK ^           |        |       |  -0.001 |    3.158 | 
     | picorv32_core_reg_op1_reg[31] | CK ^ -> Q v    | DFFQXL | 0.043 |   0.041 |    3.200 | 
     | FE_OFC824_pcpi_rs1_31         | A v -> Y ^     | INVX1  | 0.027 |   0.068 |    3.227 | 
     | FE_OFC825_pcpi_rs1_31         | A ^ -> Y v     | INVX1  | 0.066 |   0.134 |    3.293 | 
     | FE_OFC826_pcpi_rs1_31         | A v -> Y ^     | INVX1  | 0.038 |   0.172 |    3.332 | 
     | FE_OFC637_pcpi_rs1_31         | A ^ -> Y v     | INVX8  | 0.134 |   0.306 |    3.465 | 
     |                               | pcpi_rs1[31] v |        | 0.015 |   0.321 |    3.480 | 
     +--------------------------------------------------------------------------------------+ 
Path 47: MET Late External Delay Assertion 
Endpoint:   pcpi_rs1[10]                    (v) checked with  leading edge of 
'clk'
Beginpoint: picorv32_core_reg_op1_reg[10]/Q (v) triggered by  leading edge of 
'clk'
Path Groups: {reg2out}
Analysis View: analysis1
Other End Arrival Time          0.000
- External Delay                0.500
+ Phase Shift                   4.000
- Uncertainty                   0.020
= Required Time                 3.480
- Arrival Time                  0.317
= Slack Time                    3.163
     Clock Rise Edge                 0.000
     + Clock Network Latency (Prop)  -0.001
     = Beginpoint Arrival Time       -0.001
     +--------------------------------------------------------------------------------------+ 
     |           Instance            |      Arc       |  Cell  | Delay | Arrival | Required | 
     |                               |                |        |       |  Time   |   Time   | 
     |-------------------------------+----------------+--------+-------+---------+----------| 
     | picorv32_core_reg_op1_reg[10] | CK ^           |        |       |  -0.001 |    3.161 | 
     | picorv32_core_reg_op1_reg[10] | CK ^ -> Q v    | DFFQXL | 0.045 |   0.043 |    3.206 | 
     | FE_OFC827_pcpi_rs1_10         | A v -> Y ^     | INVXL  | 0.025 |   0.069 |    3.231 | 
     | FE_OFC828_pcpi_rs1_10         | A ^ -> Y v     | INVX1  | 0.060 |   0.129 |    3.292 | 
     | FE_OFC829_pcpi_rs1_10         | A v -> Y ^     | INVX1  | 0.041 |   0.170 |    3.332 | 
     | FE_OFC668_pcpi_rs1_10         | A ^ -> Y v     | INVX8  | 0.138 |   0.308 |    3.470 | 
     |                               | pcpi_rs1[10] v |        | 0.009 |   0.317 |    3.480 | 
     +--------------------------------------------------------------------------------------+ 
Path 48: MET Late External Delay Assertion 
Endpoint:   pcpi_rs1[12]                    (v) checked with  leading edge of 
'clk'
Beginpoint: picorv32_core_reg_op1_reg[12]/Q (v) triggered by  leading edge of 
'clk'
Path Groups: {reg2out}
Analysis View: analysis1
Other End Arrival Time          0.000
- External Delay                0.500
+ Phase Shift                   4.000
- Uncertainty                   0.020
= Required Time                 3.480
- Arrival Time                  0.314
= Slack Time                    3.166
     Clock Rise Edge                 0.000
     + Clock Network Latency (Prop)  -0.001
     = Beginpoint Arrival Time       -0.001
     +--------------------------------------------------------------------------------------+ 
     |           Instance            |      Arc       |  Cell  | Delay | Arrival | Required | 
     |                               |                |        |       |  Time   |   Time   | 
     |-------------------------------+----------------+--------+-------+---------+----------| 
     | picorv32_core_reg_op1_reg[12] | CK ^           |        |       |  -0.001 |    3.165 | 
     | picorv32_core_reg_op1_reg[12] | CK ^ -> Q v    | DFFQXL | 0.045 |   0.044 |    3.210 | 
     | FE_OFC821_pcpi_rs1_12         | A v -> Y ^     | INVXL  | 0.020 |   0.064 |    3.230 | 
     | FE_OFC822_pcpi_rs1_12         | A ^ -> Y v     | INVX1  | 0.061 |   0.125 |    3.291 | 
     | FE_OFC823_pcpi_rs1_12         | A v -> Y ^     | INVX1  | 0.040 |   0.165 |    3.331 | 
     | FE_OFC666_pcpi_rs1_12         | A ^ -> Y v     | INVX8  | 0.135 |   0.300 |    3.466 | 
     |                               | pcpi_rs1[12] v |        | 0.014 |   0.314 |    3.480 | 
     +--------------------------------------------------------------------------------------+ 
Path 49: MET Late External Delay Assertion 
Endpoint:   pcpi_rs1[8]                    (v) checked with  leading edge of 
'clk'
Beginpoint: picorv32_core_reg_op1_reg[8]/Q (v) triggered by  leading edge of 
'clk'
Path Groups: {reg2out}
Analysis View: analysis1
Other End Arrival Time          0.000
- External Delay                0.500
+ Phase Shift                   4.000
- Uncertainty                   0.020
= Required Time                 3.480
- Arrival Time                  0.313
= Slack Time                    3.167
     Clock Rise Edge                 0.000
     + Clock Network Latency (Prop)  -0.001
     = Beginpoint Arrival Time       -0.001
     +------------------------------------------------------------------------------------+ 
     |           Instance           |      Arc      |  Cell  | Delay | Arrival | Required | 
     |                              |               |        |       |  Time   |   Time   | 
     |------------------------------+---------------+--------+-------+---------+----------| 
     | picorv32_core_reg_op1_reg[8] | CK ^          |        |       |  -0.001 |    3.166 | 
     | picorv32_core_reg_op1_reg[8] | CK ^ -> Q v   | DFFQXL | 0.045 |   0.044 |    3.211 | 
     | FE_OFC838_pcpi_rs1_8         | A v -> Y ^    | INVXL  | 0.019 |   0.063 |    3.230 | 
     | FE_OFC839_pcpi_rs1_8         | A ^ -> Y v    | INVX1  | 0.059 |   0.123 |    3.289 | 
     | FE_OFC840_pcpi_rs1_8         | A v -> Y ^    | INVX1  | 0.041 |   0.164 |    3.331 | 
     | FE_OFC317_pcpi_rs1_8         | A ^ -> Y v    | INVX8  | 0.136 |   0.300 |    3.467 | 
     |                              | pcpi_rs1[8] v |        | 0.013 |   0.313 |    3.480 | 
     +------------------------------------------------------------------------------------+ 
Path 50: MET Late External Delay Assertion 
Endpoint:   pcpi_rs1[21]                    (^) checked with  leading edge of 
'clk'
Beginpoint: picorv32_core_reg_op1_reg[21]/Q (^) triggered by  leading edge of 
'clk'
Path Groups: {reg2out}
Analysis View: analysis1
Other End Arrival Time          0.000
- External Delay                0.500
+ Phase Shift                   4.000
- Uncertainty                   0.020
= Required Time                 3.480
- Arrival Time                  0.310
= Slack Time                    3.170
     Clock Rise Edge                 0.000
     + Clock Network Latency (Prop)  -0.002
     = Beginpoint Arrival Time       -0.002
     +--------------------------------------------------------------------------------------+ 
     |           Instance            |      Arc       |  Cell  | Delay | Arrival | Required | 
     |                               |                |        |       |  Time   |   Time   | 
     |-------------------------------+----------------+--------+-------+---------+----------| 
     | picorv32_core_reg_op1_reg[21] | CK ^           |        |       |  -0.002 |    3.168 | 
     | picorv32_core_reg_op1_reg[21] | CK ^ -> Q ^    | DFFQXL | 0.117 |   0.115 |    3.286 | 
     | FE_OFC277_pcpi_rs1_21         | A ^ -> Y v     | INVX1  | 0.052 |   0.168 |    3.338 | 
     | FE_OFC650_pcpi_rs1_21         | A v -> Y ^     | INVX8  | 0.128 |   0.296 |    3.466 | 
     |                               | pcpi_rs1[21] ^ |        | 0.014 |   0.310 |    3.480 | 
     +--------------------------------------------------------------------------------------+ 

