-------------------------------------------------------------------------------
Name     : Shielded net name
Length   : Shielded net length
Shield   : Total length of shielding wire
Ratio    : Average shielding ratio
-------------------------------------------------------------------------------
Name          Length    Shield    Ratio   
                                         Layer:      Length     Shield  Ratio
-------------------------------------------------------------------------------
CTS_16:   preferred: Metal6 - Metal7
               343.3     576.0    0.839
                                         Metal2:      105.2      135.5  0.644
                                         Metal3:      111.0      201.8  0.909
                                         Metal4:       18.6       31.8  0.855
                                         Metal5:       24.0       39.3  0.819
                                         Metal6:       64.0      126.7  0.989
                                         Metal7:       20.4       40.8  1.000
CTS_22:   preferred: Metal6 - Metal7
               345.9     602.0    0.870
                                         Metal2:      104.0      143.9  0.692
                                         Metal3:      125.8      233.5  0.928
                                         Metal4:        9.5       15.1  0.795
                                         Metal5:       12.4       21.3  0.857
                                         Metal6:       64.8      129.3  0.998
                                         Metal7:       29.4       58.8  1.000
CTS_19:   preferred: Metal6 - Metal7
               352.1     621.6    0.883
                                         Metal2:       89.8      125.3  0.698
                                         Metal3:      122.0      222.0  0.910
                                         Metal4:       31.0       58.4  0.943
                                         Metal5:       16.0       30.8  0.964
                                         Metal6:       62.0      123.4  0.996
                                         Metal7:       31.4       61.7  0.982
CTS_17:   preferred: Metal6 - Metal7
               358.1     634.4    0.886
                                         Metal2:      117.4      165.4  0.705
                                         Metal3:       99.2      188.7  0.951
                                         Metal4:       11.0       20.8  0.942
                                         Metal5:       11.8       23.2  0.983
                                         Metal6:       82.5      163.8  0.993
                                         Metal7:       36.2       72.4  1.000
CTS_14:   preferred: Metal6 - Metal7
               351.7     623.7    0.887
                                         Metal2:      108.6      154.9  0.713
                                         Metal3:      112.0      207.9  0.928
                                         Metal4:       15.6       31.2  1.000
                                         Metal5:       21.0       41.6  0.991
                                         Metal6:       63.1      125.3  0.993
                                         Metal7:       31.4       62.8  1.000
CTS_7:   preferred: Metal6 - Metal7
               415.8     745.0    0.896
                                         Metal2:       84.2      108.3  0.643
                                         Metal3:      115.6      212.0  0.917
                                         Metal4:       41.4       76.8  0.927
                                         Metal5:       12.6       25.0  0.992
                                         Metal6:       73.3      145.6  0.993
                                         Metal7:       88.6      177.2  1.000
CTS_4:   preferred: Metal6 - Metal7
               341.5     613.6    0.898
                                         Metal2:      113.0      165.3  0.731
                                         Metal3:      105.0      202.3  0.964
                                         Metal4:       15.4       30.4  0.989
                                         Metal5:        7.4       14.4  0.973
                                         Metal6:       50.2       99.9  0.996
                                         Metal7:       50.6      101.2  1.000
CTS_1:   preferred: Metal6 - Metal7
               370.1     666.2    0.900
                                         Metal2:      106.1      147.3  0.694
                                         Metal3:       98.2      189.3  0.964
                                         Metal4:       36.3       71.9  0.991
                                         Metal5:       23.2       45.5  0.982
                                         Metal6:       58.1      115.7  0.995
                                         Metal7:       48.2       96.4  1.000
CTS_20:   preferred: Metal6 - Metal7
               347.0     628.3    0.905
                                         Metal2:      107.8      166.4  0.771
                                         Metal3:       89.2      171.5  0.961
                                         Metal4:        9.5       13.4  0.705
                                         Metal5:       20.4       40.4  0.990
                                         Metal6:       68.4      136.6  0.999
                                         Metal7:       51.6      100.0  0.969
CTS_15:   preferred: Metal6 - Metal7
               381.1     692.5    0.909
                                         Metal2:      108.8      170.2  0.782
                                         Metal3:       93.0      169.9  0.913
                                         Metal4:       18.6       34.0  0.912
                                         Metal5:        9.0       17.6  0.978
                                         Metal6:       87.0      172.0  0.988
                                         Metal7:       64.6      128.9  0.998
CTS_6:   preferred: Metal6 - Metal7
               367.3     670.9    0.913
                                         Metal2:       96.1      146.8  0.764
                                         Metal3:      106.5      200.7  0.942
                                         Metal4:       27.9       51.6  0.925
                                         Metal5:        8.8       17.0  0.966
                                         Metal6:       64.6      127.9  0.989
                                         Metal7:       63.4      126.8  1.000
CTS_18:   preferred: Metal6 - Metal7
               352.2     643.2    0.913
                                         Metal2:       92.7      138.2  0.745
                                         Metal3:       94.4      182.4  0.966
                                         Metal4:       19.6       33.9  0.865
                                         Metal5:       18.2       34.0  0.936
                                         Metal6:       84.9      169.9  1.000
                                         Metal7:       42.4       84.8  1.000
CTS_8:   preferred: Metal6 - Metal7
               340.9     623.0    0.914
                                         Metal2:      101.0      158.8  0.786
                                         Metal3:       94.2      173.3  0.920
                                         Metal4:       22.2       44.3  0.996
                                         Metal5:        8.4       16.8  1.000
                                         Metal6:       59.1      117.9  0.997
                                         Metal7:       56.0      112.0  1.000
CTS_12:   preferred: Metal6 - Metal7
               404.8     739.9    0.914
                                         Metal2:       67.2       82.9  0.617
                                         Metal3:      117.6      220.1  0.936
                                         Metal4:       13.7       26.0  0.949
                                         Metal5:       11.6       22.3  0.960
                                         Metal6:      111.9      223.0  0.996
                                         Metal7:       82.8      165.6  1.000
CTS_25:   preferred: Metal6 - Metal7
               385.3     704.5    0.914
                                         Metal2:       99.5      144.0  0.724
                                         Metal3:      100.6      192.5  0.956
                                         Metal4:       34.6       68.4  0.988
                                         Metal5:       31.0       61.5  0.993
                                         Metal6:       77.3      153.9  0.995
                                         Metal7:       42.2       84.1  0.997
CTS_21:   preferred: Metal6 - Metal7
               352.0     644.8    0.916
                                         Metal2:       95.5      143.7  0.752
                                         Metal3:       98.6      186.6  0.946
                                         Metal4:       19.4       37.9  0.976
                                         Metal5:       17.2       34.2  0.995
                                         Metal6:       67.5      134.9  1.000
                                         Metal7:       53.8      107.6  1.000
CTS_24:   preferred: Metal6 - Metal7
               399.1     732.7    0.918
                                         Metal2:       79.1      109.9  0.695
                                         Metal3:      101.0      194.7  0.964
                                         Metal4:       23.2       43.0  0.928
                                         Metal5:        7.4       14.6  0.986
                                         Metal6:       96.6      187.3  0.970
                                         Metal7:       91.8      183.1  0.998
CTS_13:   preferred: Metal6 - Metal7
               351.4     646.2    0.919
                                         Metal2:       67.7       93.7  0.692
                                         Metal3:      116.4      222.2  0.955
                                         Metal4:       18.6       35.7  0.959
                                         Metal5:       15.4       30.6  0.994
                                         Metal6:       79.0      155.6  0.984
                                         Metal7:       54.2      108.4  1.000
CTS_5:   preferred: Metal6 - Metal7
               373.1     686.8    0.920
                                         Metal2:       78.5      115.1  0.733
                                         Metal3:       89.6      162.5  0.907
                                         Metal4:       32.7       64.4  0.986
                                         Metal5:       14.8       29.6  1.000
                                         Metal6:       84.2      168.3  1.000
                                         Metal7:       73.4      146.8  1.000
CTS_10:   preferred: Metal6 - Metal7
               395.9     728.8    0.921
                                         Metal2:      104.2      162.4  0.779
                                         Metal3:      111.3      213.0  0.957
                                         Metal4:       26.1       46.5  0.892
                                         Metal5:       18.8       36.0  0.960
                                         Metal6:       62.1      124.1  0.998
                                         Metal7:       73.4      146.8  1.000
CTS_9:   preferred: Metal6 - Metal7
               374.1     693.9    0.928
                                         Metal2:       87.9      131.7  0.750
                                         Metal3:      114.2      222.6  0.975
                                         Metal4:       45.2       86.4  0.955
                                         Metal5:       12.8       25.4  0.992
                                         Metal6:       65.2      130.2  0.999
                                         Metal7:       48.8       97.6  1.000
CTS_3:   preferred: Metal6 - Metal7
               381.4     711.6    0.933
                                         Metal2:       83.5      127.9  0.766
                                         Metal3:      121.8      233.5  0.959
                                         Metal4:       18.6       36.6  0.982
                                         Metal5:       14.2       28.1  0.989
                                         Metal6:       81.3      161.5  0.993
                                         Metal7:       62.0      124.0  1.000
CTS_11:   preferred: Metal6 - Metal7
               413.4     772.9    0.935
                                         Metal2:       93.8      152.5  0.813
                                         Metal3:      129.2      248.6  0.962
                                         Metal4:       32.7       60.8  0.929
                                         Metal5:       35.8       71.1  0.994
                                         Metal6:       82.9      161.9  0.977
                                         Metal7:       39.0       78.0  1.000
CTS_2:   preferred: Metal6 - Metal7
               388.6     732.8    0.943
                                         Metal2:      100.3      161.9  0.807
                                         Metal3:      110.4      216.5  0.981
                                         Metal4:       22.0       43.0  0.975
                                         Metal5:       12.2       24.4  1.000
                                         Metal6:       84.7      169.0  0.997
                                         Metal7:       59.0      118.0  1.000
wb_clk_i:   preferred: Metal6 - Metal7
               681.4    1337.2    0.981
                                         Metal2:        3.2        3.2  0.503
                                         Metal3:        8.4       13.5  0.801
                                         Metal4:        5.3        9.7  0.907
                                         Metal5:       19.6       37.9  0.967
                                         Metal6:      446.9      882.0  0.987
                                         Metal7:      198.0      390.9  0.987
-------------------------------------------------------------------------------

 Average ratio:                   0.913
                                         Metal2:         91.8      134.2  0.731
                                         Metal3:        103.4      195.3  0.944
                                         Metal4:         22.8       42.9  0.942
                                         Metal5:         16.2       31.3  0.969
                                         Metal6:         88.9      176.2  0.992
                                         Metal7:         59.7      119.0  0.996


