
Power Net Detected:
        Voltage	    Name
             0V	    VSS
          1.32V	    VDD
Using Power View: analysis1.

Begin Power Analysis

             0V	    VSS
          1.32V	    VDD

Begin Processing Timing Library for Power Calculation

Begin Processing Timing Library for Power Calculation



Begin Processing Power Net/Grid for Power Calculation

Ended Processing Power Net/Grid for Power Calculation: (cpu=0:00:00, real=0:00:00, mem(process/total/peak)=1769.38MB/3268.60MB/1989.75MB)

Begin Processing Timing Window Data for Power Calculation

clk(250MHz) CK: assigning clock clk to net wb_clk_i
Ended Processing Timing Window Data for Power Calculation: (cpu=0:00:00, real=0:00:00, mem(process/total/peak)=1770.00MB/3268.60MB/1989.75MB)

Begin Processing User Attributes

Ended Processing User Attributes: (cpu=0:00:00, real=0:00:00, mem(process/total/peak)=1770.00MB/3268.60MB/1989.75MB)

Begin Processing Signal Activity


Starting Levelizing
2025-Nov-30 18:16:58 (2025-Nov-30 16:16:58 GMT)
2025-Nov-30 18:16:58 (2025-Nov-30 16:16:58 GMT): 10%
2025-Nov-30 18:16:58 (2025-Nov-30 16:16:58 GMT): 20%
2025-Nov-30 18:16:58 (2025-Nov-30 16:16:58 GMT): 30%
2025-Nov-30 18:16:58 (2025-Nov-30 16:16:58 GMT): 40%
2025-Nov-30 18:16:58 (2025-Nov-30 16:16:58 GMT): 50%
2025-Nov-30 18:16:58 (2025-Nov-30 16:16:58 GMT): 60%
2025-Nov-30 18:16:58 (2025-Nov-30 16:16:58 GMT): 70%
2025-Nov-30 18:16:59 (2025-Nov-30 16:16:59 GMT): 80%
2025-Nov-30 18:16:59 (2025-Nov-30 16:16:59 GMT): 90%

Finished Levelizing
2025-Nov-30 18:16:59 (2025-Nov-30 16:16:59 GMT)

Starting Activity Propagation
2025-Nov-30 18:16:59 (2025-Nov-30 16:16:59 GMT)
** INFO:  (VOLTUS_POWR-1356): No default input activity has been set. Defaulting to 0.2.
Use 'set_default_switching_activity -input_activity' command to change the default activity value.

2025-Nov-30 18:16:59 (2025-Nov-30 16:16:59 GMT): 10%
2025-Nov-30 18:16:59 (2025-Nov-30 16:16:59 GMT): 20%

Finished Activity Propagation
2025-Nov-30 18:16:59 (2025-Nov-30 16:16:59 GMT)
Ended Processing Signal Activity: (cpu=0:00:00, real=0:00:00, mem(process/total/peak)=1770.38MB/3268.60MB/1989.75MB)

Begin Power Computation

      ----------------------------------------------------------
      # of cell(s) missing both power/leakage table: 0
      # of cell(s) missing power table: 0
      # of cell(s) missing leakage table: 0
      ----------------------------------------------------------



Starting Calculating power
2025-Nov-30 18:16:59 (2025-Nov-30 16:16:59 GMT)
 ... Calculating switching power
2025-Nov-30 18:16:59 (2025-Nov-30 16:16:59 GMT): 10%
2025-Nov-30 18:16:59 (2025-Nov-30 16:16:59 GMT): 20%
2025-Nov-30 18:16:59 (2025-Nov-30 16:16:59 GMT): 30%
2025-Nov-30 18:16:59 (2025-Nov-30 16:16:59 GMT): 40%
2025-Nov-30 18:16:59 (2025-Nov-30 16:16:59 GMT): 50%
 ... Calculating internal and leakage power
2025-Nov-30 18:16:59 (2025-Nov-30 16:16:59 GMT): 60%
2025-Nov-30 18:16:59 (2025-Nov-30 16:16:59 GMT): 70%
2025-Nov-30 18:16:59 (2025-Nov-30 16:16:59 GMT): 80%
2025-Nov-30 18:17:00 (2025-Nov-30 16:17:00 GMT): 90%

Finished Calculating power
2025-Nov-30 18:17:00 (2025-Nov-30 16:17:00 GMT)
      # of MSMV cell(s) missing power_level: 0
Ended Power Computation: (cpu=0:00:00, real=0:00:00, mem(process/total/peak)=1771.12MB/3268.60MB/1989.75MB)

Begin Processing User Attributes

Ended Processing User Attributes: (cpu=0:00:00, real=0:00:00, mem(process/total/peak)=1771.25MB/3268.60MB/1989.75MB)

Ended Power Analysis: (cpu=0:00:02, real=0:00:01, mem(process/total/peak)=1771.25MB/3268.60MB/1989.75MB)

Begin Boundary Leakage Calculation
Ended Boundary Leakage Calculation: (cpu=0:00:00, real=0:00:00,
mem(process/total/peak)=1771.25MB/3268.60MB/1989.75MB)
Begin Static Power Report Generation
*----------------------------------------------------------------------------------------
*	Innovus 21.35-s114_1 (64bit) 10/13/2022 12:11 (Linux 3.10.0-693.el7.x86_64)
*	
*
* 	Date & Time:	2025-Nov-30 18:17:00 (2025-Nov-30 16:17:00 GMT)
*
*----------------------------------------------------------------------------------------
*
*	Design: picorv32_wb
*
*	Liberty Libraries used:
*	        analysis1: /mnt/apps/prebuilt/eda/designkits/GPDK/gsclib045/lan/flow/t1u1/reference_libs/GPDK045/gsclib045_svt_v4.4/gsclib045/timing/fast_vdd1v2_basicCells.lib
*
*	Parasitic Files used:
*
*       Power View : analysis1
*
*       User-Defined Activity : N.A.
*
*       Activity File: N.A.
*
*       Hierarchical Global Activity: N.A.
*
*       Global Activity: N.A.
*
*       Sequential Element Activity: 0.200000
*
*       Primary Input Activity: 0.200000
*
*       Default icg ratio: N.A.
*
*       Global Comb ClockGate Ratio: N.A.
*
*	Power Units = 1mW
*
*	Time Units = 1e-09 secs
*
*       report_power
*
-----------------------------------------------------------------------------------------
*



Total Power
-----------------------------------------------------------------------------------------
Total Internal Power:        3.27450854 	   43.3076%
Total Switching Power:       4.28253682 	   56.6394%
Total Leakage Power:         0.00401073 	    0.0530%
Total Power:                 7.56105609
-----------------------------------------------------------------------------------------


Group                           Internal   Switching     Leakage       Total  Percentage 
                                Power      Power         Power         Power  (%)        
-----------------------------------------------------------------------------------------
Sequential                         1.744      0.7464     0.00177       2.492       32.96
Macro                                  0           0           0           0           0
IO                                     0           0           0           0           0
Combinational                       1.44       3.536      0.0022       4.978       65.84
Clock (Combinational)                  0           0           0           0           0
Clock (Sequential)               0.09097           0   4.059e-05     0.09101       1.204
-----------------------------------------------------------------------------------------
Total                              3.275       4.283    0.004011       7.561         100
-----------------------------------------------------------------------------------------


Rail                  Voltage   Internal   Switching     Leakage       Total  Percentage 
                                Power      Power         Power         Power  (%)        
-----------------------------------------------------------------------------------------
VDD                      1.32      3.275       4.283    0.004011       7.561         100


Clock                           Internal   Switching     Leakage       Total  Percentage 
                                Power      Power         Power         Power  (%)        
-----------------------------------------------------------------------------------------
clk                              0.09097           0   4.059e-05     0.09101       1.204
-----------------------------------------------------------------------------------------
Total                            0.09097           0   4.059e-05     0.09101       1.204
-----------------------------------------------------------------------------------------
Clock: clk
Clock Period: 0.004000 usec 
Clock Toggle Rate:   500.0000 Mhz 
Clock Static Probability:  0.5000
  
 
 
-----------------------------------------------------------------------------------------
*	Power Distribution Summary: 
*              Highest Average Power:         wbm_dat_o_reg[23] (DFFHQX8):          0.01453
*              Highest Leakage Power: picorv32_core_pcpi_insn_reg[1] (DFFHQX8):        1.521e-06
*                Total Cap:      8.6642e-11 F
*                Total instances in design:  9560
*                Total instances in design with no power:     0
*                Total instances in design with no activty:     0

*                Total Fillers and Decap:     0
-----------------------------------------------------------------------------------------
 
** INFO:  (VOLTUS_POWR-3465): There are 0 decaps and 0 fillers in the design

Ended Static Power Report Generation: (cpu=0:00:00, real=0:00:00,
mem(process/total/peak)=1774.88MB/3270.35MB/1989.75MB)

