###############################################################
#  Generated by:      Cadence Innovus 21.35-s114_1
#  OS:                Linux x86_64(Host ID cn88.it.auth.gr)
#  Generated on:      Thu Jan  8 23:36:17 2026
#  Design:            picorv32_pads
#  Command:           report_timing -path_group reg2out -check_type hold -max_paths 50 > reports/postRouting/reg2out_hold.rpt
###############################################################
Path 1: MET Early External Delay Assertion 
Endpoint:   pcpi_rs2[13]                         (v) checked with  leading edge 
of 'clk'
Beginpoint: core/picorv32_core_reg_op2_reg[13]/Q (v) triggered by  leading edge 
of 'clk'
Path Groups: {reg2out}
Analysis View: analysis1
Other End Arrival Time          0.000
- External Delay                0.250
+ Phase Shift                   0.000
+ Uncertainty                   0.020
= Required Time                -0.230
  Arrival Time                  1.054
  Slack Time                    1.284
     Clock Rise Edge                 0.000
     + Clock Network Latency (Prop)  -0.007
     = Beginpoint Arrival Time       -0.007
     +--------------------------------------------------------------------------------------------+ 
     |              Instance              |      Arc       |  Cell   | Delay | Arrival | Required | 
     |                                    |                |         |       |  Time   |   Time   | 
     |------------------------------------+----------------+---------+-------+---------+----------| 
     | core/picorv32_core_reg_op2_reg[13] | CK ^           |         |       |  -0.007 |   -1.291 | 
     | core/picorv32_core_reg_op2_reg[13] | CK ^ -> Q v    | DFFHQX8 | 0.091 |   0.084 |   -1.200 | 
     | pad_pcpi_rs213                     | A v -> PAD v   | PADDO   | 0.970 |   1.054 |   -0.230 | 
     |                                    | pcpi_rs2[13] v |         | 0.000 |   1.054 |   -0.230 | 
     +--------------------------------------------------------------------------------------------+ 
Path 2: MET Early External Delay Assertion 
Endpoint:   pcpi_rs2[19]                         (v) checked with  leading edge 
of 'clk'
Beginpoint: core/picorv32_core_reg_op2_reg[19]/Q (v) triggered by  leading edge 
of 'clk'
Path Groups: {reg2out}
Analysis View: analysis1
Other End Arrival Time          0.000
- External Delay                0.250
+ Phase Shift                   0.000
+ Uncertainty                   0.020
= Required Time                -0.230
  Arrival Time                  1.057
  Slack Time                    1.287
     Clock Rise Edge                 0.000
     + Clock Network Latency (Prop)  -0.007
     = Beginpoint Arrival Time       -0.007
     +--------------------------------------------------------------------------------------------+ 
     |              Instance              |      Arc       |  Cell   | Delay | Arrival | Required | 
     |                                    |                |         |       |  Time   |   Time   | 
     |------------------------------------+----------------+---------+-------+---------+----------| 
     | core/picorv32_core_reg_op2_reg[19] | CK ^           |         |       |  -0.007 |   -1.293 | 
     | core/picorv32_core_reg_op2_reg[19] | CK ^ -> Q v    | DFFHQX8 | 0.087 |   0.080 |   -1.206 | 
     | pad_pcpi_rs219                     | A v -> PAD v   | PADDO   | 0.976 |   1.057 |   -0.230 | 
     |                                    | pcpi_rs2[19] v |         | 0.000 |   1.057 |   -0.230 | 
     +--------------------------------------------------------------------------------------------+ 
Path 3: MET Early External Delay Assertion 
Endpoint:   pcpi_rs2[12]                         (v) checked with  leading edge 
of 'clk'
Beginpoint: core/picorv32_core_reg_op2_reg[12]/Q (v) triggered by  leading edge 
of 'clk'
Path Groups: {reg2out}
Analysis View: analysis1
Other End Arrival Time          0.000
- External Delay                0.250
+ Phase Shift                   0.000
+ Uncertainty                   0.020
= Required Time                -0.230
  Arrival Time                  1.057
  Slack Time                    1.287
     Clock Rise Edge                 0.000
     + Clock Network Latency (Prop)  -0.007
     = Beginpoint Arrival Time       -0.007
     +--------------------------------------------------------------------------------------------+ 
     |              Instance              |      Arc       |  Cell   | Delay | Arrival | Required | 
     |                                    |                |         |       |  Time   |   Time   | 
     |------------------------------------+----------------+---------+-------+---------+----------| 
     | core/picorv32_core_reg_op2_reg[12] | CK ^           |         |       |  -0.007 |   -1.294 | 
     | core/picorv32_core_reg_op2_reg[12] | CK ^ -> Q v    | DFFHQX8 | 0.094 |   0.087 |   -1.200 | 
     | pad_pcpi_rs212                     | A v -> PAD v   | PADDO   | 0.970 |   1.057 |   -0.230 | 
     |                                    | pcpi_rs2[12] v |         | 0.000 |   1.057 |   -0.230 | 
     +--------------------------------------------------------------------------------------------+ 
Path 4: MET Early External Delay Assertion 
Endpoint:   pcpi_rs2[15]                         (v) checked with  leading edge 
of 'clk'
Beginpoint: core/picorv32_core_reg_op2_reg[15]/Q (v) triggered by  leading edge 
of 'clk'
Path Groups: {reg2out}
Analysis View: analysis1
Other End Arrival Time          0.000
- External Delay                0.250
+ Phase Shift                   0.000
+ Uncertainty                   0.020
= Required Time                -0.230
  Arrival Time                  1.062
  Slack Time                    1.292
     Clock Rise Edge                 0.000
     + Clock Network Latency (Prop)  -0.008
     = Beginpoint Arrival Time       -0.008
     +--------------------------------------------------------------------------------------------+ 
     |              Instance              |      Arc       |  Cell   | Delay | Arrival | Required | 
     |                                    |                |         |       |  Time   |   Time   | 
     |------------------------------------+----------------+---------+-------+---------+----------| 
     | core/picorv32_core_reg_op2_reg[15] | CK ^           |         |       |  -0.008 |   -1.300 | 
     | core/picorv32_core_reg_op2_reg[15] | CK ^ -> Q v    | DFFHQX8 | 0.099 |   0.091 |   -1.202 | 
     | pad_pcpi_rs215                     | A v -> PAD v   | PADDO   | 0.972 |   1.062 |   -0.230 | 
     |                                    | pcpi_rs2[15] v |         | 0.000 |   1.062 |   -0.230 | 
     +--------------------------------------------------------------------------------------------+ 
Path 5: MET Early External Delay Assertion 
Endpoint:   wbm_adr_o[10]            (^) checked with  leading edge of 'clk'
Beginpoint: core/wbm_adr_o_reg[10]/Q (^) triggered by  leading edge of 'clk'
Path Groups: {reg2out}
Analysis View: analysis1
Other End Arrival Time          0.000
- External Delay                0.250
+ Phase Shift                   0.000
+ Uncertainty                   0.020
= Required Time                -0.230
  Arrival Time                  1.064
  Slack Time                    1.294
     Clock Rise Edge                 0.000
     + Clock Network Latency (Prop)  -0.001
     = Beginpoint Arrival Time       -0.001
     +--------------------------------------------------------------------------------+ 
     |        Instance        |       Arc       |  Cell  | Delay | Arrival | Required | 
     |                        |                 |        |       |  Time   |   Time   | 
     |------------------------+-----------------+--------+-------+---------+----------| 
     | core/wbm_adr_o_reg[10] | CK ^            |        |       |  -0.001 |   -1.295 | 
     | core/wbm_adr_o_reg[10] | CK ^ -> Q ^     | DFFQX4 | 0.083 |   0.082 |   -1.212 | 
     | pad_wbm_adr_o10        | A ^ -> PAD ^    | PADDO  | 0.982 |   1.064 |   -0.230 | 
     |                        | wbm_adr_o[10] ^ |        | 0.000 |   1.064 |   -0.230 | 
     +--------------------------------------------------------------------------------+ 
Path 6: MET Early External Delay Assertion 
Endpoint:   pcpi_rs2[14]                         (^) checked with  leading edge 
of 'clk'
Beginpoint: core/picorv32_core_reg_op2_reg[14]/Q (^) triggered by  leading edge 
of 'clk'
Path Groups: {reg2out}
Analysis View: analysis1
Other End Arrival Time          0.000
- External Delay                0.250
+ Phase Shift                   0.000
+ Uncertainty                   0.020
= Required Time                -0.230
  Arrival Time                  1.064
  Slack Time                    1.294
     Clock Rise Edge                 0.000
     + Clock Network Latency (Prop)  -0.008
     = Beginpoint Arrival Time       -0.008
     +--------------------------------------------------------------------------------------------+ 
     |              Instance              |      Arc       |  Cell   | Delay | Arrival | Required | 
     |                                    |                |         |       |  Time   |   Time   | 
     |------------------------------------+----------------+---------+-------+---------+----------| 
     | core/picorv32_core_reg_op2_reg[14] | CK ^           |         |       |  -0.008 |   -1.302 | 
     | core/picorv32_core_reg_op2_reg[14] | CK ^ -> Q ^    | DFFHQX8 | 0.087 |   0.079 |   -1.215 | 
     | pad_pcpi_rs214                     | A ^ -> PAD ^   | PADDO   | 0.985 |   1.064 |   -0.230 | 
     |                                    | pcpi_rs2[14] ^ |         | 0.000 |   1.064 |   -0.230 | 
     +--------------------------------------------------------------------------------------------+ 
Path 7: MET Early External Delay Assertion 
Endpoint:   pcpi_rs2[20]                         (^) checked with  leading edge 
of 'clk'
Beginpoint: core/picorv32_core_reg_op2_reg[20]/Q (^) triggered by  leading edge 
of 'clk'
Path Groups: {reg2out}
Analysis View: analysis1
Other End Arrival Time          0.000
- External Delay                0.250
+ Phase Shift                   0.000
+ Uncertainty                   0.020
= Required Time                -0.230
  Arrival Time                  1.064
  Slack Time                    1.294
     Clock Rise Edge                 0.000
     + Clock Network Latency (Prop)  -0.008
     = Beginpoint Arrival Time       -0.008
     +--------------------------------------------------------------------------------------------+ 
     |              Instance              |      Arc       |  Cell   | Delay | Arrival | Required | 
     |                                    |                |         |       |  Time   |   Time   | 
     |------------------------------------+----------------+---------+-------+---------+----------| 
     | core/picorv32_core_reg_op2_reg[20] | CK ^           |         |       |  -0.008 |   -1.303 | 
     | core/picorv32_core_reg_op2_reg[20] | CK ^ -> Q ^    | DFFHQX8 | 0.087 |   0.079 |   -1.216 | 
     | pad_pcpi_rs220                     | A ^ -> PAD ^   | PADDO   | 0.986 |   1.064 |   -0.230 | 
     |                                    | pcpi_rs2[20] ^ |         | 0.000 |   1.064 |   -0.230 | 
     +--------------------------------------------------------------------------------------------+ 
Path 8: MET Early External Delay Assertion 
Endpoint:   wbm_adr_o[9]            (^) checked with  leading edge of 'clk'
Beginpoint: core/wbm_adr_o_reg[9]/Q (^) triggered by  leading edge of 'clk'
Path Groups: {reg2out}
Analysis View: analysis1
Other End Arrival Time          0.000
- External Delay                0.250
+ Phase Shift                   0.000
+ Uncertainty                   0.020
= Required Time                -0.230
  Arrival Time                  1.069
  Slack Time                    1.299
     Clock Rise Edge                 0.000
     + Clock Network Latency (Prop)  -0.001
     = Beginpoint Arrival Time       -0.001
     +------------------------------------------------------------------------------+ 
     |       Instance        |      Arc       |  Cell  | Delay | Arrival | Required | 
     |                       |                |        |       |  Time   |   Time   | 
     |-----------------------+----------------+--------+-------+---------+----------| 
     | core/wbm_adr_o_reg[9] | CK ^           |        |       |  -0.001 |   -1.300 | 
     | core/wbm_adr_o_reg[9] | CK ^ -> Q ^    | DFFQX4 | 0.090 |   0.090 |   -1.210 | 
     | pad_wbm_adr_o9        | A ^ -> PAD ^   | PADDO  | 0.980 |   1.069 |   -0.230 | 
     |                       | wbm_adr_o[9] ^ |        | 0.000 |   1.069 |   -0.230 | 
     +------------------------------------------------------------------------------+ 
Path 9: MET Early External Delay Assertion 
Endpoint:   wbm_adr_o[11]            (^) checked with  leading edge of 'clk'
Beginpoint: core/wbm_adr_o_reg[11]/Q (^) triggered by  leading edge of 'clk'
Path Groups: {reg2out}
Analysis View: analysis1
Other End Arrival Time          0.000
- External Delay                0.250
+ Phase Shift                   0.000
+ Uncertainty                   0.020
= Required Time                -0.230
  Arrival Time                  1.070
  Slack Time                    1.300
     Clock Rise Edge                 0.000
     + Clock Network Latency (Prop)  -0.001
     = Beginpoint Arrival Time       -0.001
     +--------------------------------------------------------------------------------+ 
     |        Instance        |       Arc       |  Cell  | Delay | Arrival | Required | 
     |                        |                 |        |       |  Time   |   Time   | 
     |------------------------+-----------------+--------+-------+---------+----------| 
     | core/wbm_adr_o_reg[11] | CK ^            |        |       |  -0.001 |   -1.301 | 
     | core/wbm_adr_o_reg[11] | CK ^ -> Q ^     | DFFQX4 | 0.092 |   0.091 |   -1.209 | 
     | pad_wbm_adr_o11        | A ^ -> PAD ^    | PADDO  | 0.979 |   1.070 |   -0.230 | 
     |                        | wbm_adr_o[11] ^ |        | 0.000 |   1.070 |   -0.230 | 
     +--------------------------------------------------------------------------------+ 
Path 10: MET Early External Delay Assertion 
Endpoint:   pcpi_rs2[10]                         (^) checked with  leading edge 
of 'clk'
Beginpoint: core/picorv32_core_reg_op2_reg[10]/Q (^) triggered by  leading edge 
of 'clk'
Path Groups: {reg2out}
Analysis View: analysis1
Other End Arrival Time          0.000
- External Delay                0.250
+ Phase Shift                   0.000
+ Uncertainty                   0.020
= Required Time                -0.230
  Arrival Time                  1.070
  Slack Time                    1.300
     Clock Rise Edge                 0.000
     + Clock Network Latency (Prop)  -0.012
     = Beginpoint Arrival Time       -0.012
     +--------------------------------------------------------------------------------------------+ 
     |              Instance              |      Arc       |  Cell   | Delay | Arrival | Required | 
     |                                    |                |         |       |  Time   |   Time   | 
     |------------------------------------+----------------+---------+-------+---------+----------| 
     | core/picorv32_core_reg_op2_reg[10] | CK ^           |         |       |  -0.012 |   -1.312 | 
     | core/picorv32_core_reg_op2_reg[10] | CK ^ -> Q ^    | DFFHQX8 | 0.087 |   0.075 |   -1.225 | 
     | pad_pcpi_rs210                     | A ^ -> PAD ^   | PADDO   | 0.995 |   1.070 |   -0.230 | 
     |                                    | pcpi_rs2[10] ^ |         | 0.000 |   1.070 |   -0.230 | 
     +--------------------------------------------------------------------------------------------+ 
Path 11: MET Early External Delay Assertion 
Endpoint:   pcpi_rs2[21]                         (^) checked with  leading edge 
of 'clk'
Beginpoint: core/picorv32_core_reg_op2_reg[21]/Q (^) triggered by  leading edge 
of 'clk'
Path Groups: {reg2out}
Analysis View: analysis1
Other End Arrival Time          0.000
- External Delay                0.250
+ Phase Shift                   0.000
+ Uncertainty                   0.020
= Required Time                -0.230
  Arrival Time                  1.071
  Slack Time                    1.301
     Clock Rise Edge                 0.000
     + Clock Network Latency (Prop)  -0.008
     = Beginpoint Arrival Time       -0.008
     +--------------------------------------------------------------------------------------------+ 
     |              Instance              |      Arc       |  Cell   | Delay | Arrival | Required | 
     |                                    |                |         |       |  Time   |   Time   | 
     |------------------------------------+----------------+---------+-------+---------+----------| 
     | core/picorv32_core_reg_op2_reg[21] | CK ^           |         |       |  -0.008 |   -1.309 | 
     | core/picorv32_core_reg_op2_reg[21] | CK ^ -> Q ^    | DFFHQX8 | 0.079 |   0.071 |   -1.230 | 
     | pad_pcpi_rs221                     | A ^ -> PAD ^   | PADDO   | 1.000 |   1.071 |   -0.230 | 
     |                                    | pcpi_rs2[21] ^ |         | 0.000 |   1.071 |   -0.230 | 
     +--------------------------------------------------------------------------------------------+ 
Path 12: MET Early External Delay Assertion 
Endpoint:   wbm_adr_o[12]            (^) checked with  leading edge of 'clk'
Beginpoint: core/wbm_adr_o_reg[12]/Q (^) triggered by  leading edge of 'clk'
Path Groups: {reg2out}
Analysis View: analysis1
Other End Arrival Time          0.000
- External Delay                0.250
+ Phase Shift                   0.000
+ Uncertainty                   0.020
= Required Time                -0.230
  Arrival Time                  1.071
  Slack Time                    1.301
     Clock Rise Edge                 0.000
     + Clock Network Latency (Prop)  -0.002
     = Beginpoint Arrival Time       -0.002
     +--------------------------------------------------------------------------------+ 
     |        Instance        |       Arc       |  Cell  | Delay | Arrival | Required | 
     |                        |                 |        |       |  Time   |   Time   | 
     |------------------------+-----------------+--------+-------+---------+----------| 
     | core/wbm_adr_o_reg[12] | CK ^            |        |       |  -0.002 |   -1.303 | 
     | core/wbm_adr_o_reg[12] | CK ^ -> Q ^     | DFFQX4 | 0.090 |   0.089 |   -1.212 | 
     | pad_wbm_adr_o12        | A ^ -> PAD ^    | PADDO  | 0.982 |   1.071 |   -0.230 | 
     |                        | wbm_adr_o[12] ^ |        | 0.000 |   1.071 |   -0.230 | 
     +--------------------------------------------------------------------------------+ 
Path 13: MET Early External Delay Assertion 
Endpoint:   wbm_adr_o[8]            (^) checked with  leading edge of 'clk'
Beginpoint: core/wbm_adr_o_reg[8]/Q (^) triggered by  leading edge of 'clk'
Path Groups: {reg2out}
Analysis View: analysis1
Other End Arrival Time          0.000
- External Delay                0.250
+ Phase Shift                   0.000
+ Uncertainty                   0.020
= Required Time                -0.230
  Arrival Time                  1.072
  Slack Time                    1.302
     Clock Rise Edge                 0.000
     + Clock Network Latency (Prop)  -0.001
     = Beginpoint Arrival Time       -0.001
     +------------------------------------------------------------------------------+ 
     |       Instance        |      Arc       |  Cell  | Delay | Arrival | Required | 
     |                       |                |        |       |  Time   |   Time   | 
     |-----------------------+----------------+--------+-------+---------+----------| 
     | core/wbm_adr_o_reg[8] | CK ^           |        |       |  -0.001 |   -1.303 | 
     | core/wbm_adr_o_reg[8] | CK ^ -> Q ^    | DFFQX4 | 0.091 |   0.091 |   -1.212 | 
     | pad_wbm_adr_o8        | A ^ -> PAD ^   | PADDO  | 0.982 |   1.072 |   -0.230 | 
     |                       | wbm_adr_o[8] ^ |        | 0.000 |   1.072 |   -0.230 | 
     +------------------------------------------------------------------------------+ 
Path 14: MET Early External Delay Assertion 
Endpoint:   pcpi_rs2[22]                         (^) checked with  leading edge 
of 'clk'
Beginpoint: core/picorv32_core_reg_op2_reg[22]/Q (^) triggered by  leading edge 
of 'clk'
Path Groups: {reg2out}
Analysis View: analysis1
Other End Arrival Time          0.000
- External Delay                0.250
+ Phase Shift                   0.000
+ Uncertainty                   0.020
= Required Time                -0.230
  Arrival Time                  1.073
  Slack Time                    1.303
     Clock Rise Edge                 0.000
     + Clock Network Latency (Prop)  -0.005
     = Beginpoint Arrival Time       -0.005
     +--------------------------------------------------------------------------------------------+ 
     |              Instance              |      Arc       |  Cell   | Delay | Arrival | Required | 
     |                                    |                |         |       |  Time   |   Time   | 
     |------------------------------------+----------------+---------+-------+---------+----------| 
     | core/picorv32_core_reg_op2_reg[22] | CK ^           |         |       |  -0.005 |   -1.308 | 
     | core/picorv32_core_reg_op2_reg[22] | CK ^ -> Q ^    | DFFHQX8 | 0.084 |   0.079 |   -1.224 | 
     | pad_pcpi_rs222                     | A ^ -> PAD ^   | PADDO   | 0.994 |   1.073 |   -0.230 | 
     |                                    | pcpi_rs2[22] ^ |         | 0.000 |   1.073 |   -0.230 | 
     +--------------------------------------------------------------------------------------------+ 
Path 15: MET Early External Delay Assertion 
Endpoint:   wbm_adr_o[13]            (^) checked with  leading edge of 'clk'
Beginpoint: core/wbm_adr_o_reg[13]/Q (^) triggered by  leading edge of 'clk'
Path Groups: {reg2out}
Analysis View: analysis1
Other End Arrival Time          0.000
- External Delay                0.250
+ Phase Shift                   0.000
+ Uncertainty                   0.020
= Required Time                -0.230
  Arrival Time                  1.075
  Slack Time                    1.305
     Clock Rise Edge                 0.000
     + Clock Network Latency (Prop)  -0.001
     = Beginpoint Arrival Time       -0.001
     +--------------------------------------------------------------------------------+ 
     |        Instance        |       Arc       |  Cell  | Delay | Arrival | Required | 
     |                        |                 |        |       |  Time   |   Time   | 
     |------------------------+-----------------+--------+-------+---------+----------| 
     | core/wbm_adr_o_reg[13] | CK ^            |        |       |  -0.001 |   -1.306 | 
     | core/wbm_adr_o_reg[13] | CK ^ -> Q ^     | DFFQX4 | 0.090 |   0.089 |   -1.216 | 
     | pad_wbm_adr_o13        | A ^ -> PAD ^    | PADDO  | 0.986 |   1.075 |   -0.230 | 
     |                        | wbm_adr_o[13] ^ |        | 0.000 |   1.075 |   -0.230 | 
     +--------------------------------------------------------------------------------+ 
Path 16: MET Early External Delay Assertion 
Endpoint:   pcpi_rs2[11]                         (^) checked with  leading edge 
of 'clk'
Beginpoint: core/picorv32_core_reg_op2_reg[11]/Q (^) triggered by  leading edge 
of 'clk'
Path Groups: {reg2out}
Analysis View: analysis1
Other End Arrival Time          0.000
- External Delay                0.250
+ Phase Shift                   0.000
+ Uncertainty                   0.020
= Required Time                -0.230
  Arrival Time                  1.076
  Slack Time                    1.306
     Clock Rise Edge                 0.000
     + Clock Network Latency (Prop)  -0.008
     = Beginpoint Arrival Time       -0.008
     +--------------------------------------------------------------------------------------------+ 
     |              Instance              |      Arc       |  Cell   | Delay | Arrival | Required | 
     |                                    |                |         |       |  Time   |   Time   | 
     |------------------------------------+----------------+---------+-------+---------+----------| 
     | core/picorv32_core_reg_op2_reg[11] | CK ^           |         |       |  -0.008 |   -1.314 | 
     | core/picorv32_core_reg_op2_reg[11] | CK ^ -> Q ^    | DFFHQX8 | 0.086 |   0.078 |   -1.228 | 
     | pad_pcpi_rs211                     | A ^ -> PAD ^   | PADDO   | 0.998 |   1.076 |   -0.230 | 
     |                                    | pcpi_rs2[11] ^ |         | 0.000 |   1.076 |   -0.230 | 
     +--------------------------------------------------------------------------------------------+ 
Path 17: MET Early External Delay Assertion 
Endpoint:   wbm_adr_o[7]            (^) checked with  leading edge of 'clk'
Beginpoint: core/wbm_adr_o_reg[7]/Q (^) triggered by  leading edge of 'clk'
Path Groups: {reg2out}
Analysis View: analysis1
Other End Arrival Time          0.000
- External Delay                0.250
+ Phase Shift                   0.000
+ Uncertainty                   0.020
= Required Time                -0.230
  Arrival Time                  1.077
  Slack Time                    1.307
     Clock Rise Edge                 0.000
     + Clock Network Latency (Prop)  -0.000
     = Beginpoint Arrival Time       -0.000
     +------------------------------------------------------------------------------+ 
     |       Instance        |      Arc       |  Cell  | Delay | Arrival | Required | 
     |                       |                |        |       |  Time   |   Time   | 
     |-----------------------+----------------+--------+-------+---------+----------| 
     | core/wbm_adr_o_reg[7] | CK ^           |        |       |  -0.000 |   -1.307 | 
     | core/wbm_adr_o_reg[7] | CK ^ -> Q ^    | DFFQX4 | 0.091 |   0.091 |   -1.216 | 
     | pad_wbm_adr_o7        | A ^ -> PAD ^   | PADDO  | 0.986 |   1.077 |   -0.230 | 
     |                       | wbm_adr_o[7] ^ |        | 0.000 |   1.077 |   -0.230 | 
     +------------------------------------------------------------------------------+ 
Path 18: MET Early External Delay Assertion 
Endpoint:   wbm_adr_o[14]            (^) checked with  leading edge of 'clk'
Beginpoint: core/wbm_adr_o_reg[14]/Q (^) triggered by  leading edge of 'clk'
Path Groups: {reg2out}
Analysis View: analysis1
Other End Arrival Time          0.000
- External Delay                0.250
+ Phase Shift                   0.000
+ Uncertainty                   0.020
= Required Time                -0.230
  Arrival Time                  1.080
  Slack Time                    1.310
     Clock Rise Edge                 0.000
     + Clock Network Latency (Prop)  -0.001
     = Beginpoint Arrival Time       -0.001
     +--------------------------------------------------------------------------------+ 
     |        Instance        |       Arc       |  Cell  | Delay | Arrival | Required | 
     |                        |                 |        |       |  Time   |   Time   | 
     |------------------------+-----------------+--------+-------+---------+----------| 
     | core/wbm_adr_o_reg[14] | CK ^            |        |       |  -0.001 |   -1.310 | 
     | core/wbm_adr_o_reg[14] | CK ^ -> Q ^     | DFFQX4 | 0.089 |   0.088 |   -1.221 | 
     | pad_wbm_adr_o14        | A ^ -> PAD ^    | PADDO  | 0.991 |   1.080 |   -0.230 | 
     |                        | wbm_adr_o[14] ^ |        | 0.000 |   1.080 |   -0.230 | 
     +--------------------------------------------------------------------------------+ 
Path 19: MET Early External Delay Assertion 
Endpoint:   wbm_adr_o[6]            (^) checked with  leading edge of 'clk'
Beginpoint: core/wbm_adr_o_reg[6]/Q (^) triggered by  leading edge of 'clk'
Path Groups: {reg2out}
Analysis View: analysis1
Other End Arrival Time          0.000
- External Delay                0.250
+ Phase Shift                   0.000
+ Uncertainty                   0.020
= Required Time                -0.230
  Arrival Time                  1.081
  Slack Time                    1.311
     Clock Rise Edge                 0.000
     + Clock Network Latency (Prop)  -0.000
     = Beginpoint Arrival Time       -0.000
     +------------------------------------------------------------------------------+ 
     |       Instance        |      Arc       |  Cell  | Delay | Arrival | Required | 
     |                       |                |        |       |  Time   |   Time   | 
     |-----------------------+----------------+--------+-------+---------+----------| 
     | core/wbm_adr_o_reg[6] | CK ^           |        |       |  -0.000 |   -1.312 | 
     | core/wbm_adr_o_reg[6] | CK ^ -> Q ^    | DFFQX4 | 0.091 |   0.091 |   -1.220 | 
     | pad_wbm_adr_o6        | A ^ -> PAD ^   | PADDO  | 0.990 |   1.081 |   -0.230 | 
     |                       | wbm_adr_o[6] ^ |        | 0.000 |   1.081 |   -0.230 | 
     +------------------------------------------------------------------------------+ 
Path 20: MET Early External Delay Assertion 
Endpoint:   wbm_adr_o[18]            (^) checked with  leading edge of 'clk'
Beginpoint: core/wbm_adr_o_reg[18]/Q (^) triggered by  leading edge of 'clk'
Path Groups: {reg2out}
Analysis View: analysis1
Other End Arrival Time          0.000
- External Delay                0.250
+ Phase Shift                   0.000
+ Uncertainty                   0.020
= Required Time                -0.230
  Arrival Time                  1.083
  Slack Time                    1.313
     Clock Rise Edge                 0.000
     + Clock Network Latency (Prop)  0.002
     = Beginpoint Arrival Time       0.002
     +--------------------------------------------------------------------------------+ 
     |        Instance        |       Arc       |  Cell  | Delay | Arrival | Required | 
     |                        |                 |        |       |  Time   |   Time   | 
     |------------------------+-----------------+--------+-------+---------+----------| 
     | core/wbm_adr_o_reg[18] | CK ^            |        |       |   0.002 |   -1.311 | 
     | core/wbm_adr_o_reg[18] | CK ^ -> Q ^     | DFFQX4 | 0.094 |   0.097 |   -1.216 | 
     | pad_wbm_adr_o18        | A ^ -> PAD ^    | PADDO  | 0.986 |   1.083 |   -0.230 | 
     |                        | wbm_adr_o[18] ^ |        | 0.000 |   1.083 |   -0.230 | 
     +--------------------------------------------------------------------------------+ 
Path 21: MET Early External Delay Assertion 
Endpoint:   pcpi_rs2[24]                         (^) checked with  leading edge 
of 'clk'
Beginpoint: core/picorv32_core_reg_op2_reg[24]/Q (^) triggered by  leading edge 
of 'clk'
Path Groups: {reg2out}
Analysis View: analysis1
Other End Arrival Time          0.000
- External Delay                0.250
+ Phase Shift                   0.000
+ Uncertainty                   0.020
= Required Time                -0.230
  Arrival Time                  1.083
  Slack Time                    1.313
     Clock Rise Edge                 0.000
     + Clock Network Latency (Prop)  -0.009
     = Beginpoint Arrival Time       -0.009
     +--------------------------------------------------------------------------------------------+ 
     |              Instance              |      Arc       |  Cell   | Delay | Arrival | Required | 
     |                                    |                |         |       |  Time   |   Time   | 
     |------------------------------------+----------------+---------+-------+---------+----------| 
     | core/picorv32_core_reg_op2_reg[24] | CK ^           |         |       |  -0.009 |   -1.322 | 
     | core/picorv32_core_reg_op2_reg[24] | CK ^ -> Q ^    | DFFHQX8 | 0.085 |   0.076 |   -1.237 | 
     | pad_pcpi_rs224                     | A ^ -> PAD ^   | PADDO   | 1.007 |   1.083 |   -0.230 | 
     |                                    | pcpi_rs2[24] ^ |         | 0.000 |   1.083 |   -0.230 | 
     +--------------------------------------------------------------------------------------------+ 
Path 22: MET Early External Delay Assertion 
Endpoint:   wbm_adr_o[15]            (^) checked with  leading edge of 'clk'
Beginpoint: core/wbm_adr_o_reg[15]/Q (^) triggered by  leading edge of 'clk'
Path Groups: {reg2out}
Analysis View: analysis1
Other End Arrival Time          0.000
- External Delay                0.250
+ Phase Shift                   0.000
+ Uncertainty                   0.020
= Required Time                -0.230
  Arrival Time                  1.085
  Slack Time                    1.315
     Clock Rise Edge                 0.000
     + Clock Network Latency (Prop)  -0.001
     = Beginpoint Arrival Time       -0.001
     +--------------------------------------------------------------------------------+ 
     |        Instance        |       Arc       |  Cell  | Delay | Arrival | Required | 
     |                        |                 |        |       |  Time   |   Time   | 
     |------------------------+-----------------+--------+-------+---------+----------| 
     | core/wbm_adr_o_reg[15] | CK ^            |        |       |  -0.001 |   -1.315 | 
     | core/wbm_adr_o_reg[15] | CK ^ -> Q ^     | DFFQX4 | 0.090 |   0.089 |   -1.225 | 
     | pad_wbm_adr_o15        | A ^ -> PAD ^    | PADDO  | 0.995 |   1.085 |   -0.230 | 
     |                        | wbm_adr_o[15] ^ |        | 0.000 |   1.085 |   -0.230 | 
     +--------------------------------------------------------------------------------+ 
Path 23: MET Early External Delay Assertion 
Endpoint:   pcpi_rs2[9]                         (^) checked with  leading edge 
of 'clk'
Beginpoint: core/picorv32_core_reg_op2_reg[9]/Q (^) triggered by  leading edge 
of 'clk'
Path Groups: {reg2out}
Analysis View: analysis1
Other End Arrival Time          0.000
- External Delay                0.250
+ Phase Shift                   0.000
+ Uncertainty                   0.020
= Required Time                -0.230
  Arrival Time                  1.085
  Slack Time                    1.315
     Clock Rise Edge                 0.000
     + Clock Network Latency (Prop)  -0.005
     = Beginpoint Arrival Time       -0.005
     +------------------------------------------------------------------------------------------+ 
     |             Instance              |      Arc      |  Cell   | Delay | Arrival | Required | 
     |                                   |               |         |       |  Time   |   Time   | 
     |-----------------------------------+---------------+---------+-------+---------+----------| 
     | core/picorv32_core_reg_op2_reg[9] | CK ^          |         |       |  -0.005 |   -1.320 | 
     | core/picorv32_core_reg_op2_reg[9] | CK ^ -> Q ^   | DFFHQX8 | 0.087 |   0.082 |   -1.234 | 
     | pad_pcpi_rs29                     | A ^ -> PAD ^  | PADDO   | 1.004 |   1.085 |   -0.230 | 
     |                                   | pcpi_rs2[9] ^ |         | 0.000 |   1.085 |   -0.230 | 
     +------------------------------------------------------------------------------------------+ 
Path 24: MET Early External Delay Assertion 
Endpoint:   wbm_adr_o[16]            (^) checked with  leading edge of 'clk'
Beginpoint: core/wbm_adr_o_reg[16]/Q (^) triggered by  leading edge of 'clk'
Path Groups: {reg2out}
Analysis View: analysis1
Other End Arrival Time          0.000
- External Delay                0.250
+ Phase Shift                   0.000
+ Uncertainty                   0.020
= Required Time                -0.230
  Arrival Time                  1.088
  Slack Time                    1.318
     Clock Rise Edge                 0.000
     + Clock Network Latency (Prop)  -0.001
     = Beginpoint Arrival Time       -0.001
     +--------------------------------------------------------------------------------+ 
     |        Instance        |       Arc       |  Cell  | Delay | Arrival | Required | 
     |                        |                 |        |       |  Time   |   Time   | 
     |------------------------+-----------------+--------+-------+---------+----------| 
     | core/wbm_adr_o_reg[16] | CK ^            |        |       |  -0.001 |   -1.318 | 
     | core/wbm_adr_o_reg[16] | CK ^ -> Q ^     | DFFQX4 | 0.091 |   0.090 |   -1.228 | 
     | pad_wbm_adr_o16        | A ^ -> PAD ^    | PADDO  | 0.998 |   1.088 |   -0.230 | 
     |                        | wbm_adr_o[16] ^ |        | 0.000 |   1.088 |   -0.230 | 
     +--------------------------------------------------------------------------------+ 
Path 25: MET Early External Delay Assertion 
Endpoint:   pcpi_rs2[23]                         (^) checked with  leading edge 
of 'clk'
Beginpoint: core/picorv32_core_reg_op2_reg[23]/Q (^) triggered by  leading edge 
of 'clk'
Path Groups: {reg2out}
Analysis View: analysis1
Other End Arrival Time          0.000
- External Delay                0.250
+ Phase Shift                   0.000
+ Uncertainty                   0.020
= Required Time                -0.230
  Arrival Time                  1.089
  Slack Time                    1.319
     Clock Rise Edge                 0.000
     + Clock Network Latency (Prop)  -0.006
     = Beginpoint Arrival Time       -0.006
     +--------------------------------------------------------------------------------------------+ 
     |              Instance              |      Arc       |  Cell   | Delay | Arrival | Required | 
     |                                    |                |         |       |  Time   |   Time   | 
     |------------------------------------+----------------+---------+-------+---------+----------| 
     | core/picorv32_core_reg_op2_reg[23] | CK ^           |         |       |  -0.006 |   -1.325 | 
     | core/picorv32_core_reg_op2_reg[23] | CK ^ -> Q ^    | DFFHQX8 | 0.079 |   0.074 |   -1.246 | 
     | pad_pcpi_rs223                     | A ^ -> PAD ^   | PADDO   | 1.016 |   1.089 |   -0.230 | 
     |                                    | pcpi_rs2[23] ^ |         | 0.000 |   1.089 |   -0.230 | 
     +--------------------------------------------------------------------------------------------+ 
Path 26: MET Early External Delay Assertion 
Endpoint:   pcpi_rs2[16]                         (^) checked with  leading edge 
of 'clk'
Beginpoint: core/picorv32_core_reg_op2_reg[16]/Q (^) triggered by  leading edge 
of 'clk'
Path Groups: {reg2out}
Analysis View: analysis1
Other End Arrival Time          0.000
- External Delay                0.250
+ Phase Shift                   0.000
+ Uncertainty                   0.020
= Required Time                -0.230
  Arrival Time                  1.090
  Slack Time                    1.320
     Clock Rise Edge                 0.000
     + Clock Network Latency (Prop)  -0.004
     = Beginpoint Arrival Time       -0.004
     +-------------------------------------------------------------------------------------------+ 
     |              Instance              |      Arc       |  Cell  | Delay | Arrival | Required | 
     |                                    |                |        |       |  Time   |   Time   | 
     |------------------------------------+----------------+--------+-------+---------+----------| 
     | core/picorv32_core_reg_op2_reg[16] | CK ^           |        |       |  -0.004 |   -1.323 | 
     | core/picorv32_core_reg_op2_reg[16] | CK ^ -> Q ^    | DFFQX4 | 0.126 |   0.123 |   -1.197 | 
     | pad_pcpi_rs216                     | A ^ -> PAD ^   | PADDO  | 0.967 |   1.090 |   -0.230 | 
     |                                    | pcpi_rs2[16] ^ |        | 0.000 |   1.090 |   -0.230 | 
     +-------------------------------------------------------------------------------------------+ 
Path 27: MET Early External Delay Assertion 
Endpoint:   wbm_adr_o[20]            (^) checked with  leading edge of 'clk'
Beginpoint: core/wbm_adr_o_reg[20]/Q (^) triggered by  leading edge of 'clk'
Path Groups: {reg2out}
Analysis View: analysis1
Other End Arrival Time          0.000
- External Delay                0.250
+ Phase Shift                   0.000
+ Uncertainty                   0.020
= Required Time                -0.230
  Arrival Time                  1.090
  Slack Time                    1.320
     Clock Rise Edge                 0.000
     + Clock Network Latency (Prop)  0.002
     = Beginpoint Arrival Time       0.002
     +--------------------------------------------------------------------------------+ 
     |        Instance        |       Arc       |  Cell  | Delay | Arrival | Required | 
     |                        |                 |        |       |  Time   |   Time   | 
     |------------------------+-----------------+--------+-------+---------+----------| 
     | core/wbm_adr_o_reg[20] | CK ^            |        |       |   0.002 |   -1.318 | 
     | core/wbm_adr_o_reg[20] | CK ^ -> Q ^     | DFFQX4 | 0.090 |   0.092 |   -1.228 | 
     | pad_wbm_adr_o20        | A ^ -> PAD ^    | PADDO  | 0.998 |   1.090 |   -0.230 | 
     |                        | wbm_adr_o[20] ^ |        | 0.000 |   1.090 |   -0.230 | 
     +--------------------------------------------------------------------------------+ 
Path 28: MET Early External Delay Assertion 
Endpoint:   wbm_adr_o[5]            (^) checked with  leading edge of 'clk'
Beginpoint: core/wbm_adr_o_reg[5]/Q (^) triggered by  leading edge of 'clk'
Path Groups: {reg2out}
Analysis View: analysis1
Other End Arrival Time          0.000
- External Delay                0.250
+ Phase Shift                   0.000
+ Uncertainty                   0.020
= Required Time                -0.230
  Arrival Time                  1.091
  Slack Time                    1.321
     Clock Rise Edge                 0.000
     + Clock Network Latency (Prop)  -0.000
     = Beginpoint Arrival Time       -0.000
     +------------------------------------------------------------------------------+ 
     |       Instance        |      Arc       |  Cell  | Delay | Arrival | Required | 
     |                       |                |        |       |  Time   |   Time   | 
     |-----------------------+----------------+--------+-------+---------+----------| 
     | core/wbm_adr_o_reg[5] | CK ^           |        |       |  -0.000 |   -1.322 | 
     | core/wbm_adr_o_reg[5] | CK ^ -> Q ^    | DFFQX4 | 0.097 |   0.097 |   -1.224 | 
     | pad_wbm_adr_o5        | A ^ -> PAD ^   | PADDO  | 0.994 |   1.091 |   -0.230 | 
     |                       | wbm_adr_o[5] ^ |        | 0.000 |   1.091 |   -0.230 | 
     +------------------------------------------------------------------------------+ 
Path 29: MET Early External Delay Assertion 
Endpoint:   pcpi_rs2[17]                         (^) checked with  leading edge 
of 'clk'
Beginpoint: core/picorv32_core_reg_op2_reg[17]/Q (^) triggered by  leading edge 
of 'clk'
Path Groups: {reg2out}
Analysis View: analysis1
Other End Arrival Time          0.000
- External Delay                0.250
+ Phase Shift                   0.000
+ Uncertainty                   0.020
= Required Time                -0.230
  Arrival Time                  1.093
  Slack Time                    1.323
     Clock Rise Edge                 0.000
     + Clock Network Latency (Prop)  -0.004
     = Beginpoint Arrival Time       -0.004
     +-------------------------------------------------------------------------------------------+ 
     |              Instance              |      Arc       |  Cell  | Delay | Arrival | Required | 
     |                                    |                |        |       |  Time   |   Time   | 
     |------------------------------------+----------------+--------+-------+---------+----------| 
     | core/picorv32_core_reg_op2_reg[17] | CK ^           |        |       |  -0.004 |   -1.327 | 
     | core/picorv32_core_reg_op2_reg[17] | CK ^ -> Q ^    | DFFQX4 | 0.128 |   0.124 |   -1.199 | 
     | pad_pcpi_rs217                     | A ^ -> PAD ^   | PADDO  | 0.969 |   1.093 |   -0.230 | 
     |                                    | pcpi_rs2[17] ^ |        | 0.000 |   1.093 |   -0.230 | 
     +-------------------------------------------------------------------------------------------+ 
Path 30: MET Early External Delay Assertion 
Endpoint:   pcpi_rs2[8]                         (^) checked with  leading edge 
of 'clk'
Beginpoint: core/picorv32_core_reg_op2_reg[8]/Q (^) triggered by  leading edge 
of 'clk'
Path Groups: {reg2out}
Analysis View: analysis1
Other End Arrival Time          0.000
- External Delay                0.250
+ Phase Shift                   0.000
+ Uncertainty                   0.020
= Required Time                -0.230
  Arrival Time                  1.093
  Slack Time                    1.323
     Clock Rise Edge                 0.000
     + Clock Network Latency (Prop)  -0.003
     = Beginpoint Arrival Time       -0.003
     +------------------------------------------------------------------------------------------+ 
     |             Instance              |      Arc      |  Cell   | Delay | Arrival | Required | 
     |                                   |               |         |       |  Time   |   Time   | 
     |-----------------------------------+---------------+---------+-------+---------+----------| 
     | core/picorv32_core_reg_op2_reg[8] | CK ^          |         |       |  -0.003 |   -1.327 | 
     | core/picorv32_core_reg_op2_reg[8] | CK ^ -> Q ^   | DFFHQX8 | 0.090 |   0.087 |   -1.236 | 
     | pad_pcpi_rs28                     | A ^ -> PAD ^  | PADDO   | 1.006 |   1.093 |   -0.230 | 
     |                                   | pcpi_rs2[8] ^ |         | 0.000 |   1.093 |   -0.230 | 
     +------------------------------------------------------------------------------------------+ 
Path 31: MET Early External Delay Assertion 
Endpoint:   pcpi_rs2[25]                         (^) checked with  leading edge 
of 'clk'
Beginpoint: core/picorv32_core_reg_op2_reg[25]/Q (^) triggered by  leading edge 
of 'clk'
Path Groups: {reg2out}
Analysis View: analysis1
Other End Arrival Time          0.000
- External Delay                0.250
+ Phase Shift                   0.000
+ Uncertainty                   0.020
= Required Time                -0.230
  Arrival Time                  1.094
  Slack Time                    1.324
     Clock Rise Edge                 0.000
     + Clock Network Latency (Prop)  -0.009
     = Beginpoint Arrival Time       -0.009
     +--------------------------------------------------------------------------------------------+ 
     |              Instance              |      Arc       |  Cell   | Delay | Arrival | Required | 
     |                                    |                |         |       |  Time   |   Time   | 
     |------------------------------------+----------------+---------+-------+---------+----------| 
     | core/picorv32_core_reg_op2_reg[25] | CK ^           |         |       |  -0.009 |   -1.333 | 
     | core/picorv32_core_reg_op2_reg[25] | CK ^ -> Q ^    | DFFHQX8 | 0.082 |   0.073 |   -1.252 | 
     | pad_pcpi_rs225                     | A ^ -> PAD ^   | PADDO   | 1.022 |   1.094 |   -0.230 | 
     |                                    | pcpi_rs2[25] ^ |         | 0.000 |   1.094 |   -0.230 | 
     +--------------------------------------------------------------------------------------------+ 
Path 32: MET Early External Delay Assertion 
Endpoint:   wbm_adr_o[4]            (^) checked with  leading edge of 'clk'
Beginpoint: core/wbm_adr_o_reg[4]/Q (^) triggered by  leading edge of 'clk'
Path Groups: {reg2out}
Analysis View: analysis1
Other End Arrival Time          0.000
- External Delay                0.250
+ Phase Shift                   0.000
+ Uncertainty                   0.020
= Required Time                -0.230
  Arrival Time                  1.095
  Slack Time                    1.325
     Clock Rise Edge                 0.000
     + Clock Network Latency (Prop)  -0.000
     = Beginpoint Arrival Time       -0.000
     +------------------------------------------------------------------------------+ 
     |       Instance        |      Arc       |  Cell  | Delay | Arrival | Required | 
     |                       |                |        |       |  Time   |   Time   | 
     |-----------------------+----------------+--------+-------+---------+----------| 
     | core/wbm_adr_o_reg[4] | CK ^           |        |       |  -0.000 |   -1.326 | 
     | core/wbm_adr_o_reg[4] | CK ^ -> Q ^    | DFFQX4 | 0.097 |   0.097 |   -1.228 | 
     | pad_wbm_adr_o4        | A ^ -> PAD ^   | PADDO  | 0.998 |   1.095 |   -0.230 | 
     |                       | wbm_adr_o[4] ^ |        | 0.000 |   1.095 |   -0.230 | 
     +------------------------------------------------------------------------------+ 
Path 33: MET Early External Delay Assertion 
Endpoint:   wbm_adr_o[21]            (^) checked with  leading edge of 'clk'
Beginpoint: core/wbm_adr_o_reg[21]/Q (^) triggered by  leading edge of 'clk'
Path Groups: {reg2out}
Analysis View: analysis1
Other End Arrival Time          0.000
- External Delay                0.250
+ Phase Shift                   0.000
+ Uncertainty                   0.020
= Required Time                -0.230
  Arrival Time                  1.095
  Slack Time                    1.325
     Clock Rise Edge                 0.000
     + Clock Network Latency (Prop)  0.002
     = Beginpoint Arrival Time       0.002
     +--------------------------------------------------------------------------------+ 
     |        Instance        |       Arc       |  Cell  | Delay | Arrival | Required | 
     |                        |                 |        |       |  Time   |   Time   | 
     |------------------------+-----------------+--------+-------+---------+----------| 
     | core/wbm_adr_o_reg[21] | CK ^            |        |       |   0.002 |   -1.323 | 
     | core/wbm_adr_o_reg[21] | CK ^ -> Q ^     | DFFQX4 | 0.090 |   0.092 |   -1.233 | 
     | pad_wbm_adr_o21        | A ^ -> PAD ^    | PADDO  | 1.003 |   1.095 |   -0.230 | 
     |                        | wbm_adr_o[21] ^ |        | 0.000 |   1.095 |   -0.230 | 
     +--------------------------------------------------------------------------------+ 
Path 34: MET Early External Delay Assertion 
Endpoint:   pcpi_rs1[31]                         (^) checked with  leading edge 
of 'clk'
Beginpoint: core/picorv32_core_reg_op1_reg[31]/Q (^) triggered by  leading edge 
of 'clk'
Path Groups: {reg2out}
Analysis View: analysis1
Other End Arrival Time          0.000
- External Delay                0.250
+ Phase Shift                   0.000
+ Uncertainty                   0.020
= Required Time                -0.230
  Arrival Time                  1.095
  Slack Time                    1.325
     Clock Rise Edge                 0.000
     + Clock Network Latency (Prop)  -0.006
     = Beginpoint Arrival Time       -0.006
     +--------------------------------------------------------------------------------------------+ 
     |              Instance              |      Arc       |  Cell   | Delay | Arrival | Required | 
     |                                    |                |         |       |  Time   |   Time   | 
     |------------------------------------+----------------+---------+-------+---------+----------| 
     | core/picorv32_core_reg_op1_reg[31] | CK ^           |         |       |  -0.006 |   -1.332 | 
     | core/picorv32_core_reg_op1_reg[31] | CK ^ -> Q ^    | DFFHQX8 | 0.074 |   0.068 |   -1.258 | 
     | pad_pcpi_rs131                     | A ^ -> PAD ^   | PADDO   | 1.028 |   1.095 |   -0.230 | 
     |                                    | pcpi_rs1[31] ^ |         | 0.000 |   1.095 |   -0.230 | 
     +--------------------------------------------------------------------------------------------+ 
Path 35: MET Early External Delay Assertion 
Endpoint:   wbm_adr_o[3]            (^) checked with  leading edge of 'clk'
Beginpoint: core/wbm_adr_o_reg[3]/Q (^) triggered by  leading edge of 'clk'
Path Groups: {reg2out}
Analysis View: analysis1
Other End Arrival Time          0.000
- External Delay                0.250
+ Phase Shift                   0.000
+ Uncertainty                   0.020
= Required Time                -0.230
  Arrival Time                  1.096
  Slack Time                    1.326
     Clock Rise Edge                 0.000
     + Clock Network Latency (Prop)  -0.000
     = Beginpoint Arrival Time       -0.000
     +------------------------------------------------------------------------------+ 
     |       Instance        |      Arc       |  Cell  | Delay | Arrival | Required | 
     |                       |                |        |       |  Time   |   Time   | 
     |-----------------------+----------------+--------+-------+---------+----------| 
     | core/wbm_adr_o_reg[3] | CK ^           |        |       |  -0.000 |   -1.327 | 
     | core/wbm_adr_o_reg[3] | CK ^ -> Q ^    | DFFQX4 | 0.096 |   0.095 |   -1.231 | 
     | pad_wbm_adr_o3        | A ^ -> PAD ^   | PADDO  | 1.001 |   1.096 |   -0.230 | 
     |                       | wbm_adr_o[3] ^ |        | 0.000 |   1.096 |   -0.230 | 
     +------------------------------------------------------------------------------+ 
Path 36: MET Early External Delay Assertion 
Endpoint:   wbm_adr_o[19]            (^) checked with  leading edge of 'clk'
Beginpoint: core/wbm_adr_o_reg[19]/Q (^) triggered by  leading edge of 'clk'
Path Groups: {reg2out}
Analysis View: analysis1
Other End Arrival Time          0.000
- External Delay                0.250
+ Phase Shift                   0.000
+ Uncertainty                   0.020
= Required Time                -0.230
  Arrival Time                  1.097
  Slack Time                    1.327
     Clock Rise Edge                 0.000
     + Clock Network Latency (Prop)  0.002
     = Beginpoint Arrival Time       0.002
     +--------------------------------------------------------------------------------+ 
     |        Instance        |       Arc       |  Cell  | Delay | Arrival | Required | 
     |                        |                 |        |       |  Time   |   Time   | 
     |------------------------+-----------------+--------+-------+---------+----------| 
     | core/wbm_adr_o_reg[19] | CK ^            |        |       |   0.002 |   -1.325 | 
     | core/wbm_adr_o_reg[19] | CK ^ -> Q ^     | DFFQX4 | 0.099 |   0.101 |   -1.226 | 
     | pad_wbm_adr_o19        | A ^ -> PAD ^    | PADDO  | 0.996 |   1.097 |   -0.230 | 
     |                        | wbm_adr_o[19] ^ |        | 0.000 |   1.097 |   -0.230 | 
     +--------------------------------------------------------------------------------+ 
Path 37: MET Early External Delay Assertion 
Endpoint:   wbm_adr_o[17]            (^) checked with  leading edge of 'clk'
Beginpoint: core/wbm_adr_o_reg[17]/Q (^) triggered by  leading edge of 'clk'
Path Groups: {reg2out}
Analysis View: analysis1
Other End Arrival Time          0.000
- External Delay                0.250
+ Phase Shift                   0.000
+ Uncertainty                   0.020
= Required Time                -0.230
  Arrival Time                  1.098
  Slack Time                    1.328
     Clock Rise Edge                 0.000
     + Clock Network Latency (Prop)  -0.001
     = Beginpoint Arrival Time       -0.001
     +--------------------------------------------------------------------------------+ 
     |        Instance        |       Arc       |  Cell  | Delay | Arrival | Required | 
     |                        |                 |        |       |  Time   |   Time   | 
     |------------------------+-----------------+--------+-------+---------+----------| 
     | core/wbm_adr_o_reg[17] | CK ^            |        |       |  -0.001 |   -1.329 | 
     | core/wbm_adr_o_reg[17] | CK ^ -> Q ^     | DFFQX4 | 0.089 |   0.088 |   -1.240 | 
     | pad_wbm_adr_o17        | A ^ -> PAD ^    | PADDO  | 1.010 |   1.098 |   -0.230 | 
     |                        | wbm_adr_o[17] ^ |        | 0.000 |   1.098 |   -0.230 | 
     +--------------------------------------------------------------------------------+ 
Path 38: MET Early External Delay Assertion 
Endpoint:   pcpi_rs2[7]                         (^) checked with  leading edge 
of 'clk'
Beginpoint: core/picorv32_core_reg_op2_reg[7]/Q (^) triggered by  leading edge 
of 'clk'
Path Groups: {reg2out}
Analysis View: analysis1
Other End Arrival Time          0.000
- External Delay                0.250
+ Phase Shift                   0.000
+ Uncertainty                   0.020
= Required Time                -0.230
  Arrival Time                  1.098
  Slack Time                    1.328
     Clock Rise Edge                 0.000
     + Clock Network Latency (Prop)  -0.004
     = Beginpoint Arrival Time       -0.004
     +------------------------------------------------------------------------------------------+ 
     |             Instance              |      Arc      |  Cell   | Delay | Arrival | Required | 
     |                                   |               |         |       |  Time   |   Time   | 
     |-----------------------------------+---------------+---------+-------+---------+----------| 
     | core/picorv32_core_reg_op2_reg[7] | CK ^          |         |       |  -0.004 |   -1.332 | 
     | core/picorv32_core_reg_op2_reg[7] | CK ^ -> Q ^   | DFFHQX8 | 0.089 |   0.084 |   -1.244 | 
     | pad_pcpi_rs27                     | A ^ -> PAD ^  | PADDO   | 1.014 |   1.098 |   -0.230 | 
     |                                   | pcpi_rs2[7] ^ |         | 0.000 |   1.098 |   -0.230 | 
     +------------------------------------------------------------------------------------------+ 
Path 39: MET Early External Delay Assertion 
Endpoint:   pcpi_rs2[26]                         (^) checked with  leading edge 
of 'clk'
Beginpoint: core/picorv32_core_reg_op2_reg[26]/Q (^) triggered by  leading edge 
of 'clk'
Path Groups: {reg2out}
Analysis View: analysis1
Other End Arrival Time          0.000
- External Delay                0.250
+ Phase Shift                   0.000
+ Uncertainty                   0.020
= Required Time                -0.230
  Arrival Time                  1.098
  Slack Time                    1.328
     Clock Rise Edge                 0.000
     + Clock Network Latency (Prop)  -0.008
     = Beginpoint Arrival Time       -0.008
     +--------------------------------------------------------------------------------------------+ 
     |              Instance              |      Arc       |  Cell   | Delay | Arrival | Required | 
     |                                    |                |         |       |  Time   |   Time   | 
     |------------------------------------+----------------+---------+-------+---------+----------| 
     | core/picorv32_core_reg_op2_reg[26] | CK ^           |         |       |  -0.008 |   -1.336 | 
     | core/picorv32_core_reg_op2_reg[26] | CK ^ -> Q ^    | DFFHQX8 | 0.084 |   0.076 |   -1.252 | 
     | pad_pcpi_rs226                     | A ^ -> PAD ^   | PADDO   | 1.022 |   1.098 |   -0.230 | 
     |                                    | pcpi_rs2[26] ^ |         | 0.000 |   1.098 |   -0.230 | 
     +--------------------------------------------------------------------------------------------+ 
Path 40: MET Early External Delay Assertion 
Endpoint:   wbm_adr_o[2]            (^) checked with  leading edge of 'clk'
Beginpoint: core/wbm_adr_o_reg[2]/Q (^) triggered by  leading edge of 'clk'
Path Groups: {reg2out}
Analysis View: analysis1
Other End Arrival Time          0.000
- External Delay                0.250
+ Phase Shift                   0.000
+ Uncertainty                   0.020
= Required Time                -0.230
  Arrival Time                  1.100
  Slack Time                    1.330
     Clock Rise Edge                 0.000
     + Clock Network Latency (Prop)  -0.000
     = Beginpoint Arrival Time       -0.000
     +------------------------------------------------------------------------------+ 
     |       Instance        |      Arc       |  Cell  | Delay | Arrival | Required | 
     |                       |                |        |       |  Time   |   Time   | 
     |-----------------------+----------------+--------+-------+---------+----------| 
     | core/wbm_adr_o_reg[2] | CK ^           |        |       |  -0.000 |   -1.330 | 
     | core/wbm_adr_o_reg[2] | CK ^ -> Q ^    | DFFQX4 | 0.090 |   0.089 |   -1.240 | 
     | pad_wbm_adr_o2        | A ^ -> PAD ^   | PADDO  | 1.010 |   1.100 |   -0.230 | 
     |                       | wbm_adr_o[2] ^ |        | 0.000 |   1.100 |   -0.230 | 
     +------------------------------------------------------------------------------+ 
Path 41: MET Early External Delay Assertion 
Endpoint:   wbm_adr_o[22]            (^) checked with  leading edge of 'clk'
Beginpoint: core/wbm_adr_o_reg[22]/Q (^) triggered by  leading edge of 'clk'
Path Groups: {reg2out}
Analysis View: analysis1
Other End Arrival Time          0.000
- External Delay                0.250
+ Phase Shift                   0.000
+ Uncertainty                   0.020
= Required Time                -0.230
  Arrival Time                  1.100
  Slack Time                    1.330
     Clock Rise Edge                 0.000
     + Clock Network Latency (Prop)  0.002
     = Beginpoint Arrival Time       0.002
     +--------------------------------------------------------------------------------+ 
     |        Instance        |       Arc       |  Cell  | Delay | Arrival | Required | 
     |                        |                 |        |       |  Time   |   Time   | 
     |------------------------+-----------------+--------+-------+---------+----------| 
     | core/wbm_adr_o_reg[22] | CK ^            |        |       |   0.002 |   -1.328 | 
     | core/wbm_adr_o_reg[22] | CK ^ -> Q ^     | DFFQX4 | 0.090 |   0.092 |   -1.238 | 
     | pad_wbm_adr_o22        | A ^ -> PAD ^    | PADDO  | 1.008 |   1.100 |   -0.230 | 
     |                        | wbm_adr_o[22] ^ |        | 0.000 |   1.100 |   -0.230 | 
     +--------------------------------------------------------------------------------+ 
Path 42: MET Early External Delay Assertion 
Endpoint:   pcpi_rs2[6]                         (^) checked with  leading edge 
of 'clk'
Beginpoint: core/picorv32_core_reg_op2_reg[6]/Q (^) triggered by  leading edge 
of 'clk'
Path Groups: {reg2out}
Analysis View: analysis1
Other End Arrival Time          0.000
- External Delay                0.250
+ Phase Shift                   0.000
+ Uncertainty                   0.020
= Required Time                -0.230
  Arrival Time                  1.100
  Slack Time                    1.330
     Clock Rise Edge                 0.000
     + Clock Network Latency (Prop)  -0.003
     = Beginpoint Arrival Time       -0.003
     +------------------------------------------------------------------------------------------+ 
     |             Instance              |      Arc      |  Cell   | Delay | Arrival | Required | 
     |                                   |               |         |       |  Time   |   Time   | 
     |-----------------------------------+---------------+---------+-------+---------+----------| 
     | core/picorv32_core_reg_op2_reg[6] | CK ^          |         |       |  -0.003 |   -1.334 | 
     | core/picorv32_core_reg_op2_reg[6] | CK ^ -> Q ^   | DFFHQX8 | 0.095 |   0.092 |   -1.238 | 
     | pad_pcpi_rs26                     | A ^ -> PAD ^  | PADDO   | 1.008 |   1.100 |   -0.230 | 
     |                                   | pcpi_rs2[6] ^ |         | 0.000 |   1.100 |   -0.230 | 
     +------------------------------------------------------------------------------------------+ 
Path 43: MET Early External Delay Assertion 
Endpoint:   pcpi_rs2[27]                         (^) checked with  leading edge 
of 'clk'
Beginpoint: core/picorv32_core_reg_op2_reg[27]/Q (^) triggered by  leading edge 
of 'clk'
Path Groups: {reg2out}
Analysis View: analysis1
Other End Arrival Time          0.000
- External Delay                0.250
+ Phase Shift                   0.000
+ Uncertainty                   0.020
= Required Time                -0.230
  Arrival Time                  1.103
  Slack Time                    1.333
     Clock Rise Edge                 0.000
     + Clock Network Latency (Prop)  -0.008
     = Beginpoint Arrival Time       -0.008
     +--------------------------------------------------------------------------------------------+ 
     |              Instance              |      Arc       |  Cell   | Delay | Arrival | Required | 
     |                                    |                |         |       |  Time   |   Time   | 
     |------------------------------------+----------------+---------+-------+---------+----------| 
     | core/picorv32_core_reg_op2_reg[27] | CK ^           |         |       |  -0.008 |   -1.341 | 
     | core/picorv32_core_reg_op2_reg[27] | CK ^ -> Q ^    | DFFHQX8 | 0.084 |   0.076 |   -1.257 | 
     | pad_pcpi_rs227                     | A ^ -> PAD ^   | PADDO   | 1.027 |   1.103 |   -0.230 | 
     |                                    | pcpi_rs2[27] ^ |         | 0.000 |   1.103 |   -0.230 | 
     +--------------------------------------------------------------------------------------------+ 
Path 44: MET Early External Delay Assertion 
Endpoint:   pcpi_rs2[5]                         (^) checked with  leading edge 
of 'clk'
Beginpoint: core/picorv32_core_reg_op2_reg[5]/Q (^) triggered by  leading edge 
of 'clk'
Path Groups: {reg2out}
Analysis View: analysis1
Other End Arrival Time          0.000
- External Delay                0.250
+ Phase Shift                   0.000
+ Uncertainty                   0.020
= Required Time                -0.230
  Arrival Time                  1.104
  Slack Time                    1.334
     Clock Rise Edge                 0.000
     + Clock Network Latency (Prop)  -0.003
     = Beginpoint Arrival Time       -0.003
     +------------------------------------------------------------------------------------------+ 
     |             Instance              |      Arc      |  Cell   | Delay | Arrival | Required | 
     |                                   |               |         |       |  Time   |   Time   | 
     |-----------------------------------+---------------+---------+-------+---------+----------| 
     | core/picorv32_core_reg_op2_reg[5] | CK ^          |         |       |  -0.003 |   -1.338 | 
     | core/picorv32_core_reg_op2_reg[5] | CK ^ -> Q ^   | DFFHQX8 | 0.094 |   0.091 |   -1.243 | 
     | pad_pcpi_rs25                     | A ^ -> PAD ^  | PADDO   | 1.013 |   1.104 |   -0.230 | 
     |                                   | pcpi_rs2[5] ^ |         | 0.000 |   1.104 |   -0.230 | 
     +------------------------------------------------------------------------------------------+ 
Path 45: MET Early External Delay Assertion 
Endpoint:   wbm_adr_o[23]            (^) checked with  leading edge of 'clk'
Beginpoint: core/wbm_adr_o_reg[23]/Q (^) triggered by  leading edge of 'clk'
Path Groups: {reg2out}
Analysis View: analysis1
Other End Arrival Time          0.000
- External Delay                0.250
+ Phase Shift                   0.000
+ Uncertainty                   0.020
= Required Time                -0.230
  Arrival Time                  1.104
  Slack Time                    1.334
     Clock Rise Edge                 0.000
     + Clock Network Latency (Prop)  0.002
     = Beginpoint Arrival Time       0.002
     +--------------------------------------------------------------------------------+ 
     |        Instance        |       Arc       |  Cell  | Delay | Arrival | Required | 
     |                        |                 |        |       |  Time   |   Time   | 
     |------------------------+-----------------+--------+-------+---------+----------| 
     | core/wbm_adr_o_reg[23] | CK ^            |        |       |   0.002 |   -1.332 | 
     | core/wbm_adr_o_reg[23] | CK ^ -> Q ^     | DFFQX4 | 0.089 |   0.092 |   -1.243 | 
     | pad_wbm_adr_o23        | A ^ -> PAD ^    | PADDO  | 1.013 |   1.104 |   -0.230 | 
     |                        | wbm_adr_o[23] ^ |        | 0.000 |   1.104 |   -0.230 | 
     +--------------------------------------------------------------------------------+ 
Path 46: MET Early External Delay Assertion 
Endpoint:   pcpi_rs2[29]                         (^) checked with  leading edge 
of 'clk'
Beginpoint: core/picorv32_core_reg_op2_reg[29]/Q (^) triggered by  leading edge 
of 'clk'
Path Groups: {reg2out}
Analysis View: analysis1
Other End Arrival Time          0.000
- External Delay                0.250
+ Phase Shift                   0.000
+ Uncertainty                   0.020
= Required Time                -0.230
  Arrival Time                  1.105
  Slack Time                    1.335
     Clock Rise Edge                 0.000
     + Clock Network Latency (Prop)  -0.009
     = Beginpoint Arrival Time       -0.009
     +--------------------------------------------------------------------------------------------+ 
     |              Instance              |      Arc       |  Cell   | Delay | Arrival | Required | 
     |                                    |                |         |       |  Time   |   Time   | 
     |------------------------------------+----------------+---------+-------+---------+----------| 
     | core/picorv32_core_reg_op2_reg[29] | CK ^           |         |       |  -0.009 |   -1.344 | 
     | core/picorv32_core_reg_op2_reg[29] | CK ^ -> Q ^    | DFFHQX8 | 0.084 |   0.075 |   -1.260 | 
     | pad_pcpi_rs229                     | A ^ -> PAD ^   | PADDO   | 1.030 |   1.105 |   -0.230 | 
     |                                    | pcpi_rs2[29] ^ |         | 0.000 |   1.105 |   -0.230 | 
     +--------------------------------------------------------------------------------------------+ 
Path 47: MET Early External Delay Assertion 
Endpoint:   pcpi_rs2[28]                         (^) checked with  leading edge 
of 'clk'
Beginpoint: core/picorv32_core_reg_op2_reg[28]/Q (^) triggered by  leading edge 
of 'clk'
Path Groups: {reg2out}
Analysis View: analysis1
Other End Arrival Time          0.000
- External Delay                0.250
+ Phase Shift                   0.000
+ Uncertainty                   0.020
= Required Time                -0.230
  Arrival Time                  1.107
  Slack Time                    1.337
     Clock Rise Edge                 0.000
     + Clock Network Latency (Prop)  -0.004
     = Beginpoint Arrival Time       -0.004
     +--------------------------------------------------------------------------------------------+ 
     |              Instance              |      Arc       |  Cell   | Delay | Arrival | Required | 
     |                                    |                |         |       |  Time   |   Time   | 
     |------------------------------------+----------------+---------+-------+---------+----------| 
     | core/picorv32_core_reg_op2_reg[28] | CK ^           |         |       |  -0.004 |   -1.340 | 
     | core/picorv32_core_reg_op2_reg[28] | CK ^ -> Q ^    | DFFHQX8 | 0.082 |   0.079 |   -1.258 | 
     | pad_pcpi_rs228                     | A ^ -> PAD ^   | PADDO   | 1.028 |   1.107 |   -0.230 | 
     |                                    | pcpi_rs2[28] ^ |         | 0.000 |   1.107 |   -0.230 | 
     +--------------------------------------------------------------------------------------------+ 
Path 48: MET Early External Delay Assertion 
Endpoint:   wbm_adr_o[25]            (^) checked with  leading edge of 'clk'
Beginpoint: core/wbm_adr_o_reg[25]/Q (^) triggered by  leading edge of 'clk'
Path Groups: {reg2out}
Analysis View: analysis1
Other End Arrival Time          0.000
- External Delay                0.250
+ Phase Shift                   0.000
+ Uncertainty                   0.020
= Required Time                -0.230
  Arrival Time                  1.114
  Slack Time                    1.344
     Clock Rise Edge                 0.000
     + Clock Network Latency (Prop)  0.002
     = Beginpoint Arrival Time       0.002
     +--------------------------------------------------------------------------------+ 
     |        Instance        |       Arc       |  Cell  | Delay | Arrival | Required | 
     |                        |                 |        |       |  Time   |   Time   | 
     |------------------------+-----------------+--------+-------+---------+----------| 
     | core/wbm_adr_o_reg[25] | CK ^            |        |       |   0.002 |   -1.342 | 
     | core/wbm_adr_o_reg[25] | CK ^ -> Q ^     | DFFQX4 | 0.089 |   0.091 |   -1.253 | 
     | pad_wbm_adr_o25        | A ^ -> PAD ^    | PADDO  | 1.023 |   1.114 |   -0.230 | 
     |                        | wbm_adr_o[25] ^ |        | 0.000 |   1.114 |   -0.230 | 
     +--------------------------------------------------------------------------------+ 
Path 49: MET Early External Delay Assertion 
Endpoint:   pcpi_rs2[30]                         (^) checked with  leading edge 
of 'clk'
Beginpoint: core/picorv32_core_reg_op2_reg[30]/Q (^) triggered by  leading edge 
of 'clk'
Path Groups: {reg2out}
Analysis View: analysis1
Other End Arrival Time          0.000
- External Delay                0.250
+ Phase Shift                   0.000
+ Uncertainty                   0.020
= Required Time                -0.230
  Arrival Time                  1.115
  Slack Time                    1.345
     Clock Rise Edge                 0.000
     + Clock Network Latency (Prop)  -0.005
     = Beginpoint Arrival Time       -0.005
     +--------------------------------------------------------------------------------------------+ 
     |              Instance              |      Arc       |  Cell   | Delay | Arrival | Required | 
     |                                    |                |         |       |  Time   |   Time   | 
     |------------------------------------+----------------+---------+-------+---------+----------| 
     | core/picorv32_core_reg_op2_reg[30] | CK ^           |         |       |  -0.005 |   -1.349 | 
     | core/picorv32_core_reg_op2_reg[30] | CK ^ -> Q ^    | DFFHQX8 | 0.080 |   0.075 |   -1.269 | 
     | pad_pcpi_rs230                     | A ^ -> PAD ^   | PADDO   | 1.039 |   1.115 |   -0.230 | 
     |                                    | pcpi_rs2[30] ^ |         | 0.000 |   1.115 |   -0.230 | 
     +--------------------------------------------------------------------------------------------+ 
Path 50: MET Early External Delay Assertion 
Endpoint:   pcpi_rs2[31]                         (^) checked with  leading edge 
of 'clk'
Beginpoint: core/picorv32_core_reg_op2_reg[31]/Q (^) triggered by  leading edge 
of 'clk'
Path Groups: {reg2out}
Analysis View: analysis1
Other End Arrival Time          0.000
- External Delay                0.250
+ Phase Shift                   0.000
+ Uncertainty                   0.020
= Required Time                -0.230
  Arrival Time                  1.116
  Slack Time                    1.346
     Clock Rise Edge                 0.000
     + Clock Network Latency (Prop)  -0.005
     = Beginpoint Arrival Time       -0.005
     +--------------------------------------------------------------------------------------------+ 
     |              Instance              |      Arc       |  Cell   | Delay | Arrival | Required | 
     |                                    |                |         |       |  Time   |   Time   | 
     |------------------------------------+----------------+---------+-------+---------+----------| 
     | core/picorv32_core_reg_op2_reg[31] | CK ^           |         |       |  -0.005 |   -1.351 | 
     | core/picorv32_core_reg_op2_reg[31] | CK ^ -> Q ^    | DFFHQX8 | 0.087 |   0.082 |   -1.264 | 
     | pad_pcpi_rs231                     | A ^ -> PAD ^   | PADDO   | 1.034 |   1.116 |   -0.230 | 
     |                                    | pcpi_rs2[31] ^ |         | 0.000 |   1.116 |   -0.230 | 
     +--------------------------------------------------------------------------------------------+ 

