###############################################################
#  Generated by:      Cadence Innovus 21.35-s114_1
#  OS:                Linux x86_64(Host ID cn88.it.auth.gr)
#  Generated on:      Thu Jan  8 23:36:13 2026
#  Design:            picorv32_pads
#  Command:           report_timing -path_group reg2reg -check_type hold -max_paths 50 > reports/postRouting/reg2reg_hold.rpt
###############################################################
Path 1: MET Hold Check with Pin core/picorv32_core_count_cycle_reg[0]/CK 
Endpoint:   core/picorv32_core_count_cycle_reg[0]/D (v) checked with  leading 
edge of 'clk'
Beginpoint: core/picorv32_core_count_cycle_reg[0]/Q (^) triggered by  leading 
edge of 'clk'
Path Groups: {reg2reg}
Analysis View: analysis1
Other End Arrival Time         -0.008
+ Hold                          0.002
+ Phase Shift                   0.000
+ Uncertainty                   0.020
= Required Time                 0.014
  Arrival Time                  0.047
  Slack Time                    0.032
     Clock Rise Edge                 0.000
     + Clock Network Latency (Prop)  -0.008
     = Beginpoint Arrival Time       -0.008
     +--------------------------------------------------------------------------------------------+ 
     |               Instance                |     Arc     |  Cell   | Delay | Arrival | Required | 
     |                                       |             |         |       |  Time   |   Time   | 
     |---------------------------------------+-------------+---------+-------+---------+----------| 
     | core/picorv32_core_count_cycle_reg[0] | CK ^        |         |       |  -0.008 |   -0.041 | 
     | core/picorv32_core_count_cycle_reg[0] | CK ^ -> Q ^ | DFFHQX1 | 0.044 |   0.036 |    0.003 | 
     | core/picorv32_core_g195403            | A ^ -> Y v  | NOR2X1  | 0.011 |   0.047 |    0.014 | 
     | core/picorv32_core_count_cycle_reg[0] | D v         | DFFHQX1 | 0.000 |   0.047 |    0.014 | 
     +--------------------------------------------------------------------------------------------+ 
Path 2: MET Hold Check with Pin core/picorv32_core_mem_rdata_q_reg[31]/CK 
Endpoint:   core/picorv32_core_mem_rdata_q_reg[31]/D (v) checked with  leading 
edge of 'clk'
Beginpoint: core/mem_rdata_reg[31]/Q                 (v) triggered by  leading 
edge of 'clk'
Path Groups: {reg2reg}
Analysis View: analysis1
Other End Arrival Time         -0.008
+ Hold                         -0.010
+ Phase Shift                   0.000
+ Uncertainty                   0.020
= Required Time                 0.002
  Arrival Time                  0.038
  Slack Time                    0.036
     Clock Rise Edge                 0.000
     + Clock Network Latency (Prop)  -0.008
     = Beginpoint Arrival Time       -0.008
     +----------------------------------------------------------------------------------------------+ 
     |                Instance                |     Arc     |   Cell   | Delay | Arrival | Required | 
     |                                        |             |          |       |  Time   |   Time   | 
     |----------------------------------------+-------------+----------+-------+---------+----------| 
     | core/mem_rdata_reg[31]                 | CK ^        |          |       |  -0.008 |   -0.044 | 
     | core/mem_rdata_reg[31]                 | CK ^ -> Q v | EDFFX2   | 0.046 |   0.038 |    0.002 | 
     | core/picorv32_core_mem_rdata_q_reg[31] | D v         | EDFFHQX1 | 0.000 |   0.038 |    0.002 | 
     +----------------------------------------------------------------------------------------------+ 
Path 3: MET Hold Check with Pin core/picorv32_core_mem_rdata_q_reg[27]/CK 
Endpoint:   core/picorv32_core_mem_rdata_q_reg[27]/D (v) checked with  leading 
edge of 'clk'
Beginpoint: core/mem_rdata_reg[27]/Q                 (v) triggered by  leading 
edge of 'clk'
Path Groups: {reg2reg}
Analysis View: analysis1
Other End Arrival Time         -0.006
+ Hold                         -0.010
+ Phase Shift                   0.000
+ Uncertainty                   0.020
= Required Time                 0.004
  Arrival Time                  0.040
  Slack Time                    0.036
     Clock Rise Edge                 0.000
     + Clock Network Latency (Prop)  -0.007
     = Beginpoint Arrival Time       -0.007
     +----------------------------------------------------------------------------------------------+ 
     |                Instance                |     Arc     |   Cell   | Delay | Arrival | Required | 
     |                                        |             |          |       |  Time   |   Time   | 
     |----------------------------------------+-------------+----------+-------+---------+----------| 
     | core/mem_rdata_reg[27]                 | CK ^        |          |       |  -0.007 |   -0.043 | 
     | core/mem_rdata_reg[27]                 | CK ^ -> Q v | EDFFX2   | 0.047 |   0.040 |    0.004 | 
     | core/picorv32_core_mem_rdata_q_reg[27] | D v         | EDFFHQX1 | 0.000 |   0.040 |    0.004 | 
     +----------------------------------------------------------------------------------------------+ 
Path 4: MET Hold Check with Pin core/picorv32_core_mem_rdata_q_reg[26]/CK 
Endpoint:   core/picorv32_core_mem_rdata_q_reg[26]/D (v) checked with  leading 
edge of 'clk'
Beginpoint: core/mem_rdata_reg[26]/Q                 (v) triggered by  leading 
edge of 'clk'
Path Groups: {reg2reg}
Analysis View: analysis1
Other End Arrival Time         -0.006
+ Hold                         -0.010
+ Phase Shift                   0.000
+ Uncertainty                   0.020
= Required Time                 0.003
  Arrival Time                  0.041
  Slack Time                    0.037
     Clock Rise Edge                 0.000
     + Clock Network Latency (Prop)  -0.006
     = Beginpoint Arrival Time       -0.006
     +----------------------------------------------------------------------------------------------+ 
     |                Instance                |     Arc     |   Cell   | Delay | Arrival | Required | 
     |                                        |             |          |       |  Time   |   Time   | 
     |----------------------------------------+-------------+----------+-------+---------+----------| 
     | core/mem_rdata_reg[26]                 | CK ^        |          |       |  -0.006 |   -0.044 | 
     | core/mem_rdata_reg[26]                 | CK ^ -> Q v | EDFFX2   | 0.047 |   0.041 |    0.003 | 
     | core/picorv32_core_mem_rdata_q_reg[26] | D v         | EDFFHQX1 | 0.000 |   0.041 |    0.003 | 
     +----------------------------------------------------------------------------------------------+ 
Path 5: MET Hold Check with Pin core/picorv32_core_genblk1.pcpi_mul_rs2_reg[1]/
CK 
Endpoint:   core/picorv32_core_genblk1.pcpi_mul_rs2_reg[1]/D0 (v) checked with  
leading edge of 'clk'
Beginpoint: core/picorv32_core_genblk1.pcpi_mul_rs2_reg[1]/Q  (v) triggered by  
leading edge of 'clk'
Path Groups: {reg2reg}
Analysis View: analysis1
Other End Arrival Time         -0.008
+ Hold                         -0.010
+ Phase Shift                   0.000
+ Uncertainty                   0.020
= Required Time                 0.002
  Arrival Time                  0.039
  Slack Time                    0.037
     Clock Rise Edge                 0.000
     + Clock Network Latency (Prop)  -0.008
     = Beginpoint Arrival Time       -0.008
     +------------------------------------------------------------------------------------------------------+ 
     |                    Instance                    |     Arc     |   Cell   | Delay | Arrival | Required | 
     |                                                |             |          |       |  Time   |   Time   | 
     |------------------------------------------------+-------------+----------+-------+---------+----------| 
     | core/picorv32_core_genblk1.pcpi_mul_rs2_reg[1] | CK ^        |          |       |  -0.008 |   -0.045 | 
     | core/picorv32_core_genblk1.pcpi_mul_rs2_reg[1] | CK ^ -> Q v | MDFFHQX1 | 0.047 |   0.039 |    0.002 | 
     | core/picorv32_core_genblk1.pcpi_mul_rs2_reg[1] | D0 v        | MDFFHQX1 | 0.000 |   0.039 |    0.002 | 
     +------------------------------------------------------------------------------------------------------+ 
Path 6: MET Hold Check with Pin core/picorv32_core_mem_rdata_q_reg[29]/CK 
Endpoint:   core/picorv32_core_mem_rdata_q_reg[29]/D (v) checked with  leading 
edge of 'clk'
Beginpoint: core/mem_rdata_reg[29]/Q                 (v) triggered by  leading 
edge of 'clk'
Path Groups: {reg2reg}
Analysis View: analysis1
Other End Arrival Time         -0.007
+ Hold                         -0.010
+ Phase Shift                   0.000
+ Uncertainty                   0.020
= Required Time                 0.002
  Arrival Time                  0.041
  Slack Time                    0.038
     Clock Rise Edge                 0.000
     + Clock Network Latency (Prop)  -0.007
     = Beginpoint Arrival Time       -0.007
     +----------------------------------------------------------------------------------------------+ 
     |                Instance                |     Arc     |   Cell   | Delay | Arrival | Required | 
     |                                        |             |          |       |  Time   |   Time   | 
     |----------------------------------------+-------------+----------+-------+---------+----------| 
     | core/mem_rdata_reg[29]                 | CK ^        |          |       |  -0.007 |   -0.045 | 
     | core/mem_rdata_reg[29]                 | CK ^ -> Q v | EDFFX2   | 0.048 |   0.041 |    0.002 | 
     | core/picorv32_core_mem_rdata_q_reg[29] | D v         | EDFFHQX1 | 0.000 |   0.041 |    0.002 | 
     +----------------------------------------------------------------------------------------------+ 
Path 7: MET Hold Check with Pin core/picorv32_core_mem_rdata_q_reg[28]/CK 
Endpoint:   core/picorv32_core_mem_rdata_q_reg[28]/D (v) checked with  leading 
edge of 'clk'
Beginpoint: core/mem_rdata_reg[28]/Q                 (v) triggered by  leading 
edge of 'clk'
Path Groups: {reg2reg}
Analysis View: analysis1
Other End Arrival Time         -0.006
+ Hold                         -0.010
+ Phase Shift                   0.000
+ Uncertainty                   0.020
= Required Time                 0.003
  Arrival Time                  0.041
  Slack Time                    0.038
     Clock Rise Edge                 0.000
     + Clock Network Latency (Prop)  -0.007
     = Beginpoint Arrival Time       -0.007
     +----------------------------------------------------------------------------------------------+ 
     |                Instance                |     Arc     |   Cell   | Delay | Arrival | Required | 
     |                                        |             |          |       |  Time   |   Time   | 
     |----------------------------------------+-------------+----------+-------+---------+----------| 
     | core/mem_rdata_reg[28]                 | CK ^        |          |       |  -0.007 |   -0.045 | 
     | core/mem_rdata_reg[28]                 | CK ^ -> Q v | EDFFX2   | 0.048 |   0.041 |    0.003 | 
     | core/picorv32_core_mem_rdata_q_reg[28] | D v         | EDFFHQX1 | 0.000 |   0.041 |    0.003 | 
     +----------------------------------------------------------------------------------------------+ 
Path 8: MET Hold Check with Pin core/picorv32_core_mem_rdata_q_reg[25]/CK 
Endpoint:   core/picorv32_core_mem_rdata_q_reg[25]/D (v) checked with  leading 
edge of 'clk'
Beginpoint: core/mem_rdata_reg[25]/Q                 (v) triggered by  leading 
edge of 'clk'
Path Groups: {reg2reg}
Analysis View: analysis1
Other End Arrival Time         -0.007
+ Hold                         -0.012
+ Phase Shift                   0.000
+ Uncertainty                   0.020
= Required Time                 0.001
  Arrival Time                  0.039
  Slack Time                    0.038
     Clock Rise Edge                 0.000
     + Clock Network Latency (Prop)  -0.006
     = Beginpoint Arrival Time       -0.006
     +--------------------------------------------------------------------------------------------+ 
     |                Instance                |     Arc     |  Cell  | Delay | Arrival | Required | 
     |                                        |             |        |       |  Time   |   Time   | 
     |----------------------------------------+-------------+--------+-------+---------+----------| 
     | core/mem_rdata_reg[25]                 | CK ^        |        |       |  -0.006 |   -0.045 | 
     | core/mem_rdata_reg[25]                 | CK ^ -> Q v | EDFFX2 | 0.045 |   0.039 |    0.001 | 
     | core/picorv32_core_mem_rdata_q_reg[25] | D v         | EDFFX2 | 0.000 |   0.039 |    0.001 | 
     +--------------------------------------------------------------------------------------------+ 
Path 9: MET Hold Check with Pin core/picorv32_core_genblk1.pcpi_mul_rs2_reg[31]/
CK 
Endpoint:   core/picorv32_core_genblk1.pcpi_mul_rs2_reg[31]/D0 (v) checked with 
leading edge of 'clk'
Beginpoint: core/picorv32_core_genblk1.pcpi_mul_rs2_reg[31]/Q  (v) triggered by 
leading edge of 'clk'
Path Groups: {reg2reg}
Analysis View: analysis1
Other End Arrival Time         -0.005
+ Hold                         -0.010
+ Phase Shift                   0.000
+ Uncertainty                   0.020
= Required Time                 0.005
  Arrival Time                  0.044
  Slack Time                    0.039
     Clock Rise Edge                 0.000
     + Clock Network Latency (Prop)  -0.005
     = Beginpoint Arrival Time       -0.005
     +-------------------------------------------------------------------------------------------------------+ 
     |                    Instance                     |     Arc     |   Cell   | Delay | Arrival | Required | 
     |                                                 |             |          |       |  Time   |   Time   | 
     |-------------------------------------------------+-------------+----------+-------+---------+----------| 
     | core/picorv32_core_genblk1.pcpi_mul_rs2_reg[31] | CK ^        |          |       |  -0.005 |   -0.043 | 
     | core/picorv32_core_genblk1.pcpi_mul_rs2_reg[31] | CK ^ -> Q v | MDFFHQX1 | 0.048 |   0.044 |    0.005 | 
     | core/picorv32_core_genblk1.pcpi_mul_rs2_reg[31] | D0 v        | MDFFHQX1 | 0.000 |   0.044 |    0.005 | 
     +-------------------------------------------------------------------------------------------------------+ 
Path 10: MET Hold Check with Pin core/picorv32_core_genblk1.pcpi_mul_rs2_
reg[27]/CK 
Endpoint:   core/picorv32_core_genblk1.pcpi_mul_rs2_reg[27]/D0 (v) checked with 
leading edge of 'clk'
Beginpoint: core/picorv32_core_genblk1.pcpi_mul_rs2_reg[27]/Q  (v) triggered by 
leading edge of 'clk'
Path Groups: {reg2reg}
Analysis View: analysis1
Other End Arrival Time         -0.005
+ Hold                         -0.010
+ Phase Shift                   0.000
+ Uncertainty                   0.020
= Required Time                 0.005
  Arrival Time                  0.044
  Slack Time                    0.039
     Clock Rise Edge                 0.000
     + Clock Network Latency (Prop)  -0.005
     = Beginpoint Arrival Time       -0.005
     +-------------------------------------------------------------------------------------------------------+ 
     |                    Instance                     |     Arc     |   Cell   | Delay | Arrival | Required | 
     |                                                 |             |          |       |  Time   |   Time   | 
     |-------------------------------------------------+-------------+----------+-------+---------+----------| 
     | core/picorv32_core_genblk1.pcpi_mul_rs2_reg[27] | CK ^        |          |       |  -0.005 |   -0.043 | 
     | core/picorv32_core_genblk1.pcpi_mul_rs2_reg[27] | CK ^ -> Q v | MDFFHQX1 | 0.048 |   0.044 |    0.005 | 
     | core/picorv32_core_genblk1.pcpi_mul_rs2_reg[27] | D0 v        | MDFFHQX1 | 0.000 |   0.044 |    0.005 | 
     +-------------------------------------------------------------------------------------------------------+ 
Path 11: MET Hold Check with Pin core/picorv32_core_genblk1.pcpi_mul_rs2_
reg[25]/CK 
Endpoint:   core/picorv32_core_genblk1.pcpi_mul_rs2_reg[25]/D0 (v) checked with 
leading edge of 'clk'
Beginpoint: core/picorv32_core_genblk1.pcpi_mul_rs2_reg[25]/Q  (v) triggered by 
leading edge of 'clk'
Path Groups: {reg2reg}
Analysis View: analysis1
Other End Arrival Time         -0.005
+ Hold                         -0.010
+ Phase Shift                   0.000
+ Uncertainty                   0.020
= Required Time                 0.005
  Arrival Time                  0.043
  Slack Time                    0.039
     Clock Rise Edge                 0.000
     + Clock Network Latency (Prop)  -0.005
     = Beginpoint Arrival Time       -0.005
     +-------------------------------------------------------------------------------------------------------+ 
     |                    Instance                     |     Arc     |   Cell   | Delay | Arrival | Required | 
     |                                                 |             |          |       |  Time   |   Time   | 
     |-------------------------------------------------+-------------+----------+-------+---------+----------| 
     | core/picorv32_core_genblk1.pcpi_mul_rs2_reg[25] | CK ^        |          |       |  -0.005 |   -0.044 | 
     | core/picorv32_core_genblk1.pcpi_mul_rs2_reg[25] | CK ^ -> Q v | MDFFHQX1 | 0.048 |   0.043 |    0.005 | 
     | core/picorv32_core_genblk1.pcpi_mul_rs2_reg[25] | D0 v        | MDFFHQX1 | 0.000 |   0.043 |    0.005 | 
     +-------------------------------------------------------------------------------------------------------+ 
Path 12: MET Hold Check with Pin core/picorv32_core_genblk2.pcpi_div_pcpi_wait_
q_reg/CK 
Endpoint:   core/picorv32_core_genblk2.pcpi_div_pcpi_wait_q_reg/D (v) checked 
with  leading edge of 'clk'
Beginpoint: core/picorv32_core_genblk2.pcpi_div_pcpi_wait_reg/Q   (v) triggered 
by  leading edge of 'clk'
Path Groups: {reg2reg}
Analysis View: analysis1
Other End Arrival Time         -0.006
+ Hold                          0.000
+ Phase Shift                   0.000
+ Uncertainty                   0.020
= Required Time                 0.015
  Arrival Time                  0.053
  Slack Time                    0.039
     Clock Rise Edge                 0.000
     + Clock Network Latency (Prop)  -0.006
     = Beginpoint Arrival Time       -0.006
     +--------------------------------------------------------------------------------------------------------+ 
     |                      Instance                      |     Arc     |  Cell  | Delay | Arrival | Required | 
     |                                                    |             |        |       |  Time   |   Time   | 
     |----------------------------------------------------+-------------+--------+-------+---------+----------| 
     | core/picorv32_core_genblk2.pcpi_div_pcpi_wait_reg  | CK ^        |        |       |  -0.006 |   -0.044 | 
     | core/picorv32_core_genblk2.pcpi_div_pcpi_wait_reg  | CK ^ -> Q v | DFFQXL | 0.046 |   0.040 |    0.001 | 
     | core/picorv32_core_genblk2.pcpi_div_g8572          | B v -> Y v  | AND2XL | 0.013 |   0.053 |    0.015 | 
     | core/picorv32_core_genblk2.pcpi_div_pcpi_wait_q_re | D v         | DFFQXL | 0.000 |   0.053 |    0.015 | 
     | g                                                  |             |        |       |         |          | 
     +--------------------------------------------------------------------------------------------------------+ 
Path 13: MET Hold Check with Pin core/picorv32_core_pcpi_insn_reg[21]/CK 
Endpoint:   core/picorv32_core_pcpi_insn_reg[21]/D   (v) checked with  leading 
edge of 'clk'
Beginpoint: core/picorv32_core_mem_rdata_q_reg[21]/Q (v) triggered by  leading 
edge of 'clk'
Path Groups: {reg2reg}
Analysis View: analysis1
Other End Arrival Time         -0.005
+ Hold                         -0.010
+ Phase Shift                   0.000
+ Uncertainty                   0.020
= Required Time                 0.006
  Arrival Time                  0.045
  Slack Time                    0.039
     Clock Rise Edge                 0.000
     + Clock Network Latency (Prop)  -0.006
     = Beginpoint Arrival Time       -0.006
     +----------------------------------------------------------------------------------------------+ 
     |                Instance                |     Arc     |   Cell   | Delay | Arrival | Required | 
     |                                        |             |          |       |  Time   |   Time   | 
     |----------------------------------------+-------------+----------+-------+---------+----------| 
     | core/picorv32_core_mem_rdata_q_reg[21] | CK ^        |          |       |  -0.006 |   -0.045 | 
     | core/picorv32_core_mem_rdata_q_reg[21] | CK ^ -> Q v | EDFFX2   | 0.051 |   0.044 |    0.005 | 
     | core/picorv32_core_pcpi_insn_reg[21]   | D v         | EDFFHQX8 | 0.000 |   0.045 |    0.006 | 
     +----------------------------------------------------------------------------------------------+ 
Path 14: MET Hold Check with Pin core/picorv32_core_pcpi_insn_reg[0]/CK 
Endpoint:   core/picorv32_core_pcpi_insn_reg[0]/D   (v) checked with  leading 
edge of 'clk'
Beginpoint: core/picorv32_core_mem_rdata_q_reg[0]/Q (v) triggered by  leading 
edge of 'clk'
Path Groups: {reg2reg}
Analysis View: analysis1
Other End Arrival Time         -0.006
+ Hold                         -0.010
+ Phase Shift                   0.000
+ Uncertainty                   0.020
= Required Time                 0.005
  Arrival Time                  0.044
  Slack Time                    0.039
     Clock Rise Edge                 0.000
     + Clock Network Latency (Prop)  -0.006
     = Beginpoint Arrival Time       -0.006
     +---------------------------------------------------------------------------------------------+ 
     |               Instance                |     Arc     |   Cell   | Delay | Arrival | Required | 
     |                                       |             |          |       |  Time   |   Time   | 
     |---------------------------------------+-------------+----------+-------+---------+----------| 
     | core/picorv32_core_mem_rdata_q_reg[0] | CK ^        |          |       |  -0.006 |   -0.046 | 
     | core/picorv32_core_mem_rdata_q_reg[0] | CK ^ -> Q v | EDFFHQX1 | 0.051 |   0.044 |    0.005 | 
     | core/picorv32_core_pcpi_insn_reg[0]   | D v         | EDFFHQX8 | 0.000 |   0.044 |    0.005 | 
     +---------------------------------------------------------------------------------------------+ 
Path 15: MET Hold Check with Pin core/picorv32_core_pcpi_timeout_counter_reg[3]/
CK 
Endpoint:   core/picorv32_core_pcpi_timeout_counter_reg[3]/D (v) checked with  
leading edge of 'clk'
Beginpoint: core/picorv32_core_pcpi_timeout_counter_reg[3]/Q (v) triggered by  
leading edge of 'clk'
Path Groups: {reg2reg}
Analysis View: analysis1
Other End Arrival Time         -0.006
+ Hold                          0.002
+ Phase Shift                   0.000
+ Uncertainty                   0.020
= Required Time                 0.016
  Arrival Time                  0.056
  Slack Time                    0.039
     Clock Rise Edge                 0.000
     + Clock Network Latency (Prop)  -0.006
     = Beginpoint Arrival Time       -0.006
     +--------------------------------------------------------------------------------------------------------+ 
     |                    Instance                    |     Arc      |   Cell    | Delay | Arrival | Required | 
     |                                                |              |           |       |  Time   |   Time   | 
     |------------------------------------------------+--------------+-----------+-------+---------+----------| 
     | core/picorv32_core_pcpi_timeout_counter_reg[3] | CK ^         |           |       |  -0.006 |   -0.046 | 
     | core/picorv32_core_pcpi_timeout_counter_reg[3] | CK ^ -> Q v  | DFFHQX1   | 0.043 |   0.037 |   -0.003 | 
     | core/picorv32_core_g194467                     | A0N v -> Y v | OAI2BB1X1 | 0.019 |   0.056 |    0.016 | 
     | core/picorv32_core_pcpi_timeout_counter_reg[3] | D v          | DFFHQX1   | 0.000 |   0.056 |    0.016 | 
     +--------------------------------------------------------------------------------------------------------+ 
Path 16: MET Hold Check with Pin core/picorv32_core_genblk1.pcpi_mul_rs2_
reg[19]/CK 
Endpoint:   core/picorv32_core_genblk1.pcpi_mul_rs2_reg[19]/D0 (v) checked with 
leading edge of 'clk'
Beginpoint: core/picorv32_core_genblk1.pcpi_mul_rs2_reg[19]/Q  (v) triggered by 
leading edge of 'clk'
Path Groups: {reg2reg}
Analysis View: analysis1
Other End Arrival Time         -0.005
+ Hold                         -0.010
+ Phase Shift                   0.000
+ Uncertainty                   0.020
= Required Time                 0.004
  Arrival Time                  0.044
  Slack Time                    0.040
     Clock Rise Edge                 0.000
     + Clock Network Latency (Prop)  -0.005
     = Beginpoint Arrival Time       -0.005
     +-------------------------------------------------------------------------------------------------------+ 
     |                    Instance                     |     Arc     |   Cell   | Delay | Arrival | Required | 
     |                                                 |             |          |       |  Time   |   Time   | 
     |-------------------------------------------------+-------------+----------+-------+---------+----------| 
     | core/picorv32_core_genblk1.pcpi_mul_rs2_reg[19] | CK ^        |          |       |  -0.005 |   -0.045 | 
     | core/picorv32_core_genblk1.pcpi_mul_rs2_reg[19] | CK ^ -> Q v | MDFFHQX1 | 0.049 |   0.044 |    0.004 | 
     | core/picorv32_core_genblk1.pcpi_mul_rs2_reg[19] | D0 v        | MDFFHQX1 | 0.000 |   0.044 |    0.004 | 
     +-------------------------------------------------------------------------------------------------------+ 
Path 17: MET Hold Check with Pin core/picorv32_core_mem_rdata_q_reg[24]/CK 
Endpoint:   core/picorv32_core_mem_rdata_q_reg[24]/D (v) checked with  leading 
edge of 'clk'
Beginpoint: core/mem_rdata_reg[24]/Q                 (v) triggered by  leading 
edge of 'clk'
Path Groups: {reg2reg}
Analysis View: analysis1
Other End Arrival Time         -0.006
+ Hold                         -0.013
+ Phase Shift                   0.000
+ Uncertainty                   0.020
= Required Time                 0.001
  Arrival Time                  0.041
  Slack Time                    0.040
     Clock Rise Edge                 0.000
     + Clock Network Latency (Prop)  -0.006
     = Beginpoint Arrival Time       -0.006
     +--------------------------------------------------------------------------------------------+ 
     |                Instance                |     Arc     |  Cell  | Delay | Arrival | Required | 
     |                                        |             |        |       |  Time   |   Time   | 
     |----------------------------------------+-------------+--------+-------+---------+----------| 
     | core/mem_rdata_reg[24]                 | CK ^        |        |       |  -0.006 |   -0.046 | 
     | core/mem_rdata_reg[24]                 | CK ^ -> Q v | EDFFX2 | 0.047 |   0.041 |    0.001 | 
     | core/picorv32_core_mem_rdata_q_reg[24] | D v         | EDFFX2 | 0.000 |   0.041 |    0.001 | 
     +--------------------------------------------------------------------------------------------+ 
Path 18: MET Hold Check with Pin core/picorv32_core_genblk1.pcpi_mul_rs2_reg[3]/
CK 
Endpoint:   core/picorv32_core_genblk1.pcpi_mul_rs2_reg[3]/D0 (v) checked with  
leading edge of 'clk'
Beginpoint: core/picorv32_core_genblk1.pcpi_mul_rs2_reg[3]/Q  (v) triggered by  
leading edge of 'clk'
Path Groups: {reg2reg}
Analysis View: analysis1
Other End Arrival Time         -0.006
+ Hold                         -0.010
+ Phase Shift                   0.000
+ Uncertainty                   0.020
= Required Time                 0.004
  Arrival Time                  0.044
  Slack Time                    0.040
     Clock Rise Edge                 0.000
     + Clock Network Latency (Prop)  -0.006
     = Beginpoint Arrival Time       -0.006
     +------------------------------------------------------------------------------------------------------+ 
     |                    Instance                    |     Arc     |   Cell   | Delay | Arrival | Required | 
     |                                                |             |          |       |  Time   |   Time   | 
     |------------------------------------------------+-------------+----------+-------+---------+----------| 
     | core/picorv32_core_genblk1.pcpi_mul_rs2_reg[3] | CK ^        |          |       |  -0.006 |   -0.046 | 
     | core/picorv32_core_genblk1.pcpi_mul_rs2_reg[3] | CK ^ -> Q v | MDFFHQX1 | 0.049 |   0.044 |    0.004 | 
     | core/picorv32_core_genblk1.pcpi_mul_rs2_reg[3] | D0 v        | MDFFHQX1 | 0.000 |   0.044 |    0.004 | 
     +------------------------------------------------------------------------------------------------------+ 
Path 19: MET Hold Check with Pin core/picorv32_core_pcpi_insn_reg[1]/CK 
Endpoint:   core/picorv32_core_pcpi_insn_reg[1]/D   (v) checked with  leading 
edge of 'clk'
Beginpoint: core/picorv32_core_mem_rdata_q_reg[1]/Q (v) triggered by  leading 
edge of 'clk'
Path Groups: {reg2reg}
Analysis View: analysis1
Other End Arrival Time         -0.006
+ Hold                         -0.010
+ Phase Shift                   0.000
+ Uncertainty                   0.020
= Required Time                 0.004
  Arrival Time                  0.044
  Slack Time                    0.040
     Clock Rise Edge                 0.000
     + Clock Network Latency (Prop)  -0.006
     = Beginpoint Arrival Time       -0.006
     +---------------------------------------------------------------------------------------------+ 
     |               Instance                |     Arc     |   Cell   | Delay | Arrival | Required | 
     |                                       |             |          |       |  Time   |   Time   | 
     |---------------------------------------+-------------+----------+-------+---------+----------| 
     | core/picorv32_core_mem_rdata_q_reg[1] | CK ^        |          |       |  -0.006 |   -0.046 | 
     | core/picorv32_core_mem_rdata_q_reg[1] | CK ^ -> Q v | EDFFHQX1 | 0.050 |   0.044 |    0.004 | 
     | core/picorv32_core_pcpi_insn_reg[1]   | D v         | EDFFHQX8 | 0.000 |   0.044 |    0.004 | 
     +---------------------------------------------------------------------------------------------+ 
Path 20: MET Hold Check with Pin core/picorv32_core_pcpi_insn_reg[24]/CK 
Endpoint:   core/picorv32_core_pcpi_insn_reg[24]/D   (v) checked with  leading 
edge of 'clk'
Beginpoint: core/picorv32_core_mem_rdata_q_reg[24]/Q (v) triggered by  leading 
edge of 'clk'
Path Groups: {reg2reg}
Analysis View: analysis1
Other End Arrival Time         -0.005
+ Hold                         -0.010
+ Phase Shift                   0.000
+ Uncertainty                   0.020
= Required Time                 0.006
  Arrival Time                  0.045
  Slack Time                    0.040
     Clock Rise Edge                 0.000
     + Clock Network Latency (Prop)  -0.006
     = Beginpoint Arrival Time       -0.006
     +----------------------------------------------------------------------------------------------+ 
     |                Instance                |     Arc     |   Cell   | Delay | Arrival | Required | 
     |                                        |             |          |       |  Time   |   Time   | 
     |----------------------------------------+-------------+----------+-------+---------+----------| 
     | core/picorv32_core_mem_rdata_q_reg[24] | CK ^        |          |       |  -0.006 |   -0.046 | 
     | core/picorv32_core_mem_rdata_q_reg[24] | CK ^ -> Q v | EDFFX2   | 0.051 |   0.045 |    0.005 | 
     | core/picorv32_core_pcpi_insn_reg[24]   | D v         | EDFFHQX4 | 0.000 |   0.045 |    0.006 | 
     +----------------------------------------------------------------------------------------------+ 
Path 21: MET Hold Check with Pin core/picorv32_core_genblk1.pcpi_mul_rs2_
reg[15]/CK 
Endpoint:   core/picorv32_core_genblk1.pcpi_mul_rs2_reg[15]/D0 (v) checked with 
leading edge of 'clk'
Beginpoint: core/picorv32_core_genblk1.pcpi_mul_rs2_reg[15]/Q  (v) triggered by 
leading edge of 'clk'
Path Groups: {reg2reg}
Analysis View: analysis1
Other End Arrival Time         -0.006
+ Hold                         -0.010
+ Phase Shift                   0.000
+ Uncertainty                   0.020
= Required Time                 0.004
  Arrival Time                  0.044
  Slack Time                    0.040
     Clock Rise Edge                 0.000
     + Clock Network Latency (Prop)  -0.006
     = Beginpoint Arrival Time       -0.006
     +-------------------------------------------------------------------------------------------------------+ 
     |                    Instance                     |     Arc     |   Cell   | Delay | Arrival | Required | 
     |                                                 |             |          |       |  Time   |   Time   | 
     |-------------------------------------------------+-------------+----------+-------+---------+----------| 
     | core/picorv32_core_genblk1.pcpi_mul_rs2_reg[15] | CK ^        |          |       |  -0.006 |   -0.046 | 
     | core/picorv32_core_genblk1.pcpi_mul_rs2_reg[15] | CK ^ -> Q v | MDFFHQX1 | 0.050 |   0.044 |    0.004 | 
     | core/picorv32_core_genblk1.pcpi_mul_rs2_reg[15] | D0 v        | MDFFHQX1 | 0.000 |   0.044 |    0.004 | 
     +-------------------------------------------------------------------------------------------------------+ 
Path 22: MET Hold Check with Pin core/picorv32_core_genblk1.pcpi_mul_rs2_
reg[13]/CK 
Endpoint:   core/picorv32_core_genblk1.pcpi_mul_rs2_reg[13]/D0 (v) checked with 
leading edge of 'clk'
Beginpoint: core/picorv32_core_genblk1.pcpi_mul_rs2_reg[13]/Q  (v) triggered by 
leading edge of 'clk'
Path Groups: {reg2reg}
Analysis View: analysis1
Other End Arrival Time         -0.006
+ Hold                         -0.010
+ Phase Shift                   0.000
+ Uncertainty                   0.020
= Required Time                 0.003
  Arrival Time                  0.043
  Slack Time                    0.040
     Clock Rise Edge                 0.000
     + Clock Network Latency (Prop)  -0.006
     = Beginpoint Arrival Time       -0.006
     +-------------------------------------------------------------------------------------------------------+ 
     |                    Instance                     |     Arc     |   Cell   | Delay | Arrival | Required | 
     |                                                 |             |          |       |  Time   |   Time   | 
     |-------------------------------------------------+-------------+----------+-------+---------+----------| 
     | core/picorv32_core_genblk1.pcpi_mul_rs2_reg[13] | CK ^        |          |       |  -0.006 |   -0.046 | 
     | core/picorv32_core_genblk1.pcpi_mul_rs2_reg[13] | CK ^ -> Q v | MDFFHQX1 | 0.050 |   0.043 |    0.003 | 
     | core/picorv32_core_genblk1.pcpi_mul_rs2_reg[13] | D0 v        | MDFFHQX1 | 0.000 |   0.043 |    0.003 | 
     +-------------------------------------------------------------------------------------------------------+ 
Path 23: MET Hold Check with Pin core/picorv32_core_genblk1.pcpi_mul_rs2_
reg[21]/CK 
Endpoint:   core/picorv32_core_genblk1.pcpi_mul_rs2_reg[21]/D0 (v) checked with 
leading edge of 'clk'
Beginpoint: core/picorv32_core_genblk1.pcpi_mul_rs2_reg[21]/Q  (v) triggered by 
leading edge of 'clk'
Path Groups: {reg2reg}
Analysis View: analysis1
Other End Arrival Time         -0.005
+ Hold                         -0.010
+ Phase Shift                   0.000
+ Uncertainty                   0.020
= Required Time                 0.005
  Arrival Time                  0.045
  Slack Time                    0.040
     Clock Rise Edge                 0.000
     + Clock Network Latency (Prop)  -0.005
     = Beginpoint Arrival Time       -0.005
     +-------------------------------------------------------------------------------------------------------+ 
     |                    Instance                     |     Arc     |   Cell   | Delay | Arrival | Required | 
     |                                                 |             |          |       |  Time   |   Time   | 
     |-------------------------------------------------+-------------+----------+-------+---------+----------| 
     | core/picorv32_core_genblk1.pcpi_mul_rs2_reg[21] | CK ^        |          |       |  -0.005 |   -0.045 | 
     | core/picorv32_core_genblk1.pcpi_mul_rs2_reg[21] | CK ^ -> Q v | MDFFHQX1 | 0.050 |   0.045 |    0.005 | 
     | core/picorv32_core_genblk1.pcpi_mul_rs2_reg[21] | D0 v        | MDFFHQX1 | 0.000 |   0.045 |    0.005 | 
     +-------------------------------------------------------------------------------------------------------+ 
Path 24: MET Hold Check with Pin core/picorv32_core_genblk1.pcpi_mul_active_
reg[1]/CK 
Endpoint:   core/picorv32_core_genblk1.pcpi_mul_active_reg[1]/D  (v) checked 
with  leading edge of 'clk'
Beginpoint: core/picorv32_core_genblk1.pcpi_mul_active_reg[0]/QN (^) triggered 
by  leading edge of 'clk'
Path Groups: {reg2reg}
Analysis View: analysis1
Other End Arrival Time         -0.007
+ Hold                          0.001
+ Phase Shift                   0.000
+ Uncertainty                   0.020
= Required Time                 0.014
  Arrival Time                  0.054
  Slack Time                    0.040
     Clock Rise Edge                 0.000
     + Clock Network Latency (Prop)  -0.008
     = Beginpoint Arrival Time       -0.008
     +--------------------------------------------------------------------------------------------------------+ 
     |                     Instance                      |     Arc      |  Cell  | Delay | Arrival | Required | 
     |                                                   |              |        |       |  Time   |   Time   | 
     |---------------------------------------------------+--------------+--------+-------+---------+----------| 
     | core/picorv32_core_genblk1.pcpi_mul_active_reg[0] | CK ^         |        |       |  -0.008 |   -0.048 | 
     | core/picorv32_core_genblk1.pcpi_mul_active_reg[0] | CK ^ -> QN ^ | DFFX1  | 0.052 |   0.044 |    0.004 | 
     | core/picorv32_core_g195433                        | A ^ -> Y v   | NOR2X1 | 0.010 |   0.054 |    0.014 | 
     | core/picorv32_core_genblk1.pcpi_mul_active_reg[1] | D v          | DFFX1  | 0.000 |   0.054 |    0.014 | 
     +--------------------------------------------------------------------------------------------------------+ 
Path 25: MET Hold Check with Pin core/picorv32_core_genblk1.pcpi_mul_rs2_reg[7]/
CK 
Endpoint:   core/picorv32_core_genblk1.pcpi_mul_rs2_reg[7]/D0 (v) checked with  
leading edge of 'clk'
Beginpoint: core/picorv32_core_genblk1.pcpi_mul_rs2_reg[7]/Q  (v) triggered by  
leading edge of 'clk'
Path Groups: {reg2reg}
Analysis View: analysis1
Other End Arrival Time         -0.008
+ Hold                         -0.011
+ Phase Shift                   0.000
+ Uncertainty                   0.020
= Required Time                 0.001
  Arrival Time                  0.043
  Slack Time                    0.042
     Clock Rise Edge                 0.000
     + Clock Network Latency (Prop)  -0.008
     = Beginpoint Arrival Time       -0.008
     +------------------------------------------------------------------------------------------------------+ 
     |                    Instance                    |     Arc     |   Cell   | Delay | Arrival | Required | 
     |                                                |             |          |       |  Time   |   Time   | 
     |------------------------------------------------+-------------+----------+-------+---------+----------| 
     | core/picorv32_core_genblk1.pcpi_mul_rs2_reg[7] | CK ^        |          |       |  -0.008 |   -0.050 | 
     | core/picorv32_core_genblk1.pcpi_mul_rs2_reg[7] | CK ^ -> Q v | MDFFHQX1 | 0.051 |   0.043 |    0.001 | 
     | core/picorv32_core_genblk1.pcpi_mul_rs2_reg[7] | D0 v        | MDFFHQX1 | 0.000 |   0.043 |    0.001 | 
     +------------------------------------------------------------------------------------------------------+ 
Path 26: MET Hold Check with Pin core/picorv32_core_genblk1.pcpi_mul_rs2_reg[9]/
CK 
Endpoint:   core/picorv32_core_genblk1.pcpi_mul_rs2_reg[9]/D0 (v) checked with  
leading edge of 'clk'
Beginpoint: core/picorv32_core_genblk1.pcpi_mul_rs2_reg[9]/Q  (v) triggered by  
leading edge of 'clk'
Path Groups: {reg2reg}
Analysis View: analysis1
Other End Arrival Time         -0.008
+ Hold                         -0.011
+ Phase Shift                   0.000
+ Uncertainty                   0.020
= Required Time                 0.001
  Arrival Time                  0.043
  Slack Time                    0.042
     Clock Rise Edge                 0.000
     + Clock Network Latency (Prop)  -0.008
     = Beginpoint Arrival Time       -0.008
     +------------------------------------------------------------------------------------------------------+ 
     |                    Instance                    |     Arc     |   Cell   | Delay | Arrival | Required | 
     |                                                |             |          |       |  Time   |   Time   | 
     |------------------------------------------------+-------------+----------+-------+---------+----------| 
     | core/picorv32_core_genblk1.pcpi_mul_rs2_reg[9] | CK ^        |          |       |  -0.008 |   -0.051 | 
     | core/picorv32_core_genblk1.pcpi_mul_rs2_reg[9] | CK ^ -> Q v | MDFFHQX1 | 0.051 |   0.043 |    0.001 | 
     | core/picorv32_core_genblk1.pcpi_mul_rs2_reg[9] | D0 v        | MDFFHQX1 | 0.000 |   0.043 |    0.001 | 
     +------------------------------------------------------------------------------------------------------+ 
Path 27: MET Hold Check with Pin core/picorv32_core_genblk2.pcpi_div_quotient_
msk_reg[4]/CK 
Endpoint:   core/picorv32_core_genblk2.pcpi_div_quotient_msk_reg[4]/D (v) 
checked with  leading edge of 'clk'
Beginpoint: core/picorv32_core_genblk2.pcpi_div_quotient_msk_reg[4]/Q (v) 
triggered by  leading edge of 'clk'
Path Groups: {reg2reg}
Analysis View: analysis1
Other End Arrival Time         -0.006
+ Hold                          0.002
+ Phase Shift                   0.000
+ Uncertainty                   0.020
= Required Time                 0.016
  Arrival Time                  0.058
  Slack Time                    0.042
     Clock Rise Edge                 0.000
     + Clock Network Latency (Prop)  -0.006
     = Beginpoint Arrival Time       -0.006
     +------------------------------------------------------------------------------------------------------------+ 
     |                      Instance                      |     Arc      |   Cell    | Delay | Arrival | Required | 
     |                                                    |              |           |       |  Time   |   Time   | 
     |----------------------------------------------------+--------------+-----------+-------+---------+----------| 
     | core/picorv32_core_genblk2.pcpi_div_quotient_msk_r | CK ^         |           |       |  -0.006 |   -0.049 | 
     | eg[4]                                              |              |           |       |         |          | 
     | core/picorv32_core_genblk2.pcpi_div_quotient_msk_r | CK ^ -> Q v  | DFFHQX1   | 0.046 |   0.040 |   -0.003 | 
     | eg[4]                                              |              |           |       |         |          | 
     | core/FE_RC_1798_0                                  | A1N v -> Y v | OAI2BB1X1 | 0.019 |   0.058 |    0.016 | 
     | core/picorv32_core_genblk2.pcpi_div_quotient_msk_r | D v          | DFFHQX1   | 0.000 |   0.058 |    0.016 | 
     | eg[4]                                              |              |           |       |         |          | 
     +------------------------------------------------------------------------------------------------------------+ 
Path 28: MET Hold Check with Pin core/picorv32_core_is_sltiu_bltu_sltu_reg/CK 
Endpoint:   core/picorv32_core_is_sltiu_bltu_sltu_reg/D (v) checked with  
leading edge of 'clk'
Beginpoint: core/picorv32_core_instr_bltu_reg/Q         (v) triggered by  
leading edge of 'clk'
Path Groups: {reg2reg}
Analysis View: analysis1
Other End Arrival Time         -0.009
+ Hold                          0.002
+ Phase Shift                   0.000
+ Uncertainty                   0.020
= Required Time                 0.013
  Arrival Time                  0.056
  Slack Time                    0.043
     Clock Rise Edge                 0.000
     + Clock Network Latency (Prop)  -0.009
     = Beginpoint Arrival Time       -0.009
     +-------------------------------------------------------------------------------------------------+ 
     |                 Instance                  |     Arc     |   Cell   | Delay | Arrival | Required | 
     |                                           |             |          |       |  Time   |   Time   | 
     |-------------------------------------------+-------------+----------+-------+---------+----------| 
     | core/picorv32_core_instr_bltu_reg         | CK ^        |          |       |  -0.009 |   -0.052 | 
     | core/picorv32_core_instr_bltu_reg         | CK ^ -> Q v | DFFQXL   | 0.043 |   0.034 |   -0.009 | 
     | core/picorv32_core_g88450__1705           | AN v -> Y v | NAND2BX1 | 0.021 |   0.056 |    0.013 | 
     | core/picorv32_core_is_sltiu_bltu_sltu_reg | D v         | DFFHQX1  | 0.000 |   0.056 |    0.013 | 
     +-------------------------------------------------------------------------------------------------+ 
Path 29: MET Hold Check with Pin core/picorv32_core_genblk2.pcpi_div_divisor_
reg[1]/CK 
Endpoint:   core/picorv32_core_genblk2.pcpi_div_divisor_reg[1]/D (v) checked 
with  leading edge of 'clk'
Beginpoint: core/picorv32_core_genblk2.pcpi_div_divisor_reg[1]/Q (v) triggered 
by  leading edge of 'clk'
Path Groups: {reg2reg}
Analysis View: analysis1
Other End Arrival Time         -0.006
+ Hold                          0.002
+ Phase Shift                   0.000
+ Uncertainty                   0.020
= Required Time                 0.016
  Arrival Time                  0.060
  Slack Time                    0.044
     Clock Rise Edge                 0.000
     + Clock Network Latency (Prop)  -0.006
     = Beginpoint Arrival Time       -0.006
     +------------------------------------------------------------------------------------------------------------+ 
     |                      Instance                      |     Arc      |   Cell    | Delay | Arrival | Required | 
     |                                                    |              |           |       |  Time   |   Time   | 
     |----------------------------------------------------+--------------+-----------+-------+---------+----------| 
     | core/picorv32_core_genblk2.pcpi_div_divisor_reg[1] | CK ^         |           |       |  -0.006 |   -0.050 | 
     | core/picorv32_core_genblk2.pcpi_div_divisor_reg[1] | CK ^ -> Q v  | DFFHQX1   | 0.047 |   0.041 |   -0.002 | 
     | core/FE_RC_1809_0                                  | A1N v -> Y v | OAI2BB1X1 | 0.018 |   0.060 |    0.016 | 
     | core/picorv32_core_genblk2.pcpi_div_divisor_reg[1] | D v          | DFFHQX1   | 0.000 |   0.060 |    0.016 | 
     +------------------------------------------------------------------------------------------------------------+ 
Path 30: MET Hold Check with Pin core/picorv32_core_reg_next_pc_reg[1]/CK 
Endpoint:   core/picorv32_core_reg_next_pc_reg[1]/D (v) checked with  leading 
edge of 'clk'
Beginpoint: core/picorv32_core_reg_next_pc_reg[1]/Q (v) triggered by  leading 
edge of 'clk'
Path Groups: {reg2reg}
Analysis View: analysis1
Other End Arrival Time         -0.004
+ Hold                          0.000
+ Phase Shift                   0.000
+ Uncertainty                   0.020
= Required Time                 0.016
  Arrival Time                  0.060
  Slack Time                    0.044
     Clock Rise Edge                 0.000
     + Clock Network Latency (Prop)  -0.004
     = Beginpoint Arrival Time       -0.004
     +-----------------------------------------------------------------------------------------------+ 
     |               Instance                |     Arc      |   Cell    | Delay | Arrival | Required | 
     |                                       |              |           |       |  Time   |   Time   | 
     |---------------------------------------+--------------+-----------+-------+---------+----------| 
     | core/picorv32_core_reg_next_pc_reg[1] | CK ^         |           |       |  -0.004 |   -0.048 | 
     | core/picorv32_core_reg_next_pc_reg[1] | CK ^ -> Q v  | DFFQXL    | 0.045 |   0.041 |   -0.003 | 
     | core/FE_RC_1345_0                     | A1N v -> Y v | OAI2BB1X1 | 0.019 |   0.060 |    0.016 | 
     | core/picorv32_core_reg_next_pc_reg[1] | D v          | DFFQXL    | 0.000 |   0.060 |    0.016 | 
     +-----------------------------------------------------------------------------------------------+ 
Path 31: MET Hold Check with Pin core/picorv32_core_genblk2.pcpi_div_pcpi_rd_
reg[11]/CK 
Endpoint:   core/picorv32_core_genblk2.pcpi_div_pcpi_rd_reg[11]/D  (v) checked 
with  leading edge of 'clk'
Beginpoint: core/picorv32_core_genblk2.pcpi_div_quotient_reg[11]/Q (v) 
triggered by  leading edge of 'clk'
Path Groups: {reg2reg}
Analysis View: analysis1
Other End Arrival Time         -0.006
+ Hold                         -0.000
+ Phase Shift                   0.000
+ Uncertainty                   0.020
= Required Time                 0.014
  Arrival Time                  0.058
  Slack Time                    0.044
     Clock Rise Edge                 0.000
     + Clock Network Latency (Prop)  -0.006
     = Beginpoint Arrival Time       -0.006
     +------------------------------------------------------------------------------------------------------------+ 
     |                      Instance                      |     Arc      |   Cell    | Delay | Arrival | Required | 
     |                                                    |              |           |       |  Time   |   Time   | 
     |----------------------------------------------------+--------------+-----------+-------+---------+----------| 
     | core/picorv32_core_genblk2.pcpi_div_quotient_reg[1 | CK ^         |           |       |  -0.006 |   -0.050 | 
     | 1]                                                 |              |           |       |         |          | 
     | core/picorv32_core_genblk2.pcpi_div_quotient_reg[1 | CK ^ -> Q v  | DFFHQX1   | 0.044 |   0.038 |   -0.006 | 
     | 1]                                                 |              |           |       |         |          | 
     | core/picorv32_core_genblk2.pcpi_div_g8621          | A0N v -> Y v | OAI2BB1X1 | 0.020 |   0.058 |    0.014 | 
     | core/picorv32_core_genblk2.pcpi_div_pcpi_rd_reg[11 | D v          | DFFQXL    | 0.000 |   0.058 |    0.014 | 
     | ]                                                  |              |           |       |         |          | 
     +------------------------------------------------------------------------------------------------------------+ 
Path 32: MET Hold Check with Pin core/picorv32_core_genblk2.pcpi_div_pcpi_rd_
reg[1]/CK 
Endpoint:   core/picorv32_core_genblk2.pcpi_div_pcpi_rd_reg[1]/D  (v) checked 
with  leading edge of 'clk'
Beginpoint: core/picorv32_core_genblk2.pcpi_div_quotient_reg[1]/Q (v) triggered 
by  leading edge of 'clk'
Path Groups: {reg2reg}
Analysis View: analysis1
Other End Arrival Time         -0.006
+ Hold                          0.000
+ Phase Shift                   0.000
+ Uncertainty                   0.020
= Required Time                 0.014
  Arrival Time                  0.058
  Slack Time                    0.044
     Clock Rise Edge                 0.000
     + Clock Network Latency (Prop)  -0.007
     = Beginpoint Arrival Time       -0.007
     +------------------------------------------------------------------------------------------------------------+ 
     |                      Instance                      |     Arc      |   Cell    | Delay | Arrival | Required | 
     |                                                    |              |           |       |  Time   |   Time   | 
     |----------------------------------------------------+--------------+-----------+-------+---------+----------| 
     | core/picorv32_core_genblk2.pcpi_div_quotient_reg[1 | CK ^         |           |       |  -0.007 |   -0.051 | 
     | ]                                                  |              |           |       |         |          | 
     | core/picorv32_core_genblk2.pcpi_div_quotient_reg[1 | CK ^ -> Q v  | DFFHQX1   | 0.046 |   0.039 |   -0.005 | 
     | ]                                                  |              |           |       |         |          | 
     | core/picorv32_core_genblk2.pcpi_div_g8609          | A0N v -> Y v | OAI2BB1X1 | 0.019 |   0.058 |    0.014 | 
     | core/picorv32_core_genblk2.pcpi_div_pcpi_rd_reg[1] | D v          | DFFQXL    | 0.000 |   0.058 |    0.014 | 
     +------------------------------------------------------------------------------------------------------------+ 
Path 33: MET Hold Check with Pin core/picorv32_core_genblk2.pcpi_div_pcpi_rd_
reg[13]/CK 
Endpoint:   core/picorv32_core_genblk2.pcpi_div_pcpi_rd_reg[13]/D  (v) checked 
with  leading edge of 'clk'
Beginpoint: core/picorv32_core_genblk2.pcpi_div_quotient_reg[13]/Q (v) 
triggered by  leading edge of 'clk'
Path Groups: {reg2reg}
Analysis View: analysis1
Other End Arrival Time         -0.006
+ Hold                         -0.000
+ Phase Shift                   0.000
+ Uncertainty                   0.020
= Required Time                 0.013
  Arrival Time                  0.058
  Slack Time                    0.045
     Clock Rise Edge                 0.000
     + Clock Network Latency (Prop)  -0.006
     = Beginpoint Arrival Time       -0.006
     +------------------------------------------------------------------------------------------------------------+ 
     |                      Instance                      |     Arc      |   Cell    | Delay | Arrival | Required | 
     |                                                    |              |           |       |  Time   |   Time   | 
     |----------------------------------------------------+--------------+-----------+-------+---------+----------| 
     | core/picorv32_core_genblk2.pcpi_div_quotient_reg[1 | CK ^         |           |       |  -0.006 |   -0.051 | 
     | 3]                                                 |              |           |       |         |          | 
     | core/picorv32_core_genblk2.pcpi_div_quotient_reg[1 | CK ^ -> Q v  | DFFHQX1   | 0.045 |   0.038 |   -0.007 | 
     | 3]                                                 |              |           |       |         |          | 
     | core/picorv32_core_genblk2.pcpi_div_g8624          | A0N v -> Y v | OAI2BB1X1 | 0.020 |   0.058 |    0.013 | 
     | core/picorv32_core_genblk2.pcpi_div_pcpi_rd_reg[13 | D v          | DFFQXL    | 0.000 |   0.058 |    0.013 | 
     | ]                                                  |              |           |       |         |          | 
     +------------------------------------------------------------------------------------------------------------+ 
Path 34: MET Hold Check with Pin core/picorv32_core_mem_rdata_q_reg[30]/CK 
Endpoint:   core/picorv32_core_mem_rdata_q_reg[30]/D (v) checked with  leading 
edge of 'clk'
Beginpoint: core/mem_rdata_reg[30]/Q                 (v) triggered by  leading 
edge of 'clk'
Path Groups: {reg2reg}
Analysis View: analysis1
Other End Arrival Time         -0.008
+ Hold                         -0.011
+ Phase Shift                   0.000
+ Uncertainty                   0.020
= Required Time                 0.000
  Arrival Time                  0.046
  Slack Time                    0.045
     Clock Rise Edge                 0.000
     + Clock Network Latency (Prop)  -0.008
     = Beginpoint Arrival Time       -0.008
     +----------------------------------------------------------------------------------------------+ 
     |                Instance                |     Arc     |   Cell   | Delay | Arrival | Required | 
     |                                        |             |          |       |  Time   |   Time   | 
     |----------------------------------------+-------------+----------+-------+---------+----------| 
     | core/mem_rdata_reg[30]                 | CK ^        |          |       |  -0.008 |   -0.053 | 
     | core/mem_rdata_reg[30]                 | CK ^ -> Q v | EDFFX2   | 0.054 |   0.046 |    0.000 | 
     | core/picorv32_core_mem_rdata_q_reg[30] | D v         | EDFFHQX1 | 0.000 |   0.046 |    0.000 | 
     +----------------------------------------------------------------------------------------------+ 
Path 35: MET Hold Check with Pin core/picorv32_core_genblk2.pcpi_div_pcpi_rd_
reg[10]/CK 
Endpoint:   core/picorv32_core_genblk2.pcpi_div_pcpi_rd_reg[10]/D  (v) checked 
with  leading edge of 'clk'
Beginpoint: core/picorv32_core_genblk2.pcpi_div_quotient_reg[10]/Q (v) 
triggered by  leading edge of 'clk'
Path Groups: {reg2reg}
Analysis View: analysis1
Other End Arrival Time         -0.006
+ Hold                         -0.000
+ Phase Shift                   0.000
+ Uncertainty                   0.020
= Required Time                 0.013
  Arrival Time                  0.059
  Slack Time                    0.045
     Clock Rise Edge                 0.000
     + Clock Network Latency (Prop)  -0.006
     = Beginpoint Arrival Time       -0.006
     +------------------------------------------------------------------------------------------------------------+ 
     |                      Instance                      |     Arc      |   Cell    | Delay | Arrival | Required | 
     |                                                    |              |           |       |  Time   |   Time   | 
     |----------------------------------------------------+--------------+-----------+-------+---------+----------| 
     | core/picorv32_core_genblk2.pcpi_div_quotient_reg[1 | CK ^         |           |       |  -0.006 |   -0.051 | 
     | 0]                                                 |              |           |       |         |          | 
     | core/picorv32_core_genblk2.pcpi_div_quotient_reg[1 | CK ^ -> Q v  | DFFHQX1   | 0.043 |   0.037 |   -0.008 | 
     | 0]                                                 |              |           |       |         |          | 
     | core/picorv32_core_genblk2.pcpi_div_g8620          | A0N v -> Y v | OAI2BB1X1 | 0.021 |   0.059 |    0.013 | 
     | core/picorv32_core_genblk2.pcpi_div_pcpi_rd_reg[10 | D v          | DFFQXL    | 0.000 |   0.059 |    0.013 | 
     | ]                                                  |              |           |       |         |          | 
     +------------------------------------------------------------------------------------------------------------+ 
Path 36: MET Hold Check with Pin core/picorv32_core_genblk2.pcpi_div_pcpi_rd_
reg[12]/CK 
Endpoint:   core/picorv32_core_genblk2.pcpi_div_pcpi_rd_reg[12]/D  (v) checked 
with  leading edge of 'clk'
Beginpoint: core/picorv32_core_genblk2.pcpi_div_quotient_reg[12]/Q (v) 
triggered by  leading edge of 'clk'
Path Groups: {reg2reg}
Analysis View: analysis1
Other End Arrival Time         -0.006
+ Hold                         -0.000
+ Phase Shift                   0.000
+ Uncertainty                   0.020
= Required Time                 0.013
  Arrival Time                  0.059
  Slack Time                    0.045
     Clock Rise Edge                 0.000
     + Clock Network Latency (Prop)  -0.006
     = Beginpoint Arrival Time       -0.006
     +------------------------------------------------------------------------------------------------------------+ 
     |                      Instance                      |     Arc      |   Cell    | Delay | Arrival | Required | 
     |                                                    |              |           |       |  Time   |   Time   | 
     |----------------------------------------------------+--------------+-----------+-------+---------+----------| 
     | core/picorv32_core_genblk2.pcpi_div_quotient_reg[1 | CK ^         |           |       |  -0.006 |   -0.052 | 
     | 2]                                                 |              |           |       |         |          | 
     | core/picorv32_core_genblk2.pcpi_div_quotient_reg[1 | CK ^ -> Q v  | DFFHQX1   | 0.044 |   0.037 |   -0.008 | 
     | 2]                                                 |              |           |       |         |          | 
     | core/picorv32_core_genblk2.pcpi_div_g8622          | A0N v -> Y v | OAI2BB1X1 | 0.021 |   0.059 |    0.013 | 
     | core/picorv32_core_genblk2.pcpi_div_pcpi_rd_reg[12 | D v          | DFFQXL    | 0.000 |   0.059 |    0.013 | 
     | ]                                                  |              |           |       |         |          | 
     +------------------------------------------------------------------------------------------------------------+ 
Path 37: MET Hold Check with Pin core/picorv32_core_cpu_state_reg[1]/CK 
Endpoint:   core/picorv32_core_cpu_state_reg[1]/D  (v) checked with  leading 
edge of 'clk'
Beginpoint: core/picorv32_core_cpu_state_reg[1]/QN (^) triggered by  leading 
edge of 'clk'
Path Groups: {reg2reg}
Analysis View: analysis1
Other End Arrival Time         -0.008
+ Hold                         -0.000
+ Phase Shift                   0.000
+ Uncertainty                   0.020
= Required Time                 0.012
  Arrival Time                  0.058
  Slack Time                    0.045
     Clock Rise Edge                 0.000
     + Clock Network Latency (Prop)  -0.008
     = Beginpoint Arrival Time       -0.008
     +-------------------------------------------------------------------------------------------+ 
     |              Instance               |     Arc      |  Cell   | Delay | Arrival | Required | 
     |                                     |              |         |       |  Time   |   Time   | 
     |-------------------------------------+--------------+---------+-------+---------+----------| 
     | core/picorv32_core_cpu_state_reg[1] | CK ^         |         |       |  -0.008 |   -0.053 | 
     | core/picorv32_core_cpu_state_reg[1] | CK ^ -> QN ^ | DFFX1   | 0.048 |   0.040 |   -0.005 | 
     | core/picorv32_core_g190538__6417    | B0 ^ -> Y v  | OAI22X1 | 0.018 |   0.058 |    0.012 | 
     | core/picorv32_core_cpu_state_reg[1] | D v          | DFFX1   | 0.000 |   0.058 |    0.012 | 
     +-------------------------------------------------------------------------------------------+ 
Path 38: MET Hold Check with Pin core/picorv32_core_reg_next_pc_reg[14]/CK 
Endpoint:   core/picorv32_core_reg_next_pc_reg[14]/D (v) checked with  leading 
edge of 'clk'
Beginpoint: core/picorv32_core_reg_next_pc_reg[14]/Q (v) triggered by  leading 
edge of 'clk'
Path Groups: {reg2reg}
Analysis View: analysis1
Other End Arrival Time         -0.006
+ Hold                         -0.000
+ Phase Shift                   0.000
+ Uncertainty                   0.020
= Required Time                 0.013
  Arrival Time                  0.059
  Slack Time                    0.046
     Clock Rise Edge                 0.000
     + Clock Network Latency (Prop)  -0.006
     = Beginpoint Arrival Time       -0.006
     +------------------------------------------------------------------------------------------------+ 
     |                Instance                |     Arc      |   Cell    | Delay | Arrival | Required | 
     |                                        |              |           |       |  Time   |   Time   | 
     |----------------------------------------+--------------+-----------+-------+---------+----------| 
     | core/picorv32_core_reg_next_pc_reg[14] | CK ^         |           |       |  -0.006 |   -0.052 | 
     | core/picorv32_core_reg_next_pc_reg[14] | CK ^ -> Q v  | DFFQXL    | 0.046 |   0.040 |   -0.006 | 
     | core/picorv32_core_g190206__1617       | A0N v -> Y v | OAI2BB1X1 | 0.019 |   0.059 |    0.013 | 
     | core/picorv32_core_reg_next_pc_reg[14] | D v          | DFFQXL    | 0.000 |   0.059 |    0.013 | 
     +------------------------------------------------------------------------------------------------+ 
Path 39: MET Hold Check with Pin core/picorv32_core_irq_delay_reg/CK 
Endpoint:   core/picorv32_core_irq_delay_reg/D (v) checked with  leading edge 
of 'clk'
Beginpoint: core/picorv32_core_irq_delay_reg/Q (v) triggered by  leading edge 
of 'clk'
Path Groups: {reg2reg}
Analysis View: analysis1
Other End Arrival Time         -0.007
+ Hold                         -0.000
+ Phase Shift                   0.000
+ Uncertainty                   0.020
= Required Time                 0.013
  Arrival Time                  0.059
  Slack Time                    0.046
     Clock Rise Edge                 0.000
     + Clock Network Latency (Prop)  -0.007
     = Beginpoint Arrival Time       -0.007
     +--------------------------------------------------------------------------------------+ 
     |             Instance             |     Arc     |  Cell  | Delay | Arrival | Required | 
     |                                  |             |        |       |  Time   |   Time   | 
     |----------------------------------+-------------+--------+-------+---------+----------| 
     | core/picorv32_core_irq_delay_reg | CK ^        |        |       |  -0.007 |   -0.053 | 
     | core/picorv32_core_irq_delay_reg | CK ^ -> Q v | DFFQXL | 0.040 |   0.033 |   -0.013 | 
     | core/picorv32_core_g194710       | B v -> Y ^  | MXI2XL | 0.017 |   0.050 |    0.004 | 
     | core/picorv32_core_g193781       | B ^ -> Y v  | NOR2X1 | 0.009 |   0.059 |    0.013 | 
     | core/picorv32_core_irq_delay_reg | D v         | DFFQXL | 0.000 |   0.059 |    0.013 | 
     +--------------------------------------------------------------------------------------+ 
Path 40: MET Hold Check with Pin core/picorv32_core_reg_next_pc_reg[13]/CK 
Endpoint:   core/picorv32_core_reg_next_pc_reg[13]/D (v) checked with  leading 
edge of 'clk'
Beginpoint: core/picorv32_core_reg_next_pc_reg[13]/Q (v) triggered by  leading 
edge of 'clk'
Path Groups: {reg2reg}
Analysis View: analysis1
Other End Arrival Time         -0.007
+ Hold                         -0.000
+ Phase Shift                   0.000
+ Uncertainty                   0.020
= Required Time                 0.013
  Arrival Time                  0.059
  Slack Time                    0.046
     Clock Rise Edge                 0.000
     + Clock Network Latency (Prop)  -0.007
     = Beginpoint Arrival Time       -0.007
     +------------------------------------------------------------------------------------------------+ 
     |                Instance                |     Arc      |   Cell    | Delay | Arrival | Required | 
     |                                        |              |           |       |  Time   |   Time   | 
     |----------------------------------------+--------------+-----------+-------+---------+----------| 
     | core/picorv32_core_reg_next_pc_reg[13] | CK ^         |           |       |  -0.007 |   -0.053 | 
     | core/picorv32_core_reg_next_pc_reg[13] | CK ^ -> Q v  | DFFQXL    | 0.045 |   0.038 |   -0.008 | 
     | core/picorv32_core_g190205__3680       | A0N v -> Y v | OAI2BB1X1 | 0.021 |   0.059 |    0.013 | 
     | core/picorv32_core_reg_next_pc_reg[13] | D v          | DFFQXL    | 0.000 |   0.059 |    0.013 | 
     +------------------------------------------------------------------------------------------------+ 
Path 41: MET Hold Check with Pin core/picorv32_core_genblk2.pcpi_div_pcpi_rd_
reg[17]/CK 
Endpoint:   core/picorv32_core_genblk2.pcpi_div_pcpi_rd_reg[17]/D  (v) checked 
with  leading edge of 'clk'
Beginpoint: core/picorv32_core_genblk2.pcpi_div_quotient_reg[17]/Q (v) 
triggered by  leading edge of 'clk'
Path Groups: {reg2reg}
Analysis View: analysis1
Other End Arrival Time         -0.007
+ Hold                         -0.000
+ Phase Shift                   0.000
+ Uncertainty                   0.020
= Required Time                 0.013
  Arrival Time                  0.059
  Slack Time                    0.046
     Clock Rise Edge                 0.000
     + Clock Network Latency (Prop)  -0.006
     = Beginpoint Arrival Time       -0.006
     +------------------------------------------------------------------------------------------------------------+ 
     |                      Instance                      |     Arc      |   Cell    | Delay | Arrival | Required | 
     |                                                    |              |           |       |  Time   |   Time   | 
     |----------------------------------------------------+--------------+-----------+-------+---------+----------| 
     | core/picorv32_core_genblk2.pcpi_div_quotient_reg[1 | CK ^         |           |       |  -0.006 |   -0.053 | 
     | 7]                                                 |              |           |       |         |          | 
     | core/picorv32_core_genblk2.pcpi_div_quotient_reg[1 | CK ^ -> Q v  | DFFHQX1   | 0.045 |   0.039 |   -0.007 | 
     | 7]                                                 |              |           |       |         |          | 
     | core/picorv32_core_genblk2.pcpi_div_g8627          | A0N v -> Y v | OAI2BB1X1 | 0.021 |   0.059 |    0.013 | 
     | core/picorv32_core_genblk2.pcpi_div_pcpi_rd_reg[17 | D v          | DFFQXL    | 0.000 |   0.059 |    0.013 | 
     | ]                                                  |              |           |       |         |          | 
     +------------------------------------------------------------------------------------------------------------+ 
Path 42: MET Hold Check with Pin core/picorv32_core_reg_next_pc_reg[15]/CK 
Endpoint:   core/picorv32_core_reg_next_pc_reg[15]/D (v) checked with  leading 
edge of 'clk'
Beginpoint: core/picorv32_core_reg_next_pc_reg[15]/Q (v) triggered by  leading 
edge of 'clk'
Path Groups: {reg2reg}
Analysis View: analysis1
Other End Arrival Time         -0.007
+ Hold                         -0.000
+ Phase Shift                   0.000
+ Uncertainty                   0.020
= Required Time                 0.012
  Arrival Time                  0.059
  Slack Time                    0.046
     Clock Rise Edge                 0.000
     + Clock Network Latency (Prop)  -0.007
     = Beginpoint Arrival Time       -0.007
     +------------------------------------------------------------------------------------------------+ 
     |                Instance                |     Arc      |   Cell    | Delay | Arrival | Required | 
     |                                        |              |           |       |  Time   |   Time   | 
     |----------------------------------------+--------------+-----------+-------+---------+----------| 
     | core/picorv32_core_reg_next_pc_reg[15] | CK ^         |           |       |  -0.007 |   -0.053 | 
     | core/picorv32_core_reg_next_pc_reg[15] | CK ^ -> Q v  | DFFQXL    | 0.046 |   0.039 |   -0.008 | 
     | core/FE_RC_1184_0                      | A1N v -> Y v | OAI2BB1X1 | 0.020 |   0.059 |    0.012 | 
     | core/picorv32_core_reg_next_pc_reg[15] | D v          | DFFQXL    | 0.000 |   0.059 |    0.012 | 
     +------------------------------------------------------------------------------------------------+ 
Path 43: MET Hold Check with Pin core/picorv32_core_genblk2.pcpi_div_quotient_
reg[30]/CK 
Endpoint:   core/picorv32_core_genblk2.pcpi_div_quotient_reg[30]/D (v) checked 
with  leading edge of 'clk'
Beginpoint: core/picorv32_core_genblk2.pcpi_div_quotient_reg[30]/Q (v) 
triggered by  leading edge of 'clk'
Path Groups: {reg2reg}
Analysis View: analysis1
Other End Arrival Time         -0.007
+ Hold                          0.002
+ Phase Shift                   0.000
+ Uncertainty                   0.020
= Required Time                 0.016
  Arrival Time                  0.062
  Slack Time                    0.046
     Clock Rise Edge                 0.000
     + Clock Network Latency (Prop)  -0.007
     = Beginpoint Arrival Time       -0.007
     +---------------------------------------------------------------------------------------------------------+ 
     |                      Instance                      |     Arc     |  Cell   | Delay | Arrival | Required | 
     |                                                    |             |         |       |  Time   |   Time   | 
     |----------------------------------------------------+-------------+---------+-------+---------+----------| 
     | core/picorv32_core_genblk2.pcpi_div_quotient_reg[3 | CK ^        |         |       |  -0.007 |   -0.053 | 
     | 0]                                                 |             |         |       |         |          | 
     | core/picorv32_core_genblk2.pcpi_div_quotient_reg[3 | CK ^ -> Q v | DFFHQX1 | 0.044 |   0.037 |   -0.009 | 
     | 0]                                                 |             |         |       |         |          | 
     | core/picorv32_core_genblk2.pcpi_div_g14378         | B0 v -> Y v | AO22XL  | 0.025 |   0.062 |    0.016 | 
     | core/picorv32_core_genblk2.pcpi_div_quotient_reg[3 | D v         | DFFHQX1 | 0.000 |   0.062 |    0.016 | 
     | 0]                                                 |             |         |       |         |          | 
     +---------------------------------------------------------------------------------------------------------+ 
Path 44: MET Hold Check with Pin core/picorv32_core_genblk2.pcpi_div_pcpi_rd_
reg[14]/CK 
Endpoint:   core/picorv32_core_genblk2.pcpi_div_pcpi_rd_reg[14]/D  (v) checked 
with  leading edge of 'clk'
Beginpoint: core/picorv32_core_genblk2.pcpi_div_quotient_reg[14]/Q (v) 
triggered by  leading edge of 'clk'
Path Groups: {reg2reg}
Analysis View: analysis1
Other End Arrival Time         -0.006
+ Hold                         -0.000
+ Phase Shift                   0.000
+ Uncertainty                   0.020
= Required Time                 0.013
  Arrival Time                  0.060
  Slack Time                    0.046
     Clock Rise Edge                 0.000
     + Clock Network Latency (Prop)  -0.006
     = Beginpoint Arrival Time       -0.006
     +------------------------------------------------------------------------------------------------------------+ 
     |                      Instance                      |     Arc      |   Cell    | Delay | Arrival | Required | 
     |                                                    |              |           |       |  Time   |   Time   | 
     |----------------------------------------------------+--------------+-----------+-------+---------+----------| 
     | core/picorv32_core_genblk2.pcpi_div_quotient_reg[1 | CK ^         |           |       |  -0.006 |   -0.053 | 
     | 4]                                                 |              |           |       |         |          | 
     | core/picorv32_core_genblk2.pcpi_div_quotient_reg[1 | CK ^ -> Q v  | DFFHQX1   | 0.045 |   0.038 |   -0.008 | 
     | 4]                                                 |              |           |       |         |          | 
     | core/picorv32_core_genblk2.pcpi_div_g8625          | A0N v -> Y v | OAI2BB1X1 | 0.021 |   0.060 |    0.013 | 
     | core/picorv32_core_genblk2.pcpi_div_pcpi_rd_reg[14 | D v          | DFFQXL    | 0.000 |   0.060 |    0.013 | 
     | ]                                                  |              |           |       |         |          | 
     +------------------------------------------------------------------------------------------------------------+ 
Path 45: MET Hold Check with Pin core/picorv32_core_latched_is_lb_reg/CK 
Endpoint:   core/picorv32_core_latched_is_lb_reg/D (v) checked with  leading 
edge of 'clk'
Beginpoint: core/picorv32_core_latched_is_lb_reg/Q (v) triggered by  leading 
edge of 'clk'
Path Groups: {reg2reg}
Analysis View: analysis1
Other End Arrival Time         -0.008
+ Hold                          0.002
+ Phase Shift                   0.000
+ Uncertainty                   0.020
= Required Time                 0.014
  Arrival Time                  0.061
  Slack Time                    0.046
     Clock Rise Edge                 0.000
     + Clock Network Latency (Prop)  -0.008
     = Beginpoint Arrival Time       -0.008
     +-------------------------------------------------------------------------------------------+ 
     |               Instance               |     Arc     |  Cell   | Delay | Arrival | Required | 
     |                                      |             |         |       |  Time   |   Time   | 
     |--------------------------------------+-------------+---------+-------+---------+----------| 
     | core/picorv32_core_latched_is_lb_reg | CK ^        |         |       |  -0.008 |   -0.055 | 
     | core/picorv32_core_latched_is_lb_reg | CK ^ -> Q v | DFFHQX1 | 0.045 |   0.037 |   -0.009 | 
     | core/FE_RC_2518_0                    | A1 v -> Y ^ | AOI22X2 | 0.016 |   0.053 |    0.006 | 
     | core/picorv32_core_g192760           | B ^ -> Y v  | NOR2X1  | 0.008 |   0.061 |    0.014 | 
     | core/picorv32_core_latched_is_lb_reg | D v         | DFFHQX1 | 0.000 |   0.061 |    0.014 | 
     +-------------------------------------------------------------------------------------------+ 
Path 46: MET Hold Check with Pin core/picorv32_core_reg_next_pc_reg[10]/CK 
Endpoint:   core/picorv32_core_reg_next_pc_reg[10]/D (v) checked with  leading 
edge of 'clk'
Beginpoint: core/picorv32_core_reg_next_pc_reg[10]/Q (v) triggered by  leading 
edge of 'clk'
Path Groups: {reg2reg}
Analysis View: analysis1
Other End Arrival Time         -0.006
+ Hold                         -0.000
+ Phase Shift                   0.000
+ Uncertainty                   0.020
= Required Time                 0.014
  Arrival Time                  0.060
  Slack Time                    0.047
     Clock Rise Edge                 0.000
     + Clock Network Latency (Prop)  -0.006
     = Beginpoint Arrival Time       -0.006
     +------------------------------------------------------------------------------------------------+ 
     |                Instance                |     Arc      |   Cell    | Delay | Arrival | Required | 
     |                                        |              |           |       |  Time   |   Time   | 
     |----------------------------------------+--------------+-----------+-------+---------+----------| 
     | core/picorv32_core_reg_next_pc_reg[10] | CK ^         |           |       |  -0.006 |   -0.052 | 
     | core/picorv32_core_reg_next_pc_reg[10] | CK ^ -> Q v  | DFFQXL    | 0.045 |   0.039 |   -0.007 | 
     | core/picorv32_core_g190202__8428       | A0N v -> Y v | OAI2BB1X1 | 0.021 |   0.060 |    0.014 | 
     | core/picorv32_core_reg_next_pc_reg[10] | D v          | DFFQXL    | 0.000 |   0.060 |    0.014 | 
     +------------------------------------------------------------------------------------------------+ 
Path 47: MET Hold Check with Pin core/picorv32_core_pcpi_insn_reg[8]/CK 
Endpoint:   core/picorv32_core_pcpi_insn_reg[8]/D   (v) checked with  leading 
edge of 'clk'
Beginpoint: core/picorv32_core_mem_rdata_q_reg[8]/Q (v) triggered by  leading 
edge of 'clk'
Path Groups: {reg2reg}
Analysis View: analysis1
Other End Arrival Time         -0.005
+ Hold                         -0.011
+ Phase Shift                   0.000
+ Uncertainty                   0.020
= Required Time                 0.004
  Arrival Time                  0.051
  Slack Time                    0.047
     Clock Rise Edge                 0.000
     + Clock Network Latency (Prop)  -0.007
     = Beginpoint Arrival Time       -0.007
     +---------------------------------------------------------------------------------------------+ 
     |               Instance                |     Arc     |   Cell   | Delay | Arrival | Required | 
     |                                       |             |          |       |  Time   |   Time   | 
     |---------------------------------------+-------------+----------+-------+---------+----------| 
     | core/picorv32_core_mem_rdata_q_reg[8] | CK ^        |          |       |  -0.007 |   -0.054 | 
     | core/picorv32_core_mem_rdata_q_reg[8] | CK ^ -> Q v | EDFFX2   | 0.057 |   0.050 |    0.004 | 
     | core/picorv32_core_pcpi_insn_reg[8]   | D v         | EDFFHQX4 | 0.001 |   0.051 |    0.004 | 
     +---------------------------------------------------------------------------------------------+ 
Path 48: MET Hold Check with Pin core/picorv32_core_pcpi_insn_reg[2]/CK 
Endpoint:   core/picorv32_core_pcpi_insn_reg[2]/D   (v) checked with  leading 
edge of 'clk'
Beginpoint: core/picorv32_core_mem_rdata_q_reg[2]/Q (v) triggered by  leading 
edge of 'clk'
Path Groups: {reg2reg}
Analysis View: analysis1
Other End Arrival Time         -0.006
+ Hold                         -0.011
+ Phase Shift                   0.000
+ Uncertainty                   0.020
= Required Time                 0.003
  Arrival Time                  0.050
  Slack Time                    0.047
     Clock Rise Edge                 0.000
     + Clock Network Latency (Prop)  -0.006
     = Beginpoint Arrival Time       -0.006
     +---------------------------------------------------------------------------------------------+ 
     |               Instance                |     Arc     |   Cell   | Delay | Arrival | Required | 
     |                                       |             |          |       |  Time   |   Time   | 
     |---------------------------------------+-------------+----------+-------+---------+----------| 
     | core/picorv32_core_mem_rdata_q_reg[2] | CK ^        |          |       |  -0.006 |   -0.053 | 
     | core/picorv32_core_mem_rdata_q_reg[2] | CK ^ -> Q v | EDFFHQX1 | 0.056 |   0.050 |    0.003 | 
     | core/picorv32_core_pcpi_insn_reg[2]   | D v         | EDFFHQX8 | 0.000 |   0.050 |    0.003 | 
     +---------------------------------------------------------------------------------------------+ 
Path 49: MET Hold Check with Pin core/picorv32_core_is_slti_blt_slt_reg/CK 
Endpoint:   core/picorv32_core_is_slti_blt_slt_reg/D (^) checked with  leading 
edge of 'clk'
Beginpoint: core/picorv32_core_instr_slt_reg/Q       (^) triggered by  leading 
edge of 'clk'
Path Groups: {reg2reg}
Analysis View: analysis1
Other End Arrival Time         -0.007
+ Hold                         -0.010
+ Phase Shift                   0.000
+ Uncertainty                   0.020
= Required Time                 0.003
  Arrival Time                  0.050
  Slack Time                    0.047
     Clock Rise Edge                 0.000
     + Clock Network Latency (Prop)  -0.007
     = Beginpoint Arrival Time       -0.007
     +--------------------------------------------------------------------------------------------+ 
     |                Instance                |     Arc     |  Cell  | Delay | Arrival | Required | 
     |                                        |             |        |       |  Time   |   Time   | 
     |----------------------------------------+-------------+--------+-------+---------+----------| 
     | core/picorv32_core_instr_slt_reg       | CK ^        |        |       |  -0.007 |   -0.054 | 
     | core/picorv32_core_instr_slt_reg       | CK ^ -> Q ^ | DFFQXL | 0.041 |   0.034 |   -0.013 | 
     | core/picorv32_core_g88447__3680        | C ^ -> Y ^  | OR3XL  | 0.016 |   0.050 |    0.003 | 
     | core/picorv32_core_is_slti_blt_slt_reg | D ^         | DFFQXL | 0.000 |   0.050 |    0.003 | 
     +--------------------------------------------------------------------------------------------+ 
Path 50: MET Hold Check with Pin core/picorv32_core_pcpi_insn_reg[11]/CK 
Endpoint:   core/picorv32_core_pcpi_insn_reg[11]/D   (v) checked with  leading 
edge of 'clk'
Beginpoint: core/picorv32_core_mem_rdata_q_reg[11]/Q (v) triggered by  leading 
edge of 'clk'
Path Groups: {reg2reg}
Analysis View: analysis1
Other End Arrival Time         -0.005
+ Hold                         -0.011
+ Phase Shift                   0.000
+ Uncertainty                   0.020
= Required Time                 0.004
  Arrival Time                  0.052
  Slack Time                    0.047
     Clock Rise Edge                 0.000
     + Clock Network Latency (Prop)  -0.007
     = Beginpoint Arrival Time       -0.007
     +----------------------------------------------------------------------------------------------+ 
     |                Instance                |     Arc     |   Cell   | Delay | Arrival | Required | 
     |                                        |             |          |       |  Time   |   Time   | 
     |----------------------------------------+-------------+----------+-------+---------+----------| 
     | core/picorv32_core_mem_rdata_q_reg[11] | CK ^        |          |       |  -0.007 |   -0.054 | 
     | core/picorv32_core_mem_rdata_q_reg[11] | CK ^ -> Q v | EDFFX2   | 0.058 |   0.051 |    0.004 | 
     | core/picorv32_core_pcpi_insn_reg[11]   | D v         | EDFFHQX8 | 0.001 |   0.052 |    0.004 | 
     +----------------------------------------------------------------------------------------------+ 

