###############################################################
#  Generated by:      Cadence Innovus 21.35-s114_1
#  OS:                Linux x86_64(Host ID cn88.it.auth.gr)
#  Generated on:      Thu Jan  8 23:36:13 2026
#  Design:            picorv32_pads
#  Command:           report_timing -path_group reg2out -check_type setup -max_paths 50 > reports/postRouting/setup_reg2out.rpt
###############################################################
Path 1: MET Late External Delay Assertion 
Endpoint:   trap                          (v) checked with  leading edge of 
'clk'
Beginpoint: core/picorv32_core_trap_reg/Q (v) triggered by  leading edge of 
'clk'
Path Groups: {reg2out}
Analysis View: analysis1
Other End Arrival Time          0.000
- External Delay                0.500
+ Phase Shift                   4.000
- Uncertainty                   0.020
= Required Time                 3.480
- Arrival Time                  2.762
= Slack Time                    0.718
     Clock Rise Edge                 0.000
     + Clock Network Latency (Prop)  -0.002
     = Beginpoint Arrival Time       -0.002
     +------------------------------------------------------------------------------------+ 
     |          Instance           |     Arc      |   Cell   | Delay | Arrival | Required | 
     |                             |              |          |       |  Time   |   Time   | 
     |-----------------------------+--------------+----------+-------+---------+----------| 
     | core/picorv32_core_trap_reg | CK ^         |          |       |  -0.002 |    0.716 | 
     | core/picorv32_core_trap_reg | CK ^ -> Q v  | DFFHQX8  | 0.074 |   0.072 |    0.791 | 
     | FE_OFC0_trap_w              | A v -> Y ^   | INVX2    | 0.183 |   0.255 |    0.974 | 
     | FE_OFC1_trap_w              | A ^ -> Y v   | INVX2    | 0.147 |   0.402 |    1.120 | 
     | FE_OFC2_trap_w              | A v -> Y ^   | INVX2    | 0.150 |   0.552 |    1.270 | 
     | FE_OFC3_trap_w              | A ^ -> Y v   | CLKINVX8 | 0.146 |   0.698 |    1.416 | 
     | pad_trap                    | A v -> PAD v | PADDO    | 2.064 |   2.762 |    3.480 | 
     |                             | trap v       |          | 0.000 |   2.762 |    3.480 | 
     +------------------------------------------------------------------------------------+ 
Path 2: MET Late External Delay Assertion 
Endpoint:   wbm_we_o            (v) checked with  leading edge of 'clk'
Beginpoint: core/wbm_we_o_reg/Q (v) triggered by  leading edge of 'clk'
Path Groups: {reg2out}
Analysis View: analysis1
Other End Arrival Time          0.000
- External Delay                0.500
+ Phase Shift                   4.000
- Uncertainty                   0.020
= Required Time                 3.480
- Arrival Time                  2.346
= Slack Time                    1.134
     Clock Rise Edge                 0.000
     + Clock Network Latency (Prop)  -0.003
     = Beginpoint Arrival Time       -0.003
     +----------------------------------------------------------------------------+ 
     |      Instance       |     Arc      |   Cell   | Delay | Arrival | Required | 
     |                     |              |          |       |  Time   |   Time   | 
     |---------------------+--------------+----------+-------+---------+----------| 
     | core/wbm_we_o_reg   | CK ^         |          |       |  -0.003 |    1.131 | 
     | core/wbm_we_o_reg   | CK ^ -> Q v  | DFFHQX8  | 0.075 |   0.072 |    1.206 | 
     | FE_OFC24_wbm_we_o_w | A v -> Y ^   | INVX4    | 0.158 |   0.230 |    1.364 | 
     | FE_OFC25_wbm_we_o_w | A ^ -> Y v   | INVX2    | 0.180 |   0.410 |    1.544 | 
     | FE_OFC26_wbm_we_o_w | A v -> Y ^   | INVX2    | 0.135 |   0.545 |    1.679 | 
     | FE_OFC27_wbm_we_o_w | A ^ -> Y v   | CLKINVX6 | 0.143 |   0.688 |    1.822 | 
     | pad_wbm_we_o        | A v -> PAD v | PADDO    | 1.658 |   2.346 |    3.480 | 
     |                     | wbm_we_o v   |          | 0.000 |   2.346 |    3.480 | 
     +----------------------------------------------------------------------------+ 
Path 3: MET Late External Delay Assertion 
Endpoint:   wbm_stb_o            (v) checked with  leading edge of 'clk'
Beginpoint: core/wbm_cyc_o_reg/Q (v) triggered by  leading edge of 'clk'
Path Groups: {reg2out}
Analysis View: analysis1
Other End Arrival Time          0.000
- External Delay                0.500
+ Phase Shift                   4.000
- Uncertainty                   0.020
= Required Time                 3.480
- Arrival Time                  2.268
= Slack Time                    1.212
     Clock Rise Edge                 0.000
     + Clock Network Latency (Prop)  -0.003
     = Beginpoint Arrival Time       -0.003
     +-----------------------------------------------------------------------------+ 
     |       Instance       |     Arc      |   Cell   | Delay | Arrival | Required | 
     |                      |              |          |       |  Time   |   Time   | 
     |----------------------+--------------+----------+-------+---------+----------| 
     | core/wbm_cyc_o_reg   | CK ^         |          |       |  -0.003 |    1.209 | 
     | core/wbm_cyc_o_reg   | CK ^ -> Q v  | DFFHQX8  | 0.077 |   0.074 |    1.286 | 
     | FE_OFC32_wbm_cyc_o_w | A v -> Y ^   | INVX2    | 0.192 |   0.266 |    1.478 | 
     | FE_OFC33_wbm_cyc_o_w | A ^ -> Y v   | INVX2    | 0.134 |   0.400 |    1.612 | 
     | FE_OFC34_wbm_cyc_o_w | A v -> Y ^   | INVX2    | 0.129 |   0.529 |    1.742 | 
     | FE_OFC35_wbm_cyc_o_w | A ^ -> Y v   | INVX2    | 0.134 |   0.663 |    1.876 | 
     | FE_OFC36_wbm_cyc_o_w | A v -> Y ^   | INVX2    | 0.136 |   0.799 |    2.011 | 
     | FE_OFC37_wbm_cyc_o_w | A ^ -> Y v   | CLKINVX6 | 0.137 |   0.936 |    2.148 | 
     | pad_wbm_stb_o        | A v -> PAD v | PADDO    | 1.332 |   2.268 |    3.480 | 
     |                      | wbm_stb_o v  |          | 0.000 |   2.268 |    3.480 | 
     +-----------------------------------------------------------------------------+ 
Path 4: MET Late External Delay Assertion 
Endpoint:   wbm_cyc_o            (v) checked with  leading edge of 'clk'
Beginpoint: core/wbm_cyc_o_reg/Q (v) triggered by  leading edge of 'clk'
Path Groups: {reg2out}
Analysis View: analysis1
Other End Arrival Time          0.000
- External Delay                0.500
+ Phase Shift                   4.000
- Uncertainty                   0.020
= Required Time                 3.480
- Arrival Time                  2.267
= Slack Time                    1.213
     Clock Rise Edge                 0.000
     + Clock Network Latency (Prop)  -0.003
     = Beginpoint Arrival Time       -0.003
     +-----------------------------------------------------------------------------+ 
     |       Instance       |     Arc      |   Cell   | Delay | Arrival | Required | 
     |                      |              |          |       |  Time   |   Time   | 
     |----------------------+--------------+----------+-------+---------+----------| 
     | core/wbm_cyc_o_reg   | CK ^         |          |       |  -0.003 |    1.210 | 
     | core/wbm_cyc_o_reg   | CK ^ -> Q v  | DFFHQX8  | 0.077 |   0.074 |    1.286 | 
     | FE_OFC32_wbm_cyc_o_w | A v -> Y ^   | INVX2    | 0.192 |   0.266 |    1.478 | 
     | FE_OFC33_wbm_cyc_o_w | A ^ -> Y v   | INVX2    | 0.134 |   0.400 |    1.612 | 
     | FE_OFC34_wbm_cyc_o_w | A v -> Y ^   | INVX2    | 0.129 |   0.529 |    1.742 | 
     | FE_OFC35_wbm_cyc_o_w | A ^ -> Y v   | INVX2    | 0.134 |   0.663 |    1.876 | 
     | FE_OFC36_wbm_cyc_o_w | A v -> Y ^   | INVX2    | 0.136 |   0.799 |    2.011 | 
     | FE_OFC37_wbm_cyc_o_w | A ^ -> Y v   | CLKINVX6 | 0.137 |   0.936 |    2.148 | 
     | pad_wbm_cyc_o        | A v -> PAD v | PADDO    | 1.332 |   2.267 |    3.480 | 
     |                      | wbm_cyc_o v  |          | 0.000 |   2.267 |    3.480 | 
     +-----------------------------------------------------------------------------+ 
Path 5: MET Late External Delay Assertion 
Endpoint:   mem_instr                          (v) checked with  leading edge 
of 'clk'
Beginpoint: core/picorv32_core_mem_instr_reg/Q (v) triggered by  leading edge 
of 'clk'
Path Groups: {reg2out}
Analysis View: analysis1
Other End Arrival Time          0.000
- External Delay                0.500
+ Phase Shift                   4.000
- Uncertainty                   0.020
= Required Time                 3.480
- Arrival Time                  2.258
= Slack Time                    1.222
     Clock Rise Edge                 0.000
     + Clock Network Latency (Prop)  -0.007
     = Beginpoint Arrival Time       -0.007
     +-----------------------------------------------------------------------------------------+ 
     |             Instance             |     Arc      |   Cell   | Delay | Arrival | Required | 
     |                                  |              |          |       |  Time   |   Time   | 
     |----------------------------------+--------------+----------+-------+---------+----------| 
     | core/picorv32_core_mem_instr_reg | CK ^         |          |       |  -0.007 |    1.215 | 
     | core/picorv32_core_mem_instr_reg | CK ^ -> Q v  | EDFFHQX8 | 0.075 |   0.068 |    1.290 | 
     | FE_OFC8_mem_instr_w              | A v -> Y ^   | INVX4    | 0.139 |   0.207 |    1.429 | 
     | FE_OFC9_mem_instr_w              | A ^ -> Y v   | INVX2    | 0.196 |   0.403 |    1.625 | 
     | FE_OFC10_mem_instr_w             | A v -> Y ^   | INVX2    | 0.141 |   0.543 |    1.766 | 
     | FE_OFC11_mem_instr_w             | A ^ -> Y v   | INVX2    | 0.143 |   0.687 |    1.909 | 
     | FE_OFC12_mem_instr_w             | A v -> Y ^   | INVX2    | 0.140 |   0.827 |    2.049 | 
     | FE_OFC13_mem_instr_w             | A ^ -> Y v   | INVX2    | 0.143 |   0.970 |    2.192 | 
     | FE_OFC14_mem_instr_w             | A v -> Y ^   | INVX2    | 0.137 |   1.107 |    2.329 | 
     | FE_OFC15_mem_instr_w             | A ^ -> Y v   | INVX3    | 0.142 |   1.249 |    2.471 | 
     | pad_mem_instr                    | A v -> PAD v | PADDO    | 1.009 |   2.258 |    3.480 | 
     |                                  | mem_instr v  |          | 0.000 |   2.258 |    3.480 | 
     +-----------------------------------------------------------------------------------------+ 
Path 6: MET Late External Delay Assertion 
Endpoint:   pcpi_valid                          (v) checked with  leading edge 
of 'clk'
Beginpoint: core/picorv32_core_pcpi_valid_reg/Q (v) triggered by  leading edge 
of 'clk'
Path Groups: {reg2out}
Analysis View: analysis1
Other End Arrival Time          0.000
- External Delay                0.500
+ Phase Shift                   4.000
- Uncertainty                   0.020
= Required Time                 3.480
- Arrival Time                  2.257
= Slack Time                    1.223
     Clock Rise Edge                 0.000
     + Clock Network Latency (Prop)  -0.000
     = Beginpoint Arrival Time       -0.000
     +-----------------------------------------------------------------------------------------+ 
     |             Instance              |     Arc      |  Cell   | Delay | Arrival | Required | 
     |                                   |              |         |       |  Time   |   Time   | 
     |-----------------------------------+--------------+---------+-------+---------+----------| 
     | core/picorv32_core_pcpi_valid_reg | CK ^         |         |       |  -0.000 |    1.223 | 
     | core/picorv32_core_pcpi_valid_reg | CK ^ -> Q v  | DFFHQX8 | 0.071 |   0.071 |    1.294 | 
     | FE_OFC16_pcpi_valid_w             | A v -> Y ^   | INVX4   | 0.128 |   0.199 |    1.422 | 
     | FE_OFC17_pcpi_valid_w             | A ^ -> Y v   | INVX2   | 0.184 |   0.383 |    1.607 | 
     | FE_OFC18_pcpi_valid_w             | A v -> Y ^   | INVX2   | 0.140 |   0.523 |    1.746 | 
     | FE_OFC19_pcpi_valid_w             | A ^ -> Y v   | INVX2   | 0.144 |   0.667 |    1.891 | 
     | FE_OFC20_pcpi_valid_w             | A v -> Y ^   | INVX2   | 0.143 |   0.810 |    2.034 | 
     | FE_OFC21_pcpi_valid_w             | A ^ -> Y v   | INVX2   | 0.147 |   0.958 |    2.181 | 
     | FE_OFC22_pcpi_valid_w             | A v -> Y ^   | INVX2   | 0.141 |   1.098 |    2.322 | 
     | FE_OFC23_pcpi_valid_w             | A ^ -> Y v   | INVX3   | 0.145 |   1.243 |    2.467 | 
     | pad_pcpi_valid                    | A v -> PAD v | PADDO   | 1.013 |   2.257 |    3.480 | 
     |                                   | pcpi_valid v |         | 0.000 |   2.257 |    3.480 | 
     +-----------------------------------------------------------------------------------------+ 
Path 7: MET Late External Delay Assertion 
Endpoint:   wbm_sel_o[3]            (v) checked with  leading edge of 'clk'
Beginpoint: core/wbm_sel_o_reg[3]/Q (v) triggered by  leading edge of 'clk'
Path Groups: {reg2out}
Analysis View: analysis1
Other End Arrival Time          0.000
- External Delay                0.500
+ Phase Shift                   4.000
- Uncertainty                   0.020
= Required Time                 3.480
- Arrival Time                  2.008
= Slack Time                    1.472
     Clock Rise Edge                 0.000
     + Clock Network Latency (Prop)  0.004
     = Beginpoint Arrival Time       0.004
     +------------------------------------------------------------------------------+ 
     |       Instance        |      Arc       |  Cell  | Delay | Arrival | Required | 
     |                       |                |        |       |  Time   |   Time   | 
     |-----------------------+----------------+--------+-------+---------+----------| 
     | core/wbm_sel_o_reg[3] | CK ^           |        |       |   0.004 |    1.476 | 
     | core/wbm_sel_o_reg[3] | CK ^ -> Q v    | DFFQX4 | 0.100 |   0.104 |    1.576 | 
     | pad_wbm_sel_o3        | A v -> PAD v   | PADDO  | 1.904 |   2.008 |    3.480 | 
     |                       | wbm_sel_o[3] v |        | 0.000 |   2.008 |    3.480 | 
     +------------------------------------------------------------------------------+ 
Path 8: MET Late External Delay Assertion 
Endpoint:   wbm_sel_o[2]            (v) checked with  leading edge of 'clk'
Beginpoint: core/wbm_sel_o_reg[2]/Q (v) triggered by  leading edge of 'clk'
Path Groups: {reg2out}
Analysis View: analysis1
Other End Arrival Time          0.000
- External Delay                0.500
+ Phase Shift                   4.000
- Uncertainty                   0.020
= Required Time                 3.480
- Arrival Time                  1.991
= Slack Time                    1.489
     Clock Rise Edge                 0.000
     + Clock Network Latency (Prop)  0.004
     = Beginpoint Arrival Time       0.004
     +------------------------------------------------------------------------------+ 
     |       Instance        |      Arc       |  Cell  | Delay | Arrival | Required | 
     |                       |                |        |       |  Time   |   Time   | 
     |-----------------------+----------------+--------+-------+---------+----------| 
     | core/wbm_sel_o_reg[2] | CK ^           |        |       |   0.004 |    1.493 | 
     | core/wbm_sel_o_reg[2] | CK ^ -> Q v    | DFFQX4 | 0.138 |   0.142 |    1.631 | 
     | pad_wbm_sel_o2        | A v -> PAD v   | PADDO  | 1.849 |   1.991 |    3.480 | 
     |                       | wbm_sel_o[2] v |        | 0.000 |   1.991 |    3.480 | 
     +------------------------------------------------------------------------------+ 
Path 9: MET Late External Delay Assertion 
Endpoint:   wbm_sel_o[1]            (v) checked with  leading edge of 'clk'
Beginpoint: core/wbm_sel_o_reg[1]/Q (v) triggered by  leading edge of 'clk'
Path Groups: {reg2out}
Analysis View: analysis1
Other End Arrival Time          0.000
- External Delay                0.500
+ Phase Shift                   4.000
- Uncertainty                   0.020
= Required Time                 3.480
- Arrival Time                  1.972
= Slack Time                    1.508
     Clock Rise Edge                 0.000
     + Clock Network Latency (Prop)  0.003
     = Beginpoint Arrival Time       0.003
     +------------------------------------------------------------------------------+ 
     |       Instance        |      Arc       |  Cell  | Delay | Arrival | Required | 
     |                       |                |        |       |  Time   |   Time   | 
     |-----------------------+----------------+--------+-------+---------+----------| 
     | core/wbm_sel_o_reg[1] | CK ^           |        |       |   0.003 |    1.511 | 
     | core/wbm_sel_o_reg[1] | CK ^ -> Q v    | DFFQX4 | 0.136 |   0.139 |    1.647 | 
     | pad_wbm_sel_o1        | A v -> PAD v   | PADDO  | 1.833 |   1.972 |    3.480 | 
     |                       | wbm_sel_o[1] v |        | 0.000 |   1.972 |    3.480 | 
     +------------------------------------------------------------------------------+ 
Path 10: MET Late External Delay Assertion 
Endpoint:   wbm_sel_o[0]            (v) checked with  leading edge of 'clk'
Beginpoint: core/wbm_sel_o_reg[0]/Q (v) triggered by  leading edge of 'clk'
Path Groups: {reg2out}
Analysis View: analysis1
Other End Arrival Time          0.000
- External Delay                0.500
+ Phase Shift                   4.000
- Uncertainty                   0.020
= Required Time                 3.480
- Arrival Time                  1.954
= Slack Time                    1.526
     Clock Rise Edge                 0.000
     + Clock Network Latency (Prop)  0.003
     = Beginpoint Arrival Time       0.003
     +------------------------------------------------------------------------------+ 
     |       Instance        |      Arc       |  Cell  | Delay | Arrival | Required | 
     |                       |                |        |       |  Time   |   Time   | 
     |-----------------------+----------------+--------+-------+---------+----------| 
     | core/wbm_sel_o_reg[0] | CK ^           |        |       |   0.003 |    1.529 | 
     | core/wbm_sel_o_reg[0] | CK ^ -> Q v    | DFFQX4 | 0.135 |   0.138 |    1.664 | 
     | pad_wbm_sel_o0        | A v -> PAD v   | PADDO  | 1.816 |   1.954 |    3.480 | 
     |                       | wbm_sel_o[0] v |        | 0.000 |   1.954 |    3.480 | 
     +------------------------------------------------------------------------------+ 
Path 11: MET Late External Delay Assertion 
Endpoint:   pcpi_insn[14]                          (v) checked with  leading 
edge of 'clk'
Beginpoint: core/picorv32_core_pcpi_insn_reg[14]/Q (v) triggered by  leading 
edge of 'clk'
Path Groups: {reg2out}
Analysis View: analysis1
Other End Arrival Time          0.000
- External Delay                0.500
+ Phase Shift                   4.000
- Uncertainty                   0.020
= Required Time                 3.480
- Arrival Time                  1.933
= Slack Time                    1.547
     Clock Rise Edge                 0.000
     + Clock Network Latency (Prop)  0.001
     = Beginpoint Arrival Time       0.001
     +------------------------------------------------------------------------------------------------+ 
     |               Instance               |       Arc       |   Cell   | Delay | Arrival | Required | 
     |                                      |                 |          |       |  Time   |   Time   | 
     |--------------------------------------+-----------------+----------+-------+---------+----------| 
     | core/picorv32_core_pcpi_insn_reg[14] | CK ^            |          |       |   0.001 |    1.548 | 
     | core/picorv32_core_pcpi_insn_reg[14] | CK ^ -> Q v     | EDFFHQX8 | 0.107 |   0.108 |    1.656 | 
     | pad_pcpi_insn14                      | A v -> PAD v    | PADDO    | 1.825 |   1.933 |    3.480 | 
     |                                      | pcpi_insn[14] v |          | 0.000 |   1.933 |    3.480 | 
     +------------------------------------------------------------------------------------------------+ 
Path 12: MET Late External Delay Assertion 
Endpoint:   pcpi_insn[11]                          (v) checked with  leading 
edge of 'clk'
Beginpoint: core/picorv32_core_pcpi_insn_reg[11]/Q (v) triggered by  leading 
edge of 'clk'
Path Groups: {reg2out}
Analysis View: analysis1
Other End Arrival Time          0.000
- External Delay                0.500
+ Phase Shift                   4.000
- Uncertainty                   0.020
= Required Time                 3.480
- Arrival Time                  1.920
= Slack Time                    1.560
     Clock Rise Edge                 0.000
     + Clock Network Latency (Prop)  0.002
     = Beginpoint Arrival Time       0.002
     +------------------------------------------------------------------------------------------------+ 
     |               Instance               |       Arc       |   Cell   | Delay | Arrival | Required | 
     |                                      |                 |          |       |  Time   |   Time   | 
     |--------------------------------------+-----------------+----------+-------+---------+----------| 
     | core/picorv32_core_pcpi_insn_reg[11] | CK ^            |          |       |   0.002 |    1.562 | 
     | core/picorv32_core_pcpi_insn_reg[11] | CK ^ -> Q v     | EDFFHQX8 | 0.083 |   0.085 |    1.645 | 
     | pad_pcpi_insn11                      | A v -> PAD v    | PADDO    | 1.835 |   1.920 |    3.480 | 
     |                                      | pcpi_insn[11] v |          | 0.000 |   1.920 |    3.480 | 
     +------------------------------------------------------------------------------------------------+ 
Path 13: MET Late External Delay Assertion 
Endpoint:   pcpi_insn[15]                          (v) checked with  leading 
edge of 'clk'
Beginpoint: core/picorv32_core_pcpi_insn_reg[15]/Q (v) triggered by  leading 
edge of 'clk'
Path Groups: {reg2out}
Analysis View: analysis1
Other End Arrival Time          0.000
- External Delay                0.500
+ Phase Shift                   4.000
- Uncertainty                   0.020
= Required Time                 3.480
- Arrival Time                  1.900
= Slack Time                    1.580
     Clock Rise Edge                 0.000
     + Clock Network Latency (Prop)  0.002
     = Beginpoint Arrival Time       0.002
     +------------------------------------------------------------------------------------------------+ 
     |               Instance               |       Arc       |   Cell   | Delay | Arrival | Required | 
     |                                      |                 |          |       |  Time   |   Time   | 
     |--------------------------------------+-----------------+----------+-------+---------+----------| 
     | core/picorv32_core_pcpi_insn_reg[15] | CK ^            |          |       |   0.002 |    1.582 | 
     | core/picorv32_core_pcpi_insn_reg[15] | CK ^ -> Q v     | EDFFHQX8 | 0.108 |   0.110 |    1.691 | 
     | pad_pcpi_insn15                      | A v -> PAD v    | PADDO    | 1.789 |   1.900 |    3.480 | 
     |                                      | pcpi_insn[15] v |          | 0.000 |   1.900 |    3.480 | 
     +------------------------------------------------------------------------------------------------+ 
Path 14: MET Late External Delay Assertion 
Endpoint:   pcpi_insn[16]                          (v) checked with  leading 
edge of 'clk'
Beginpoint: core/picorv32_core_pcpi_insn_reg[16]/Q (v) triggered by  leading 
edge of 'clk'
Path Groups: {reg2out}
Analysis View: analysis1
Other End Arrival Time          0.000
- External Delay                0.500
+ Phase Shift                   4.000
- Uncertainty                   0.020
= Required Time                 3.480
- Arrival Time                  1.881
= Slack Time                    1.599
     Clock Rise Edge                 0.000
     + Clock Network Latency (Prop)  0.002
     = Beginpoint Arrival Time       0.002
     +------------------------------------------------------------------------------------------------+ 
     |               Instance               |       Arc       |   Cell   | Delay | Arrival | Required | 
     |                                      |                 |          |       |  Time   |   Time   | 
     |--------------------------------------+-----------------+----------+-------+---------+----------| 
     | core/picorv32_core_pcpi_insn_reg[16] | CK ^            |          |       |   0.002 |    1.601 | 
     | core/picorv32_core_pcpi_insn_reg[16] | CK ^ -> Q v     | EDFFHQX8 | 0.108 |   0.109 |    1.708 | 
     | pad_pcpi_insn16                      | A v -> PAD v    | PADDO    | 1.772 |   1.881 |    3.480 | 
     |                                      | pcpi_insn[16] v |          | 0.000 |   1.881 |    3.480 | 
     +------------------------------------------------------------------------------------------------+ 
Path 15: MET Late External Delay Assertion 
Endpoint:   pcpi_insn[13]                          (v) checked with  leading 
edge of 'clk'
Beginpoint: core/picorv32_core_pcpi_insn_reg[13]/Q (v) triggered by  leading 
edge of 'clk'
Path Groups: {reg2out}
Analysis View: analysis1
Other End Arrival Time          0.000
- External Delay                0.500
+ Phase Shift                   4.000
- Uncertainty                   0.020
= Required Time                 3.480
- Arrival Time                  1.878
= Slack Time                    1.602
     Clock Rise Edge                 0.000
     + Clock Network Latency (Prop)  0.001
     = Beginpoint Arrival Time       0.001
     +------------------------------------------------------------------------------------------------+ 
     |               Instance               |       Arc       |   Cell   | Delay | Arrival | Required | 
     |                                      |                 |          |       |  Time   |   Time   | 
     |--------------------------------------+-----------------+----------+-------+---------+----------| 
     | core/picorv32_core_pcpi_insn_reg[13] | CK ^            |          |       |   0.001 |    1.603 | 
     | core/picorv32_core_pcpi_insn_reg[13] | CK ^ -> Q v     | EDFFHQX8 | 0.073 |   0.074 |    1.675 | 
     | pad_pcpi_insn13                      | A v -> PAD v    | PADDO    | 1.805 |   1.878 |    3.480 | 
     |                                      | pcpi_insn[13] v |          | 0.000 |   1.878 |    3.480 | 
     +------------------------------------------------------------------------------------------------+ 
Path 16: MET Late External Delay Assertion 
Endpoint:   pcpi_insn[17]                          (v) checked with  leading 
edge of 'clk'
Beginpoint: core/picorv32_core_pcpi_insn_reg[17]/Q (v) triggered by  leading 
edge of 'clk'
Path Groups: {reg2out}
Analysis View: analysis1
Other End Arrival Time          0.000
- External Delay                0.500
+ Phase Shift                   4.000
- Uncertainty                   0.020
= Required Time                 3.480
- Arrival Time                  1.866
= Slack Time                    1.614
     Clock Rise Edge                 0.000
     + Clock Network Latency (Prop)  0.002
     = Beginpoint Arrival Time       0.002
     +------------------------------------------------------------------------------------------------+ 
     |               Instance               |       Arc       |   Cell   | Delay | Arrival | Required | 
     |                                      |                 |          |       |  Time   |   Time   | 
     |--------------------------------------+-----------------+----------+-------+---------+----------| 
     | core/picorv32_core_pcpi_insn_reg[17] | CK ^            |          |       |   0.002 |    1.616 | 
     | core/picorv32_core_pcpi_insn_reg[17] | CK ^ -> Q v     | EDFFHQX8 | 0.108 |   0.110 |    1.724 | 
     | pad_pcpi_insn17                      | A v -> PAD v    | PADDO    | 1.756 |   1.866 |    3.480 | 
     |                                      | pcpi_insn[17] v |          | 0.000 |   1.866 |    3.480 | 
     +------------------------------------------------------------------------------------------------+ 
Path 17: MET Late External Delay Assertion 
Endpoint:   pcpi_insn[18]                          (v) checked with  leading 
edge of 'clk'
Beginpoint: core/picorv32_core_pcpi_insn_reg[18]/Q (v) triggered by  leading 
edge of 'clk'
Path Groups: {reg2out}
Analysis View: analysis1
Other End Arrival Time          0.000
- External Delay                0.500
+ Phase Shift                   4.000
- Uncertainty                   0.020
= Required Time                 3.480
- Arrival Time                  1.847
= Slack Time                    1.633
     Clock Rise Edge                 0.000
     + Clock Network Latency (Prop)  0.002
     = Beginpoint Arrival Time       0.002
     +------------------------------------------------------------------------------------------------+ 
     |               Instance               |       Arc       |   Cell   | Delay | Arrival | Required | 
     |                                      |                 |          |       |  Time   |   Time   | 
     |--------------------------------------+-----------------+----------+-------+---------+----------| 
     | core/picorv32_core_pcpi_insn_reg[18] | CK ^            |          |       |   0.002 |    1.634 | 
     | core/picorv32_core_pcpi_insn_reg[18] | CK ^ -> Q v     | EDFFHQX8 | 0.108 |   0.109 |    1.742 | 
     | pad_pcpi_insn18                      | A v -> PAD v    | PADDO    | 1.738 |   1.847 |    3.480 | 
     |                                      | pcpi_insn[18] v |          | 0.000 |   1.847 |    3.480 | 
     +------------------------------------------------------------------------------------------------+ 
Path 18: MET Late External Delay Assertion 
Endpoint:   pcpi_insn[19]                          (v) checked with  leading 
edge of 'clk'
Beginpoint: core/picorv32_core_pcpi_insn_reg[19]/Q (v) triggered by  leading 
edge of 'clk'
Path Groups: {reg2out}
Analysis View: analysis1
Other End Arrival Time          0.000
- External Delay                0.500
+ Phase Shift                   4.000
- Uncertainty                   0.020
= Required Time                 3.480
- Arrival Time                  1.825
= Slack Time                    1.655
     Clock Rise Edge                 0.000
     + Clock Network Latency (Prop)  0.002
     = Beginpoint Arrival Time       0.002
     +------------------------------------------------------------------------------------------------+ 
     |               Instance               |       Arc       |   Cell   | Delay | Arrival | Required | 
     |                                      |                 |          |       |  Time   |   Time   | 
     |--------------------------------------+-----------------+----------+-------+---------+----------| 
     | core/picorv32_core_pcpi_insn_reg[19] | CK ^            |          |       |   0.002 |    1.656 | 
     | core/picorv32_core_pcpi_insn_reg[19] | CK ^ -> Q v     | EDFFHQX8 | 0.107 |   0.109 |    1.763 | 
     | pad_pcpi_insn19                      | A v -> PAD v    | PADDO    | 1.717 |   1.825 |    3.480 | 
     |                                      | pcpi_insn[19] v |          | 0.000 |   1.825 |    3.480 | 
     +------------------------------------------------------------------------------------------------+ 
Path 19: MET Late External Delay Assertion 
Endpoint:   pcpi_insn[20]                          (v) checked with  leading 
edge of 'clk'
Beginpoint: core/picorv32_core_pcpi_insn_reg[20]/Q (v) triggered by  leading 
edge of 'clk'
Path Groups: {reg2out}
Analysis View: analysis1
Other End Arrival Time          0.000
- External Delay                0.500
+ Phase Shift                   4.000
- Uncertainty                   0.020
= Required Time                 3.480
- Arrival Time                  1.767
= Slack Time                    1.713
     Clock Rise Edge                 0.000
     + Clock Network Latency (Prop)  0.002
     = Beginpoint Arrival Time       0.002
     +------------------------------------------------------------------------------------------------+ 
     |               Instance               |       Arc       |   Cell   | Delay | Arrival | Required | 
     |                                      |                 |          |       |  Time   |   Time   | 
     |--------------------------------------+-----------------+----------+-------+---------+----------| 
     | core/picorv32_core_pcpi_insn_reg[20] | CK ^            |          |       |   0.002 |    1.714 | 
     | core/picorv32_core_pcpi_insn_reg[20] | CK ^ -> Q v     | EDFFHQX8 | 0.083 |   0.085 |    1.798 | 
     | pad_pcpi_insn20                      | A v -> PAD v    | PADDO    | 1.682 |   1.767 |    3.480 | 
     |                                      | pcpi_insn[20] v |          | 0.000 |   1.767 |    3.480 | 
     +------------------------------------------------------------------------------------------------+ 
Path 20: MET Late External Delay Assertion 
Endpoint:   pcpi_insn[24]                          (v) checked with  leading 
edge of 'clk'
Beginpoint: core/picorv32_core_pcpi_insn_reg[24]/Q (v) triggered by  leading 
edge of 'clk'
Path Groups: {reg2out}
Analysis View: analysis1
Other End Arrival Time          0.000
- External Delay                0.500
+ Phase Shift                   4.000
- Uncertainty                   0.020
= Required Time                 3.480
- Arrival Time                  1.749
= Slack Time                    1.731
     Clock Rise Edge                 0.000
     + Clock Network Latency (Prop)  0.002
     = Beginpoint Arrival Time       0.002
     +------------------------------------------------------------------------------------------------+ 
     |               Instance               |       Arc       |   Cell   | Delay | Arrival | Required | 
     |                                      |                 |          |       |  Time   |   Time   | 
     |--------------------------------------+-----------------+----------+-------+---------+----------| 
     | core/picorv32_core_pcpi_insn_reg[24] | CK ^            |          |       |   0.002 |    1.733 | 
     | core/picorv32_core_pcpi_insn_reg[24] | CK ^ -> Q v     | EDFFHQX4 | 0.134 |   0.136 |    1.868 | 
     | pad_pcpi_insn24                      | A v -> PAD v    | PADDO    | 1.612 |   1.749 |    3.480 | 
     |                                      | pcpi_insn[24] v |          | 0.000 |   1.749 |    3.480 | 
     +------------------------------------------------------------------------------------------------+ 
Path 21: MET Late External Delay Assertion 
Endpoint:   pcpi_insn[8]                          (v) checked with  leading 
edge of 'clk'
Beginpoint: core/picorv32_core_pcpi_insn_reg[8]/Q (v) triggered by  leading 
edge of 'clk'
Path Groups: {reg2out}
Analysis View: analysis1
Other End Arrival Time          0.000
- External Delay                0.500
+ Phase Shift                   4.000
- Uncertainty                   0.020
= Required Time                 3.480
- Arrival Time                  1.749
= Slack Time                    1.731
     Clock Rise Edge                 0.000
     + Clock Network Latency (Prop)  0.002
     = Beginpoint Arrival Time       0.002
     +----------------------------------------------------------------------------------------------+ 
     |              Instance               |      Arc       |   Cell   | Delay | Arrival | Required | 
     |                                     |                |          |       |  Time   |   Time   | 
     |-------------------------------------+----------------+----------+-------+---------+----------| 
     | core/picorv32_core_pcpi_insn_reg[8] | CK ^           |          |       |   0.002 |    1.733 | 
     | core/picorv32_core_pcpi_insn_reg[8] | CK ^ -> Q v    | EDFFHQX4 | 0.112 |   0.114 |    1.845 | 
     | FE_OFC2497_pcpi_insn_w_8            | A v -> Y ^     | INVXL    | 0.191 |   0.304 |    2.036 | 
     | FE_OFC2814_pcpi_insn_w_8            | A ^ -> Y v     | CLKINVX8 | 0.068 |   0.372 |    2.104 | 
     | pad_pcpi_insn8                      | A v -> PAD v   | PADDO    | 1.376 |   1.749 |    3.480 | 
     |                                     | pcpi_insn[8] v |          | 0.000 |   1.749 |    3.480 | 
     +----------------------------------------------------------------------------------------------+ 
Path 22: MET Late External Delay Assertion 
Endpoint:   pcpi_insn[1]                          (v) checked with  leading 
edge of 'clk'
Beginpoint: core/picorv32_core_pcpi_insn_reg[1]/Q (v) triggered by  leading 
edge of 'clk'
Path Groups: {reg2out}
Analysis View: analysis1
Other End Arrival Time          0.000
- External Delay                0.500
+ Phase Shift                   4.000
- Uncertainty                   0.020
= Required Time                 3.480
- Arrival Time                  1.721
= Slack Time                    1.759
     Clock Rise Edge                 0.000
     + Clock Network Latency (Prop)  0.001
     = Beginpoint Arrival Time       0.001
     +----------------------------------------------------------------------------------------------+ 
     |              Instance               |      Arc       |   Cell   | Delay | Arrival | Required | 
     |                                     |                |          |       |  Time   |   Time   | 
     |-------------------------------------+----------------+----------+-------+---------+----------| 
     | core/picorv32_core_pcpi_insn_reg[1] | CK ^           |          |       |   0.001 |    1.760 | 
     | core/picorv32_core_pcpi_insn_reg[1] | CK ^ -> Q v    | EDFFHQX8 | 0.084 |   0.084 |    1.843 | 
     | FE_OFC80_pcpi_insn_w_1              | A v -> Y ^     | INVX1    | 0.197 |   0.281 |    2.040 | 
     | FE_OFC2466_pcpi_insn_w_1            | A ^ -> Y v     | CLKINVX8 | 0.066 |   0.347 |    2.106 | 
     | pad_pcpi_insn1                      | A v -> PAD v   | PADDO    | 1.374 |   1.721 |    3.480 | 
     |                                     | pcpi_insn[1] v |          | 0.000 |   1.721 |    3.480 | 
     +----------------------------------------------------------------------------------------------+ 
Path 23: MET Late External Delay Assertion 
Endpoint:   pcpi_insn[3]                          (v) checked with  leading 
edge of 'clk'
Beginpoint: core/picorv32_core_pcpi_insn_reg[3]/Q (v) triggered by  leading 
edge of 'clk'
Path Groups: {reg2out}
Analysis View: analysis1
Other End Arrival Time          0.000
- External Delay                0.500
+ Phase Shift                   4.000
- Uncertainty                   0.020
= Required Time                 3.480
- Arrival Time                  1.707
= Slack Time                    1.773
     Clock Rise Edge                 0.000
     + Clock Network Latency (Prop)  0.001
     = Beginpoint Arrival Time       0.001
     +----------------------------------------------------------------------------------------------+ 
     |              Instance               |      Arc       |   Cell   | Delay | Arrival | Required | 
     |                                     |                |          |       |  Time   |   Time   | 
     |-------------------------------------+----------------+----------+-------+---------+----------| 
     | core/picorv32_core_pcpi_insn_reg[3] | CK ^           |          |       |   0.001 |    1.774 | 
     | core/picorv32_core_pcpi_insn_reg[3] | CK ^ -> Q v    | EDFFHQX8 | 0.082 |   0.083 |    1.856 | 
     | FE_OFC72_pcpi_insn_w_3              | A v -> Y ^     | INVX1    | 0.187 |   0.270 |    2.043 | 
     | FE_OFC2815_pcpi_insn_w_3            | A ^ -> Y v     | CLKINVX8 | 0.068 |   0.338 |    2.111 | 
     | pad_pcpi_insn3                      | A v -> PAD v   | PADDO    | 1.369 |   1.707 |    3.480 | 
     |                                     | pcpi_insn[3] v |          | 0.000 |   1.707 |    3.480 | 
     +----------------------------------------------------------------------------------------------+ 
Path 24: MET Late External Delay Assertion 
Endpoint:   pcpi_insn[26]                          (v) checked with  leading 
edge of 'clk'
Beginpoint: core/picorv32_core_pcpi_insn_reg[26]/Q (v) triggered by  leading 
edge of 'clk'
Path Groups: {reg2out}
Analysis View: analysis1
Other End Arrival Time          0.000
- External Delay                0.500
+ Phase Shift                   4.000
- Uncertainty                   0.020
= Required Time                 3.480
- Arrival Time                  1.702
= Slack Time                    1.778
     Clock Rise Edge                 0.000
     + Clock Network Latency (Prop)  0.001
     = Beginpoint Arrival Time       0.001
     +------------------------------------------------------------------------------------------------+ 
     |               Instance               |       Arc       |   Cell   | Delay | Arrival | Required | 
     |                                      |                 |          |       |  Time   |   Time   | 
     |--------------------------------------+-----------------+----------+-------+---------+----------| 
     | core/picorv32_core_pcpi_insn_reg[26] | CK ^            |          |       |   0.001 |    1.779 | 
     | core/picorv32_core_pcpi_insn_reg[26] | CK ^ -> Q v     | EDFFHQX8 | 0.101 |   0.102 |    1.880 | 
     | pad_pcpi_insn26                      | A v -> PAD v    | PADDO    | 1.600 |   1.702 |    3.480 | 
     |                                      | pcpi_insn[26] v |          | 0.000 |   1.702 |    3.480 | 
     +------------------------------------------------------------------------------------------------+ 
Path 25: MET Late External Delay Assertion 
Endpoint:   pcpi_insn[25]                          (v) checked with  leading 
edge of 'clk'
Beginpoint: core/picorv32_core_pcpi_insn_reg[25]/Q (v) triggered by  leading 
edge of 'clk'
Path Groups: {reg2out}
Analysis View: analysis1
Other End Arrival Time          0.000
- External Delay                0.500
+ Phase Shift                   4.000
- Uncertainty                   0.020
= Required Time                 3.480
- Arrival Time                  1.693
= Slack Time                    1.787
     Clock Rise Edge                 0.000
     + Clock Network Latency (Prop)  0.001
     = Beginpoint Arrival Time       0.001
     +------------------------------------------------------------------------------------------------+ 
     |               Instance               |       Arc       |   Cell   | Delay | Arrival | Required | 
     |                                      |                 |          |       |  Time   |   Time   | 
     |--------------------------------------+-----------------+----------+-------+---------+----------| 
     | core/picorv32_core_pcpi_insn_reg[25] | CK ^            |          |       |   0.001 |    1.787 | 
     | core/picorv32_core_pcpi_insn_reg[25] | CK ^ -> Q v     | EDFFHQX8 | 0.082 |   0.082 |    1.869 | 
     | pad_pcpi_insn25                      | A v -> PAD v    | PADDO    | 1.611 |   1.693 |    3.480 | 
     |                                      | pcpi_insn[25] v |          | 0.000 |   1.693 |    3.480 | 
     +------------------------------------------------------------------------------------------------+ 
Path 26: MET Late External Delay Assertion 
Endpoint:   pcpi_insn[21]                          (v) checked with  leading 
edge of 'clk'
Beginpoint: core/picorv32_core_pcpi_insn_reg[21]/Q (v) triggered by  leading 
edge of 'clk'
Path Groups: {reg2out}
Analysis View: analysis1
Other End Arrival Time          0.000
- External Delay                0.500
+ Phase Shift                   4.000
- Uncertainty                   0.020
= Required Time                 3.480
- Arrival Time                  1.680
= Slack Time                    1.800
     Clock Rise Edge                 0.000
     + Clock Network Latency (Prop)  0.002
     = Beginpoint Arrival Time       0.002
     +------------------------------------------------------------------------------------------------+ 
     |               Instance               |       Arc       |   Cell   | Delay | Arrival | Required | 
     |                                      |                 |          |       |  Time   |   Time   | 
     |--------------------------------------+-----------------+----------+-------+---------+----------| 
     | core/picorv32_core_pcpi_insn_reg[21] | CK ^            |          |       |   0.002 |    1.802 | 
     | core/picorv32_core_pcpi_insn_reg[21] | CK ^ -> Q v     | EDFFHQX8 | 0.094 |   0.096 |    1.896 | 
     | pad_pcpi_insn21                      | A v -> PAD v    | PADDO    | 1.584 |   1.680 |    3.480 | 
     |                                      | pcpi_insn[21] v |          | 0.000 |   1.680 |    3.480 | 
     +------------------------------------------------------------------------------------------------+ 
Path 27: MET Late External Delay Assertion 
Endpoint:   pcpi_rs1[1]                         (v) checked with  leading edge 
of 'clk'
Beginpoint: core/picorv32_core_reg_op1_reg[1]/Q (v) triggered by  leading edge 
of 'clk'
Path Groups: {reg2out}
Analysis View: analysis1
Other End Arrival Time          0.000
- External Delay                0.500
+ Phase Shift                   4.000
- Uncertainty                   0.020
= Required Time                 3.480
- Arrival Time                  1.671
= Slack Time                    1.809
     Clock Rise Edge                 0.000
     + Clock Network Latency (Prop)  0.000
     = Beginpoint Arrival Time       0.000
     +----------------------------------------------------------------------------------------+ 
     |             Instance              |      Arc      |  Cell | Delay | Arrival | Required | 
     |                                   |               |       |       |  Time   |   Time   | 
     |-----------------------------------+---------------+-------+-------+---------+----------| 
     | core/picorv32_core_reg_op1_reg[1] | CK ^          |       |       |   0.000 |    1.809 | 
     | core/picorv32_core_reg_op1_reg[1] | CK ^ -> Q v   | DFFX1 | 0.126 |   0.126 |    1.935 | 
     | core/FE_OFC153_pcpi_rs1_w_1       | A v -> Y v    | BUFX8 | 0.059 |   0.185 |    1.994 | 
     | pad_pcpi_rs11                     | A v -> PAD v  | PADDO | 1.486 |   1.671 |    3.480 | 
     |                                   | pcpi_rs1[1] v |       | 0.000 |   1.671 |    3.480 | 
     +----------------------------------------------------------------------------------------+ 
Path 28: MET Late External Delay Assertion 
Endpoint:   pcpi_insn[27]                          (v) checked with  leading 
edge of 'clk'
Beginpoint: core/picorv32_core_pcpi_insn_reg[27]/Q (v) triggered by  leading 
edge of 'clk'
Path Groups: {reg2out}
Analysis View: analysis1
Other End Arrival Time          0.000
- External Delay                0.500
+ Phase Shift                   4.000
- Uncertainty                   0.020
= Required Time                 3.480
- Arrival Time                  1.663
= Slack Time                    1.817
     Clock Rise Edge                 0.000
     + Clock Network Latency (Prop)  0.001
     = Beginpoint Arrival Time       0.001
     +------------------------------------------------------------------------------------------------+ 
     |               Instance               |       Arc       |   Cell   | Delay | Arrival | Required | 
     |                                      |                 |          |       |  Time   |   Time   | 
     |--------------------------------------+-----------------+----------+-------+---------+----------| 
     | core/picorv32_core_pcpi_insn_reg[27] | CK ^            |          |       |   0.001 |    1.818 | 
     | core/picorv32_core_pcpi_insn_reg[27] | CK ^ -> Q v     | EDFFHQX8 | 0.082 |   0.083 |    1.900 | 
     | pad_pcpi_insn27                      | A v -> PAD v    | PADDO    | 1.580 |   1.663 |    3.480 | 
     |                                      | pcpi_insn[27] v |          | 0.000 |   1.663 |    3.480 | 
     +------------------------------------------------------------------------------------------------+ 
Path 29: MET Late External Delay Assertion 
Endpoint:   pcpi_insn[28]                          (v) checked with  leading 
edge of 'clk'
Beginpoint: core/picorv32_core_pcpi_insn_reg[28]/Q (v) triggered by  leading 
edge of 'clk'
Path Groups: {reg2out}
Analysis View: analysis1
Other End Arrival Time          0.000
- External Delay                0.500
+ Phase Shift                   4.000
- Uncertainty                   0.020
= Required Time                 3.480
- Arrival Time                  1.662
= Slack Time                    1.818
     Clock Rise Edge                 0.000
     + Clock Network Latency (Prop)  0.001
     = Beginpoint Arrival Time       0.001
     +------------------------------------------------------------------------------------------------+ 
     |               Instance               |       Arc       |   Cell   | Delay | Arrival | Required | 
     |                                      |                 |          |       |  Time   |   Time   | 
     |--------------------------------------+-----------------+----------+-------+---------+----------| 
     | core/picorv32_core_pcpi_insn_reg[28] | CK ^            |          |       |   0.001 |    1.820 | 
     | core/picorv32_core_pcpi_insn_reg[28] | CK ^ -> Q v     | EDFFHQX8 | 0.099 |   0.100 |    1.918 | 
     | pad_pcpi_insn28                      | A v -> PAD v    | PADDO    | 1.562 |   1.662 |    3.480 | 
     |                                      | pcpi_insn[28] v |          | 0.000 |   1.662 |    3.480 | 
     +------------------------------------------------------------------------------------------------+ 
Path 30: MET Late External Delay Assertion 
Endpoint:   pcpi_rs1[0]                         (v) checked with  leading edge 
of 'clk'
Beginpoint: core/picorv32_core_reg_op1_reg[0]/Q (v) triggered by  leading edge 
of 'clk'
Path Groups: {reg2out}
Analysis View: analysis1
Other End Arrival Time          0.000
- External Delay                0.500
+ Phase Shift                   4.000
- Uncertainty                   0.020
= Required Time                 3.480
- Arrival Time                  1.653
= Slack Time                    1.827
     Clock Rise Edge                 0.000
     + Clock Network Latency (Prop)  0.000
     = Beginpoint Arrival Time       0.000
     +-------------------------------------------------------------------------------------------+ 
     |             Instance              |      Arc      |   Cell   | Delay | Arrival | Required | 
     |                                   |               |          |       |  Time   |   Time   | 
     |-----------------------------------+---------------+----------+-------+---------+----------| 
     | core/picorv32_core_reg_op1_reg[0] | CK ^          |          |       |   0.000 |    1.827 | 
     | core/picorv32_core_reg_op1_reg[0] | CK ^ -> Q v   | DFFX1    | 0.123 |   0.123 |    1.950 | 
     | core/FE_OFC156_pcpi_rs1_w_0       | A v -> Y v    | BUFX2    | 0.100 |   0.223 |    2.050 | 
     | FE_OFC157_pcpi_rs1_w_0            | A v -> Y ^    | INVX1    | 0.133 |   0.356 |    2.183 | 
     | FE_OFC158_pcpi_rs1_w_0            | A ^ -> Y v    | CLKINVX6 | 0.088 |   0.444 |    2.271 | 
     | pad_pcpi_rs10                     | A v -> PAD v  | PADDO    | 1.209 |   1.653 |    3.480 | 
     |                                   | pcpi_rs1[0] v |          | 0.000 |   1.653 |    3.480 | 
     +-------------------------------------------------------------------------------------------+ 
Path 31: MET Late External Delay Assertion 
Endpoint:   pcpi_insn[4]                          (v) checked with  leading 
edge of 'clk'
Beginpoint: core/picorv32_core_pcpi_insn_reg[4]/Q (v) triggered by  leading 
edge of 'clk'
Path Groups: {reg2out}
Analysis View: analysis1
Other End Arrival Time          0.000
- External Delay                0.500
+ Phase Shift                   4.000
- Uncertainty                   0.020
= Required Time                 3.480
- Arrival Time                  1.650
= Slack Time                    1.830
     Clock Rise Edge                 0.000
     + Clock Network Latency (Prop)  0.001
     = Beginpoint Arrival Time       0.001
     +----------------------------------------------------------------------------------------------+ 
     |              Instance               |      Arc       |   Cell   | Delay | Arrival | Required | 
     |                                     |                |          |       |  Time   |   Time   | 
     |-------------------------------------+----------------+----------+-------+---------+----------| 
     | core/picorv32_core_pcpi_insn_reg[4] | CK ^           |          |       |   0.001 |    1.830 | 
     | core/picorv32_core_pcpi_insn_reg[4] | CK ^ -> Q v    | EDFFHQX8 | 0.083 |   0.083 |    1.913 | 
     | FE_OFC2823_pcpi_insn_w_4            | A v -> Y ^     | INVX2    | 0.190 |   0.274 |    2.103 | 
     | FE_OFC2824_pcpi_insn_w_4            | A ^ -> Y v     | INVX2    | 0.141 |   0.414 |    2.244 | 
     | FE_OFC2825_pcpi_insn_w_4            | A v -> Y ^     | INVX2    | 0.132 |   0.547 |    2.376 | 
     | FE_OFC2826_pcpi_insn_w_4            | A ^ -> Y v     | INVX4    | 0.114 |   0.661 |    2.490 | 
     | pad_pcpi_insn4                      | A v -> PAD v   | PADDO    | 0.990 |   1.650 |    3.480 | 
     |                                     | pcpi_insn[4] v |          | 0.000 |   1.650 |    3.480 | 
     +----------------------------------------------------------------------------------------------+ 
Path 32: MET Late External Delay Assertion 
Endpoint:   pcpi_rs1[6]                         (v) checked with  leading edge 
of 'clk'
Beginpoint: core/picorv32_core_reg_op1_reg[6]/Q (v) triggered by  leading edge 
of 'clk'
Path Groups: {reg2out}
Analysis View: analysis1
Other End Arrival Time          0.000
- External Delay                0.500
+ Phase Shift                   4.000
- Uncertainty                   0.020
= Required Time                 3.480
- Arrival Time                  1.639
= Slack Time                    1.841
     Clock Rise Edge                 0.000
     + Clock Network Latency (Prop)  0.003
     = Beginpoint Arrival Time       0.003
     +-------------------------------------------------------------------------------------------+ 
     |             Instance              |      Arc      |   Cell   | Delay | Arrival | Required | 
     |                                   |               |          |       |  Time   |   Time   | 
     |-----------------------------------+---------------+----------+-------+---------+----------| 
     | core/picorv32_core_reg_op1_reg[6] | CK ^          |          |       |   0.003 |    1.843 | 
     | core/picorv32_core_reg_op1_reg[6] | CK ^ -> Q v   | DFFX1    | 0.123 |   0.125 |    1.966 | 
     | core/FE_OFC133_pcpi_rs1_w_6       | A v -> Y v    | CLKBUFX3 | 0.105 |   0.231 |    2.071 | 
     | FE_OFC134_pcpi_rs1_w_6            | A v -> Y ^    | INVX2    | 0.156 |   0.387 |    2.227 | 
     | FE_OFC135_pcpi_rs1_w_6            | A ^ -> Y v    | INVX1    | 0.082 |   0.469 |    2.309 | 
     | FE_OFC2827_FE_OFN135_pcpi_rs1_w_6 | A v -> Y ^    | INVX1    | 0.101 |   0.569 |    2.410 | 
     | FE_OFC2828_FE_OFN135_pcpi_rs1_w_6 | A ^ -> Y v    | INVX2    | 0.121 |   0.690 |    2.530 | 
     | pad_pcpi_rs16                     | A v -> PAD v  | PADDO    | 0.950 |   1.639 |    3.480 | 
     |                                   | pcpi_rs1[6] v |          | 0.000 |   1.639 |    3.480 | 
     +-------------------------------------------------------------------------------------------+ 
Path 33: MET Late External Delay Assertion 
Endpoint:   wbm_dat_o[31]            (v) checked with  leading edge of 'clk'
Beginpoint: core/wbm_dat_o_reg[31]/Q (v) triggered by  leading edge of 'clk'
Path Groups: {reg2out}
Analysis View: analysis1
Other End Arrival Time          0.000
- External Delay                0.500
+ Phase Shift                   4.000
- Uncertainty                   0.020
= Required Time                 3.480
- Arrival Time                  1.633
= Slack Time                    1.847
     Clock Rise Edge                 0.000
     + Clock Network Latency (Prop)  0.009
     = Beginpoint Arrival Time       0.009
     +---------------------------------------------------------------------------------+ 
     |        Instance        |       Arc       |  Cell   | Delay | Arrival | Required | 
     |                        |                 |         |       |  Time   |   Time   | 
     |------------------------+-----------------+---------+-------+---------+----------| 
     | core/wbm_dat_o_reg[31] | CK ^            |         |       |   0.009 |    1.856 | 
     | core/wbm_dat_o_reg[31] | CK ^ -> Q v     | DFFHQX8 | 0.087 |   0.096 |    1.944 | 
     | pad_wbm_dat_o31        | A v -> PAD v    | PADDO   | 1.536 |   1.633 |    3.480 | 
     |                        | wbm_dat_o[31] v |         | 0.000 |   1.633 |    3.480 | 
     +---------------------------------------------------------------------------------+ 
Path 34: MET Late External Delay Assertion 
Endpoint:   wbm_dat_o[30]            (v) checked with  leading edge of 'clk'
Beginpoint: core/wbm_dat_o_reg[30]/Q (v) triggered by  leading edge of 'clk'
Path Groups: {reg2out}
Analysis View: analysis1
Other End Arrival Time          0.000
- External Delay                0.500
+ Phase Shift                   4.000
- Uncertainty                   0.020
= Required Time                 3.480
- Arrival Time                  1.632
= Slack Time                    1.848
     Clock Rise Edge                 0.000
     + Clock Network Latency (Prop)  0.009
     = Beginpoint Arrival Time       0.009
     +---------------------------------------------------------------------------------+ 
     |        Instance        |       Arc       |  Cell   | Delay | Arrival | Required | 
     |                        |                 |         |       |  Time   |   Time   | 
     |------------------------+-----------------+---------+-------+---------+----------| 
     | core/wbm_dat_o_reg[30] | CK ^            |         |       |   0.009 |    1.856 | 
     | core/wbm_dat_o_reg[30] | CK ^ -> Q v     | DFFHQX8 | 0.076 |   0.085 |    1.933 | 
     | pad_wbm_dat_o30        | A v -> PAD v    | PADDO   | 1.547 |   1.632 |    3.480 | 
     |                        | wbm_dat_o[30] v |         | 0.000 |   1.632 |    3.480 | 
     +---------------------------------------------------------------------------------+ 
Path 35: MET Late External Delay Assertion 
Endpoint:   pcpi_insn[6]                          (v) checked with  leading 
edge of 'clk'
Beginpoint: core/picorv32_core_pcpi_insn_reg[6]/Q (v) triggered by  leading 
edge of 'clk'
Path Groups: {reg2out}
Analysis View: analysis1
Other End Arrival Time          0.000
- External Delay                0.500
+ Phase Shift                   4.000
- Uncertainty                   0.020
= Required Time                 3.480
- Arrival Time                  1.626
= Slack Time                    1.854
     Clock Rise Edge                 0.000
     + Clock Network Latency (Prop)  0.001
     = Beginpoint Arrival Time       0.001
     +----------------------------------------------------------------------------------------------+ 
     |              Instance               |      Arc       |   Cell   | Delay | Arrival | Required | 
     |                                     |                |          |       |  Time   |   Time   | 
     |-------------------------------------+----------------+----------+-------+---------+----------| 
     | core/picorv32_core_pcpi_insn_reg[6] | CK ^           |          |       |   0.001 |    1.855 | 
     | core/picorv32_core_pcpi_insn_reg[6] | CK ^ -> Q v    | EDFFHQX8 | 0.080 |   0.081 |    1.935 | 
     | FE_OFC60_pcpi_insn_w_6              | A v -> Y ^     | INVX2    | 0.186 |   0.267 |    2.122 | 
     | FE_OFC61_pcpi_insn_w_6              | A ^ -> Y v     | INVX2    | 0.111 |   0.378 |    2.233 | 
     | FE_OFC62_pcpi_insn_w_6              | A v -> Y ^     | INVX2    | 0.110 |   0.488 |    2.342 | 
     | FE_OFC63_pcpi_insn_w_6              | A ^ -> Y v     | INVX3    | 0.129 |   0.617 |    2.472 | 
     | pad_pcpi_insn6                      | A v -> PAD v   | PADDO    | 1.008 |   1.626 |    3.480 | 
     |                                     | pcpi_insn[6] v |          | 0.000 |   1.626 |    3.480 | 
     +----------------------------------------------------------------------------------------------+ 
Path 36: MET Late External Delay Assertion 
Endpoint:   pcpi_insn[5]                          (v) checked with  leading 
edge of 'clk'
Beginpoint: core/picorv32_core_pcpi_insn_reg[5]/Q (v) triggered by  leading 
edge of 'clk'
Path Groups: {reg2out}
Analysis View: analysis1
Other End Arrival Time          0.000
- External Delay                0.500
+ Phase Shift                   4.000
- Uncertainty                   0.020
= Required Time                 3.480
- Arrival Time                  1.623
= Slack Time                    1.857
     Clock Rise Edge                 0.000
     + Clock Network Latency (Prop)  0.001
     = Beginpoint Arrival Time       0.001
     +----------------------------------------------------------------------------------------------+ 
     |              Instance               |      Arc       |   Cell   | Delay | Arrival | Required | 
     |                                     |                |          |       |  Time   |   Time   | 
     |-------------------------------------+----------------+----------+-------+---------+----------| 
     | core/picorv32_core_pcpi_insn_reg[5] | CK ^           |          |       |   0.001 |    1.858 | 
     | core/picorv32_core_pcpi_insn_reg[5] | CK ^ -> Q v    | EDFFHQX8 | 0.080 |   0.081 |    1.938 | 
     | FE_OFC64_pcpi_insn_w_5              | A v -> Y ^     | INVX2    | 0.180 |   0.261 |    2.118 | 
     | FE_OFC65_pcpi_insn_w_5              | A ^ -> Y v     | CLKINVX6 | 0.097 |   0.359 |    2.216 | 
     | pad_pcpi_insn5                      | A v -> PAD v   | PADDO    | 1.264 |   1.623 |    3.480 | 
     |                                     | pcpi_insn[5] v |          | 0.000 |   1.623 |    3.480 | 
     +----------------------------------------------------------------------------------------------+ 
Path 37: MET Late External Delay Assertion 
Endpoint:   pcpi_insn[29]                          (v) checked with  leading 
edge of 'clk'
Beginpoint: core/picorv32_core_pcpi_insn_reg[29]/Q (v) triggered by  leading 
edge of 'clk'
Path Groups: {reg2out}
Analysis View: analysis1
Other End Arrival Time          0.000
- External Delay                0.500
+ Phase Shift                   4.000
- Uncertainty                   0.020
= Required Time                 3.480
- Arrival Time                  1.622
= Slack Time                    1.858
     Clock Rise Edge                 0.000
     + Clock Network Latency (Prop)  0.001
     = Beginpoint Arrival Time       0.001
     +------------------------------------------------------------------------------------------------+ 
     |               Instance               |       Arc       |   Cell   | Delay | Arrival | Required | 
     |                                      |                 |          |       |  Time   |   Time   | 
     |--------------------------------------+-----------------+----------+-------+---------+----------| 
     | core/picorv32_core_pcpi_insn_reg[29] | CK ^            |          |       |   0.001 |    1.859 | 
     | core/picorv32_core_pcpi_insn_reg[29] | CK ^ -> Q v     | EDFFHQX8 | 0.081 |   0.082 |    1.940 | 
     | pad_pcpi_insn29                      | A v -> PAD v    | PADDO    | 1.540 |   1.622 |    3.480 | 
     |                                      | pcpi_insn[29] v |          | 0.000 |   1.622 |    3.480 | 
     +------------------------------------------------------------------------------------------------+ 
Path 38: MET Late External Delay Assertion 
Endpoint:   pcpi_insn[22]                          (v) checked with  leading 
edge of 'clk'
Beginpoint: core/picorv32_core_pcpi_insn_reg[22]/Q (v) triggered by  leading 
edge of 'clk'
Path Groups: {reg2out}
Analysis View: analysis1
Other End Arrival Time          0.000
- External Delay                0.500
+ Phase Shift                   4.000
- Uncertainty                   0.020
= Required Time                 3.480
- Arrival Time                  1.618
= Slack Time                    1.862
     Clock Rise Edge                 0.000
     + Clock Network Latency (Prop)  0.002
     = Beginpoint Arrival Time       0.002
     +------------------------------------------------------------------------------------------------+ 
     |               Instance               |       Arc       |   Cell   | Delay | Arrival | Required | 
     |                                      |                 |          |       |  Time   |   Time   | 
     |--------------------------------------+-----------------+----------+-------+---------+----------| 
     | core/picorv32_core_pcpi_insn_reg[22] | CK ^            |          |       |   0.002 |    1.863 | 
     | core/picorv32_core_pcpi_insn_reg[22] | CK ^ -> Q v     | EDFFHQX2 | 0.108 |   0.110 |    1.972 | 
     | FE_OFC2092_pcpi_insn_w_22            | A v -> Y ^      | INVX2    | 0.123 |   0.233 |    2.094 | 
     | FE_OFC2093_pcpi_insn_w_22            | A ^ -> Y v      | CLKINVX6 | 0.107 |   0.340 |    2.201 | 
     | pad_pcpi_insn22                      | A v -> PAD v    | PADDO    | 1.279 |   1.618 |    3.480 | 
     |                                      | pcpi_insn[22] v |          | 0.000 |   1.618 |    3.480 | 
     +------------------------------------------------------------------------------------------------+ 
Path 39: MET Late External Delay Assertion 
Endpoint:   pcpi_insn[2]                          (v) checked with  leading 
edge of 'clk'
Beginpoint: core/picorv32_core_pcpi_insn_reg[2]/Q (v) triggered by  leading 
edge of 'clk'
Path Groups: {reg2out}
Analysis View: analysis1
Other End Arrival Time          0.000
- External Delay                0.500
+ Phase Shift                   4.000
- Uncertainty                   0.020
= Required Time                 3.480
- Arrival Time                  1.615
= Slack Time                    1.865
     Clock Rise Edge                 0.000
     + Clock Network Latency (Prop)  0.001
     = Beginpoint Arrival Time       0.001
     +----------------------------------------------------------------------------------------------+ 
     |              Instance               |      Arc       |   Cell   | Delay | Arrival | Required | 
     |                                     |                |          |       |  Time   |   Time   | 
     |-------------------------------------+----------------+----------+-------+---------+----------| 
     | core/picorv32_core_pcpi_insn_reg[2] | CK ^           |          |       |   0.001 |    1.866 | 
     | core/picorv32_core_pcpi_insn_reg[2] | CK ^ -> Q v    | EDFFHQX8 | 0.080 |   0.081 |    1.946 | 
     | FE_OFC76_pcpi_insn_w_2              | A v -> Y ^     | INVX4    | 0.145 |   0.226 |    2.091 | 
     | FE_OFC77_pcpi_insn_w_2              | A ^ -> Y v     | INVX4    | 0.136 |   0.361 |    2.226 | 
     | FE_OFC78_pcpi_insn_w_2              | A v -> Y ^     | INVX1    | 0.179 |   0.540 |    2.405 | 
     | FE_OFC79_pcpi_insn_w_2              | A ^ -> Y v     | INVX2    | 0.125 |   0.665 |    2.530 | 
     | pad_pcpi_insn2                      | A v -> PAD v   | PADDO    | 0.950 |   1.615 |    3.480 | 
     |                                     | pcpi_insn[2] v |          | 0.000 |   1.615 |    3.480 | 
     +----------------------------------------------------------------------------------------------+ 
Path 40: MET Late External Delay Assertion 
Endpoint:   pcpi_insn[7]                          (v) checked with  leading 
edge of 'clk'
Beginpoint: core/picorv32_core_pcpi_insn_reg[7]/Q (v) triggered by  leading 
edge of 'clk'
Path Groups: {reg2out}
Analysis View: analysis1
Other End Arrival Time          0.000
- External Delay                0.500
+ Phase Shift                   4.000
- Uncertainty                   0.020
= Required Time                 3.480
- Arrival Time                  1.610
= Slack Time                    1.870
     Clock Rise Edge                 0.000
     + Clock Network Latency (Prop)  0.002
     = Beginpoint Arrival Time       0.002
     +----------------------------------------------------------------------------------------------+ 
     |              Instance               |      Arc       |   Cell   | Delay | Arrival | Required | 
     |                                     |                |          |       |  Time   |   Time   | 
     |-------------------------------------+----------------+----------+-------+---------+----------| 
     | core/picorv32_core_pcpi_insn_reg[7] | CK ^           |          |       |   0.002 |    1.872 | 
     | core/picorv32_core_pcpi_insn_reg[7] | CK ^ -> Q v    | EDFFHQX8 | 0.083 |   0.084 |    1.954 | 
     | FE_OFC56_pcpi_insn_w_7              | A v -> Y ^     | INVX2    | 0.172 |   0.256 |    2.126 | 
     | FE_OFC57_pcpi_insn_w_7              | A ^ -> Y v     | INVX2    | 0.110 |   0.366 |    2.236 | 
     | FE_OFC58_pcpi_insn_w_7              | A v -> Y ^     | INVX2    | 0.108 |   0.474 |    2.344 | 
     | FE_OFC59_pcpi_insn_w_7              | A ^ -> Y v     | INVX3    | 0.127 |   0.602 |    2.472 | 
     | pad_pcpi_insn7                      | A v -> PAD v   | PADDO    | 1.008 |   1.610 |    3.480 | 
     |                                     | pcpi_insn[7] v |          | 0.000 |   1.610 |    3.480 | 
     +----------------------------------------------------------------------------------------------+ 
Path 41: MET Late External Delay Assertion 
Endpoint:   pcpi_rs1[9]                         (v) checked with  leading edge 
of 'clk'
Beginpoint: core/picorv32_core_reg_op1_reg[9]/Q (v) triggered by  leading edge 
of 'clk'
Path Groups: {reg2out}
Analysis View: analysis1
Other End Arrival Time          0.000
- External Delay                0.500
+ Phase Shift                   4.000
- Uncertainty                   0.020
= Required Time                 3.480
- Arrival Time                  1.607
= Slack Time                    1.873
     Clock Rise Edge                 0.000
     + Clock Network Latency (Prop)  -0.000
     = Beginpoint Arrival Time       -0.000
     +----------------------------------------------------------------------------------------+ 
     |             Instance              |      Arc      |  Cell | Delay | Arrival | Required | 
     |                                   |               |       |       |  Time   |   Time   | 
     |-----------------------------------+---------------+-------+-------+---------+----------| 
     | core/picorv32_core_reg_op1_reg[9] | CK ^          |       |       |  -0.000 |    1.872 | 
     | core/picorv32_core_reg_op1_reg[9] | CK ^ -> Q v   | DFFX1 | 0.109 |   0.109 |    1.981 | 
     | core/FE_OFC124_pcpi_rs1_w_9       | A v -> Y v    | BUFX8 | 0.053 |   0.162 |    2.034 | 
     | pad_pcpi_rs19                     | A v -> PAD v  | PADDO | 1.446 |   1.607 |    3.480 | 
     |                                   | pcpi_rs1[9] v |       | 0.000 |   1.607 |    3.480 | 
     +----------------------------------------------------------------------------------------+ 
Path 42: MET Late External Delay Assertion 
Endpoint:   pcpi_insn[23]                          (v) checked with  leading 
edge of 'clk'
Beginpoint: core/picorv32_core_pcpi_insn_reg[23]/Q (v) triggered by  leading 
edge of 'clk'
Path Groups: {reg2out}
Analysis View: analysis1
Other End Arrival Time          0.000
- External Delay                0.500
+ Phase Shift                   4.000
- Uncertainty                   0.020
= Required Time                 3.480
- Arrival Time                  1.606
= Slack Time                    1.874
     Clock Rise Edge                 0.000
     + Clock Network Latency (Prop)  0.002
     = Beginpoint Arrival Time       0.002
     +------------------------------------------------------------------------------------------------+ 
     |               Instance               |       Arc       |   Cell   | Delay | Arrival | Required | 
     |                                      |                 |          |       |  Time   |   Time   | 
     |--------------------------------------+-----------------+----------+-------+---------+----------| 
     | core/picorv32_core_pcpi_insn_reg[23] | CK ^            |          |       |   0.002 |    1.875 | 
     | core/picorv32_core_pcpi_insn_reg[23] | CK ^ -> Q v     | EDFFHQX2 | 0.104 |   0.105 |    1.979 | 
     | FE_OFC2094_pcpi_insn_w_23            | A v -> Y ^      | INVX2    | 0.118 |   0.224 |    2.097 | 
     | FE_OFC2095_pcpi_insn_w_23            | A ^ -> Y v      | CLKINVX6 | 0.106 |   0.330 |    2.204 | 
     | pad_pcpi_insn23                      | A v -> PAD v    | PADDO    | 1.276 |   1.606 |    3.480 | 
     |                                      | pcpi_insn[23] v |          | 0.000 |   1.606 |    3.480 | 
     +------------------------------------------------------------------------------------------------+ 
Path 43: MET Late External Delay Assertion 
Endpoint:   wbm_dat_o[29]            (v) checked with  leading edge of 'clk'
Beginpoint: core/wbm_dat_o_reg[29]/Q (v) triggered by  leading edge of 'clk'
Path Groups: {reg2out}
Analysis View: analysis1
Other End Arrival Time          0.000
- External Delay                0.500
+ Phase Shift                   4.000
- Uncertainty                   0.020
= Required Time                 3.480
- Arrival Time                  1.600
= Slack Time                    1.880
     Clock Rise Edge                 0.000
     + Clock Network Latency (Prop)  0.008
     = Beginpoint Arrival Time       0.008
     +---------------------------------------------------------------------------------+ 
     |        Instance        |       Arc       |  Cell   | Delay | Arrival | Required | 
     |                        |                 |         |       |  Time   |   Time   | 
     |------------------------+-----------------+---------+-------+---------+----------| 
     | core/wbm_dat_o_reg[29] | CK ^            |         |       |   0.008 |    1.889 | 
     | core/wbm_dat_o_reg[29] | CK ^ -> Q v     | DFFHQX8 | 0.068 |   0.076 |    1.956 | 
     | pad_wbm_dat_o29        | A v -> PAD v    | PADDO   | 1.524 |   1.600 |    3.480 | 
     |                        | wbm_dat_o[29] v |         | 0.000 |   1.600 |    3.480 | 
     +---------------------------------------------------------------------------------+ 
Path 44: MET Late External Delay Assertion 
Endpoint:   pcpi_insn[0]                          (v) checked with  leading 
edge of 'clk'
Beginpoint: core/picorv32_core_pcpi_insn_reg[0]/Q (v) triggered by  leading 
edge of 'clk'
Path Groups: {reg2out}
Analysis View: analysis1
Other End Arrival Time          0.000
- External Delay                0.500
+ Phase Shift                   4.000
- Uncertainty                   0.020
= Required Time                 3.480
- Arrival Time                  1.596
= Slack Time                    1.884
     Clock Rise Edge                 0.000
     + Clock Network Latency (Prop)  0.001
     = Beginpoint Arrival Time       0.001
     +----------------------------------------------------------------------------------------------+ 
     |              Instance               |      Arc       |   Cell   | Delay | Arrival | Required | 
     |                                     |                |          |       |  Time   |   Time   | 
     |-------------------------------------+----------------+----------+-------+---------+----------| 
     | core/picorv32_core_pcpi_insn_reg[0] | CK ^           |          |       |   0.001 |    1.885 | 
     | core/picorv32_core_pcpi_insn_reg[0] | CK ^ -> Q v    | EDFFHQX8 | 0.068 |   0.069 |    1.953 | 
     | FE_OFC84_pcpi_insn_w_0              | A v -> Y ^     | INVX2    | 0.138 |   0.207 |    2.091 | 
     | FE_OFC85_pcpi_insn_w_0              | A ^ -> Y v     | INVX2    | 0.106 |   0.313 |    2.197 | 
     | FE_OFC86_pcpi_insn_w_0              | A v -> Y ^     | INVX4    | 0.090 |   0.403 |    2.288 | 
     | FE_OFC87_pcpi_insn_w_0              | A ^ -> Y v     | INVX1    | 0.124 |   0.527 |    2.412 | 
     | FE_OFC2091_FE_OFN87_pcpi_insn_w_0   | A v -> Y v     | CLKBUFX3 | 0.091 |   0.619 |    2.503 | 
     | pad_pcpi_insn0                      | A v -> PAD v   | PADDO    | 0.977 |   1.596 |    3.480 | 
     |                                     | pcpi_insn[0] v |          | 0.000 |   1.596 |    3.480 | 
     +----------------------------------------------------------------------------------------------+ 
Path 45: MET Late External Delay Assertion 
Endpoint:   pcpi_insn[30]                          (v) checked with  leading 
edge of 'clk'
Beginpoint: core/picorv32_core_pcpi_insn_reg[30]/Q (v) triggered by  leading 
edge of 'clk'
Path Groups: {reg2out}
Analysis View: analysis1
Other End Arrival Time          0.000
- External Delay                0.500
+ Phase Shift                   4.000
- Uncertainty                   0.020
= Required Time                 3.480
- Arrival Time                  1.596
= Slack Time                    1.884
     Clock Rise Edge                 0.000
     + Clock Network Latency (Prop)  0.001
     = Beginpoint Arrival Time       0.001
     +------------------------------------------------------------------------------------------------+ 
     |               Instance               |       Arc       |   Cell   | Delay | Arrival | Required | 
     |                                      |                 |          |       |  Time   |   Time   | 
     |--------------------------------------+-----------------+----------+-------+---------+----------| 
     | core/picorv32_core_pcpi_insn_reg[30] | CK ^            |          |       |   0.001 |    1.885 | 
     | core/picorv32_core_pcpi_insn_reg[30] | CK ^ -> Q v     | EDFFHQX8 | 0.084 |   0.085 |    1.969 | 
     | pad_pcpi_insn30                      | A v -> PAD v    | PADDO    | 1.511 |   1.596 |    3.480 | 
     |                                      | pcpi_insn[30] v |          | 0.000 |   1.596 |    3.480 | 
     +------------------------------------------------------------------------------------------------+ 
Path 46: MET Late External Delay Assertion 
Endpoint:   wbm_dat_o[28]            (v) checked with  leading edge of 'clk'
Beginpoint: core/wbm_dat_o_reg[28]/Q (v) triggered by  leading edge of 'clk'
Path Groups: {reg2out}
Analysis View: analysis1
Other End Arrival Time          0.000
- External Delay                0.500
+ Phase Shift                   4.000
- Uncertainty                   0.020
= Required Time                 3.480
- Arrival Time                  1.585
= Slack Time                    1.895
     Clock Rise Edge                 0.000
     + Clock Network Latency (Prop)  0.008
     = Beginpoint Arrival Time       0.008
     +---------------------------------------------------------------------------------+ 
     |        Instance        |       Arc       |  Cell   | Delay | Arrival | Required | 
     |                        |                 |         |       |  Time   |   Time   | 
     |------------------------+-----------------+---------+-------+---------+----------| 
     | core/wbm_dat_o_reg[28] | CK ^            |         |       |   0.008 |    1.903 | 
     | core/wbm_dat_o_reg[28] | CK ^ -> Q v     | DFFHQX8 | 0.085 |   0.094 |    1.988 | 
     | pad_wbm_dat_o28        | A v -> PAD v    | PADDO   | 1.492 |   1.585 |    3.480 | 
     |                        | wbm_dat_o[28] v |         | 0.000 |   1.585 |    3.480 | 
     +---------------------------------------------------------------------------------+ 
Path 47: MET Late External Delay Assertion 
Endpoint:   pcpi_insn[31]                          (v) checked with  leading 
edge of 'clk'
Beginpoint: core/picorv32_core_pcpi_insn_reg[31]/Q (v) triggered by  leading 
edge of 'clk'
Path Groups: {reg2out}
Analysis View: analysis1
Other End Arrival Time          0.000
- External Delay                0.500
+ Phase Shift                   4.000
- Uncertainty                   0.020
= Required Time                 3.480
- Arrival Time                  1.581
= Slack Time                    1.899
     Clock Rise Edge                 0.000
     + Clock Network Latency (Prop)  0.001
     = Beginpoint Arrival Time       0.001
     +------------------------------------------------------------------------------------------------+ 
     |               Instance               |       Arc       |   Cell   | Delay | Arrival | Required | 
     |                                      |                 |          |       |  Time   |   Time   | 
     |--------------------------------------+-----------------+----------+-------+---------+----------| 
     | core/picorv32_core_pcpi_insn_reg[31] | CK ^            |          |       |   0.001 |    1.900 | 
     | core/picorv32_core_pcpi_insn_reg[31] | CK ^ -> Q v     | EDFFHQX8 | 0.079 |   0.080 |    1.979 | 
     | pad_pcpi_insn31                      | A v -> PAD v    | PADDO    | 1.501 |   1.581 |    3.480 | 
     |                                      | pcpi_insn[31] v |          | 0.000 |   1.581 |    3.480 | 
     +------------------------------------------------------------------------------------------------+ 
Path 48: MET Late External Delay Assertion 
Endpoint:   pcpi_insn[9]                          (^) checked with  leading 
edge of 'clk'
Beginpoint: core/picorv32_core_pcpi_insn_reg[9]/Q (^) triggered by  leading 
edge of 'clk'
Path Groups: {reg2out}
Analysis View: analysis1
Other End Arrival Time          0.000
- External Delay                0.500
+ Phase Shift                   4.000
- Uncertainty                   0.020
= Required Time                 3.480
- Arrival Time                  1.580
= Slack Time                    1.900
     Clock Rise Edge                 0.000
     + Clock Network Latency (Prop)  0.002
     = Beginpoint Arrival Time       0.002
     +----------------------------------------------------------------------------------------------+ 
     |              Instance               |      Arc       |   Cell   | Delay | Arrival | Required | 
     |                                     |                |          |       |  Time   |   Time   | 
     |-------------------------------------+----------------+----------+-------+---------+----------| 
     | core/picorv32_core_pcpi_insn_reg[9] | CK ^           |          |       |   0.002 |    1.902 | 
     | core/picorv32_core_pcpi_insn_reg[9] | CK ^ -> Q ^    | EDFFHQX8 | 0.074 |   0.076 |    1.976 | 
     | FE_OFC48_pcpi_insn_w_9              | A ^ -> Y v     | INVX3    | 0.173 |   0.249 |    2.149 | 
     | FE_OFC49_pcpi_insn_w_9              | A v -> Y ^     | INVX1    | 0.147 |   0.396 |    2.296 | 
     | FE_OFC50_pcpi_insn_w_9              | A ^ -> Y v     | INVX2    | 0.107 |   0.503 |    2.403 | 
     | FE_OFC51_pcpi_insn_w_9              | A v -> Y ^     | INVX2    | 0.134 |   0.637 |    2.536 | 
     | pad_pcpi_insn9                      | A ^ -> PAD ^   | PADDO    | 0.944 |   1.580 |    3.480 | 
     |                                     | pcpi_insn[9] ^ |          | 0.000 |   1.580 |    3.480 | 
     +----------------------------------------------------------------------------------------------+ 
Path 49: MET Late External Delay Assertion 
Endpoint:   pcpi_rs1[5]                         (v) checked with  leading edge 
of 'clk'
Beginpoint: core/picorv32_core_reg_op1_reg[5]/Q (v) triggered by  leading edge 
of 'clk'
Path Groups: {reg2out}
Analysis View: analysis1
Other End Arrival Time          0.000
- External Delay                0.500
+ Phase Shift                   4.000
- Uncertainty                   0.020
= Required Time                 3.480
- Arrival Time                  1.578
= Slack Time                    1.902
     Clock Rise Edge                 0.000
     + Clock Network Latency (Prop)  0.003
     = Beginpoint Arrival Time       0.003
     +----------------------------------------------------------------------------------------+ 
     |             Instance              |      Arc      |  Cell | Delay | Arrival | Required | 
     |                                   |               |       |       |  Time   |   Time   | 
     |-----------------------------------+---------------+-------+-------+---------+----------| 
     | core/picorv32_core_reg_op1_reg[5] | CK ^          |       |       |   0.003 |    1.905 | 
     | core/picorv32_core_reg_op1_reg[5] | CK ^ -> Q v   | DFFX1 | 0.096 |   0.099 |    2.001 | 
     | core/FE_OFC136_pcpi_rs1_w_5       | A v -> Y v    | BUFX8 | 0.050 |   0.148 |    2.050 | 
     | pad_pcpi_rs15                     | A v -> PAD v  | PADDO | 1.430 |   1.578 |    3.480 | 
     |                                   | pcpi_rs1[5] v |       | 0.000 |   1.578 |    3.480 | 
     +----------------------------------------------------------------------------------------+ 
Path 50: MET Late External Delay Assertion 
Endpoint:   pcpi_insn[12]                          (v) checked with  leading 
edge of 'clk'
Beginpoint: core/picorv32_core_pcpi_insn_reg[12]/Q (v) triggered by  leading 
edge of 'clk'
Path Groups: {reg2out}
Analysis View: analysis1
Other End Arrival Time          0.000
- External Delay                0.500
+ Phase Shift                   4.000
- Uncertainty                   0.020
= Required Time                 3.480
- Arrival Time                  1.571
= Slack Time                    1.909
     Clock Rise Edge                 0.000
     + Clock Network Latency (Prop)  0.001
     = Beginpoint Arrival Time       0.001
     +------------------------------------------------------------------------------------------------+ 
     |               Instance               |       Arc       |   Cell   | Delay | Arrival | Required | 
     |                                      |                 |          |       |  Time   |   Time   | 
     |--------------------------------------+-----------------+----------+-------+---------+----------| 
     | core/picorv32_core_pcpi_insn_reg[12] | CK ^            |          |       |   0.001 |    1.910 | 
     | core/picorv32_core_pcpi_insn_reg[12] | CK ^ -> Q v     | EDFFHQX8 | 0.079 |   0.079 |    1.989 | 
     | FE_OFC40_pcpi_insn_w_12              | A v -> Y ^      | INVX2    | 0.147 |   0.226 |    2.136 | 
     | FE_OFC41_pcpi_insn_w_12              | A ^ -> Y v      | CLKINVX6 | 0.097 |   0.324 |    2.233 | 
     | pad_pcpi_insn12                      | A v -> PAD v    | PADDO    | 1.247 |   1.571 |    3.480 | 
     |                                      | pcpi_insn[12] v |          | 0.000 |   1.571 |    3.480 | 
     +------------------------------------------------------------------------------------------------+ 

