###############################################################
#  Generated by:      Cadence Innovus 21.35-s114_1
#  OS:                Linux x86_64(Host ID cn99.it.auth.gr)
#  Generated on:      Sat Nov 29 12:58:38 2025
#  Design:            picorv32_wb
#  Command:           report_timing -path_group in2reg -check_type hold -max_paths 50 > reports/postCTS/in2reg_hold.rpt
###############################################################
Path 1: MET Hold Check with Pin mem_rdata_reg[21]/CK 
Endpoint:   mem_rdata_reg[21]/D (v) checked with  leading edge of 'clk'
Beginpoint: wbm_dat_i[21]       (v) triggered by  leading edge of 'clk'
Path Groups: {in2reg}
Analysis View: analysis1
Other End Arrival Time         -0.001
+ Hold                         -0.021
+ Phase Shift                   0.000
+ Uncertainty                   0.020
= Required Time                -0.001
  Arrival Time                  0.256
  Slack Time                    0.258
     Clock Rise Edge                      0.000
     + Input Delay                        0.250
     + Drive Adjustment                   0.006
     = Beginpoint Arrival Time            0.256
     +-----------------------------------------------------------------------------+ 
     |     Instance      |       Arc       |   Cell   | Delay | Arrival | Required | 
     |                   |                 |          |       |  Time   |   Time   | 
     |-------------------+-----------------+----------+-------+---------+----------| 
     |                   | wbm_dat_i[21] v |          |       |   0.256 |   -0.001 | 
     | mem_rdata_reg[21] | D v             | EDFFHQX1 | 0.000 |   0.256 |   -0.001 | 
     +-----------------------------------------------------------------------------+ 
Path 2: MET Hold Check with Pin mem_rdata_reg[22]/CK 
Endpoint:   mem_rdata_reg[22]/D (v) checked with  leading edge of 'clk'
Beginpoint: wbm_dat_i[22]       (v) triggered by  leading edge of 'clk'
Path Groups: {in2reg}
Analysis View: analysis1
Other End Arrival Time         -0.001
+ Hold                         -0.021
+ Phase Shift                   0.000
+ Uncertainty                   0.020
= Required Time                -0.002
  Arrival Time                  0.256
  Slack Time                    0.258
     Clock Rise Edge                      0.000
     + Input Delay                        0.250
     + Drive Adjustment                   0.006
     = Beginpoint Arrival Time            0.256
     +-----------------------------------------------------------------------------+ 
     |     Instance      |       Arc       |   Cell   | Delay | Arrival | Required | 
     |                   |                 |          |       |  Time   |   Time   | 
     |-------------------+-----------------+----------+-------+---------+----------| 
     |                   | wbm_dat_i[22] v |          |       |   0.256 |   -0.002 | 
     | mem_rdata_reg[22] | D v             | EDFFHQX1 | 0.000 |   0.256 |   -0.002 | 
     +-----------------------------------------------------------------------------+ 
Path 3: MET Hold Check with Pin mem_rdata_reg[23]/CK 
Endpoint:   mem_rdata_reg[23]/D (v) checked with  leading edge of 'clk'
Beginpoint: wbm_dat_i[23]       (v) triggered by  leading edge of 'clk'
Path Groups: {in2reg}
Analysis View: analysis1
Other End Arrival Time         -0.001
+ Hold                         -0.021
+ Phase Shift                   0.000
+ Uncertainty                   0.020
= Required Time                -0.002
  Arrival Time                  0.256
  Slack Time                    0.258
     Clock Rise Edge                      0.000
     + Input Delay                        0.250
     + Drive Adjustment                   0.006
     = Beginpoint Arrival Time            0.256
     +-----------------------------------------------------------------------------+ 
     |     Instance      |       Arc       |   Cell   | Delay | Arrival | Required | 
     |                   |                 |          |       |  Time   |   Time   | 
     |-------------------+-----------------+----------+-------+---------+----------| 
     |                   | wbm_dat_i[23] v |          |       |   0.256 |   -0.002 | 
     | mem_rdata_reg[23] | D v             | EDFFHQX1 | 0.000 |   0.256 |   -0.002 | 
     +-----------------------------------------------------------------------------+ 
Path 4: MET Hold Check with Pin mem_rdata_reg[1]/CK 
Endpoint:   mem_rdata_reg[1]/D (v) checked with  leading edge of 'clk'
Beginpoint: wbm_dat_i[1]       (v) triggered by  leading edge of 'clk'
Path Groups: {in2reg}
Analysis View: analysis1
Other End Arrival Time         -0.001
+ Hold                         -0.021
+ Phase Shift                   0.000
+ Uncertainty                   0.020
= Required Time                -0.002
  Arrival Time                  0.257
  Slack Time                    0.258
     Clock Rise Edge                      0.000
     + Input Delay                        0.250
     + Drive Adjustment                   0.007
     = Beginpoint Arrival Time            0.257
     +---------------------------------------------------------------------------+ 
     |     Instance     |      Arc       |   Cell   | Delay | Arrival | Required | 
     |                  |                |          |       |  Time   |   Time   | 
     |------------------+----------------+----------+-------+---------+----------| 
     |                  | wbm_dat_i[1] v |          |       |   0.257 |   -0.002 | 
     | mem_rdata_reg[1] | D v            | EDFFHQX1 | 0.000 |   0.257 |   -0.002 | 
     +---------------------------------------------------------------------------+ 
Path 5: MET Hold Check with Pin mem_rdata_reg[5]/CK 
Endpoint:   mem_rdata_reg[5]/D (v) checked with  leading edge of 'clk'
Beginpoint: wbm_dat_i[5]       (v) triggered by  leading edge of 'clk'
Path Groups: {in2reg}
Analysis View: analysis1
Other End Arrival Time         -0.001
+ Hold                         -0.021
+ Phase Shift                   0.000
+ Uncertainty                   0.020
= Required Time                -0.002
  Arrival Time                  0.257
  Slack Time                    0.258
     Clock Rise Edge                      0.000
     + Input Delay                        0.250
     + Drive Adjustment                   0.007
     = Beginpoint Arrival Time            0.257
     +---------------------------------------------------------------------------+ 
     |     Instance     |      Arc       |   Cell   | Delay | Arrival | Required | 
     |                  |                |          |       |  Time   |   Time   | 
     |------------------+----------------+----------+-------+---------+----------| 
     |                  | wbm_dat_i[5] v |          |       |   0.257 |   -0.002 | 
     | mem_rdata_reg[5] | D v            | EDFFHQX1 | 0.000 |   0.257 |   -0.002 | 
     +---------------------------------------------------------------------------+ 
Path 6: MET Hold Check with Pin mem_rdata_reg[2]/CK 
Endpoint:   mem_rdata_reg[2]/D (v) checked with  leading edge of 'clk'
Beginpoint: wbm_dat_i[2]       (v) triggered by  leading edge of 'clk'
Path Groups: {in2reg}
Analysis View: analysis1
Other End Arrival Time         -0.001
+ Hold                         -0.021
+ Phase Shift                   0.000
+ Uncertainty                   0.020
= Required Time                -0.002
  Arrival Time                  0.257
  Slack Time                    0.259
     Clock Rise Edge                      0.000
     + Input Delay                        0.250
     + Drive Adjustment                   0.007
     = Beginpoint Arrival Time            0.257
     +---------------------------------------------------------------------------+ 
     |     Instance     |      Arc       |   Cell   | Delay | Arrival | Required | 
     |                  |                |          |       |  Time   |   Time   | 
     |------------------+----------------+----------+-------+---------+----------| 
     |                  | wbm_dat_i[2] v |          |       |   0.257 |   -0.002 | 
     | mem_rdata_reg[2] | D v            | EDFFHQX1 | 0.000 |   0.257 |   -0.002 | 
     +---------------------------------------------------------------------------+ 
Path 7: MET Hold Check with Pin mem_rdata_reg[3]/CK 
Endpoint:   mem_rdata_reg[3]/D (v) checked with  leading edge of 'clk'
Beginpoint: wbm_dat_i[3]       (v) triggered by  leading edge of 'clk'
Path Groups: {in2reg}
Analysis View: analysis1
Other End Arrival Time         -0.001
+ Hold                         -0.021
+ Phase Shift                   0.000
+ Uncertainty                   0.020
= Required Time                -0.002
  Arrival Time                  0.257
  Slack Time                    0.259
     Clock Rise Edge                      0.000
     + Input Delay                        0.250
     + Drive Adjustment                   0.007
     = Beginpoint Arrival Time            0.257
     +---------------------------------------------------------------------------+ 
     |     Instance     |      Arc       |   Cell   | Delay | Arrival | Required | 
     |                  |                |          |       |  Time   |   Time   | 
     |------------------+----------------+----------+-------+---------+----------| 
     |                  | wbm_dat_i[3] v |          |       |   0.257 |   -0.002 | 
     | mem_rdata_reg[3] | D v            | EDFFHQX1 | 0.000 |   0.257 |   -0.002 | 
     +---------------------------------------------------------------------------+ 
Path 8: MET Hold Check with Pin mem_rdata_reg[6]/CK 
Endpoint:   mem_rdata_reg[6]/D (v) checked with  leading edge of 'clk'
Beginpoint: wbm_dat_i[6]       (v) triggered by  leading edge of 'clk'
Path Groups: {in2reg}
Analysis View: analysis1
Other End Arrival Time         -0.001
+ Hold                         -0.021
+ Phase Shift                   0.000
+ Uncertainty                   0.020
= Required Time                -0.002
  Arrival Time                  0.257
  Slack Time                    0.259
     Clock Rise Edge                      0.000
     + Input Delay                        0.250
     + Drive Adjustment                   0.007
     = Beginpoint Arrival Time            0.257
     +---------------------------------------------------------------------------+ 
     |     Instance     |      Arc       |   Cell   | Delay | Arrival | Required | 
     |                  |                |          |       |  Time   |   Time   | 
     |------------------+----------------+----------+-------+---------+----------| 
     |                  | wbm_dat_i[6] v |          |       |   0.257 |   -0.002 | 
     | mem_rdata_reg[6] | D v            | EDFFHQX1 | 0.000 |   0.257 |   -0.002 | 
     +---------------------------------------------------------------------------+ 
Path 9: MET Hold Check with Pin mem_rdata_reg[4]/CK 
Endpoint:   mem_rdata_reg[4]/D (v) checked with  leading edge of 'clk'
Beginpoint: wbm_dat_i[4]       (v) triggered by  leading edge of 'clk'
Path Groups: {in2reg}
Analysis View: analysis1
Other End Arrival Time         -0.001
+ Hold                         -0.021
+ Phase Shift                   0.000
+ Uncertainty                   0.020
= Required Time                -0.002
  Arrival Time                  0.257
  Slack Time                    0.259
     Clock Rise Edge                      0.000
     + Input Delay                        0.250
     + Drive Adjustment                   0.007
     = Beginpoint Arrival Time            0.257
     +---------------------------------------------------------------------------+ 
     |     Instance     |      Arc       |   Cell   | Delay | Arrival | Required | 
     |                  |                |          |       |  Time   |   Time   | 
     |------------------+----------------+----------+-------+---------+----------| 
     |                  | wbm_dat_i[4] v |          |       |   0.257 |   -0.002 | 
     | mem_rdata_reg[4] | D v            | EDFFHQX1 | 0.000 |   0.257 |   -0.002 | 
     +---------------------------------------------------------------------------+ 
Path 10: MET Hold Check with Pin mem_rdata_reg[0]/CK 
Endpoint:   mem_rdata_reg[0]/D (v) checked with  leading edge of 'clk'
Beginpoint: wbm_dat_i[0]       (v) triggered by  leading edge of 'clk'
Path Groups: {in2reg}
Analysis View: analysis1
Other End Arrival Time         -0.001
+ Hold                         -0.021
+ Phase Shift                   0.000
+ Uncertainty                   0.020
= Required Time                -0.002
  Arrival Time                  0.257
  Slack Time                    0.260
     Clock Rise Edge                      0.000
     + Input Delay                        0.250
     + Drive Adjustment                   0.007
     = Beginpoint Arrival Time            0.257
     +---------------------------------------------------------------------------+ 
     |     Instance     |      Arc       |   Cell   | Delay | Arrival | Required | 
     |                  |                |          |       |  Time   |   Time   | 
     |------------------+----------------+----------+-------+---------+----------| 
     |                  | wbm_dat_i[0] v |          |       |   0.257 |   -0.002 | 
     | mem_rdata_reg[0] | D v            | EDFFHQX1 | 0.000 |   0.257 |   -0.002 | 
     +---------------------------------------------------------------------------+ 
Path 11: MET Hold Check with Pin mem_rdata_reg[7]/CK 
Endpoint:   mem_rdata_reg[7]/D (v) checked with  leading edge of 'clk'
Beginpoint: wbm_dat_i[7]       (v) triggered by  leading edge of 'clk'
Path Groups: {in2reg}
Analysis View: analysis1
Other End Arrival Time         -0.001
+ Hold                         -0.022
+ Phase Shift                   0.000
+ Uncertainty                   0.020
= Required Time                -0.003
  Arrival Time                  0.257
  Slack Time                    0.260
     Clock Rise Edge                      0.000
     + Input Delay                        0.250
     + Drive Adjustment                   0.007
     = Beginpoint Arrival Time            0.257
     +---------------------------------------------------------------------------+ 
     |     Instance     |      Arc       |   Cell   | Delay | Arrival | Required | 
     |                  |                |          |       |  Time   |   Time   | 
     |------------------+----------------+----------+-------+---------+----------| 
     |                  | wbm_dat_i[7] v |          |       |   0.257 |   -0.003 | 
     | mem_rdata_reg[7] | D v            | EDFFHQX1 | 0.000 |   0.257 |   -0.003 | 
     +---------------------------------------------------------------------------+ 
Path 12: MET Hold Check with Pin mem_rdata_reg[13]/CK 
Endpoint:   mem_rdata_reg[13]/D (v) checked with  leading edge of 'clk'
Beginpoint: wbm_dat_i[13]       (v) triggered by  leading edge of 'clk'
Path Groups: {in2reg}
Analysis View: analysis1
Other End Arrival Time         -0.002
+ Hold                         -0.022
+ Phase Shift                   0.000
+ Uncertainty                   0.020
= Required Time                -0.003
  Arrival Time                  0.257
  Slack Time                    0.260
     Clock Rise Edge                      0.000
     + Input Delay                        0.250
     + Drive Adjustment                   0.007
     = Beginpoint Arrival Time            0.257
     +-----------------------------------------------------------------------------+ 
     |     Instance      |       Arc       |   Cell   | Delay | Arrival | Required | 
     |                   |                 |          |       |  Time   |   Time   | 
     |-------------------+-----------------+----------+-------+---------+----------| 
     |                   | wbm_dat_i[13] v |          |       |   0.257 |   -0.003 | 
     | mem_rdata_reg[13] | D v             | EDFFHQX1 | 0.000 |   0.257 |   -0.003 | 
     +-----------------------------------------------------------------------------+ 
Path 13: MET Hold Check with Pin mem_rdata_reg[12]/CK 
Endpoint:   mem_rdata_reg[12]/D (v) checked with  leading edge of 'clk'
Beginpoint: wbm_dat_i[12]       (v) triggered by  leading edge of 'clk'
Path Groups: {in2reg}
Analysis View: analysis1
Other End Arrival Time         -0.002
+ Hold                         -0.022
+ Phase Shift                   0.000
+ Uncertainty                   0.020
= Required Time                -0.003
  Arrival Time                  0.257
  Slack Time                    0.261
     Clock Rise Edge                      0.000
     + Input Delay                        0.250
     + Drive Adjustment                   0.007
     = Beginpoint Arrival Time            0.257
     +-----------------------------------------------------------------------------+ 
     |     Instance      |       Arc       |   Cell   | Delay | Arrival | Required | 
     |                   |                 |          |       |  Time   |   Time   | 
     |-------------------+-----------------+----------+-------+---------+----------| 
     |                   | wbm_dat_i[12] v |          |       |   0.257 |   -0.003 | 
     | mem_rdata_reg[12] | D v             | EDFFHQX1 | 0.000 |   0.257 |   -0.003 | 
     +-----------------------------------------------------------------------------+ 
Path 14: MET Hold Check with Pin mem_rdata_reg[14]/CK 
Endpoint:   mem_rdata_reg[14]/D (v) checked with  leading edge of 'clk'
Beginpoint: wbm_dat_i[14]       (v) triggered by  leading edge of 'clk'
Path Groups: {in2reg}
Analysis View: analysis1
Other End Arrival Time         -0.001
+ Hold                         -0.022
+ Phase Shift                   0.000
+ Uncertainty                   0.020
= Required Time                -0.003
  Arrival Time                  0.258
  Slack Time                    0.261
     Clock Rise Edge                      0.000
     + Input Delay                        0.250
     + Drive Adjustment                   0.008
     = Beginpoint Arrival Time            0.258
     +-----------------------------------------------------------------------------+ 
     |     Instance      |       Arc       |   Cell   | Delay | Arrival | Required | 
     |                   |                 |          |       |  Time   |   Time   | 
     |-------------------+-----------------+----------+-------+---------+----------| 
     |                   | wbm_dat_i[14] v |          |       |   0.258 |   -0.003 | 
     | mem_rdata_reg[14] | D v             | EDFFHQX1 | 0.000 |   0.258 |   -0.003 | 
     +-----------------------------------------------------------------------------+ 
Path 15: MET Hold Check with Pin mem_rdata_reg[10]/CK 
Endpoint:   mem_rdata_reg[10]/D (v) checked with  leading edge of 'clk'
Beginpoint: wbm_dat_i[10]       (v) triggered by  leading edge of 'clk'
Path Groups: {in2reg}
Analysis View: analysis1
Other End Arrival Time         -0.001
+ Hold                         -0.022
+ Phase Shift                   0.000
+ Uncertainty                   0.020
= Required Time                -0.003
  Arrival Time                  0.258
  Slack Time                    0.261
     Clock Rise Edge                      0.000
     + Input Delay                        0.250
     + Drive Adjustment                   0.008
     = Beginpoint Arrival Time            0.257
     +-----------------------------------------------------------------------------+ 
     |     Instance      |       Arc       |   Cell   | Delay | Arrival | Required | 
     |                   |                 |          |       |  Time   |   Time   | 
     |-------------------+-----------------+----------+-------+---------+----------| 
     |                   | wbm_dat_i[10] v |          |       |   0.257 |   -0.003 | 
     | mem_rdata_reg[10] | D v             | EDFFHQX1 | 0.000 |   0.258 |   -0.003 | 
     +-----------------------------------------------------------------------------+ 
Path 16: MET Hold Check with Pin mem_rdata_reg[8]/CK 
Endpoint:   mem_rdata_reg[8]/D (v) checked with  leading edge of 'clk'
Beginpoint: wbm_dat_i[8]       (v) triggered by  leading edge of 'clk'
Path Groups: {in2reg}
Analysis View: analysis1
Other End Arrival Time         -0.001
+ Hold                         -0.022
+ Phase Shift                   0.000
+ Uncertainty                   0.020
= Required Time                -0.003
  Arrival Time                  0.258
  Slack Time                    0.261
     Clock Rise Edge                      0.000
     + Input Delay                        0.250
     + Drive Adjustment                   0.008
     = Beginpoint Arrival Time            0.257
     +---------------------------------------------------------------------------+ 
     |     Instance     |      Arc       |   Cell   | Delay | Arrival | Required | 
     |                  |                |          |       |  Time   |   Time   | 
     |------------------+----------------+----------+-------+---------+----------| 
     |                  | wbm_dat_i[8] v |          |       |   0.257 |   -0.003 | 
     | mem_rdata_reg[8] | D v            | EDFFHQX1 | 0.000 |   0.258 |   -0.003 | 
     +---------------------------------------------------------------------------+ 
Path 17: MET Hold Check with Pin mem_rdata_reg[17]/CK 
Endpoint:   mem_rdata_reg[17]/D (v) checked with  leading edge of 'clk'
Beginpoint: wbm_dat_i[17]       (v) triggered by  leading edge of 'clk'
Path Groups: {in2reg}
Analysis View: analysis1
Other End Arrival Time         -0.005
+ Hold                         -0.021
+ Phase Shift                   0.000
+ Uncertainty                   0.020
= Required Time                -0.006
  Arrival Time                  0.257
  Slack Time                    0.263
     Clock Rise Edge                      0.000
     + Input Delay                        0.250
     + Drive Adjustment                   0.007
     = Beginpoint Arrival Time            0.257
     +-----------------------------------------------------------------------------+ 
     |     Instance      |       Arc       |   Cell   | Delay | Arrival | Required | 
     |                   |                 |          |       |  Time   |   Time   | 
     |-------------------+-----------------+----------+-------+---------+----------| 
     |                   | wbm_dat_i[17] v |          |       |   0.257 |   -0.006 | 
     | mem_rdata_reg[17] | D v             | EDFFHQX1 | 0.000 |   0.257 |   -0.006 | 
     +-----------------------------------------------------------------------------+ 
Path 18: MET Hold Check with Pin mem_rdata_reg[18]/CK 
Endpoint:   mem_rdata_reg[18]/D (v) checked with  leading edge of 'clk'
Beginpoint: wbm_dat_i[18]       (v) triggered by  leading edge of 'clk'
Path Groups: {in2reg}
Analysis View: analysis1
Other End Arrival Time         -0.005
+ Hold                         -0.022
+ Phase Shift                   0.000
+ Uncertainty                   0.020
= Required Time                -0.006
  Arrival Time                  0.257
  Slack Time                    0.263
     Clock Rise Edge                      0.000
     + Input Delay                        0.250
     + Drive Adjustment                   0.007
     = Beginpoint Arrival Time            0.257
     +-----------------------------------------------------------------------------+ 
     |     Instance      |       Arc       |   Cell   | Delay | Arrival | Required | 
     |                   |                 |          |       |  Time   |   Time   | 
     |-------------------+-----------------+----------+-------+---------+----------| 
     |                   | wbm_dat_i[18] v |          |       |   0.257 |   -0.006 | 
     | mem_rdata_reg[18] | D v             | EDFFHQX1 | 0.000 |   0.257 |   -0.006 | 
     +-----------------------------------------------------------------------------+ 
Path 19: MET Hold Check with Pin mem_rdata_reg[16]/CK 
Endpoint:   mem_rdata_reg[16]/D (v) checked with  leading edge of 'clk'
Beginpoint: wbm_dat_i[16]       (v) triggered by  leading edge of 'clk'
Path Groups: {in2reg}
Analysis View: analysis1
Other End Arrival Time         -0.005
+ Hold                         -0.022
+ Phase Shift                   0.000
+ Uncertainty                   0.020
= Required Time                -0.006
  Arrival Time                  0.257
  Slack Time                    0.263
     Clock Rise Edge                      0.000
     + Input Delay                        0.250
     + Drive Adjustment                   0.007
     = Beginpoint Arrival Time            0.257
     +-----------------------------------------------------------------------------+ 
     |     Instance      |       Arc       |   Cell   | Delay | Arrival | Required | 
     |                   |                 |          |       |  Time   |   Time   | 
     |-------------------+-----------------+----------+-------+---------+----------| 
     |                   | wbm_dat_i[16] v |          |       |   0.257 |   -0.006 | 
     | mem_rdata_reg[16] | D v             | EDFFHQX1 | 0.000 |   0.257 |   -0.006 | 
     +-----------------------------------------------------------------------------+ 
Path 20: MET Hold Check with Pin mem_rdata_reg[9]/CK 
Endpoint:   mem_rdata_reg[9]/D (v) checked with  leading edge of 'clk'
Beginpoint: wbm_dat_i[9]       (v) triggered by  leading edge of 'clk'
Path Groups: {in2reg}
Analysis View: analysis1
Other End Arrival Time         -0.005
+ Hold                         -0.022
+ Phase Shift                   0.000
+ Uncertainty                   0.020
= Required Time                -0.006
  Arrival Time                  0.257
  Slack Time                    0.263
     Clock Rise Edge                      0.000
     + Input Delay                        0.250
     + Drive Adjustment                   0.007
     = Beginpoint Arrival Time            0.257
     +---------------------------------------------------------------------------+ 
     |     Instance     |      Arc       |   Cell   | Delay | Arrival | Required | 
     |                  |                |          |       |  Time   |   Time   | 
     |------------------+----------------+----------+-------+---------+----------| 
     |                  | wbm_dat_i[9] v |          |       |   0.257 |   -0.006 | 
     | mem_rdata_reg[9] | D v            | EDFFHQX1 | 0.000 |   0.257 |   -0.006 | 
     +---------------------------------------------------------------------------+ 
Path 21: MET Hold Check with Pin mem_rdata_reg[19]/CK 
Endpoint:   mem_rdata_reg[19]/D (v) checked with  leading edge of 'clk'
Beginpoint: wbm_dat_i[19]       (v) triggered by  leading edge of 'clk'
Path Groups: {in2reg}
Analysis View: analysis1
Other End Arrival Time         -0.005
+ Hold                         -0.022
+ Phase Shift                   0.000
+ Uncertainty                   0.020
= Required Time                -0.006
  Arrival Time                  0.257
  Slack Time                    0.263
     Clock Rise Edge                      0.000
     + Input Delay                        0.250
     + Drive Adjustment                   0.007
     = Beginpoint Arrival Time            0.257
     +-----------------------------------------------------------------------------+ 
     |     Instance      |       Arc       |   Cell   | Delay | Arrival | Required | 
     |                   |                 |          |       |  Time   |   Time   | 
     |-------------------+-----------------+----------+-------+---------+----------| 
     |                   | wbm_dat_i[19] v |          |       |   0.257 |   -0.006 | 
     | mem_rdata_reg[19] | D v             | EDFFHQX1 | 0.000 |   0.257 |   -0.006 | 
     +-----------------------------------------------------------------------------+ 
Path 22: MET Hold Check with Pin mem_rdata_reg[11]/CK 
Endpoint:   mem_rdata_reg[11]/D (v) checked with  leading edge of 'clk'
Beginpoint: wbm_dat_i[11]       (v) triggered by  leading edge of 'clk'
Path Groups: {in2reg}
Analysis View: analysis1
Other End Arrival Time         -0.005
+ Hold                         -0.022
+ Phase Shift                   0.000
+ Uncertainty                   0.020
= Required Time                -0.006
  Arrival Time                  0.258
  Slack Time                    0.264
     Clock Rise Edge                      0.000
     + Input Delay                        0.250
     + Drive Adjustment                   0.008
     = Beginpoint Arrival Time            0.257
     +-----------------------------------------------------------------------------+ 
     |     Instance      |       Arc       |   Cell   | Delay | Arrival | Required | 
     |                   |                 |          |       |  Time   |   Time   | 
     |-------------------+-----------------+----------+-------+---------+----------| 
     |                   | wbm_dat_i[11] v |          |       |   0.257 |   -0.006 | 
     | mem_rdata_reg[11] | D v             | EDFFHQX1 | 0.000 |   0.258 |   -0.006 | 
     +-----------------------------------------------------------------------------+ 
Path 23: MET Hold Check with Pin mem_rdata_reg[15]/CK 
Endpoint:   mem_rdata_reg[15]/D (v) checked with  leading edge of 'clk'
Beginpoint: wbm_dat_i[15]       (v) triggered by  leading edge of 'clk'
Path Groups: {in2reg}
Analysis View: analysis1
Other End Arrival Time         -0.005
+ Hold                         -0.022
+ Phase Shift                   0.000
+ Uncertainty                   0.020
= Required Time                -0.006
  Arrival Time                  0.258
  Slack Time                    0.264
     Clock Rise Edge                      0.000
     + Input Delay                        0.250
     + Drive Adjustment                   0.008
     = Beginpoint Arrival Time            0.258
     +-----------------------------------------------------------------------------+ 
     |     Instance      |       Arc       |   Cell   | Delay | Arrival | Required | 
     |                   |                 |          |       |  Time   |   Time   | 
     |-------------------+-----------------+----------+-------+---------+----------| 
     |                   | wbm_dat_i[15] v |          |       |   0.258 |   -0.007 | 
     | mem_rdata_reg[15] | D v             | EDFFHQX1 | 0.000 |   0.258 |   -0.006 | 
     +-----------------------------------------------------------------------------+ 
Path 24: MET Hold Check with Pin mem_rdata_reg[25]/CK 
Endpoint:   mem_rdata_reg[25]/D (v) checked with  leading edge of 'clk'
Beginpoint: wbm_dat_i[25]       (v) triggered by  leading edge of 'clk'
Path Groups: {in2reg}
Analysis View: analysis1
Other End Arrival Time          0.000
+ Hold                         -0.026
+ Phase Shift                   0.000
+ Uncertainty                   0.020
= Required Time                -0.006
  Arrival Time                  0.259
  Slack Time                    0.265
     Clock Rise Edge                      0.000
     + Input Delay                        0.250
     + Drive Adjustment                   0.009
     = Beginpoint Arrival Time            0.259
     +---------------------------------------------------------------------------+ 
     |     Instance      |       Arc       |  Cell  | Delay | Arrival | Required | 
     |                   |                 |        |       |  Time   |   Time   | 
     |-------------------+-----------------+--------+-------+---------+----------| 
     |                   | wbm_dat_i[25] v |        |       |   0.259 |   -0.006 | 
     | mem_rdata_reg[25] | D v             | EDFFX2 | 0.000 |   0.259 |   -0.006 | 
     +---------------------------------------------------------------------------+ 
Path 25: MET Hold Check with Pin mem_rdata_reg[20]/CK 
Endpoint:   mem_rdata_reg[20]/D (v) checked with  leading edge of 'clk'
Beginpoint: wbm_dat_i[20]       (v) triggered by  leading edge of 'clk'
Path Groups: {in2reg}
Analysis View: analysis1
Other End Arrival Time         -0.003
+ Hold                         -0.023
+ Phase Shift                   0.000
+ Uncertainty                   0.020
= Required Time                -0.006
  Arrival Time                  0.261
  Slack Time                    0.266
     Clock Rise Edge                      0.000
     + Input Delay                        0.250
     + Drive Adjustment                   0.010
     = Beginpoint Arrival Time            0.260
     +-----------------------------------------------------------------------------+ 
     |     Instance      |       Arc       |   Cell   | Delay | Arrival | Required | 
     |                   |                 |          |       |  Time   |   Time   | 
     |-------------------+-----------------+----------+-------+---------+----------| 
     |                   | wbm_dat_i[20] v |          |       |   0.260 |   -0.006 | 
     | mem_rdata_reg[20] | D v             | EDFFHQX1 | 0.000 |   0.261 |   -0.006 | 
     +-----------------------------------------------------------------------------+ 
Path 26: MET Hold Check with Pin mem_rdata_reg[28]/CK 
Endpoint:   mem_rdata_reg[28]/D (v) checked with  leading edge of 'clk'
Beginpoint: wbm_dat_i[28]       (v) triggered by  leading edge of 'clk'
Path Groups: {in2reg}
Analysis View: analysis1
Other End Arrival Time          0.000
+ Hold                         -0.027
+ Phase Shift                   0.000
+ Uncertainty                   0.020
= Required Time                -0.007
  Arrival Time                  0.260
  Slack Time                    0.267
     Clock Rise Edge                      0.000
     + Input Delay                        0.250
     + Drive Adjustment                   0.010
     = Beginpoint Arrival Time            0.260
     +---------------------------------------------------------------------------+ 
     |     Instance      |       Arc       |  Cell  | Delay | Arrival | Required | 
     |                   |                 |        |       |  Time   |   Time   | 
     |-------------------+-----------------+--------+-------+---------+----------| 
     |                   | wbm_dat_i[28] v |        |       |   0.260 |   -0.007 | 
     | mem_rdata_reg[28] | D v             | EDFFX2 | 0.000 |   0.260 |   -0.007 | 
     +---------------------------------------------------------------------------+ 
Path 27: MET Hold Check with Pin mem_rdata_reg[31]/CK 
Endpoint:   mem_rdata_reg[31]/D (v) checked with  leading edge of 'clk'
Beginpoint: wbm_dat_i[31]       (v) triggered by  leading edge of 'clk'
Path Groups: {in2reg}
Analysis View: analysis1
Other End Arrival Time         -0.002
+ Hold                         -0.027
+ Phase Shift                   0.000
+ Uncertainty                   0.020
= Required Time                -0.009
  Arrival Time                  0.258
  Slack Time                    0.267
     Clock Rise Edge                      0.000
     + Input Delay                        0.250
     + Drive Adjustment                   0.008
     = Beginpoint Arrival Time            0.258
     +---------------------------------------------------------------------------+ 
     |     Instance      |       Arc       |  Cell  | Delay | Arrival | Required | 
     |                   |                 |        |       |  Time   |   Time   | 
     |-------------------+-----------------+--------+-------+---------+----------| 
     |                   | wbm_dat_i[31] v |        |       |   0.258 |   -0.009 | 
     | mem_rdata_reg[31] | D v             | EDFFX2 | 0.000 |   0.258 |   -0.009 | 
     +---------------------------------------------------------------------------+ 
Path 28: MET Hold Check with Pin mem_rdata_reg[24]/CK 
Endpoint:   mem_rdata_reg[24]/D (v) checked with  leading edge of 'clk'
Beginpoint: wbm_dat_i[24]       (v) triggered by  leading edge of 'clk'
Path Groups: {in2reg}
Analysis View: analysis1
Other End Arrival Time         -0.002
+ Hold                         -0.028
+ Phase Shift                   0.000
+ Uncertainty                   0.020
= Required Time                -0.009
  Arrival Time                  0.261
  Slack Time                    0.270
     Clock Rise Edge                      0.000
     + Input Delay                        0.250
     + Drive Adjustment                   0.011
     = Beginpoint Arrival Time            0.261
     +---------------------------------------------------------------------------+ 
     |     Instance      |       Arc       |  Cell  | Delay | Arrival | Required | 
     |                   |                 |        |       |  Time   |   Time   | 
     |-------------------+-----------------+--------+-------+---------+----------| 
     |                   | wbm_dat_i[24] v |        |       |   0.261 |   -0.010 | 
     | mem_rdata_reg[24] | D v             | EDFFX2 | 0.000 |   0.261 |   -0.009 | 
     +---------------------------------------------------------------------------+ 
Path 29: MET Hold Check with Pin mem_rdata_reg[30]/CK 
Endpoint:   mem_rdata_reg[30]/D (v) checked with  leading edge of 'clk'
Beginpoint: wbm_dat_i[30]       (v) triggered by  leading edge of 'clk'
Path Groups: {in2reg}
Analysis View: analysis1
Other End Arrival Time         -0.002
+ Hold                         -0.028
+ Phase Shift                   0.000
+ Uncertainty                   0.020
= Required Time                -0.009
  Arrival Time                  0.261
  Slack Time                    0.270
     Clock Rise Edge                      0.000
     + Input Delay                        0.250
     + Drive Adjustment                   0.011
     = Beginpoint Arrival Time            0.261
     +---------------------------------------------------------------------------+ 
     |     Instance      |       Arc       |  Cell  | Delay | Arrival | Required | 
     |                   |                 |        |       |  Time   |   Time   | 
     |-------------------+-----------------+--------+-------+---------+----------| 
     |                   | wbm_dat_i[30] v |        |       |   0.261 |   -0.010 | 
     | mem_rdata_reg[30] | D v             | EDFFX2 | 0.000 |   0.261 |   -0.009 | 
     +---------------------------------------------------------------------------+ 
Path 30: MET Hold Check with Pin mem_rdata_reg[29]/CK 
Endpoint:   mem_rdata_reg[29]/D (v) checked with  leading edge of 'clk'
Beginpoint: wbm_dat_i[29]       (v) triggered by  leading edge of 'clk'
Path Groups: {in2reg}
Analysis View: analysis1
Other End Arrival Time         -0.002
+ Hold                         -0.028
+ Phase Shift                   0.000
+ Uncertainty                   0.020
= Required Time                -0.009
  Arrival Time                  0.261
  Slack Time                    0.270
     Clock Rise Edge                      0.000
     + Input Delay                        0.250
     + Drive Adjustment                   0.011
     = Beginpoint Arrival Time            0.261
     +---------------------------------------------------------------------------+ 
     |     Instance      |       Arc       |  Cell  | Delay | Arrival | Required | 
     |                   |                 |        |       |  Time   |   Time   | 
     |-------------------+-----------------+--------+-------+---------+----------| 
     |                   | wbm_dat_i[29] v |        |       |   0.261 |   -0.010 | 
     | mem_rdata_reg[29] | D v             | EDFFX2 | 0.000 |   0.261 |   -0.009 | 
     +---------------------------------------------------------------------------+ 
Path 31: MET Hold Check with Pin mem_rdata_reg[26]/CK 
Endpoint:   mem_rdata_reg[26]/D (v) checked with  leading edge of 'clk'
Beginpoint: wbm_dat_i[26]       (v) triggered by  leading edge of 'clk'
Path Groups: {in2reg}
Analysis View: analysis1
Other End Arrival Time         -0.002
+ Hold                         -0.028
+ Phase Shift                   0.000
+ Uncertainty                   0.020
= Required Time                -0.010
  Arrival Time                  0.261
  Slack Time                    0.271
     Clock Rise Edge                      0.000
     + Input Delay                        0.250
     + Drive Adjustment                   0.011
     = Beginpoint Arrival Time            0.261
     +---------------------------------------------------------------------------+ 
     |     Instance      |       Arc       |  Cell  | Delay | Arrival | Required | 
     |                   |                 |        |       |  Time   |   Time   | 
     |-------------------+-----------------+--------+-------+---------+----------| 
     |                   | wbm_dat_i[26] v |        |       |   0.261 |   -0.010 | 
     | mem_rdata_reg[26] | D v             | EDFFX2 | 0.000 |   0.261 |   -0.010 | 
     +---------------------------------------------------------------------------+ 
Path 32: MET Hold Check with Pin mem_rdata_reg[27]/CK 
Endpoint:   mem_rdata_reg[27]/D (v) checked with  leading edge of 'clk'
Beginpoint: wbm_dat_i[27]       (v) triggered by  leading edge of 'clk'
Path Groups: {in2reg}
Analysis View: analysis1
Other End Arrival Time         -0.002
+ Hold                         -0.028
+ Phase Shift                   0.000
+ Uncertainty                   0.020
= Required Time                -0.010
  Arrival Time                  0.262
  Slack Time                    0.271
     Clock Rise Edge                      0.000
     + Input Delay                        0.250
     + Drive Adjustment                   0.011
     = Beginpoint Arrival Time            0.261
     +---------------------------------------------------------------------------+ 
     |     Instance      |       Arc       |  Cell  | Delay | Arrival | Required | 
     |                   |                 |        |       |  Time   |   Time   | 
     |-------------------+-----------------+--------+-------+---------+----------| 
     |                   | wbm_dat_i[27] v |        |       |   0.261 |   -0.010 | 
     | mem_rdata_reg[27] | D v             | EDFFX2 | 0.000 |   0.262 |   -0.010 | 
     +---------------------------------------------------------------------------+ 
Path 33: MET Hold Check with Pin picorv32_core_count_instr_reg[47]/CK 
Endpoint:   picorv32_core_count_instr_reg[47]/D (v) checked with  leading edge 
of 'clk'
Beginpoint: wb_rst_i                            (^) triggered by  leading edge 
of 'clk'
Path Groups: {in2reg}
Analysis View: analysis1
Other End Arrival Time         -0.001
+ Hold                          0.014
+ Phase Shift                   0.000
+ Uncertainty                   0.020
= Required Time                 0.033
  Arrival Time                  0.317
  Slack Time                    0.283
     Clock Rise Edge                      0.000
     + Input Delay                        0.250
     + Drive Adjustment                   0.024
     = Beginpoint Arrival Time            0.274
     +---------------------------------------------------------------------------------------+ 
     |             Instance              |    Arc     |  Cell   | Delay | Arrival | Required | 
     |                                   |            |         |       |  Time   |   Time   | 
     |-----------------------------------+------------+---------+-------+---------+----------| 
     |                                   | wb_rst_i ^ |         |       |   0.274 |   -0.009 | 
     | picorv32_core_g172087             | A ^ -> Y v | NOR2X1  | 0.042 |   0.317 |    0.033 | 
     | picorv32_core_count_instr_reg[47] | D v        | DFFHQX1 | 0.000 |   0.317 |    0.033 | 
     +---------------------------------------------------------------------------------------+ 
Path 34: MET Hold Check with Pin picorv32_core_count_instr_reg[16]/CK 
Endpoint:   picorv32_core_count_instr_reg[16]/D (v) checked with  leading edge 
of 'clk'
Beginpoint: wb_rst_i                            (^) triggered by  leading edge 
of 'clk'
Path Groups: {in2reg}
Analysis View: analysis1
Other End Arrival Time         -0.001
+ Hold                          0.014
+ Phase Shift                   0.000
+ Uncertainty                   0.020
= Required Time                 0.033
  Arrival Time                  0.317
  Slack Time                    0.284
     Clock Rise Edge                      0.000
     + Input Delay                        0.250
     + Drive Adjustment                   0.024
     = Beginpoint Arrival Time            0.274
     +---------------------------------------------------------------------------------------+ 
     |             Instance              |    Arc     |  Cell   | Delay | Arrival | Required | 
     |                                   |            |         |       |  Time   |   Time   | 
     |-----------------------------------+------------+---------+-------+---------+----------| 
     |                                   | wb_rst_i ^ |         |       |   0.274 |   -0.009 | 
     | picorv32_core_g172120             | A ^ -> Y v | NOR2X1  | 0.043 |   0.317 |    0.033 | 
     | picorv32_core_count_instr_reg[16] | D v        | DFFHQX1 | 0.000 |   0.317 |    0.033 | 
     +---------------------------------------------------------------------------------------+ 
Path 35: MET Hold Check with Pin picorv32_core_count_instr_reg[43]/CK 
Endpoint:   picorv32_core_count_instr_reg[43]/D (v) checked with  leading edge 
of 'clk'
Beginpoint: wb_rst_i                            (^) triggered by  leading edge 
of 'clk'
Path Groups: {in2reg}
Analysis View: analysis1
Other End Arrival Time         -0.001
+ Hold                          0.013
+ Phase Shift                   0.000
+ Uncertainty                   0.020
= Required Time                 0.032
  Arrival Time                  0.317
  Slack Time                    0.284
     Clock Rise Edge                      0.000
     + Input Delay                        0.250
     + Drive Adjustment                   0.024
     = Beginpoint Arrival Time            0.274
     +---------------------------------------------------------------------------------------+ 
     |             Instance              |    Arc     |  Cell   | Delay | Arrival | Required | 
     |                                   |            |         |       |  Time   |   Time   | 
     |-----------------------------------+------------+---------+-------+---------+----------| 
     |                                   | wb_rst_i ^ |         |       |   0.274 |   -0.010 | 
     | picorv32_core_g172091             | A ^ -> Y v | NOR2X1  | 0.042 |   0.317 |    0.032 | 
     | picorv32_core_count_instr_reg[43] | D v        | DFFHQX1 | 0.000 |   0.317 |    0.032 | 
     +---------------------------------------------------------------------------------------+ 
Path 36: MET Hold Check with Pin picorv32_core_count_instr_reg[46]/CK 
Endpoint:   picorv32_core_count_instr_reg[46]/D (v) checked with  leading edge 
of 'clk'
Beginpoint: wb_rst_i                            (^) triggered by  leading edge 
of 'clk'
Path Groups: {in2reg}
Analysis View: analysis1
Other End Arrival Time         -0.001
+ Hold                          0.013
+ Phase Shift                   0.000
+ Uncertainty                   0.020
= Required Time                 0.033
  Arrival Time                  0.317
  Slack Time                    0.285
     Clock Rise Edge                      0.000
     + Input Delay                        0.250
     + Drive Adjustment                   0.024
     = Beginpoint Arrival Time            0.274
     +---------------------------------------------------------------------------------------+ 
     |             Instance              |    Arc     |  Cell   | Delay | Arrival | Required | 
     |                                   |            |         |       |  Time   |   Time   | 
     |-----------------------------------+------------+---------+-------+---------+----------| 
     |                                   | wb_rst_i ^ |         |       |   0.274 |   -0.010 | 
     | picorv32_core_g172088             | A ^ -> Y v | NOR2X1  | 0.043 |   0.317 |    0.033 | 
     | picorv32_core_count_instr_reg[46] | D v        | DFFHQX1 | 0.000 |   0.317 |    0.033 | 
     +---------------------------------------------------------------------------------------+ 
Path 37: MET Hold Check with Pin picorv32_core_count_instr_reg[10]/CK 
Endpoint:   picorv32_core_count_instr_reg[10]/D (v) checked with  leading edge 
of 'clk'
Beginpoint: wb_rst_i                            (^) triggered by  leading edge 
of 'clk'
Path Groups: {in2reg}
Analysis View: analysis1
Other End Arrival Time         -0.001
+ Hold                          0.013
+ Phase Shift                   0.000
+ Uncertainty                   0.020
= Required Time                 0.032
  Arrival Time                  0.317
  Slack Time                    0.286
     Clock Rise Edge                      0.000
     + Input Delay                        0.250
     + Drive Adjustment                   0.024
     = Beginpoint Arrival Time            0.274
     +---------------------------------------------------------------------------------------+ 
     |             Instance              |    Arc     |  Cell   | Delay | Arrival | Required | 
     |                                   |            |         |       |  Time   |   Time   | 
     |-----------------------------------+------------+---------+-------+---------+----------| 
     |                                   | wb_rst_i ^ |         |       |   0.274 |   -0.011 | 
     | picorv32_core_g172229             | A ^ -> Y v | NOR2X1  | 0.043 |   0.317 |    0.032 | 
     | picorv32_core_count_instr_reg[10] | D v        | DFFHQX1 | 0.000 |   0.317 |    0.032 | 
     +---------------------------------------------------------------------------------------+ 
Path 38: MET Hold Check with Pin picorv32_core_count_instr_reg[42]/CK 
Endpoint:   picorv32_core_count_instr_reg[42]/D (v) checked with  leading edge 
of 'clk'
Beginpoint: wb_rst_i                            (^) triggered by  leading edge 
of 'clk'
Path Groups: {in2reg}
Analysis View: analysis1
Other End Arrival Time         -0.001
+ Hold                          0.013
+ Phase Shift                   0.000
+ Uncertainty                   0.020
= Required Time                 0.032
  Arrival Time                  0.317
  Slack Time                    0.286
     Clock Rise Edge                      0.000
     + Input Delay                        0.250
     + Drive Adjustment                   0.024
     = Beginpoint Arrival Time            0.274
     +---------------------------------------------------------------------------------------+ 
     |             Instance              |    Arc     |  Cell   | Delay | Arrival | Required | 
     |                                   |            |         |       |  Time   |   Time   | 
     |-----------------------------------+------------+---------+-------+---------+----------| 
     |                                   | wb_rst_i ^ |         |       |   0.274 |   -0.011 | 
     | picorv32_core_g172086             | A ^ -> Y v | NOR2X1  | 0.043 |   0.317 |    0.032 | 
     | picorv32_core_count_instr_reg[42] | D v        | DFFHQX1 | 0.000 |   0.317 |    0.032 | 
     +---------------------------------------------------------------------------------------+ 
Path 39: MET Hold Check with Pin picorv32_core_count_instr_reg[8]/CK 
Endpoint:   picorv32_core_count_instr_reg[8]/D (v) checked with  leading edge 
of 'clk'
Beginpoint: wb_rst_i                           (^) triggered by  leading edge 
of 'clk'
Path Groups: {in2reg}
Analysis View: analysis1
Other End Arrival Time         -0.001
+ Hold                          0.012
+ Phase Shift                   0.000
+ Uncertainty                   0.020
= Required Time                 0.031
  Arrival Time                  0.317
  Slack Time                    0.286
     Clock Rise Edge                      0.000
     + Input Delay                        0.250
     + Drive Adjustment                   0.024
     = Beginpoint Arrival Time            0.274
     +--------------------------------------------------------------------------------------+ 
     |             Instance             |    Arc     |  Cell   | Delay | Arrival | Required | 
     |                                  |            |         |       |  Time   |   Time   | 
     |----------------------------------+------------+---------+-------+---------+----------| 
     |                                  | wb_rst_i ^ |         |       |   0.274 |   -0.011 | 
     | picorv32_core_g172117            | A ^ -> Y v | NOR2X1  | 0.043 |   0.317 |    0.031 | 
     | picorv32_core_count_instr_reg[8] | D v        | DFFHQX1 | 0.000 |   0.317 |    0.031 | 
     +--------------------------------------------------------------------------------------+ 
Path 40: MET Hold Check with Pin picorv32_core_count_instr_reg[17]/CK 
Endpoint:   picorv32_core_count_instr_reg[17]/D (v) checked with  leading edge 
of 'clk'
Beginpoint: wb_rst_i                            (^) triggered by  leading edge 
of 'clk'
Path Groups: {in2reg}
Analysis View: analysis1
Other End Arrival Time         -0.002
+ Hold                          0.013
+ Phase Shift                   0.000
+ Uncertainty                   0.020
= Required Time                 0.031
  Arrival Time                  0.318
  Slack Time                    0.287
     Clock Rise Edge                      0.000
     + Input Delay                        0.250
     + Drive Adjustment                   0.024
     = Beginpoint Arrival Time            0.274
     +---------------------------------------------------------------------------------------+ 
     |             Instance              |    Arc     |  Cell   | Delay | Arrival | Required | 
     |                                   |            |         |       |  Time   |   Time   | 
     |-----------------------------------+------------+---------+-------+---------+----------| 
     |                                   | wb_rst_i ^ |         |       |   0.274 |   -0.012 | 
     | picorv32_core_g172064             | A ^ -> Y v | NOR2X1  | 0.044 |   0.318 |    0.031 | 
     | picorv32_core_count_instr_reg[17] | D v        | DFFHQX1 | 0.000 |   0.318 |    0.031 | 
     +---------------------------------------------------------------------------------------+ 
Path 41: MET Hold Check with Pin picorv32_core_count_instr_reg[45]/CK 
Endpoint:   picorv32_core_count_instr_reg[45]/D (v) checked with  leading edge 
of 'clk'
Beginpoint: wb_rst_i                            (^) triggered by  leading edge 
of 'clk'
Path Groups: {in2reg}
Analysis View: analysis1
Other End Arrival Time         -0.001
+ Hold                          0.012
+ Phase Shift                   0.000
+ Uncertainty                   0.020
= Required Time                 0.031
  Arrival Time                  0.318
  Slack Time                    0.287
     Clock Rise Edge                      0.000
     + Input Delay                        0.250
     + Drive Adjustment                   0.024
     = Beginpoint Arrival Time            0.274
     +---------------------------------------------------------------------------------------+ 
     |             Instance              |    Arc     |  Cell   | Delay | Arrival | Required | 
     |                                   |            |         |       |  Time   |   Time   | 
     |-----------------------------------+------------+---------+-------+---------+----------| 
     |                                   | wb_rst_i ^ |         |       |   0.274 |   -0.013 | 
     | picorv32_core_g172089             | A ^ -> Y v | NOR2X1  | 0.044 |   0.318 |    0.031 | 
     | picorv32_core_count_instr_reg[45] | D v        | DFFHQX1 | 0.000 |   0.318 |    0.031 | 
     +---------------------------------------------------------------------------------------+ 
Path 42: MET Hold Check with Pin picorv32_core_count_instr_reg[12]/CK 
Endpoint:   picorv32_core_count_instr_reg[12]/D (v) checked with  leading edge 
of 'clk'
Beginpoint: wb_rst_i                            (^) triggered by  leading edge 
of 'clk'
Path Groups: {in2reg}
Analysis View: analysis1
Other End Arrival Time         -0.001
+ Hold                          0.012
+ Phase Shift                   0.000
+ Uncertainty                   0.020
= Required Time                 0.032
  Arrival Time                  0.319
  Slack Time                    0.287
     Clock Rise Edge                      0.000
     + Input Delay                        0.250
     + Drive Adjustment                   0.024
     = Beginpoint Arrival Time            0.274
     +---------------------------------------------------------------------------------------+ 
     |             Instance              |    Arc     |  Cell   | Delay | Arrival | Required | 
     |                                   |            |         |       |  Time   |   Time   | 
     |-----------------------------------+------------+---------+-------+---------+----------| 
     |                                   | wb_rst_i ^ |         |       |   0.274 |   -0.013 | 
     | picorv32_core_g172234             | A ^ -> Y v | NOR2X1  | 0.045 |   0.319 |    0.032 | 
     | picorv32_core_count_instr_reg[12] | D v        | DFFHQX1 | 0.000 |   0.319 |    0.032 | 
     +---------------------------------------------------------------------------------------+ 
Path 43: MET Hold Check with Pin picorv32_core_count_instr_reg[13]/CK 
Endpoint:   picorv32_core_count_instr_reg[13]/D (v) checked with  leading edge 
of 'clk'
Beginpoint: wb_rst_i                            (^) triggered by  leading edge 
of 'clk'
Path Groups: {in2reg}
Analysis View: analysis1
Other End Arrival Time         -0.001
+ Hold                          0.012
+ Phase Shift                   0.000
+ Uncertainty                   0.020
= Required Time                 0.031
  Arrival Time                  0.319
  Slack Time                    0.288
     Clock Rise Edge                      0.000
     + Input Delay                        0.250
     + Drive Adjustment                   0.024
     = Beginpoint Arrival Time            0.274
     +---------------------------------------------------------------------------------------+ 
     |             Instance              |    Arc     |  Cell   | Delay | Arrival | Required | 
     |                                   |            |         |       |  Time   |   Time   | 
     |-----------------------------------+------------+---------+-------+---------+----------| 
     |                                   | wb_rst_i ^ |         |       |   0.274 |   -0.013 | 
     | picorv32_core_g172067             | A ^ -> Y v | NOR2X1  | 0.044 |   0.319 |    0.031 | 
     | picorv32_core_count_instr_reg[13] | D v        | DFFHQX1 | 0.000 |   0.319 |    0.031 | 
     +---------------------------------------------------------------------------------------+ 
Path 44: MET Hold Check with Pin picorv32_core_count_instr_reg[44]/CK 
Endpoint:   picorv32_core_count_instr_reg[44]/D (v) checked with  leading edge 
of 'clk'
Beginpoint: wb_rst_i                            (^) triggered by  leading edge 
of 'clk'
Path Groups: {in2reg}
Analysis View: analysis1
Other End Arrival Time         -0.001
+ Hold                          0.011
+ Phase Shift                   0.000
+ Uncertainty                   0.020
= Required Time                 0.031
  Arrival Time                  0.319
  Slack Time                    0.288
     Clock Rise Edge                      0.000
     + Input Delay                        0.250
     + Drive Adjustment                   0.024
     = Beginpoint Arrival Time            0.274
     +---------------------------------------------------------------------------------------+ 
     |             Instance              |    Arc     |  Cell   | Delay | Arrival | Required | 
     |                                   |            |         |       |  Time   |   Time   | 
     |-----------------------------------+------------+---------+-------+---------+----------| 
     |                                   | wb_rst_i ^ |         |       |   0.274 |   -0.014 | 
     | picorv32_core_g172090             | A ^ -> Y v | NOR2X1  | 0.044 |   0.319 |    0.031 | 
     | picorv32_core_count_instr_reg[44] | D v        | DFFHQX1 | 0.000 |   0.319 |    0.031 | 
     +---------------------------------------------------------------------------------------+ 
Path 45: MET Hold Check with Pin picorv32_core_count_instr_reg[41]/CK 
Endpoint:   picorv32_core_count_instr_reg[41]/D (v) checked with  leading edge 
of 'clk'
Beginpoint: wb_rst_i                            (^) triggered by  leading edge 
of 'clk'
Path Groups: {in2reg}
Analysis View: analysis1
Other End Arrival Time         -0.001
+ Hold                          0.012
+ Phase Shift                   0.000
+ Uncertainty                   0.020
= Required Time                 0.031
  Arrival Time                  0.319
  Slack Time                    0.288
     Clock Rise Edge                      0.000
     + Input Delay                        0.250
     + Drive Adjustment                   0.024
     = Beginpoint Arrival Time            0.274
     +---------------------------------------------------------------------------------------+ 
     |             Instance              |    Arc     |  Cell   | Delay | Arrival | Required | 
     |                                   |            |         |       |  Time   |   Time   | 
     |-----------------------------------+------------+---------+-------+---------+----------| 
     |                                   | wb_rst_i ^ |         |       |   0.274 |   -0.014 | 
     | picorv32_core_g172092             | A ^ -> Y v | NOR2X1  | 0.045 |   0.319 |    0.031 | 
     | picorv32_core_count_instr_reg[41] | D v        | DFFHQX1 | 0.000 |   0.319 |    0.031 | 
     +---------------------------------------------------------------------------------------+ 
Path 46: MET Hold Check with Pin picorv32_core_irq_pending_reg[22]/CK 
Endpoint:   picorv32_core_irq_pending_reg[22]/D (v) checked with  leading edge 
of 'clk'
Beginpoint: irq[22]                             (v) triggered by  leading edge 
of 'clk'
Path Groups: {in2reg}
Analysis View: analysis1
Other End Arrival Time          0.000
+ Hold                          0.016
+ Phase Shift                   0.000
+ Uncertainty                   0.020
= Required Time                 0.036
  Arrival Time                  0.325
  Slack Time                    0.289
     Clock Rise Edge                      0.000
     + Input Delay                        0.250
     + Drive Adjustment                   0.009
     = Beginpoint Arrival Time            0.259
     +----------------------------------------------------------------------------------------+ 
     |             Instance              |     Arc     |  Cell   | Delay | Arrival | Required | 
     |                                   |             |         |       |  Time   |   Time   | 
     |-----------------------------------+-------------+---------+-------+---------+----------| 
     |                                   | irq[22] v   |         |       |   0.259 |   -0.031 | 
     | picorv32_core_g169845             | B0 v -> Y v | AO21X1  | 0.066 |   0.325 |    0.036 | 
     | picorv32_core_irq_pending_reg[22] | D v         | DFFHQX1 | 0.000 |   0.325 |    0.036 | 
     +----------------------------------------------------------------------------------------+ 
Path 47: MET Hold Check with Pin picorv32_core_count_instr_reg[51]/CK 
Endpoint:   picorv32_core_count_instr_reg[51]/D (v) checked with  leading edge 
of 'clk'
Beginpoint: wb_rst_i                            (^) triggered by  leading edge 
of 'clk'
Path Groups: {in2reg}
Analysis View: analysis1
Other End Arrival Time         -0.001
+ Hold                          0.012
+ Phase Shift                   0.000
+ Uncertainty                   0.020
= Required Time                 0.031
  Arrival Time                  0.321
  Slack Time                    0.290
     Clock Rise Edge                      0.000
     + Input Delay                        0.250
     + Drive Adjustment                   0.024
     = Beginpoint Arrival Time            0.274
     +---------------------------------------------------------------------------------------+ 
     |             Instance              |    Arc     |  Cell   | Delay | Arrival | Required | 
     |                                   |            |         |       |  Time   |   Time   | 
     |-----------------------------------+------------+---------+-------+---------+----------| 
     |                                   | wb_rst_i ^ |         |       |   0.274 |   -0.015 | 
     | picorv32_core_g172082             | A ^ -> Y v | NOR2X1  | 0.046 |   0.321 |    0.031 | 
     | picorv32_core_count_instr_reg[51] | D v        | DFFHQX1 | 0.000 |   0.321 |    0.031 | 
     +---------------------------------------------------------------------------------------+ 
Path 48: MET Hold Check with Pin picorv32_core_count_instr_reg[9]/CK 
Endpoint:   picorv32_core_count_instr_reg[9]/D (v) checked with  leading edge 
of 'clk'
Beginpoint: wb_rst_i                           (^) triggered by  leading edge 
of 'clk'
Path Groups: {in2reg}
Analysis View: analysis1
Other End Arrival Time         -0.001
+ Hold                          0.011
+ Phase Shift                   0.000
+ Uncertainty                   0.020
= Required Time                 0.030
  Arrival Time                  0.320
  Slack Time                    0.290
     Clock Rise Edge                      0.000
     + Input Delay                        0.250
     + Drive Adjustment                   0.024
     = Beginpoint Arrival Time            0.274
     +--------------------------------------------------------------------------------------+ 
     |             Instance             |    Arc     |  Cell   | Delay | Arrival | Required | 
     |                                  |            |         |       |  Time   |   Time   | 
     |----------------------------------+------------+---------+-------+---------+----------| 
     |                                  | wb_rst_i ^ |         |       |   0.274 |   -0.016 | 
     | picorv32_core_g172111            | A ^ -> Y v | NOR2X1  | 0.046 |   0.320 |    0.030 | 
     | picorv32_core_count_instr_reg[9] | D v        | DFFHQX1 | 0.000 |   0.320 |    0.030 | 
     +--------------------------------------------------------------------------------------+ 
Path 49: MET Hold Check with Pin picorv32_core_irq_pending_reg[21]/CK 
Endpoint:   picorv32_core_irq_pending_reg[21]/D (v) checked with  leading edge 
of 'clk'
Beginpoint: irq[21]                             (v) triggered by  leading edge 
of 'clk'
Path Groups: {in2reg}
Analysis View: analysis1
Other End Arrival Time          0.000
+ Hold                          0.016
+ Phase Shift                   0.000
+ Uncertainty                   0.020
= Required Time                 0.036
  Arrival Time                  0.326
  Slack Time                    0.290
     Clock Rise Edge                      0.000
     + Input Delay                        0.250
     + Drive Adjustment                   0.009
     = Beginpoint Arrival Time            0.259
     +----------------------------------------------------------------------------------------+ 
     |             Instance              |     Arc     |  Cell   | Delay | Arrival | Required | 
     |                                   |             |         |       |  Time   |   Time   | 
     |-----------------------------------+-------------+---------+-------+---------+----------| 
     |                                   | irq[21] v   |         |       |   0.259 |   -0.031 | 
     | picorv32_core_g169844             | B0 v -> Y v | AO21X1  | 0.067 |   0.326 |    0.036 | 
     | picorv32_core_irq_pending_reg[21] | D v         | DFFHQX1 | 0.000 |   0.326 |    0.036 | 
     +----------------------------------------------------------------------------------------+ 
Path 50: MET Hold Check with Pin picorv32_core_count_instr_reg[50]/CK 
Endpoint:   picorv32_core_count_instr_reg[50]/D (v) checked with  leading edge 
of 'clk'
Beginpoint: wb_rst_i                            (^) triggered by  leading edge 
of 'clk'
Path Groups: {in2reg}
Analysis View: analysis1
Other End Arrival Time         -0.001
+ Hold                          0.011
+ Phase Shift                   0.000
+ Uncertainty                   0.020
= Required Time                 0.031
  Arrival Time                  0.321
  Slack Time                    0.290
     Clock Rise Edge                      0.000
     + Input Delay                        0.250
     + Drive Adjustment                   0.024
     = Beginpoint Arrival Time            0.274
     +---------------------------------------------------------------------------------------+ 
     |             Instance              |    Arc     |  Cell   | Delay | Arrival | Required | 
     |                                   |            |         |       |  Time   |   Time   | 
     |-----------------------------------+------------+---------+-------+---------+----------| 
     |                                   | wb_rst_i ^ |         |       |   0.274 |   -0.016 | 
     | picorv32_core_g172083             | A ^ -> Y v | NOR2X1  | 0.047 |   0.321 |    0.031 | 
     | picorv32_core_count_instr_reg[50] | D v        | DFFHQX1 | 0.000 |   0.321 |    0.031 | 
     +---------------------------------------------------------------------------------------+ 

