Using Power View: analysis1.

Begin Power Analysis

             0V	    VSS
          1.08V	    VDD
Begin Processing Timing Library for Power Calculation

Begin Processing Timing Library for Power Calculation



Begin Processing Power Net/Grid for Power Calculation

Ended Processing Power Net/Grid for Power Calculation: (cpu=0:00:00, real=0:00:00, mem(process/total/peak)=1951.88MB/3462.31MB/2074.45MB)

Begin Processing Timing Window Data for Power Calculation

CK: assigning clock clk to net wb_clk_i
Ended Processing Timing Window Data for Power Calculation: (cpu=0:00:00, real=0:00:00, mem(process/total/peak)=1951.88MB/3462.31MB/2074.45MB)

Begin Processing User Attributes

Ended Processing User Attributes: (cpu=0:00:00, real=0:00:00, mem(process/total/peak)=1951.88MB/3462.31MB/2074.45MB)

Begin Processing Signal Activity


Starting Levelizing
2025-Nov-29 12:58:33 (2025-Nov-29 10:58:33 GMT)
2025-Nov-29 12:58:33 (2025-Nov-29 10:58:33 GMT): 10%
2025-Nov-29 12:58:33 (2025-Nov-29 10:58:33 GMT): 20%
2025-Nov-29 12:58:33 (2025-Nov-29 10:58:33 GMT): 30%
2025-Nov-29 12:58:33 (2025-Nov-29 10:58:33 GMT): 40%
2025-Nov-29 12:58:33 (2025-Nov-29 10:58:33 GMT): 50%
2025-Nov-29 12:58:33 (2025-Nov-29 10:58:33 GMT): 60%
2025-Nov-29 12:58:33 (2025-Nov-29 10:58:33 GMT): 70%
2025-Nov-29 12:58:33 (2025-Nov-29 10:58:33 GMT): 80%
2025-Nov-29 12:58:33 (2025-Nov-29 10:58:33 GMT): 90%

Finished Levelizing
2025-Nov-29 12:58:33 (2025-Nov-29 10:58:33 GMT)

Starting Activity Propagation
2025-Nov-29 12:58:33 (2025-Nov-29 10:58:33 GMT)
2025-Nov-29 12:58:33 (2025-Nov-29 10:58:33 GMT): 10%
2025-Nov-29 12:58:33 (2025-Nov-29 10:58:33 GMT): 20%

Finished Activity Propagation
2025-Nov-29 12:58:33 (2025-Nov-29 10:58:33 GMT)
Ended Processing Signal Activity: (cpu=0:00:00, real=0:00:00, mem(process/total/peak)=1952.01MB/3462.31MB/2074.45MB)

Begin Power Computation

      ----------------------------------------------------------
      # of cell(s) missing both power/leakage table: 0
      # of cell(s) missing power table: 0
      # of cell(s) missing leakage table: 0
      ----------------------------------------------------------



Starting Calculating power
2025-Nov-29 12:58:33 (2025-Nov-29 10:58:33 GMT)
 ... Calculating switching power
2025-Nov-29 12:58:33 (2025-Nov-29 10:58:33 GMT): 10%
2025-Nov-29 12:58:33 (2025-Nov-29 10:58:33 GMT): 20%
2025-Nov-29 12:58:33 (2025-Nov-29 10:58:33 GMT): 30%
2025-Nov-29 12:58:33 (2025-Nov-29 10:58:33 GMT): 40%
2025-Nov-29 12:58:33 (2025-Nov-29 10:58:33 GMT): 50%
 ... Calculating internal and leakage power
2025-Nov-29 12:58:33 (2025-Nov-29 10:58:33 GMT): 60%
2025-Nov-29 12:58:34 (2025-Nov-29 10:58:34 GMT): 70%
2025-Nov-29 12:58:34 (2025-Nov-29 10:58:34 GMT): 80%
2025-Nov-29 12:58:34 (2025-Nov-29 10:58:34 GMT): 90%

Finished Calculating power
2025-Nov-29 12:58:34 (2025-Nov-29 10:58:34 GMT)
      # of MSMV cell(s) missing power_level: 0
Ended Power Computation: (cpu=0:00:01, real=0:00:01, mem(process/total/peak)=1952.01MB/3462.31MB/2074.45MB)

Begin Processing User Attributes

Ended Processing User Attributes: (cpu=0:00:00, real=0:00:00, mem(process/total/peak)=1952.01MB/3462.31MB/2074.45MB)

Ended Power Analysis: (cpu=0:00:01, real=0:00:01, mem(process/total/peak)=1952.01MB/3462.31MB/2074.45MB)

Begin Boundary Leakage Calculation
Ended Boundary Leakage Calculation: (cpu=0:00:00, real=0:00:00,
mem(process/total/peak)=1952.01MB/3462.31MB/2074.45MB)
Begin Static Power Report Generation
*----------------------------------------------------------------------------------------
*	Innovus 21.35-s114_1 (64bit) 10/13/2022 12:11 (Linux 3.10.0-693.el7.x86_64)
*	
*
* 	Date & Time:	2025-Nov-29 12:58:34 (2025-Nov-29 10:58:34 GMT)
*
*----------------------------------------------------------------------------------------
*
*	Design: picorv32_wb
*
*	Liberty Libraries used:
*	        analysis1: /mnt/apps/prebuilt/eda/designkits/GPDK/gsclib045/lan/flow/t1u1/reference_libs/GPDK045/gsclib045_svt_v4.4/gsclib045/timing/slow_vdd1v2_basicCells.lib
*
*	Parasitic Files used:
*
*       Power View : analysis1
*
*       User-Defined Activity : N.A.
*
*       Activity File: N.A.
*
*       Hierarchical Global Activity: N.A.
*
*       Global Activity: N.A.
*
*       Sequential Element Activity: 0.200000
*
*       Primary Input Activity: 0.200000
*
*       Default icg ratio: N.A.
*
*       Global Comb ClockGate Ratio: N.A.
*
*	Power Units = 1mW
*
*	Time Units = 1e-09 secs
*
*       report_power
*
-----------------------------------------------------------------------------------------
*



Total Power
-----------------------------------------------------------------------------------------
Total Internal Power:        3.46535229 	   51.3526%
Total Switching Power:       3.28132243 	   48.6255%
Total Leakage Power:         0.00148099 	    0.0219%
Total Power:                 6.74815571
-----------------------------------------------------------------------------------------


Group                           Internal   Switching     Leakage       Total  Percentage 
                                Power      Power         Power         Power  (%)        
-----------------------------------------------------------------------------------------
Sequential                         2.154      0.2135   0.0005347       2.368        35.1
Macro                                  0           0           0           0           0
IO                                     0           0           0           0           0
Combinational                      0.934       2.511   0.0008912       3.445       51.06
Clock (Combinational)             0.3771      0.5573   5.511e-05      0.9344       13.85
Clock (Sequential)                     0           0           0           0           0
-----------------------------------------------------------------------------------------
Total                              3.465       3.281    0.001481       6.748         100
-----------------------------------------------------------------------------------------


Rail                  Voltage   Internal   Switching     Leakage       Total  Percentage 
                                Power      Power         Power         Power  (%)        
-----------------------------------------------------------------------------------------
VDD                      1.08      3.465       3.281    0.001481       6.748         100


Clock                           Internal   Switching     Leakage       Total  Percentage 
                                Power      Power         Power         Power  (%)        
-----------------------------------------------------------------------------------------
clk                               0.3771      0.5573   5.511e-05      0.9344       13.85
-----------------------------------------------------------------------------------------
Total                             0.3771      0.5573   5.511e-05      0.9344       13.85
-----------------------------------------------------------------------------------------
Clock: clk
Clock Period: 0.004000 usec 
Clock Toggle Rate:   500.0000 Mhz 
Clock Static Probability:  0.5000
  
 
 
-----------------------------------------------------------------------------------------
*	Power Distribution Summary: 
*              Highest Average Power:       CTS_ccl_a_buf_00037 (CLKBUFX20):          0.01725
*              Highest Leakage Power:  FE_OFC172280_pcpi_rs1_20 (CLKBUFX20):        9.759e-07
*                Total Cap:      9.25286e-11 F
*                Total instances in design: 11221
*                Total instances in design with no power:     0
*                Total instances in design with no activty:     0

*                Total Fillers and Decap:     0
-----------------------------------------------------------------------------------------
 
** INFO:  (VOLTUS_POWR-3465): There are 0 decaps and 0 fillers in the design

Ended Static Power Report Generation: (cpu=0:00:00, real=0:00:00,
mem(process/total/peak)=1953.88MB/3462.31MB/2074.45MB)

