###############################################################
#  Generated by:      Cadence Innovus 21.35-s114_1
#  OS:                Linux x86_64(Host ID cn99.it.auth.gr)
#  Generated on:      Sat Nov 29 12:58:38 2025
#  Design:            picorv32_wb
#  Command:           report_timing -path_group reg2out -check_type hold -max_paths 50 > reports/postCTS/reg2out_hold.rpt
###############################################################
Path 1: MET Early External Delay Assertion 
Endpoint:   wbm_dat_o[6]       (^) checked with  leading edge of 'clk'
Beginpoint: wbm_dat_o_reg[6]/Q (^) triggered by  leading edge of 'clk'
Path Groups: {reg2out}
Analysis View: analysis1
Other End Arrival Time          0.000
- External Delay                0.250
+ Phase Shift                   0.000
+ Uncertainty                   0.020
= Required Time                -0.230
  Arrival Time                  0.199
  Slack Time                    0.429
     Clock Rise Edge                 0.000
     + Clock Network Latency (Prop)  -0.006
     = Beginpoint Arrival Time       -0.006
     +--------------------------------------------------------------------------------+ 
     |       Instance       |      Arc       |   Cell    | Delay | Arrival | Required | 
     |                      |                |           |       |  Time   |   Time   | 
     |----------------------+----------------+-----------+-------+---------+----------| 
     | wbm_dat_o_reg[6]     | CK ^           |           |       |  -0.006 |   -0.434 | 
     | wbm_dat_o_reg[6]     | CK ^ -> Q ^    | DFFHQX1   | 0.127 |   0.122 |   -0.307 | 
     | FE_OFC77_wbm_dat_o_6 | A ^ -> Y ^     | CLKBUFX20 | 0.074 |   0.196 |   -0.232 | 
     |                      | wbm_dat_o[6] ^ |           | 0.002 |   0.199 |   -0.230 | 
     +--------------------------------------------------------------------------------+ 
Path 2: MET Early External Delay Assertion 
Endpoint:   wbm_adr_o[18]       (^) checked with  leading edge of 'clk'
Beginpoint: wbm_adr_o_reg[18]/Q (^) triggered by  leading edge of 'clk'
Path Groups: {reg2out}
Analysis View: analysis1
Other End Arrival Time          0.000
- External Delay                0.250
+ Phase Shift                   0.000
+ Uncertainty                   0.020
= Required Time                -0.230
  Arrival Time                  0.200
  Slack Time                    0.430
     Clock Rise Edge                 0.000
     + Clock Network Latency (Prop)  -0.003
     = Beginpoint Arrival Time       -0.003
     +----------------------------------------------------------------------------------+ 
     |       Instance        |       Arc       |   Cell    | Delay | Arrival | Required | 
     |                       |                 |           |       |  Time   |   Time   | 
     |-----------------------+-----------------+-----------+-------+---------+----------| 
     | wbm_adr_o_reg[18]     | CK ^            |           |       |  -0.003 |   -0.434 | 
     | wbm_adr_o_reg[18]     | CK ^ -> Q ^     | DFFHQX1   | 0.128 |   0.124 |   -0.306 | 
     | FE_OFC26_wbm_adr_o_18 | A ^ -> Y ^      | CLKBUFX20 | 0.074 |   0.198 |   -0.232 | 
     |                       | wbm_adr_o[18] ^ |           | 0.002 |   0.200 |   -0.230 | 
     +----------------------------------------------------------------------------------+ 
Path 3: MET Early External Delay Assertion 
Endpoint:   pcpi_insn[17]                     (^) checked with  leading edge of 
'clk'
Beginpoint: picorv32_core_pcpi_insn_reg[17]/Q (^) triggered by  leading edge of 
'clk'
Path Groups: {reg2out}
Analysis View: analysis1
Other End Arrival Time          0.000
- External Delay                0.250
+ Phase Shift                   0.000
+ Uncertainty                   0.020
= Required Time                -0.230
  Arrival Time                  0.201
  Slack Time                    0.431
     Clock Rise Edge                 0.000
     + Clock Network Latency (Prop)  -0.005
     = Beginpoint Arrival Time       -0.005
     +--------------------------------------------------------------------------------------------+ 
     |            Instance             |       Arc       |   Cell    | Delay | Arrival | Required | 
     |                                 |                 |           |       |  Time   |   Time   | 
     |---------------------------------+-----------------+-----------+-------+---------+----------| 
     | picorv32_core_pcpi_insn_reg[17] | CK ^            |           |       |  -0.005 |   -0.436 | 
     | picorv32_core_pcpi_insn_reg[17] | CK ^ -> Q ^     | EDFFHQX1  | 0.132 |   0.127 |   -0.304 | 
     | FE_OFC107_pcpi_insn_17          | A ^ -> Y ^      | CLKBUFX20 | 0.071 |   0.199 |   -0.233 | 
     |                                 | pcpi_insn[17] ^ |           | 0.003 |   0.201 |   -0.230 | 
     +--------------------------------------------------------------------------------------------+ 
Path 4: MET Early External Delay Assertion 
Endpoint:   wbm_dat_o[3]       (^) checked with  leading edge of 'clk'
Beginpoint: wbm_dat_o_reg[3]/Q (^) triggered by  leading edge of 'clk'
Path Groups: {reg2out}
Analysis View: analysis1
Other End Arrival Time          0.000
- External Delay                0.250
+ Phase Shift                   0.000
+ Uncertainty                   0.020
= Required Time                -0.230
  Arrival Time                  0.202
  Slack Time                    0.432
     Clock Rise Edge                 0.000
     + Clock Network Latency (Prop)  -0.005
     = Beginpoint Arrival Time       -0.005
     +--------------------------------------------------------------------------------+ 
     |       Instance       |      Arc       |   Cell    | Delay | Arrival | Required | 
     |                      |                |           |       |  Time   |   Time   | 
     |----------------------+----------------+-----------+-------+---------+----------| 
     | wbm_dat_o_reg[3]     | CK ^           |           |       |  -0.005 |   -0.437 | 
     | wbm_dat_o_reg[3]     | CK ^ -> Q ^    | DFFHQX1   | 0.129 |   0.123 |   -0.308 | 
     | FE_OFC80_wbm_dat_o_3 | A ^ -> Y ^     | CLKBUFX20 | 0.075 |   0.198 |   -0.233 | 
     |                      | wbm_dat_o[3] ^ |           | 0.003 |   0.202 |   -0.230 | 
     +--------------------------------------------------------------------------------+ 
Path 5: MET Early External Delay Assertion 
Endpoint:   wbm_dat_o[24]       (^) checked with  leading edge of 'clk'
Beginpoint: wbm_dat_o_reg[24]/Q (^) triggered by  leading edge of 'clk'
Path Groups: {reg2out}
Analysis View: analysis1
Other End Arrival Time          0.000
- External Delay                0.250
+ Phase Shift                   0.000
+ Uncertainty                   0.020
= Required Time                -0.230
  Arrival Time                  0.202
  Slack Time                    0.432
     Clock Rise Edge                 0.000
     + Clock Network Latency (Prop)  -0.006
     = Beginpoint Arrival Time       -0.006
     +----------------------------------------------------------------------------------+ 
     |       Instance        |       Arc       |   Cell    | Delay | Arrival | Required | 
     |                       |                 |           |       |  Time   |   Time   | 
     |-----------------------+-----------------+-----------+-------+---------+----------| 
     | wbm_dat_o_reg[24]     | CK ^            |           |       |  -0.006 |   -0.437 | 
     | wbm_dat_o_reg[24]     | CK ^ -> Q ^     | DFFHQX1   | 0.129 |   0.124 |   -0.308 | 
     | FE_OFC51_wbm_dat_o_24 | A ^ -> Y ^      | CLKBUFX20 | 0.076 |   0.199 |   -0.232 | 
     |                       | wbm_dat_o[24] ^ |           | 0.002 |   0.202 |   -0.230 | 
     +----------------------------------------------------------------------------------+ 
Path 6: MET Early External Delay Assertion 
Endpoint:   wbm_adr_o[13]       (^) checked with  leading edge of 'clk'
Beginpoint: wbm_adr_o_reg[13]/Q (^) triggered by  leading edge of 'clk'
Path Groups: {reg2out}
Analysis View: analysis1
Other End Arrival Time          0.000
- External Delay                0.250
+ Phase Shift                   0.000
+ Uncertainty                   0.020
= Required Time                -0.230
  Arrival Time                  0.202
  Slack Time                    0.432
     Clock Rise Edge                 0.000
     + Clock Network Latency (Prop)  -0.005
     = Beginpoint Arrival Time       -0.005
     +----------------------------------------------------------------------------------+ 
     |       Instance        |       Arc       |   Cell    | Delay | Arrival | Required | 
     |                       |                 |           |       |  Time   |   Time   | 
     |-----------------------+-----------------+-----------+-------+---------+----------| 
     | wbm_adr_o_reg[13]     | CK ^            |           |       |  -0.005 |   -0.437 | 
     | wbm_adr_o_reg[13]     | CK ^ -> Q ^     | DFFHQX1   | 0.130 |   0.125 |   -0.307 | 
     | FE_OFC31_wbm_adr_o_13 | A ^ -> Y ^      | CLKBUFX20 | 0.076 |   0.202 |   -0.231 | 
     |                       | wbm_adr_o[13] ^ |           | 0.001 |   0.202 |   -0.230 | 
     +----------------------------------------------------------------------------------+ 
Path 7: MET Early External Delay Assertion 
Endpoint:   wbm_adr_o[19]       (^) checked with  leading edge of 'clk'
Beginpoint: wbm_adr_o_reg[19]/Q (^) triggered by  leading edge of 'clk'
Path Groups: {reg2out}
Analysis View: analysis1
Other End Arrival Time          0.000
- External Delay                0.250
+ Phase Shift                   0.000
+ Uncertainty                   0.020
= Required Time                -0.230
  Arrival Time                  0.202
  Slack Time                    0.432
     Clock Rise Edge                 0.000
     + Clock Network Latency (Prop)  -0.003
     = Beginpoint Arrival Time       -0.003
     +----------------------------------------------------------------------------------+ 
     |       Instance        |       Arc       |   Cell    | Delay | Arrival | Required | 
     |                       |                 |           |       |  Time   |   Time   | 
     |-----------------------+-----------------+-----------+-------+---------+----------| 
     | wbm_adr_o_reg[19]     | CK ^            |           |       |  -0.003 |   -0.436 | 
     | wbm_adr_o_reg[19]     | CK ^ -> Q ^     | DFFHQX1   | 0.129 |   0.126 |   -0.307 | 
     | FE_OFC25_wbm_adr_o_19 | A ^ -> Y ^      | CLKBUFX20 | 0.075 |   0.200 |   -0.232 | 
     |                       | wbm_adr_o[19] ^ |           | 0.002 |   0.202 |   -0.230 | 
     +----------------------------------------------------------------------------------+ 
Path 8: MET Early External Delay Assertion 
Endpoint:   wbm_dat_o[5]       (^) checked with  leading edge of 'clk'
Beginpoint: wbm_dat_o_reg[5]/Q (^) triggered by  leading edge of 'clk'
Path Groups: {reg2out}
Analysis View: analysis1
Other End Arrival Time          0.000
- External Delay                0.250
+ Phase Shift                   0.000
+ Uncertainty                   0.020
= Required Time                -0.230
  Arrival Time                  0.202
  Slack Time                    0.432
     Clock Rise Edge                 0.000
     + Clock Network Latency (Prop)  -0.006
     = Beginpoint Arrival Time       -0.006
     +--------------------------------------------------------------------------------+ 
     |       Instance       |      Arc       |   Cell    | Delay | Arrival | Required | 
     |                      |                |           |       |  Time   |   Time   | 
     |----------------------+----------------+-----------+-------+---------+----------| 
     | wbm_dat_o_reg[5]     | CK ^           |           |       |  -0.006 |   -0.438 | 
     | wbm_dat_o_reg[5]     | CK ^ -> Q ^    | DFFHQX1   | 0.130 |   0.124 |   -0.308 | 
     | FE_OFC78_wbm_dat_o_5 | A ^ -> Y ^     | CLKBUFX20 | 0.076 |   0.200 |   -0.232 | 
     |                      | wbm_dat_o[5] ^ |           | 0.002 |   0.202 |   -0.230 | 
     +--------------------------------------------------------------------------------+ 
Path 9: MET Early External Delay Assertion 
Endpoint:   wbm_dat_o[30]       (^) checked with  leading edge of 'clk'
Beginpoint: wbm_dat_o_reg[30]/Q (^) triggered by  leading edge of 'clk'
Path Groups: {reg2out}
Analysis View: analysis1
Other End Arrival Time          0.000
- External Delay                0.250
+ Phase Shift                   0.000
+ Uncertainty                   0.020
= Required Time                -0.230
  Arrival Time                  0.202
  Slack Time                    0.432
     Clock Rise Edge                 0.000
     + Clock Network Latency (Prop)  -0.006
     = Beginpoint Arrival Time       -0.006
     +----------------------------------------------------------------------------------+ 
     |       Instance        |       Arc       |   Cell    | Delay | Arrival | Required | 
     |                       |                 |           |       |  Time   |   Time   | 
     |-----------------------+-----------------+-----------+-------+---------+----------| 
     | wbm_dat_o_reg[30]     | CK ^            |           |       |  -0.006 |   -0.438 | 
     | wbm_dat_o_reg[30]     | CK ^ -> Q ^     | DFFHQX1   | 0.130 |   0.124 |   -0.308 | 
     | FE_OFC45_wbm_dat_o_30 | A ^ -> Y ^      | CLKBUFX20 | 0.075 |   0.199 |   -0.233 | 
     |                       | wbm_dat_o[30] ^ |           | 0.003 |   0.202 |   -0.230 | 
     +----------------------------------------------------------------------------------+ 
Path 10: MET Early External Delay Assertion 
Endpoint:   wbm_adr_o[16]       (^) checked with  leading edge of 'clk'
Beginpoint: wbm_adr_o_reg[16]/Q (^) triggered by  leading edge of 'clk'
Path Groups: {reg2out}
Analysis View: analysis1
Other End Arrival Time          0.000
- External Delay                0.250
+ Phase Shift                   0.000
+ Uncertainty                   0.020
= Required Time                -0.230
  Arrival Time                  0.203
  Slack Time                    0.433
     Clock Rise Edge                 0.000
     + Clock Network Latency (Prop)  -0.005
     = Beginpoint Arrival Time       -0.005
     +----------------------------------------------------------------------------------+ 
     |       Instance        |       Arc       |   Cell    | Delay | Arrival | Required | 
     |                       |                 |           |       |  Time   |   Time   | 
     |-----------------------+-----------------+-----------+-------+---------+----------| 
     | wbm_adr_o_reg[16]     | CK ^            |           |       |  -0.005 |   -0.438 | 
     | wbm_adr_o_reg[16]     | CK ^ -> Q ^     | DFFHQX1   | 0.130 |   0.125 |   -0.308 | 
     | FE_OFC28_wbm_adr_o_16 | A ^ -> Y ^      | CLKBUFX20 | 0.076 |   0.201 |   -0.232 | 
     |                       | wbm_adr_o[16] ^ |           | 0.002 |   0.203 |   -0.230 | 
     +----------------------------------------------------------------------------------+ 
Path 11: MET Early External Delay Assertion 
Endpoint:   wbm_dat_o[21]       (^) checked with  leading edge of 'clk'
Beginpoint: wbm_dat_o_reg[21]/Q (^) triggered by  leading edge of 'clk'
Path Groups: {reg2out}
Analysis View: analysis1
Other End Arrival Time          0.000
- External Delay                0.250
+ Phase Shift                   0.000
+ Uncertainty                   0.020
= Required Time                -0.230
  Arrival Time                  0.203
  Slack Time                    0.433
     Clock Rise Edge                 0.000
     + Clock Network Latency (Prop)  -0.006
     = Beginpoint Arrival Time       -0.006
     +----------------------------------------------------------------------------------+ 
     |       Instance        |       Arc       |   Cell    | Delay | Arrival | Required | 
     |                       |                 |           |       |  Time   |   Time   | 
     |-----------------------+-----------------+-----------+-------+---------+----------| 
     | wbm_dat_o_reg[21]     | CK ^            |           |       |  -0.006 |   -0.439 | 
     | wbm_dat_o_reg[21]     | CK ^ -> Q ^     | DFFHQX1   | 0.130 |   0.125 |   -0.308 | 
     | FE_OFC54_wbm_dat_o_21 | A ^ -> Y ^      | CLKBUFX20 | 0.076 |   0.201 |   -0.232 | 
     |                       | wbm_dat_o[21] ^ |           | 0.002 |   0.203 |   -0.230 | 
     +----------------------------------------------------------------------------------+ 
Path 12: MET Early External Delay Assertion 
Endpoint:   pcpi_insn[16]                     (^) checked with  leading edge of 
'clk'
Beginpoint: picorv32_core_pcpi_insn_reg[16]/Q (^) triggered by  leading edge of 
'clk'
Path Groups: {reg2out}
Analysis View: analysis1
Other End Arrival Time          0.000
- External Delay                0.250
+ Phase Shift                   0.000
+ Uncertainty                   0.020
= Required Time                -0.230
  Arrival Time                  0.204
  Slack Time                    0.434
     Clock Rise Edge                 0.000
     + Clock Network Latency (Prop)  -0.005
     = Beginpoint Arrival Time       -0.005
     +--------------------------------------------------------------------------------------------+ 
     |            Instance             |       Arc       |   Cell    | Delay | Arrival | Required | 
     |                                 |                 |           |       |  Time   |   Time   | 
     |---------------------------------+-----------------+-----------+-------+---------+----------| 
     | picorv32_core_pcpi_insn_reg[16] | CK ^            |           |       |  -0.005 |   -0.438 | 
     | picorv32_core_pcpi_insn_reg[16] | CK ^ -> Q ^     | EDFFHQX1  | 0.134 |   0.129 |   -0.305 | 
     | FE_OFC108_pcpi_insn_16          | A ^ -> Y ^      | CLKBUFX20 | 0.073 |   0.202 |   -0.232 | 
     |                                 | pcpi_insn[16] ^ |           | 0.002 |   0.204 |   -0.230 | 
     +--------------------------------------------------------------------------------------------+ 
Path 13: MET Early External Delay Assertion 
Endpoint:   wbm_sel_o[1]       (^) checked with  leading edge of 'clk'
Beginpoint: wbm_sel_o_reg[1]/Q (^) triggered by  leading edge of 'clk'
Path Groups: {reg2out}
Analysis View: analysis1
Other End Arrival Time          0.000
- External Delay                0.250
+ Phase Shift                   0.000
+ Uncertainty                   0.020
= Required Time                -0.230
  Arrival Time                  0.204
  Slack Time                    0.434
     Clock Rise Edge                 0.000
     + Clock Network Latency (Prop)  -0.001
     = Beginpoint Arrival Time       -0.001
     +--------------------------------------------------------------------------------+ 
     |       Instance       |      Arc       |   Cell    | Delay | Arrival | Required | 
     |                      |                |           |       |  Time   |   Time   | 
     |----------------------+----------------+-----------+-------+---------+----------| 
     | wbm_sel_o_reg[1]     | CK ^           |           |       |  -0.001 |   -0.435 | 
     | wbm_sel_o_reg[1]     | CK ^ -> Q ^    | DFFHQX1   | 0.128 |   0.127 |   -0.307 | 
     | FE_OFC87_wbm_sel_o_1 | A ^ -> Y ^     | CLKBUFX20 | 0.075 |   0.202 |   -0.232 | 
     |                      | wbm_sel_o[1] ^ |           | 0.002 |   0.204 |   -0.230 | 
     +--------------------------------------------------------------------------------+ 
Path 14: MET Early External Delay Assertion 
Endpoint:   pcpi_insn[18]                     (^) checked with  leading edge of 
'clk'
Beginpoint: picorv32_core_pcpi_insn_reg[18]/Q (^) triggered by  leading edge of 
'clk'
Path Groups: {reg2out}
Analysis View: analysis1
Other End Arrival Time          0.000
- External Delay                0.250
+ Phase Shift                   0.000
+ Uncertainty                   0.020
= Required Time                -0.230
  Arrival Time                  0.204
  Slack Time                    0.434
     Clock Rise Edge                 0.000
     + Clock Network Latency (Prop)  -0.005
     = Beginpoint Arrival Time       -0.005
     +--------------------------------------------------------------------------------------------+ 
     |            Instance             |       Arc       |   Cell    | Delay | Arrival | Required | 
     |                                 |                 |           |       |  Time   |   Time   | 
     |---------------------------------+-----------------+-----------+-------+---------+----------| 
     | picorv32_core_pcpi_insn_reg[18] | CK ^            |           |       |  -0.005 |   -0.439 | 
     | picorv32_core_pcpi_insn_reg[18] | CK ^ -> Q ^     | EDFFHQX1  | 0.134 |   0.129 |   -0.305 | 
     | FE_OFC106_pcpi_insn_18          | A ^ -> Y ^      | CLKBUFX20 | 0.073 |   0.202 |   -0.232 | 
     |                                 | pcpi_insn[18] ^ |           | 0.002 |   0.204 |   -0.230 | 
     +--------------------------------------------------------------------------------------------+ 
Path 15: MET Early External Delay Assertion 
Endpoint:   pcpi_insn[9]                     (^) checked with  leading edge of 
'clk'
Beginpoint: picorv32_core_pcpi_insn_reg[9]/Q (^) triggered by  leading edge of 
'clk'
Path Groups: {reg2out}
Analysis View: analysis1
Other End Arrival Time          0.000
- External Delay                0.250
+ Phase Shift                   0.000
+ Uncertainty                   0.020
= Required Time                -0.230
  Arrival Time                  0.204
  Slack Time                    0.434
     Clock Rise Edge                 0.000
     + Clock Network Latency (Prop)  -0.005
     = Beginpoint Arrival Time       -0.005
     +------------------------------------------------------------------------------------------+ 
     |            Instance            |      Arc       |   Cell    | Delay | Arrival | Required | 
     |                                |                |           |       |  Time   |   Time   | 
     |--------------------------------+----------------+-----------+-------+---------+----------| 
     | picorv32_core_pcpi_insn_reg[9] | CK ^           |           |       |  -0.005 |   -0.439 | 
     | picorv32_core_pcpi_insn_reg[9] | CK ^ -> Q ^    | EDFFHQX1  | 0.134 |   0.129 |   -0.305 | 
     | FE_OFC119_pcpi_insn_9          | A ^ -> Y ^     | CLKBUFX20 | 0.073 |   0.202 |   -0.232 | 
     |                                | pcpi_insn[9] ^ |           | 0.002 |   0.204 |   -0.230 | 
     +------------------------------------------------------------------------------------------+ 
Path 16: MET Early External Delay Assertion 
Endpoint:   wbm_adr_o[15]       (^) checked with  leading edge of 'clk'
Beginpoint: wbm_adr_o_reg[15]/Q (^) triggered by  leading edge of 'clk'
Path Groups: {reg2out}
Analysis View: analysis1
Other End Arrival Time          0.000
- External Delay                0.250
+ Phase Shift                   0.000
+ Uncertainty                   0.020
= Required Time                -0.230
  Arrival Time                  0.204
  Slack Time                    0.434
     Clock Rise Edge                 0.000
     + Clock Network Latency (Prop)  -0.005
     = Beginpoint Arrival Time       -0.005
     +----------------------------------------------------------------------------------+ 
     |       Instance        |       Arc       |   Cell    | Delay | Arrival | Required | 
     |                       |                 |           |       |  Time   |   Time   | 
     |-----------------------+-----------------+-----------+-------+---------+----------| 
     | wbm_adr_o_reg[15]     | CK ^            |           |       |  -0.005 |   -0.438 | 
     | wbm_adr_o_reg[15]     | CK ^ -> Q ^     | DFFHQX1   | 0.130 |   0.126 |   -0.308 | 
     | FE_OFC29_wbm_adr_o_15 | A ^ -> Y ^      | CLKBUFX20 | 0.076 |   0.202 |   -0.232 | 
     |                       | wbm_adr_o[15] ^ |           | 0.002 |   0.204 |   -0.230 | 
     +----------------------------------------------------------------------------------+ 
Path 17: MET Early External Delay Assertion 
Endpoint:   pcpi_insn[8]                     (^) checked with  leading edge of 
'clk'
Beginpoint: picorv32_core_pcpi_insn_reg[8]/Q (^) triggered by  leading edge of 
'clk'
Path Groups: {reg2out}
Analysis View: analysis1
Other End Arrival Time          0.000
- External Delay                0.250
+ Phase Shift                   0.000
+ Uncertainty                   0.020
= Required Time                -0.230
  Arrival Time                  0.204
  Slack Time                    0.434
     Clock Rise Edge                 0.000
     + Clock Network Latency (Prop)  -0.005
     = Beginpoint Arrival Time       -0.005
     +------------------------------------------------------------------------------------------+ 
     |            Instance            |      Arc       |   Cell    | Delay | Arrival | Required | 
     |                                |                |           |       |  Time   |   Time   | 
     |--------------------------------+----------------+-----------+-------+---------+----------| 
     | picorv32_core_pcpi_insn_reg[8] | CK ^           |           |       |  -0.005 |   -0.439 | 
     | picorv32_core_pcpi_insn_reg[8] | CK ^ -> Q ^    | EDFFHQX1  | 0.134 |   0.129 |   -0.305 | 
     | FE_OFC120_pcpi_insn_8          | A ^ -> Y ^     | CLKBUFX20 | 0.073 |   0.202 |   -0.232 | 
     |                                | pcpi_insn[8] ^ |           | 0.002 |   0.204 |   -0.230 | 
     +------------------------------------------------------------------------------------------+ 
Path 18: MET Early External Delay Assertion 
Endpoint:   pcpi_insn[11]                     (^) checked with  leading edge of 
'clk'
Beginpoint: picorv32_core_pcpi_insn_reg[11]/Q (^) triggered by  leading edge of 
'clk'
Path Groups: {reg2out}
Analysis View: analysis1
Other End Arrival Time          0.000
- External Delay                0.250
+ Phase Shift                   0.000
+ Uncertainty                   0.020
= Required Time                -0.230
  Arrival Time                  0.204
  Slack Time                    0.434
     Clock Rise Edge                 0.000
     + Clock Network Latency (Prop)  -0.005
     = Beginpoint Arrival Time       -0.005
     +--------------------------------------------------------------------------------------------+ 
     |            Instance             |       Arc       |   Cell    | Delay | Arrival | Required | 
     |                                 |                 |           |       |  Time   |   Time   | 
     |---------------------------------+-----------------+-----------+-------+---------+----------| 
     | picorv32_core_pcpi_insn_reg[11] | CK ^            |           |       |  -0.005 |   -0.439 | 
     | picorv32_core_pcpi_insn_reg[11] | CK ^ -> Q ^     | EDFFHQX1  | 0.134 |   0.129 |   -0.305 | 
     | FE_OFC117_pcpi_insn_11          | A ^ -> Y ^      | CLKBUFX20 | 0.073 |   0.202 |   -0.232 | 
     |                                 | pcpi_insn[11] ^ |           | 0.002 |   0.204 |   -0.230 | 
     +--------------------------------------------------------------------------------------------+ 
Path 19: MET Early External Delay Assertion 
Endpoint:   pcpi_insn[19]                     (^) checked with  leading edge of 
'clk'
Beginpoint: picorv32_core_pcpi_insn_reg[19]/Q (^) triggered by  leading edge of 
'clk'
Path Groups: {reg2out}
Analysis View: analysis1
Other End Arrival Time          0.000
- External Delay                0.250
+ Phase Shift                   0.000
+ Uncertainty                   0.020
= Required Time                -0.230
  Arrival Time                  0.204
  Slack Time                    0.434
     Clock Rise Edge                 0.000
     + Clock Network Latency (Prop)  -0.005
     = Beginpoint Arrival Time       -0.005
     +--------------------------------------------------------------------------------------------+ 
     |            Instance             |       Arc       |   Cell    | Delay | Arrival | Required | 
     |                                 |                 |           |       |  Time   |   Time   | 
     |---------------------------------+-----------------+-----------+-------+---------+----------| 
     | picorv32_core_pcpi_insn_reg[19] | CK ^            |           |       |  -0.005 |   -0.439 | 
     | picorv32_core_pcpi_insn_reg[19] | CK ^ -> Q ^     | EDFFHQX1  | 0.134 |   0.129 |   -0.305 | 
     | FE_OFC105_pcpi_insn_19          | A ^ -> Y ^      | CLKBUFX20 | 0.073 |   0.202 |   -0.232 | 
     |                                 | pcpi_insn[19] ^ |           | 0.002 |   0.204 |   -0.230 | 
     +--------------------------------------------------------------------------------------------+ 
Path 20: MET Early External Delay Assertion 
Endpoint:   pcpi_insn[10]                     (^) checked with  leading edge of 
'clk'
Beginpoint: picorv32_core_pcpi_insn_reg[10]/Q (^) triggered by  leading edge of 
'clk'
Path Groups: {reg2out}
Analysis View: analysis1
Other End Arrival Time          0.000
- External Delay                0.250
+ Phase Shift                   0.000
+ Uncertainty                   0.020
= Required Time                -0.230
  Arrival Time                  0.204
  Slack Time                    0.434
     Clock Rise Edge                 0.000
     + Clock Network Latency (Prop)  -0.005
     = Beginpoint Arrival Time       -0.005
     +--------------------------------------------------------------------------------------------+ 
     |            Instance             |       Arc       |   Cell    | Delay | Arrival | Required | 
     |                                 |                 |           |       |  Time   |   Time   | 
     |---------------------------------+-----------------+-----------+-------+---------+----------| 
     | picorv32_core_pcpi_insn_reg[10] | CK ^            |           |       |  -0.005 |   -0.439 | 
     | picorv32_core_pcpi_insn_reg[10] | CK ^ -> Q ^     | EDFFHQX1  | 0.134 |   0.129 |   -0.305 | 
     | FE_OFC118_pcpi_insn_10          | A ^ -> Y ^      | CLKBUFX20 | 0.073 |   0.202 |   -0.232 | 
     |                                 | pcpi_insn[10] ^ |           | 0.002 |   0.204 |   -0.230 | 
     +--------------------------------------------------------------------------------------------+ 
Path 21: MET Early External Delay Assertion 
Endpoint:   pcpi_insn[20]                     (^) checked with  leading edge of 
'clk'
Beginpoint: picorv32_core_pcpi_insn_reg[20]/Q (^) triggered by  leading edge of 
'clk'
Path Groups: {reg2out}
Analysis View: analysis1
Other End Arrival Time          0.000
- External Delay                0.250
+ Phase Shift                   0.000
+ Uncertainty                   0.020
= Required Time                -0.230
  Arrival Time                  0.204
  Slack Time                    0.434
     Clock Rise Edge                 0.000
     + Clock Network Latency (Prop)  -0.005
     = Beginpoint Arrival Time       -0.005
     +--------------------------------------------------------------------------------------------+ 
     |            Instance             |       Arc       |   Cell    | Delay | Arrival | Required | 
     |                                 |                 |           |       |  Time   |   Time   | 
     |---------------------------------+-----------------+-----------+-------+---------+----------| 
     | picorv32_core_pcpi_insn_reg[20] | CK ^            |           |       |  -0.005 |   -0.439 | 
     | picorv32_core_pcpi_insn_reg[20] | CK ^ -> Q ^     | EDFFHQX1  | 0.134 |   0.129 |   -0.305 | 
     | FE_OFC104_pcpi_insn_20          | A ^ -> Y ^      | CLKBUFX20 | 0.073 |   0.202 |   -0.232 | 
     |                                 | pcpi_insn[20] ^ |           | 0.002 |   0.204 |   -0.230 | 
     +--------------------------------------------------------------------------------------------+ 
Path 22: MET Early External Delay Assertion 
Endpoint:   wbm_dat_o[2]       (^) checked with  leading edge of 'clk'
Beginpoint: wbm_dat_o_reg[2]/Q (^) triggered by  leading edge of 'clk'
Path Groups: {reg2out}
Analysis View: analysis1
Other End Arrival Time          0.000
- External Delay                0.250
+ Phase Shift                   0.000
+ Uncertainty                   0.020
= Required Time                -0.230
  Arrival Time                  0.204
  Slack Time                    0.434
     Clock Rise Edge                 0.000
     + Clock Network Latency (Prop)  -0.006
     = Beginpoint Arrival Time       -0.006
     +--------------------------------------------------------------------------------+ 
     |       Instance       |      Arc       |   Cell    | Delay | Arrival | Required | 
     |                      |                |           |       |  Time   |   Time   | 
     |----------------------+----------------+-----------+-------+---------+----------| 
     | wbm_dat_o_reg[2]     | CK ^           |           |       |  -0.006 |   -0.440 | 
     | wbm_dat_o_reg[2]     | CK ^ -> Q ^    | DFFHQX1   | 0.131 |   0.125 |   -0.309 | 
     | FE_OFC81_wbm_dat_o_2 | A ^ -> Y ^     | CLKBUFX20 | 0.077 |   0.202 |   -0.232 | 
     |                      | wbm_dat_o[2] ^ |           | 0.002 |   0.204 |   -0.230 | 
     +--------------------------------------------------------------------------------+ 
Path 23: MET Early External Delay Assertion 
Endpoint:   eoi[19]                     (^) checked with  leading edge of 'clk'
Beginpoint: picorv32_core_eoi_reg[19]/Q (^) triggered by  leading edge of 'clk'
Path Groups: {reg2out}
Analysis View: analysis1
Other End Arrival Time          0.000
- External Delay                0.250
+ Phase Shift                   0.000
+ Uncertainty                   0.020
= Required Time                -0.230
  Arrival Time                  0.204
  Slack Time                    0.434
     Clock Rise Edge                 0.000
     + Clock Network Latency (Prop)  -0.001
     = Beginpoint Arrival Time       -0.001
     +----------------------------------------------------------------------------------+ 
     |         Instance          |     Arc     |   Cell    | Delay | Arrival | Required | 
     |                           |             |           |       |  Time   |   Time   | 
     |---------------------------+-------------+-----------+-------+---------+----------| 
     | picorv32_core_eoi_reg[19] | CK ^        |           |       |  -0.001 |   -0.436 | 
     | picorv32_core_eoi_reg[19] | CK ^ -> Q ^ | DFFX1     | 0.131 |   0.130 |   -0.305 | 
     | FE_OFC349_eoi_19          | A ^ -> Y ^  | CLKBUFX20 | 0.072 |   0.202 |   -0.233 | 
     |                           | eoi[19] ^   |           | 0.003 |   0.204 |   -0.230 | 
     +----------------------------------------------------------------------------------+ 
Path 24: MET Early External Delay Assertion 
Endpoint:   pcpi_insn[25]                     (^) checked with  leading edge of 
'clk'
Beginpoint: picorv32_core_pcpi_insn_reg[25]/Q (^) triggered by  leading edge of 
'clk'
Path Groups: {reg2out}
Analysis View: analysis1
Other End Arrival Time          0.000
- External Delay                0.250
+ Phase Shift                   0.000
+ Uncertainty                   0.020
= Required Time                -0.230
  Arrival Time                  0.205
  Slack Time                    0.435
     Clock Rise Edge                 0.000
     + Clock Network Latency (Prop)  -0.001
     = Beginpoint Arrival Time       -0.001
     +--------------------------------------------------------------------------------------------+ 
     |            Instance             |       Arc       |   Cell    | Delay | Arrival | Required | 
     |                                 |                 |           |       |  Time   |   Time   | 
     |---------------------------------+-----------------+-----------+-------+---------+----------| 
     | picorv32_core_pcpi_insn_reg[25] | CK ^            |           |       |  -0.001 |   -0.435 | 
     | picorv32_core_pcpi_insn_reg[25] | CK ^ -> Q ^     | EDFFX2    | 0.134 |   0.133 |   -0.301 | 
     | FE_OFC99_pcpi_insn_25           | A ^ -> Y ^      | CLKBUFX20 | 0.069 |   0.203 |   -0.232 | 
     |                                 | pcpi_insn[25] ^ |           | 0.002 |   0.205 |   -0.230 | 
     +--------------------------------------------------------------------------------------------+ 
Path 25: MET Early External Delay Assertion 
Endpoint:   wbm_adr_o[14]       (^) checked with  leading edge of 'clk'
Beginpoint: wbm_adr_o_reg[14]/Q (^) triggered by  leading edge of 'clk'
Path Groups: {reg2out}
Analysis View: analysis1
Other End Arrival Time          0.000
- External Delay                0.250
+ Phase Shift                   0.000
+ Uncertainty                   0.020
= Required Time                -0.230
  Arrival Time                  0.205
  Slack Time                    0.435
     Clock Rise Edge                 0.000
     + Clock Network Latency (Prop)  -0.005
     = Beginpoint Arrival Time       -0.005
     +----------------------------------------------------------------------------------+ 
     |       Instance        |       Arc       |   Cell    | Delay | Arrival | Required | 
     |                       |                 |           |       |  Time   |   Time   | 
     |-----------------------+-----------------+-----------+-------+---------+----------| 
     | wbm_adr_o_reg[14]     | CK ^            |           |       |  -0.005 |   -0.439 | 
     | wbm_adr_o_reg[14]     | CK ^ -> Q ^     | DFFHQX1   | 0.131 |   0.126 |   -0.308 | 
     | FE_OFC30_wbm_adr_o_14 | A ^ -> Y ^      | CLKBUFX20 | 0.077 |   0.203 |   -0.232 | 
     |                       | wbm_adr_o[14] ^ |           | 0.002 |   0.205 |   -0.230 | 
     +----------------------------------------------------------------------------------+ 
Path 26: MET Early External Delay Assertion 
Endpoint:   wbm_dat_o[22]       (^) checked with  leading edge of 'clk'
Beginpoint: wbm_dat_o_reg[22]/Q (^) triggered by  leading edge of 'clk'
Path Groups: {reg2out}
Analysis View: analysis1
Other End Arrival Time          0.000
- External Delay                0.250
+ Phase Shift                   0.000
+ Uncertainty                   0.020
= Required Time                -0.230
  Arrival Time                  0.205
  Slack Time                    0.435
     Clock Rise Edge                 0.000
     + Clock Network Latency (Prop)  -0.005
     = Beginpoint Arrival Time       -0.005
     +----------------------------------------------------------------------------------+ 
     |       Instance        |       Arc       |   Cell    | Delay | Arrival | Required | 
     |                       |                 |           |       |  Time   |   Time   | 
     |-----------------------+-----------------+-----------+-------+---------+----------| 
     | wbm_dat_o_reg[22]     | CK ^            |           |       |  -0.005 |   -0.440 | 
     | wbm_dat_o_reg[22]     | CK ^ -> Q ^     | DFFHQX1   | 0.131 |   0.126 |   -0.309 | 
     | FE_OFC53_wbm_dat_o_22 | A ^ -> Y ^      | CLKBUFX20 | 0.076 |   0.202 |   -0.233 | 
     |                       | wbm_dat_o[22] ^ |           | 0.003 |   0.205 |   -0.230 | 
     +----------------------------------------------------------------------------------+ 
Path 27: MET Early External Delay Assertion 
Endpoint:   wbm_dat_o[27]       (^) checked with  leading edge of 'clk'
Beginpoint: wbm_dat_o_reg[27]/Q (^) triggered by  leading edge of 'clk'
Path Groups: {reg2out}
Analysis View: analysis1
Other End Arrival Time          0.000
- External Delay                0.250
+ Phase Shift                   0.000
+ Uncertainty                   0.020
= Required Time                -0.230
  Arrival Time                  0.205
  Slack Time                    0.435
     Clock Rise Edge                 0.000
     + Clock Network Latency (Prop)  -0.005
     = Beginpoint Arrival Time       -0.005
     +----------------------------------------------------------------------------------+ 
     |       Instance        |       Arc       |   Cell    | Delay | Arrival | Required | 
     |                       |                 |           |       |  Time   |   Time   | 
     |-----------------------+-----------------+-----------+-------+---------+----------| 
     | wbm_dat_o_reg[27]     | CK ^            |           |       |  -0.005 |   -0.441 | 
     | wbm_dat_o_reg[27]     | CK ^ -> Q ^     | DFFHQX1   | 0.132 |   0.126 |   -0.309 | 
     | FE_OFC48_wbm_dat_o_27 | A ^ -> Y ^      | CLKBUFX20 | 0.077 |   0.203 |   -0.232 | 
     |                       | wbm_dat_o[27] ^ |           | 0.002 |   0.205 |   -0.230 | 
     +----------------------------------------------------------------------------------+ 
Path 28: MET Early External Delay Assertion 
Endpoint:   wbm_dat_o[29]       (^) checked with  leading edge of 'clk'
Beginpoint: wbm_dat_o_reg[29]/Q (^) triggered by  leading edge of 'clk'
Path Groups: {reg2out}
Analysis View: analysis1
Other End Arrival Time          0.000
- External Delay                0.250
+ Phase Shift                   0.000
+ Uncertainty                   0.020
= Required Time                -0.230
  Arrival Time                  0.205
  Slack Time                    0.435
     Clock Rise Edge                 0.000
     + Clock Network Latency (Prop)  -0.005
     = Beginpoint Arrival Time       -0.005
     +----------------------------------------------------------------------------------+ 
     |       Instance        |       Arc       |   Cell    | Delay | Arrival | Required | 
     |                       |                 |           |       |  Time   |   Time   | 
     |-----------------------+-----------------+-----------+-------+---------+----------| 
     | wbm_dat_o_reg[29]     | CK ^            |           |       |  -0.005 |   -0.441 | 
     | wbm_dat_o_reg[29]     | CK ^ -> Q ^     | DFFHQX1   | 0.132 |   0.126 |   -0.309 | 
     | FE_OFC46_wbm_dat_o_29 | A ^ -> Y ^      | CLKBUFX20 | 0.077 |   0.203 |   -0.232 | 
     |                       | wbm_dat_o[29] ^ |           | 0.002 |   0.205 |   -0.230 | 
     +----------------------------------------------------------------------------------+ 
Path 29: MET Early External Delay Assertion 
Endpoint:   eoi[18]                     (^) checked with  leading edge of 'clk'
Beginpoint: picorv32_core_eoi_reg[18]/Q (^) triggered by  leading edge of 'clk'
Path Groups: {reg2out}
Analysis View: analysis1
Other End Arrival Time          0.000
- External Delay                0.250
+ Phase Shift                   0.000
+ Uncertainty                   0.020
= Required Time                -0.230
  Arrival Time                  0.205
  Slack Time                    0.435
     Clock Rise Edge                 0.000
     + Clock Network Latency (Prop)  -0.002
     = Beginpoint Arrival Time       -0.002
     +----------------------------------------------------------------------------------+ 
     |         Instance          |     Arc     |   Cell    | Delay | Arrival | Required | 
     |                           |             |           |       |  Time   |   Time   | 
     |---------------------------+-------------+-----------+-------+---------+----------| 
     | picorv32_core_eoi_reg[18] | CK ^        |           |       |  -0.002 |   -0.437 | 
     | picorv32_core_eoi_reg[18] | CK ^ -> Q ^ | DFFX1     | 0.132 |   0.131 |   -0.305 | 
     | FE_OFC350_eoi_18          | A ^ -> Y ^  | CLKBUFX20 | 0.073 |   0.203 |   -0.232 | 
     |                           | eoi[18] ^   |           | 0.002 |   0.205 |   -0.230 | 
     +----------------------------------------------------------------------------------+ 
Path 30: MET Early External Delay Assertion 
Endpoint:   eoi[9]                     (^) checked with  leading edge of 'clk'
Beginpoint: picorv32_core_eoi_reg[9]/Q (^) triggered by  leading edge of 'clk'
Path Groups: {reg2out}
Analysis View: analysis1
Other End Arrival Time          0.000
- External Delay                0.250
+ Phase Shift                   0.000
+ Uncertainty                   0.020
= Required Time                -0.230
  Arrival Time                  0.206
  Slack Time                    0.436
     Clock Rise Edge                 0.000
     + Clock Network Latency (Prop)  -0.001
     = Beginpoint Arrival Time       -0.001
     +---------------------------------------------------------------------------------+ 
     |         Instance         |     Arc     |   Cell    | Delay | Arrival | Required | 
     |                          |             |           |       |  Time   |   Time   | 
     |--------------------------+-------------+-----------+-------+---------+----------| 
     | picorv32_core_eoi_reg[9] | CK ^        |           |       |  -0.001 |   -0.437 | 
     | picorv32_core_eoi_reg[9] | CK ^ -> Q ^ | DFFX1     | 0.132 |   0.131 |   -0.305 | 
     | FE_OFC359_eoi_9          | A ^ -> Y ^  | CLKBUFX20 | 0.072 |   0.203 |   -0.233 | 
     |                          | eoi[9] ^    |           | 0.003 |   0.206 |   -0.230 | 
     +---------------------------------------------------------------------------------+ 
Path 31: MET Early External Delay Assertion 
Endpoint:   eoi[25]                     (^) checked with  leading edge of 'clk'
Beginpoint: picorv32_core_eoi_reg[25]/Q (^) triggered by  leading edge of 'clk'
Path Groups: {reg2out}
Analysis View: analysis1
Other End Arrival Time          0.000
- External Delay                0.250
+ Phase Shift                   0.000
+ Uncertainty                   0.020
= Required Time                -0.230
  Arrival Time                  0.206
  Slack Time                    0.436
     Clock Rise Edge                 0.000
     + Clock Network Latency (Prop)  -0.000
     = Beginpoint Arrival Time       -0.000
     +----------------------------------------------------------------------------------+ 
     |         Instance          |     Arc     |   Cell    | Delay | Arrival | Required | 
     |                           |             |           |       |  Time   |   Time   | 
     |---------------------------+-------------+-----------+-------+---------+----------| 
     | picorv32_core_eoi_reg[25] | CK ^        |           |       |  -0.000 |   -0.436 | 
     | picorv32_core_eoi_reg[25] | CK ^ -> Q ^ | DFFX1     | 0.132 |   0.132 |   -0.304 | 
     | FE_OFC343_eoi_25          | A ^ -> Y ^  | CLKBUFX20 | 0.073 |   0.205 |   -0.231 | 
     |                           | eoi[25] ^   |           | 0.001 |   0.206 |   -0.230 | 
     +----------------------------------------------------------------------------------+ 
Path 32: MET Early External Delay Assertion 
Endpoint:   wbm_we_o       (^) checked with  leading edge of 'clk'
Beginpoint: wbm_we_o_reg/Q (^) triggered by  leading edge of 'clk'
Path Groups: {reg2out}
Analysis View: analysis1
Other End Arrival Time          0.000
- External Delay                0.250
+ Phase Shift                   0.000
+ Uncertainty                   0.020
= Required Time                -0.230
  Arrival Time                  0.206
  Slack Time                    0.436
     Clock Rise Edge                 0.000
     + Clock Network Latency (Prop)  -0.001
     = Beginpoint Arrival Time       -0.001
     +--------------------------------------------------------------------------+ 
     |     Instance      |     Arc     |   Cell    | Delay | Arrival | Required | 
     |                   |             |           |       |  Time   |   Time   | 
     |-------------------+-------------+-----------+-------+---------+----------| 
     | wbm_we_o_reg      | CK ^        |           |       |  -0.001 |   -0.437 | 
     | wbm_we_o_reg      | CK ^ -> Q ^ | DFFHQX1   | 0.130 |   0.129 |   -0.307 | 
     | FE_OFC84_wbm_we_o | A ^ -> Y ^  | CLKBUFX20 | 0.075 |   0.204 |   -0.232 | 
     |                   | wbm_we_o ^  |           | 0.002 |   0.206 |   -0.230 | 
     +--------------------------------------------------------------------------+ 
Path 33: MET Early External Delay Assertion 
Endpoint:   wbm_dat_o[25]       (^) checked with  leading edge of 'clk'
Beginpoint: wbm_dat_o_reg[25]/Q (^) triggered by  leading edge of 'clk'
Path Groups: {reg2out}
Analysis View: analysis1
Other End Arrival Time          0.000
- External Delay                0.250
+ Phase Shift                   0.000
+ Uncertainty                   0.020
= Required Time                -0.230
  Arrival Time                  0.206
  Slack Time                    0.436
     Clock Rise Edge                 0.000
     + Clock Network Latency (Prop)  0.001
     = Beginpoint Arrival Time       0.001
     +----------------------------------------------------------------------------------+ 
     |       Instance        |       Arc       |   Cell    | Delay | Arrival | Required | 
     |                       |                 |           |       |  Time   |   Time   | 
     |-----------------------+-----------------+-----------+-------+---------+----------| 
     | wbm_dat_o_reg[25]     | CK ^            |           |       |   0.001 |   -0.435 | 
     | wbm_dat_o_reg[25]     | CK ^ -> Q ^     | DFFHQX1   | 0.129 |   0.130 |   -0.306 | 
     | FE_OFC50_wbm_dat_o_25 | A ^ -> Y ^      | CLKBUFX20 | 0.076 |   0.205 |   -0.231 | 
     |                       | wbm_dat_o[25] ^ |           | 0.001 |   0.206 |   -0.230 | 
     +----------------------------------------------------------------------------------+ 
Path 34: MET Early External Delay Assertion 
Endpoint:   pcpi_insn[15]                     (^) checked with  leading edge of 
'clk'
Beginpoint: picorv32_core_pcpi_insn_reg[15]/Q (^) triggered by  leading edge of 
'clk'
Path Groups: {reg2out}
Analysis View: analysis1
Other End Arrival Time          0.000
- External Delay                0.250
+ Phase Shift                   0.000
+ Uncertainty                   0.020
= Required Time                -0.230
  Arrival Time                  0.206
  Slack Time                    0.436
     Clock Rise Edge                 0.000
     + Clock Network Latency (Prop)  -0.005
     = Beginpoint Arrival Time       -0.005
     +--------------------------------------------------------------------------------------------+ 
     |            Instance             |       Arc       |   Cell    | Delay | Arrival | Required | 
     |                                 |                 |           |       |  Time   |   Time   | 
     |---------------------------------+-----------------+-----------+-------+---------+----------| 
     | picorv32_core_pcpi_insn_reg[15] | CK ^            |           |       |  -0.005 |   -0.441 | 
     | picorv32_core_pcpi_insn_reg[15] | CK ^ -> Q ^     | EDFFHQX1  | 0.135 |   0.131 |   -0.306 | 
     | FE_OFC109_pcpi_insn_15          | A ^ -> Y ^      | CLKBUFX20 | 0.074 |   0.204 |   -0.232 | 
     |                                 | pcpi_insn[15] ^ |           | 0.002 |   0.206 |   -0.230 | 
     +--------------------------------------------------------------------------------------------+ 
Path 35: MET Early External Delay Assertion 
Endpoint:   wbm_sel_o[3]       (^) checked with  leading edge of 'clk'
Beginpoint: wbm_sel_o_reg[3]/Q (^) triggered by  leading edge of 'clk'
Path Groups: {reg2out}
Analysis View: analysis1
Other End Arrival Time          0.000
- External Delay                0.250
+ Phase Shift                   0.000
+ Uncertainty                   0.020
= Required Time                -0.230
  Arrival Time                  0.206
  Slack Time                    0.436
     Clock Rise Edge                 0.000
     + Clock Network Latency (Prop)  -0.001
     = Beginpoint Arrival Time       -0.001
     +--------------------------------------------------------------------------------+ 
     |       Instance       |      Arc       |   Cell    | Delay | Arrival | Required | 
     |                      |                |           |       |  Time   |   Time   | 
     |----------------------+----------------+-----------+-------+---------+----------| 
     | wbm_sel_o_reg[3]     | CK ^           |           |       |  -0.001 |   -0.437 | 
     | wbm_sel_o_reg[3]     | CK ^ -> Q ^    | DFFHQX1   | 0.130 |   0.129 |   -0.308 | 
     | FE_OFC85_wbm_sel_o_3 | A ^ -> Y ^     | CLKBUFX20 | 0.075 |   0.204 |   -0.232 | 
     |                      | wbm_sel_o[3] ^ |           | 0.002 |   0.206 |   -0.230 | 
     +--------------------------------------------------------------------------------+ 
Path 36: MET Early External Delay Assertion 
Endpoint:   pcpi_insn[22]                     (^) checked with  leading edge of 
'clk'
Beginpoint: picorv32_core_pcpi_insn_reg[22]/Q (^) triggered by  leading edge of 
'clk'
Path Groups: {reg2out}
Analysis View: analysis1
Other End Arrival Time          0.000
- External Delay                0.250
+ Phase Shift                   0.000
+ Uncertainty                   0.020
= Required Time                -0.230
  Arrival Time                  0.206
  Slack Time                    0.436
     Clock Rise Edge                 0.000
     + Clock Network Latency (Prop)  -0.005
     = Beginpoint Arrival Time       -0.005
     +--------------------------------------------------------------------------------------------+ 
     |            Instance             |       Arc       |   Cell    | Delay | Arrival | Required | 
     |                                 |                 |           |       |  Time   |   Time   | 
     |---------------------------------+-----------------+-----------+-------+---------+----------| 
     | picorv32_core_pcpi_insn_reg[22] | CK ^            |           |       |  -0.005 |   -0.441 | 
     | picorv32_core_pcpi_insn_reg[22] | CK ^ -> Q ^     | EDFFHQX1  | 0.135 |   0.131 |   -0.306 | 
     | FE_OFC102_pcpi_insn_22          | A ^ -> Y ^      | CLKBUFX20 | 0.074 |   0.205 |   -0.232 | 
     |                                 | pcpi_insn[22] ^ |           | 0.002 |   0.206 |   -0.230 | 
     +--------------------------------------------------------------------------------------------+ 
Path 37: MET Early External Delay Assertion 
Endpoint:   wbm_dat_o[13]       (^) checked with  leading edge of 'clk'
Beginpoint: wbm_dat_o_reg[13]/Q (^) triggered by  leading edge of 'clk'
Path Groups: {reg2out}
Analysis View: analysis1
Other End Arrival Time          0.000
- External Delay                0.250
+ Phase Shift                   0.000
+ Uncertainty                   0.020
= Required Time                -0.230
  Arrival Time                  0.207
  Slack Time                    0.437
     Clock Rise Edge                 0.000
     + Clock Network Latency (Prop)  0.001
     = Beginpoint Arrival Time       0.001
     +----------------------------------------------------------------------------------+ 
     |       Instance        |       Arc       |   Cell    | Delay | Arrival | Required | 
     |                       |                 |           |       |  Time   |   Time   | 
     |-----------------------+-----------------+-----------+-------+---------+----------| 
     | wbm_dat_o_reg[13]     | CK ^            |           |       |   0.001 |   -0.436 | 
     | wbm_dat_o_reg[13]     | CK ^ -> Q ^     | DFFHQX1   | 0.129 |   0.130 |   -0.307 | 
     | FE_OFC67_wbm_dat_o_13 | A ^ -> Y ^      | CLKBUFX20 | 0.074 |   0.204 |   -0.233 | 
     |                       | wbm_dat_o[13] ^ |           | 0.003 |   0.207 |   -0.230 | 
     +----------------------------------------------------------------------------------+ 
Path 38: MET Early External Delay Assertion 
Endpoint:   eoi[21]                     (^) checked with  leading edge of 'clk'
Beginpoint: picorv32_core_eoi_reg[21]/Q (^) triggered by  leading edge of 'clk'
Path Groups: {reg2out}
Analysis View: analysis1
Other End Arrival Time          0.000
- External Delay                0.250
+ Phase Shift                   0.000
+ Uncertainty                   0.020
= Required Time                -0.230
  Arrival Time                  0.207
  Slack Time                    0.437
     Clock Rise Edge                 0.000
     + Clock Network Latency (Prop)  -0.001
     = Beginpoint Arrival Time       -0.001
     +----------------------------------------------------------------------------------+ 
     |         Instance          |     Arc     |   Cell    | Delay | Arrival | Required | 
     |                           |             |           |       |  Time   |   Time   | 
     |---------------------------+-------------+-----------+-------+---------+----------| 
     | picorv32_core_eoi_reg[21] | CK ^        |           |       |  -0.001 |   -0.438 | 
     | picorv32_core_eoi_reg[21] | CK ^ -> Q ^ | DFFX1     | 0.133 |   0.132 |   -0.305 | 
     | FE_OFC347_eoi_21          | A ^ -> Y ^  | CLKBUFX20 | 0.073 |   0.205 |   -0.232 | 
     |                           | eoi[21] ^   |           | 0.002 |   0.207 |   -0.230 | 
     +----------------------------------------------------------------------------------+ 
Path 39: MET Early External Delay Assertion 
Endpoint:   eoi[0]                     (^) checked with  leading edge of 'clk'
Beginpoint: picorv32_core_eoi_reg[0]/Q (^) triggered by  leading edge of 'clk'
Path Groups: {reg2out}
Analysis View: analysis1
Other End Arrival Time          0.000
- External Delay                0.250
+ Phase Shift                   0.000
+ Uncertainty                   0.020
= Required Time                -0.230
  Arrival Time                  0.207
  Slack Time                    0.437
     Clock Rise Edge                 0.000
     + Clock Network Latency (Prop)  -0.000
     = Beginpoint Arrival Time       -0.000
     +---------------------------------------------------------------------------------+ 
     |         Instance         |     Arc     |   Cell    | Delay | Arrival | Required | 
     |                          |             |           |       |  Time   |   Time   | 
     |--------------------------+-------------+-----------+-------+---------+----------| 
     | picorv32_core_eoi_reg[0] | CK ^        |           |       |  -0.000 |   -0.437 | 
     | picorv32_core_eoi_reg[0] | CK ^ -> Q ^ | DFFX1     | 0.132 |   0.132 |   -0.305 | 
     | FE_OFC368_eoi_0          | A ^ -> Y ^  | CLKBUFX20 | 0.073 |   0.205 |   -0.232 | 
     |                          | eoi[0] ^    |           | 0.002 |   0.207 |   -0.230 | 
     +---------------------------------------------------------------------------------+ 
Path 40: MET Early External Delay Assertion 
Endpoint:   eoi[15]                     (^) checked with  leading edge of 'clk'
Beginpoint: picorv32_core_eoi_reg[15]/Q (^) triggered by  leading edge of 'clk'
Path Groups: {reg2out}
Analysis View: analysis1
Other End Arrival Time          0.000
- External Delay                0.250
+ Phase Shift                   0.000
+ Uncertainty                   0.020
= Required Time                -0.230
  Arrival Time                  0.207
  Slack Time                    0.437
     Clock Rise Edge                 0.000
     + Clock Network Latency (Prop)  -0.001
     = Beginpoint Arrival Time       -0.001
     +----------------------------------------------------------------------------------+ 
     |         Instance          |     Arc     |   Cell    | Delay | Arrival | Required | 
     |                           |             |           |       |  Time   |   Time   | 
     |---------------------------+-------------+-----------+-------+---------+----------| 
     | picorv32_core_eoi_reg[15] | CK ^        |           |       |  -0.001 |   -0.438 | 
     | picorv32_core_eoi_reg[15] | CK ^ -> Q ^ | DFFX1     | 0.133 |   0.131 |   -0.305 | 
     | FE_OFC353_eoi_15          | A ^ -> Y ^  | CLKBUFX20 | 0.073 |   0.205 |   -0.232 | 
     |                           | eoi[15] ^   |           | 0.002 |   0.207 |   -0.230 | 
     +----------------------------------------------------------------------------------+ 
Path 41: MET Early External Delay Assertion 
Endpoint:   eoi[7]                     (^) checked with  leading edge of 'clk'
Beginpoint: picorv32_core_eoi_reg[7]/Q (^) triggered by  leading edge of 'clk'
Path Groups: {reg2out}
Analysis View: analysis1
Other End Arrival Time          0.000
- External Delay                0.250
+ Phase Shift                   0.000
+ Uncertainty                   0.020
= Required Time                -0.230
  Arrival Time                  0.207
  Slack Time                    0.437
     Clock Rise Edge                 0.000
     + Clock Network Latency (Prop)  -0.000
     = Beginpoint Arrival Time       -0.000
     +---------------------------------------------------------------------------------+ 
     |         Instance         |     Arc     |   Cell    | Delay | Arrival | Required | 
     |                          |             |           |       |  Time   |   Time   | 
     |--------------------------+-------------+-----------+-------+---------+----------| 
     | picorv32_core_eoi_reg[7] | CK ^        |           |       |  -0.000 |   -0.437 | 
     | picorv32_core_eoi_reg[7] | CK ^ -> Q ^ | DFFX1     | 0.132 |   0.132 |   -0.304 | 
     | FE_OFC361_eoi_7          | A ^ -> Y ^  | CLKBUFX20 | 0.073 |   0.205 |   -0.232 | 
     |                          | eoi[7] ^    |           | 0.002 |   0.207 |   -0.230 | 
     +---------------------------------------------------------------------------------+ 
Path 42: MET Early External Delay Assertion 
Endpoint:   wbm_sel_o[0]       (^) checked with  leading edge of 'clk'
Beginpoint: wbm_sel_o_reg[0]/Q (^) triggered by  leading edge of 'clk'
Path Groups: {reg2out}
Analysis View: analysis1
Other End Arrival Time          0.000
- External Delay                0.250
+ Phase Shift                   0.000
+ Uncertainty                   0.020
= Required Time                -0.230
  Arrival Time                  0.207
  Slack Time                    0.437
     Clock Rise Edge                 0.000
     + Clock Network Latency (Prop)  -0.001
     = Beginpoint Arrival Time       -0.001
     +--------------------------------------------------------------------------------+ 
     |       Instance       |      Arc       |   Cell    | Delay | Arrival | Required | 
     |                      |                |           |       |  Time   |   Time   | 
     |----------------------+----------------+-----------+-------+---------+----------| 
     | wbm_sel_o_reg[0]     | CK ^           |           |       |  -0.001 |   -0.438 | 
     | wbm_sel_o_reg[0]     | CK ^ -> Q ^    | DFFHQX1   | 0.130 |   0.129 |   -0.308 | 
     | FE_OFC88_wbm_sel_o_0 | A ^ -> Y ^     | CLKBUFX20 | 0.076 |   0.205 |   -0.232 | 
     |                      | wbm_sel_o[0] ^ |           | 0.002 |   0.207 |   -0.230 | 
     +--------------------------------------------------------------------------------+ 
Path 43: MET Early External Delay Assertion 
Endpoint:   wbm_adr_o[17]       (^) checked with  leading edge of 'clk'
Beginpoint: wbm_adr_o_reg[17]/Q (^) triggered by  leading edge of 'clk'
Path Groups: {reg2out}
Analysis View: analysis1
Other End Arrival Time          0.000
- External Delay                0.250
+ Phase Shift                   0.000
+ Uncertainty                   0.020
= Required Time                -0.230
  Arrival Time                  0.207
  Slack Time                    0.437
     Clock Rise Edge                 0.000
     + Clock Network Latency (Prop)  -0.003
     = Beginpoint Arrival Time       -0.003
     +----------------------------------------------------------------------------------+ 
     |       Instance        |       Arc       |   Cell    | Delay | Arrival | Required | 
     |                       |                 |           |       |  Time   |   Time   | 
     |-----------------------+-----------------+-----------+-------+---------+----------| 
     | wbm_adr_o_reg[17]     | CK ^            |           |       |  -0.003 |   -0.441 | 
     | wbm_adr_o_reg[17]     | CK ^ -> Q ^     | DFFHQX1   | 0.132 |   0.129 |   -0.309 | 
     | FE_OFC27_wbm_adr_o_17 | A ^ -> Y ^      | CLKBUFX20 | 0.077 |   0.205 |   -0.232 | 
     |                       | wbm_adr_o[17] ^ |           | 0.002 |   0.207 |   -0.230 | 
     +----------------------------------------------------------------------------------+ 
Path 44: MET Early External Delay Assertion 
Endpoint:   wbm_sel_o[2]       (^) checked with  leading edge of 'clk'
Beginpoint: wbm_sel_o_reg[2]/Q (^) triggered by  leading edge of 'clk'
Path Groups: {reg2out}
Analysis View: analysis1
Other End Arrival Time          0.000
- External Delay                0.250
+ Phase Shift                   0.000
+ Uncertainty                   0.020
= Required Time                -0.230
  Arrival Time                  0.208
  Slack Time                    0.438
     Clock Rise Edge                 0.000
     + Clock Network Latency (Prop)  -0.001
     = Beginpoint Arrival Time       -0.001
     +--------------------------------------------------------------------------------+ 
     |       Instance       |      Arc       |   Cell    | Delay | Arrival | Required | 
     |                      |                |           |       |  Time   |   Time   | 
     |----------------------+----------------+-----------+-------+---------+----------| 
     | wbm_sel_o_reg[2]     | CK ^           |           |       |  -0.001 |   -0.438 | 
     | wbm_sel_o_reg[2]     | CK ^ -> Q ^    | DFFHQX1   | 0.130 |   0.130 |   -0.308 | 
     | FE_OFC86_wbm_sel_o_2 | A ^ -> Y ^     | CLKBUFX20 | 0.076 |   0.206 |   -0.232 | 
     |                      | wbm_sel_o[2] ^ |           | 0.002 |   0.208 |   -0.230 | 
     +--------------------------------------------------------------------------------+ 
Path 45: MET Early External Delay Assertion 
Endpoint:   wbm_dat_o[1]       (^) checked with  leading edge of 'clk'
Beginpoint: wbm_dat_o_reg[1]/Q (^) triggered by  leading edge of 'clk'
Path Groups: {reg2out}
Analysis View: analysis1
Other End Arrival Time          0.000
- External Delay                0.250
+ Phase Shift                   0.000
+ Uncertainty                   0.020
= Required Time                -0.230
  Arrival Time                  0.208
  Slack Time                    0.438
     Clock Rise Edge                 0.000
     + Clock Network Latency (Prop)  -0.006
     = Beginpoint Arrival Time       -0.006
     +--------------------------------------------------------------------------------+ 
     |       Instance       |      Arc       |   Cell    | Delay | Arrival | Required | 
     |                      |                |           |       |  Time   |   Time   | 
     |----------------------+----------------+-----------+-------+---------+----------| 
     | wbm_dat_o_reg[1]     | CK ^           |           |       |  -0.006 |   -0.443 | 
     | wbm_dat_o_reg[1]     | CK ^ -> Q ^    | DFFHQX1   | 0.133 |   0.127 |   -0.310 | 
     | FE_OFC82_wbm_dat_o_1 | A ^ -> Y ^     | CLKBUFX20 | 0.078 |   0.205 |   -0.232 | 
     |                      | wbm_dat_o[1] ^ |           | 0.002 |   0.208 |   -0.230 | 
     +--------------------------------------------------------------------------------+ 
Path 46: MET Early External Delay Assertion 
Endpoint:   pcpi_insn[23]                     (^) checked with  leading edge of 
'clk'
Beginpoint: picorv32_core_pcpi_insn_reg[23]/Q (^) triggered by  leading edge of 
'clk'
Path Groups: {reg2out}
Analysis View: analysis1
Other End Arrival Time          0.000
- External Delay                0.250
+ Phase Shift                   0.000
+ Uncertainty                   0.020
= Required Time                -0.230
  Arrival Time                  0.208
  Slack Time                    0.438
     Clock Rise Edge                 0.000
     + Clock Network Latency (Prop)  -0.005
     = Beginpoint Arrival Time       -0.005
     +--------------------------------------------------------------------------------------------+ 
     |            Instance             |       Arc       |   Cell    | Delay | Arrival | Required | 
     |                                 |                 |           |       |  Time   |   Time   | 
     |---------------------------------+-----------------+-----------+-------+---------+----------| 
     | picorv32_core_pcpi_insn_reg[23] | CK ^            |           |       |  -0.005 |   -0.443 | 
     | picorv32_core_pcpi_insn_reg[23] | CK ^ -> Q ^     | EDFFHQX1  | 0.136 |   0.132 |   -0.306 | 
     | FE_OFC101_pcpi_insn_23          | A ^ -> Y ^      | CLKBUFX20 | 0.074 |   0.206 |   -0.232 | 
     |                                 | pcpi_insn[23] ^ |           | 0.002 |   0.208 |   -0.230 | 
     +--------------------------------------------------------------------------------------------+ 
Path 47: MET Early External Delay Assertion 
Endpoint:   eoi[11]                     (^) checked with  leading edge of 'clk'
Beginpoint: picorv32_core_eoi_reg[11]/Q (^) triggered by  leading edge of 'clk'
Path Groups: {reg2out}
Analysis View: analysis1
Other End Arrival Time          0.000
- External Delay                0.250
+ Phase Shift                   0.000
+ Uncertainty                   0.020
= Required Time                -0.230
  Arrival Time                  0.208
  Slack Time                    0.438
     Clock Rise Edge                 0.000
     + Clock Network Latency (Prop)  -0.001
     = Beginpoint Arrival Time       -0.001
     +----------------------------------------------------------------------------------+ 
     |         Instance          |     Arc     |   Cell    | Delay | Arrival | Required | 
     |                           |             |           |       |  Time   |   Time   | 
     |---------------------------+-------------+-----------+-------+---------+----------| 
     | picorv32_core_eoi_reg[11] | CK ^        |           |       |  -0.001 |   -0.440 | 
     | picorv32_core_eoi_reg[11] | CK ^ -> Q ^ | DFFX1     | 0.134 |   0.132 |   -0.306 | 
     | FE_OFC357_eoi_11          | A ^ -> Y ^  | CLKBUFX20 | 0.074 |   0.206 |   -0.232 | 
     |                           | eoi[11] ^   |           | 0.002 |   0.208 |   -0.230 | 
     +----------------------------------------------------------------------------------+ 
Path 48: MET Early External Delay Assertion 
Endpoint:   eoi[12]                     (^) checked with  leading edge of 'clk'
Beginpoint: picorv32_core_eoi_reg[12]/Q (^) triggered by  leading edge of 'clk'
Path Groups: {reg2out}
Analysis View: analysis1
Other End Arrival Time          0.000
- External Delay                0.250
+ Phase Shift                   0.000
+ Uncertainty                   0.020
= Required Time                -0.230
  Arrival Time                  0.208
  Slack Time                    0.438
     Clock Rise Edge                 0.000
     + Clock Network Latency (Prop)  -0.001
     = Beginpoint Arrival Time       -0.001
     +----------------------------------------------------------------------------------+ 
     |         Instance          |     Arc     |   Cell    | Delay | Arrival | Required | 
     |                           |             |           |       |  Time   |   Time   | 
     |---------------------------+-------------+-----------+-------+---------+----------| 
     | picorv32_core_eoi_reg[12] | CK ^        |           |       |  -0.001 |   -0.440 | 
     | picorv32_core_eoi_reg[12] | CK ^ -> Q ^ | DFFX1     | 0.134 |   0.132 |   -0.306 | 
     | FE_OFC356_eoi_12          | A ^ -> Y ^  | CLKBUFX20 | 0.073 |   0.205 |   -0.233 | 
     |                           | eoi[12] ^   |           | 0.003 |   0.208 |   -0.230 | 
     +----------------------------------------------------------------------------------+ 
Path 49: MET Early External Delay Assertion 
Endpoint:   eoi[28]                     (^) checked with  leading edge of 'clk'
Beginpoint: picorv32_core_eoi_reg[28]/Q (^) triggered by  leading edge of 'clk'
Path Groups: {reg2out}
Analysis View: analysis1
Other End Arrival Time          0.000
- External Delay                0.250
+ Phase Shift                   0.000
+ Uncertainty                   0.020
= Required Time                -0.230
  Arrival Time                  0.208
  Slack Time                    0.438
     Clock Rise Edge                 0.000
     + Clock Network Latency (Prop)  -0.000
     = Beginpoint Arrival Time       -0.000
     +----------------------------------------------------------------------------------+ 
     |         Instance          |     Arc     |   Cell    | Delay | Arrival | Required | 
     |                           |             |           |       |  Time   |   Time   | 
     |---------------------------+-------------+-----------+-------+---------+----------| 
     | picorv32_core_eoi_reg[28] | CK ^        |           |       |  -0.000 |   -0.439 | 
     | picorv32_core_eoi_reg[28] | CK ^ -> Q ^ | DFFX1     | 0.133 |   0.133 |   -0.305 | 
     | FE_OFC340_eoi_28          | A ^ -> Y ^  | CLKBUFX20 | 0.073 |   0.206 |   -0.232 | 
     |                           | eoi[28] ^   |           | 0.002 |   0.208 |   -0.230 | 
     +----------------------------------------------------------------------------------+ 
Path 50: MET Early External Delay Assertion 
Endpoint:   pcpi_insn[21]                     (^) checked with  leading edge of 
'clk'
Beginpoint: picorv32_core_pcpi_insn_reg[21]/Q (^) triggered by  leading edge of 
'clk'
Path Groups: {reg2out}
Analysis View: analysis1
Other End Arrival Time          0.000
- External Delay                0.250
+ Phase Shift                   0.000
+ Uncertainty                   0.020
= Required Time                -0.230
  Arrival Time                  0.208
  Slack Time                    0.438
     Clock Rise Edge                 0.000
     + Clock Network Latency (Prop)  -0.003
     = Beginpoint Arrival Time       -0.003
     +--------------------------------------------------------------------------------------------+ 
     |            Instance             |       Arc       |   Cell    | Delay | Arrival | Required | 
     |                                 |                 |           |       |  Time   |   Time   | 
     |---------------------------------+-----------------+-----------+-------+---------+----------| 
     | picorv32_core_pcpi_insn_reg[21] | CK ^            |           |       |  -0.003 |   -0.442 | 
     | picorv32_core_pcpi_insn_reg[21] | CK ^ -> Q ^     | EDFFHQX1  | 0.136 |   0.133 |   -0.306 | 
     | FE_OFC103_pcpi_insn_21          | A ^ -> Y ^      | CLKBUFX20 | 0.074 |   0.206 |   -0.232 | 
     |                                 | pcpi_insn[21] ^ |           | 0.002 |   0.208 |   -0.230 | 
     +--------------------------------------------------------------------------------------------+ 

