###############################################################
#  Generated by:      Cadence Innovus 21.35-s114_1
#  OS:                Linux x86_64(Host ID cn99.it.auth.gr)
#  Generated on:      Sat Nov 29 12:58:35 2025
#  Design:            picorv32_wb
#  Command:           report_timing -path_group reg2reg -check_type hold -max_paths 50 > reports/postCTS/reg2reg_hold.rpt
###############################################################
Path 1: MET Hold Check with Pin picorv32_core_count_cycle_reg[0]/CK 
Endpoint:   picorv32_core_count_cycle_reg[0]/D (v) checked with  leading edge 
of 'clk'
Beginpoint: picorv32_core_count_cycle_reg[0]/Q (^) triggered by  leading edge 
of 'clk'
Path Groups: {reg2reg}
Analysis View: analysis1
Other End Arrival Time         -0.000
+ Hold                          0.014
+ Phase Shift                   0.000
+ Uncertainty                   0.020
= Required Time                 0.033
  Arrival Time                  0.154
  Slack Time                    0.121
     Clock Rise Edge                 0.000
     + Clock Network Latency (Prop)  -0.000
     = Beginpoint Arrival Time       -0.000
     +---------------------------------------------------------------------------------------+ 
     |             Instance             |     Arc     |  Cell   | Delay | Arrival | Required | 
     |                                  |             |         |       |  Time   |   Time   | 
     |----------------------------------+-------------+---------+-------+---------+----------| 
     | picorv32_core_count_cycle_reg[0] | CK ^        |         |       |  -0.000 |   -0.121 | 
     | picorv32_core_count_cycle_reg[0] | CK ^ -> Q ^ | DFFHQX1 | 0.126 |   0.126 |    0.005 | 
     | picorv32_core_g173085            | B ^ -> Y v  | NOR2X1  | 0.029 |   0.154 |    0.033 | 
     | picorv32_core_count_cycle_reg[0] | D v         | DFFHQX1 | 0.000 |   0.154 |    0.033 | 
     +---------------------------------------------------------------------------------------+ 
Path 2: MET Hold Check with Pin picorv32_core_pcpi_insn_reg[3]/CK 
Endpoint:   picorv32_core_pcpi_insn_reg[3]/D   (v) checked with  leading edge 
of 'clk'
Beginpoint: picorv32_core_mem_rdata_q_reg[3]/Q (v) triggered by  leading edge 
of 'clk'
Path Groups: {reg2reg}
Analysis View: analysis1
Other End Arrival Time         -0.001
+ Hold                         -0.022
+ Phase Shift                   0.000
+ Uncertainty                   0.020
= Required Time                -0.003
  Arrival Time                  0.137
  Slack Time                    0.141
     Clock Rise Edge                 0.000
     + Clock Network Latency (Prop)  -0.002
     = Beginpoint Arrival Time       -0.002
     +----------------------------------------------------------------------------------------+ 
     |             Instance             |     Arc     |   Cell   | Delay | Arrival | Required | 
     |                                  |             |          |       |  Time   |   Time   | 
     |----------------------------------+-------------+----------+-------+---------+----------| 
     | picorv32_core_mem_rdata_q_reg[3] | CK ^        |          |       |  -0.002 |   -0.142 | 
     | picorv32_core_mem_rdata_q_reg[3] | CK ^ -> Q v | EDFFX2   | 0.139 |   0.137 |   -0.003 | 
     | picorv32_core_pcpi_insn_reg[3]   | D v         | EDFFHQX1 | 0.000 |   0.137 |   -0.003 | 
     +----------------------------------------------------------------------------------------+ 
Path 3: MET Hold Check with Pin picorv32_core_genblk1.pcpi_mul_active_reg[1]/CK 
Endpoint:   picorv32_core_genblk1.pcpi_mul_active_reg[1]/D  (v) checked with  
leading edge of 'clk'
Beginpoint: picorv32_core_genblk1.pcpi_mul_active_reg[0]/QN (^) triggered by  
leading edge of 'clk'
Path Groups: {reg2reg}
Analysis View: analysis1
Other End Arrival Time          0.000
+ Hold                          0.012
+ Phase Shift                   0.000
+ Uncertainty                   0.020
= Required Time                 0.032
  Arrival Time                  0.174
  Slack Time                    0.142
     Clock Rise Edge                 0.000
     + Clock Network Latency (Prop)  0.000
     = Beginpoint Arrival Time       0.000
     +---------------------------------------------------------------------------------------------------+ 
     |                   Instance                   |     Arc      |  Cell  | Delay | Arrival | Required | 
     |                                              |              |        |       |  Time   |   Time   | 
     |----------------------------------------------+--------------+--------+-------+---------+----------| 
     | picorv32_core_genblk1.pcpi_mul_active_reg[0] | CK ^         |        |       |   0.000 |   -0.141 | 
     | picorv32_core_genblk1.pcpi_mul_active_reg[0] | CK ^ -> QN ^ | DFFX1  | 0.152 |   0.152 |    0.011 | 
     | picorv32_core_g173192                        | B ^ -> Y v   | NOR2X1 | 0.021 |   0.174 |    0.032 | 
     | picorv32_core_genblk1.pcpi_mul_active_reg[1] | D v          | DFFX1  | 0.000 |   0.174 |    0.032 | 
     +---------------------------------------------------------------------------------------------------+ 
Path 4: MET Hold Check with Pin picorv32_core_pcpi_insn_reg[0]/CK 
Endpoint:   picorv32_core_pcpi_insn_reg[0]/D   (v) checked with  leading edge 
of 'clk'
Beginpoint: picorv32_core_mem_rdata_q_reg[0]/Q (v) triggered by  leading edge 
of 'clk'
Path Groups: {reg2reg}
Analysis View: analysis1
Other End Arrival Time         -0.001
+ Hold                         -0.024
+ Phase Shift                   0.000
+ Uncertainty                   0.020
= Required Time                -0.005
  Arrival Time                  0.138
  Slack Time                    0.143
     Clock Rise Edge                 0.000
     + Clock Network Latency (Prop)  -0.001
     = Beginpoint Arrival Time       -0.001
     +----------------------------------------------------------------------------------------+ 
     |             Instance             |     Arc     |   Cell   | Delay | Arrival | Required | 
     |                                  |             |          |       |  Time   |   Time   | 
     |----------------------------------+-------------+----------+-------+---------+----------| 
     | picorv32_core_mem_rdata_q_reg[0] | CK ^        |          |       |  -0.001 |   -0.144 | 
     | picorv32_core_mem_rdata_q_reg[0] | CK ^ -> Q v | EDFFHQX1 | 0.139 |   0.138 |   -0.005 | 
     | picorv32_core_pcpi_insn_reg[0]   | D v         | EDFFHQX1 | 0.000 |   0.138 |   -0.005 | 
     +----------------------------------------------------------------------------------------+ 
Path 5: MET Hold Check with Pin picorv32_core_pcpi_insn_reg[15]/CK 
Endpoint:   picorv32_core_pcpi_insn_reg[15]/D   (v) checked with  leading edge 
of 'clk'
Beginpoint: picorv32_core_mem_rdata_q_reg[15]/Q (v) triggered by  leading edge 
of 'clk'
Path Groups: {reg2reg}
Analysis View: analysis1
Other End Arrival Time         -0.005
+ Hold                         -0.024
+ Phase Shift                   0.000
+ Uncertainty                   0.020
= Required Time                -0.009
  Arrival Time                  0.136
  Slack Time                    0.144
     Clock Rise Edge                 0.000
     + Clock Network Latency (Prop)  -0.005
     = Beginpoint Arrival Time       -0.005
     +-----------------------------------------------------------------------------------------+ 
     |             Instance              |     Arc     |   Cell   | Delay | Arrival | Required | 
     |                                   |             |          |       |  Time   |   Time   | 
     |-----------------------------------+-------------+----------+-------+---------+----------| 
     | picorv32_core_mem_rdata_q_reg[15] | CK ^        |          |       |  -0.005 |   -0.149 | 
     | picorv32_core_mem_rdata_q_reg[15] | CK ^ -> Q v | EDFFX2   | 0.140 |   0.136 |   -0.009 | 
     | picorv32_core_pcpi_insn_reg[15]   | D v         | EDFFHQX1 | 0.000 |   0.136 |   -0.009 | 
     +-----------------------------------------------------------------------------------------+ 
Path 6: MET Hold Check with Pin picorv32_core_pcpi_insn_reg[1]/CK 
Endpoint:   picorv32_core_pcpi_insn_reg[1]/D   (v) checked with  leading edge 
of 'clk'
Beginpoint: picorv32_core_mem_rdata_q_reg[1]/Q (v) triggered by  leading edge 
of 'clk'
Path Groups: {reg2reg}
Analysis View: analysis1
Other End Arrival Time         -0.001
+ Hold                         -0.025
+ Phase Shift                   0.000
+ Uncertainty                   0.020
= Required Time                -0.006
  Arrival Time                  0.140
  Slack Time                    0.145
     Clock Rise Edge                 0.000
     + Clock Network Latency (Prop)  -0.001
     = Beginpoint Arrival Time       -0.001
     +----------------------------------------------------------------------------------------+ 
     |             Instance             |     Arc     |   Cell   | Delay | Arrival | Required | 
     |                                  |             |          |       |  Time   |   Time   | 
     |----------------------------------+-------------+----------+-------+---------+----------| 
     | picorv32_core_mem_rdata_q_reg[1] | CK ^        |          |       |  -0.001 |   -0.146 | 
     | picorv32_core_mem_rdata_q_reg[1] | CK ^ -> Q v | EDFFHQX1 | 0.141 |   0.140 |   -0.006 | 
     | picorv32_core_pcpi_insn_reg[1]   | D v         | EDFFHQX1 | 0.000 |   0.140 |   -0.006 | 
     +----------------------------------------------------------------------------------------+ 
Path 7: MET Hold Check with Pin picorv32_core_mem_addr_reg[23]/CK 
Endpoint:   picorv32_core_mem_addr_reg[23]/D (v) checked with  leading edge of 
'clk'
Beginpoint: picorv32_core_mem_addr_reg[23]/Q (v) triggered by  leading edge of 
'clk'
Path Groups: {reg2reg}
Analysis View: analysis1
Other End Arrival Time         -0.001
+ Hold                          0.011
+ Phase Shift                   0.000
+ Uncertainty                   0.020
= Required Time                 0.030
  Arrival Time                  0.182
  Slack Time                    0.151
     Clock Rise Edge                 0.000
     + Clock Network Latency (Prop)  -0.001
     = Beginpoint Arrival Time       -0.001
     +----------------------------------------------------------------------------------------+ 
     |            Instance            |     Arc      |   Cell    | Delay | Arrival | Required | 
     |                                |              |           |       |  Time   |   Time   | 
     |--------------------------------+--------------+-----------+-------+---------+----------| 
     | picorv32_core_mem_addr_reg[23] | CK ^         |           |       |  -0.001 |   -0.152 | 
     | picorv32_core_mem_addr_reg[23] | CK ^ -> Q v  | DFFHQX1   | 0.129 |   0.128 |   -0.023 | 
     | picorv32_core_g170116          | A0N v -> Y v | OAI2BB1X1 | 0.053 |   0.182 |    0.030 | 
     | picorv32_core_mem_addr_reg[23] | D v          | DFFHQX1   | 0.000 |   0.182 |    0.030 | 
     +----------------------------------------------------------------------------------------+ 
Path 8: MET Hold Check with Pin picorv32_core_pcpi_timeout_counter_reg[3]/CK 
Endpoint:   picorv32_core_pcpi_timeout_counter_reg[3]/D (v) checked with  
leading edge of 'clk'
Beginpoint: picorv32_core_pcpi_timeout_counter_reg[3]/Q (v) triggered by  
leading edge of 'clk'
Path Groups: {reg2reg}
Analysis View: analysis1
Other End Arrival Time         -0.001
+ Hold                          0.011
+ Phase Shift                   0.000
+ Uncertainty                   0.020
= Required Time                 0.030
  Arrival Time                  0.182
  Slack Time                    0.152
     Clock Rise Edge                 0.000
     + Clock Network Latency (Prop)  -0.001
     = Beginpoint Arrival Time       -0.001
     +---------------------------------------------------------------------------------------------------+ 
     |                 Instance                  |     Arc      |   Cell    | Delay | Arrival | Required | 
     |                                           |              |           |       |  Time   |   Time   | 
     |-------------------------------------------+--------------+-----------+-------+---------+----------| 
     | picorv32_core_pcpi_timeout_counter_reg[3] | CK ^         |           |       |  -0.001 |   -0.153 | 
     | picorv32_core_pcpi_timeout_counter_reg[3] | CK ^ -> Q v  | DFFHQX1   | 0.129 |   0.128 |   -0.024 | 
     | picorv32_core_g172272                     | A0N v -> Y v | OAI2BB1X1 | 0.054 |   0.182 |    0.030 | 
     | picorv32_core_pcpi_timeout_counter_reg[3] | D v          | DFFHQX1   | 0.000 |   0.182 |    0.030 | 
     +---------------------------------------------------------------------------------------------------+ 
Path 9: MET Hold Check with Pin picorv32_core_mem_addr_reg[18]/CK 
Endpoint:   picorv32_core_mem_addr_reg[18]/D (v) checked with  leading edge of 
'clk'
Beginpoint: picorv32_core_mem_addr_reg[18]/Q (v) triggered by  leading edge of 
'clk'
Path Groups: {reg2reg}
Analysis View: analysis1
Other End Arrival Time         -0.005
+ Hold                          0.010
+ Phase Shift                   0.000
+ Uncertainty                   0.020
= Required Time                 0.025
  Arrival Time                  0.178
  Slack Time                    0.152
     Clock Rise Edge                 0.000
     + Clock Network Latency (Prop)  -0.005
     = Beginpoint Arrival Time       -0.005
     +----------------------------------------------------------------------------------------+ 
     |            Instance            |     Arc      |   Cell    | Delay | Arrival | Required | 
     |                                |              |           |       |  Time   |   Time   | 
     |--------------------------------+--------------+-----------+-------+---------+----------| 
     | picorv32_core_mem_addr_reg[18] | CK ^         |           |       |  -0.005 |   -0.157 | 
     | picorv32_core_mem_addr_reg[18] | CK ^ -> Q v  | DFFHQX1   | 0.129 |   0.124 |   -0.028 | 
     | picorv32_core_g170111          | A0N v -> Y v | OAI2BB1X1 | 0.054 |   0.178 |    0.025 | 
     | picorv32_core_mem_addr_reg[18] | D v          | DFFHQX1   | 0.000 |   0.178 |    0.025 | 
     +----------------------------------------------------------------------------------------+ 
Path 10: MET Hold Check with Pin picorv32_core_mem_addr_reg[13]/CK 
Endpoint:   picorv32_core_mem_addr_reg[13]/D (v) checked with  leading edge of 
'clk'
Beginpoint: picorv32_core_mem_addr_reg[13]/Q (v) triggered by  leading edge of 
'clk'
Path Groups: {reg2reg}
Analysis View: analysis1
Other End Arrival Time         -0.005
+ Hold                          0.010
+ Phase Shift                   0.000
+ Uncertainty                   0.020
= Required Time                 0.025
  Arrival Time                  0.178
  Slack Time                    0.153
     Clock Rise Edge                 0.000
     + Clock Network Latency (Prop)  -0.005
     = Beginpoint Arrival Time       -0.005
     +----------------------------------------------------------------------------------------+ 
     |            Instance            |     Arc      |   Cell    | Delay | Arrival | Required | 
     |                                |              |           |       |  Time   |   Time   | 
     |--------------------------------+--------------+-----------+-------+---------+----------| 
     | picorv32_core_mem_addr_reg[13] | CK ^         |           |       |  -0.005 |   -0.158 | 
     | picorv32_core_mem_addr_reg[13] | CK ^ -> Q v  | DFFHQX1   | 0.128 |   0.123 |   -0.030 | 
     | picorv32_core_g170106          | A0N v -> Y v | OAI2BB1X1 | 0.055 |   0.178 |    0.025 | 
     | picorv32_core_mem_addr_reg[13] | D v          | DFFHQX1   | 0.000 |   0.178 |    0.025 | 
     +----------------------------------------------------------------------------------------+ 
Path 11: MET Hold Check with Pin picorv32_core_mem_rdata_q_reg[27]/CK 
Endpoint:   picorv32_core_mem_rdata_q_reg[27]/D (v) checked with  leading edge 
of 'clk'
Beginpoint: mem_rdata_reg[27]/Q                 (v) triggered by  leading edge 
of 'clk'
Path Groups: {reg2reg}
Analysis View: analysis1
Other End Arrival Time         -0.002
+ Hold                         -0.027
+ Phase Shift                   0.000
+ Uncertainty                   0.020
= Required Time                -0.008
  Arrival Time                  0.146
  Slack Time                    0.154
     Clock Rise Edge                 0.000
     + Clock Network Latency (Prop)  -0.002
     = Beginpoint Arrival Time       -0.002
     +-----------------------------------------------------------------------------------------+ 
     |             Instance              |     Arc     |   Cell   | Delay | Arrival | Required | 
     |                                   |             |          |       |  Time   |   Time   | 
     |-----------------------------------+-------------+----------+-------+---------+----------| 
     | mem_rdata_reg[27]                 | CK ^        |          |       |  -0.002 |   -0.156 | 
     | mem_rdata_reg[27]                 | CK ^ -> Q v | EDFFX2   | 0.147 |   0.146 |   -0.008 | 
     | picorv32_core_mem_rdata_q_reg[27] | D v         | EDFFHQX1 | 0.000 |   0.146 |   -0.008 | 
     +-----------------------------------------------------------------------------------------+ 
Path 12: MET Hold Check with Pin picorv32_core_decoded_rd_reg[0]/CK 
Endpoint:   picorv32_core_decoded_rd_reg[0]/D (v) checked with  leading edge of 
'clk'
Beginpoint: picorv32_core_decoded_rd_reg[0]/Q (v) triggered by  leading edge of 
'clk'
Path Groups: {reg2reg}
Analysis View: analysis1
Other End Arrival Time         -0.004
+ Hold                          0.010
+ Phase Shift                   0.000
+ Uncertainty                   0.020
= Required Time                 0.026
  Arrival Time                  0.180
  Slack Time                    0.154
     Clock Rise Edge                 0.000
     + Clock Network Latency (Prop)  -0.004
     = Beginpoint Arrival Time       -0.004
     +-----------------------------------------------------------------------------------------+ 
     |            Instance             |     Arc      |   Cell    | Delay | Arrival | Required | 
     |                                 |              |           |       |  Time   |   Time   | 
     |---------------------------------+--------------+-----------+-------+---------+----------| 
     | picorv32_core_decoded_rd_reg[0] | CK ^         |           |       |  -0.004 |   -0.158 | 
     | picorv32_core_decoded_rd_reg[0] | CK ^ -> Q v  | DFFHQX1   | 0.128 |   0.124 |   -0.030 | 
     | picorv32_core_g171244           | A0N v -> Y v | OAI2BB1X1 | 0.055 |   0.180 |    0.026 | 
     | picorv32_core_decoded_rd_reg[0] | D v          | DFFHQX1   | 0.000 |   0.180 |    0.026 | 
     +-----------------------------------------------------------------------------------------+ 
Path 13: MET Hold Check with Pin picorv32_core_mem_addr_reg[2]/CK 
Endpoint:   picorv32_core_mem_addr_reg[2]/D (v) checked with  leading edge of 
'clk'
Beginpoint: picorv32_core_mem_addr_reg[2]/Q (v) triggered by  leading edge of 
'clk'
Path Groups: {reg2reg}
Analysis View: analysis1
Other End Arrival Time         -0.001
+ Hold                          0.010
+ Phase Shift                   0.000
+ Uncertainty                   0.020
= Required Time                 0.030
  Arrival Time                  0.184
  Slack Time                    0.154
     Clock Rise Edge                 0.000
     + Clock Network Latency (Prop)  -0.001
     = Beginpoint Arrival Time       -0.001
     +---------------------------------------------------------------------------------------+ 
     |           Instance            |     Arc      |   Cell    | Delay | Arrival | Required | 
     |                               |              |           |       |  Time   |   Time   | 
     |-------------------------------+--------------+-----------+-------+---------+----------| 
     | picorv32_core_mem_addr_reg[2] | CK ^         |           |       |  -0.001 |   -0.155 | 
     | picorv32_core_mem_addr_reg[2] | CK ^ -> Q v  | DFFHQX1   | 0.130 |   0.129 |   -0.025 | 
     | picorv32_core_g170095         | A0N v -> Y v | OAI2BB1X1 | 0.055 |   0.184 |    0.030 | 
     | picorv32_core_mem_addr_reg[2] | D v          | DFFHQX1   | 0.000 |   0.184 |    0.030 | 
     +---------------------------------------------------------------------------------------+ 
Path 14: MET Hold Check with Pin picorv32_core_mem_rdata_q_reg[29]/CK 
Endpoint:   picorv32_core_mem_rdata_q_reg[29]/D (v) checked with  leading edge 
of 'clk'
Beginpoint: mem_rdata_reg[29]/Q                 (v) triggered by  leading edge 
of 'clk'
Path Groups: {reg2reg}
Analysis View: analysis1
Other End Arrival Time         -0.002
+ Hold                         -0.027
+ Phase Shift                   0.000
+ Uncertainty                   0.020
= Required Time                -0.008
  Arrival Time                  0.146
  Slack Time                    0.154
     Clock Rise Edge                 0.000
     + Clock Network Latency (Prop)  -0.002
     = Beginpoint Arrival Time       -0.002
     +-----------------------------------------------------------------------------------------+ 
     |             Instance              |     Arc     |   Cell   | Delay | Arrival | Required | 
     |                                   |             |          |       |  Time   |   Time   | 
     |-----------------------------------+-------------+----------+-------+---------+----------| 
     | mem_rdata_reg[29]                 | CK ^        |          |       |  -0.002 |   -0.156 | 
     | mem_rdata_reg[29]                 | CK ^ -> Q v | EDFFX2   | 0.148 |   0.146 |   -0.008 | 
     | picorv32_core_mem_rdata_q_reg[29] | D v         | EDFFHQX1 | 0.000 |   0.146 |   -0.008 | 
     +-----------------------------------------------------------------------------------------+ 
Path 15: MET Hold Check with Pin picorv32_core_mem_addr_reg[16]/CK 
Endpoint:   picorv32_core_mem_addr_reg[16]/D (v) checked with  leading edge of 
'clk'
Beginpoint: picorv32_core_mem_addr_reg[16]/Q (v) triggered by  leading edge of 
'clk'
Path Groups: {reg2reg}
Analysis View: analysis1
Other End Arrival Time         -0.005
+ Hold                          0.010
+ Phase Shift                   0.000
+ Uncertainty                   0.020
= Required Time                 0.025
  Arrival Time                  0.180
  Slack Time                    0.155
     Clock Rise Edge                 0.000
     + Clock Network Latency (Prop)  -0.005
     = Beginpoint Arrival Time       -0.005
     +----------------------------------------------------------------------------------------+ 
     |            Instance            |     Arc      |   Cell    | Delay | Arrival | Required | 
     |                                |              |           |       |  Time   |   Time   | 
     |--------------------------------+--------------+-----------+-------+---------+----------| 
     | picorv32_core_mem_addr_reg[16] | CK ^         |           |       |  -0.005 |   -0.160 | 
     | picorv32_core_mem_addr_reg[16] | CK ^ -> Q v  | DFFHQX1   | 0.129 |   0.124 |   -0.031 | 
     | picorv32_core_g170109          | A0N v -> Y v | OAI2BB1X1 | 0.056 |   0.180 |    0.025 | 
     | picorv32_core_mem_addr_reg[16] | D v          | DFFHQX1   | 0.000 |   0.180 |    0.025 | 
     +----------------------------------------------------------------------------------------+ 
Path 16: MET Hold Check with Pin picorv32_core_trap_reg/CK 
Endpoint:   picorv32_core_trap_reg/D         (v) checked with  leading edge of 
'clk'
Beginpoint: picorv32_core_cpu_state_reg[7]/Q (v) triggered by  leading edge of 
'clk'
Path Groups: {reg2reg}
Analysis View: analysis1
Other End Arrival Time         -0.001
+ Hold                          0.015
+ Phase Shift                   0.000
+ Uncertainty                   0.020
= Required Time                 0.034
  Arrival Time                  0.190
  Slack Time                    0.156
     Clock Rise Edge                 0.000
     + Clock Network Latency (Prop)  -0.001
     = Beginpoint Arrival Time       -0.001
     +-------------------------------------------------------------------------------------+ 
     |            Instance            |     Arc     |  Cell   | Delay | Arrival | Required | 
     |                                |             |         |       |  Time   |   Time   | 
     |--------------------------------+-------------+---------+-------+---------+----------| 
     | picorv32_core_cpu_state_reg[7] | CK ^        |         |       |  -0.001 |   -0.157 | 
     | picorv32_core_cpu_state_reg[7] | CK ^ -> Q v | DFFX1   | 0.144 |   0.144 |   -0.013 | 
     | picorv32_core_g80009__9315     | A v -> Y v  | AND2X1  | 0.047 |   0.190 |    0.034 | 
     | picorv32_core_trap_reg         | D v         | DFFHQX1 | 0.000 |   0.190 |    0.034 | 
     +-------------------------------------------------------------------------------------+ 
Path 17: MET Hold Check with Pin picorv32_core_pcpi_insn_reg[14]/CK 
Endpoint:   picorv32_core_pcpi_insn_reg[14]/D   (v) checked with  leading edge 
of 'clk'
Beginpoint: picorv32_core_mem_rdata_q_reg[14]/Q (v) triggered by  leading edge 
of 'clk'
Path Groups: {reg2reg}
Analysis View: analysis1
Other End Arrival Time         -0.001
+ Hold                         -0.028
+ Phase Shift                   0.000
+ Uncertainty                   0.020
= Required Time                -0.009
  Arrival Time                  0.147
  Slack Time                    0.156
     Clock Rise Edge                 0.000
     + Clock Network Latency (Prop)  -0.002
     = Beginpoint Arrival Time       -0.002
     +-----------------------------------------------------------------------------------------+ 
     |             Instance              |     Arc     |   Cell   | Delay | Arrival | Required | 
     |                                   |             |          |       |  Time   |   Time   | 
     |-----------------------------------+-------------+----------+-------+---------+----------| 
     | picorv32_core_mem_rdata_q_reg[14] | CK ^        |          |       |  -0.002 |   -0.158 | 
     | picorv32_core_mem_rdata_q_reg[14] | CK ^ -> Q v | EDFFX2   | 0.149 |   0.147 |   -0.009 | 
     | picorv32_core_pcpi_insn_reg[14]   | D v         | EDFFHQX1 | 0.000 |   0.147 |   -0.009 | 
     +-----------------------------------------------------------------------------------------+ 
Path 18: MET Hold Check with Pin picorv32_core_mem_addr_reg[30]/CK 
Endpoint:   picorv32_core_mem_addr_reg[30]/D (v) checked with  leading edge of 
'clk'
Beginpoint: picorv32_core_mem_addr_reg[30]/Q (v) triggered by  leading edge of 
'clk'
Path Groups: {reg2reg}
Analysis View: analysis1
Other End Arrival Time         -0.000
+ Hold                          0.009
+ Phase Shift                   0.000
+ Uncertainty                   0.020
= Required Time                 0.029
  Arrival Time                  0.186
  Slack Time                    0.157
     Clock Rise Edge                 0.000
     + Clock Network Latency (Prop)  -0.000
     = Beginpoint Arrival Time       -0.000
     +----------------------------------------------------------------------------------------+ 
     |            Instance            |     Arc      |   Cell    | Delay | Arrival | Required | 
     |                                |              |           |       |  Time   |   Time   | 
     |--------------------------------+--------------+-----------+-------+---------+----------| 
     | picorv32_core_mem_addr_reg[30] | CK ^         |           |       |  -0.000 |   -0.157 | 
     | picorv32_core_mem_addr_reg[30] | CK ^ -> Q v  | DFFHQX1   | 0.129 |   0.129 |   -0.028 | 
     | picorv32_core_g170123          | A0N v -> Y v | OAI2BB1X1 | 0.057 |   0.186 |    0.029 | 
     | picorv32_core_mem_addr_reg[30] | D v          | DFFHQX1   | 0.000 |   0.186 |    0.029 | 
     +----------------------------------------------------------------------------------------+ 
Path 19: MET Hold Check with Pin picorv32_core_mem_addr_reg[15]/CK 
Endpoint:   picorv32_core_mem_addr_reg[15]/D (v) checked with  leading edge of 
'clk'
Beginpoint: picorv32_core_mem_addr_reg[15]/Q (v) triggered by  leading edge of 
'clk'
Path Groups: {reg2reg}
Analysis View: analysis1
Other End Arrival Time         -0.005
+ Hold                          0.009
+ Phase Shift                   0.000
+ Uncertainty                   0.020
= Required Time                 0.025
  Arrival Time                  0.181
  Slack Time                    0.157
     Clock Rise Edge                 0.000
     + Clock Network Latency (Prop)  -0.005
     = Beginpoint Arrival Time       -0.005
     +----------------------------------------------------------------------------------------+ 
     |            Instance            |     Arc      |   Cell    | Delay | Arrival | Required | 
     |                                |              |           |       |  Time   |   Time   | 
     |--------------------------------+--------------+-----------+-------+---------+----------| 
     | picorv32_core_mem_addr_reg[15] | CK ^         |           |       |  -0.005 |   -0.162 | 
     | picorv32_core_mem_addr_reg[15] | CK ^ -> Q v  | DFFHQX1   | 0.130 |   0.125 |   -0.032 | 
     | picorv32_core_g170108          | A0N v -> Y v | OAI2BB1X1 | 0.057 |   0.181 |    0.025 | 
     | picorv32_core_mem_addr_reg[15] | D v          | DFFHQX1   | 0.000 |   0.181 |    0.025 | 
     +----------------------------------------------------------------------------------------+ 
Path 20: MET Hold Check with Pin picorv32_core_mem_addr_reg[19]/CK 
Endpoint:   picorv32_core_mem_addr_reg[19]/D (v) checked with  leading edge of 
'clk'
Beginpoint: picorv32_core_mem_addr_reg[19]/Q (v) triggered by  leading edge of 
'clk'
Path Groups: {reg2reg}
Analysis View: analysis1
Other End Arrival Time         -0.003
+ Hold                          0.010
+ Phase Shift                   0.000
+ Uncertainty                   0.020
= Required Time                 0.027
  Arrival Time                  0.184
  Slack Time                    0.157
     Clock Rise Edge                 0.000
     + Clock Network Latency (Prop)  -0.003
     = Beginpoint Arrival Time       -0.003
     +----------------------------------------------------------------------------------------+ 
     |            Instance            |     Arc      |   Cell    | Delay | Arrival | Required | 
     |                                |              |           |       |  Time   |   Time   | 
     |--------------------------------+--------------+-----------+-------+---------+----------| 
     | picorv32_core_mem_addr_reg[19] | CK ^         |           |       |  -0.003 |   -0.161 | 
     | picorv32_core_mem_addr_reg[19] | CK ^ -> Q v  | DFFHQX1   | 0.131 |   0.127 |   -0.030 | 
     | picorv32_core_g170112          | A0N v -> Y v | OAI2BB1X1 | 0.057 |   0.184 |    0.027 | 
     | picorv32_core_mem_addr_reg[19] | D v          | DFFHQX1   | 0.000 |   0.184 |    0.027 | 
     +----------------------------------------------------------------------------------------+ 
Path 21: MET Hold Check with Pin picorv32_core_mem_rdata_q_reg[31]/CK 
Endpoint:   picorv32_core_mem_rdata_q_reg[31]/D (v) checked with  leading edge 
of 'clk'
Beginpoint: mem_rdata_reg[31]/Q                 (v) triggered by  leading edge 
of 'clk'
Path Groups: {reg2reg}
Analysis View: analysis1
Other End Arrival Time         -0.002
+ Hold                         -0.028
+ Phase Shift                   0.000
+ Uncertainty                   0.020
= Required Time                -0.010
  Arrival Time                  0.147
  Slack Time                    0.157
     Clock Rise Edge                 0.000
     + Clock Network Latency (Prop)  -0.002
     = Beginpoint Arrival Time       -0.002
     +-----------------------------------------------------------------------------------------+ 
     |             Instance              |     Arc     |   Cell   | Delay | Arrival | Required | 
     |                                   |             |          |       |  Time   |   Time   | 
     |-----------------------------------+-------------+----------+-------+---------+----------| 
     | mem_rdata_reg[31]                 | CK ^        |          |       |  -0.002 |   -0.159 | 
     | mem_rdata_reg[31]                 | CK ^ -> Q v | EDFFX2   | 0.149 |   0.147 |   -0.010 | 
     | picorv32_core_mem_rdata_q_reg[31] | D v         | EDFFHQX1 | 0.000 |   0.147 |   -0.010 | 
     +-----------------------------------------------------------------------------------------+ 
Path 22: MET Hold Check with Pin picorv32_core_mem_addr_reg[4]/CK 
Endpoint:   picorv32_core_mem_addr_reg[4]/D (v) checked with  leading edge of 
'clk'
Beginpoint: picorv32_core_mem_addr_reg[4]/Q (v) triggered by  leading edge of 
'clk'
Path Groups: {reg2reg}
Analysis View: analysis1
Other End Arrival Time         -0.001
+ Hold                          0.009
+ Phase Shift                   0.000
+ Uncertainty                   0.020
= Required Time                 0.028
  Arrival Time                  0.186
  Slack Time                    0.158
     Clock Rise Edge                 0.000
     + Clock Network Latency (Prop)  -0.001
     = Beginpoint Arrival Time       -0.001
     +---------------------------------------------------------------------------------------+ 
     |           Instance            |     Arc      |   Cell    | Delay | Arrival | Required | 
     |                               |              |           |       |  Time   |   Time   | 
     |-------------------------------+--------------+-----------+-------+---------+----------| 
     | picorv32_core_mem_addr_reg[4] | CK ^         |           |       |  -0.001 |   -0.159 | 
     | picorv32_core_mem_addr_reg[4] | CK ^ -> Q v  | DFFHQX1   | 0.129 |   0.128 |   -0.030 | 
     | picorv32_core_g170097         | A0N v -> Y v | OAI2BB1X1 | 0.058 |   0.186 |    0.028 | 
     | picorv32_core_mem_addr_reg[4] | D v          | DFFHQX1   | 0.000 |   0.186 |    0.028 | 
     +---------------------------------------------------------------------------------------+ 
Path 23: MET Hold Check with Pin picorv32_core_mem_addr_reg[9]/CK 
Endpoint:   picorv32_core_mem_addr_reg[9]/D (v) checked with  leading edge of 
'clk'
Beginpoint: picorv32_core_mem_addr_reg[9]/Q (v) triggered by  leading edge of 
'clk'
Path Groups: {reg2reg}
Analysis View: analysis1
Other End Arrival Time         -0.001
+ Hold                          0.011
+ Phase Shift                   0.000
+ Uncertainty                   0.020
= Required Time                 0.030
  Arrival Time                  0.189
  Slack Time                    0.159
     Clock Rise Edge                 0.000
     + Clock Network Latency (Prop)  -0.001
     = Beginpoint Arrival Time       -0.001
     +---------------------------------------------------------------------------------------+ 
     |           Instance            |     Arc      |   Cell    | Delay | Arrival | Required | 
     |                               |              |           |       |  Time   |   Time   | 
     |-------------------------------+--------------+-----------+-------+---------+----------| 
     | picorv32_core_mem_addr_reg[9] | CK ^         |           |       |  -0.001 |   -0.159 | 
     | picorv32_core_mem_addr_reg[9] | CK ^ -> Q v  | DFFHQX1   | 0.133 |   0.132 |   -0.026 | 
     | picorv32_core_g170102         | A0N v -> Y v | OAI2BB1X1 | 0.056 |   0.189 |    0.030 | 
     | picorv32_core_mem_addr_reg[9] | D v          | DFFHQX1   | 0.000 |   0.189 |    0.030 | 
     +---------------------------------------------------------------------------------------+ 
Path 24: MET Hold Check with Pin picorv32_core_mem_addr_reg[14]/CK 
Endpoint:   picorv32_core_mem_addr_reg[14]/D (v) checked with  leading edge of 
'clk'
Beginpoint: picorv32_core_mem_addr_reg[14]/Q (v) triggered by  leading edge of 
'clk'
Path Groups: {reg2reg}
Analysis View: analysis1
Other End Arrival Time         -0.004
+ Hold                          0.009
+ Phase Shift                   0.000
+ Uncertainty                   0.020
= Required Time                 0.025
  Arrival Time                  0.185
  Slack Time                    0.160
     Clock Rise Edge                 0.000
     + Clock Network Latency (Prop)  -0.004
     = Beginpoint Arrival Time       -0.004
     +----------------------------------------------------------------------------------------+ 
     |            Instance            |     Arc      |   Cell    | Delay | Arrival | Required | 
     |                                |              |           |       |  Time   |   Time   | 
     |--------------------------------+--------------+-----------+-------+---------+----------| 
     | picorv32_core_mem_addr_reg[14] | CK ^         |           |       |  -0.004 |   -0.164 | 
     | picorv32_core_mem_addr_reg[14] | CK ^ -> Q v  | DFFHQX1   | 0.131 |   0.127 |   -0.033 | 
     | picorv32_core_g170107          | A0N v -> Y v | OAI2BB1X1 | 0.058 |   0.185 |    0.025 | 
     | picorv32_core_mem_addr_reg[14] | D v          | DFFHQX1   | 0.000 |   0.185 |    0.025 | 
     +----------------------------------------------------------------------------------------+ 
Path 25: MET Hold Check with Pin picorv32_core_mem_addr_reg[20]/CK 
Endpoint:   picorv32_core_mem_addr_reg[20]/D (v) checked with  leading edge of 
'clk'
Beginpoint: picorv32_core_mem_addr_reg[20]/Q (v) triggered by  leading edge of 
'clk'
Path Groups: {reg2reg}
Analysis View: analysis1
Other End Arrival Time         -0.002
+ Hold                          0.011
+ Phase Shift                   0.000
+ Uncertainty                   0.020
= Required Time                 0.029
  Arrival Time                  0.189
  Slack Time                    0.160
     Clock Rise Edge                 0.000
     + Clock Network Latency (Prop)  -0.002
     = Beginpoint Arrival Time       -0.002
     +----------------------------------------------------------------------------------------+ 
     |            Instance            |     Arc      |   Cell    | Delay | Arrival | Required | 
     |                                |              |           |       |  Time   |   Time   | 
     |--------------------------------+--------------+-----------+-------+---------+----------| 
     | picorv32_core_mem_addr_reg[20] | CK ^         |           |       |  -0.002 |   -0.162 | 
     | picorv32_core_mem_addr_reg[20] | CK ^ -> Q v  | DFFHQX1   | 0.134 |   0.132 |   -0.028 | 
     | picorv32_core_g170113          | A0N v -> Y v | OAI2BB1X1 | 0.057 |   0.189 |    0.029 | 
     | picorv32_core_mem_addr_reg[20] | D v          | DFFHQX1   | 0.000 |   0.189 |    0.029 | 
     +----------------------------------------------------------------------------------------+ 
Path 26: MET Hold Check with Pin picorv32_core_pcpi_insn_reg[6]/CK 
Endpoint:   picorv32_core_pcpi_insn_reg[6]/D   (v) checked with  leading edge 
of 'clk'
Beginpoint: picorv32_core_mem_rdata_q_reg[6]/Q (v) triggered by  leading edge 
of 'clk'
Path Groups: {reg2reg}
Analysis View: analysis1
Other End Arrival Time         -0.001
+ Hold                         -0.030
+ Phase Shift                   0.000
+ Uncertainty                   0.020
= Required Time                -0.011
  Arrival Time                  0.149
  Slack Time                    0.160
     Clock Rise Edge                 0.000
     + Clock Network Latency (Prop)  -0.001
     = Beginpoint Arrival Time       -0.001
     +----------------------------------------------------------------------------------------+ 
     |             Instance             |     Arc     |   Cell   | Delay | Arrival | Required | 
     |                                  |             |          |       |  Time   |   Time   | 
     |----------------------------------+-------------+----------+-------+---------+----------| 
     | picorv32_core_mem_rdata_q_reg[6] | CK ^        |          |       |  -0.001 |   -0.161 | 
     | picorv32_core_mem_rdata_q_reg[6] | CK ^ -> Q v | EDFFHQX1 | 0.150 |   0.149 |   -0.011 | 
     | picorv32_core_pcpi_insn_reg[6]   | D v         | EDFFHQX1 | 0.000 |   0.149 |   -0.011 | 
     +----------------------------------------------------------------------------------------+ 
Path 27: MET Hold Check with Pin picorv32_core_mem_addr_reg[21]/CK 
Endpoint:   picorv32_core_mem_addr_reg[21]/D (v) checked with  leading edge of 
'clk'
Beginpoint: picorv32_core_mem_addr_reg[21]/Q (v) triggered by  leading edge of 
'clk'
Path Groups: {reg2reg}
Analysis View: analysis1
Other End Arrival Time         -0.002
+ Hold                          0.010
+ Phase Shift                   0.000
+ Uncertainty                   0.020
= Required Time                 0.028
  Arrival Time                  0.188
  Slack Time                    0.160
     Clock Rise Edge                 0.000
     + Clock Network Latency (Prop)  -0.002
     = Beginpoint Arrival Time       -0.002
     +----------------------------------------------------------------------------------------+ 
     |            Instance            |     Arc      |   Cell    | Delay | Arrival | Required | 
     |                                |              |           |       |  Time   |   Time   | 
     |--------------------------------+--------------+-----------+-------+---------+----------| 
     | picorv32_core_mem_addr_reg[21] | CK ^         |           |       |  -0.002 |   -0.162 | 
     | picorv32_core_mem_addr_reg[21] | CK ^ -> Q v  | DFFHQX1   | 0.133 |   0.131 |   -0.029 | 
     | picorv32_core_g170114          | A0N v -> Y v | OAI2BB1X1 | 0.058 |   0.188 |    0.028 | 
     | picorv32_core_mem_addr_reg[21] | D v          | DFFHQX1   | 0.000 |   0.188 |    0.028 | 
     +----------------------------------------------------------------------------------------+ 
Path 28: MET Hold Check with Pin picorv32_core_mem_addr_reg[3]/CK 
Endpoint:   picorv32_core_mem_addr_reg[3]/D (v) checked with  leading edge of 
'clk'
Beginpoint: picorv32_core_mem_addr_reg[3]/Q (v) triggered by  leading edge of 
'clk'
Path Groups: {reg2reg}
Analysis View: analysis1
Other End Arrival Time         -0.001
+ Hold                          0.009
+ Phase Shift                   0.000
+ Uncertainty                   0.020
= Required Time                 0.027
  Arrival Time                  0.188
  Slack Time                    0.160
     Clock Rise Edge                 0.000
     + Clock Network Latency (Prop)  -0.001
     = Beginpoint Arrival Time       -0.001
     +---------------------------------------------------------------------------------------+ 
     |           Instance            |     Arc      |   Cell    | Delay | Arrival | Required | 
     |                               |              |           |       |  Time   |   Time   | 
     |-------------------------------+--------------+-----------+-------+---------+----------| 
     | picorv32_core_mem_addr_reg[3] | CK ^         |           |       |  -0.001 |   -0.162 | 
     | picorv32_core_mem_addr_reg[3] | CK ^ -> Q v  | DFFHQX1   | 0.130 |   0.129 |   -0.031 | 
     | picorv32_core_g170096         | A0N v -> Y v | OAI2BB1X1 | 0.059 |   0.188 |    0.027 | 
     | picorv32_core_mem_addr_reg[3] | D v          | DFFHQX1   | 0.000 |   0.188 |    0.027 | 
     +---------------------------------------------------------------------------------------+ 
Path 29: MET Hold Check with Pin picorv32_core_mem_addr_reg[17]/CK 
Endpoint:   picorv32_core_mem_addr_reg[17]/D (v) checked with  leading edge of 
'clk'
Beginpoint: picorv32_core_mem_addr_reg[17]/Q (v) triggered by  leading edge of 
'clk'
Path Groups: {reg2reg}
Analysis View: analysis1
Other End Arrival Time         -0.005
+ Hold                          0.010
+ Phase Shift                   0.000
+ Uncertainty                   0.020
= Required Time                 0.025
  Arrival Time                  0.186
  Slack Time                    0.161
     Clock Rise Edge                 0.000
     + Clock Network Latency (Prop)  -0.005
     = Beginpoint Arrival Time       -0.005
     +----------------------------------------------------------------------------------------+ 
     |            Instance            |     Arc      |   Cell    | Delay | Arrival | Required | 
     |                                |              |           |       |  Time   |   Time   | 
     |--------------------------------+--------------+-----------+-------+---------+----------| 
     | picorv32_core_mem_addr_reg[17] | CK ^         |           |       |  -0.005 |   -0.166 | 
     | picorv32_core_mem_addr_reg[17] | CK ^ -> Q v  | DFFHQX1   | 0.133 |   0.128 |   -0.033 | 
     | picorv32_core_g170110          | A0N v -> Y v | OAI2BB1X1 | 0.058 |   0.186 |    0.025 | 
     | picorv32_core_mem_addr_reg[17] | D v          | DFFHQX1   | 0.000 |   0.186 |    0.025 | 
     +----------------------------------------------------------------------------------------+ 
Path 30: MET Hold Check with Pin picorv32_core_mem_addr_reg[12]/CK 
Endpoint:   picorv32_core_mem_addr_reg[12]/D (v) checked with  leading edge of 
'clk'
Beginpoint: picorv32_core_mem_addr_reg[12]/Q (v) triggered by  leading edge of 
'clk'
Path Groups: {reg2reg}
Analysis View: analysis1
Other End Arrival Time         -0.004
+ Hold                          0.009
+ Phase Shift                   0.000
+ Uncertainty                   0.020
= Required Time                 0.025
  Arrival Time                  0.186
  Slack Time                    0.161
     Clock Rise Edge                 0.000
     + Clock Network Latency (Prop)  -0.004
     = Beginpoint Arrival Time       -0.004
     +----------------------------------------------------------------------------------------+ 
     |            Instance            |     Arc      |   Cell    | Delay | Arrival | Required | 
     |                                |              |           |       |  Time   |   Time   | 
     |--------------------------------+--------------+-----------+-------+---------+----------| 
     | picorv32_core_mem_addr_reg[12] | CK ^         |           |       |  -0.004 |   -0.165 | 
     | picorv32_core_mem_addr_reg[12] | CK ^ -> Q v  | DFFHQX1   | 0.131 |   0.127 |   -0.034 | 
     | picorv32_core_g170105          | A0N v -> Y v | OAI2BB1X1 | 0.059 |   0.186 |    0.025 | 
     | picorv32_core_mem_addr_reg[12] | D v          | DFFHQX1   | 0.000 |   0.186 |    0.025 | 
     +----------------------------------------------------------------------------------------+ 
Path 31: MET Hold Check with Pin picorv32_core_pcpi_insn_reg[16]/CK 
Endpoint:   picorv32_core_pcpi_insn_reg[16]/D   (v) checked with  leading edge 
of 'clk'
Beginpoint: picorv32_core_mem_rdata_q_reg[16]/Q (v) triggered by  leading edge 
of 'clk'
Path Groups: {reg2reg}
Analysis View: analysis1
Other End Arrival Time         -0.005
+ Hold                         -0.031
+ Phase Shift                   0.000
+ Uncertainty                   0.020
= Required Time                -0.016
  Arrival Time                  0.146
  Slack Time                    0.161
     Clock Rise Edge                 0.000
     + Clock Network Latency (Prop)  -0.005
     = Beginpoint Arrival Time       -0.005
     +-----------------------------------------------------------------------------------------+ 
     |             Instance              |     Arc     |   Cell   | Delay | Arrival | Required | 
     |                                   |             |          |       |  Time   |   Time   | 
     |-----------------------------------+-------------+----------+-------+---------+----------| 
     | picorv32_core_mem_rdata_q_reg[16] | CK ^        |          |       |  -0.005 |   -0.166 | 
     | picorv32_core_mem_rdata_q_reg[16] | CK ^ -> Q v | EDFFHQX1 | 0.151 |   0.146 |   -0.016 | 
     | picorv32_core_pcpi_insn_reg[16]   | D v         | EDFFHQX1 | 0.000 |   0.146 |   -0.016 | 
     +-----------------------------------------------------------------------------------------+ 
Path 32: MET Hold Check with Pin picorv32_core_pcpi_insn_reg[17]/CK 
Endpoint:   picorv32_core_pcpi_insn_reg[17]/D   (v) checked with  leading edge 
of 'clk'
Beginpoint: picorv32_core_mem_rdata_q_reg[17]/Q (v) triggered by  leading edge 
of 'clk'
Path Groups: {reg2reg}
Analysis View: analysis1
Other End Arrival Time         -0.005
+ Hold                         -0.031
+ Phase Shift                   0.000
+ Uncertainty                   0.020
= Required Time                -0.016
  Arrival Time                  0.146
  Slack Time                    0.162
     Clock Rise Edge                 0.000
     + Clock Network Latency (Prop)  -0.005
     = Beginpoint Arrival Time       -0.005
     +-----------------------------------------------------------------------------------------+ 
     |             Instance              |     Arc     |   Cell   | Delay | Arrival | Required | 
     |                                   |             |          |       |  Time   |   Time   | 
     |-----------------------------------+-------------+----------+-------+---------+----------| 
     | picorv32_core_mem_rdata_q_reg[17] | CK ^        |          |       |  -0.005 |   -0.166 | 
     | picorv32_core_mem_rdata_q_reg[17] | CK ^ -> Q v | EDFFHQX1 | 0.151 |   0.146 |   -0.016 | 
     | picorv32_core_pcpi_insn_reg[17]   | D v         | EDFFHQX1 | 0.000 |   0.146 |   -0.016 | 
     +-----------------------------------------------------------------------------------------+ 
Path 33: MET Hold Check with Pin picorv32_core_mem_rdata_q_reg[28]/CK 
Endpoint:   picorv32_core_mem_rdata_q_reg[28]/D (v) checked with  leading edge 
of 'clk'
Beginpoint: mem_rdata_reg[28]/Q                 (v) triggered by  leading edge 
of 'clk'
Path Groups: {reg2reg}
Analysis View: analysis1
Other End Arrival Time         -0.002
+ Hold                         -0.029
+ Phase Shift                   0.000
+ Uncertainty                   0.020
= Required Time                -0.010
  Arrival Time                  0.152
  Slack Time                    0.162
     Clock Rise Edge                 0.000
     + Clock Network Latency (Prop)  0.000
     = Beginpoint Arrival Time       0.000
     +-----------------------------------------------------------------------------------------+ 
     |             Instance              |     Arc     |   Cell   | Delay | Arrival | Required | 
     |                                   |             |          |       |  Time   |   Time   | 
     |-----------------------------------+-------------+----------+-------+---------+----------| 
     | mem_rdata_reg[28]                 | CK ^        |          |       |   0.000 |   -0.162 | 
     | mem_rdata_reg[28]                 | CK ^ -> Q v | EDFFX2   | 0.151 |   0.152 |   -0.010 | 
     | picorv32_core_mem_rdata_q_reg[28] | D v         | EDFFHQX1 | 0.000 |   0.152 |   -0.010 | 
     +-----------------------------------------------------------------------------------------+ 
Path 34: MET Hold Check with Pin picorv32_core_mem_addr_reg[8]/CK 
Endpoint:   picorv32_core_mem_addr_reg[8]/D (v) checked with  leading edge of 
'clk'
Beginpoint: picorv32_core_mem_addr_reg[8]/Q (v) triggered by  leading edge of 
'clk'
Path Groups: {reg2reg}
Analysis View: analysis1
Other End Arrival Time         -0.001
+ Hold                          0.009
+ Phase Shift                   0.000
+ Uncertainty                   0.020
= Required Time                 0.029
  Arrival Time                  0.191
  Slack Time                    0.163
     Clock Rise Edge                 0.000
     + Clock Network Latency (Prop)  -0.001
     = Beginpoint Arrival Time       -0.001
     +---------------------------------------------------------------------------------------+ 
     |           Instance            |     Arc      |   Cell    | Delay | Arrival | Required | 
     |                               |              |           |       |  Time   |   Time   | 
     |-------------------------------+--------------+-----------+-------+---------+----------| 
     | picorv32_core_mem_addr_reg[8] | CK ^         |           |       |  -0.001 |   -0.163 | 
     | picorv32_core_mem_addr_reg[8] | CK ^ -> Q v  | DFFHQX1   | 0.133 |   0.132 |   -0.031 | 
     | picorv32_core_g170101         | A0N v -> Y v | OAI2BB1X1 | 0.059 |   0.191 |    0.029 | 
     | picorv32_core_mem_addr_reg[8] | D v          | DFFHQX1   | 0.000 |   0.191 |    0.029 | 
     +---------------------------------------------------------------------------------------+ 
Path 35: MET Hold Check with Pin picorv32_core_mem_rdata_q_reg[24]/CK 
Endpoint:   picorv32_core_mem_rdata_q_reg[24]/D (v) checked with  leading edge 
of 'clk'
Beginpoint: mem_rdata_reg[24]/Q                 (v) triggered by  leading edge 
of 'clk'
Path Groups: {reg2reg}
Analysis View: analysis1
Other End Arrival Time         -0.002
+ Hold                         -0.033
+ Phase Shift                   0.000
+ Uncertainty                   0.020
= Required Time                -0.015
  Arrival Time                  0.148
  Slack Time                    0.163
     Clock Rise Edge                 0.000
     + Clock Network Latency (Prop)  -0.002
     = Beginpoint Arrival Time       -0.002
     +---------------------------------------------------------------------------------------+ 
     |             Instance              |     Arc     |  Cell  | Delay | Arrival | Required | 
     |                                   |             |        |       |  Time   |   Time   | 
     |-----------------------------------+-------------+--------+-------+---------+----------| 
     | mem_rdata_reg[24]                 | CK ^        |        |       |  -0.002 |   -0.165 | 
     | mem_rdata_reg[24]                 | CK ^ -> Q v | EDFFX2 | 0.150 |   0.148 |   -0.015 | 
     | picorv32_core_mem_rdata_q_reg[24] | D v         | EDFFX2 | 0.000 |   0.148 |   -0.015 | 
     +---------------------------------------------------------------------------------------+ 
Path 36: MET Hold Check with Pin picorv32_core_decoded_rd_reg[1]/CK 
Endpoint:   picorv32_core_decoded_rd_reg[1]/D (v) checked with  leading edge of 
'clk'
Beginpoint: picorv32_core_decoded_rd_reg[1]/Q (v) triggered by  leading edge of 
'clk'
Path Groups: {reg2reg}
Analysis View: analysis1
Other End Arrival Time         -0.004
+ Hold                          0.010
+ Phase Shift                   0.000
+ Uncertainty                   0.020
= Required Time                 0.026
  Arrival Time                  0.189
  Slack Time                    0.163
     Clock Rise Edge                 0.000
     + Clock Network Latency (Prop)  -0.004
     = Beginpoint Arrival Time       -0.004
     +-----------------------------------------------------------------------------------------+ 
     |            Instance             |     Arc      |   Cell    | Delay | Arrival | Required | 
     |                                 |              |           |       |  Time   |   Time   | 
     |---------------------------------+--------------+-----------+-------+---------+----------| 
     | picorv32_core_decoded_rd_reg[1] | CK ^         |           |       |  -0.004 |   -0.167 | 
     | picorv32_core_decoded_rd_reg[1] | CK ^ -> Q v  | DFFHQX1   | 0.135 |   0.130 |   -0.033 | 
     | picorv32_core_g171245           | A0N v -> Y v | OAI2BB1X1 | 0.059 |   0.189 |    0.026 | 
     | picorv32_core_decoded_rd_reg[1] | D v          | DFFHQX1   | 0.000 |   0.189 |    0.026 | 
     +-----------------------------------------------------------------------------------------+ 
Path 37: MET Hold Check with Pin picorv32_core_pcpi_insn_reg[18]/CK 
Endpoint:   picorv32_core_pcpi_insn_reg[18]/D   (v) checked with  leading edge 
of 'clk'
Beginpoint: picorv32_core_mem_rdata_q_reg[18]/Q (v) triggered by  leading edge 
of 'clk'
Path Groups: {reg2reg}
Analysis View: analysis1
Other End Arrival Time         -0.005
+ Hold                         -0.032
+ Phase Shift                   0.000
+ Uncertainty                   0.020
= Required Time                -0.016
  Arrival Time                  0.147
  Slack Time                    0.163
     Clock Rise Edge                 0.000
     + Clock Network Latency (Prop)  -0.005
     = Beginpoint Arrival Time       -0.005
     +-----------------------------------------------------------------------------------------+ 
     |             Instance              |     Arc     |   Cell   | Delay | Arrival | Required | 
     |                                   |             |          |       |  Time   |   Time   | 
     |-----------------------------------+-------------+----------+-------+---------+----------| 
     | picorv32_core_mem_rdata_q_reg[18] | CK ^        |          |       |  -0.005 |   -0.168 | 
     | picorv32_core_mem_rdata_q_reg[18] | CK ^ -> Q v | EDFFHQX1 | 0.152 |   0.147 |   -0.016 | 
     | picorv32_core_pcpi_insn_reg[18]   | D v         | EDFFHQX1 | 0.000 |   0.147 |   -0.016 | 
     +-----------------------------------------------------------------------------------------+ 
Path 38: MET Hold Check with Pin picorv32_core_decoded_rd_reg[4]/CK 
Endpoint:   picorv32_core_decoded_rd_reg[4]/D (v) checked with  leading edge of 
'clk'
Beginpoint: picorv32_core_decoded_rd_reg[4]/Q (v) triggered by  leading edge of 
'clk'
Path Groups: {reg2reg}
Analysis View: analysis1
Other End Arrival Time         -0.004
+ Hold                          0.010
+ Phase Shift                   0.000
+ Uncertainty                   0.020
= Required Time                 0.026
  Arrival Time                  0.191
  Slack Time                    0.165
     Clock Rise Edge                 0.000
     + Clock Network Latency (Prop)  -0.004
     = Beginpoint Arrival Time       -0.004
     +-----------------------------------------------------------------------------------------+ 
     |            Instance             |     Arc      |   Cell    | Delay | Arrival | Required | 
     |                                 |              |           |       |  Time   |   Time   | 
     |---------------------------------+--------------+-----------+-------+---------+----------| 
     | picorv32_core_decoded_rd_reg[4] | CK ^         |           |       |  -0.004 |   -0.169 | 
     | picorv32_core_decoded_rd_reg[4] | CK ^ -> Q v  | DFFHQX1   | 0.137 |   0.132 |   -0.032 | 
     | picorv32_core_g171248           | A0N v -> Y v | OAI2BB1X1 | 0.059 |   0.191 |    0.026 | 
     | picorv32_core_decoded_rd_reg[4] | D v          | DFFHQX1   | 0.000 |   0.191 |    0.026 | 
     +-----------------------------------------------------------------------------------------+ 
Path 39: MET Hold Check with Pin picorv32_core_genblk2.pcpi_div_divisor_reg[32]/
CK 
Endpoint:   picorv32_core_genblk2.pcpi_div_divisor_reg[32]/D (v) checked with  
leading edge of 'clk'
Beginpoint: picorv32_core_genblk2.pcpi_div_divisor_reg[33]/Q (v) triggered by  
leading edge of 'clk'
Path Groups: {reg2reg}
Analysis View: analysis1
Other End Arrival Time         -0.006
+ Hold                          0.010
+ Phase Shift                   0.000
+ Uncertainty                   0.020
= Required Time                 0.024
  Arrival Time                  0.189
  Slack Time                    0.165
     Clock Rise Edge                 0.000
     + Clock Network Latency (Prop)  -0.006
     = Beginpoint Arrival Time       -0.006
     +--------------------------------------------------------------------------------------------------------+ 
     |                    Instance                    |     Arc      |   Cell    | Delay | Arrival | Required | 
     |                                                |              |           |       |  Time   |   Time   | 
     |------------------------------------------------+--------------+-----------+-------+---------+----------| 
     | picorv32_core_genblk2.pcpi_div_divisor_reg[33] | CK ^         |           |       |  -0.006 |   -0.171 | 
     | picorv32_core_genblk2.pcpi_div_divisor_reg[33] | CK ^ -> Q v  | DFFHQX1   | 0.136 |   0.130 |   -0.035 | 
     | picorv32_core_genblk2.pcpi_div_g10937          | A0N v -> Y v | OAI2BB1X1 | 0.059 |   0.189 |    0.024 | 
     | picorv32_core_genblk2.pcpi_div_divisor_reg[32] | D v          | DFFHQX1   | 0.000 |   0.189 |    0.024 | 
     +--------------------------------------------------------------------------------------------------------+ 
Path 40: MET Hold Check with Pin picorv32_core_pcpi_insn_reg[19]/CK 
Endpoint:   picorv32_core_pcpi_insn_reg[19]/D   (v) checked with  leading edge 
of 'clk'
Beginpoint: picorv32_core_mem_rdata_q_reg[19]/Q (v) triggered by  leading edge 
of 'clk'
Path Groups: {reg2reg}
Analysis View: analysis1
Other End Arrival Time         -0.005
+ Hold                         -0.032
+ Phase Shift                   0.000
+ Uncertainty                   0.020
= Required Time                -0.017
  Arrival Time                  0.148
  Slack Time                    0.165
     Clock Rise Edge                 0.000
     + Clock Network Latency (Prop)  -0.005
     = Beginpoint Arrival Time       -0.005
     +-----------------------------------------------------------------------------------------+ 
     |             Instance              |     Arc     |   Cell   | Delay | Arrival | Required | 
     |                                   |             |          |       |  Time   |   Time   | 
     |-----------------------------------+-------------+----------+-------+---------+----------| 
     | picorv32_core_mem_rdata_q_reg[19] | CK ^        |          |       |  -0.005 |   -0.170 | 
     | picorv32_core_mem_rdata_q_reg[19] | CK ^ -> Q v | EDFFHQX1 | 0.153 |   0.148 |   -0.017 | 
     | picorv32_core_pcpi_insn_reg[19]   | D v         | EDFFHQX1 | 0.000 |   0.148 |   -0.017 | 
     +-----------------------------------------------------------------------------------------+ 
Path 41: MET Hold Check with Pin picorv32_core_mem_addr_reg[22]/CK 
Endpoint:   picorv32_core_mem_addr_reg[22]/D (v) checked with  leading edge of 
'clk'
Beginpoint: picorv32_core_mem_addr_reg[22]/Q (v) triggered by  leading edge of 
'clk'
Path Groups: {reg2reg}
Analysis View: analysis1
Other End Arrival Time         -0.001
+ Hold                          0.008
+ Phase Shift                   0.000
+ Uncertainty                   0.020
= Required Time                 0.027
  Arrival Time                  0.194
  Slack Time                    0.166
     Clock Rise Edge                 0.000
     + Clock Network Latency (Prop)  -0.001
     = Beginpoint Arrival Time       -0.001
     +----------------------------------------------------------------------------------------+ 
     |            Instance            |     Arc      |   Cell    | Delay | Arrival | Required | 
     |                                |              |           |       |  Time   |   Time   | 
     |--------------------------------+--------------+-----------+-------+---------+----------| 
     | picorv32_core_mem_addr_reg[22] | CK ^         |           |       |  -0.001 |   -0.167 | 
     | picorv32_core_mem_addr_reg[22] | CK ^ -> Q v  | DFFHQX1   | 0.132 |   0.131 |   -0.035 | 
     | picorv32_core_g170115          | A0N v -> Y v | OAI2BB1X1 | 0.062 |   0.194 |    0.027 | 
     | picorv32_core_mem_addr_reg[22] | D v          | DFFHQX1   | 0.000 |   0.194 |    0.027 | 
     +----------------------------------------------------------------------------------------+ 
Path 42: MET Hold Check with Pin picorv32_core_genblk2.pcpi_div_quotient_msk_
reg[31]/CK 
Endpoint:   picorv32_core_genblk2.pcpi_div_quotient_msk_reg[31]/D (v) checked 
with  leading edge of 'clk'
Beginpoint: picorv32_core_genblk2.pcpi_div_quotient_msk_reg[31]/Q (v) triggered 
by  leading edge of 'clk'
Path Groups: {reg2reg}
Analysis View: analysis1
Other End Arrival Time         -0.006
+ Hold                          0.010
+ Phase Shift                   0.000
+ Uncertainty                   0.020
= Required Time                 0.025
  Arrival Time                  0.191
  Slack Time                    0.166
     Clock Rise Edge                 0.000
     + Clock Network Latency (Prop)  -0.006
     = Beginpoint Arrival Time       -0.006
     +------------------------------------------------------------------------------------------------------------+ 
     |                      Instance                      |     Arc      |   Cell    | Delay | Arrival | Required | 
     |                                                    |              |           |       |  Time   |   Time   | 
     |----------------------------------------------------+--------------+-----------+-------+---------+----------| 
     | picorv32_core_genblk2.pcpi_div_quotient_msk_reg[31 | CK ^         |           |       |  -0.006 |   -0.172 | 
     | ]                                                  |              |           |       |         |          | 
     | picorv32_core_genblk2.pcpi_div_quotient_msk_reg[31 | CK ^ -> Q v  | DFFHQX1   | 0.137 |   0.131 |   -0.035 | 
     | ]                                                  |              |           |       |         |          | 
     | picorv32_core_genblk2.pcpi_div_g11259              | A0N v -> Y v | OAI2BB1X1 | 0.060 |   0.191 |    0.025 | 
     | picorv32_core_genblk2.pcpi_div_quotient_msk_reg[31 | D v          | DFFHQX1   | 0.000 |   0.191 |    0.025 | 
     | ]                                                  |              |           |       |         |          | 
     +------------------------------------------------------------------------------------------------------------+ 
Path 43: MET Hold Check with Pin picorv32_core_decoded_rd_reg[2]/CK 
Endpoint:   picorv32_core_decoded_rd_reg[2]/D (v) checked with  leading edge of 
'clk'
Beginpoint: picorv32_core_decoded_rd_reg[2]/Q (v) triggered by  leading edge of 
'clk'
Path Groups: {reg2reg}
Analysis View: analysis1
Other End Arrival Time         -0.004
+ Hold                          0.010
+ Phase Shift                   0.000
+ Uncertainty                   0.020
= Required Time                 0.025
  Arrival Time                  0.192
  Slack Time                    0.166
     Clock Rise Edge                 0.000
     + Clock Network Latency (Prop)  -0.004
     = Beginpoint Arrival Time       -0.004
     +-----------------------------------------------------------------------------------------+ 
     |            Instance             |     Arc      |   Cell    | Delay | Arrival | Required | 
     |                                 |              |           |       |  Time   |   Time   | 
     |---------------------------------+--------------+-----------+-------+---------+----------| 
     | picorv32_core_decoded_rd_reg[2] | CK ^         |           |       |  -0.004 |   -0.171 | 
     | picorv32_core_decoded_rd_reg[2] | CK ^ -> Q v  | DFFHQX1   | 0.136 |   0.132 |   -0.035 | 
     | picorv32_core_g171246           | A0N v -> Y v | OAI2BB1X1 | 0.060 |   0.192 |    0.025 | 
     | picorv32_core_decoded_rd_reg[2] | D v          | DFFHQX1   | 0.000 |   0.192 |    0.025 | 
     +-----------------------------------------------------------------------------------------+ 
Path 44: MET Hold Check with Pin mem_ready_reg/CK 
Endpoint:   mem_ready_reg/D (v) checked with  leading edge of 'clk'
Beginpoint: state_reg[1]/Q  (^) triggered by  leading edge of 'clk'
Path Groups: {reg2reg}
Analysis View: analysis1
Other End Arrival Time         -0.001
+ Hold                         -0.027
+ Phase Shift                   0.000
+ Uncertainty                   0.020
= Required Time                -0.007
  Arrival Time                  0.159
  Slack Time                    0.166
     Clock Rise Edge                 0.000
     + Clock Network Latency (Prop)  -0.001
     = Beginpoint Arrival Time       -0.001
     +---------------------------------------------------------------------+ 
     |   Instance    |     Arc     |   Cell   | Delay | Arrival | Required | 
     |               |             |          |       |  Time   |   Time   | 
     |---------------+-------------+----------+-------+---------+----------| 
     | state_reg[1]  | CK ^        |          |       |  -0.001 |   -0.167 | 
     | state_reg[1]  | CK ^ -> Q ^ | DFFX1    | 0.127 |   0.127 |   -0.040 | 
     | g873__2802    | B ^ -> Y v  | NOR2BX1  | 0.033 |   0.159 |   -0.007 | 
     | mem_ready_reg | D v         | EDFFHQX1 | 0.000 |   0.159 |   -0.007 | 
     +---------------------------------------------------------------------+ 
Path 45: MET Hold Check with Pin picorv32_core_mem_wstrb_reg[1]/CK 
Endpoint:   picorv32_core_mem_wstrb_reg[1]/D (v) checked with  leading edge of 
'clk'
Beginpoint: picorv32_core_mem_wstrb_reg[1]/Q (v) triggered by  leading edge of 
'clk'
Path Groups: {reg2reg}
Analysis View: analysis1
Other End Arrival Time         -0.001
+ Hold                          0.010
+ Phase Shift                   0.000
+ Uncertainty                   0.020
= Required Time                 0.029
  Arrival Time                  0.196
  Slack Time                    0.167
     Clock Rise Edge                 0.000
     + Clock Network Latency (Prop)  -0.001
     = Beginpoint Arrival Time       -0.001
     +----------------------------------------------------------------------------------------+ 
     |            Instance            |     Arc      |   Cell    | Delay | Arrival | Required | 
     |                                |              |           |       |  Time   |   Time   | 
     |--------------------------------+--------------+-----------+-------+---------+----------| 
     | picorv32_core_mem_wstrb_reg[1] | CK ^         |           |       |  -0.001 |   -0.168 | 
     | picorv32_core_mem_wstrb_reg[1] | CK ^ -> Q v  | DFFHQX1   | 0.136 |   0.135 |   -0.031 | 
     | picorv32_core_g170903          | A0N v -> Y v | OAI2BB1X1 | 0.060 |   0.196 |    0.029 | 
     | picorv32_core_mem_wstrb_reg[1] | D v          | DFFHQX1   | 0.000 |   0.196 |    0.029 | 
     +----------------------------------------------------------------------------------------+ 
Path 46: MET Hold Check with Pin picorv32_core_pcpi_insn_reg[5]/CK 
Endpoint:   picorv32_core_pcpi_insn_reg[5]/D   (v) checked with  leading edge 
of 'clk'
Beginpoint: picorv32_core_mem_rdata_q_reg[5]/Q (v) triggered by  leading edge 
of 'clk'
Path Groups: {reg2reg}
Analysis View: analysis1
Other End Arrival Time         -0.001
+ Hold                         -0.032
+ Phase Shift                   0.000
+ Uncertainty                   0.020
= Required Time                -0.013
  Arrival Time                  0.153
  Slack Time                    0.167
     Clock Rise Edge                 0.000
     + Clock Network Latency (Prop)  -0.001
     = Beginpoint Arrival Time       -0.001
     +----------------------------------------------------------------------------------------+ 
     |             Instance             |     Arc     |   Cell   | Delay | Arrival | Required | 
     |                                  |             |          |       |  Time   |   Time   | 
     |----------------------------------+-------------+----------+-------+---------+----------| 
     | picorv32_core_mem_rdata_q_reg[5] | CK ^        |          |       |  -0.001 |   -0.168 | 
     | picorv32_core_mem_rdata_q_reg[5] | CK ^ -> Q v | EDFFHQX1 | 0.154 |   0.153 |   -0.013 | 
     | picorv32_core_pcpi_insn_reg[5]   | D v         | EDFFHQX1 | 0.000 |   0.153 |   -0.013 | 
     +----------------------------------------------------------------------------------------+ 
Path 47: MET Hold Check with Pin picorv32_core_genblk2.pcpi_div_divisor_reg[34]/
CK 
Endpoint:   picorv32_core_genblk2.pcpi_div_divisor_reg[34]/D (v) checked with  
leading edge of 'clk'
Beginpoint: picorv32_core_genblk2.pcpi_div_divisor_reg[35]/Q (v) triggered by  
leading edge of 'clk'
Path Groups: {reg2reg}
Analysis View: analysis1
Other End Arrival Time         -0.006
+ Hold                          0.011
+ Phase Shift                   0.000
+ Uncertainty                   0.020
= Required Time                 0.025
  Arrival Time                  0.192
  Slack Time                    0.167
     Clock Rise Edge                 0.000
     + Clock Network Latency (Prop)  -0.005
     = Beginpoint Arrival Time       -0.005
     +--------------------------------------------------------------------------------------------------------+ 
     |                    Instance                    |     Arc      |   Cell    | Delay | Arrival | Required | 
     |                                                |              |           |       |  Time   |   Time   | 
     |------------------------------------------------+--------------+-----------+-------+---------+----------| 
     | picorv32_core_genblk2.pcpi_div_divisor_reg[35] | CK ^         |           |       |  -0.005 |   -0.173 | 
     | picorv32_core_genblk2.pcpi_div_divisor_reg[35] | CK ^ -> Q v  | DFFHQX1   | 0.139 |   0.133 |   -0.034 | 
     | picorv32_core_genblk2.pcpi_div_g10923          | A0N v -> Y v | OAI2BB1X1 | 0.059 |   0.192 |    0.025 | 
     | picorv32_core_genblk2.pcpi_div_divisor_reg[34] | D v          | DFFHQX1   | 0.000 |   0.192 |    0.025 | 
     +--------------------------------------------------------------------------------------------------------+ 
Path 48: MET Hold Check with Pin wbm_adr_o_reg[18]/CK 
Endpoint:   wbm_adr_o_reg[18]/D              (v) checked with  leading edge of 
'clk'
Beginpoint: picorv32_core_mem_addr_reg[18]/Q (v) triggered by  leading edge of 
'clk'
Path Groups: {reg2reg}
Analysis View: analysis1
Other End Arrival Time         -0.003
+ Hold                          0.015
+ Phase Shift                   0.000
+ Uncertainty                   0.020
= Required Time                 0.031
  Arrival Time                  0.199
  Slack Time                    0.168
     Clock Rise Edge                 0.000
     + Clock Network Latency (Prop)  -0.005
     = Beginpoint Arrival Time       -0.005
     +-------------------------------------------------------------------------------------+ 
     |            Instance            |     Arc     |  Cell   | Delay | Arrival | Required | 
     |                                |             |         |       |  Time   |   Time   | 
     |--------------------------------+-------------+---------+-------+---------+----------| 
     | picorv32_core_mem_addr_reg[18] | CK ^        |         |       |  -0.005 |   -0.173 | 
     | picorv32_core_mem_addr_reg[18] | CK ^ -> Q v | DFFHQX1 | 0.129 |   0.124 |   -0.044 | 
     | g846__8246                     | B v -> Y ^  | MXI2XL  | 0.045 |   0.169 |    0.001 | 
     | g780__6260                     | B ^ -> Y v  | NOR2X1  | 0.030 |   0.199 |    0.031 | 
     | wbm_adr_o_reg[18]              | D v         | DFFHQX1 | 0.000 |   0.199 |    0.031 | 
     +-------------------------------------------------------------------------------------+ 
Path 49: MET Hold Check with Pin picorv32_core_pcpi_insn_reg[4]/CK 
Endpoint:   picorv32_core_pcpi_insn_reg[4]/D   (v) checked with  leading edge 
of 'clk'
Beginpoint: picorv32_core_mem_rdata_q_reg[4]/Q (v) triggered by  leading edge 
of 'clk'
Path Groups: {reg2reg}
Analysis View: analysis1
Other End Arrival Time         -0.001
+ Hold                         -0.033
+ Phase Shift                   0.000
+ Uncertainty                   0.020
= Required Time                -0.014
  Arrival Time                  0.155
  Slack Time                    0.168
     Clock Rise Edge                 0.000
     + Clock Network Latency (Prop)  -0.001
     = Beginpoint Arrival Time       -0.001
     +----------------------------------------------------------------------------------------+ 
     |             Instance             |     Arc     |   Cell   | Delay | Arrival | Required | 
     |                                  |             |          |       |  Time   |   Time   | 
     |----------------------------------+-------------+----------+-------+---------+----------| 
     | picorv32_core_mem_rdata_q_reg[4] | CK ^        |          |       |  -0.001 |   -0.169 | 
     | picorv32_core_mem_rdata_q_reg[4] | CK ^ -> Q v | EDFFHQX1 | 0.155 |   0.155 |   -0.014 | 
     | picorv32_core_pcpi_insn_reg[4]   | D v         | EDFFHQX1 | 0.000 |   0.155 |   -0.014 | 
     +----------------------------------------------------------------------------------------+ 
Path 50: MET Hold Check with Pin picorv32_core_pcpi_timeout_counter_reg[0]/CK 
Endpoint:   picorv32_core_pcpi_timeout_counter_reg[0]/D  (v) checked with  
leading edge of 'clk'
Beginpoint: picorv32_core_pcpi_timeout_counter_reg[0]/QN (v) triggered by  
leading edge of 'clk'
Path Groups: {reg2reg}
Analysis View: analysis1
Other End Arrival Time         -0.001
+ Hold                          0.006
+ Phase Shift                   0.000
+ Uncertainty                   0.020
= Required Time                 0.026
  Arrival Time                  0.194
  Slack Time                    0.168
     Clock Rise Edge                 0.000
     + Clock Network Latency (Prop)  -0.001
     = Beginpoint Arrival Time       -0.001
     +---------------------------------------------------------------------------------------------------+ 
     |                 Instance                  |     Arc      |   Cell    | Delay | Arrival | Required | 
     |                                           |              |           |       |  Time   |   Time   | 
     |-------------------------------------------+--------------+-----------+-------+---------+----------| 
     | picorv32_core_pcpi_timeout_counter_reg[0] | CK ^         |           |       |  -0.001 |   -0.169 | 
     | picorv32_core_pcpi_timeout_counter_reg[0] | CK ^ -> QN v | DFFX1     | 0.140 |   0.139 |   -0.029 | 
     | picorv32_core_g172123                     | A0N v -> Y v | OAI2BB1X1 | 0.055 |   0.194 |    0.026 | 
     | picorv32_core_pcpi_timeout_counter_reg[0] | D v          | DFFX1     | 0.000 |   0.194 |    0.026 | 
     +---------------------------------------------------------------------------------------------------+ 

