###############################################################
#  Generated by:      Cadence Innovus 21.35-s114_1
#  OS:                Linux x86_64(Host ID cn99.it.auth.gr)
#  Generated on:      Sat Nov 29 12:58:35 2025
#  Design:            picorv32_wb
#  Command:           report_timing -path_group reg2out -check_type setup -max_paths 50 > reports/postCTS/setup_reg2out.rpt
###############################################################
Path 1: MET Late External Delay Assertion 
Endpoint:   pcpi_rs2[5]                    (v) checked with  leading edge of 
'clk'
Beginpoint: picorv32_core_reg_op2_reg[5]/Q (v) triggered by  leading edge of 
'clk'
Path Groups: {reg2out}
Analysis View: analysis1
Other End Arrival Time          0.000
- External Delay                0.500
+ Phase Shift                   4.000
- Uncertainty                   0.020
= Required Time                 3.480
- Arrival Time                  0.851
= Slack Time                    2.629
     Clock Rise Edge                 0.000
     + Clock Network Latency (Prop)  0.001
     = Beginpoint Arrival Time       0.001
     +---------------------------------------------------------------------------------------+ 
     |           Instance           |      Arc      |   Cell    | Delay | Arrival | Required | 
     |                              |               |           |       |  Time   |   Time   | 
     |------------------------------+---------------+-----------+-------+---------+----------| 
     | picorv32_core_reg_op2_reg[5] | CK ^          |           |       |   0.001 |    2.630 | 
     | picorv32_core_reg_op2_reg[5] | CK ^ -> Q v   | DFFX1     | 0.240 |   0.241 |    2.870 | 
     | FE_OFC313_pcpi_rs2_5         | A v -> Y ^    | INVXL     | 0.168 |   0.409 |    3.038 | 
     | FE_OFC316_pcpi_rs2_5         | A ^ -> Y v    | INVXL     | 0.185 |   0.594 |    3.223 | 
     | FE_OFC317_pcpi_rs2_5         | A v -> Y v    | CLKBUFX20 | 0.239 |   0.834 |    3.463 | 
     |                              | pcpi_rs2[5] v |           | 0.017 |   0.851 |    3.480 | 
     +---------------------------------------------------------------------------------------+ 
Path 2: MET Late External Delay Assertion 
Endpoint:   pcpi_rs2[26]                    (v) checked with  leading edge of 
'clk'
Beginpoint: picorv32_core_reg_op2_reg[26]/Q (v) triggered by  leading edge of 
'clk'
Path Groups: {reg2out}
Analysis View: analysis1
Other End Arrival Time          0.000
- External Delay                0.500
+ Phase Shift                   4.000
- Uncertainty                   0.020
= Required Time                 3.480
- Arrival Time                  0.735
= Slack Time                    2.745
     Clock Rise Edge                 0.000
     + Clock Network Latency (Prop)  0.002
     = Beginpoint Arrival Time       0.002
     +------------------------------------------------------------------------------------------+ 
     |            Instance            |      Arc       |   Cell    | Delay | Arrival | Required | 
     |                                |                |           |       |  Time   |   Time   | 
     |--------------------------------+----------------+-----------+-------+---------+----------| 
     | picorv32_core_reg_op2_reg[26]  | CK ^           |           |       |   0.002 |    2.747 | 
     | picorv32_core_reg_op2_reg[26]  | CK ^ -> Q v    | DFFHQX1   | 0.140 |   0.142 |    2.887 | 
     | FE_OFC247_pcpi_rs2_26          | A v -> Y v     | BUFX2     | 0.159 |   0.300 |    3.045 | 
     | picorv32_core_lt_1234_23_g2034 | A v -> Y ^     | INVX1     | 0.139 |   0.439 |    3.184 | 
     | FE_OFC249_pcpi_rs2_26          | A ^ -> Y v     | INVX1     | 0.086 |   0.525 |    3.270 | 
     | FE_OFC250_pcpi_rs2_26          | A v -> Y v     | CLKBUFX20 | 0.187 |   0.712 |    3.457 | 
     |                                | pcpi_rs2[26] v |           | 0.023 |   0.735 |    3.480 | 
     +------------------------------------------------------------------------------------------+ 
Path 3: MET Late External Delay Assertion 
Endpoint:   pcpi_rs2[28]                    (v) checked with  leading edge of 
'clk'
Beginpoint: picorv32_core_reg_op2_reg[28]/Q (v) triggered by  leading edge of 
'clk'
Path Groups: {reg2out}
Analysis View: analysis1
Other End Arrival Time          0.000
- External Delay                0.500
+ Phase Shift                   4.000
- Uncertainty                   0.020
= Required Time                 3.480
- Arrival Time                  0.689
= Slack Time                    2.791
     Clock Rise Edge                 0.000
     + Clock Network Latency (Prop)  -0.002
     = Beginpoint Arrival Time       -0.002
     +-----------------------------------------------------------------------------------------+ 
     |           Instance            |      Arc       |   Cell    | Delay | Arrival | Required | 
     |                               |                |           |       |  Time   |   Time   | 
     |-------------------------------+----------------+-----------+-------+---------+----------| 
     | picorv32_core_reg_op2_reg[28] | CK ^           |           |       |  -0.002 |    2.789 | 
     | picorv32_core_reg_op2_reg[28] | CK ^ -> Q v    | DFFHQX1   | 0.191 |   0.190 |    2.980 | 
     | FE_OFC526_pcpi_rs2_28         | A v -> Y ^     | INVX1     | 0.106 |   0.296 |    3.086 | 
     | FE_OFC527_pcpi_rs2_28         | A ^ -> Y v     | INVX2     | 0.144 |   0.440 |    3.230 | 
     | FE_OFC242_pcpi_rs2_28         | A v -> Y v     | CLKBUFX20 | 0.236 |   0.675 |    3.466 | 
     |                               | pcpi_rs2[28] v |           | 0.014 |   0.689 |    3.480 | 
     +-----------------------------------------------------------------------------------------+ 
Path 4: MET Late External Delay Assertion 
Endpoint:   pcpi_rs2[17]                    (v) checked with  leading edge of 
'clk'
Beginpoint: picorv32_core_reg_op2_reg[17]/Q (v) triggered by  leading edge of 
'clk'
Path Groups: {reg2out}
Analysis View: analysis1
Other End Arrival Time          0.000
- External Delay                0.500
+ Phase Shift                   4.000
- Uncertainty                   0.020
= Required Time                 3.480
- Arrival Time                  0.670
= Slack Time                    2.810
     Clock Rise Edge                 0.000
     + Clock Network Latency (Prop)  0.000
     = Beginpoint Arrival Time       0.000
     +-----------------------------------------------------------------------------------------+ 
     |           Instance            |      Arc       |   Cell    | Delay | Arrival | Required | 
     |                               |                |           |       |  Time   |   Time   | 
     |-------------------------------+----------------+-----------+-------+---------+----------| 
     | picorv32_core_reg_op2_reg[17] | CK ^           |           |       |   0.000 |    2.810 | 
     | picorv32_core_reg_op2_reg[17] | CK ^ -> Q v    | DFFHQX1   | 0.223 |   0.223 |    3.033 | 
     | FE_OFC276_pcpi_rs2_17         | A v -> Y v     | BUFX2     | 0.200 |   0.423 |    3.233 | 
     | FE_OFC278_pcpi_rs2_17         | A v -> Y v     | CLKBUFX20 | 0.235 |   0.658 |    3.468 | 
     |                               | pcpi_rs2[17] v |           | 0.012 |   0.670 |    3.480 | 
     +-----------------------------------------------------------------------------------------+ 
Path 5: MET Late External Delay Assertion 
Endpoint:   pcpi_rs1[1]                    (v) checked with  leading edge of 
'clk'
Beginpoint: picorv32_core_reg_op1_reg[1]/Q (v) triggered by  leading edge of 
'clk'
Path Groups: {reg2out}
Analysis View: analysis1
Other End Arrival Time          0.000
- External Delay                0.500
+ Phase Shift                   4.000
- Uncertainty                   0.020
= Required Time                 3.480
- Arrival Time                  0.665
= Slack Time                    2.815
     Clock Rise Edge                 0.000
     + Clock Network Latency (Prop)  0.003
     = Beginpoint Arrival Time       0.003
     +---------------------------------------------------------------------------------------+ 
     |           Instance           |      Arc      |   Cell    | Delay | Arrival | Required | 
     |                              |               |           |       |  Time   |   Time   | 
     |------------------------------+---------------+-----------+-------+---------+----------| 
     | picorv32_core_reg_op1_reg[1] | CK ^          |           |       |   0.003 |    2.817 | 
     | picorv32_core_reg_op1_reg[1] | CK ^ -> Q v   | DFFX1     | 0.224 |   0.227 |    3.042 | 
     | FE_OFC220_pcpi_rs1_1         | A v -> Y v    | BUFX2     | 0.194 |   0.420 |    3.235 | 
     | FE_OFC172272_pcpi_rs1_1      | A v -> Y v    | CLKBUFX20 | 0.222 |   0.642 |    3.457 | 
     |                              | pcpi_rs1[1] v |           | 0.023 |   0.665 |    3.480 | 
     +---------------------------------------------------------------------------------------+ 
Path 6: MET Late External Delay Assertion 
Endpoint:   pcpi_rs1[20]                    (v) checked with  leading edge of 
'clk'
Beginpoint: picorv32_core_reg_op1_reg[20]/Q (v) triggered by  leading edge of 
'clk'
Path Groups: {reg2out}
Analysis View: analysis1
Other End Arrival Time          0.000
- External Delay                0.500
+ Phase Shift                   4.000
- Uncertainty                   0.020
= Required Time                 3.480
- Arrival Time                  0.658
= Slack Time                    2.822
     Clock Rise Edge                 0.000
     + Clock Network Latency (Prop)  0.003
     = Beginpoint Arrival Time       0.003
     +-----------------------------------------------------------------------------------------+ 
     |           Instance            |      Arc       |   Cell    | Delay | Arrival | Required | 
     |                               |                |           |       |  Time   |   Time   | 
     |-------------------------------+----------------+-----------+-------+---------+----------| 
     | picorv32_core_reg_op1_reg[20] | CK ^           |           |       |   0.003 |    2.825 | 
     | picorv32_core_reg_op1_reg[20] | CK ^ -> Q v    | DFFHQX1   | 0.170 |   0.173 |    2.995 | 
     | FE_OFC524_pcpi_rs1_20         | A v -> Y ^     | INVX1     | 0.080 |   0.253 |    3.075 | 
     | FE_OFC525_pcpi_rs1_20         | A ^ -> Y v     | INVX2     | 0.119 |   0.372 |    3.194 | 
     | FE_OFC461_pcpi_rs1_20         | A v -> Y v     | CLKBUFX20 | 0.097 |   0.469 |    3.291 | 
     | FE_OFC172280_pcpi_rs1_20      | A v -> Y v     | CLKBUFX20 | 0.176 |   0.645 |    3.467 | 
     |                               | pcpi_rs1[20] v |           | 0.013 |   0.658 |    3.480 | 
     +-----------------------------------------------------------------------------------------+ 
Path 7: MET Late External Delay Assertion 
Endpoint:   pcpi_rs2[12]                    (v) checked with  leading edge of 
'clk'
Beginpoint: picorv32_core_reg_op2_reg[12]/Q (v) triggered by  leading edge of 
'clk'
Path Groups: {reg2out}
Analysis View: analysis1
Other End Arrival Time          0.000
- External Delay                0.500
+ Phase Shift                   4.000
- Uncertainty                   0.020
= Required Time                 3.480
- Arrival Time                  0.658
= Slack Time                    2.822
     Clock Rise Edge                 0.000
     + Clock Network Latency (Prop)  0.000
     = Beginpoint Arrival Time       0.000
     +-----------------------------------------------------------------------------------------+ 
     |           Instance            |      Arc       |   Cell    | Delay | Arrival | Required | 
     |                               |                |           |       |  Time   |   Time   | 
     |-------------------------------+----------------+-----------+-------+---------+----------| 
     | picorv32_core_reg_op2_reg[12] | CK ^           |           |       |   0.000 |    2.822 | 
     | picorv32_core_reg_op2_reg[12] | CK ^ -> Q v    | DFFHQX1   | 0.211 |   0.211 |    3.033 | 
     | FE_OFC510_pcpi_rs2_12         | A v -> Y v     | BUFX2     | 0.195 |   0.406 |    3.228 | 
     | FE_OFC294_pcpi_rs2_12         | A v -> Y v     | CLKBUFX20 | 0.240 |   0.646 |    3.468 | 
     |                               | pcpi_rs2[12] v |           | 0.012 |   0.658 |    3.480 | 
     +-----------------------------------------------------------------------------------------+ 
Path 8: MET Late External Delay Assertion 
Endpoint:   pcpi_rs2[4]                    (v) checked with  leading edge of 
'clk'
Beginpoint: picorv32_core_reg_op2_reg[4]/Q (v) triggered by  leading edge of 
'clk'
Path Groups: {reg2out}
Analysis View: analysis1
Other End Arrival Time          0.000
- External Delay                0.500
+ Phase Shift                   4.000
- Uncertainty                   0.020
= Required Time                 3.480
- Arrival Time                  0.652
= Slack Time                    2.828
     Clock Rise Edge                 0.000
     + Clock Network Latency (Prop)  0.002
     = Beginpoint Arrival Time       0.002
     +---------------------------------------------------------------------------------------+ 
     |           Instance           |      Arc      |   Cell    | Delay | Arrival | Required | 
     |                              |               |           |       |  Time   |   Time   | 
     |------------------------------+---------------+-----------+-------+---------+----------| 
     | picorv32_core_reg_op2_reg[4] | CK ^          |           |       |   0.002 |    2.830 | 
     | picorv32_core_reg_op2_reg[4] | CK ^ -> Q v   | DFFX1     | 0.130 |   0.131 |    2.959 | 
     | FE_OFC318_pcpi_rs2_4         | A v -> Y v    | BUFX2     | 0.148 |   0.280 |    3.108 | 
     | FE_OFC319_pcpi_rs2_4         | A v -> Y v    | BUFX2     | 0.157 |   0.436 |    3.264 | 
     | FE_OFC321_pcpi_rs2_4         | A v -> Y v    | CLKBUFX20 | 0.197 |   0.633 |    3.461 | 
     |                              | pcpi_rs2[4] v |           | 0.019 |   0.652 |    3.480 | 
     +---------------------------------------------------------------------------------------+ 
Path 9: MET Late External Delay Assertion 
Endpoint:   pcpi_rs2[31]                    (v) checked with  leading edge of 
'clk'
Beginpoint: picorv32_core_reg_op2_reg[31]/Q (v) triggered by  leading edge of 
'clk'
Path Groups: {reg2out}
Analysis View: analysis1
Other End Arrival Time          0.000
- External Delay                0.500
+ Phase Shift                   4.000
- Uncertainty                   0.020
= Required Time                 3.480
- Arrival Time                  0.641
= Slack Time                    2.839
     Clock Rise Edge                 0.000
     + Clock Network Latency (Prop)  -0.001
     = Beginpoint Arrival Time       -0.001
     +-----------------------------------------------------------------------------------------+ 
     |           Instance            |      Arc       |   Cell    | Delay | Arrival | Required | 
     |                               |                |           |       |  Time   |   Time   | 
     |-------------------------------+----------------+-----------+-------+---------+----------| 
     | picorv32_core_reg_op2_reg[31] | CK ^           |           |       |  -0.001 |    2.838 | 
     | picorv32_core_reg_op2_reg[31] | CK ^ -> Q v    | DFFHQX1   | 0.127 |   0.126 |    2.965 | 
     | FE_OFC226_pcpi_rs2_31         | A v -> Y v     | BUFX2     | 0.126 |   0.252 |    3.090 | 
     | FE_OFC227_pcpi_rs2_31         | A v -> Y v     | BUFX2     | 0.160 |   0.412 |    3.250 | 
     | FE_OFC230_pcpi_rs2_31         | A v -> Y v     | CLKBUFX20 | 0.205 |   0.616 |    3.455 | 
     |                               | pcpi_rs2[31] v |           | 0.025 |   0.641 |    3.480 | 
     +-----------------------------------------------------------------------------------------+ 
Path 10: MET Late External Delay Assertion 
Endpoint:   pcpi_rs2[20]                    (v) checked with  leading edge of 
'clk'
Beginpoint: picorv32_core_reg_op2_reg[20]/Q (v) triggered by  leading edge of 
'clk'
Path Groups: {reg2out}
Analysis View: analysis1
Other End Arrival Time          0.000
- External Delay                0.500
+ Phase Shift                   4.000
- Uncertainty                   0.020
= Required Time                 3.480
- Arrival Time                  0.638
= Slack Time                    2.842
     Clock Rise Edge                 0.000
     + Clock Network Latency (Prop)  0.001
     = Beginpoint Arrival Time       0.001
     +-----------------------------------------------------------------------------------------+ 
     |           Instance            |      Arc       |   Cell    | Delay | Arrival | Required | 
     |                               |                |           |       |  Time   |   Time   | 
     |-------------------------------+----------------+-----------+-------+---------+----------| 
     | picorv32_core_reg_op2_reg[20] | CK ^           |           |       |   0.001 |    2.843 | 
     | picorv32_core_reg_op2_reg[20] | CK ^ -> Q v    | DFFHQX1   | 0.199 |   0.200 |    3.042 | 
     | FE_OFC516_pcpi_rs2_20         | A v -> Y v     | BUFX2     | 0.185 |   0.385 |    3.227 | 
     | FE_OFC269_pcpi_rs2_20         | A v -> Y v     | CLKBUFX20 | 0.229 |   0.613 |    3.456 | 
     |                               | pcpi_rs2[20] v |           | 0.024 |   0.638 |    3.480 | 
     +-----------------------------------------------------------------------------------------+ 
Path 11: MET Late External Delay Assertion 
Endpoint:   pcpi_rs2[22]                    (v) checked with  leading edge of 
'clk'
Beginpoint: picorv32_core_reg_op2_reg[22]/Q (v) triggered by  leading edge of 
'clk'
Path Groups: {reg2out}
Analysis View: analysis1
Other End Arrival Time          0.000
- External Delay                0.500
+ Phase Shift                   4.000
- Uncertainty                   0.020
= Required Time                 3.480
- Arrival Time                  0.637
= Slack Time                    2.843
     Clock Rise Edge                 0.000
     + Clock Network Latency (Prop)  -0.001
     = Beginpoint Arrival Time       -0.001
     +-----------------------------------------------------------------------------------------+ 
     |           Instance            |      Arc       |   Cell    | Delay | Arrival | Required | 
     |                               |                |           |       |  Time   |   Time   | 
     |-------------------------------+----------------+-----------+-------+---------+----------| 
     | picorv32_core_reg_op2_reg[22] | CK ^           |           |       |  -0.001 |    2.842 | 
     | picorv32_core_reg_op2_reg[22] | CK ^ -> Q v    | DFFHQX1   | 0.191 |   0.190 |    3.034 | 
     | FE_OFC260_pcpi_rs2_22         | A v -> Y v     | BUFX2     | 0.192 |   0.382 |    3.225 | 
     | FE_OFC262_pcpi_rs2_22         | A v -> Y v     | CLKBUFX20 | 0.242 |   0.624 |    3.467 | 
     |                               | pcpi_rs2[22] v |           | 0.012 |   0.637 |    3.480 | 
     +-----------------------------------------------------------------------------------------+ 
Path 12: MET Late External Delay Assertion 
Endpoint:   pcpi_rs1[11]                    (v) checked with  leading edge of 
'clk'
Beginpoint: picorv32_core_reg_op1_reg[11]/Q (v) triggered by  leading edge of 
'clk'
Path Groups: {reg2out}
Analysis View: analysis1
Other End Arrival Time          0.000
- External Delay                0.500
+ Phase Shift                   4.000
- Uncertainty                   0.020
= Required Time                 3.480
- Arrival Time                  0.636
= Slack Time                    2.844
     Clock Rise Edge                 0.000
     + Clock Network Latency (Prop)  0.001
     = Beginpoint Arrival Time       0.001
     +-----------------------------------------------------------------------------------------+ 
     |           Instance            |      Arc       |   Cell    | Delay | Arrival | Required | 
     |                               |                |           |       |  Time   |   Time   | 
     |-------------------------------+----------------+-----------+-------+---------+----------| 
     | picorv32_core_reg_op1_reg[11] | CK ^           |           |       |   0.001 |    2.845 | 
     | picorv32_core_reg_op1_reg[11] | CK ^ -> Q v    | DFFHQX1   | 0.217 |   0.218 |    3.062 | 
     | FE_OFC539_pcpi_rs1_11         | A v -> Y v     | BUFX2     | 0.180 |   0.398 |    3.243 | 
     | FE_OFC172276_pcpi_rs1_11      | A v -> Y v     | CLKBUFX20 | 0.220 |   0.619 |    3.463 | 
     |                               | pcpi_rs1[11] v |           | 0.017 |   0.636 |    3.480 | 
     +-----------------------------------------------------------------------------------------+ 
Path 13: MET Late External Delay Assertion 
Endpoint:   pcpi_rs2[9]                    (v) checked with  leading edge of 
'clk'
Beginpoint: picorv32_core_reg_op2_reg[9]/Q (v) triggered by  leading edge of 
'clk'
Path Groups: {reg2out}
Analysis View: analysis1
Other End Arrival Time          0.000
- External Delay                0.500
+ Phase Shift                   4.000
- Uncertainty                   0.020
= Required Time                 3.480
- Arrival Time                  0.631
= Slack Time                    2.849
     Clock Rise Edge                 0.000
     + Clock Network Latency (Prop)  0.000
     = Beginpoint Arrival Time       0.000
     +---------------------------------------------------------------------------------------+ 
     |           Instance           |      Arc      |   Cell    | Delay | Arrival | Required | 
     |                              |               |           |       |  Time   |   Time   | 
     |------------------------------+---------------+-----------+-------+---------+----------| 
     | picorv32_core_reg_op2_reg[9] | CK ^          |           |       |   0.000 |    2.849 | 
     | picorv32_core_reg_op2_reg[9] | CK ^ -> Q v   | DFFHQX1   | 0.208 |   0.208 |    3.057 | 
     | FE_OFC508_pcpi_rs2_9         | A v -> Y v    | BUFX2     | 0.181 |   0.389 |    3.238 | 
     | FE_OFC303_pcpi_rs2_9         | A v -> Y v    | CLKBUFX20 | 0.230 |   0.619 |    3.468 | 
     |                              | pcpi_rs2[9] v |           | 0.012 |   0.631 |    3.480 | 
     +---------------------------------------------------------------------------------------+ 
Path 14: MET Late External Delay Assertion 
Endpoint:   pcpi_rs2[11]                    (v) checked with  leading edge of 
'clk'
Beginpoint: picorv32_core_reg_op2_reg[11]/Q (v) triggered by  leading edge of 
'clk'
Path Groups: {reg2out}
Analysis View: analysis1
Other End Arrival Time          0.000
- External Delay                0.500
+ Phase Shift                   4.000
- Uncertainty                   0.020
= Required Time                 3.480
- Arrival Time                  0.630
= Slack Time                    2.850
     Clock Rise Edge                 0.000
     + Clock Network Latency (Prop)  0.000
     = Beginpoint Arrival Time       0.000
     +-----------------------------------------------------------------------------------------+ 
     |           Instance            |      Arc       |   Cell    | Delay | Arrival | Required | 
     |                               |                |           |       |  Time   |   Time   | 
     |-------------------------------+----------------+-----------+-------+---------+----------| 
     | picorv32_core_reg_op2_reg[11] | CK ^           |           |       |   0.000 |    2.850 | 
     | picorv32_core_reg_op2_reg[11] | CK ^ -> Q v    | DFFHQX1   | 0.209 |   0.210 |    3.059 | 
     | FE_OFC509_pcpi_rs2_11         | A v -> Y v     | BUFX2     | 0.180 |   0.389 |    3.239 | 
     | FE_OFC297_pcpi_rs2_11         | A v -> Y v     | CLKBUFX20 | 0.227 |   0.617 |    3.466 | 
     |                               | pcpi_rs2[11] v |           | 0.014 |   0.630 |    3.480 | 
     +-----------------------------------------------------------------------------------------+ 
Path 15: MET Late External Delay Assertion 
Endpoint:   pcpi_rs2[8]                    (v) checked with  leading edge of 
'clk'
Beginpoint: picorv32_core_reg_op2_reg[8]/Q (v) triggered by  leading edge of 
'clk'
Path Groups: {reg2out}
Analysis View: analysis1
Other End Arrival Time          0.000
- External Delay                0.500
+ Phase Shift                   4.000
- Uncertainty                   0.020
= Required Time                 3.480
- Arrival Time                  0.630
= Slack Time                    2.850
     Clock Rise Edge                 0.000
     + Clock Network Latency (Prop)  -0.001
     = Beginpoint Arrival Time       -0.001
     +---------------------------------------------------------------------------------------+ 
     |           Instance           |      Arc      |   Cell    | Delay | Arrival | Required | 
     |                              |               |           |       |  Time   |   Time   | 
     |------------------------------+---------------+-----------+-------+---------+----------| 
     | picorv32_core_reg_op2_reg[8] | CK ^          |           |       |  -0.001 |    2.849 | 
     | picorv32_core_reg_op2_reg[8] | CK ^ -> Q v   | DFFHQX1   | 0.215 |   0.214 |    3.064 | 
     | FE_OFC305_pcpi_rs2_8         | A v -> Y v    | BUFX2     | 0.178 |   0.392 |    3.243 | 
     | FE_OFC306_pcpi_rs2_8         | A v -> Y v    | CLKBUFX20 | 0.222 |   0.615 |    3.465 | 
     |                              | pcpi_rs2[8] v |           | 0.015 |   0.630 |    3.480 | 
     +---------------------------------------------------------------------------------------+ 
Path 16: MET Late External Delay Assertion 
Endpoint:   pcpi_rs2[0]                    (v) checked with  leading edge of 
'clk'
Beginpoint: picorv32_core_reg_op2_reg[0]/Q (v) triggered by  leading edge of 
'clk'
Path Groups: {reg2out}
Analysis View: analysis1
Other End Arrival Time          0.000
- External Delay                0.500
+ Phase Shift                   4.000
- Uncertainty                   0.020
= Required Time                 3.480
- Arrival Time                  0.625
= Slack Time                    2.855
     Clock Rise Edge                 0.000
     + Clock Network Latency (Prop)  0.002
     = Beginpoint Arrival Time       0.002
     +---------------------------------------------------------------------------------------+ 
     |           Instance           |      Arc      |   Cell    | Delay | Arrival | Required | 
     |                              |               |           |       |  Time   |   Time   | 
     |------------------------------+---------------+-----------+-------+---------+----------| 
     | picorv32_core_reg_op2_reg[0] | CK ^          |           |       |   0.002 |    2.857 | 
     | picorv32_core_reg_op2_reg[0] | CK ^ -> Q v   | DFFHQX1   | 0.138 |   0.140 |    2.995 | 
     | FE_OFC333_pcpi_rs2_0         | A v -> Y v    | CLKBUFX6  | 0.127 |   0.267 |    3.122 | 
     | FE_OFC334_pcpi_rs2_0         | A v -> Y ^    | INVXL     | 0.100 |   0.368 |    3.222 | 
     | FE_OFC335_pcpi_rs2_0         | A ^ -> Y v    | INVX1     | 0.053 |   0.421 |    3.276 | 
     | FE_OFC336_pcpi_rs2_0         | A v -> Y v    | CLKBUFX20 | 0.179 |   0.600 |    3.454 | 
     |                              | pcpi_rs2[0] v |           | 0.026 |   0.625 |    3.480 | 
     +---------------------------------------------------------------------------------------+ 
Path 17: MET Late External Delay Assertion 
Endpoint:   pcpi_rs1[30]                    (v) checked with  leading edge of 
'clk'
Beginpoint: picorv32_core_reg_op1_reg[30]/Q (v) triggered by  leading edge of 
'clk'
Path Groups: {reg2out}
Analysis View: analysis1
Other End Arrival Time          0.000
- External Delay                0.500
+ Phase Shift                   4.000
- Uncertainty                   0.020
= Required Time                 3.480
- Arrival Time                  0.620
= Slack Time                    2.860
     Clock Rise Edge                 0.000
     + Clock Network Latency (Prop)  0.001
     = Beginpoint Arrival Time       0.001
     +-----------------------------------------------------------------------------------------+ 
     |           Instance            |      Arc       |   Cell    | Delay | Arrival | Required | 
     |                               |                |           |       |  Time   |   Time   | 
     |-------------------------------+----------------+-----------+-------+---------+----------| 
     | picorv32_core_reg_op1_reg[30] | CK ^           |           |       |   0.001 |    2.862 | 
     | picorv32_core_reg_op1_reg[30] | CK ^ -> Q v    | DFFHQX1   | 0.204 |   0.205 |    3.065 | 
     | FE_OFC541_pcpi_rs1_30         | A v -> Y ^     | INVX1     | 0.085 |   0.290 |    3.151 | 
     | FE_OFC542_pcpi_rs1_30         | A ^ -> Y v     | INVX2     | 0.098 |   0.388 |    3.249 | 
     | FE_OFC172270_pcpi_rs1_30      | A v -> Y v     | CLKBUFX20 | 0.219 |   0.607 |    3.467 | 
     |                               | pcpi_rs1[30] v |           | 0.013 |   0.620 |    3.480 | 
     +-----------------------------------------------------------------------------------------+ 
Path 18: MET Late External Delay Assertion 
Endpoint:   pcpi_rs1[10]                    (v) checked with  leading edge of 
'clk'
Beginpoint: picorv32_core_reg_op1_reg[10]/Q (v) triggered by  leading edge of 
'clk'
Path Groups: {reg2out}
Analysis View: analysis1
Other End Arrival Time          0.000
- External Delay                0.500
+ Phase Shift                   4.000
- Uncertainty                   0.020
= Required Time                 3.480
- Arrival Time                  0.617
= Slack Time                    2.863
     Clock Rise Edge                 0.000
     + Clock Network Latency (Prop)  0.001
     = Beginpoint Arrival Time       0.001
     +-----------------------------------------------------------------------------------------+ 
     |           Instance            |      Arc       |   Cell    | Delay | Arrival | Required | 
     |                               |                |           |       |  Time   |   Time   | 
     |-------------------------------+----------------+-----------+-------+---------+----------| 
     | picorv32_core_reg_op1_reg[10] | CK ^           |           |       |   0.001 |    2.863 | 
     | picorv32_core_reg_op1_reg[10] | CK ^ -> Q v    | DFFHQX1   | 0.209 |   0.209 |    3.072 | 
     | FE_OFC505_pcpi_rs1_10         | A v -> Y v     | BUFX2     | 0.171 |   0.380 |    3.243 | 
     | FE_OFC198_pcpi_rs1_10         | A v -> Y v     | CLKBUFX20 | 0.211 |   0.591 |    3.454 | 
     |                               | pcpi_rs1[10] v |           | 0.026 |   0.617 |    3.480 | 
     +-----------------------------------------------------------------------------------------+ 
Path 19: MET Late External Delay Assertion 
Endpoint:   pcpi_rs2[16]                    (v) checked with  leading edge of 
'clk'
Beginpoint: picorv32_core_reg_op2_reg[16]/Q (v) triggered by  leading edge of 
'clk'
Path Groups: {reg2out}
Analysis View: analysis1
Other End Arrival Time          0.000
- External Delay                0.500
+ Phase Shift                   4.000
- Uncertainty                   0.020
= Required Time                 3.480
- Arrival Time                  0.616
= Slack Time                    2.864
     Clock Rise Edge                 0.000
     + Clock Network Latency (Prop)  -0.003
     = Beginpoint Arrival Time       -0.003
     +-----------------------------------------------------------------------------------------+ 
     |           Instance            |      Arc       |   Cell    | Delay | Arrival | Required | 
     |                               |                |           |       |  Time   |   Time   | 
     |-------------------------------+----------------+-----------+-------+---------+----------| 
     | picorv32_core_reg_op2_reg[16] | CK ^           |           |       |  -0.003 |    2.861 | 
     | picorv32_core_reg_op2_reg[16] | CK ^ -> Q v    | DFFHQX1   | 0.146 |   0.143 |    3.006 | 
     | FE_OFC279_pcpi_rs2_16         | A v -> Y ^     | INVX1     | 0.073 |   0.215 |    3.079 | 
     | FE_OFC280_pcpi_rs2_16         | A ^ -> Y v     | INVX2     | 0.146 |   0.362 |    3.226 | 
     | FE_OFC282_pcpi_rs2_16         | A v -> Y v     | CLKBUFX20 | 0.232 |   0.594 |    3.458 | 
     |                               | pcpi_rs2[16] v |           | 0.022 |   0.616 |    3.480 | 
     +-----------------------------------------------------------------------------------------+ 
Path 20: MET Late External Delay Assertion 
Endpoint:   pcpi_rs1[28]                    (v) checked with  leading edge of 
'clk'
Beginpoint: picorv32_core_reg_op1_reg[28]/Q (v) triggered by  leading edge of 
'clk'
Path Groups: {reg2out}
Analysis View: analysis1
Other End Arrival Time          0.000
- External Delay                0.500
+ Phase Shift                   4.000
- Uncertainty                   0.020
= Required Time                 3.480
- Arrival Time                  0.616
= Slack Time                    2.864
     Clock Rise Edge                 0.000
     + Clock Network Latency (Prop)  0.003
     = Beginpoint Arrival Time       0.003
     +-----------------------------------------------------------------------------------------+ 
     |           Instance            |      Arc       |   Cell    | Delay | Arrival | Required | 
     |                               |                |           |       |  Time   |   Time   | 
     |-------------------------------+----------------+-----------+-------+---------+----------| 
     | picorv32_core_reg_op1_reg[28] | CK ^           |           |       |   0.003 |    2.867 | 
     | picorv32_core_reg_op1_reg[28] | CK ^ -> Q v    | DFFHQX1   | 0.192 |   0.194 |    3.058 | 
     | FE_OFC507_pcpi_rs1_28         | A v -> Y v     | BUFX2     | 0.177 |   0.371 |    3.235 | 
     | FE_OFC142_pcpi_rs1_28         | A v -> Y v     | CLKBUFX20 | 0.234 |   0.605 |    3.469 | 
     |                               | pcpi_rs1[28] v |           | 0.011 |   0.616 |    3.480 | 
     +-----------------------------------------------------------------------------------------+ 
Path 21: MET Late External Delay Assertion 
Endpoint:   pcpi_rs1[21]                    (v) checked with  leading edge of 
'clk'
Beginpoint: picorv32_core_reg_op1_reg[21]/Q (v) triggered by  leading edge of 
'clk'
Path Groups: {reg2out}
Analysis View: analysis1
Other End Arrival Time          0.000
- External Delay                0.500
+ Phase Shift                   4.000
- Uncertainty                   0.020
= Required Time                 3.480
- Arrival Time                  0.604
= Slack Time                    2.876
     Clock Rise Edge                 0.000
     + Clock Network Latency (Prop)  0.003
     = Beginpoint Arrival Time       0.003
     +-----------------------------------------------------------------------------------------+ 
     |           Instance            |      Arc       |   Cell    | Delay | Arrival | Required | 
     |                               |                |           |       |  Time   |   Time   | 
     |-------------------------------+----------------+-----------+-------+---------+----------| 
     | picorv32_core_reg_op1_reg[21] | CK ^           |           |       |   0.003 |    2.879 | 
     | picorv32_core_reg_op1_reg[21] | CK ^ -> Q v    | DFFHQX1   | 0.207 |   0.210 |    3.086 | 
     | FE_OFC504_pcpi_rs1_21         | A v -> Y v     | BUFX2     | 0.164 |   0.373 |    3.249 | 
     | FE_OFC463_pcpi_rs1_21         | A v -> Y v     | CLKBUFX20 | 0.215 |   0.588 |    3.464 | 
     |                               | pcpi_rs1[21] v |           | 0.016 |   0.604 |    3.480 | 
     +-----------------------------------------------------------------------------------------+ 
Path 22: MET Late External Delay Assertion 
Endpoint:   pcpi_rs2[3]                    (v) checked with  leading edge of 
'clk'
Beginpoint: picorv32_core_reg_op2_reg[3]/Q (v) triggered by  leading edge of 
'clk'
Path Groups: {reg2out}
Analysis View: analysis1
Other End Arrival Time          0.000
- External Delay                0.500
+ Phase Shift                   4.000
- Uncertainty                   0.020
= Required Time                 3.480
- Arrival Time                  0.597
= Slack Time                    2.883
     Clock Rise Edge                 0.000
     + Clock Network Latency (Prop)  0.002
     = Beginpoint Arrival Time       0.002
     +---------------------------------------------------------------------------------------+ 
     |           Instance           |      Arc      |   Cell    | Delay | Arrival | Required | 
     |                              |               |           |       |  Time   |   Time   | 
     |------------------------------+---------------+-----------+-------+---------+----------| 
     | picorv32_core_reg_op2_reg[3] | CK ^          |           |       |   0.002 |    2.885 | 
     | picorv32_core_reg_op2_reg[3] | CK ^ -> Q v   | DFFX1     | 0.127 |   0.129 |    3.012 | 
     | FE_OFC322_pcpi_rs2_3         | A v -> Y v    | BUFX2     | 0.122 |   0.251 |    3.134 | 
     | FE_OFC324_pcpi_rs2_3         | A v -> Y v    | BUFX2     | 0.133 |   0.384 |    3.267 | 
     | FE_OFC325_pcpi_rs2_3         | A v -> Y v    | CLKBUFX20 | 0.194 |   0.578 |    3.461 | 
     |                              | pcpi_rs2[3] v |           | 0.019 |   0.597 |    3.480 | 
     +---------------------------------------------------------------------------------------+ 
Path 23: MET Late External Delay Assertion 
Endpoint:   pcpi_insn[13]                     (v) checked with  leading edge of 
'clk'
Beginpoint: picorv32_core_pcpi_insn_reg[13]/Q (v) triggered by  leading edge of 
'clk'
Path Groups: {reg2out}
Analysis View: analysis1
Other End Arrival Time          0.000
- External Delay                0.500
+ Phase Shift                   4.000
- Uncertainty                   0.020
= Required Time                 3.480
- Arrival Time                  0.591
= Slack Time                    2.889
     Clock Rise Edge                 0.000
     + Clock Network Latency (Prop)  0.000
     = Beginpoint Arrival Time       0.000
     +--------------------------------------------------------------------------------------------+ 
     |            Instance             |       Arc       |   Cell    | Delay | Arrival | Required | 
     |                                 |                 |           |       |  Time   |   Time   | 
     |---------------------------------+-----------------+-----------+-------+---------+----------| 
     | picorv32_core_pcpi_insn_reg[13] | CK ^            |           |       |   0.000 |    2.890 | 
     | picorv32_core_pcpi_insn_reg[13] | CK ^ -> Q v     | EDFFHQX1  | 0.134 |   0.135 |    3.024 | 
     | FE_OFC111_pcpi_insn_13          | A v -> Y ^      | INVX1     | 0.060 |   0.195 |    3.085 | 
     | FE_OFC112_pcpi_insn_13          | A ^ -> Y v      | INVX1     | 0.147 |   0.342 |    3.232 | 
     | FE_OFC113_pcpi_insn_13          | A v -> Y v      | CLKBUFX20 | 0.231 |   0.573 |    3.463 | 
     |                                 | pcpi_insn[13] v |           | 0.017 |   0.591 |    3.480 | 
     +--------------------------------------------------------------------------------------------+ 
Path 24: MET Late External Delay Assertion 
Endpoint:   pcpi_rs1[2]                    (v) checked with  leading edge of 
'clk'
Beginpoint: picorv32_core_reg_op1_reg[2]/Q (v) triggered by  leading edge of 
'clk'
Path Groups: {reg2out}
Analysis View: analysis1
Other End Arrival Time          0.000
- External Delay                0.500
+ Phase Shift                   4.000
- Uncertainty                   0.020
= Required Time                 3.480
- Arrival Time                  0.590
= Slack Time                    2.890
     Clock Rise Edge                 0.000
     + Clock Network Latency (Prop)  0.003
     = Beginpoint Arrival Time       0.003
     +---------------------------------------------------------------------------------------+ 
     |           Instance           |      Arc      |   Cell    | Delay | Arrival | Required | 
     |                              |               |           |       |  Time   |   Time   | 
     |------------------------------+---------------+-----------+-------+---------+----------| 
     | picorv32_core_reg_op1_reg[2] | CK ^          |           |       |   0.003 |    2.893 | 
     | picorv32_core_reg_op1_reg[2] | CK ^ -> Q v   | DFFX1     | 0.167 |   0.169 |    3.059 | 
     | FE_OFC217_pcpi_rs1_2         | A v -> Y v    | BUFX2     | 0.169 |   0.338 |    3.228 | 
     | FE_OFC218_pcpi_rs1_2         | A v -> Y v    | CLKBUFX20 | 0.236 |   0.574 |    3.464 | 
     |                              | pcpi_rs1[2] v |           | 0.016 |   0.590 |    3.480 | 
     +---------------------------------------------------------------------------------------+ 
Path 25: MET Late External Delay Assertion 
Endpoint:   pcpi_rs1[29]                    (v) checked with  leading edge of 
'clk'
Beginpoint: picorv32_core_reg_op1_reg[29]/Q (v) triggered by  leading edge of 
'clk'
Path Groups: {reg2out}
Analysis View: analysis1
Other End Arrival Time          0.000
- External Delay                0.500
+ Phase Shift                   4.000
- Uncertainty                   0.020
= Required Time                 3.480
- Arrival Time                  0.587
= Slack Time                    2.893
     Clock Rise Edge                 0.000
     + Clock Network Latency (Prop)  0.003
     = Beginpoint Arrival Time       0.003
     +-----------------------------------------------------------------------------------------+ 
     |           Instance            |      Arc       |   Cell    | Delay | Arrival | Required | 
     |                               |                |           |       |  Time   |   Time   | 
     |-------------------------------+----------------+-----------+-------+---------+----------| 
     | picorv32_core_reg_op1_reg[29] | CK ^           |           |       |   0.003 |    2.895 | 
     | picorv32_core_reg_op1_reg[29] | CK ^ -> Q v    | DFFHQX1   | 0.184 |   0.187 |    3.080 | 
     | FE_OFC137_pcpi_rs1_29         | A v -> Y v     | BUFX2     | 0.160 |   0.347 |    3.240 | 
     | FE_OFC139_pcpi_rs1_29         | A v -> Y v     | CLKBUFX20 | 0.218 |   0.565 |    3.458 | 
     |                               | pcpi_rs1[29] v |           | 0.022 |   0.587 |    3.480 | 
     +-----------------------------------------------------------------------------------------+ 
Path 26: MET Late External Delay Assertion 
Endpoint:   pcpi_rs2[21]                    (v) checked with  leading edge of 
'clk'
Beginpoint: picorv32_core_reg_op2_reg[21]/Q (v) triggered by  leading edge of 
'clk'
Path Groups: {reg2out}
Analysis View: analysis1
Other End Arrival Time          0.000
- External Delay                0.500
+ Phase Shift                   4.000
- Uncertainty                   0.020
= Required Time                 3.480
- Arrival Time                  0.582
= Slack Time                    2.898
     Clock Rise Edge                 0.000
     + Clock Network Latency (Prop)  0.003
     = Beginpoint Arrival Time       0.003
     +-----------------------------------------------------------------------------------------+ 
     |           Instance            |      Arc       |   Cell    | Delay | Arrival | Required | 
     |                               |                |           |       |  Time   |   Time   | 
     |-------------------------------+----------------+-----------+-------+---------+----------| 
     | picorv32_core_reg_op2_reg[21] | CK ^           |           |       |   0.003 |    2.900 | 
     | picorv32_core_reg_op2_reg[21] | CK ^ -> Q v    | DFFHQX1   | 0.196 |   0.199 |    3.096 | 
     | FE_OFC517_pcpi_rs2_21         | A v -> Y v     | BUFX3     | 0.150 |   0.349 |    3.247 | 
     | FE_OFC266_pcpi_rs2_21         | A v -> Y v     | CLKBUFX20 | 0.218 |   0.567 |    3.464 | 
     |                               | pcpi_rs2[21] v |           | 0.016 |   0.582 |    3.480 | 
     +-----------------------------------------------------------------------------------------+ 
Path 27: MET Late External Delay Assertion 
Endpoint:   pcpi_rs1[3]                    (v) checked with  leading edge of 
'clk'
Beginpoint: picorv32_core_reg_op1_reg[3]/Q (v) triggered by  leading edge of 
'clk'
Path Groups: {reg2out}
Analysis View: analysis1
Other End Arrival Time          0.000
- External Delay                0.500
+ Phase Shift                   4.000
- Uncertainty                   0.020
= Required Time                 3.480
- Arrival Time                  0.581
= Slack Time                    2.899
     Clock Rise Edge                 0.000
     + Clock Network Latency (Prop)  0.003
     = Beginpoint Arrival Time       0.003
     +---------------------------------------------------------------------------------------+ 
     |           Instance           |      Arc      |   Cell    | Delay | Arrival | Required | 
     |                              |               |           |       |  Time   |   Time   | 
     |------------------------------+---------------+-----------+-------+---------+----------| 
     | picorv32_core_reg_op1_reg[3] | CK ^          |           |       |   0.003 |    2.902 | 
     | picorv32_core_reg_op1_reg[3] | CK ^ -> Q v   | DFFX1     | 0.128 |   0.130 |    3.030 | 
     | FE_OFC214_pcpi_rs1_3         | A v -> Y v    | BUFX2     | 0.132 |   0.263 |    3.162 | 
     | FE_OFC215_pcpi_rs1_3         | A v -> Y v    | BUFX2     | 0.118 |   0.381 |    3.280 | 
     | FE_OFC216_pcpi_rs1_3         | A v -> Y v    | CLKBUFX20 | 0.177 |   0.558 |    3.457 | 
     |                              | pcpi_rs1[3] v |           | 0.023 |   0.581 |    3.480 | 
     +---------------------------------------------------------------------------------------+ 
Path 28: MET Late External Delay Assertion 
Endpoint:   pcpi_insn[12]                     (v) checked with  leading edge of 
'clk'
Beginpoint: picorv32_core_pcpi_insn_reg[12]/Q (v) triggered by  leading edge of 
'clk'
Path Groups: {reg2out}
Analysis View: analysis1
Other End Arrival Time          0.000
- External Delay                0.500
+ Phase Shift                   4.000
- Uncertainty                   0.020
= Required Time                 3.480
- Arrival Time                  0.575
= Slack Time                    2.905
     Clock Rise Edge                 0.000
     + Clock Network Latency (Prop)  0.000
     = Beginpoint Arrival Time       0.000
     +--------------------------------------------------------------------------------------------+ 
     |            Instance             |       Arc       |   Cell    | Delay | Arrival | Required | 
     |                                 |                 |           |       |  Time   |   Time   | 
     |---------------------------------+-----------------+-----------+-------+---------+----------| 
     | picorv32_core_pcpi_insn_reg[12] | CK ^            |           |       |   0.000 |    2.905 | 
     | picorv32_core_pcpi_insn_reg[12] | CK ^ -> Q v     | EDFFHQX1  | 0.137 |   0.137 |    3.042 | 
     | FE_OFC114_pcpi_insn_12          | A v -> Y ^      | INVX1     | 0.066 |   0.203 |    3.107 | 
     | FE_OFC115_pcpi_insn_12          | A ^ -> Y v      | INVX1     | 0.134 |   0.337 |    3.242 | 
     | FE_OFC116_pcpi_insn_12          | A v -> Y v      | CLKBUFX20 | 0.225 |   0.562 |    3.467 | 
     |                                 | pcpi_insn[12] v |           | 0.013 |   0.575 |    3.480 | 
     +--------------------------------------------------------------------------------------------+ 
Path 29: MET Late External Delay Assertion 
Endpoint:   pcpi_rs2[7]                    (v) checked with  leading edge of 
'clk'
Beginpoint: picorv32_core_reg_op2_reg[7]/Q (v) triggered by  leading edge of 
'clk'
Path Groups: {reg2out}
Analysis View: analysis1
Other End Arrival Time          0.000
- External Delay                0.500
+ Phase Shift                   4.000
- Uncertainty                   0.020
= Required Time                 3.480
- Arrival Time                  0.574
= Slack Time                    2.906
     Clock Rise Edge                 0.000
     + Clock Network Latency (Prop)  0.001
     = Beginpoint Arrival Time       0.001
     +---------------------------------------------------------------------------------------+ 
     |           Instance           |      Arc      |   Cell    | Delay | Arrival | Required | 
     |                              |               |           |       |  Time   |   Time   | 
     |------------------------------+---------------+-----------+-------+---------+----------| 
     | picorv32_core_reg_op2_reg[7] | CK ^          |           |       |   0.001 |    2.907 | 
     | picorv32_core_reg_op2_reg[7] | CK ^ -> Q v   | DFFX1     | 0.130 |   0.131 |    3.037 | 
     | FE_OFC307_pcpi_rs2_7         | A v -> Y ^    | INVX1     | 0.023 |   0.154 |    3.060 | 
     | FE_OFC308_pcpi_rs2_7         | A ^ -> Y v    | INVX2     | 0.122 |   0.276 |    3.182 | 
     | FE_OFC309_pcpi_rs2_7         | A v -> Y v    | CLKBUFX20 | 0.109 |   0.385 |    3.291 | 
     | FE_OFC172278_pcpi_rs2_7      | A v -> Y v    | CLKBUFX20 | 0.177 |   0.562 |    3.468 | 
     |                              | pcpi_rs2[7] v |           | 0.012 |   0.574 |    3.480 | 
     +---------------------------------------------------------------------------------------+ 
Path 30: MET Late External Delay Assertion 
Endpoint:   pcpi_rs2[24]                    (v) checked with  leading edge of 
'clk'
Beginpoint: picorv32_core_reg_op2_reg[24]/Q (v) triggered by  leading edge of 
'clk'
Path Groups: {reg2out}
Analysis View: analysis1
Other End Arrival Time          0.000
- External Delay                0.500
+ Phase Shift                   4.000
- Uncertainty                   0.020
= Required Time                 3.480
- Arrival Time                  0.573
= Slack Time                    2.907
     Clock Rise Edge                 0.000
     + Clock Network Latency (Prop)  0.002
     = Beginpoint Arrival Time       0.002
     +-----------------------------------------------------------------------------------------+ 
     |           Instance            |      Arc       |   Cell    | Delay | Arrival | Required | 
     |                               |                |           |       |  Time   |   Time   | 
     |-------------------------------+----------------+-----------+-------+---------+----------| 
     | picorv32_core_reg_op2_reg[24] | CK ^           |           |       |   0.002 |    2.909 | 
     | picorv32_core_reg_op2_reg[24] | CK ^ -> Q v    | DFFHQX1   | 0.188 |   0.190 |    3.097 | 
     | FE_OFC518_pcpi_rs2_24         | A v -> Y v     | BUFX3     | 0.148 |   0.338 |    3.245 | 
     | FE_OFC256_pcpi_rs2_24         | A v -> Y v     | CLKBUFX20 | 0.220 |   0.558 |    3.465 | 
     |                               | pcpi_rs2[24] v |           | 0.015 |   0.573 |    3.480 | 
     +-----------------------------------------------------------------------------------------+ 
Path 31: MET Late External Delay Assertion 
Endpoint:   pcpi_rs1[27]                    (v) checked with  leading edge of 
'clk'
Beginpoint: picorv32_core_reg_op1_reg[27]/Q (v) triggered by  leading edge of 
'clk'
Path Groups: {reg2out}
Analysis View: analysis1
Other End Arrival Time          0.000
- External Delay                0.500
+ Phase Shift                   4.000
- Uncertainty                   0.020
= Required Time                 3.480
- Arrival Time                  0.573
= Slack Time                    2.907
     Clock Rise Edge                 0.000
     + Clock Network Latency (Prop)  0.002
     = Beginpoint Arrival Time       0.002
     +-----------------------------------------------------------------------------------------+ 
     |           Instance            |      Arc       |   Cell    | Delay | Arrival | Required | 
     |                               |                |           |       |  Time   |   Time   | 
     |-------------------------------+----------------+-----------+-------+---------+----------| 
     | picorv32_core_reg_op1_reg[27] | CK ^           |           |       |   0.002 |    2.909 | 
     | picorv32_core_reg_op1_reg[27] | CK ^ -> Q v    | DFFHQX1   | 0.192 |   0.194 |    3.101 | 
     | FE_OFC143_pcpi_rs1_27         | A v -> Y v     | BUFX2     | 0.150 |   0.344 |    3.252 | 
     | FE_OFC144_pcpi_rs1_27         | A v -> Y v     | CLKBUFX20 | 0.212 |   0.557 |    3.464 | 
     |                               | pcpi_rs1[27] v |           | 0.016 |   0.573 |    3.480 | 
     +-----------------------------------------------------------------------------------------+ 
Path 32: MET Late External Delay Assertion 
Endpoint:   pcpi_rs1[5]                    (v) checked with  leading edge of 
'clk'
Beginpoint: picorv32_core_reg_op1_reg[5]/Q (v) triggered by  leading edge of 
'clk'
Path Groups: {reg2out}
Analysis View: analysis1
Other End Arrival Time          0.000
- External Delay                0.500
+ Phase Shift                   4.000
- Uncertainty                   0.020
= Required Time                 3.480
- Arrival Time                  0.571
= Slack Time                    2.909
     Clock Rise Edge                 0.000
     + Clock Network Latency (Prop)  0.002
     = Beginpoint Arrival Time       0.002
     +---------------------------------------------------------------------------------------+ 
     |           Instance           |      Arc      |   Cell    | Delay | Arrival | Required | 
     |                              |               |           |       |  Time   |   Time   | 
     |------------------------------+---------------+-----------+-------+---------+----------| 
     | picorv32_core_reg_op1_reg[5] | CK ^          |           |       |   0.002 |    2.911 | 
     | picorv32_core_reg_op1_reg[5] | CK ^ -> Q v   | DFFX1     | 0.130 |   0.133 |    3.042 | 
     | FE_OFC209_pcpi_rs1_5         | A v -> Y v    | BUFX2     | 0.106 |   0.238 |    3.147 | 
     | FE_OFC210_pcpi_rs1_5         | A v -> Y v    | BUFX2     | 0.121 |   0.359 |    3.268 | 
     | FE_OFC211_pcpi_rs1_5         | A v -> Y v    | CLKBUFX20 | 0.195 |   0.555 |    3.464 | 
     |                              | pcpi_rs1[5] v |           | 0.016 |   0.571 |    3.480 | 
     +---------------------------------------------------------------------------------------+ 
Path 33: MET Late External Delay Assertion 
Endpoint:   pcpi_rs2[2]                    (v) checked with  leading edge of 
'clk'
Beginpoint: picorv32_core_reg_op2_reg[2]/Q (v) triggered by  leading edge of 
'clk'
Path Groups: {reg2out}
Analysis View: analysis1
Other End Arrival Time          0.000
- External Delay                0.500
+ Phase Shift                   4.000
- Uncertainty                   0.020
= Required Time                 3.480
- Arrival Time                  0.551
= Slack Time                    2.929
     Clock Rise Edge                 0.000
     + Clock Network Latency (Prop)  0.003
     = Beginpoint Arrival Time       0.003
     +---------------------------------------------------------------------------------------+ 
     |           Instance           |      Arc      |   Cell    | Delay | Arrival | Required | 
     |                              |               |           |       |  Time   |   Time   | 
     |------------------------------+---------------+-----------+-------+---------+----------| 
     | picorv32_core_reg_op2_reg[2] | CK ^          |           |       |   0.003 |    2.932 | 
     | picorv32_core_reg_op2_reg[2] | CK ^ -> Q v   | DFFX1     | 0.196 |   0.199 |    3.128 | 
     | FE_OFC327_pcpi_rs2_2         | A v -> Y v    | BUFX2     | 0.133 |   0.332 |    3.261 | 
     | FE_OFC329_pcpi_rs2_2         | A v -> Y v    | CLKBUFX20 | 0.190 |   0.522 |    3.451 | 
     |                              | pcpi_rs2[2] v |           | 0.029 |   0.551 |    3.480 | 
     +---------------------------------------------------------------------------------------+ 
Path 34: MET Late External Delay Assertion 
Endpoint:   pcpi_rs1[6]                    (v) checked with  leading edge of 
'clk'
Beginpoint: picorv32_core_reg_op1_reg[6]/Q (v) triggered by  leading edge of 
'clk'
Path Groups: {reg2out}
Analysis View: analysis1
Other End Arrival Time          0.000
- External Delay                0.500
+ Phase Shift                   4.000
- Uncertainty                   0.020
= Required Time                 3.480
- Arrival Time                  0.547
= Slack Time                    2.933
     Clock Rise Edge                 0.000
     + Clock Network Latency (Prop)  0.002
     = Beginpoint Arrival Time       0.002
     +---------------------------------------------------------------------------------------+ 
     |           Instance           |      Arc      |   Cell    | Delay | Arrival | Required | 
     |                              |               |           |       |  Time   |   Time   | 
     |------------------------------+---------------+-----------+-------+---------+----------| 
     | picorv32_core_reg_op1_reg[6] | CK ^          |           |       |   0.002 |    2.935 | 
     | picorv32_core_reg_op1_reg[6] | CK ^ -> Q v   | DFFX1     | 0.168 |   0.170 |    3.103 | 
     | FE_OFC206_pcpi_rs1_6         | A v -> Y v    | BUFX2     | 0.142 |   0.312 |    3.245 | 
     | FE_OFC208_pcpi_rs1_6         | A v -> Y v    | CLKBUFX20 | 0.217 |   0.529 |    3.462 | 
     |                              | pcpi_rs1[6] v |           | 0.018 |   0.547 |    3.480 | 
     +---------------------------------------------------------------------------------------+ 
Path 35: MET Late External Delay Assertion 
Endpoint:   pcpi_rs2[30]                    (v) checked with  leading edge of 
'clk'
Beginpoint: picorv32_core_reg_op2_reg[30]/Q (v) triggered by  leading edge of 
'clk'
Path Groups: {reg2out}
Analysis View: analysis1
Other End Arrival Time          0.000
- External Delay                0.500
+ Phase Shift                   4.000
- Uncertainty                   0.020
= Required Time                 3.480
- Arrival Time                  0.543
= Slack Time                    2.937
     Clock Rise Edge                 0.000
     + Clock Network Latency (Prop)  0.001
     = Beginpoint Arrival Time       0.001
     +-----------------------------------------------------------------------------------------+ 
     |           Instance            |      Arc       |   Cell    | Delay | Arrival | Required | 
     |                               |                |           |       |  Time   |   Time   | 
     |-------------------------------+----------------+-----------+-------+---------+----------| 
     | picorv32_core_reg_op2_reg[30] | CK ^           |           |       |   0.001 |    2.938 | 
     | picorv32_core_reg_op2_reg[30] | CK ^ -> Q v    | DFFHQX1   | 0.132 |   0.133 |    3.070 | 
     | FE_OFC231_pcpi_rs2_30         | A v -> Y v     | BUFX3     | 0.146 |   0.279 |    3.216 | 
     | FE_OFC234_pcpi_rs2_30         | A v -> Y v     | CLKBUFX20 | 0.236 |   0.515 |    3.452 | 
     |                               | pcpi_rs2[30] v |           | 0.028 |   0.543 |    3.480 | 
     +-----------------------------------------------------------------------------------------+ 
Path 36: MET Late External Delay Assertion 
Endpoint:   pcpi_rs2[6]                    (v) checked with  leading edge of 
'clk'
Beginpoint: picorv32_core_reg_op2_reg[6]/Q (v) triggered by  leading edge of 
'clk'
Path Groups: {reg2out}
Analysis View: analysis1
Other End Arrival Time          0.000
- External Delay                0.500
+ Phase Shift                   4.000
- Uncertainty                   0.020
= Required Time                 3.480
- Arrival Time                  0.541
= Slack Time                    2.939
     Clock Rise Edge                 0.000
     + Clock Network Latency (Prop)  0.001
     = Beginpoint Arrival Time       0.001
     +---------------------------------------------------------------------------------------+ 
     |           Instance           |      Arc      |   Cell    | Delay | Arrival | Required | 
     |                              |               |           |       |  Time   |   Time   | 
     |------------------------------+---------------+-----------+-------+---------+----------| 
     | picorv32_core_reg_op2_reg[6] | CK ^          |           |       |   0.001 |    2.940 | 
     | picorv32_core_reg_op2_reg[6] | CK ^ -> Q v   | DFFX1     | 0.130 |   0.131 |    3.069 | 
     | FE_OFC310_pcpi_rs2_6         | A v -> Y v    | BUFX2     | 0.155 |   0.285 |    3.224 | 
     | FE_OFC312_pcpi_rs2_6         | A v -> Y v    | CLKBUFX20 | 0.243 |   0.528 |    3.467 | 
     |                              | pcpi_rs2[6] v |           | 0.013 |   0.541 |    3.480 | 
     +---------------------------------------------------------------------------------------+ 
Path 37: MET Late External Delay Assertion 
Endpoint:   pcpi_rs2[23]                    (v) checked with  leading edge of 
'clk'
Beginpoint: picorv32_core_reg_op2_reg[23]/Q (v) triggered by  leading edge of 
'clk'
Path Groups: {reg2out}
Analysis View: analysis1
Other End Arrival Time          0.000
- External Delay                0.500
+ Phase Shift                   4.000
- Uncertainty                   0.020
= Required Time                 3.480
- Arrival Time                  0.538
= Slack Time                    2.942
     Clock Rise Edge                 0.000
     + Clock Network Latency (Prop)  0.000
     = Beginpoint Arrival Time       0.000
     +-----------------------------------------------------------------------------------------+ 
     |           Instance            |      Arc       |   Cell    | Delay | Arrival | Required | 
     |                               |                |           |       |  Time   |   Time   | 
     |-------------------------------+----------------+-----------+-------+---------+----------| 
     | picorv32_core_reg_op2_reg[23] | CK ^           |           |       |   0.000 |    2.943 | 
     | picorv32_core_reg_op2_reg[23] | CK ^ -> Q v    | DFFHQX1   | 0.133 |   0.134 |    3.076 | 
     | FE_OFC257_pcpi_rs2_23         | A v -> Y v     | BUFX3     | 0.146 |   0.280 |    3.222 | 
     | FE_OFC259_pcpi_rs2_23         | A v -> Y v     | CLKBUFX20 | 0.245 |   0.525 |    3.467 | 
     |                               | pcpi_rs2[23] v |           | 0.013 |   0.538 |    3.480 | 
     +-----------------------------------------------------------------------------------------+ 
Path 38: MET Late External Delay Assertion 
Endpoint:   pcpi_rs1[22]                    (v) checked with  leading edge of 
'clk'
Beginpoint: picorv32_core_reg_op1_reg[22]/Q (v) triggered by  leading edge of 
'clk'
Path Groups: {reg2out}
Analysis View: analysis1
Other End Arrival Time          0.000
- External Delay                0.500
+ Phase Shift                   4.000
- Uncertainty                   0.020
= Required Time                 3.480
- Arrival Time                  0.537
= Slack Time                    2.943
     Clock Rise Edge                 0.000
     + Clock Network Latency (Prop)  0.003
     = Beginpoint Arrival Time       0.003
     +-----------------------------------------------------------------------------------------+ 
     |           Instance            |      Arc       |   Cell    | Delay | Arrival | Required | 
     |                               |                |           |       |  Time   |   Time   | 
     |-------------------------------+----------------+-----------+-------+---------+----------| 
     | picorv32_core_reg_op1_reg[22] | CK ^           |           |       |   0.003 |    2.946 | 
     | picorv32_core_reg_op1_reg[22] | CK ^ -> Q v    | DFFHQX1   | 0.159 |   0.161 |    3.105 | 
     | FE_OFC502_pcpi_rs1_22         | A v -> Y v     | BUFX3     | 0.135 |   0.297 |    3.240 | 
     | FE_OFC469_pcpi_rs1_22         | A v -> Y v     | CLKBUFX20 | 0.222 |   0.519 |    3.462 | 
     |                               | pcpi_rs1[22] v |           | 0.018 |   0.537 |    3.480 | 
     +-----------------------------------------------------------------------------------------+ 
Path 39: MET Late External Delay Assertion 
Endpoint:   pcpi_rs1[12]                    (v) checked with  leading edge of 
'clk'
Beginpoint: picorv32_core_reg_op1_reg[12]/Q (v) triggered by  leading edge of 
'clk'
Path Groups: {reg2out}
Analysis View: analysis1
Other End Arrival Time          0.000
- External Delay                0.500
+ Phase Shift                   4.000
- Uncertainty                   0.020
= Required Time                 3.480
- Arrival Time                  0.534
= Slack Time                    2.946
     Clock Rise Edge                 0.000
     + Clock Network Latency (Prop)  0.001
     = Beginpoint Arrival Time       0.001
     +-----------------------------------------------------------------------------------------+ 
     |           Instance            |      Arc       |   Cell    | Delay | Arrival | Required | 
     |                               |                |           |       |  Time   |   Time   | 
     |-------------------------------+----------------+-----------+-------+---------+----------| 
     | picorv32_core_reg_op1_reg[12] | CK ^           |           |       |   0.001 |    2.947 | 
     | picorv32_core_reg_op1_reg[12] | CK ^ -> Q v    | DFFHQX1   | 0.142 |   0.143 |    3.089 | 
     | FE_OFC544_pcpi_rs1_12         | A v -> Y ^     | INVX1     | 0.045 |   0.188 |    3.134 | 
     | FE_OFC545_pcpi_rs1_12         | A ^ -> Y v     | INVX3     | 0.105 |   0.293 |    3.239 | 
     | FE_OFC471_pcpi_rs1_12         | A v -> Y v     | CLKBUFX20 | 0.226 |   0.519 |    3.465 | 
     |                               | pcpi_rs1[12] v |           | 0.015 |   0.534 |    3.480 | 
     +-----------------------------------------------------------------------------------------+ 
Path 40: MET Late External Delay Assertion 
Endpoint:   pcpi_rs1[4]                    (v) checked with  leading edge of 
'clk'
Beginpoint: picorv32_core_reg_op1_reg[4]/Q (v) triggered by  leading edge of 
'clk'
Path Groups: {reg2out}
Analysis View: analysis1
Other End Arrival Time          0.000
- External Delay                0.500
+ Phase Shift                   4.000
- Uncertainty                   0.020
= Required Time                 3.480
- Arrival Time                  0.533
= Slack Time                    2.947
     Clock Rise Edge                 0.000
     + Clock Network Latency (Prop)  0.003
     = Beginpoint Arrival Time       0.003
     +---------------------------------------------------------------------------------------+ 
     |           Instance           |      Arc      |   Cell    | Delay | Arrival | Required | 
     |                              |               |           |       |  Time   |   Time   | 
     |------------------------------+---------------+-----------+-------+---------+----------| 
     | picorv32_core_reg_op1_reg[4] | CK ^          |           |       |   0.003 |    2.950 | 
     | picorv32_core_reg_op1_reg[4] | CK ^ -> Q v   | DFFX1     | 0.130 |   0.133 |    3.080 | 
     | FE_OFC212_pcpi_rs1_4         | A v -> Y v    | BUFX2     | 0.148 |   0.281 |    3.228 | 
     | FE_OFC213_pcpi_rs1_4         | A v -> Y v    | CLKBUFX20 | 0.238 |   0.519 |    3.466 | 
     |                              | pcpi_rs1[4] v |           | 0.014 |   0.533 |    3.480 | 
     +---------------------------------------------------------------------------------------+ 
Path 41: MET Late External Delay Assertion 
Endpoint:   pcpi_rs2[29]                    (v) checked with  leading edge of 
'clk'
Beginpoint: picorv32_core_reg_op2_reg[29]/Q (v) triggered by  leading edge of 
'clk'
Path Groups: {reg2out}
Analysis View: analysis1
Other End Arrival Time          0.000
- External Delay                0.500
+ Phase Shift                   4.000
- Uncertainty                   0.020
= Required Time                 3.480
- Arrival Time                  0.533
= Slack Time                    2.947
     Clock Rise Edge                 0.000
     + Clock Network Latency (Prop)  -0.001
     = Beginpoint Arrival Time       -0.001
     +-----------------------------------------------------------------------------------------+ 
     |           Instance            |      Arc       |   Cell    | Delay | Arrival | Required | 
     |                               |                |           |       |  Time   |   Time   | 
     |-------------------------------+----------------+-----------+-------+---------+----------| 
     | picorv32_core_reg_op2_reg[29] | CK ^           |           |       |  -0.001 |    2.946 | 
     | picorv32_core_reg_op2_reg[29] | CK ^ -> Q v    | DFFHQX1   | 0.137 |   0.136 |    3.083 | 
     | FE_OFC235_pcpi_rs2_29         | A v -> Y v     | BUFX3     | 0.142 |   0.278 |    3.225 | 
     | FE_OFC237_pcpi_rs2_29         | A v -> Y v     | CLKBUFX20 | 0.239 |   0.517 |    3.464 | 
     |                               | pcpi_rs2[29] v |           | 0.016 |   0.533 |    3.480 | 
     +-----------------------------------------------------------------------------------------+ 
Path 42: MET Late External Delay Assertion 
Endpoint:   pcpi_rs2[15]                    (v) checked with  leading edge of 
'clk'
Beginpoint: picorv32_core_reg_op2_reg[15]/Q (v) triggered by  leading edge of 
'clk'
Path Groups: {reg2out}
Analysis View: analysis1
Other End Arrival Time          0.000
- External Delay                0.500
+ Phase Shift                   4.000
- Uncertainty                   0.020
= Required Time                 3.480
- Arrival Time                  0.527
= Slack Time                    2.953
     Clock Rise Edge                 0.000
     + Clock Network Latency (Prop)  0.000
     = Beginpoint Arrival Time       0.000
     +-----------------------------------------------------------------------------------------+ 
     |           Instance            |      Arc       |   Cell    | Delay | Arrival | Required | 
     |                               |                |           |       |  Time   |   Time   | 
     |-------------------------------+----------------+-----------+-------+---------+----------| 
     | picorv32_core_reg_op2_reg[15] | CK ^           |           |       |   0.000 |    2.954 | 
     | picorv32_core_reg_op2_reg[15] | CK ^ -> Q v    | DFFHQX1   | 0.142 |   0.143 |    3.096 | 
     | FE_OFC514_pcpi_rs2_15         | A v -> Y v     | BUFX3     | 0.136 |   0.279 |    3.232 | 
     | FE_OFC285_pcpi_rs2_15         | A v -> Y v     | CLKBUFX20 | 0.235 |   0.514 |    3.467 | 
     |                               | pcpi_rs2[15] v |           | 0.013 |   0.527 |    3.480 | 
     +-----------------------------------------------------------------------------------------+ 
Path 43: MET Late External Delay Assertion 
Endpoint:   pcpi_rs1[13]                    (v) checked with  leading edge of 
'clk'
Beginpoint: picorv32_core_reg_op1_reg[13]/Q (v) triggered by  leading edge of 
'clk'
Path Groups: {reg2out}
Analysis View: analysis1
Other End Arrival Time          0.000
- External Delay                0.500
+ Phase Shift                   4.000
- Uncertainty                   0.020
= Required Time                 3.480
- Arrival Time                  0.527
= Slack Time                    2.953
     Clock Rise Edge                 0.000
     + Clock Network Latency (Prop)  0.001
     = Beginpoint Arrival Time       0.001
     +-----------------------------------------------------------------------------------------+ 
     |           Instance            |      Arc       |   Cell    | Delay | Arrival | Required | 
     |                               |                |           |       |  Time   |   Time   | 
     |-------------------------------+----------------+-----------+-------+---------+----------| 
     | picorv32_core_reg_op1_reg[13] | CK ^           |           |       |   0.001 |    2.954 | 
     | picorv32_core_reg_op1_reg[13] | CK ^ -> Q v    | DFFHQX1   | 0.147 |   0.148 |    3.101 | 
     | FE_OFC546_pcpi_rs1_13         | A v -> Y ^     | INVX1     | 0.041 |   0.189 |    3.142 | 
     | FE_OFC547_pcpi_rs1_13         | A ^ -> Y v     | INVX3     | 0.098 |   0.287 |    3.240 | 
     | FE_OFC465_pcpi_rs1_13         | A v -> Y v     | CLKBUFX20 | 0.223 |   0.510 |    3.464 | 
     |                               | pcpi_rs1[13] v |           | 0.016 |   0.527 |    3.480 | 
     +-----------------------------------------------------------------------------------------+ 
Path 44: MET Late External Delay Assertion 
Endpoint:   pcpi_rs1[24]                    (v) checked with  leading edge of 
'clk'
Beginpoint: picorv32_core_reg_op1_reg[24]/Q (v) triggered by  leading edge of 
'clk'
Path Groups: {reg2out}
Analysis View: analysis1
Other End Arrival Time          0.000
- External Delay                0.500
+ Phase Shift                   4.000
- Uncertainty                   0.020
= Required Time                 3.480
- Arrival Time                  0.527
= Slack Time                    2.953
     Clock Rise Edge                 0.000
     + Clock Network Latency (Prop)  0.002
     = Beginpoint Arrival Time       0.002
     +-----------------------------------------------------------------------------------------+ 
     |           Instance            |      Arc       |   Cell    | Delay | Arrival | Required | 
     |                               |                |           |       |  Time   |   Time   | 
     |-------------------------------+----------------+-----------+-------+---------+----------| 
     | picorv32_core_reg_op1_reg[24] | CK ^           |           |       |   0.002 |    2.956 | 
     | picorv32_core_reg_op1_reg[24] | CK ^ -> Q v    | DFFHQX1   | 0.127 |   0.129 |    3.082 | 
     | FE_OFC152_pcpi_rs1_24         | A v -> Y ^     | INVX1     | 0.019 |   0.148 |    3.102 | 
     | FE_OFC153_pcpi_rs1_24         | A ^ -> Y v     | INVX2     | 0.122 |   0.271 |    3.224 | 
     | FE_OFC154_pcpi_rs1_24         | A v -> Y v     | CLKBUFX20 | 0.242 |   0.513 |    3.466 | 
     |                               | pcpi_rs1[24] v |           | 0.014 |   0.527 |    3.480 | 
     +-----------------------------------------------------------------------------------------+ 
Path 45: MET Late External Delay Assertion 
Endpoint:   pcpi_rs1[15]                    (v) checked with  leading edge of 
'clk'
Beginpoint: picorv32_core_reg_op1_reg[15]/Q (v) triggered by  leading edge of 
'clk'
Path Groups: {reg2out}
Analysis View: analysis1
Other End Arrival Time          0.000
- External Delay                0.500
+ Phase Shift                   4.000
- Uncertainty                   0.020
= Required Time                 3.480
- Arrival Time                  0.526
= Slack Time                    2.954
     Clock Rise Edge                 0.000
     + Clock Network Latency (Prop)  -0.003
     = Beginpoint Arrival Time       -0.003
     +-----------------------------------------------------------------------------------------+ 
     |           Instance            |      Arc       |   Cell    | Delay | Arrival | Required | 
     |                               |                |           |       |  Time   |   Time   | 
     |-------------------------------+----------------+-----------+-------+---------+----------| 
     | picorv32_core_reg_op1_reg[15] | CK ^           |           |       |  -0.003 |    2.951 | 
     | picorv32_core_reg_op1_reg[15] | CK ^ -> Q v    | DFFHQX1   | 0.153 |   0.150 |    3.104 | 
     | FE_OFC503_pcpi_rs1_15         | A v -> Y v     | BUFX3     | 0.135 |   0.285 |    3.240 | 
     | FE_OFC459_pcpi_rs1_15         | A v -> Y v     | CLKBUFX20 | 0.225 |   0.510 |    3.465 | 
     |                               | pcpi_rs1[15] v |           | 0.015 |   0.526 |    3.480 | 
     +-----------------------------------------------------------------------------------------+ 
Path 46: MET Late External Delay Assertion 
Endpoint:   pcpi_rs1[7]                    (v) checked with  leading edge of 
'clk'
Beginpoint: picorv32_core_reg_op1_reg[7]/Q (v) triggered by  leading edge of 
'clk'
Path Groups: {reg2out}
Analysis View: analysis1
Other End Arrival Time          0.000
- External Delay                0.500
+ Phase Shift                   4.000
- Uncertainty                   0.020
= Required Time                 3.480
- Arrival Time                  0.526
= Slack Time                    2.954
     Clock Rise Edge                 0.000
     + Clock Network Latency (Prop)  0.002
     = Beginpoint Arrival Time       0.002
     +---------------------------------------------------------------------------------------+ 
     |           Instance           |      Arc      |   Cell    | Delay | Arrival | Required | 
     |                              |               |           |       |  Time   |   Time   | 
     |------------------------------+---------------+-----------+-------+---------+----------| 
     | picorv32_core_reg_op1_reg[7] | CK ^          |           |       |   0.002 |    2.957 | 
     | picorv32_core_reg_op1_reg[7] | CK ^ -> Q v   | DFFX1     | 0.130 |   0.132 |    3.087 | 
     | FE_OFC204_pcpi_rs1_7         | A v -> Y v    | BUFX2     | 0.142 |   0.274 |    3.229 | 
     | FE_OFC205_pcpi_rs1_7         | A v -> Y v    | CLKBUFX20 | 0.232 |   0.507 |    3.461 | 
     |                              | pcpi_rs1[7] v |           | 0.019 |   0.526 |    3.480 | 
     +---------------------------------------------------------------------------------------+ 
Path 47: MET Late External Delay Assertion 
Endpoint:   pcpi_rs2[25]                    (v) checked with  leading edge of 
'clk'
Beginpoint: picorv32_core_reg_op2_reg[25]/Q (v) triggered by  leading edge of 
'clk'
Path Groups: {reg2out}
Analysis View: analysis1
Other End Arrival Time          0.000
- External Delay                0.500
+ Phase Shift                   4.000
- Uncertainty                   0.020
= Required Time                 3.480
- Arrival Time                  0.518
= Slack Time                    2.962
     Clock Rise Edge                 0.000
     + Clock Network Latency (Prop)  0.000
     = Beginpoint Arrival Time       0.000
     +-----------------------------------------------------------------------------------------+ 
     |           Instance            |      Arc       |   Cell    | Delay | Arrival | Required | 
     |                               |                |           |       |  Time   |   Time   | 
     |-------------------------------+----------------+-----------+-------+---------+----------| 
     | picorv32_core_reg_op2_reg[25] | CK ^           |           |       |   0.000 |    2.962 | 
     | picorv32_core_reg_op2_reg[25] | CK ^ -> Q v    | DFFHQX1   | 0.152 |   0.153 |    3.115 | 
     | FE_OFC251_pcpi_rs2_25         | A v -> Y v     | BUFX2     | 0.133 |   0.286 |    3.247 | 
     | FE_OFC253_pcpi_rs2_25         | A v -> Y v     | CLKBUFX20 | 0.215 |   0.501 |    3.463 | 
     |                               | pcpi_rs2[25] v |           | 0.017 |   0.518 |    3.480 | 
     +-----------------------------------------------------------------------------------------+ 
Path 48: MET Late External Delay Assertion 
Endpoint:   pcpi_rs1[26]                    (v) checked with  leading edge of 
'clk'
Beginpoint: picorv32_core_reg_op1_reg[26]/Q (v) triggered by  leading edge of 
'clk'
Path Groups: {reg2out}
Analysis View: analysis1
Other End Arrival Time          0.000
- External Delay                0.500
+ Phase Shift                   4.000
- Uncertainty                   0.020
= Required Time                 3.480
- Arrival Time                  0.518
= Slack Time                    2.962
     Clock Rise Edge                 0.000
     + Clock Network Latency (Prop)  0.001
     = Beginpoint Arrival Time       0.001
     +-----------------------------------------------------------------------------------------+ 
     |           Instance            |      Arc       |   Cell    | Delay | Arrival | Required | 
     |                               |                |           |       |  Time   |   Time   | 
     |-------------------------------+----------------+-----------+-------+---------+----------| 
     | picorv32_core_reg_op1_reg[26] | CK ^           |           |       |   0.001 |    2.963 | 
     | picorv32_core_reg_op1_reg[26] | CK ^ -> Q v    | DFFHQX1   | 0.127 |   0.128 |    3.089 | 
     | FE_OFC145_pcpi_rs1_26         | A v -> Y v     | BUFX2     | 0.142 |   0.269 |    3.231 | 
     | FE_OFC148_pcpi_rs1_26         | A v -> Y v     | CLKBUFX20 | 0.235 |   0.505 |    3.466 | 
     |                               | pcpi_rs1[26] v |           | 0.014 |   0.518 |    3.480 | 
     +-----------------------------------------------------------------------------------------+ 
Path 49: MET Late External Delay Assertion 
Endpoint:   pcpi_rs1[25]                    (v) checked with  leading edge of 
'clk'
Beginpoint: picorv32_core_reg_op1_reg[25]/Q (v) triggered by  leading edge of 
'clk'
Path Groups: {reg2out}
Analysis View: analysis1
Other End Arrival Time          0.000
- External Delay                0.500
+ Phase Shift                   4.000
- Uncertainty                   0.020
= Required Time                 3.480
- Arrival Time                  0.517
= Slack Time                    2.963
     Clock Rise Edge                 0.000
     + Clock Network Latency (Prop)  0.001
     = Beginpoint Arrival Time       0.001
     +-----------------------------------------------------------------------------------------+ 
     |           Instance            |      Arc       |   Cell    | Delay | Arrival | Required | 
     |                               |                |           |       |  Time   |   Time   | 
     |-------------------------------+----------------+-----------+-------+---------+----------| 
     | picorv32_core_reg_op1_reg[25] | CK ^           |           |       |   0.001 |    2.964 | 
     | picorv32_core_reg_op1_reg[25] | CK ^ -> Q v    | DFFHQX1   | 0.125 |   0.127 |    3.089 | 
     | FE_OFC149_pcpi_rs1_25         | A v -> Y ^     | INVX1     | 0.019 |   0.145 |    3.108 | 
     | FE_OFC150_pcpi_rs1_25         | A ^ -> Y v     | INVX2     | 0.120 |   0.265 |    3.228 | 
     | FE_OFC151_pcpi_rs1_25         | A v -> Y v     | CLKBUFX20 | 0.239 |   0.504 |    3.467 | 
     |                               | pcpi_rs1[25] v |           | 0.013 |   0.517 |    3.480 | 
     +-----------------------------------------------------------------------------------------+ 
Path 50: MET Late External Delay Assertion 
Endpoint:   pcpi_rs2[14]                    (v) checked with  leading edge of 
'clk'
Beginpoint: picorv32_core_reg_op2_reg[14]/Q (v) triggered by  leading edge of 
'clk'
Path Groups: {reg2out}
Analysis View: analysis1
Other End Arrival Time          0.000
- External Delay                0.500
+ Phase Shift                   4.000
- Uncertainty                   0.020
= Required Time                 3.480
- Arrival Time                  0.515
= Slack Time                    2.965
     Clock Rise Edge                 0.000
     + Clock Network Latency (Prop)  -0.001
     = Beginpoint Arrival Time       -0.001
     +-----------------------------------------------------------------------------------------+ 
     |           Instance            |      Arc       |   Cell    | Delay | Arrival | Required | 
     |                               |                |           |       |  Time   |   Time   | 
     |-------------------------------+----------------+-----------+-------+---------+----------| 
     | picorv32_core_reg_op2_reg[14] | CK ^           |           |       |  -0.001 |    2.964 | 
     | picorv32_core_reg_op2_reg[14] | CK ^ -> Q v    | DFFHQX1   | 0.141 |   0.140 |    3.105 | 
     | FE_OFC513_pcpi_rs2_14         | A v -> Y v     | BUFX3     | 0.131 |   0.271 |    3.236 | 
     | FE_OFC288_pcpi_rs2_14         | A v -> Y v     | CLKBUFX20 | 0.230 |   0.501 |    3.466 | 
     |                               | pcpi_rs2[14] v |           | 0.014 |   0.515 |    3.480 | 
     +-----------------------------------------------------------------------------------------+ 

