Using Power View: analysis1.
AAE_INFO: opIsDesignInPostRouteState() is 1
AAE_INFO: deleting AAE DB due to opIsDesignInPostRouteState() is changed ...
AAE DB initialization (MEM=2420.59 CPU=0:00:00.0 REAL=0:00:00.0) 
#################################################################################
# Design Stage: PostRoute
# Design Name: picorv32_wb
# Design Mode: 90nm
# Analysis Mode: MMMC Non-OCV 
# Parasitics Mode: No SPEF/RCDB 
# Signoff Settings: SI Off 
#################################################################################
Extraction called for design 'picorv32_wb' of instances=11434 and nets=12685 using extraction engine 'preRoute' .
**WARN: (IMPEXT-3530):	The process node is not set. Use the command setDesignMode -process <process node> prior to extraction for maximum accuracy and optimal automatic threshold setting.
Type 'man IMPEXT-3530' for more detail.
PreRoute RC Extraction called for design picorv32_wb.
RC Extraction called in multi-corner(1) mode.
RCMode: PreRoute
      RC Corner Indexes            0   
Capacitance Scaling Factor   : 1.00000 
Resistance Scaling Factor    : 1.00000 
Clock Cap. Scaling Factor    : 1.00000 
Clock Res. Scaling Factor    : 1.00000 
Shrink Factor                : 1.00000
PreRoute extraction is honoring NDR/Shielding/ExtraSpace for clock nets.
Using Quantus QRC technology file ...
Updating RC grid for preRoute extraction ...
Initializing multi-corner resistance tables ...
PreRoute RC Extraction DONE (CPU Time: 0:00:00.4  Real Time: 0:00:00.0  MEM: 2416.594M)
Calculate delays in Single mode...
Start delay calculation (fullDC) (1 T). (MEM=2422.37)
siFlow : Timing analysis mode is single, using late cdB files
Total number of fetched objects 12584
AAE_INFO: Total number of nets for which stage creation was skipped for all views 0
End delay calculation. (MEM=2466.32 CPU=0:00:02.5 REAL=0:00:02.0)
End delay calculation (fullDC). (MEM=2466.32 CPU=0:00:03.4 REAL=0:00:03.0)

Begin Power Analysis

             0V	    VSS
          1.32V	    VDD

Begin Processing Timing Library for Power Calculation

Begin Processing Timing Library for Power Calculation



Begin Processing Power Net/Grid for Power Calculation

Ended Processing Power Net/Grid for Power Calculation: (cpu=0:00:00, real=0:00:00, mem(process/total/peak)=2266.12MB/3752.00MB/2392.18MB)

Begin Processing Timing Window Data for Power Calculation

CK: assigning clock clk to net wb_clk_i
Ended Processing Timing Window Data for Power Calculation: (cpu=0:00:00, real=0:00:00, mem(process/total/peak)=2266.12MB/3752.00MB/2392.18MB)

Begin Processing User Attributes

Ended Processing User Attributes: (cpu=0:00:00, real=0:00:00, mem(process/total/peak)=2266.12MB/3752.00MB/2392.18MB)

Begin Processing Signal Activity


Starting Levelizing
2025-Nov-28 15:08:19 (2025-Nov-28 13:08:19 GMT)
2025-Nov-28 15:08:19 (2025-Nov-28 13:08:19 GMT): 10%
2025-Nov-28 15:08:19 (2025-Nov-28 13:08:19 GMT): 20%
2025-Nov-28 15:08:19 (2025-Nov-28 13:08:19 GMT): 30%
2025-Nov-28 15:08:19 (2025-Nov-28 13:08:19 GMT): 40%
2025-Nov-28 15:08:19 (2025-Nov-28 13:08:19 GMT): 50%
2025-Nov-28 15:08:19 (2025-Nov-28 13:08:19 GMT): 60%
2025-Nov-28 15:08:19 (2025-Nov-28 13:08:19 GMT): 70%
2025-Nov-28 15:08:19 (2025-Nov-28 13:08:19 GMT): 80%
2025-Nov-28 15:08:19 (2025-Nov-28 13:08:19 GMT): 90%

Finished Levelizing
2025-Nov-28 15:08:19 (2025-Nov-28 13:08:19 GMT)

Starting Activity Propagation
2025-Nov-28 15:08:19 (2025-Nov-28 13:08:19 GMT)
2025-Nov-28 15:08:20 (2025-Nov-28 13:08:20 GMT): 10%
2025-Nov-28 15:08:20 (2025-Nov-28 13:08:20 GMT): 20%

Finished Activity Propagation
2025-Nov-28 15:08:20 (2025-Nov-28 13:08:20 GMT)
Ended Processing Signal Activity: (cpu=0:00:00, real=0:00:00, mem(process/total/peak)=2266.49MB/3752.00MB/2392.18MB)

Begin Power Computation

      ----------------------------------------------------------
      # of cell(s) missing both power/leakage table: 0
      # of cell(s) missing power table: 0
      # of cell(s) missing leakage table: 0
      ----------------------------------------------------------



Starting Calculating power
2025-Nov-28 15:08:20 (2025-Nov-28 13:08:20 GMT)
 ... Calculating switching power
2025-Nov-28 15:08:20 (2025-Nov-28 13:08:20 GMT): 10%
2025-Nov-28 15:08:20 (2025-Nov-28 13:08:20 GMT): 20%
2025-Nov-28 15:08:20 (2025-Nov-28 13:08:20 GMT): 30%
2025-Nov-28 15:08:20 (2025-Nov-28 13:08:20 GMT): 40%
2025-Nov-28 15:08:20 (2025-Nov-28 13:08:20 GMT): 50%
 ... Calculating internal and leakage power
2025-Nov-28 15:08:20 (2025-Nov-28 13:08:20 GMT): 60%
2025-Nov-28 15:08:21 (2025-Nov-28 13:08:21 GMT): 70%
2025-Nov-28 15:08:21 (2025-Nov-28 13:08:21 GMT): 80%
2025-Nov-28 15:08:21 (2025-Nov-28 13:08:21 GMT): 90%

Finished Calculating power
2025-Nov-28 15:08:21 (2025-Nov-28 13:08:21 GMT)
      # of MSMV cell(s) missing power_level: 0
Ended Power Computation: (cpu=0:00:00, real=0:00:01, mem(process/total/peak)=2267.12MB/3760.01MB/2392.18MB)

Begin Processing User Attributes

Ended Processing User Attributes: (cpu=0:00:00, real=0:00:00, mem(process/total/peak)=2267.12MB/3760.01MB/2392.18MB)

Ended Power Analysis: (cpu=0:00:01, real=0:00:02, mem(process/total/peak)=2267.12MB/3760.01MB/2392.18MB)

Begin Boundary Leakage Calculation
Ended Boundary Leakage Calculation: (cpu=0:00:00, real=0:00:00,
mem(process/total/peak)=2267.12MB/3760.01MB/2392.18MB)
Begin Static Power Report Generation
*----------------------------------------------------------------------------------------
*	Innovus 21.35-s114_1 (64bit) 10/13/2022 12:11 (Linux 3.10.0-693.el7.x86_64)
*	
*
* 	Date & Time:	2025-Nov-28 15:08:21 (2025-Nov-28 13:08:21 GMT)
*
*----------------------------------------------------------------------------------------
*
*	Design: picorv32_wb
*
*	Parasitic Files used:
*
*       Power View : analysis1
*
*       User-Defined Activity : N.A.
*
*       Activity File: N.A.
*
*       Hierarchical Global Activity: N.A.
*
*       Global Activity: N.A.
*
*       Sequential Element Activity: 0.200000
*
*       Primary Input Activity: 0.200000
*
*       Default icg ratio: N.A.
*
*       Global Comb ClockGate Ratio: N.A.
*
*	Power Units = 1mW
*
*	Time Units = 1e-09 secs
*
*       report_power
*
-----------------------------------------------------------------------------------------
*



Total Power
-----------------------------------------------------------------------------------------
Total Internal Power:        4.24643609 	   46.7385%
Total Switching Power:       4.83533995 	   53.2202%
Total Leakage Power:         0.00375038 	    0.0413%
Total Power:                 9.08552642
-----------------------------------------------------------------------------------------


Group                           Internal   Switching     Leakage       Total  Percentage 
                                Power      Power         Power         Power  (%)        
-----------------------------------------------------------------------------------------
Sequential                         2.717      0.2679    0.001441       2.986       32.87
Macro                                  0           0           0           0           0
IO                                     0           0           0           0           0
Combinational                      1.311       3.796    0.002264       5.109       56.23
Clock (Combinational)             0.2191      0.7715   4.591e-05      0.9906        10.9
Clock (Sequential)                     0           0           0           0           0
-----------------------------------------------------------------------------------------
Total                              4.246       4.835     0.00375       9.086         100
-----------------------------------------------------------------------------------------


Rail                  Voltage   Internal   Switching     Leakage       Total  Percentage 
                                Power      Power         Power         Power  (%)        
-----------------------------------------------------------------------------------------
VDD                      1.32      4.246       4.835     0.00375       9.086         100


Clock                           Internal   Switching     Leakage       Total  Percentage 
                                Power      Power         Power         Power  (%)        
-----------------------------------------------------------------------------------------
clk                               0.2191      0.7715   4.591e-05      0.9906        10.9
-----------------------------------------------------------------------------------------
Total                             0.2191      0.7715   4.591e-05      0.9906        10.9
-----------------------------------------------------------------------------------------
Clock: clk
Clock Period: 0.004000 usec 
Clock Toggle Rate:   500.0000 Mhz 
Clock Static Probability:  0.5000
  
 
 
-----------------------------------------------------------------------------------------
*	Power Distribution Summary: 
*              Highest Average Power:       CTS_ccl_a_buf_00009 (CLKBUFX20):          0.04571
*              Highest Leakage Power:       CTS_ccl_a_buf_00014 (CLKBUFX20):         2.21e-06
*                Total Cap:      8.78624e-11 F
*                Total instances in design: 11434
*                Total instances in design with no power:     0
*                Total instances in design with no activty:     0

*                Total Fillers and Decap:     0
-----------------------------------------------------------------------------------------
 
** INFO:  (VOLTUS_POWR-3465): There are 0 decaps and 0 fillers in the design

Ended Static Power Report Generation: (cpu=0:00:00, real=0:00:00,
mem(process/total/peak)=2269.74MB/3760.01MB/2392.18MB)

