###############################################################
#  Generated by:      Cadence Innovus 21.35-s114_1
#  OS:                Linux x86_64(Host ID cn92.it.auth.gr)
#  Generated on:      Fri Nov 28 15:08:26 2025
#  Design:            picorv32_wb
#  Command:           report_timing -path_group reg2reg -check_type hold -max_paths 50 > reports/postRouting/reg2reg_hold.rpt
###############################################################
Path 1: MET Hold Check with Pin picorv32_core_pcpi_insn_reg[1]/CK 
Endpoint:   picorv32_core_pcpi_insn_reg[1]/D   (v) checked with  leading edge 
of 'clk'
Beginpoint: picorv32_core_mem_rdata_q_reg[1]/Q (v) triggered by  leading edge 
of 'clk'
Path Groups: {reg2reg}
Analysis View: analysis1
Other End Arrival Time         -0.003
+ Hold                         -0.011
+ Phase Shift                   0.000
+ Uncertainty                   0.020
= Required Time                 0.007
  Arrival Time                  0.037
  Slack Time                    0.031
     Clock Rise Edge                 0.000
     + Clock Network Latency (Prop)  -0.006
     = Beginpoint Arrival Time       -0.006
     +----------------------------------------------------------------------------------------+ 
     |             Instance             |     Arc     |   Cell   | Delay | Arrival | Required | 
     |                                  |             |          |       |  Time   |   Time   | 
     |----------------------------------+-------------+----------+-------+---------+----------| 
     | picorv32_core_mem_rdata_q_reg[1] | CK ^        |          |       |  -0.006 |   -0.036 | 
     | picorv32_core_mem_rdata_q_reg[1] | CK ^ -> Q v | DFFQXL   | 0.043 |   0.037 |    0.007 | 
     | picorv32_core_pcpi_insn_reg[1]   | D v         | EDFFHQX1 | 0.000 |   0.037 |    0.007 | 
     +----------------------------------------------------------------------------------------+ 
Path 2: MET Hold Check with Pin picorv32_core_genblk1.pcpi_mul_active_reg[1]/CK 
Endpoint:   picorv32_core_genblk1.pcpi_mul_active_reg[1]/D (v) checked with  
leading edge of 'clk'
Beginpoint: picorv32_core_genblk1.pcpi_mul_active_reg[0]/Q (v) triggered by  
leading edge of 'clk'
Path Groups: {reg2reg}
Analysis View: analysis1
Other End Arrival Time         -0.002
+ Hold                         -0.000
+ Phase Shift                   0.000
+ Uncertainty                   0.020
= Required Time                 0.018
  Arrival Time                  0.051
  Slack Time                    0.033
     Clock Rise Edge                 0.000
     + Clock Network Latency (Prop)  -0.002
     = Beginpoint Arrival Time       -0.002
     +--------------------------------------------------------------------------------------------------+ 
     |                   Instance                   |     Arc     |  Cell  | Delay | Arrival | Required | 
     |                                              |             |        |       |  Time   |   Time   | 
     |----------------------------------------------+-------------+--------+-------+---------+----------| 
     | picorv32_core_genblk1.pcpi_mul_active_reg[0] | CK ^        |        |       |  -0.002 |   -0.035 | 
     | picorv32_core_genblk1.pcpi_mul_active_reg[0] | CK ^ -> Q v | DFFQXL | 0.040 |   0.038 |    0.004 | 
     | picorv32_core_g196969                        | B v -> Y v  | AND2XL | 0.014 |   0.051 |    0.018 | 
     | picorv32_core_genblk1.pcpi_mul_active_reg[1] | D v         | DFFQXL | 0.000 |   0.051 |    0.018 | 
     +--------------------------------------------------------------------------------------------------+ 
Path 3: MET Hold Check with Pin picorv32_core_pcpi_timeout_counter_reg[0]/CK 
Endpoint:   picorv32_core_pcpi_timeout_counter_reg[0]/D (v) checked with  
leading edge of 'clk'
Beginpoint: picorv32_core_pcpi_timeout_counter_reg[0]/Q (^) triggered by  
leading edge of 'clk'
Path Groups: {reg2reg}
Analysis View: analysis1
Other End Arrival Time         -0.002
+ Hold                         -0.000
+ Phase Shift                   0.000
+ Uncertainty                   0.020
= Required Time                 0.018
  Arrival Time                  0.052
  Slack Time                    0.034
     Clock Rise Edge                 0.000
     + Clock Network Latency (Prop)  -0.002
     = Beginpoint Arrival Time       -0.002
     +------------------------------------------------------------------------------------------------+ 
     |                 Instance                  |     Arc     |  Cell   | Delay | Arrival | Required | 
     |                                           |             |         |       |  Time   |   Time   | 
     |-------------------------------------------+-------------+---------+-------+---------+----------| 
     | picorv32_core_pcpi_timeout_counter_reg[0] | CK ^        |         |       |  -0.002 |   -0.036 | 
     | picorv32_core_pcpi_timeout_counter_reg[0] | CK ^ -> Q ^ | DFFQXL  | 0.038 |   0.037 |    0.002 | 
     | picorv32_core_g196005                     | A0 ^ -> Y v | OAI21XL | 0.016 |   0.052 |    0.018 | 
     | picorv32_core_pcpi_timeout_counter_reg[0] | D v         | DFFQXL  | 0.000 |   0.052 |    0.018 | 
     +------------------------------------------------------------------------------------------------+ 
Path 4: MET Hold Check with Pin picorv32_core_pcpi_insn_reg[6]/CK 
Endpoint:   picorv32_core_pcpi_insn_reg[6]/D   (v) checked with  leading edge 
of 'clk'
Beginpoint: picorv32_core_mem_rdata_q_reg[6]/Q (v) triggered by  leading edge 
of 'clk'
Path Groups: {reg2reg}
Analysis View: analysis1
Other End Arrival Time         -0.002
+ Hold                         -0.011
+ Phase Shift                   0.000
+ Uncertainty                   0.020
= Required Time                 0.006
  Arrival Time                  0.041
  Slack Time                    0.035
     Clock Rise Edge                 0.000
     + Clock Network Latency (Prop)  -0.006
     = Beginpoint Arrival Time       -0.006
     +----------------------------------------------------------------------------------------+ 
     |             Instance             |     Arc     |   Cell   | Delay | Arrival | Required | 
     |                                  |             |          |       |  Time   |   Time   | 
     |----------------------------------+-------------+----------+-------+---------+----------| 
     | picorv32_core_mem_rdata_q_reg[6] | CK ^        |          |       |  -0.006 |   -0.040 | 
     | picorv32_core_mem_rdata_q_reg[6] | CK ^ -> Q v | DFFQXL   | 0.047 |   0.041 |    0.006 | 
     | picorv32_core_pcpi_insn_reg[6]   | D v         | EDFFHQX1 | 0.000 |   0.041 |    0.006 | 
     +----------------------------------------------------------------------------------------+ 
Path 5: MET Hold Check with Pin picorv32_core_pcpi_insn_reg[0]/CK 
Endpoint:   picorv32_core_pcpi_insn_reg[0]/D   (v) checked with  leading edge 
of 'clk'
Beginpoint: picorv32_core_mem_rdata_q_reg[0]/Q (v) triggered by  leading edge 
of 'clk'
Path Groups: {reg2reg}
Analysis View: analysis1
Other End Arrival Time         -0.003
+ Hold                         -0.015
+ Phase Shift                   0.000
+ Uncertainty                   0.020
= Required Time                 0.003
  Arrival Time                  0.038
  Slack Time                    0.035
     Clock Rise Edge                 0.000
     + Clock Network Latency (Prop)  -0.006
     = Beginpoint Arrival Time       -0.006
     +--------------------------------------------------------------------------------------+ 
     |             Instance             |     Arc     |  Cell  | Delay | Arrival | Required | 
     |                                  |             |        |       |  Time   |   Time   | 
     |----------------------------------+-------------+--------+-------+---------+----------| 
     | picorv32_core_mem_rdata_q_reg[0] | CK ^        |        |       |  -0.006 |   -0.041 | 
     | picorv32_core_mem_rdata_q_reg[0] | CK ^ -> Q v | DFFQXL | 0.043 |   0.038 |    0.003 | 
     | picorv32_core_pcpi_insn_reg[0]   | D v         | EDFFXL | 0.000 |   0.038 |    0.003 | 
     +--------------------------------------------------------------------------------------+ 
Path 6: MET Hold Check with Pin picorv32_core_genblk2.pcpi_div_pcpi_wait_q_reg/
CK 
Endpoint:   picorv32_core_genblk2.pcpi_div_pcpi_wait_q_reg/D (v) checked with  
leading edge of 'clk'
Beginpoint: picorv32_core_genblk2.pcpi_div_pcpi_wait_reg/Q   (v) triggered by  
leading edge of 'clk'
Path Groups: {reg2reg}
Analysis View: analysis1
Other End Arrival Time         -0.002
+ Hold                          0.000
+ Phase Shift                   0.000
+ Uncertainty                   0.020
= Required Time                 0.018
  Arrival Time                  0.054
  Slack Time                    0.036
     Clock Rise Edge                 0.000
     + Clock Network Latency (Prop)  -0.002
     = Beginpoint Arrival Time       -0.002
     +----------------------------------------------------------------------------------------------------+ 
     |                    Instance                    |     Arc     |  Cell  | Delay | Arrival | Required | 
     |                                                |             |        |       |  Time   |   Time   | 
     |------------------------------------------------+-------------+--------+-------+---------+----------| 
     | picorv32_core_genblk2.pcpi_div_pcpi_wait_reg   | CK ^        |        |       |  -0.002 |   -0.038 | 
     | picorv32_core_genblk2.pcpi_div_pcpi_wait_reg   | CK ^ -> Q v | DFFQXL | 0.043 |   0.041 |    0.005 | 
     | picorv32_core_genblk2.pcpi_div_g8572           | B v -> Y v  | AND2XL | 0.013 |   0.054 |    0.018 | 
     | picorv32_core_genblk2.pcpi_div_pcpi_wait_q_reg | D v         | DFFQXL | 0.000 |   0.054 |    0.018 | 
     +----------------------------------------------------------------------------------------------------+ 
Path 7: MET Hold Check with Pin picorv32_core_count_cycle_reg[0]/CK 
Endpoint:   picorv32_core_count_cycle_reg[0]/D (v) checked with  leading edge 
of 'clk'
Beginpoint: picorv32_core_count_cycle_reg[0]/Q (^) triggered by  leading edge 
of 'clk'
Path Groups: {reg2reg}
Analysis View: analysis1
Other End Arrival Time         -0.007
+ Hold                         -0.000
+ Phase Shift                   0.000
+ Uncertainty                   0.020
= Required Time                 0.013
  Arrival Time                  0.049
  Slack Time                    0.036
     Clock Rise Edge                 0.000
     + Clock Network Latency (Prop)  -0.007
     = Beginpoint Arrival Time       -0.007
     +--------------------------------------------------------------------------------------+ 
     |             Instance             |     Arc     |  Cell  | Delay | Arrival | Required | 
     |                                  |             |        |       |  Time   |   Time   | 
     |----------------------------------+-------------+--------+-------+---------+----------| 
     | picorv32_core_count_cycle_reg[0] | CK ^        |        |       |  -0.007 |   -0.043 | 
     | picorv32_core_count_cycle_reg[0] | CK ^ -> Q ^ | DFFQXL | 0.044 |   0.037 |    0.001 | 
     | picorv32_core_g196953            | A ^ -> Y v  | NOR2XL | 0.012 |   0.049 |    0.013 | 
     | picorv32_core_count_cycle_reg[0] | D v         | DFFQXL | 0.000 |   0.049 |    0.013 | 
     +--------------------------------------------------------------------------------------+ 
Path 8: MET Hold Check with Pin picorv32_core_pcpi_timeout_counter_reg[3]/CK 
Endpoint:   picorv32_core_pcpi_timeout_counter_reg[3]/D (v) checked with  
leading edge of 'clk'
Beginpoint: picorv32_core_pcpi_timeout_counter_reg[3]/Q (v) triggered by  
leading edge of 'clk'
Path Groups: {reg2reg}
Analysis View: analysis1
Other End Arrival Time         -0.002
+ Hold                         -0.000
+ Phase Shift                   0.000
+ Uncertainty                   0.020
= Required Time                 0.018
  Arrival Time                  0.057
  Slack Time                    0.039
     Clock Rise Edge                 0.000
     + Clock Network Latency (Prop)  -0.002
     = Beginpoint Arrival Time       -0.002
     +---------------------------------------------------------------------------------------------------+ 
     |                 Instance                  |     Arc      |   Cell    | Delay | Arrival | Required | 
     |                                           |              |           |       |  Time   |   Time   | 
     |-------------------------------------------+--------------+-----------+-------+---------+----------| 
     | picorv32_core_pcpi_timeout_counter_reg[3] | CK ^         |           |       |  -0.002 |   -0.041 | 
     | picorv32_core_pcpi_timeout_counter_reg[3] | CK ^ -> Q v  | DFFQXL    | 0.039 |   0.037 |   -0.002 | 
     | picorv32_core_g196007                     | A0N v -> Y v | OAI2BB1X1 | 0.019 |   0.057 |    0.018 | 
     | picorv32_core_pcpi_timeout_counter_reg[3] | D v          | DFFQXL    | 0.000 |   0.057 |    0.018 | 
     +---------------------------------------------------------------------------------------------------+ 
Path 9: MET Hold Check with Pin picorv32_core_pcpi_insn_reg[21]/CK 
Endpoint:   picorv32_core_pcpi_insn_reg[21]/D   (v) checked with  leading edge 
of 'clk'
Beginpoint: picorv32_core_mem_rdata_q_reg[21]/Q (v) triggered by  leading edge 
of 'clk'
Path Groups: {reg2reg}
Analysis View: analysis1
Other End Arrival Time         -0.006
+ Hold                         -0.010
+ Phase Shift                   0.000
+ Uncertainty                   0.020
= Required Time                 0.004
  Arrival Time                  0.043
  Slack Time                    0.039
     Clock Rise Edge                 0.000
     + Clock Network Latency (Prop)  -0.006
     = Beginpoint Arrival Time       -0.006
     +-----------------------------------------------------------------------------------------+ 
     |             Instance              |     Arc     |   Cell   | Delay | Arrival | Required | 
     |                                   |             |          |       |  Time   |   Time   | 
     |-----------------------------------+-------------+----------+-------+---------+----------| 
     | picorv32_core_mem_rdata_q_reg[21] | CK ^        |          |       |  -0.006 |   -0.045 | 
     | picorv32_core_mem_rdata_q_reg[21] | CK ^ -> Q v | EDFFXL   | 0.048 |   0.043 |    0.004 | 
     | picorv32_core_pcpi_insn_reg[21]   | D v         | EDFFHQX1 | 0.000 |   0.043 |    0.004 | 
     +-----------------------------------------------------------------------------------------+ 
Path 10: MET Hold Check with Pin picorv32_core_pcpi_insn_reg[4]/CK 
Endpoint:   picorv32_core_pcpi_insn_reg[4]/D   (v) checked with  leading edge 
of 'clk'
Beginpoint: picorv32_core_mem_rdata_q_reg[4]/Q (v) triggered by  leading edge 
of 'clk'
Path Groups: {reg2reg}
Analysis View: analysis1
Other End Arrival Time         -0.002
+ Hold                         -0.012
+ Phase Shift                   0.000
+ Uncertainty                   0.020
= Required Time                 0.006
  Arrival Time                  0.045
  Slack Time                    0.039
     Clock Rise Edge                 0.000
     + Clock Network Latency (Prop)  -0.003
     = Beginpoint Arrival Time       -0.003
     +----------------------------------------------------------------------------------------+ 
     |             Instance             |     Arc     |   Cell   | Delay | Arrival | Required | 
     |                                  |             |          |       |  Time   |   Time   | 
     |----------------------------------+-------------+----------+-------+---------+----------| 
     | picorv32_core_mem_rdata_q_reg[4] | CK ^        |          |       |  -0.003 |   -0.042 | 
     | picorv32_core_mem_rdata_q_reg[4] | CK ^ -> Q v | DFFQXL   | 0.048 |   0.045 |    0.006 | 
     | picorv32_core_pcpi_insn_reg[4]   | D v         | EDFFHQX1 | 0.000 |   0.045 |    0.006 | 
     +----------------------------------------------------------------------------------------+ 
Path 11: MET Hold Check with Pin picorv32_core_pcpi_insn_reg[5]/CK 
Endpoint:   picorv32_core_pcpi_insn_reg[5]/D   (v) checked with  leading edge 
of 'clk'
Beginpoint: picorv32_core_mem_rdata_q_reg[5]/Q (v) triggered by  leading edge 
of 'clk'
Path Groups: {reg2reg}
Analysis View: analysis1
Other End Arrival Time         -0.002
+ Hold                         -0.013
+ Phase Shift                   0.000
+ Uncertainty                   0.020
= Required Time                 0.006
  Arrival Time                  0.048
  Slack Time                    0.042
     Clock Rise Edge                 0.000
     + Clock Network Latency (Prop)  -0.006
     = Beginpoint Arrival Time       -0.006
     +----------------------------------------------------------------------------------------+ 
     |             Instance             |     Arc     |   Cell   | Delay | Arrival | Required | 
     |                                  |             |          |       |  Time   |   Time   | 
     |----------------------------------+-------------+----------+-------+---------+----------| 
     | picorv32_core_mem_rdata_q_reg[5] | CK ^        |          |       |  -0.006 |   -0.048 | 
     | picorv32_core_mem_rdata_q_reg[5] | CK ^ -> Q v | DFFQXL   | 0.054 |   0.048 |    0.006 | 
     | picorv32_core_pcpi_insn_reg[5]   | D v         | EDFFHQX1 | 0.000 |   0.048 |    0.006 | 
     +----------------------------------------------------------------------------------------+ 
Path 12: MET Hold Check with Pin picorv32_core_cpuregs_reg[33][24]/CK 
Endpoint:   picorv32_core_cpuregs_reg[33][24]/D (v) checked with  leading edge 
of 'clk'
Beginpoint: picorv32_core_cpuregs_reg[33][24]/Q (v) triggered by  leading edge 
of 'clk'
Path Groups: {reg2reg}
Analysis View: analysis1
Other End Arrival Time          0.003
+ Hold                          0.000
+ Phase Shift                   0.000
+ Uncertainty                   0.020
= Required Time                 0.024
  Arrival Time                  0.066
  Slack Time                    0.042
     Clock Rise Edge                 0.000
     + Clock Network Latency (Prop)  0.003
     = Beginpoint Arrival Time       0.003
     +---------------------------------------------------------------------------------------+ 
     |             Instance              |     Arc     |  Cell  | Delay | Arrival | Required | 
     |                                   |             |        |       |  Time   |   Time   | 
     |-----------------------------------+-------------+--------+-------+---------+----------| 
     | picorv32_core_cpuregs_reg[33][24] | CK ^        |        |       |   0.003 |   -0.039 | 
     | picorv32_core_cpuregs_reg[33][24] | CK ^ -> Q v | DFFQXL | 0.039 |   0.042 |   -0.000 | 
     | picorv32_core_g192645             | A v -> Y v  | MX2XL  | 0.024 |   0.066 |    0.024 | 
     | picorv32_core_cpuregs_reg[33][24] | D v         | DFFQXL | 0.000 |   0.066 |    0.024 | 
     +---------------------------------------------------------------------------------------+ 
Path 13: MET Hold Check with Pin picorv32_core_cpuregs_reg[33][29]/CK 
Endpoint:   picorv32_core_cpuregs_reg[33][29]/D (v) checked with  leading edge 
of 'clk'
Beginpoint: picorv32_core_cpuregs_reg[33][29]/Q (v) triggered by  leading edge 
of 'clk'
Path Groups: {reg2reg}
Analysis View: analysis1
Other End Arrival Time          0.003
+ Hold                          0.000
+ Phase Shift                   0.000
+ Uncertainty                   0.020
= Required Time                 0.024
  Arrival Time                  0.066
  Slack Time                    0.043
     Clock Rise Edge                 0.000
     + Clock Network Latency (Prop)  0.003
     = Beginpoint Arrival Time       0.003
     +---------------------------------------------------------------------------------------+ 
     |             Instance              |     Arc     |  Cell  | Delay | Arrival | Required | 
     |                                   |             |        |       |  Time   |   Time   | 
     |-----------------------------------+-------------+--------+-------+---------+----------| 
     | picorv32_core_cpuregs_reg[33][29] | CK ^        |        |       |   0.003 |   -0.039 | 
     | picorv32_core_cpuregs_reg[33][29] | CK ^ -> Q v | DFFQXL | 0.039 |   0.043 |    0.000 | 
     | picorv32_core_g192499             | A v -> Y v  | MX2XL  | 0.024 |   0.066 |    0.024 | 
     | picorv32_core_cpuregs_reg[33][29] | D v         | DFFQXL | 0.000 |   0.066 |    0.024 | 
     +---------------------------------------------------------------------------------------+ 
Path 14: MET Hold Check with Pin picorv32_core_cpuregs_reg[33][16]/CK 
Endpoint:   picorv32_core_cpuregs_reg[33][16]/D (v) checked with  leading edge 
of 'clk'
Beginpoint: picorv32_core_cpuregs_reg[33][16]/Q (v) triggered by  leading edge 
of 'clk'
Path Groups: {reg2reg}
Analysis View: analysis1
Other End Arrival Time          0.001
+ Hold                          0.000
+ Phase Shift                   0.000
+ Uncertainty                   0.020
= Required Time                 0.022
  Arrival Time                  0.065
  Slack Time                    0.043
     Clock Rise Edge                 0.000
     + Clock Network Latency (Prop)  0.001
     = Beginpoint Arrival Time       0.001
     +---------------------------------------------------------------------------------------+ 
     |             Instance              |     Arc     |  Cell  | Delay | Arrival | Required | 
     |                                   |             |        |       |  Time   |   Time   | 
     |-----------------------------------+-------------+--------+-------+---------+----------| 
     | picorv32_core_cpuregs_reg[33][16] | CK ^        |        |       |   0.001 |   -0.041 | 
     | picorv32_core_cpuregs_reg[33][16] | CK ^ -> Q v | DFFQXL | 0.039 |   0.041 |   -0.002 | 
     | picorv32_core_g193333             | A v -> Y v  | MX2XL  | 0.024 |   0.065 |    0.022 | 
     | picorv32_core_cpuregs_reg[33][16] | D v         | DFFQXL | 0.000 |   0.065 |    0.022 | 
     +---------------------------------------------------------------------------------------+ 
Path 15: MET Hold Check with Pin picorv32_core_cpuregs_reg[33][12]/CK 
Endpoint:   picorv32_core_cpuregs_reg[33][12]/D (v) checked with  leading edge 
of 'clk'
Beginpoint: picorv32_core_cpuregs_reg[33][12]/Q (v) triggered by  leading edge 
of 'clk'
Path Groups: {reg2reg}
Analysis View: analysis1
Other End Arrival Time         -0.001
+ Hold                          0.000
+ Phase Shift                   0.000
+ Uncertainty                   0.020
= Required Time                 0.019
  Arrival Time                  0.062
  Slack Time                    0.043
     Clock Rise Edge                 0.000
     + Clock Network Latency (Prop)  -0.001
     = Beginpoint Arrival Time       -0.001
     +---------------------------------------------------------------------------------------+ 
     |             Instance              |     Arc     |  Cell  | Delay | Arrival | Required | 
     |                                   |             |        |       |  Time   |   Time   | 
     |-----------------------------------+-------------+--------+-------+---------+----------| 
     | picorv32_core_cpuregs_reg[33][12] | CK ^        |        |       |  -0.001 |   -0.044 | 
     | picorv32_core_cpuregs_reg[33][12] | CK ^ -> Q v | DFFQXL | 0.039 |   0.038 |   -0.005 | 
     | picorv32_core_g193329             | A v -> Y v  | MX2XL  | 0.024 |   0.062 |    0.019 | 
     | picorv32_core_cpuregs_reg[33][12] | D v         | DFFQXL | 0.000 |   0.062 |    0.019 | 
     +---------------------------------------------------------------------------------------+ 
Path 16: MET Hold Check with Pin picorv32_core_cpuregs_reg[35][26]/CK 
Endpoint:   picorv32_core_cpuregs_reg[35][26]/D (v) checked with  leading edge 
of 'clk'
Beginpoint: picorv32_core_cpuregs_reg[35][26]/Q (v) triggered by  leading edge 
of 'clk'
Path Groups: {reg2reg}
Analysis View: analysis1
Other End Arrival Time          0.002
+ Hold                          0.000
+ Phase Shift                   0.000
+ Uncertainty                   0.020
= Required Time                 0.022
  Arrival Time                  0.065
  Slack Time                    0.043
     Clock Rise Edge                 0.000
     + Clock Network Latency (Prop)  0.002
     = Beginpoint Arrival Time       0.002
     +---------------------------------------------------------------------------------------+ 
     |             Instance              |     Arc     |  Cell  | Delay | Arrival | Required | 
     |                                   |             |        |       |  Time   |   Time   | 
     |-----------------------------------+-------------+--------+-------+---------+----------| 
     | picorv32_core_cpuregs_reg[35][26] | CK ^        |        |       |   0.002 |   -0.041 | 
     | picorv32_core_cpuregs_reg[35][26] | CK ^ -> Q v | DFFQXL | 0.039 |   0.041 |   -0.002 | 
     | picorv32_core_g192561             | A v -> Y v  | MX2XL  | 0.024 |   0.065 |    0.022 | 
     | picorv32_core_cpuregs_reg[35][26] | D v         | DFFQXL | 0.000 |   0.065 |    0.022 | 
     +---------------------------------------------------------------------------------------+ 
Path 17: MET Hold Check with Pin picorv32_core_cpuregs_reg[33][20]/CK 
Endpoint:   picorv32_core_cpuregs_reg[33][20]/D (v) checked with  leading edge 
of 'clk'
Beginpoint: picorv32_core_cpuregs_reg[33][20]/Q (v) triggered by  leading edge 
of 'clk'
Path Groups: {reg2reg}
Analysis View: analysis1
Other End Arrival Time          0.002
+ Hold                          0.000
+ Phase Shift                   0.000
+ Uncertainty                   0.020
= Required Time                 0.022
  Arrival Time                  0.065
  Slack Time                    0.043
     Clock Rise Edge                 0.000
     + Clock Network Latency (Prop)  0.002
     = Beginpoint Arrival Time       0.002
     +---------------------------------------------------------------------------------------+ 
     |             Instance              |     Arc     |  Cell  | Delay | Arrival | Required | 
     |                                   |             |        |       |  Time   |   Time   | 
     |-----------------------------------+-------------+--------+-------+---------+----------| 
     | picorv32_core_cpuregs_reg[33][20] | CK ^        |        |       |   0.002 |   -0.041 | 
     | picorv32_core_cpuregs_reg[33][20] | CK ^ -> Q v | DFFQXL | 0.039 |   0.041 |   -0.002 | 
     | picorv32_core_g192764             | A v -> Y v  | MX2XL  | 0.024 |   0.065 |    0.022 | 
     | picorv32_core_cpuregs_reg[33][20] | D v         | DFFQXL | 0.000 |   0.065 |    0.022 | 
     +---------------------------------------------------------------------------------------+ 
Path 18: MET Hold Check with Pin picorv32_core_cpuregs_reg[35][10]/CK 
Endpoint:   picorv32_core_cpuregs_reg[35][10]/D (v) checked with  leading edge 
of 'clk'
Beginpoint: picorv32_core_cpuregs_reg[35][10]/Q (v) triggered by  leading edge 
of 'clk'
Path Groups: {reg2reg}
Analysis View: analysis1
Other End Arrival Time          0.001
+ Hold                          0.000
+ Phase Shift                   0.000
+ Uncertainty                   0.020
= Required Time                 0.022
  Arrival Time                  0.065
  Slack Time                    0.043
     Clock Rise Edge                 0.000
     + Clock Network Latency (Prop)  0.001
     = Beginpoint Arrival Time       0.001
     +---------------------------------------------------------------------------------------+ 
     |             Instance              |     Arc     |  Cell  | Delay | Arrival | Required | 
     |                                   |             |        |       |  Time   |   Time   | 
     |-----------------------------------+-------------+--------+-------+---------+----------| 
     | picorv32_core_cpuregs_reg[35][10] | CK ^        |        |       |   0.001 |   -0.042 | 
     | picorv32_core_cpuregs_reg[35][10] | CK ^ -> Q v | DFFQXL | 0.039 |   0.041 |   -0.002 | 
     | picorv32_core_g193307             | A v -> Y v  | MX2XL  | 0.024 |   0.065 |    0.022 | 
     | picorv32_core_cpuregs_reg[35][10] | D v         | DFFQXL | 0.000 |   0.065 |    0.022 | 
     +---------------------------------------------------------------------------------------+ 
Path 19: MET Hold Check with Pin picorv32_core_cpuregs_reg[35][8]/CK 
Endpoint:   picorv32_core_cpuregs_reg[35][8]/D (v) checked with  leading edge 
of 'clk'
Beginpoint: picorv32_core_cpuregs_reg[35][8]/Q (v) triggered by  leading edge 
of 'clk'
Path Groups: {reg2reg}
Analysis View: analysis1
Other End Arrival Time          0.001
+ Hold                          0.000
+ Phase Shift                   0.000
+ Uncertainty                   0.020
= Required Time                 0.021
  Arrival Time                  0.064
  Slack Time                    0.043
     Clock Rise Edge                 0.000
     + Clock Network Latency (Prop)  0.001
     = Beginpoint Arrival Time       0.001
     +--------------------------------------------------------------------------------------+ 
     |             Instance             |     Arc     |  Cell  | Delay | Arrival | Required | 
     |                                  |             |        |       |  Time   |   Time   | 
     |----------------------------------+-------------+--------+-------+---------+----------| 
     | picorv32_core_cpuregs_reg[35][8] | CK ^        |        |       |   0.001 |   -0.042 | 
     | picorv32_core_cpuregs_reg[35][8] | CK ^ -> Q v | DFFQXL | 0.039 |   0.040 |   -0.003 | 
     | picorv32_core_g193305            | A v -> Y v  | MX2XL  | 0.024 |   0.064 |    0.021 | 
     | picorv32_core_cpuregs_reg[35][8] | D v         | DFFQXL | 0.000 |   0.064 |    0.021 | 
     +--------------------------------------------------------------------------------------+ 
Path 20: MET Hold Check with Pin picorv32_core_cpuregs_reg[34][4]/CK 
Endpoint:   picorv32_core_cpuregs_reg[34][4]/D (v) checked with  leading edge 
of 'clk'
Beginpoint: picorv32_core_cpuregs_reg[34][4]/Q (v) triggered by  leading edge 
of 'clk'
Path Groups: {reg2reg}
Analysis View: analysis1
Other End Arrival Time         -0.002
+ Hold                          0.000
+ Phase Shift                   0.000
+ Uncertainty                   0.020
= Required Time                 0.019
  Arrival Time                  0.062
  Slack Time                    0.043
     Clock Rise Edge                 0.000
     + Clock Network Latency (Prop)  -0.002
     = Beginpoint Arrival Time       -0.002
     +--------------------------------------------------------------------------------------+ 
     |             Instance             |     Arc     |  Cell  | Delay | Arrival | Required | 
     |                                  |             |        |       |  Time   |   Time   | 
     |----------------------------------+-------------+--------+-------+---------+----------| 
     | picorv32_core_cpuregs_reg[34][4] | CK ^        |        |       |  -0.002 |   -0.045 | 
     | picorv32_core_cpuregs_reg[34][4] | CK ^ -> Q v | DFFQXL | 0.040 |   0.038 |   -0.005 | 
     | picorv32_core_g193340            | A v -> Y v  | MX2XL  | 0.024 |   0.062 |    0.019 | 
     | picorv32_core_cpuregs_reg[34][4] | D v         | DFFQXL | 0.000 |   0.062 |    0.019 | 
     +--------------------------------------------------------------------------------------+ 
Path 21: MET Hold Check with Pin picorv32_core_cpuregs_reg[33][27]/CK 
Endpoint:   picorv32_core_cpuregs_reg[33][27]/D (v) checked with  leading edge 
of 'clk'
Beginpoint: picorv32_core_cpuregs_reg[33][27]/Q (v) triggered by  leading edge 
of 'clk'
Path Groups: {reg2reg}
Analysis View: analysis1
Other End Arrival Time          0.002
+ Hold                          0.000
+ Phase Shift                   0.000
+ Uncertainty                   0.020
= Required Time                 0.022
  Arrival Time                  0.065
  Slack Time                    0.043
     Clock Rise Edge                 0.000
     + Clock Network Latency (Prop)  0.002
     = Beginpoint Arrival Time       0.002
     +---------------------------------------------------------------------------------------+ 
     |             Instance              |     Arc     |  Cell  | Delay | Arrival | Required | 
     |                                   |             |        |       |  Time   |   Time   | 
     |-----------------------------------+-------------+--------+-------+---------+----------| 
     | picorv32_core_cpuregs_reg[33][27] | CK ^        |        |       |   0.002 |   -0.041 | 
     | picorv32_core_cpuregs_reg[33][27] | CK ^ -> Q v | DFFQXL | 0.039 |   0.041 |   -0.002 | 
     | picorv32_core_g192558             | A v -> Y v  | MX2XL  | 0.024 |   0.065 |    0.022 | 
     | picorv32_core_cpuregs_reg[33][27] | D v         | DFFQXL | 0.000 |   0.065 |    0.022 | 
     +---------------------------------------------------------------------------------------+ 
Path 22: MET Hold Check with Pin picorv32_core_cpuregs_reg[33][5]/CK 
Endpoint:   picorv32_core_cpuregs_reg[33][5]/D (v) checked with  leading edge 
of 'clk'
Beginpoint: picorv32_core_cpuregs_reg[33][5]/Q (v) triggered by  leading edge 
of 'clk'
Path Groups: {reg2reg}
Analysis View: analysis1
Other End Arrival Time         -0.002
+ Hold                          0.000
+ Phase Shift                   0.000
+ Uncertainty                   0.020
= Required Time                 0.018
  Arrival Time                  0.061
  Slack Time                    0.043
     Clock Rise Edge                 0.000
     + Clock Network Latency (Prop)  -0.002
     = Beginpoint Arrival Time       -0.002
     +--------------------------------------------------------------------------------------+ 
     |             Instance             |     Arc     |  Cell  | Delay | Arrival | Required | 
     |                                  |             |        |       |  Time   |   Time   | 
     |----------------------------------+-------------+--------+-------+---------+----------| 
     | picorv32_core_cpuregs_reg[33][5] | CK ^        |        |       |  -0.002 |   -0.045 | 
     | picorv32_core_cpuregs_reg[33][5] | CK ^ -> Q v | DFFQXL | 0.040 |   0.038 |   -0.005 | 
     | picorv32_core_g193322            | A v -> Y v  | MX2XL  | 0.024 |   0.061 |    0.018 | 
     | picorv32_core_cpuregs_reg[33][5] | D v         | DFFQXL | 0.000 |   0.061 |    0.018 | 
     +--------------------------------------------------------------------------------------+ 
Path 23: MET Hold Check with Pin picorv32_core_cpuregs_reg[34][6]/CK 
Endpoint:   picorv32_core_cpuregs_reg[34][6]/D (v) checked with  leading edge 
of 'clk'
Beginpoint: picorv32_core_cpuregs_reg[34][6]/Q (v) triggered by  leading edge 
of 'clk'
Path Groups: {reg2reg}
Analysis View: analysis1
Other End Arrival Time         -0.002
+ Hold                          0.000
+ Phase Shift                   0.000
+ Uncertainty                   0.020
= Required Time                 0.018
  Arrival Time                  0.062
  Slack Time                    0.043
     Clock Rise Edge                 0.000
     + Clock Network Latency (Prop)  -0.002
     = Beginpoint Arrival Time       -0.002
     +--------------------------------------------------------------------------------------+ 
     |             Instance             |     Arc     |  Cell  | Delay | Arrival | Required | 
     |                                  |             |        |       |  Time   |   Time   | 
     |----------------------------------+-------------+--------+-------+---------+----------| 
     | picorv32_core_cpuregs_reg[34][6] | CK ^        |        |       |  -0.002 |   -0.045 | 
     | picorv32_core_cpuregs_reg[34][6] | CK ^ -> Q v | DFFQXL | 0.040 |   0.038 |   -0.006 | 
     | picorv32_core_g193342            | A v -> Y v  | MX2XL  | 0.024 |   0.062 |    0.018 | 
     | picorv32_core_cpuregs_reg[34][6] | D v         | DFFQXL | 0.000 |   0.062 |    0.018 | 
     +--------------------------------------------------------------------------------------+ 
Path 24: MET Hold Check with Pin picorv32_core_cpuregs_reg[33][19]/CK 
Endpoint:   picorv32_core_cpuregs_reg[33][19]/D (v) checked with  leading edge 
of 'clk'
Beginpoint: picorv32_core_cpuregs_reg[33][19]/Q (v) triggered by  leading edge 
of 'clk'
Path Groups: {reg2reg}
Analysis View: analysis1
Other End Arrival Time          0.002
+ Hold                          0.000
+ Phase Shift                   0.000
+ Uncertainty                   0.020
= Required Time                 0.022
  Arrival Time                  0.065
  Slack Time                    0.043
     Clock Rise Edge                 0.000
     + Clock Network Latency (Prop)  0.002
     = Beginpoint Arrival Time       0.002
     +---------------------------------------------------------------------------------------+ 
     |             Instance              |     Arc     |  Cell  | Delay | Arrival | Required | 
     |                                   |             |        |       |  Time   |   Time   | 
     |-----------------------------------+-------------+--------+-------+---------+----------| 
     | picorv32_core_cpuregs_reg[33][19] | CK ^        |        |       |   0.002 |   -0.041 | 
     | picorv32_core_cpuregs_reg[33][19] | CK ^ -> Q v | DFFQXL | 0.039 |   0.041 |   -0.002 | 
     | picorv32_core_g193336             | A v -> Y v  | MX2XL  | 0.024 |   0.065 |    0.022 | 
     | picorv32_core_cpuregs_reg[33][19] | D v         | DFFQXL | 0.000 |   0.065 |    0.022 | 
     +---------------------------------------------------------------------------------------+ 
Path 25: MET Hold Check with Pin picorv32_core_cpuregs_reg[35][11]/CK 
Endpoint:   picorv32_core_cpuregs_reg[35][11]/D (v) checked with  leading edge 
of 'clk'
Beginpoint: picorv32_core_cpuregs_reg[35][11]/Q (v) triggered by  leading edge 
of 'clk'
Path Groups: {reg2reg}
Analysis View: analysis1
Other End Arrival Time          0.001
+ Hold                          0.000
+ Phase Shift                   0.000
+ Uncertainty                   0.020
= Required Time                 0.021
  Arrival Time                  0.064
  Slack Time                    0.043
     Clock Rise Edge                 0.000
     + Clock Network Latency (Prop)  0.001
     = Beginpoint Arrival Time       0.001
     +---------------------------------------------------------------------------------------+ 
     |             Instance              |     Arc     |  Cell  | Delay | Arrival | Required | 
     |                                   |             |        |       |  Time   |   Time   | 
     |-----------------------------------+-------------+--------+-------+---------+----------| 
     | picorv32_core_cpuregs_reg[35][11] | CK ^        |        |       |   0.001 |   -0.043 | 
     | picorv32_core_cpuregs_reg[35][11] | CK ^ -> Q v | DFFQXL | 0.039 |   0.040 |   -0.003 | 
     | picorv32_core_g193308             | A v -> Y v  | MX2XL  | 0.024 |   0.064 |    0.021 | 
     | picorv32_core_cpuregs_reg[35][11] | D v         | DFFQXL | 0.000 |   0.064 |    0.021 | 
     +---------------------------------------------------------------------------------------+ 
Path 26: MET Hold Check with Pin picorv32_core_cpuregs_reg[35][15]/CK 
Endpoint:   picorv32_core_cpuregs_reg[35][15]/D (v) checked with  leading edge 
of 'clk'
Beginpoint: picorv32_core_cpuregs_reg[35][15]/Q (v) triggered by  leading edge 
of 'clk'
Path Groups: {reg2reg}
Analysis View: analysis1
Other End Arrival Time         -0.000
+ Hold                          0.000
+ Phase Shift                   0.000
+ Uncertainty                   0.020
= Required Time                 0.020
  Arrival Time                  0.063
  Slack Time                    0.043
     Clock Rise Edge                 0.000
     + Clock Network Latency (Prop)  -0.000
     = Beginpoint Arrival Time       -0.000
     +---------------------------------------------------------------------------------------+ 
     |             Instance              |     Arc     |  Cell  | Delay | Arrival | Required | 
     |                                   |             |        |       |  Time   |   Time   | 
     |-----------------------------------+-------------+--------+-------+---------+----------| 
     | picorv32_core_cpuregs_reg[35][15] | CK ^        |        |       |  -0.000 |   -0.043 | 
     | picorv32_core_cpuregs_reg[35][15] | CK ^ -> Q v | DFFQXL | 0.039 |   0.039 |   -0.004 | 
     | picorv32_core_g193312             | A v -> Y v  | MX2XL  | 0.024 |   0.063 |    0.020 | 
     | picorv32_core_cpuregs_reg[35][15] | D v         | DFFQXL | 0.000 |   0.063 |    0.020 | 
     +---------------------------------------------------------------------------------------+ 
Path 27: MET Hold Check with Pin picorv32_core_cpuregs_reg[33][11]/CK 
Endpoint:   picorv32_core_cpuregs_reg[33][11]/D (v) checked with  leading edge 
of 'clk'
Beginpoint: picorv32_core_cpuregs_reg[33][11]/Q (v) triggered by  leading edge 
of 'clk'
Path Groups: {reg2reg}
Analysis View: analysis1
Other End Arrival Time          0.001
+ Hold                          0.000
+ Phase Shift                   0.000
+ Uncertainty                   0.020
= Required Time                 0.021
  Arrival Time                  0.065
  Slack Time                    0.043
     Clock Rise Edge                 0.000
     + Clock Network Latency (Prop)  0.001
     = Beginpoint Arrival Time       0.001
     +---------------------------------------------------------------------------------------+ 
     |             Instance              |     Arc     |  Cell  | Delay | Arrival | Required | 
     |                                   |             |        |       |  Time   |   Time   | 
     |-----------------------------------+-------------+--------+-------+---------+----------| 
     | picorv32_core_cpuregs_reg[33][11] | CK ^        |        |       |   0.001 |   -0.042 | 
     | picorv32_core_cpuregs_reg[33][11] | CK ^ -> Q v | DFFQXL | 0.039 |   0.040 |   -0.003 | 
     | picorv32_core_g193328             | A v -> Y v  | MX2XL  | 0.024 |   0.065 |    0.021 | 
     | picorv32_core_cpuregs_reg[33][11] | D v         | DFFQXL | 0.000 |   0.065 |    0.021 | 
     +---------------------------------------------------------------------------------------+ 
Path 28: MET Hold Check with Pin picorv32_core_cpuregs_reg[35][4]/CK 
Endpoint:   picorv32_core_cpuregs_reg[35][4]/D (v) checked with  leading edge 
of 'clk'
Beginpoint: picorv32_core_cpuregs_reg[35][4]/Q (v) triggered by  leading edge 
of 'clk'
Path Groups: {reg2reg}
Analysis View: analysis1
Other End Arrival Time         -0.002
+ Hold                          0.000
+ Phase Shift                   0.000
+ Uncertainty                   0.020
= Required Time                 0.019
  Arrival Time                  0.062
  Slack Time                    0.043
     Clock Rise Edge                 0.000
     + Clock Network Latency (Prop)  -0.002
     = Beginpoint Arrival Time       -0.002
     +--------------------------------------------------------------------------------------+ 
     |             Instance             |     Arc     |  Cell  | Delay | Arrival | Required | 
     |                                  |             |        |       |  Time   |   Time   | 
     |----------------------------------+-------------+--------+-------+---------+----------| 
     | picorv32_core_cpuregs_reg[35][4] | CK ^        |        |       |  -0.002 |   -0.045 | 
     | picorv32_core_cpuregs_reg[35][4] | CK ^ -> Q v | DFFQXL | 0.040 |   0.038 |   -0.005 | 
     | picorv32_core_g193301            | A v -> Y v  | MX2XL  | 0.024 |   0.062 |    0.019 | 
     | picorv32_core_cpuregs_reg[35][4] | D v         | DFFQXL | 0.000 |   0.062 |    0.019 | 
     +--------------------------------------------------------------------------------------+ 
Path 29: MET Hold Check with Pin picorv32_core_cpuregs_reg[33][14]/CK 
Endpoint:   picorv32_core_cpuregs_reg[33][14]/D (v) checked with  leading edge 
of 'clk'
Beginpoint: picorv32_core_cpuregs_reg[33][14]/Q (v) triggered by  leading edge 
of 'clk'
Path Groups: {reg2reg}
Analysis View: analysis1
Other End Arrival Time         -0.000
+ Hold                          0.000
+ Phase Shift                   0.000
+ Uncertainty                   0.020
= Required Time                 0.020
  Arrival Time                  0.063
  Slack Time                    0.043
     Clock Rise Edge                 0.000
     + Clock Network Latency (Prop)  -0.000
     = Beginpoint Arrival Time       -0.000
     +---------------------------------------------------------------------------------------+ 
     |             Instance              |     Arc     |  Cell  | Delay | Arrival | Required | 
     |                                   |             |        |       |  Time   |   Time   | 
     |-----------------------------------+-------------+--------+-------+---------+----------| 
     | picorv32_core_cpuregs_reg[33][14] | CK ^        |        |       |  -0.000 |   -0.043 | 
     | picorv32_core_cpuregs_reg[33][14] | CK ^ -> Q v | DFFQXL | 0.039 |   0.039 |   -0.004 | 
     | picorv32_core_g193331             | A v -> Y v  | MX2XL  | 0.024 |   0.063 |    0.020 | 
     | picorv32_core_cpuregs_reg[33][14] | D v         | DFFQXL | 0.000 |   0.063 |    0.020 | 
     +---------------------------------------------------------------------------------------+ 
Path 30: MET Hold Check with Pin picorv32_core_cpuregs_reg[33][25]/CK 
Endpoint:   picorv32_core_cpuregs_reg[33][25]/D (v) checked with  leading edge 
of 'clk'
Beginpoint: picorv32_core_cpuregs_reg[33][25]/Q (v) triggered by  leading edge 
of 'clk'
Path Groups: {reg2reg}
Analysis View: analysis1
Other End Arrival Time          0.002
+ Hold                          0.000
+ Phase Shift                   0.000
+ Uncertainty                   0.020
= Required Time                 0.022
  Arrival Time                  0.065
  Slack Time                    0.043
     Clock Rise Edge                 0.000
     + Clock Network Latency (Prop)  0.002
     = Beginpoint Arrival Time       0.002
     +---------------------------------------------------------------------------------------+ 
     |             Instance              |     Arc     |  Cell  | Delay | Arrival | Required | 
     |                                   |             |        |       |  Time   |   Time   | 
     |-----------------------------------+-------------+--------+-------+---------+----------| 
     | picorv32_core_cpuregs_reg[33][25] | CK ^        |        |       |   0.002 |   -0.042 | 
     | picorv32_core_cpuregs_reg[33][25] | CK ^ -> Q v | DFFQXL | 0.040 |   0.041 |   -0.002 | 
     | picorv32_core_g192616             | A v -> Y v  | MX2XL  | 0.024 |   0.065 |    0.022 | 
     | picorv32_core_cpuregs_reg[33][25] | D v         | DFFQXL | 0.000 |   0.065 |    0.022 | 
     +---------------------------------------------------------------------------------------+ 
Path 31: MET Hold Check with Pin picorv32_core_cpuregs_reg[35][7]/CK 
Endpoint:   picorv32_core_cpuregs_reg[35][7]/D (v) checked with  leading edge 
of 'clk'
Beginpoint: picorv32_core_cpuregs_reg[35][7]/Q (v) triggered by  leading edge 
of 'clk'
Path Groups: {reg2reg}
Analysis View: analysis1
Other End Arrival Time         -0.001
+ Hold                          0.000
+ Phase Shift                   0.000
+ Uncertainty                   0.020
= Required Time                 0.019
  Arrival Time                  0.062
  Slack Time                    0.043
     Clock Rise Edge                 0.000
     + Clock Network Latency (Prop)  -0.001
     = Beginpoint Arrival Time       -0.001
     +--------------------------------------------------------------------------------------+ 
     |             Instance             |     Arc     |  Cell  | Delay | Arrival | Required | 
     |                                  |             |        |       |  Time   |   Time   | 
     |----------------------------------+-------------+--------+-------+---------+----------| 
     | picorv32_core_cpuregs_reg[35][7] | CK ^        |        |       |  -0.001 |   -0.045 | 
     | picorv32_core_cpuregs_reg[35][7] | CK ^ -> Q v | DFFQXL | 0.039 |   0.038 |   -0.006 | 
     | picorv32_core_g193304            | A v -> Y v  | MX2XL  | 0.024 |   0.062 |    0.019 | 
     | picorv32_core_cpuregs_reg[35][7] | D v         | DFFQXL | 0.000 |   0.062 |    0.019 | 
     +--------------------------------------------------------------------------------------+ 
Path 32: MET Hold Check with Pin picorv32_core_cpuregs_reg[33][10]/CK 
Endpoint:   picorv32_core_cpuregs_reg[33][10]/D (v) checked with  leading edge 
of 'clk'
Beginpoint: picorv32_core_cpuregs_reg[33][10]/Q (v) triggered by  leading edge 
of 'clk'
Path Groups: {reg2reg}
Analysis View: analysis1
Other End Arrival Time          0.001
+ Hold                          0.000
+ Phase Shift                   0.000
+ Uncertainty                   0.020
= Required Time                 0.022
  Arrival Time                  0.065
  Slack Time                    0.043
     Clock Rise Edge                 0.000
     + Clock Network Latency (Prop)  0.001
     = Beginpoint Arrival Time       0.001
     +---------------------------------------------------------------------------------------+ 
     |             Instance              |     Arc     |  Cell  | Delay | Arrival | Required | 
     |                                   |             |        |       |  Time   |   Time   | 
     |-----------------------------------+-------------+--------+-------+---------+----------| 
     | picorv32_core_cpuregs_reg[33][10] | CK ^        |        |       |   0.001 |   -0.042 | 
     | picorv32_core_cpuregs_reg[33][10] | CK ^ -> Q v | DFFQXL | 0.039 |   0.041 |   -0.003 | 
     | picorv32_core_g193327             | A v -> Y v  | MX2XL  | 0.025 |   0.065 |    0.022 | 
     | picorv32_core_cpuregs_reg[33][10] | D v         | DFFQXL | 0.000 |   0.065 |    0.022 | 
     +---------------------------------------------------------------------------------------+ 
Path 33: MET Hold Check with Pin picorv32_core_cpuregs_reg[33][18]/CK 
Endpoint:   picorv32_core_cpuregs_reg[33][18]/D (v) checked with  leading edge 
of 'clk'
Beginpoint: picorv32_core_cpuregs_reg[33][18]/Q (v) triggered by  leading edge 
of 'clk'
Path Groups: {reg2reg}
Analysis View: analysis1
Other End Arrival Time          0.002
+ Hold                          0.000
+ Phase Shift                   0.000
+ Uncertainty                   0.020
= Required Time                 0.022
  Arrival Time                  0.065
  Slack Time                    0.043
     Clock Rise Edge                 0.000
     + Clock Network Latency (Prop)  0.002
     = Beginpoint Arrival Time       0.002
     +---------------------------------------------------------------------------------------+ 
     |             Instance              |     Arc     |  Cell  | Delay | Arrival | Required | 
     |                                   |             |        |       |  Time   |   Time   | 
     |-----------------------------------+-------------+--------+-------+---------+----------| 
     | picorv32_core_cpuregs_reg[33][18] | CK ^        |        |       |   0.002 |   -0.042 | 
     | picorv32_core_cpuregs_reg[33][18] | CK ^ -> Q v | DFFQXL | 0.039 |   0.041 |   -0.002 | 
     | picorv32_core_g193335             | A v -> Y v  | MX2XL  | 0.025 |   0.065 |    0.022 | 
     | picorv32_core_cpuregs_reg[33][18] | D v         | DFFQXL | 0.000 |   0.065 |    0.022 | 
     +---------------------------------------------------------------------------------------+ 
Path 34: MET Hold Check with Pin picorv32_core_mem_wdata_reg[4]/CK 
Endpoint:   picorv32_core_mem_wdata_reg[4]/D (v) checked with  leading edge of 
'clk'
Beginpoint: picorv32_core_mem_wdata_reg[4]/Q (v) triggered by  leading edge of 
'clk'
Path Groups: {reg2reg}
Analysis View: analysis1
Other End Arrival Time          0.002
+ Hold                          0.000
+ Phase Shift                   0.000
+ Uncertainty                   0.020
= Required Time                 0.022
  Arrival Time                  0.066
  Slack Time                    0.043
     Clock Rise Edge                 0.000
     + Clock Network Latency (Prop)  0.002
     = Beginpoint Arrival Time       0.002
     +------------------------------------------------------------------------------------+ 
     |            Instance            |     Arc     |  Cell  | Delay | Arrival | Required | 
     |                                |             |        |       |  Time   |   Time   | 
     |--------------------------------+-------------+--------+-------+---------+----------| 
     | picorv32_core_mem_wdata_reg[4] | CK ^        |        |       |   0.002 |   -0.042 | 
     | picorv32_core_mem_wdata_reg[4] | CK ^ -> Q v | DFFQXL | 0.040 |   0.041 |   -0.002 | 
     | picorv32_core_g195084          | B v -> Y v  | MX2XL  | 0.024 |   0.066 |    0.022 | 
     | picorv32_core_mem_wdata_reg[4] | D v         | DFFQXL | 0.000 |   0.066 |    0.022 | 
     +------------------------------------------------------------------------------------+ 
Path 35: MET Hold Check with Pin picorv32_core_cpuregs_reg[33][22]/CK 
Endpoint:   picorv32_core_cpuregs_reg[33][22]/D (v) checked with  leading edge 
of 'clk'
Beginpoint: picorv32_core_cpuregs_reg[33][22]/Q (v) triggered by  leading edge 
of 'clk'
Path Groups: {reg2reg}
Analysis View: analysis1
Other End Arrival Time          0.003
+ Hold                          0.000
+ Phase Shift                   0.000
+ Uncertainty                   0.020
= Required Time                 0.024
  Arrival Time                  0.067
  Slack Time                    0.043
     Clock Rise Edge                 0.000
     + Clock Network Latency (Prop)  0.003
     = Beginpoint Arrival Time       0.003
     +---------------------------------------------------------------------------------------+ 
     |             Instance              |     Arc     |  Cell  | Delay | Arrival | Required | 
     |                                   |             |        |       |  Time   |   Time   | 
     |-----------------------------------+-------------+--------+-------+---------+----------| 
     | picorv32_core_cpuregs_reg[33][22] | CK ^        |        |       |   0.003 |   -0.040 | 
     | picorv32_core_cpuregs_reg[33][22] | CK ^ -> Q v | DFFQXL | 0.039 |   0.043 |   -0.001 | 
     | picorv32_core_g192703             | A v -> Y v  | MX2XL  | 0.024 |   0.067 |    0.024 | 
     | picorv32_core_cpuregs_reg[33][22] | D v         | DFFQXL | 0.000 |   0.067 |    0.024 | 
     +---------------------------------------------------------------------------------------+ 
Path 36: MET Hold Check with Pin picorv32_core_cpuregs_reg[33][7]/CK 
Endpoint:   picorv32_core_cpuregs_reg[33][7]/D (v) checked with  leading edge 
of 'clk'
Beginpoint: picorv32_core_cpuregs_reg[33][7]/Q (v) triggered by  leading edge 
of 'clk'
Path Groups: {reg2reg}
Analysis View: analysis1
Other End Arrival Time         -0.001
+ Hold                          0.000
+ Phase Shift                   0.000
+ Uncertainty                   0.020
= Required Time                 0.019
  Arrival Time                  0.062
  Slack Time                    0.043
     Clock Rise Edge                 0.000
     + Clock Network Latency (Prop)  -0.001
     = Beginpoint Arrival Time       -0.001
     +--------------------------------------------------------------------------------------+ 
     |             Instance             |     Arc     |  Cell  | Delay | Arrival | Required | 
     |                                  |             |        |       |  Time   |   Time   | 
     |----------------------------------+-------------+--------+-------+---------+----------| 
     | picorv32_core_cpuregs_reg[33][7] | CK ^        |        |       |  -0.001 |   -0.045 | 
     | picorv32_core_cpuregs_reg[33][7] | CK ^ -> Q v | DFFQXL | 0.039 |   0.038 |   -0.006 | 
     | picorv32_core_g193324            | A v -> Y v  | MX2XL  | 0.024 |   0.062 |    0.019 | 
     | picorv32_core_cpuregs_reg[33][7] | D v         | DFFQXL | 0.000 |   0.062 |    0.019 | 
     +--------------------------------------------------------------------------------------+ 
Path 37: MET Hold Check with Pin picorv32_core_cpuregs_reg[33][4]/CK 
Endpoint:   picorv32_core_cpuregs_reg[33][4]/D (v) checked with  leading edge 
of 'clk'
Beginpoint: picorv32_core_cpuregs_reg[33][4]/Q (v) triggered by  leading edge 
of 'clk'
Path Groups: {reg2reg}
Analysis View: analysis1
Other End Arrival Time         -0.002
+ Hold                          0.000
+ Phase Shift                   0.000
+ Uncertainty                   0.020
= Required Time                 0.019
  Arrival Time                  0.062
  Slack Time                    0.043
     Clock Rise Edge                 0.000
     + Clock Network Latency (Prop)  -0.002
     = Beginpoint Arrival Time       -0.002
     +--------------------------------------------------------------------------------------+ 
     |             Instance             |     Arc     |  Cell  | Delay | Arrival | Required | 
     |                                  |             |        |       |  Time   |   Time   | 
     |----------------------------------+-------------+--------+-------+---------+----------| 
     | picorv32_core_cpuregs_reg[33][4] | CK ^        |        |       |  -0.002 |   -0.045 | 
     | picorv32_core_cpuregs_reg[33][4] | CK ^ -> Q v | DFFQXL | 0.040 |   0.038 |   -0.005 | 
     | picorv32_core_g193321            | A v -> Y v  | MX2XL  | 0.024 |   0.062 |    0.019 | 
     | picorv32_core_cpuregs_reg[33][4] | D v         | DFFQXL | 0.000 |   0.062 |    0.019 | 
     +--------------------------------------------------------------------------------------+ 
Path 38: MET Hold Check with Pin picorv32_core_is_slti_blt_slt_reg/CK 
Endpoint:   picorv32_core_is_slti_blt_slt_reg/D (^) checked with  leading edge 
of 'clk'
Beginpoint: picorv32_core_instr_slt_reg/Q       (^) triggered by  leading edge 
of 'clk'
Path Groups: {reg2reg}
Analysis View: analysis1
Other End Arrival Time         -0.003
+ Hold                         -0.010
+ Phase Shift                   0.000
+ Uncertainty                   0.020
= Required Time                 0.008
  Arrival Time                  0.051
  Slack Time                    0.043
     Clock Rise Edge                 0.000
     + Clock Network Latency (Prop)  -0.002
     = Beginpoint Arrival Time       -0.002
     +---------------------------------------------------------------------------------------+ 
     |             Instance              |     Arc     |  Cell  | Delay | Arrival | Required | 
     |                                   |             |        |       |  Time   |   Time   | 
     |-----------------------------------+-------------+--------+-------+---------+----------| 
     | picorv32_core_instr_slt_reg       | CK ^        |        |       |  -0.002 |   -0.045 | 
     | picorv32_core_instr_slt_reg       | CK ^ -> Q ^ | DFFQXL | 0.039 |   0.038 |   -0.006 | 
     | picorv32_core_g88475__7482        | C ^ -> Y ^  | OR3XL  | 0.013 |   0.051 |    0.008 | 
     | picorv32_core_is_slti_blt_slt_reg | D ^         | DFFQXL | 0.000 |   0.051 |    0.008 | 
     +---------------------------------------------------------------------------------------+ 
Path 39: MET Hold Check with Pin picorv32_core_cpuregs_reg[33][1]/CK 
Endpoint:   picorv32_core_cpuregs_reg[33][1]/D (v) checked with  leading edge 
of 'clk'
Beginpoint: picorv32_core_cpuregs_reg[33][1]/Q (v) triggered by  leading edge 
of 'clk'
Path Groups: {reg2reg}
Analysis View: analysis1
Other End Arrival Time         -0.004
+ Hold                          0.000
+ Phase Shift                   0.000
+ Uncertainty                   0.020
= Required Time                 0.016
  Arrival Time                  0.060
  Slack Time                    0.043
     Clock Rise Edge                 0.000
     + Clock Network Latency (Prop)  -0.004
     = Beginpoint Arrival Time       -0.004
     +--------------------------------------------------------------------------------------+ 
     |             Instance             |     Arc     |  Cell  | Delay | Arrival | Required | 
     |                                  |             |        |       |  Time   |   Time   | 
     |----------------------------------+-------------+--------+-------+---------+----------| 
     | picorv32_core_cpuregs_reg[33][1] | CK ^        |        |       |  -0.004 |   -0.048 | 
     | picorv32_core_cpuregs_reg[33][1] | CK ^ -> Q v | DFFQXL | 0.040 |   0.036 |   -0.008 | 
     | picorv32_core_g193318            | A v -> Y v  | MX2XL  | 0.024 |   0.060 |    0.016 | 
     | picorv32_core_cpuregs_reg[33][1] | D v         | DFFQXL | 0.000 |   0.060 |    0.016 | 
     +--------------------------------------------------------------------------------------+ 
Path 40: MET Hold Check with Pin picorv32_core_cpuregs_reg[35][20]/CK 
Endpoint:   picorv32_core_cpuregs_reg[35][20]/D (v) checked with  leading edge 
of 'clk'
Beginpoint: picorv32_core_cpuregs_reg[35][20]/Q (v) triggered by  leading edge 
of 'clk'
Path Groups: {reg2reg}
Analysis View: analysis1
Other End Arrival Time          0.002
+ Hold                          0.000
+ Phase Shift                   0.000
+ Uncertainty                   0.020
= Required Time                 0.022
  Arrival Time                  0.066
  Slack Time                    0.043
     Clock Rise Edge                 0.000
     + Clock Network Latency (Prop)  0.002
     = Beginpoint Arrival Time       0.002
     +---------------------------------------------------------------------------------------+ 
     |             Instance              |     Arc     |  Cell  | Delay | Arrival | Required | 
     |                                   |             |        |       |  Time   |   Time   | 
     |-----------------------------------+-------------+--------+-------+---------+----------| 
     | picorv32_core_cpuregs_reg[35][20] | CK ^        |        |       |   0.002 |   -0.042 | 
     | picorv32_core_cpuregs_reg[35][20] | CK ^ -> Q v | DFFQXL | 0.040 |   0.042 |   -0.002 | 
     | picorv32_core_g192763             | A v -> Y v  | MX2XL  | 0.024 |   0.066 |    0.022 | 
     | picorv32_core_cpuregs_reg[35][20] | D v         | DFFQXL | 0.000 |   0.066 |    0.022 | 
     +---------------------------------------------------------------------------------------+ 
Path 41: MET Hold Check with Pin picorv32_core_cpuregs_reg[35][25]/CK 
Endpoint:   picorv32_core_cpuregs_reg[35][25]/D (v) checked with  leading edge 
of 'clk'
Beginpoint: picorv32_core_cpuregs_reg[35][25]/Q (v) triggered by  leading edge 
of 'clk'
Path Groups: {reg2reg}
Analysis View: analysis1
Other End Arrival Time          0.002
+ Hold                          0.000
+ Phase Shift                   0.000
+ Uncertainty                   0.020
= Required Time                 0.022
  Arrival Time                  0.065
  Slack Time                    0.044
     Clock Rise Edge                 0.000
     + Clock Network Latency (Prop)  0.002
     = Beginpoint Arrival Time       0.002
     +---------------------------------------------------------------------------------------+ 
     |             Instance              |     Arc     |  Cell  | Delay | Arrival | Required | 
     |                                   |             |        |       |  Time   |   Time   | 
     |-----------------------------------+-------------+--------+-------+---------+----------| 
     | picorv32_core_cpuregs_reg[35][25] | CK ^        |        |       |   0.002 |   -0.042 | 
     | picorv32_core_cpuregs_reg[35][25] | CK ^ -> Q v | DFFQXL | 0.040 |   0.041 |   -0.002 | 
     | picorv32_core_g192590             | A v -> Y v  | MX2XL  | 0.024 |   0.065 |    0.022 | 
     | picorv32_core_cpuregs_reg[35][25] | D v         | DFFQXL | 0.000 |   0.065 |    0.022 | 
     +---------------------------------------------------------------------------------------+ 
Path 42: MET Hold Check with Pin picorv32_core_cpuregs_reg[34][16]/CK 
Endpoint:   picorv32_core_cpuregs_reg[34][16]/D (v) checked with  leading edge 
of 'clk'
Beginpoint: picorv32_core_cpuregs_reg[34][16]/Q (v) triggered by  leading edge 
of 'clk'
Path Groups: {reg2reg}
Analysis View: analysis1
Other End Arrival Time          0.001
+ Hold                          0.000
+ Phase Shift                   0.000
+ Uncertainty                   0.020
= Required Time                 0.022
  Arrival Time                  0.065
  Slack Time                    0.044
     Clock Rise Edge                 0.000
     + Clock Network Latency (Prop)  0.001
     = Beginpoint Arrival Time       0.001
     +---------------------------------------------------------------------------------------+ 
     |             Instance              |     Arc     |  Cell  | Delay | Arrival | Required | 
     |                                   |             |        |       |  Time   |   Time   | 
     |-----------------------------------+-------------+--------+-------+---------+----------| 
     | picorv32_core_cpuregs_reg[34][16] | CK ^        |        |       |   0.001 |   -0.042 | 
     | picorv32_core_cpuregs_reg[34][16] | CK ^ -> Q v | DFFQXL | 0.040 |   0.041 |   -0.002 | 
     | picorv32_core_g193352             | A v -> Y v  | MX2XL  | 0.024 |   0.065 |    0.022 | 
     | picorv32_core_cpuregs_reg[34][16] | D v         | DFFQXL | 0.000 |   0.065 |    0.022 | 
     +---------------------------------------------------------------------------------------+ 
Path 43: MET Hold Check with Pin picorv32_core_cpuregs_reg[35][19]/CK 
Endpoint:   picorv32_core_cpuregs_reg[35][19]/D (v) checked with  leading edge 
of 'clk'
Beginpoint: picorv32_core_cpuregs_reg[35][19]/Q (v) triggered by  leading edge 
of 'clk'
Path Groups: {reg2reg}
Analysis View: analysis1
Other End Arrival Time          0.002
+ Hold                          0.000
+ Phase Shift                   0.000
+ Uncertainty                   0.020
= Required Time                 0.022
  Arrival Time                  0.066
  Slack Time                    0.044
     Clock Rise Edge                 0.000
     + Clock Network Latency (Prop)  0.002
     = Beginpoint Arrival Time       0.002
     +---------------------------------------------------------------------------------------+ 
     |             Instance              |     Arc     |  Cell  | Delay | Arrival | Required | 
     |                                   |             |        |       |  Time   |   Time   | 
     |-----------------------------------+-------------+--------+-------+---------+----------| 
     | picorv32_core_cpuregs_reg[35][19] | CK ^        |        |       |   0.002 |   -0.042 | 
     | picorv32_core_cpuregs_reg[35][19] | CK ^ -> Q v | DFFQXL | 0.040 |   0.042 |   -0.002 | 
     | picorv32_core_g193316             | A v -> Y v  | MX2XL  | 0.024 |   0.066 |    0.022 | 
     | picorv32_core_cpuregs_reg[35][19] | D v         | DFFQXL | 0.000 |   0.066 |    0.022 | 
     +---------------------------------------------------------------------------------------+ 
Path 44: MET Hold Check with Pin picorv32_core_cpuregs_reg[35][1]/CK 
Endpoint:   picorv32_core_cpuregs_reg[35][1]/D (v) checked with  leading edge 
of 'clk'
Beginpoint: picorv32_core_cpuregs_reg[35][1]/Q (v) triggered by  leading edge 
of 'clk'
Path Groups: {reg2reg}
Analysis View: analysis1
Other End Arrival Time         -0.005
+ Hold                          0.000
+ Phase Shift                   0.000
+ Uncertainty                   0.020
= Required Time                 0.015
  Arrival Time                  0.058
  Slack Time                    0.044
     Clock Rise Edge                 0.000
     + Clock Network Latency (Prop)  -0.005
     = Beginpoint Arrival Time       -0.005
     +--------------------------------------------------------------------------------------+ 
     |             Instance             |     Arc     |  Cell  | Delay | Arrival | Required | 
     |                                  |             |        |       |  Time   |   Time   | 
     |----------------------------------+-------------+--------+-------+---------+----------| 
     | picorv32_core_cpuregs_reg[35][1] | CK ^        |        |       |  -0.005 |   -0.049 | 
     | picorv32_core_cpuregs_reg[35][1] | CK ^ -> Q v | DFFQXL | 0.039 |   0.034 |   -0.010 | 
     | picorv32_core_g193356            | A v -> Y v  | MX2XL  | 0.024 |   0.058 |    0.015 | 
     | picorv32_core_cpuregs_reg[35][1] | D v         | DFFQXL | 0.000 |   0.058 |    0.015 | 
     +--------------------------------------------------------------------------------------+ 
Path 45: MET Hold Check with Pin picorv32_core_cpuregs_reg[35][31]/CK 
Endpoint:   picorv32_core_cpuregs_reg[35][31]/D (v) checked with  leading edge 
of 'clk'
Beginpoint: picorv32_core_cpuregs_reg[35][31]/Q (v) triggered by  leading edge 
of 'clk'
Path Groups: {reg2reg}
Analysis View: analysis1
Other End Arrival Time         -0.001
+ Hold                          0.000
+ Phase Shift                   0.000
+ Uncertainty                   0.020
= Required Time                 0.019
  Arrival Time                  0.063
  Slack Time                    0.044
     Clock Rise Edge                 0.000
     + Clock Network Latency (Prop)  -0.001
     = Beginpoint Arrival Time       -0.001
     +---------------------------------------------------------------------------------------+ 
     |             Instance              |     Arc     |  Cell  | Delay | Arrival | Required | 
     |                                   |             |        |       |  Time   |   Time   | 
     |-----------------------------------+-------------+--------+-------+---------+----------| 
     | picorv32_core_cpuregs_reg[35][31] | CK ^        |        |       |  -0.001 |   -0.045 | 
     | picorv32_core_cpuregs_reg[35][31] | CK ^ -> Q v | DFFQXL | 0.039 |   0.038 |   -0.005 | 
     | picorv32_core_g192415__7410       | A v -> Y v  | MX2XL  | 0.025 |   0.063 |    0.019 | 
     | picorv32_core_cpuregs_reg[35][31] | D v         | DFFQXL | 0.000 |   0.063 |    0.019 | 
     +---------------------------------------------------------------------------------------+ 
Path 46: MET Hold Check with Pin picorv32_core_cpuregs_reg[33][6]/CK 
Endpoint:   picorv32_core_cpuregs_reg[33][6]/D (v) checked with  leading edge 
of 'clk'
Beginpoint: picorv32_core_cpuregs_reg[33][6]/Q (v) triggered by  leading edge 
of 'clk'
Path Groups: {reg2reg}
Analysis View: analysis1
Other End Arrival Time         -0.002
+ Hold                          0.000
+ Phase Shift                   0.000
+ Uncertainty                   0.020
= Required Time                 0.019
  Arrival Time                  0.062
  Slack Time                    0.044
     Clock Rise Edge                 0.000
     + Clock Network Latency (Prop)  -0.002
     = Beginpoint Arrival Time       -0.002
     +--------------------------------------------------------------------------------------+ 
     |             Instance             |     Arc     |  Cell  | Delay | Arrival | Required | 
     |                                  |             |        |       |  Time   |   Time   | 
     |----------------------------------+-------------+--------+-------+---------+----------| 
     | picorv32_core_cpuregs_reg[33][6] | CK ^        |        |       |  -0.002 |   -0.045 | 
     | picorv32_core_cpuregs_reg[33][6] | CK ^ -> Q v | DFFQXL | 0.040 |   0.038 |   -0.005 | 
     | picorv32_core_g193323            | A v -> Y v  | MX2XL  | 0.024 |   0.062 |    0.019 | 
     | picorv32_core_cpuregs_reg[33][6] | D v         | DFFQXL | 0.000 |   0.062 |    0.019 | 
     +--------------------------------------------------------------------------------------+ 
Path 47: MET Hold Check with Pin picorv32_core_cpuregs_reg[33][17]/CK 
Endpoint:   picorv32_core_cpuregs_reg[33][17]/D (v) checked with  leading edge 
of 'clk'
Beginpoint: picorv32_core_cpuregs_reg[33][17]/Q (v) triggered by  leading edge 
of 'clk'
Path Groups: {reg2reg}
Analysis View: analysis1
Other End Arrival Time         -0.001
+ Hold                          0.000
+ Phase Shift                   0.000
+ Uncertainty                   0.020
= Required Time                 0.019
  Arrival Time                  0.063
  Slack Time                    0.044
     Clock Rise Edge                 0.000
     + Clock Network Latency (Prop)  -0.001
     = Beginpoint Arrival Time       -0.001
     +---------------------------------------------------------------------------------------+ 
     |             Instance              |     Arc     |  Cell  | Delay | Arrival | Required | 
     |                                   |             |        |       |  Time   |   Time   | 
     |-----------------------------------+-------------+--------+-------+---------+----------| 
     | picorv32_core_cpuregs_reg[33][17] | CK ^        |        |       |  -0.001 |   -0.045 | 
     | picorv32_core_cpuregs_reg[33][17] | CK ^ -> Q v | DFFQXL | 0.039 |   0.038 |   -0.006 | 
     | picorv32_core_g193334             | A v -> Y v  | MX2XL  | 0.025 |   0.063 |    0.019 | 
     | picorv32_core_cpuregs_reg[33][17] | D v         | DFFQXL | 0.000 |   0.063 |    0.019 | 
     +---------------------------------------------------------------------------------------+ 
Path 48: MET Hold Check with Pin picorv32_core_cpuregs_reg[33][13]/CK 
Endpoint:   picorv32_core_cpuregs_reg[33][13]/D (v) checked with  leading edge 
of 'clk'
Beginpoint: picorv32_core_cpuregs_reg[33][13]/Q (v) triggered by  leading edge 
of 'clk'
Path Groups: {reg2reg}
Analysis View: analysis1
Other End Arrival Time          0.001
+ Hold                          0.000
+ Phase Shift                   0.000
+ Uncertainty                   0.020
= Required Time                 0.021
  Arrival Time                  0.065
  Slack Time                    0.044
     Clock Rise Edge                 0.000
     + Clock Network Latency (Prop)  0.001
     = Beginpoint Arrival Time       0.001
     +---------------------------------------------------------------------------------------+ 
     |             Instance              |     Arc     |  Cell  | Delay | Arrival | Required | 
     |                                   |             |        |       |  Time   |   Time   | 
     |-----------------------------------+-------------+--------+-------+---------+----------| 
     | picorv32_core_cpuregs_reg[33][13] | CK ^        |        |       |   0.001 |   -0.043 | 
     | picorv32_core_cpuregs_reg[33][13] | CK ^ -> Q v | DFFQXL | 0.039 |   0.040 |   -0.003 | 
     | picorv32_core_g193330             | A v -> Y v  | MX2XL  | 0.025 |   0.065 |    0.021 | 
     | picorv32_core_cpuregs_reg[33][13] | D v         | DFFQXL | 0.000 |   0.065 |    0.021 | 
     +---------------------------------------------------------------------------------------+ 
Path 49: MET Hold Check with Pin picorv32_core_cpuregs_reg[33][2]/CK 
Endpoint:   picorv32_core_cpuregs_reg[33][2]/D (v) checked with  leading edge 
of 'clk'
Beginpoint: picorv32_core_cpuregs_reg[33][2]/Q (v) triggered by  leading edge 
of 'clk'
Path Groups: {reg2reg}
Analysis View: analysis1
Other End Arrival Time         -0.002
+ Hold                          0.000
+ Phase Shift                   0.000
+ Uncertainty                   0.020
= Required Time                 0.018
  Arrival Time                  0.062
  Slack Time                    0.044
     Clock Rise Edge                 0.000
     + Clock Network Latency (Prop)  -0.002
     = Beginpoint Arrival Time       -0.002
     +--------------------------------------------------------------------------------------+ 
     |             Instance             |     Arc     |  Cell  | Delay | Arrival | Required | 
     |                                  |             |        |       |  Time   |   Time   | 
     |----------------------------------+-------------+--------+-------+---------+----------| 
     | picorv32_core_cpuregs_reg[33][2] | CK ^        |        |       |  -0.002 |   -0.046 | 
     | picorv32_core_cpuregs_reg[33][2] | CK ^ -> Q v | DFFQXL | 0.040 |   0.038 |   -0.006 | 
     | picorv32_core_g193319            | A v -> Y v  | MX2XL  | 0.024 |   0.062 |    0.018 | 
     | picorv32_core_cpuregs_reg[33][2] | D v         | DFFQXL | 0.000 |   0.062 |    0.018 | 
     +--------------------------------------------------------------------------------------+ 
Path 50: MET Hold Check with Pin picorv32_core_cpuregs_reg[34][28]/CK 
Endpoint:   picorv32_core_cpuregs_reg[34][28]/D (v) checked with  leading edge 
of 'clk'
Beginpoint: picorv32_core_cpuregs_reg[34][28]/Q (v) triggered by  leading edge 
of 'clk'
Path Groups: {reg2reg}
Analysis View: analysis1
Other End Arrival Time          0.002
+ Hold                          0.000
+ Phase Shift                   0.000
+ Uncertainty                   0.020
= Required Time                 0.022
  Arrival Time                  0.066
  Slack Time                    0.044
     Clock Rise Edge                 0.000
     + Clock Network Latency (Prop)  0.002
     = Beginpoint Arrival Time       0.002
     +---------------------------------------------------------------------------------------+ 
     |             Instance              |     Arc     |  Cell  | Delay | Arrival | Required | 
     |                                   |             |        |       |  Time   |   Time   | 
     |-----------------------------------+-------------+--------+-------+---------+----------| 
     | picorv32_core_cpuregs_reg[34][28] | CK ^        |        |       |   0.002 |   -0.042 | 
     | picorv32_core_cpuregs_reg[34][28] | CK ^ -> Q v | DFFQXL | 0.040 |   0.042 |   -0.002 | 
     | picorv32_core_g192529             | A v -> Y v  | MX2XL  | 0.024 |   0.066 |    0.022 | 
     | picorv32_core_cpuregs_reg[34][28] | D v         | DFFQXL | 0.000 |   0.066 |    0.022 | 
     +---------------------------------------------------------------------------------------+ 

