###############################################################
#  Generated by:      Cadence Innovus 21.35-s114_1
#  OS:                Linux x86_64(Host ID cn92.it.auth.gr)
#  Generated on:      Fri Nov 28 15:08:31 2025
#  Design:            picorv32_wb
#  Command:           report_timing -path_group reg2out -check_type hold -max_paths 50 > reports/postRouting/reg2out_hold.rpt
###############################################################
Path 1: MET Early External Delay Assertion 
Endpoint:   pcpi_insn[18]                     (^) checked with  leading edge of 
'clk'
Beginpoint: picorv32_core_pcpi_insn_reg[18]/Q (^) triggered by  leading edge of 
'clk'
Path Groups: {reg2out}
Analysis View: analysis1
Other End Arrival Time          0.000
- External Delay                0.250
+ Phase Shift                   0.000
+ Uncertainty                   0.020
= Required Time                -0.230
  Arrival Time                  0.071
  Slack Time                    0.301
     Clock Rise Edge                 0.000
     + Clock Network Latency (Prop)  -0.006
     = Beginpoint Arrival Time       -0.006
     +-------------------------------------------------------------------------------------------+ 
     |            Instance             |       Arc       |   Cell   | Delay | Arrival | Required | 
     |                                 |                 |          |       |  Time   |   Time   | 
     |---------------------------------+-----------------+----------+-------+---------+----------| 
     | picorv32_core_pcpi_insn_reg[18] | CK ^            |          |       |  -0.006 |   -0.307 | 
     | picorv32_core_pcpi_insn_reg[18] | CK ^ -> Q ^     | EDFFHQX1 | 0.043 |   0.036 |   -0.264 | 
     | FE_OFC623_pcpi_insn_18          | A ^ -> Y ^      | CLKBUFX8 | 0.034 |   0.070 |   -0.231 | 
     |                                 | pcpi_insn[18] ^ |          | 0.001 |   0.071 |   -0.230 | 
     +-------------------------------------------------------------------------------------------+ 
Path 2: MET Early External Delay Assertion 
Endpoint:   pcpi_insn[8]                     (^) checked with  leading edge of 
'clk'
Beginpoint: picorv32_core_pcpi_insn_reg[8]/Q (^) triggered by  leading edge of 
'clk'
Path Groups: {reg2out}
Analysis View: analysis1
Other End Arrival Time          0.000
- External Delay                0.250
+ Phase Shift                   0.000
+ Uncertainty                   0.020
= Required Time                -0.230
  Arrival Time                  0.071
  Slack Time                    0.301
     Clock Rise Edge                 0.000
     + Clock Network Latency (Prop)  -0.006
     = Beginpoint Arrival Time       -0.006
     +-----------------------------------------------------------------------------------------+ 
     |            Instance            |      Arc       |   Cell   | Delay | Arrival | Required | 
     |                                |                |          |       |  Time   |   Time   | 
     |--------------------------------+----------------+----------+-------+---------+----------| 
     | picorv32_core_pcpi_insn_reg[8] | CK ^           |          |       |  -0.006 |   -0.307 | 
     | picorv32_core_pcpi_insn_reg[8] | CK ^ -> Q ^    | EDFFHQX1 | 0.043 |   0.037 |   -0.264 | 
     | FE_OFC629_pcpi_insn_8          | A ^ -> Y ^     | CLKBUFX8 | 0.034 |   0.070 |   -0.231 | 
     |                                | pcpi_insn[8] ^ |          | 0.001 |   0.071 |   -0.230 | 
     +-----------------------------------------------------------------------------------------+ 
Path 3: MET Early External Delay Assertion 
Endpoint:   pcpi_insn[10]                     (^) checked with  leading edge of 
'clk'
Beginpoint: picorv32_core_pcpi_insn_reg[10]/Q (^) triggered by  leading edge of 
'clk'
Path Groups: {reg2out}
Analysis View: analysis1
Other End Arrival Time          0.000
- External Delay                0.250
+ Phase Shift                   0.000
+ Uncertainty                   0.020
= Required Time                -0.230
  Arrival Time                  0.071
  Slack Time                    0.301
     Clock Rise Edge                 0.000
     + Clock Network Latency (Prop)  -0.006
     = Beginpoint Arrival Time       -0.006
     +-------------------------------------------------------------------------------------------+ 
     |            Instance             |       Arc       |   Cell   | Delay | Arrival | Required | 
     |                                 |                 |          |       |  Time   |   Time   | 
     |---------------------------------+-----------------+----------+-------+---------+----------| 
     | picorv32_core_pcpi_insn_reg[10] | CK ^            |          |       |  -0.006 |   -0.307 | 
     | picorv32_core_pcpi_insn_reg[10] | CK ^ -> Q ^     | EDFFHQX1 | 0.040 |   0.034 |   -0.267 | 
     | FE_OFC219_pcpi_insn_10          | A ^ -> Y v      | INVX1    | 0.014 |   0.048 |   -0.253 | 
     | FE_OFC220_pcpi_insn_10          | A v -> Y ^      | INVX8    | 0.023 |   0.071 |   -0.230 | 
     |                                 | pcpi_insn[10] ^ |          | 0.001 |   0.071 |   -0.230 | 
     +-------------------------------------------------------------------------------------------+ 
Path 4: MET Early External Delay Assertion 
Endpoint:   eoi[12]                     (^) checked with  leading edge of 'clk'
Beginpoint: picorv32_core_eoi_reg[12]/Q (^) triggered by  leading edge of 'clk'
Path Groups: {reg2out}
Analysis View: analysis1
Other End Arrival Time          0.000
- External Delay                0.250
+ Phase Shift                   0.000
+ Uncertainty                   0.020
= Required Time                -0.230
  Arrival Time                  0.071
  Slack Time                    0.301
     Clock Rise Edge                 0.000
     + Clock Network Latency (Prop)  -0.007
     = Beginpoint Arrival Time       -0.007
     +-------------------------------------------------------------------------------+ 
     |         Instance          |     Arc     |  Cell  | Delay | Arrival | Required | 
     |                           |             |        |       |  Time   |   Time   | 
     |---------------------------+-------------+--------+-------+---------+----------| 
     | picorv32_core_eoi_reg[12] | CK ^        |        |       |  -0.007 |   -0.308 | 
     | picorv32_core_eoi_reg[12] | CK ^ -> Q ^ | DFFQXL | 0.039 |   0.033 |   -0.269 | 
     | FE_OFC487_eoi_12          | A ^ -> Y v  | INVX1  | 0.015 |   0.048 |   -0.253 | 
     | FE_OFC488_eoi_12          | A v -> Y ^  | INVX8  | 0.023 |   0.071 |   -0.230 | 
     |                           | eoi[12] ^   |        | 0.001 |   0.071 |   -0.230 | 
     +-------------------------------------------------------------------------------+ 
Path 5: MET Early External Delay Assertion 
Endpoint:   eoi[6]                     (^) checked with  leading edge of 'clk'
Beginpoint: picorv32_core_eoi_reg[6]/Q (^) triggered by  leading edge of 'clk'
Path Groups: {reg2out}
Analysis View: analysis1
Other End Arrival Time          0.000
- External Delay                0.250
+ Phase Shift                   0.000
+ Uncertainty                   0.020
= Required Time                -0.230
  Arrival Time                  0.072
  Slack Time                    0.302
     Clock Rise Edge                 0.000
     + Clock Network Latency (Prop)  -0.007
     = Beginpoint Arrival Time       -0.007
     +------------------------------------------------------------------------------+ 
     |         Instance         |     Arc     |  Cell  | Delay | Arrival | Required | 
     |                          |             |        |       |  Time   |   Time   | 
     |--------------------------+-------------+--------+-------+---------+----------| 
     | picorv32_core_eoi_reg[6] | CK ^        |        |       |  -0.007 |   -0.309 | 
     | picorv32_core_eoi_reg[6] | CK ^ -> Q ^ | DFFQXL | 0.040 |   0.032 |   -0.269 | 
     | FE_OFC499_eoi_6          | A ^ -> Y v  | INVX1  | 0.016 |   0.048 |   -0.254 | 
     | FE_OFC500_eoi_6          | A v -> Y ^  | INVX8  | 0.023 |   0.071 |   -0.231 | 
     |                          | eoi[6] ^    |        | 0.001 |   0.072 |   -0.230 | 
     +------------------------------------------------------------------------------+ 
Path 6: MET Early External Delay Assertion 
Endpoint:   pcpi_insn[24]                     (^) checked with  leading edge of 
'clk'
Beginpoint: picorv32_core_pcpi_insn_reg[24]/Q (^) triggered by  leading edge of 
'clk'
Path Groups: {reg2out}
Analysis View: analysis1
Other End Arrival Time          0.000
- External Delay                0.250
+ Phase Shift                   0.000
+ Uncertainty                   0.020
= Required Time                -0.230
  Arrival Time                  0.072
  Slack Time                    0.302
     Clock Rise Edge                 0.000
     + Clock Network Latency (Prop)  -0.006
     = Beginpoint Arrival Time       -0.006
     +-------------------------------------------------------------------------------------------+ 
     |            Instance             |       Arc       |   Cell   | Delay | Arrival | Required | 
     |                                 |                 |          |       |  Time   |   Time   | 
     |---------------------------------+-----------------+----------+-------+---------+----------| 
     | picorv32_core_pcpi_insn_reg[24] | CK ^            |          |       |  -0.006 |   -0.308 | 
     | picorv32_core_pcpi_insn_reg[24] | CK ^ -> Q ^     | EDFFHQX1 | 0.040 |   0.034 |   -0.268 | 
     | FE_OFC188_pcpi_insn_24          | A ^ -> Y v      | INVX1    | 0.014 |   0.048 |   -0.253 | 
     | FE_OFC189_pcpi_insn_24          | A v -> Y ^      | INVX8    | 0.023 |   0.071 |   -0.231 | 
     |                                 | pcpi_insn[24] ^ |          | 0.001 |   0.072 |   -0.230 | 
     +-------------------------------------------------------------------------------------------+ 
Path 7: MET Early External Delay Assertion 
Endpoint:   pcpi_insn[19]                     (^) checked with  leading edge of 
'clk'
Beginpoint: picorv32_core_pcpi_insn_reg[19]/Q (^) triggered by  leading edge of 
'clk'
Path Groups: {reg2out}
Analysis View: analysis1
Other End Arrival Time          0.000
- External Delay                0.250
+ Phase Shift                   0.000
+ Uncertainty                   0.020
= Required Time                -0.230
  Arrival Time                  0.072
  Slack Time                    0.302
     Clock Rise Edge                 0.000
     + Clock Network Latency (Prop)  -0.006
     = Beginpoint Arrival Time       -0.006
     +-------------------------------------------------------------------------------------------+ 
     |            Instance             |       Arc       |   Cell   | Delay | Arrival | Required | 
     |                                 |                 |          |       |  Time   |   Time   | 
     |---------------------------------+-----------------+----------+-------+---------+----------| 
     | picorv32_core_pcpi_insn_reg[19] | CK ^            |          |       |  -0.006 |   -0.308 | 
     | picorv32_core_pcpi_insn_reg[19] | CK ^ -> Q ^     | EDFFHQX1 | 0.041 |   0.034 |   -0.268 | 
     | FE_OFC198_pcpi_insn_19          | A ^ -> Y v      | INVX1    | 0.014 |   0.049 |   -0.253 | 
     | FE_OFC199_pcpi_insn_19          | A v -> Y ^      | INVX8    | 0.023 |   0.072 |   -0.231 | 
     |                                 | pcpi_insn[19] ^ |          | 0.001 |   0.072 |   -0.230 | 
     +-------------------------------------------------------------------------------------------+ 
Path 8: MET Early External Delay Assertion 
Endpoint:   pcpi_insn[23]                     (^) checked with  leading edge of 
'clk'
Beginpoint: picorv32_core_pcpi_insn_reg[23]/Q (^) triggered by  leading edge of 
'clk'
Path Groups: {reg2out}
Analysis View: analysis1
Other End Arrival Time          0.000
- External Delay                0.250
+ Phase Shift                   0.000
+ Uncertainty                   0.020
= Required Time                -0.230
  Arrival Time                  0.072
  Slack Time                    0.302
     Clock Rise Edge                 0.000
     + Clock Network Latency (Prop)  -0.006
     = Beginpoint Arrival Time       -0.006
     +-------------------------------------------------------------------------------------------+ 
     |            Instance             |       Arc       |   Cell   | Delay | Arrival | Required | 
     |                                 |                 |          |       |  Time   |   Time   | 
     |---------------------------------+-----------------+----------+-------+---------+----------| 
     | picorv32_core_pcpi_insn_reg[23] | CK ^            |          |       |  -0.006 |   -0.308 | 
     | picorv32_core_pcpi_insn_reg[23] | CK ^ -> Q ^     | EDFFHQX1 | 0.040 |   0.035 |   -0.268 | 
     | FE_OFC190_pcpi_insn_23          | A ^ -> Y v      | INVX1    | 0.014 |   0.049 |   -0.253 | 
     | FE_OFC191_pcpi_insn_23          | A v -> Y ^      | INVX8    | 0.023 |   0.072 |   -0.231 | 
     |                                 | pcpi_insn[23] ^ |          | 0.001 |   0.072 |   -0.230 | 
     +-------------------------------------------------------------------------------------------+ 
Path 9: MET Early External Delay Assertion 
Endpoint:   pcpi_insn[7]                     (^) checked with  leading edge of 
'clk'
Beginpoint: picorv32_core_pcpi_insn_reg[7]/Q (^) triggered by  leading edge of 
'clk'
Path Groups: {reg2out}
Analysis View: analysis1
Other End Arrival Time          0.000
- External Delay                0.250
+ Phase Shift                   0.000
+ Uncertainty                   0.020
= Required Time                -0.230
  Arrival Time                  0.072
  Slack Time                    0.302
     Clock Rise Edge                 0.000
     + Clock Network Latency (Prop)  -0.006
     = Beginpoint Arrival Time       -0.006
     +-----------------------------------------------------------------------------------------+ 
     |            Instance            |      Arc       |   Cell   | Delay | Arrival | Required | 
     |                                |                |          |       |  Time   |   Time   | 
     |--------------------------------+----------------+----------+-------+---------+----------| 
     | picorv32_core_pcpi_insn_reg[7] | CK ^           |          |       |  -0.006 |   -0.308 | 
     | picorv32_core_pcpi_insn_reg[7] | CK ^ -> Q ^    | EDFFHQX1 | 0.040 |   0.035 |   -0.268 | 
     | FE_OFC225_pcpi_insn_7          | A ^ -> Y v     | INVX1    | 0.014 |   0.049 |   -0.253 | 
     | FE_OFC226_pcpi_insn_7          | A v -> Y ^     | INVX8    | 0.023 |   0.072 |   -0.231 | 
     |                                | pcpi_insn[7] ^ |          | 0.001 |   0.072 |   -0.230 | 
     +-----------------------------------------------------------------------------------------+ 
Path 10: MET Early External Delay Assertion 
Endpoint:   pcpi_insn[20]                     (^) checked with  leading edge of 
'clk'
Beginpoint: picorv32_core_pcpi_insn_reg[20]/Q (^) triggered by  leading edge of 
'clk'
Path Groups: {reg2out}
Analysis View: analysis1
Other End Arrival Time          0.000
- External Delay                0.250
+ Phase Shift                   0.000
+ Uncertainty                   0.020
= Required Time                -0.230
  Arrival Time                  0.072
  Slack Time                    0.302
     Clock Rise Edge                 0.000
     + Clock Network Latency (Prop)  -0.006
     = Beginpoint Arrival Time       -0.006
     +-------------------------------------------------------------------------------------------+ 
     |            Instance             |       Arc       |   Cell   | Delay | Arrival | Required | 
     |                                 |                 |          |       |  Time   |   Time   | 
     |---------------------------------+-----------------+----------+-------+---------+----------| 
     | picorv32_core_pcpi_insn_reg[20] | CK ^            |          |       |  -0.006 |   -0.308 | 
     | picorv32_core_pcpi_insn_reg[20] | CK ^ -> Q ^     | EDFFHQX1 | 0.043 |   0.037 |   -0.265 | 
     | FE_OFC622_pcpi_insn_20          | A ^ -> Y ^      | CLKBUFX8 | 0.034 |   0.071 |   -0.231 | 
     |                                 | pcpi_insn[20] ^ |          | 0.002 |   0.072 |   -0.230 | 
     +-------------------------------------------------------------------------------------------+ 
Path 11: MET Early External Delay Assertion 
Endpoint:   pcpi_insn[9]                     (^) checked with  leading edge of 
'clk'
Beginpoint: picorv32_core_pcpi_insn_reg[9]/Q (^) triggered by  leading edge of 
'clk'
Path Groups: {reg2out}
Analysis View: analysis1
Other End Arrival Time          0.000
- External Delay                0.250
+ Phase Shift                   0.000
+ Uncertainty                   0.020
= Required Time                -0.230
  Arrival Time                  0.072
  Slack Time                    0.302
     Clock Rise Edge                 0.000
     + Clock Network Latency (Prop)  -0.006
     = Beginpoint Arrival Time       -0.006
     +-----------------------------------------------------------------------------------------+ 
     |            Instance            |      Arc       |   Cell   | Delay | Arrival | Required | 
     |                                |                |          |       |  Time   |   Time   | 
     |--------------------------------+----------------+----------+-------+---------+----------| 
     | picorv32_core_pcpi_insn_reg[9] | CK ^           |          |       |  -0.006 |   -0.308 | 
     | picorv32_core_pcpi_insn_reg[9] | CK ^ -> Q ^    | EDFFHQX1 | 0.040 |   0.034 |   -0.269 | 
     | FE_OFC221_pcpi_insn_9          | A ^ -> Y v     | INVX1    | 0.015 |   0.049 |   -0.254 | 
     | FE_OFC222_pcpi_insn_9          | A v -> Y ^     | INVX8    | 0.023 |   0.072 |   -0.231 | 
     |                                | pcpi_insn[9] ^ |          | 0.001 |   0.072 |   -0.230 | 
     +-----------------------------------------------------------------------------------------+ 
Path 12: MET Early External Delay Assertion 
Endpoint:   pcpi_insn[16]                     (^) checked with  leading edge of 
'clk'
Beginpoint: picorv32_core_pcpi_insn_reg[16]/Q (^) triggered by  leading edge of 
'clk'
Path Groups: {reg2out}
Analysis View: analysis1
Other End Arrival Time          0.000
- External Delay                0.250
+ Phase Shift                   0.000
+ Uncertainty                   0.020
= Required Time                -0.230
  Arrival Time                  0.072
  Slack Time                    0.302
     Clock Rise Edge                 0.000
     + Clock Network Latency (Prop)  -0.006
     = Beginpoint Arrival Time       -0.006
     +-------------------------------------------------------------------------------------------+ 
     |            Instance             |       Arc       |   Cell   | Delay | Arrival | Required | 
     |                                 |                 |          |       |  Time   |   Time   | 
     |---------------------------------+-----------------+----------+-------+---------+----------| 
     | picorv32_core_pcpi_insn_reg[16] | CK ^            |          |       |  -0.006 |   -0.309 | 
     | picorv32_core_pcpi_insn_reg[16] | CK ^ -> Q ^     | EDFFHQX1 | 0.040 |   0.034 |   -0.268 | 
     | FE_RC_4_0                       | A ^ -> Y v      | INVX1    | 0.014 |   0.048 |   -0.254 | 
     | FE_OFC625_pcpi_insn_16          | A v -> Y ^      | INVX8    | 0.023 |   0.071 |   -0.232 | 
     |                                 | pcpi_insn[16] ^ |          | 0.002 |   0.072 |   -0.230 | 
     +-------------------------------------------------------------------------------------------+ 
Path 13: MET Early External Delay Assertion 
Endpoint:   pcpi_insn[22]                     (^) checked with  leading edge of 
'clk'
Beginpoint: picorv32_core_pcpi_insn_reg[22]/Q (^) triggered by  leading edge of 
'clk'
Path Groups: {reg2out}
Analysis View: analysis1
Other End Arrival Time          0.000
- External Delay                0.250
+ Phase Shift                   0.000
+ Uncertainty                   0.020
= Required Time                -0.230
  Arrival Time                  0.072
  Slack Time                    0.302
     Clock Rise Edge                 0.000
     + Clock Network Latency (Prop)  -0.006
     = Beginpoint Arrival Time       -0.006
     +-------------------------------------------------------------------------------------------+ 
     |            Instance             |       Arc       |   Cell   | Delay | Arrival | Required | 
     |                                 |                 |          |       |  Time   |   Time   | 
     |---------------------------------+-----------------+----------+-------+---------+----------| 
     | picorv32_core_pcpi_insn_reg[22] | CK ^            |          |       |  -0.006 |   -0.309 | 
     | picorv32_core_pcpi_insn_reg[22] | CK ^ -> Q ^     | EDFFHQX1 | 0.041 |   0.035 |   -0.268 | 
     | FE_OFC192_pcpi_insn_22          | A ^ -> Y v      | INVX1    | 0.014 |   0.049 |   -0.253 | 
     | FE_OFC193_pcpi_insn_22          | A v -> Y ^      | INVX8    | 0.023 |   0.072 |   -0.231 | 
     |                                 | pcpi_insn[22] ^ |          | 0.001 |   0.072 |   -0.230 | 
     +-------------------------------------------------------------------------------------------+ 
Path 14: MET Early External Delay Assertion 
Endpoint:   pcpi_insn[21]                     (^) checked with  leading edge of 
'clk'
Beginpoint: picorv32_core_pcpi_insn_reg[21]/Q (^) triggered by  leading edge of 
'clk'
Path Groups: {reg2out}
Analysis View: analysis1
Other End Arrival Time          0.000
- External Delay                0.250
+ Phase Shift                   0.000
+ Uncertainty                   0.020
= Required Time                -0.230
  Arrival Time                  0.073
  Slack Time                    0.303
     Clock Rise Edge                 0.000
     + Clock Network Latency (Prop)  -0.006
     = Beginpoint Arrival Time       -0.006
     +-------------------------------------------------------------------------------------------+ 
     |            Instance             |       Arc       |   Cell   | Delay | Arrival | Required | 
     |                                 |                 |          |       |  Time   |   Time   | 
     |---------------------------------+-----------------+----------+-------+---------+----------| 
     | picorv32_core_pcpi_insn_reg[21] | CK ^            |          |       |  -0.006 |   -0.309 | 
     | picorv32_core_pcpi_insn_reg[21] | CK ^ -> Q ^     | EDFFHQX1 | 0.041 |   0.035 |   -0.268 | 
     | FE_OFC194_pcpi_insn_21          | A ^ -> Y v      | INVX1    | 0.015 |   0.049 |   -0.253 | 
     | FE_OFC195_pcpi_insn_21          | A v -> Y ^      | INVX8    | 0.023 |   0.072 |   -0.231 | 
     |                                 | pcpi_insn[21] ^ |          | 0.001 |   0.073 |   -0.230 | 
     +-------------------------------------------------------------------------------------------+ 
Path 15: MET Early External Delay Assertion 
Endpoint:   wbm_sel_o[0]       (^) checked with  leading edge of 'clk'
Beginpoint: wbm_sel_o_reg[0]/Q (^) triggered by  leading edge of 'clk'
Path Groups: {reg2out}
Analysis View: analysis1
Other End Arrival Time          0.000
- External Delay                0.250
+ Phase Shift                   0.000
+ Uncertainty                   0.020
= Required Time                -0.230
  Arrival Time                  0.073
  Slack Time                    0.303
     Clock Rise Edge                 0.000
     + Clock Network Latency (Prop)  -0.002
     = Beginpoint Arrival Time       -0.002
     +------------------------------------------------------------------------------+ 
     |       Instance        |      Arc       |  Cell  | Delay | Arrival | Required | 
     |                       |                |        |       |  Time   |   Time   | 
     |-----------------------+----------------+--------+-------+---------+----------| 
     | wbm_sel_o_reg[0]      | CK ^           |        |       |  -0.002 |   -0.305 | 
     | wbm_sel_o_reg[0]      | CK ^ -> Q ^    | DFFQXL | 0.040 |   0.038 |   -0.265 | 
     | FE_OFC755_wbm_sel_o_0 | A ^ -> Y ^     | BUFX8  | 0.034 |   0.072 |   -0.231 | 
     |                       | wbm_sel_o[0] ^ |        | 0.001 |   0.073 |   -0.230 | 
     +------------------------------------------------------------------------------+ 
Path 16: MET Early External Delay Assertion 
Endpoint:   pcpi_insn[15]                     (^) checked with  leading edge of 
'clk'
Beginpoint: picorv32_core_pcpi_insn_reg[15]/Q (^) triggered by  leading edge of 
'clk'
Path Groups: {reg2out}
Analysis View: analysis1
Other End Arrival Time          0.000
- External Delay                0.250
+ Phase Shift                   0.000
+ Uncertainty                   0.020
= Required Time                -0.230
  Arrival Time                  0.073
  Slack Time                    0.303
     Clock Rise Edge                 0.000
     + Clock Network Latency (Prop)  -0.006
     = Beginpoint Arrival Time       -0.006
     +-------------------------------------------------------------------------------------------+ 
     |            Instance             |       Arc       |   Cell   | Delay | Arrival | Required | 
     |                                 |                 |          |       |  Time   |   Time   | 
     |---------------------------------+-----------------+----------+-------+---------+----------| 
     | picorv32_core_pcpi_insn_reg[15] | CK ^            |          |       |  -0.006 |   -0.309 | 
     | picorv32_core_pcpi_insn_reg[15] | CK ^ -> Q ^     | EDFFHQX1 | 0.040 |   0.034 |   -0.269 | 
     | FE_OFC206_pcpi_insn_15          | A ^ -> Y v      | INVX1    | 0.015 |   0.049 |   -0.254 | 
     | FE_OFC207_pcpi_insn_15          | A v -> Y ^      | INVX8    | 0.023 |   0.073 |   -0.230 | 
     |                                 | pcpi_insn[15] ^ |          | 0.001 |   0.073 |   -0.230 | 
     +-------------------------------------------------------------------------------------------+ 
Path 17: MET Early External Delay Assertion 
Endpoint:   pcpi_insn[17]                     (^) checked with  leading edge of 
'clk'
Beginpoint: picorv32_core_pcpi_insn_reg[17]/Q (^) triggered by  leading edge of 
'clk'
Path Groups: {reg2out}
Analysis View: analysis1
Other End Arrival Time          0.000
- External Delay                0.250
+ Phase Shift                   0.000
+ Uncertainty                   0.020
= Required Time                -0.230
  Arrival Time                  0.073
  Slack Time                    0.303
     Clock Rise Edge                 0.000
     + Clock Network Latency (Prop)  -0.006
     = Beginpoint Arrival Time       -0.006
     +-------------------------------------------------------------------------------------------+ 
     |            Instance             |       Arc       |   Cell   | Delay | Arrival | Required | 
     |                                 |                 |          |       |  Time   |   Time   | 
     |---------------------------------+-----------------+----------+-------+---------+----------| 
     | picorv32_core_pcpi_insn_reg[17] | CK ^            |          |       |  -0.006 |   -0.309 | 
     | picorv32_core_pcpi_insn_reg[17] | CK ^ -> Q ^     | EDFFHQX1 | 0.040 |   0.034 |   -0.269 | 
     | FE_OFC202_pcpi_insn_17          | A ^ -> Y v      | INVX1    | 0.015 |   0.049 |   -0.254 | 
     | FE_OFC203_pcpi_insn_17          | A v -> Y ^      | INVX8    | 0.023 |   0.072 |   -0.232 | 
     |                                 | pcpi_insn[17] ^ |          | 0.002 |   0.073 |   -0.230 | 
     +-------------------------------------------------------------------------------------------+ 
Path 18: MET Early External Delay Assertion 
Endpoint:   eoi[3]                     (^) checked with  leading edge of 'clk'
Beginpoint: picorv32_core_eoi_reg[3]/Q (^) triggered by  leading edge of 'clk'
Path Groups: {reg2out}
Analysis View: analysis1
Other End Arrival Time          0.000
- External Delay                0.250
+ Phase Shift                   0.000
+ Uncertainty                   0.020
= Required Time                -0.230
  Arrival Time                  0.074
  Slack Time                    0.304
     Clock Rise Edge                 0.000
     + Clock Network Latency (Prop)  -0.007
     = Beginpoint Arrival Time       -0.007
     +--------------------------------------------------------------------------------+ 
     |         Instance         |     Arc     |   Cell   | Delay | Arrival | Required | 
     |                          |             |          |       |  Time   |   Time   | 
     |--------------------------+-------------+----------+-------+---------+----------| 
     | picorv32_core_eoi_reg[3] | CK ^        |          |       |  -0.007 |   -0.310 | 
     | picorv32_core_eoi_reg[3] | CK ^ -> Q ^ | DFFQXL   | 0.044 |   0.037 |   -0.267 | 
     | FE_OFC723_eoi_3          | A ^ -> Y ^  | CLKBUFX8 | 0.034 |   0.071 |   -0.232 | 
     |                          | eoi[3] ^    |          | 0.002 |   0.074 |   -0.230 | 
     +--------------------------------------------------------------------------------+ 
Path 19: MET Early External Delay Assertion 
Endpoint:   pcpi_insn[11]                     (^) checked with  leading edge of 
'clk'
Beginpoint: picorv32_core_pcpi_insn_reg[11]/Q (^) triggered by  leading edge of 
'clk'
Path Groups: {reg2out}
Analysis View: analysis1
Other End Arrival Time          0.000
- External Delay                0.250
+ Phase Shift                   0.000
+ Uncertainty                   0.020
= Required Time                -0.230
  Arrival Time                  0.074
  Slack Time                    0.304
     Clock Rise Edge                 0.000
     + Clock Network Latency (Prop)  -0.006
     = Beginpoint Arrival Time       -0.006
     +-------------------------------------------------------------------------------------------+ 
     |            Instance             |       Arc       |   Cell   | Delay | Arrival | Required | 
     |                                 |                 |          |       |  Time   |   Time   | 
     |---------------------------------+-----------------+----------+-------+---------+----------| 
     | picorv32_core_pcpi_insn_reg[11] | CK ^            |          |       |  -0.006 |   -0.310 | 
     | picorv32_core_pcpi_insn_reg[11] | CK ^ -> Q ^     | EDFFHQX1 | 0.040 |   0.034 |   -0.270 | 
     | FE_OFC217_pcpi_insn_11          | A ^ -> Y v      | INVX1    | 0.016 |   0.050 |   -0.254 | 
     | FE_OFC218_pcpi_insn_11          | A v -> Y ^      | INVX8    | 0.023 |   0.072 |   -0.231 | 
     |                                 | pcpi_insn[11] ^ |          | 0.002 |   0.074 |   -0.230 | 
     +-------------------------------------------------------------------------------------------+ 
Path 20: MET Early External Delay Assertion 
Endpoint:   eoi[4]                     (^) checked with  leading edge of 'clk'
Beginpoint: picorv32_core_eoi_reg[4]/Q (^) triggered by  leading edge of 'clk'
Path Groups: {reg2out}
Analysis View: analysis1
Other End Arrival Time          0.000
- External Delay                0.250
+ Phase Shift                   0.000
+ Uncertainty                   0.020
= Required Time                -0.230
  Arrival Time                  0.074
  Slack Time                    0.304
     Clock Rise Edge                 0.000
     + Clock Network Latency (Prop)  -0.007
     = Beginpoint Arrival Time       -0.007
     +--------------------------------------------------------------------------------+ 
     |         Instance         |     Arc     |   Cell   | Delay | Arrival | Required | 
     |                          |             |          |       |  Time   |   Time   | 
     |--------------------------+-------------+----------+-------+---------+----------| 
     | picorv32_core_eoi_reg[4] | CK ^        |          |       |  -0.007 |   -0.311 | 
     | picorv32_core_eoi_reg[4] | CK ^ -> Q ^ | DFFQXL   | 0.044 |   0.038 |   -0.266 | 
     | FE_OFC722_eoi_4          | A ^ -> Y ^  | CLKBUFX8 | 0.035 |   0.073 |   -0.231 | 
     |                          | eoi[4] ^    |          | 0.002 |   0.074 |   -0.230 | 
     +--------------------------------------------------------------------------------+ 
Path 21: MET Early External Delay Assertion 
Endpoint:   eoi[5]                     (^) checked with  leading edge of 'clk'
Beginpoint: picorv32_core_eoi_reg[5]/Q (^) triggered by  leading edge of 'clk'
Path Groups: {reg2out}
Analysis View: analysis1
Other End Arrival Time          0.000
- External Delay                0.250
+ Phase Shift                   0.000
+ Uncertainty                   0.020
= Required Time                -0.230
  Arrival Time                  0.074
  Slack Time                    0.304
     Clock Rise Edge                 0.000
     + Clock Network Latency (Prop)  -0.007
     = Beginpoint Arrival Time       -0.007
     +------------------------------------------------------------------------------+ 
     |         Instance         |     Arc     |  Cell  | Delay | Arrival | Required | 
     |                          |             |        |       |  Time   |   Time   | 
     |--------------------------+-------------+--------+-------+---------+----------| 
     | picorv32_core_eoi_reg[5] | CK ^        |        |       |  -0.007 |   -0.311 | 
     | picorv32_core_eoi_reg[5] | CK ^ -> Q ^ | DFFQXL | 0.035 |   0.028 |   -0.276 | 
     | FE_OFC501_eoi_5          | A ^ -> Y v  | INVXL  | 0.021 |   0.050 |   -0.254 | 
     | FE_OFC721_eoi_5          | A v -> Y ^  | INVX8  | 0.024 |   0.074 |   -0.230 | 
     |                          | eoi[5] ^    |        | 0.001 |   0.074 |   -0.230 | 
     +------------------------------------------------------------------------------+ 
Path 22: MET Early External Delay Assertion 
Endpoint:   wbm_dat_o[20]       (^) checked with  leading edge of 'clk'
Beginpoint: wbm_dat_o_reg[20]/Q (^) triggered by  leading edge of 'clk'
Path Groups: {reg2out}
Analysis View: analysis1
Other End Arrival Time          0.000
- External Delay                0.250
+ Phase Shift                   0.000
+ Uncertainty                   0.020
= Required Time                -0.230
  Arrival Time                  0.075
  Slack Time                    0.305
     Clock Rise Edge                 0.000
     + Clock Network Latency (Prop)  -0.001
     = Beginpoint Arrival Time       -0.001
     +---------------------------------------------------------------------------------+ 
     |       Instance        |       Arc       |   Cell   | Delay | Arrival | Required | 
     |                       |                 |          |       |  Time   |   Time   | 
     |-----------------------+-----------------+----------+-------+---------+----------| 
     | wbm_dat_o_reg[20]     | CK ^            |          |       |  -0.001 |   -0.306 | 
     | wbm_dat_o_reg[20]     | CK ^ -> Q ^     | DFFQXL   | 0.041 |   0.040 |   -0.265 | 
     | FE_OFC95_wbm_dat_o_20 | A ^ -> Y ^      | CLKBUFX8 | 0.035 |   0.075 |   -0.231 | 
     |                       | wbm_dat_o[20] ^ |          | 0.001 |   0.075 |   -0.230 | 
     +---------------------------------------------------------------------------------+ 
Path 23: MET Early External Delay Assertion 
Endpoint:   eoi[1]                     (^) checked with  leading edge of 'clk'
Beginpoint: picorv32_core_eoi_reg[1]/Q (^) triggered by  leading edge of 'clk'
Path Groups: {reg2out}
Analysis View: analysis1
Other End Arrival Time          0.000
- External Delay                0.250
+ Phase Shift                   0.000
+ Uncertainty                   0.020
= Required Time                -0.230
  Arrival Time                  0.076
  Slack Time                    0.306
     Clock Rise Edge                 0.000
     + Clock Network Latency (Prop)  -0.007
     = Beginpoint Arrival Time       -0.007
     +------------------------------------------------------------------------------+ 
     |         Instance         |     Arc     |  Cell  | Delay | Arrival | Required | 
     |                          |             |        |       |  Time   |   Time   | 
     |--------------------------+-------------+--------+-------+---------+----------| 
     | picorv32_core_eoi_reg[1] | CK ^        |        |       |  -0.007 |   -0.312 | 
     | picorv32_core_eoi_reg[1] | CK ^ -> Q ^ | DFFQXL | 0.035 |   0.028 |   -0.278 | 
     | FE_OFC510_eoi_1          | A ^ -> Y v  | INVXL  | 0.023 |   0.051 |   -0.255 | 
     | FE_OFC725_eoi_1          | A v -> Y ^  | INVX8  | 0.024 |   0.075 |   -0.230 | 
     |                          | eoi[1] ^    |        | 0.001 |   0.076 |   -0.230 | 
     +------------------------------------------------------------------------------+ 
Path 24: MET Early External Delay Assertion 
Endpoint:   eoi[10]                     (^) checked with  leading edge of 'clk'
Beginpoint: picorv32_core_eoi_reg[10]/Q (^) triggered by  leading edge of 'clk'
Path Groups: {reg2out}
Analysis View: analysis1
Other End Arrival Time          0.000
- External Delay                0.250
+ Phase Shift                   0.000
+ Uncertainty                   0.020
= Required Time                -0.230
  Arrival Time                  0.076
  Slack Time                    0.306
     Clock Rise Edge                 0.000
     + Clock Network Latency (Prop)  -0.007
     = Beginpoint Arrival Time       -0.007
     +---------------------------------------------------------------------------------+ 
     |         Instance          |     Arc     |   Cell   | Delay | Arrival | Required | 
     |                           |             |          |       |  Time   |   Time   | 
     |---------------------------+-------------+----------+-------+---------+----------| 
     | picorv32_core_eoi_reg[10] | CK ^        |          |       |  -0.007 |   -0.313 | 
     | picorv32_core_eoi_reg[10] | CK ^ -> Q ^ | DFFQXL   | 0.046 |   0.039 |   -0.267 | 
     | FE_OFC715_eoi_10          | A ^ -> Y ^  | CLKBUFX8 | 0.035 |   0.075 |   -0.231 | 
     |                           | eoi[10] ^   |          | 0.002 |   0.076 |   -0.230 | 
     +---------------------------------------------------------------------------------+ 
Path 25: MET Early External Delay Assertion 
Endpoint:   eoi[0]                     (^) checked with  leading edge of 'clk'
Beginpoint: picorv32_core_eoi_reg[0]/Q (^) triggered by  leading edge of 'clk'
Path Groups: {reg2out}
Analysis View: analysis1
Other End Arrival Time          0.000
- External Delay                0.250
+ Phase Shift                   0.000
+ Uncertainty                   0.020
= Required Time                -0.230
  Arrival Time                  0.076
  Slack Time                    0.306
     Clock Rise Edge                 0.000
     + Clock Network Latency (Prop)  -0.007
     = Beginpoint Arrival Time       -0.007
     +------------------------------------------------------------------------------+ 
     |         Instance         |     Arc     |  Cell  | Delay | Arrival | Required | 
     |                          |             |        |       |  Time   |   Time   | 
     |--------------------------+-------------+--------+-------+---------+----------| 
     | picorv32_core_eoi_reg[0] | CK ^        |        |       |  -0.007 |   -0.313 | 
     | picorv32_core_eoi_reg[0] | CK ^ -> Q ^ | DFFQXL | 0.042 |   0.036 |   -0.271 | 
     | FE_OFC513_eoi_0          | A ^ -> Y v  | INVX1  | 0.016 |   0.052 |   -0.254 | 
     | FE_OFC514_eoi_0          | A v -> Y ^  | INVX8  | 0.023 |   0.075 |   -0.232 | 
     |                          | eoi[0] ^    |        | 0.002 |   0.076 |   -0.230 | 
     +------------------------------------------------------------------------------+ 
Path 26: MET Early External Delay Assertion 
Endpoint:   wbm_dat_o[3]       (^) checked with  leading edge of 'clk'
Beginpoint: wbm_dat_o_reg[3]/Q (^) triggered by  leading edge of 'clk'
Path Groups: {reg2out}
Analysis View: analysis1
Other End Arrival Time          0.000
- External Delay                0.250
+ Phase Shift                   0.000
+ Uncertainty                   0.020
= Required Time                -0.230
  Arrival Time                  0.077
  Slack Time                    0.307
     Clock Rise Edge                 0.000
     + Clock Network Latency (Prop)  0.001
     = Beginpoint Arrival Time       0.001
     +------------------------------------------------------------------------------+ 
     |       Instance        |      Arc       |  Cell  | Delay | Arrival | Required | 
     |                       |                |        |       |  Time   |   Time   | 
     |-----------------------+----------------+--------+-------+---------+----------| 
     | wbm_dat_o_reg[3]      | CK ^           |        |       |   0.001 |   -0.306 | 
     | wbm_dat_o_reg[3]      | CK ^ -> Q ^    | DFFQXL | 0.041 |   0.041 |   -0.265 | 
     | FE_OFC754_wbm_dat_o_3 | A ^ -> Y ^     | BUFX8  | 0.034 |   0.075 |   -0.232 | 
     |                       | wbm_dat_o[3] ^ |        | 0.002 |   0.077 |   -0.230 | 
     +------------------------------------------------------------------------------+ 
Path 27: MET Early External Delay Assertion 
Endpoint:   wbm_dat_o[2]       (^) checked with  leading edge of 'clk'
Beginpoint: wbm_dat_o_reg[2]/Q (^) triggered by  leading edge of 'clk'
Path Groups: {reg2out}
Analysis View: analysis1
Other End Arrival Time          0.000
- External Delay                0.250
+ Phase Shift                   0.000
+ Uncertainty                   0.020
= Required Time                -0.230
  Arrival Time                  0.077
  Slack Time                    0.307
     Clock Rise Edge                 0.000
     + Clock Network Latency (Prop)  0.001
     = Beginpoint Arrival Time       0.001
     +------------------------------------------------------------------------------+ 
     |       Instance        |      Arc       |  Cell  | Delay | Arrival | Required | 
     |                       |                |        |       |  Time   |   Time   | 
     |-----------------------+----------------+--------+-------+---------+----------| 
     | wbm_dat_o_reg[2]      | CK ^           |        |       |   0.001 |   -0.307 | 
     | wbm_dat_o_reg[2]      | CK ^ -> Q ^    | DFFQXL | 0.038 |   0.039 |   -0.269 | 
     | FE_RC_5_0             | A ^ -> Y v     | INVX1  | 0.015 |   0.054 |   -0.254 | 
     | FE_OFC608_wbm_dat_o_2 | A v -> Y ^     | INVX8  | 0.023 |   0.076 |   -0.231 | 
     |                       | wbm_dat_o[2] ^ |        | 0.001 |   0.077 |   -0.230 | 
     +------------------------------------------------------------------------------+ 
Path 28: MET Early External Delay Assertion 
Endpoint:   wbm_we_o       (^) checked with  leading edge of 'clk'
Beginpoint: wbm_we_o_reg/Q (^) triggered by  leading edge of 'clk'
Path Groups: {reg2out}
Analysis View: analysis1
Other End Arrival Time          0.000
- External Delay                0.250
+ Phase Shift                   0.000
+ Uncertainty                   0.020
= Required Time                -0.230
  Arrival Time                  0.078
  Slack Time                    0.308
     Clock Rise Edge                 0.000
     + Clock Network Latency (Prop)  -0.002
     = Beginpoint Arrival Time       -0.002
     +--------------------------------------------------------------------------+ 
     |      Instance      |     Arc     |   Cell   | Delay | Arrival | Required | 
     |                    |             |          |       |  Time   |   Time   | 
     |--------------------+-------------+----------+-------+---------+----------| 
     | wbm_we_o_reg       | CK ^        |          |       |  -0.002 |   -0.309 | 
     | wbm_we_o_reg       | CK ^ -> Q ^ | DFFQXL   | 0.043 |   0.041 |   -0.266 | 
     | FE_OFC613_wbm_we_o | A ^ -> Y ^  | CLKBUFX8 | 0.034 |   0.076 |   -0.232 | 
     |                    | wbm_we_o ^  |          | 0.002 |   0.078 |   -0.230 | 
     +--------------------------------------------------------------------------+ 
Path 29: MET Early External Delay Assertion 
Endpoint:   wbm_dat_o[6]       (^) checked with  leading edge of 'clk'
Beginpoint: wbm_dat_o_reg[6]/Q (^) triggered by  leading edge of 'clk'
Path Groups: {reg2out}
Analysis View: analysis1
Other End Arrival Time          0.000
- External Delay                0.250
+ Phase Shift                   0.000
+ Uncertainty                   0.020
= Required Time                -0.230
  Arrival Time                  0.078
  Slack Time                    0.308
     Clock Rise Edge                 0.000
     + Clock Network Latency (Prop)  0.002
     = Beginpoint Arrival Time       0.002
     +--------------------------------------------------------------------------------+ 
     |       Instance        |      Arc       |   Cell   | Delay | Arrival | Required | 
     |                       |                |          |       |  Time   |   Time   | 
     |-----------------------+----------------+----------+-------+---------+----------| 
     | wbm_dat_o_reg[6]      | CK ^           |          |       |   0.002 |   -0.306 | 
     | wbm_dat_o_reg[6]      | CK ^ -> Q ^    | DFFQXL   | 0.041 |   0.043 |   -0.265 | 
     | FE_OFC852_wbm_dat_o_6 | A ^ -> Y ^     | CLKBUFX8 | 0.034 |   0.077 |   -0.231 | 
     |                       | wbm_dat_o[6] ^ |          | 0.001 |   0.078 |   -0.230 | 
     +--------------------------------------------------------------------------------+ 
Path 30: MET Early External Delay Assertion 
Endpoint:   wbm_dat_o[5]       (^) checked with  leading edge of 'clk'
Beginpoint: wbm_dat_o_reg[5]/Q (^) triggered by  leading edge of 'clk'
Path Groups: {reg2out}
Analysis View: analysis1
Other End Arrival Time          0.000
- External Delay                0.250
+ Phase Shift                   0.000
+ Uncertainty                   0.020
= Required Time                -0.230
  Arrival Time                  0.078
  Slack Time                    0.308
     Clock Rise Edge                 0.000
     + Clock Network Latency (Prop)  0.002
     = Beginpoint Arrival Time       0.002
     +--------------------------------------------------------------------------------+ 
     |       Instance        |      Arc       |   Cell   | Delay | Arrival | Required | 
     |                       |                |          |       |  Time   |   Time   | 
     |-----------------------+----------------+----------+-------+---------+----------| 
     | wbm_dat_o_reg[5]      | CK ^           |          |       |   0.002 |   -0.305 | 
     | wbm_dat_o_reg[5]      | CK ^ -> Q ^    | DFFQXL   | 0.040 |   0.043 |   -0.265 | 
     | FE_OFC853_wbm_dat_o_5 | A ^ -> Y ^     | CLKBUFX8 | 0.034 |   0.077 |   -0.231 | 
     |                       | wbm_dat_o[5] ^ |          | 0.001 |   0.078 |   -0.230 | 
     +--------------------------------------------------------------------------------+ 
Path 31: MET Early External Delay Assertion 
Endpoint:   wbm_dat_o[18]       (^) checked with  leading edge of 'clk'
Beginpoint: wbm_dat_o_reg[18]/Q (^) triggered by  leading edge of 'clk'
Path Groups: {reg2out}
Analysis View: analysis1
Other End Arrival Time          0.000
- External Delay                0.250
+ Phase Shift                   0.000
+ Uncertainty                   0.020
= Required Time                -0.230
  Arrival Time                  0.078
  Slack Time                    0.308
     Clock Rise Edge                 0.000
     + Clock Network Latency (Prop)  -0.001
     = Beginpoint Arrival Time       -0.001
     +--------------------------------------------------------------------------------+ 
     |        Instance        |       Arc       |  Cell  | Delay | Arrival | Required | 
     |                        |                 |        |       |  Time   |   Time   | 
     |------------------------+-----------------+--------+-------+---------+----------| 
     | wbm_dat_o_reg[18]      | CK ^            |        |       |  -0.001 |   -0.309 | 
     | wbm_dat_o_reg[18]      | CK ^ -> Q ^     | DFFQXL | 0.039 |   0.038 |   -0.269 | 
     | FE_OFC99_wbm_dat_o_18  | A ^ -> Y v      | INVX1  | 0.016 |   0.054 |   -0.254 | 
     | FE_OFC586_wbm_dat_o_18 | A v -> Y ^      | INVX8  | 0.023 |   0.077 |   -0.231 | 
     |                        | wbm_dat_o[18] ^ |        | 0.001 |   0.078 |   -0.230 | 
     +--------------------------------------------------------------------------------+ 
Path 32: MET Early External Delay Assertion 
Endpoint:   eoi[15]                     (^) checked with  leading edge of 'clk'
Beginpoint: picorv32_core_eoi_reg[15]/Q (^) triggered by  leading edge of 'clk'
Path Groups: {reg2out}
Analysis View: analysis1
Other End Arrival Time          0.000
- External Delay                0.250
+ Phase Shift                   0.000
+ Uncertainty                   0.020
= Required Time                -0.230
  Arrival Time                  0.078
  Slack Time                    0.308
     Clock Rise Edge                 0.000
     + Clock Network Latency (Prop)  -0.007
     = Beginpoint Arrival Time       -0.007
     +-------------------------------------------------------------------------------+ 
     |         Instance          |     Arc     |  Cell  | Delay | Arrival | Required | 
     |                           |             |        |       |  Time   |   Time   | 
     |---------------------------+-------------+--------+-------+---------+----------| 
     | picorv32_core_eoi_reg[15] | CK ^        |        |       |  -0.007 |   -0.315 | 
     | picorv32_core_eoi_reg[15] | CK ^ -> Q ^ | DFFQXL | 0.044 |   0.037 |   -0.271 | 
     | FE_OFC481_eoi_15          | A ^ -> Y v  | INVX1  | 0.017 |   0.054 |   -0.254 | 
     | FE_OFC482_eoi_15          | A v -> Y ^  | INVX8  | 0.023 |   0.078 |   -0.231 | 
     |                           | eoi[15] ^   |        | 0.001 |   0.078 |   -0.230 | 
     +-------------------------------------------------------------------------------+ 
Path 33: MET Early External Delay Assertion 
Endpoint:   wbm_dat_o[10]       (^) checked with  leading edge of 'clk'
Beginpoint: wbm_dat_o_reg[10]/Q (^) triggered by  leading edge of 'clk'
Path Groups: {reg2out}
Analysis View: analysis1
Other End Arrival Time          0.000
- External Delay                0.250
+ Phase Shift                   0.000
+ Uncertainty                   0.020
= Required Time                -0.230
  Arrival Time                  0.078
  Slack Time                    0.308
     Clock Rise Edge                 0.000
     + Clock Network Latency (Prop)  0.001
     = Beginpoint Arrival Time       0.001
     +----------------------------------------------------------------------------------+ 
     |        Instance        |       Arc       |   Cell   | Delay | Arrival | Required | 
     |                        |                 |          |       |  Time   |   Time   | 
     |------------------------+-----------------+----------+-------+---------+----------| 
     | wbm_dat_o_reg[10]      | CK ^            |          |       |   0.001 |   -0.307 | 
     | wbm_dat_o_reg[10]      | CK ^ -> Q ^     | DFFQXL   | 0.041 |   0.042 |   -0.266 | 
     | FE_OFC855_wbm_dat_o_10 | A ^ -> Y ^      | CLKBUFX8 | 0.034 |   0.076 |   -0.232 | 
     |                        | wbm_dat_o[10] ^ |          | 0.002 |   0.078 |   -0.230 | 
     +----------------------------------------------------------------------------------+ 
Path 34: MET Early External Delay Assertion 
Endpoint:   wbm_dat_o[30]       (^) checked with  leading edge of 'clk'
Beginpoint: wbm_dat_o_reg[30]/Q (^) triggered by  leading edge of 'clk'
Path Groups: {reg2out}
Analysis View: analysis1
Other End Arrival Time          0.000
- External Delay                0.250
+ Phase Shift                   0.000
+ Uncertainty                   0.020
= Required Time                -0.230
  Arrival Time                  0.078
  Slack Time                    0.308
     Clock Rise Edge                 0.000
     + Clock Network Latency (Prop)  0.001
     = Beginpoint Arrival Time       0.001
     +----------------------------------------------------------------------------------+ 
     |        Instance        |       Arc       |   Cell   | Delay | Arrival | Required | 
     |                        |                 |          |       |  Time   |   Time   | 
     |------------------------+-----------------+----------+-------+---------+----------| 
     | wbm_dat_o_reg[30]      | CK ^            |          |       |   0.001 |   -0.308 | 
     | wbm_dat_o_reg[30]      | CK ^ -> Q ^     | DFFQXL   | 0.043 |   0.043 |   -0.265 | 
     | FE_OFC854_wbm_dat_o_30 | A ^ -> Y ^      | CLKBUFX8 | 0.035 |   0.078 |   -0.231 | 
     |                        | wbm_dat_o[30] ^ |          | 0.001 |   0.078 |   -0.230 | 
     +----------------------------------------------------------------------------------+ 
Path 35: MET Early External Delay Assertion 
Endpoint:   eoi[2]                     (^) checked with  leading edge of 'clk'
Beginpoint: picorv32_core_eoi_reg[2]/Q (^) triggered by  leading edge of 'clk'
Path Groups: {reg2out}
Analysis View: analysis1
Other End Arrival Time          0.000
- External Delay                0.250
+ Phase Shift                   0.000
+ Uncertainty                   0.020
= Required Time                -0.230
  Arrival Time                  0.078
  Slack Time                    0.308
     Clock Rise Edge                 0.000
     + Clock Network Latency (Prop)  -0.007
     = Beginpoint Arrival Time       -0.007
     +------------------------------------------------------------------------------+ 
     |         Instance         |     Arc     |  Cell  | Delay | Arrival | Required | 
     |                          |             |        |       |  Time   |   Time   | 
     |--------------------------+-------------+--------+-------+---------+----------| 
     | picorv32_core_eoi_reg[2] | CK ^        |        |       |  -0.007 |   -0.315 | 
     | picorv32_core_eoi_reg[2] | CK ^ -> Q ^ | DFFQXL | 0.044 |   0.037 |   -0.271 | 
     | FE_OFC508_eoi_2          | A ^ -> Y v  | INVX1  | 0.018 |   0.055 |   -0.254 | 
     | FE_OFC509_eoi_2          | A v -> Y ^  | INVX8  | 0.023 |   0.078 |   -0.230 | 
     |                          | eoi[2] ^    |        | 0.001 |   0.078 |   -0.230 | 
     +------------------------------------------------------------------------------+ 
Path 36: MET Early External Delay Assertion 
Endpoint:   wbm_dat_o[28]       (^) checked with  leading edge of 'clk'
Beginpoint: wbm_dat_o_reg[28]/Q (^) triggered by  leading edge of 'clk'
Path Groups: {reg2out}
Analysis View: analysis1
Other End Arrival Time          0.000
- External Delay                0.250
+ Phase Shift                   0.000
+ Uncertainty                   0.020
= Required Time                -0.230
  Arrival Time                  0.079
  Slack Time                    0.309
     Clock Rise Edge                 0.000
     + Clock Network Latency (Prop)  0.002
     = Beginpoint Arrival Time       0.002
     +--------------------------------------------------------------------------------+ 
     |        Instance        |       Arc       |  Cell  | Delay | Arrival | Required | 
     |                        |                 |        |       |  Time   |   Time   | 
     |------------------------+-----------------+--------+-------+---------+----------| 
     | wbm_dat_o_reg[28]      | CK ^            |        |       |   0.002 |   -0.306 | 
     | wbm_dat_o_reg[28]      | CK ^ -> Q ^     | DFFQXL | 0.041 |   0.043 |   -0.265 | 
     | FE_OFC751_wbm_dat_o_28 | A ^ -> Y ^      | BUFX8  | 0.034 |   0.078 |   -0.231 | 
     |                        | wbm_dat_o[28] ^ |        | 0.001 |   0.079 |   -0.230 | 
     +--------------------------------------------------------------------------------+ 
Path 37: MET Early External Delay Assertion 
Endpoint:   eoi[11]                     (^) checked with  leading edge of 'clk'
Beginpoint: picorv32_core_eoi_reg[11]/Q (^) triggered by  leading edge of 'clk'
Path Groups: {reg2out}
Analysis View: analysis1
Other End Arrival Time          0.000
- External Delay                0.250
+ Phase Shift                   0.000
+ Uncertainty                   0.020
= Required Time                -0.230
  Arrival Time                  0.079
  Slack Time                    0.309
     Clock Rise Edge                 0.000
     + Clock Network Latency (Prop)  -0.007
     = Beginpoint Arrival Time       -0.007
     +-------------------------------------------------------------------------------+ 
     |         Instance          |     Arc     |  Cell  | Delay | Arrival | Required | 
     |                           |             |        |       |  Time   |   Time   | 
     |---------------------------+-------------+--------+-------+---------+----------| 
     | picorv32_core_eoi_reg[11] | CK ^        |        |       |  -0.007 |   -0.315 | 
     | picorv32_core_eoi_reg[11] | CK ^ -> Q ^ | DFFQXL | 0.044 |   0.037 |   -0.271 | 
     | FE_OFC489_eoi_11          | A ^ -> Y v  | INVX1  | 0.018 |   0.055 |   -0.254 | 
     | FE_OFC490_eoi_11          | A v -> Y ^  | INVX8  | 0.023 |   0.078 |   -0.231 | 
     |                           | eoi[11] ^   |        | 0.001 |   0.079 |   -0.230 | 
     +-------------------------------------------------------------------------------+ 
Path 38: MET Early External Delay Assertion 
Endpoint:   pcpi_insn[30]                     (^) checked with  leading edge of 
'clk'
Beginpoint: picorv32_core_pcpi_insn_reg[30]/Q (^) triggered by  leading edge of 
'clk'
Path Groups: {reg2out}
Analysis View: analysis1
Other End Arrival Time          0.000
- External Delay                0.250
+ Phase Shift                   0.000
+ Uncertainty                   0.020
= Required Time                -0.230
  Arrival Time                  0.079
  Slack Time                    0.309
     Clock Rise Edge                 0.000
     + Clock Network Latency (Prop)  -0.002
     = Beginpoint Arrival Time       -0.002
     +-------------------------------------------------------------------------------------------+ 
     |            Instance             |       Arc       |   Cell   | Delay | Arrival | Required | 
     |                                 |                 |          |       |  Time   |   Time   | 
     |---------------------------------+-----------------+----------+-------+---------+----------| 
     | picorv32_core_pcpi_insn_reg[30] | CK ^            |          |       |  -0.002 |   -0.311 | 
     | picorv32_core_pcpi_insn_reg[30] | CK ^ -> Q ^     | EDFFHQX1 | 0.045 |   0.044 |   -0.266 | 
     | FE_OFC753_pcpi_insn_30          | A ^ -> Y ^      | BUFX8    | 0.034 |   0.078 |   -0.232 | 
     |                                 | pcpi_insn[30] ^ |          | 0.002 |   0.079 |   -0.230 | 
     +-------------------------------------------------------------------------------------------+ 
Path 39: MET Early External Delay Assertion 
Endpoint:   wbm_sel_o[2]       (^) checked with  leading edge of 'clk'
Beginpoint: wbm_sel_o_reg[2]/Q (^) triggered by  leading edge of 'clk'
Path Groups: {reg2out}
Analysis View: analysis1
Other End Arrival Time          0.000
- External Delay                0.250
+ Phase Shift                   0.000
+ Uncertainty                   0.020
= Required Time                -0.230
  Arrival Time                  0.079
  Slack Time                    0.309
     Clock Rise Edge                 0.000
     + Clock Network Latency (Prop)  -0.003
     = Beginpoint Arrival Time       -0.003
     +------------------------------------------------------------------------------+ 
     |       Instance        |      Arc       |  Cell  | Delay | Arrival | Required | 
     |                       |                |        |       |  Time   |   Time   | 
     |-----------------------+----------------+--------+-------+---------+----------| 
     | wbm_sel_o_reg[2]      | CK ^           |        |       |  -0.003 |   -0.312 | 
     | wbm_sel_o_reg[2]      | CK ^ -> Q ^    | DFFQXL | 0.034 |   0.031 |   -0.278 | 
     | FE_OFC156_wbm_sel_o_2 | A ^ -> Y v     | INVXL  | 0.023 |   0.054 |   -0.255 | 
     | FE_OFC615_wbm_sel_o_2 | A v -> Y ^     | INVX8  | 0.024 |   0.079 |   -0.231 | 
     |                       | wbm_sel_o[2] ^ |        | 0.001 |   0.079 |   -0.230 | 
     +------------------------------------------------------------------------------+ 
Path 40: MET Early External Delay Assertion 
Endpoint:   pcpi_insn[4]                     (^) checked with  leading edge of 
'clk'
Beginpoint: picorv32_core_pcpi_insn_reg[4]/Q (^) triggered by  leading edge of 
'clk'
Path Groups: {reg2out}
Analysis View: analysis1
Other End Arrival Time          0.000
- External Delay                0.250
+ Phase Shift                   0.000
+ Uncertainty                   0.020
= Required Time                -0.230
  Arrival Time                  0.079
  Slack Time                    0.309
     Clock Rise Edge                 0.000
     + Clock Network Latency (Prop)  -0.002
     = Beginpoint Arrival Time       -0.002
     +-----------------------------------------------------------------------------------------+ 
     |            Instance            |      Arc       |   Cell   | Delay | Arrival | Required | 
     |                                |                |          |       |  Time   |   Time   | 
     |--------------------------------+----------------+----------+-------+---------+----------| 
     | picorv32_core_pcpi_insn_reg[4] | CK ^           |          |       |  -0.002 |   -0.312 | 
     | picorv32_core_pcpi_insn_reg[4] | CK ^ -> Q ^    | EDFFHQX1 | 0.046 |   0.044 |   -0.266 | 
     | FE_OFC630_pcpi_insn_4          | A ^ -> Y ^     | CLKBUFX8 | 0.034 |   0.078 |   -0.232 | 
     |                                | pcpi_insn[4] ^ |          | 0.002 |   0.079 |   -0.230 | 
     +-----------------------------------------------------------------------------------------+ 
Path 41: MET Early External Delay Assertion 
Endpoint:   wbm_sel_o[1]       (^) checked with  leading edge of 'clk'
Beginpoint: wbm_sel_o_reg[1]/Q (^) triggered by  leading edge of 'clk'
Path Groups: {reg2out}
Analysis View: analysis1
Other End Arrival Time          0.000
- External Delay                0.250
+ Phase Shift                   0.000
+ Uncertainty                   0.020
= Required Time                -0.230
  Arrival Time                  0.080
  Slack Time                    0.310
     Clock Rise Edge                 0.000
     + Clock Network Latency (Prop)  -0.002
     = Beginpoint Arrival Time       -0.002
     +------------------------------------------------------------------------------+ 
     |       Instance        |      Arc       |  Cell  | Delay | Arrival | Required | 
     |                       |                |        |       |  Time   |   Time   | 
     |-----------------------+----------------+--------+-------+---------+----------| 
     | wbm_sel_o_reg[1]      | CK ^           |        |       |  -0.002 |   -0.312 | 
     | wbm_sel_o_reg[1]      | CK ^ -> Q ^    | DFFQXL | 0.035 |   0.032 |   -0.277 | 
     | FE_OFC159_wbm_sel_o_1 | A ^ -> Y v     | INVXL  | 0.023 |   0.055 |   -0.255 | 
     | FE_OFC617_wbm_sel_o_1 | A v -> Y ^     | INVX8  | 0.024 |   0.079 |   -0.231 | 
     |                       | wbm_sel_o[1] ^ |        | 0.001 |   0.080 |   -0.230 | 
     +------------------------------------------------------------------------------+ 
Path 42: MET Early External Delay Assertion 
Endpoint:   wbm_dat_o[12]       (^) checked with  leading edge of 'clk'
Beginpoint: wbm_dat_o_reg[12]/Q (^) triggered by  leading edge of 'clk'
Path Groups: {reg2out}
Analysis View: analysis1
Other End Arrival Time          0.000
- External Delay                0.250
+ Phase Shift                   0.000
+ Uncertainty                   0.020
= Required Time                -0.230
  Arrival Time                  0.080
  Slack Time                    0.310
     Clock Rise Edge                 0.000
     + Clock Network Latency (Prop)  0.002
     = Beginpoint Arrival Time       0.002
     +--------------------------------------------------------------------------------+ 
     |        Instance        |       Arc       |  Cell  | Delay | Arrival | Required | 
     |                        |                 |        |       |  Time   |   Time   | 
     |------------------------+-----------------+--------+-------+---------+----------| 
     | wbm_dat_o_reg[12]      | CK ^            |        |       |   0.002 |   -0.307 | 
     | wbm_dat_o_reg[12]      | CK ^ -> Q ^     | DFFQXL | 0.041 |   0.044 |   -0.266 | 
     | FE_OFC752_wbm_dat_o_12 | A ^ -> Y ^      | BUFX8  | 0.034 |   0.078 |   -0.232 | 
     |                        | wbm_dat_o[12] ^ |        | 0.002 |   0.080 |   -0.230 | 
     +--------------------------------------------------------------------------------+ 
Path 43: MET Early External Delay Assertion 
Endpoint:   pcpi_insn[28]                     (^) checked with  leading edge of 
'clk'
Beginpoint: picorv32_core_pcpi_insn_reg[28]/Q (^) triggered by  leading edge of 
'clk'
Path Groups: {reg2out}
Analysis View: analysis1
Other End Arrival Time          0.000
- External Delay                0.250
+ Phase Shift                   0.000
+ Uncertainty                   0.020
= Required Time                -0.230
  Arrival Time                  0.080
  Slack Time                    0.310
     Clock Rise Edge                 0.000
     + Clock Network Latency (Prop)  -0.003
     = Beginpoint Arrival Time       -0.003
     +-------------------------------------------------------------------------------------------+ 
     |            Instance             |       Arc       |   Cell   | Delay | Arrival | Required | 
     |                                 |                 |          |       |  Time   |   Time   | 
     |---------------------------------+-----------------+----------+-------+---------+----------| 
     | picorv32_core_pcpi_insn_reg[28] | CK ^            |          |       |  -0.003 |   -0.312 | 
     | picorv32_core_pcpi_insn_reg[28] | CK ^ -> Q ^     | EDFFHQX1 | 0.044 |   0.041 |   -0.269 | 
     | FE_OFC179_pcpi_insn_28          | A ^ -> Y v      | INVX1    | 0.015 |   0.056 |   -0.253 | 
     | FE_OFC180_pcpi_insn_28          | A v -> Y ^      | INVX8    | 0.023 |   0.079 |   -0.230 | 
     |                                 | pcpi_insn[28] ^ |          | 0.001 |   0.080 |   -0.230 | 
     +-------------------------------------------------------------------------------------------+ 
Path 44: MET Early External Delay Assertion 
Endpoint:   wbm_dat_o[16]       (^) checked with  leading edge of 'clk'
Beginpoint: wbm_dat_o_reg[16]/Q (^) triggered by  leading edge of 'clk'
Path Groups: {reg2out}
Analysis View: analysis1
Other End Arrival Time          0.000
- External Delay                0.250
+ Phase Shift                   0.000
+ Uncertainty                   0.020
= Required Time                -0.230
  Arrival Time                  0.080
  Slack Time                    0.310
     Clock Rise Edge                 0.000
     + Clock Network Latency (Prop)  -0.001
     = Beginpoint Arrival Time       -0.001
     +--------------------------------------------------------------------------------+ 
     |        Instance        |       Arc       |  Cell  | Delay | Arrival | Required | 
     |                        |                 |        |       |  Time   |   Time   | 
     |------------------------+-----------------+--------+-------+---------+----------| 
     | wbm_dat_o_reg[16]      | CK ^            |        |       |  -0.001 |   -0.311 | 
     | wbm_dat_o_reg[16]      | CK ^ -> Q ^     | DFFQXL | 0.034 |   0.034 |   -0.276 | 
     | FE_OFC103_wbm_dat_o_16 | A ^ -> Y v      | INVXL  | 0.021 |   0.055 |   -0.255 | 
     | FE_OFC590_wbm_dat_o_16 | A v -> Y ^      | INVX8  | 0.024 |   0.079 |   -0.231 | 
     |                        | wbm_dat_o[16] ^ |        | 0.001 |   0.080 |   -0.230 | 
     +--------------------------------------------------------------------------------+ 
Path 45: MET Early External Delay Assertion 
Endpoint:   wbm_sel_o[3]       (^) checked with  leading edge of 'clk'
Beginpoint: wbm_sel_o_reg[3]/Q (^) triggered by  leading edge of 'clk'
Path Groups: {reg2out}
Analysis View: analysis1
Other End Arrival Time          0.000
- External Delay                0.250
+ Phase Shift                   0.000
+ Uncertainty                   0.020
= Required Time                -0.230
  Arrival Time                  0.080
  Slack Time                    0.310
     Clock Rise Edge                 0.000
     + Clock Network Latency (Prop)  -0.002
     = Beginpoint Arrival Time       -0.002
     +------------------------------------------------------------------------------+ 
     |       Instance        |      Arc       |  Cell  | Delay | Arrival | Required | 
     |                       |                |        |       |  Time   |   Time   | 
     |-----------------------+----------------+--------+-------+---------+----------| 
     | wbm_sel_o_reg[3]      | CK ^           |        |       |  -0.002 |   -0.312 | 
     | wbm_sel_o_reg[3]      | CK ^ -> Q ^    | DFFQXL | 0.035 |   0.032 |   -0.278 | 
     | FE_OFC153_wbm_sel_o_3 | A ^ -> Y v     | INVXL  | 0.023 |   0.055 |   -0.255 | 
     | FE_OFC154_wbm_sel_o_3 | A v -> Y ^     | INVX8  | 0.023 |   0.078 |   -0.232 | 
     |                       | wbm_sel_o[3] ^ |        | 0.002 |   0.080 |   -0.230 | 
     +------------------------------------------------------------------------------+ 
Path 46: MET Early External Delay Assertion 
Endpoint:   mem_instr                     (^) checked with  leading edge of 
'clk'
Beginpoint: picorv32_core_mem_instr_reg/Q (^) triggered by  leading edge of 
'clk'
Path Groups: {reg2out}
Analysis View: analysis1
Other End Arrival Time          0.000
- External Delay                0.250
+ Phase Shift                   0.000
+ Uncertainty                   0.020
= Required Time                -0.230
  Arrival Time                  0.080
  Slack Time                    0.310
     Clock Rise Edge                 0.000
     + Clock Network Latency (Prop)  -0.002
     = Beginpoint Arrival Time       -0.002
     +-----------------------------------------------------------------------------------+ 
     |          Instance           |     Arc     |   Cell   | Delay | Arrival | Required | 
     |                             |             |          |       |  Time   |   Time   | 
     |-----------------------------+-------------+----------+-------+---------+----------| 
     | picorv32_core_mem_instr_reg | CK ^        |          |       |  -0.002 |   -0.313 | 
     | picorv32_core_mem_instr_reg | CK ^ -> Q ^ | EDFFHQX1 | 0.040 |   0.037 |   -0.273 | 
     | FE_OFC515_mem_instr         | A ^ -> Y v  | INVX1    | 0.019 |   0.056 |   -0.254 | 
     | FE_OFC516_mem_instr         | A v -> Y ^  | INVX8    | 0.024 |   0.080 |   -0.231 | 
     |                             | mem_instr ^ |          | 0.001 |   0.080 |   -0.230 | 
     +-----------------------------------------------------------------------------------+ 
Path 47: MET Early External Delay Assertion 
Endpoint:   wbm_dat_o[21]       (^) checked with  leading edge of 'clk'
Beginpoint: wbm_dat_o_reg[21]/Q (^) triggered by  leading edge of 'clk'
Path Groups: {reg2out}
Analysis View: analysis1
Other End Arrival Time          0.000
- External Delay                0.250
+ Phase Shift                   0.000
+ Uncertainty                   0.020
= Required Time                -0.230
  Arrival Time                  0.080
  Slack Time                    0.310
     Clock Rise Edge                 0.000
     + Clock Network Latency (Prop)  0.002
     = Beginpoint Arrival Time       0.002
     +-------------------------------------------------------------------------------+ 
     |       Instance        |       Arc       |  Cell  | Delay | Arrival | Required | 
     |                       |                 |        |       |  Time   |   Time   | 
     |-----------------------+-----------------+--------+-------+---------+----------| 
     | wbm_dat_o_reg[21]     | CK ^            |        |       |   0.002 |   -0.308 | 
     | wbm_dat_o_reg[21]     | CK ^ -> Q ^     | DFFQXL | 0.040 |   0.042 |   -0.269 | 
     | FE_OFC93_wbm_dat_o_21 | A ^ -> Y v      | INVX1  | 0.015 |   0.057 |   -0.253 | 
     | FE_OFC94_wbm_dat_o_21 | A v -> Y ^      | INVX8  | 0.023 |   0.080 |   -0.231 | 
     |                       | wbm_dat_o[21] ^ |        | 0.001 |   0.080 |   -0.230 | 
     +-------------------------------------------------------------------------------+ 
Path 48: MET Early External Delay Assertion 
Endpoint:   wbm_dat_o[25]       (^) checked with  leading edge of 'clk'
Beginpoint: wbm_dat_o_reg[25]/Q (^) triggered by  leading edge of 'clk'
Path Groups: {reg2out}
Analysis View: analysis1
Other End Arrival Time          0.000
- External Delay                0.250
+ Phase Shift                   0.000
+ Uncertainty                   0.020
= Required Time                -0.230
  Arrival Time                  0.080
  Slack Time                    0.310
     Clock Rise Edge                 0.000
     + Clock Network Latency (Prop)  0.002
     = Beginpoint Arrival Time       0.002
     +-------------------------------------------------------------------------------+ 
     |       Instance        |       Arc       |  Cell  | Delay | Arrival | Required | 
     |                       |                 |        |       |  Time   |   Time   | 
     |-----------------------+-----------------+--------+-------+---------+----------| 
     | wbm_dat_o_reg[25]     | CK ^            |        |       |   0.002 |   -0.308 | 
     | wbm_dat_o_reg[25]     | CK ^ -> Q ^     | DFFQXL | 0.039 |   0.041 |   -0.269 | 
     | FE_OFC83_wbm_dat_o_25 | A ^ -> Y v      | INVX1  | 0.015 |   0.056 |   -0.254 | 
     | FE_OFC84_wbm_dat_o_25 | A v -> Y ^      | INVX8  | 0.023 |   0.079 |   -0.232 | 
     |                       | wbm_dat_o[25] ^ |        | 0.002 |   0.080 |   -0.230 | 
     +-------------------------------------------------------------------------------+ 
Path 49: MET Early External Delay Assertion 
Endpoint:   wbm_dat_o[17]       (^) checked with  leading edge of 'clk'
Beginpoint: wbm_dat_o_reg[17]/Q (^) triggered by  leading edge of 'clk'
Path Groups: {reg2out}
Analysis View: analysis1
Other End Arrival Time          0.000
- External Delay                0.250
+ Phase Shift                   0.000
+ Uncertainty                   0.020
= Required Time                -0.230
  Arrival Time                  0.081
  Slack Time                    0.311
     Clock Rise Edge                 0.000
     + Clock Network Latency (Prop)  -0.001
     = Beginpoint Arrival Time       -0.001
     +--------------------------------------------------------------------------------+ 
     |        Instance        |       Arc       |  Cell  | Delay | Arrival | Required | 
     |                        |                 |        |       |  Time   |   Time   | 
     |------------------------+-----------------+--------+-------+---------+----------| 
     | wbm_dat_o_reg[17]      | CK ^            |        |       |  -0.001 |   -0.311 | 
     | wbm_dat_o_reg[17]      | CK ^ -> Q ^     | DFFQXL | 0.041 |   0.040 |   -0.271 | 
     | FE_RC_7_0              | A ^ -> Y v      | INVX1  | 0.016 |   0.056 |   -0.254 | 
     | FE_OFC588_wbm_dat_o_17 | A v -> Y ^      | INVX8  | 0.023 |   0.079 |   -0.232 | 
     |                        | wbm_dat_o[17] ^ |        | 0.002 |   0.081 |   -0.230 | 
     +--------------------------------------------------------------------------------+ 
Path 50: MET Early External Delay Assertion 
Endpoint:   pcpi_insn[2]                     (^) checked with  leading edge of 
'clk'
Beginpoint: picorv32_core_pcpi_insn_reg[2]/Q (^) triggered by  leading edge of 
'clk'
Path Groups: {reg2out}
Analysis View: analysis1
Other End Arrival Time          0.000
- External Delay                0.250
+ Phase Shift                   0.000
+ Uncertainty                   0.020
= Required Time                -0.230
  Arrival Time                  0.081
  Slack Time                    0.311
     Clock Rise Edge                 0.000
     + Clock Network Latency (Prop)  -0.002
     = Beginpoint Arrival Time       -0.002
     +-----------------------------------------------------------------------------------------+ 
     |            Instance            |      Arc       |   Cell   | Delay | Arrival | Required | 
     |                                |                |          |       |  Time   |   Time   | 
     |--------------------------------+----------------+----------+-------+---------+----------| 
     | picorv32_core_pcpi_insn_reg[2] | CK ^           |          |       |  -0.002 |   -0.313 | 
     | picorv32_core_pcpi_insn_reg[2] | CK ^ -> Q ^    | EDFFHQX1 | 0.044 |   0.042 |   -0.270 | 
     | FE_RC_3_0                      | A ^ -> Y v     | INVX1    | 0.015 |   0.057 |   -0.254 | 
     | FE_OFC634_pcpi_insn_2          | A v -> Y ^     | INVX8    | 0.023 |   0.080 |   -0.232 | 
     |                                | pcpi_insn[2] ^ |          | 0.002 |   0.081 |   -0.230 | 
     +-----------------------------------------------------------------------------------------+ 

