###############################################################
#  Generated by:      Cadence Innovus 21.35-s114_1
#  OS:                Linux x86_64(Host ID cn92.it.auth.gr)
#  Generated on:      Fri Nov 28 15:08:26 2025
#  Design:            picorv32_wb
#  Command:           report_timing -path_group reg2out -check_type setup -max_paths 50 > reports/postRouting/setup_reg2out.rpt
###############################################################
Path 1: MET Late External Delay Assertion 
Endpoint:   pcpi_rs2[4]                     (v) checked with  leading edge of 
'clk'
Beginpoint: picorv32_core_reg_op2_reg[4]/QN (^) triggered by  leading edge of 
'clk'
Path Groups: {reg2out}
Analysis View: analysis1
Other End Arrival Time          0.000
- External Delay                0.500
+ Phase Shift                   4.000
- Uncertainty                   0.020
= Required Time                 3.480
- Arrival Time                  0.488
= Slack Time                    2.992
     Clock Rise Edge                 0.000
     + Clock Network Latency (Prop)  -0.001
     = Beginpoint Arrival Time       -0.001
     +-----------------------------------------------------------------------------------+ 
     |           Instance           |      Arc      |  Cell | Delay | Arrival | Required | 
     |                              |               |       |       |  Time   |   Time   | 
     |------------------------------+---------------+-------+-------+---------+----------| 
     | picorv32_core_reg_op2_reg[4] | CK ^          |       |       |  -0.001 |    2.991 | 
     | picorv32_core_reg_op2_reg[4] | CK ^ -> QN ^  | DFFX1 | 0.153 |   0.152 |    3.144 | 
     | g17                          | A ^ -> Y v    | INVXL | 0.109 |   0.260 |    3.252 | 
     | FE_OFC429_pcpi_rs2_4         | A v -> Y ^    | INVXL | 0.069 |   0.329 |    3.322 | 
     | FE_OFC700_pcpi_rs2_4         | A ^ -> Y v    | INVX8 | 0.149 |   0.478 |    3.470 | 
     |                              | pcpi_rs2[4] v |       | 0.010 |   0.488 |    3.480 | 
     +-----------------------------------------------------------------------------------+ 
Path 2: MET Late External Delay Assertion 
Endpoint:   pcpi_rs2[8]                    (v) checked with  leading edge of 
'clk'
Beginpoint: picorv32_core_reg_op2_reg[8]/Q (v) triggered by  leading edge of 
'clk'
Path Groups: {reg2out}
Analysis View: analysis1
Other End Arrival Time          0.000
- External Delay                0.500
+ Phase Shift                   4.000
- Uncertainty                   0.020
= Required Time                 3.480
- Arrival Time                  0.410
= Slack Time                    3.070
     Clock Rise Edge                 0.000
     + Clock Network Latency (Prop)  -0.000
     = Beginpoint Arrival Time       -0.000
     +--------------------------------------------------------------------------------------+ 
     |           Instance           |      Arc      |   Cell   | Delay | Arrival | Required | 
     |                              |               |          |       |  Time   |   Time   | 
     |------------------------------+---------------+----------+-------+---------+----------| 
     | picorv32_core_reg_op2_reg[8] | CK ^          |          |       |  -0.000 |    3.070 | 
     | picorv32_core_reg_op2_reg[8] | CK ^ -> Q v   | DFFQXL   | 0.097 |   0.096 |    3.167 | 
     | FE_OFC414_pcpi_rs2_8         | A v -> Y ^    | INVXL    | 0.073 |   0.170 |    3.240 | 
     | FE_OFC416_pcpi_rs2_8         | A ^ -> Y v    | INVXL    | 0.076 |   0.246 |    3.317 | 
     | FE_OFC194639_pcpi_rs2_8      | A v -> Y v    | CLKBUFX8 | 0.150 |   0.396 |    3.466 | 
     |                              | pcpi_rs2[8] v |          | 0.014 |   0.410 |    3.480 | 
     +--------------------------------------------------------------------------------------+ 
Path 3: MET Late External Delay Assertion 
Endpoint:   pcpi_rs2[15]                    (^) checked with  leading edge of 
'clk'
Beginpoint: picorv32_core_reg_op2_reg[15]/Q (^) triggered by  leading edge of 
'clk'
Path Groups: {reg2out}
Analysis View: analysis1
Other End Arrival Time          0.000
- External Delay                0.500
+ Phase Shift                   4.000
- Uncertainty                   0.020
= Required Time                 3.480
- Arrival Time                  0.408
= Slack Time                    3.072
     Clock Rise Edge                 0.000
     + Clock Network Latency (Prop)  -0.000
     = Beginpoint Arrival Time       -0.000
     +----------------------------------------------------------------------------------------+ 
     |           Instance            |      Arc       |   Cell   | Delay | Arrival | Required | 
     |                               |                |          |       |  Time   |   Time   | 
     |-------------------------------+----------------+----------+-------+---------+----------| 
     | picorv32_core_reg_op2_reg[15] | CK ^           |          |       |  -0.000 |    3.071 | 
     | picorv32_core_reg_op2_reg[15] | CK ^ -> Q ^    | DFFQXL   | 0.141 |   0.141 |    3.213 | 
     | FE_OFC389_pcpi_rs2_15         | A ^ -> Y v     | INVXL    | 0.073 |   0.214 |    3.285 | 
     | FE_OFC390_pcpi_rs2_15         | A v -> Y ^     | INVX1    | 0.044 |   0.257 |    3.329 | 
     | FE_OFC856_pcpi_rs2_15         | A ^ -> Y ^     | CLKBUFX8 | 0.131 |   0.388 |    3.460 | 
     |                               | pcpi_rs2[15] ^ |          | 0.020 |   0.408 |    3.480 | 
     +----------------------------------------------------------------------------------------+ 
Path 4: MET Late External Delay Assertion 
Endpoint:   pcpi_rs2[2]                    (v) checked with  leading edge of 
'clk'
Beginpoint: picorv32_core_reg_op2_reg[2]/Q (v) triggered by  leading edge of 
'clk'
Path Groups: {reg2out}
Analysis View: analysis1
Other End Arrival Time          0.000
- External Delay                0.500
+ Phase Shift                   4.000
- Uncertainty                   0.020
= Required Time                 3.480
- Arrival Time                  0.404
= Slack Time                    3.076
     Clock Rise Edge                 0.000
     + Clock Network Latency (Prop)  -0.002
     = Beginpoint Arrival Time       -0.002
     +------------------------------------------------------------------------------------+ 
     |           Instance           |      Arc      |  Cell  | Delay | Arrival | Required | 
     |                              |               |        |       |  Time   |   Time   | 
     |------------------------------+---------------+--------+-------+---------+----------| 
     | picorv32_core_reg_op2_reg[2] | CK ^          |        |       |  -0.002 |    3.074 | 
     | picorv32_core_reg_op2_reg[2] | CK ^ -> Q v   | DFFQXL | 0.053 |   0.052 |    3.127 | 
     | FE_OFC794_pcpi_rs2_2         | A v -> Y ^    | INVX1  | 0.057 |   0.109 |    3.184 | 
     | FE_OFC795_pcpi_rs2_2         | A ^ -> Y v    | INVX2  | 0.098 |   0.206 |    3.282 | 
     | FE_OFC796_pcpi_rs2_2         | A v -> Y ^    | INVX1  | 0.049 |   0.255 |    3.331 | 
     | FE_OFC704_pcpi_rs2_2         | A ^ -> Y v    | INVX8  | 0.139 |   0.395 |    3.470 | 
     |                              | pcpi_rs2[2] v |        | 0.010 |   0.404 |    3.480 | 
     +------------------------------------------------------------------------------------+ 
Path 5: MET Late External Delay Assertion 
Endpoint:   pcpi_rs2[16]                    (v) checked with  leading edge of 
'clk'
Beginpoint: picorv32_core_reg_op2_reg[16]/Q (v) triggered by  leading edge of 
'clk'
Path Groups: {reg2out}
Analysis View: analysis1
Other End Arrival Time          0.000
- External Delay                0.500
+ Phase Shift                   4.000
- Uncertainty                   0.020
= Required Time                 3.480
- Arrival Time                  0.403
= Slack Time                    3.077
     Clock Rise Edge                 0.000
     + Clock Network Latency (Prop)  0.002
     = Beginpoint Arrival Time       0.002
     +--------------------------------------------------------------------------------------+ 
     |           Instance            |      Arc       |  Cell  | Delay | Arrival | Required | 
     |                               |                |        |       |  Time   |   Time   | 
     |-------------------------------+----------------+--------+-------+---------+----------| 
     | picorv32_core_reg_op2_reg[16] | CK ^           |        |       |   0.002 |    3.079 | 
     | picorv32_core_reg_op2_reg[16] | CK ^ -> Q v    | DFFQXL | 0.106 |   0.108 |    3.185 | 
     | FE_OFC384_pcpi_rs2_16         | A v -> Y ^     | INVXL  | 0.077 |   0.186 |    3.263 | 
     | FE_OFC385_pcpi_rs2_16         | A ^ -> Y v     | INVX1  | 0.043 |   0.228 |    3.305 | 
     | FE_OFC686_pcpi_rs2_16         | A v -> Y ^     | INVX1  | 0.028 |   0.256 |    3.333 | 
     | FE_OFC687_pcpi_rs2_16         | A ^ -> Y v     | INVX8  | 0.128 |   0.384 |    3.460 | 
     |                               | pcpi_rs2[16] v |        | 0.020 |   0.403 |    3.480 | 
     +--------------------------------------------------------------------------------------+ 
Path 6: MET Late External Delay Assertion 
Endpoint:   pcpi_rs2[6]                    (v) checked with  leading edge of 
'clk'
Beginpoint: picorv32_core_reg_op2_reg[6]/Q (v) triggered by  leading edge of 
'clk'
Path Groups: {reg2out}
Analysis View: analysis1
Other End Arrival Time          0.000
- External Delay                0.500
+ Phase Shift                   4.000
- Uncertainty                   0.020
= Required Time                 3.480
- Arrival Time                  0.395
= Slack Time                    3.085
     Clock Rise Edge                 0.000
     + Clock Network Latency (Prop)  0.000
     = Beginpoint Arrival Time       0.000
     +--------------------------------------------------------------------------------------+ 
     |           Instance           |      Arc      |   Cell   | Delay | Arrival | Required | 
     |                              |               |          |       |  Time   |   Time   | 
     |------------------------------+---------------+----------+-------+---------+----------| 
     | picorv32_core_reg_op2_reg[6] | CK ^          |          |       |   0.000 |    3.085 | 
     | picorv32_core_reg_op2_reg[6] | CK ^ -> Q v   | DFFQXL   | 0.098 |   0.098 |    3.183 | 
     | FE_OFC422_pcpi_rs2_6         | A v -> Y ^    | INVXL    | 0.075 |   0.173 |    3.258 | 
     | FE_OFC424_pcpi_rs2_6         | A ^ -> Y v    | INVX1    | 0.062 |   0.235 |    3.320 | 
     | FE_OFC697_pcpi_rs2_6         | A v -> Y v    | CLKBUFX8 | 0.150 |   0.385 |    3.470 | 
     |                              | pcpi_rs2[6] v |          | 0.010 |   0.395 |    3.480 | 
     +--------------------------------------------------------------------------------------+ 
Path 7: MET Late External Delay Assertion 
Endpoint:   pcpi_rs2[10]                    (v) checked with  leading edge of 
'clk'
Beginpoint: picorv32_core_reg_op2_reg[10]/Q (v) triggered by  leading edge of 
'clk'
Path Groups: {reg2out}
Analysis View: analysis1
Other End Arrival Time          0.000
- External Delay                0.500
+ Phase Shift                   4.000
- Uncertainty                   0.020
= Required Time                 3.480
- Arrival Time                  0.393
= Slack Time                    3.087
     Clock Rise Edge                 0.000
     + Clock Network Latency (Prop)  -0.001
     = Beginpoint Arrival Time       -0.001
     +----------------------------------------------------------------------------------------+ 
     |           Instance            |      Arc       |   Cell   | Delay | Arrival | Required | 
     |                               |                |          |       |  Time   |   Time   | 
     |-------------------------------+----------------+----------+-------+---------+----------| 
     | picorv32_core_reg_op2_reg[10] | CK ^           |          |       |  -0.001 |    3.086 | 
     | picorv32_core_reg_op2_reg[10] | CK ^ -> Q v    | DFFQXL   | 0.098 |   0.096 |    3.184 | 
     | FE_OFC406_pcpi_rs2_10         | A v -> Y ^     | INVXL    | 0.078 |   0.174 |    3.261 | 
     | FE_OFC407_pcpi_rs2_10         | A ^ -> Y v     | INVX1    | 0.060 |   0.234 |    3.321 | 
     | FE_OFC694_pcpi_rs2_10         | A v -> Y v     | CLKBUFX8 | 0.149 |   0.383 |    3.470 | 
     |                               | pcpi_rs2[10] v |          | 0.010 |   0.393 |    3.480 | 
     +----------------------------------------------------------------------------------------+ 
Path 8: MET Late External Delay Assertion 
Endpoint:   pcpi_rs2[29]                    (^) checked with  leading edge of 
'clk'
Beginpoint: picorv32_core_reg_op2_reg[29]/Q (^) triggered by  leading edge of 
'clk'
Path Groups: {reg2out}
Analysis View: analysis1
Other End Arrival Time          0.000
- External Delay                0.500
+ Phase Shift                   4.000
- Uncertainty                   0.020
= Required Time                 3.480
- Arrival Time                  0.388
= Slack Time                    3.092
     Clock Rise Edge                 0.000
     + Clock Network Latency (Prop)  0.001
     = Beginpoint Arrival Time       0.001
     +----------------------------------------------------------------------------------------+ 
     |           Instance            |      Arc       |   Cell   | Delay | Arrival | Required | 
     |                               |                |          |       |  Time   |   Time   | 
     |-------------------------------+----------------+----------+-------+---------+----------| 
     | picorv32_core_reg_op2_reg[29] | CK ^           |          |       |   0.001 |    3.093 | 
     | picorv32_core_reg_op2_reg[29] | CK ^ -> Q ^    | DFFQXL   | 0.127 |   0.128 |    3.221 | 
     | FE_OFC350_pcpi_rs2_29         | A ^ -> Y v     | INVXL    | 0.056 |   0.184 |    3.277 | 
     | FE_OFC351_pcpi_rs2_29         | A v -> Y ^     | INVXL    | 0.051 |   0.235 |    3.328 | 
     | FE_OFC352_pcpi_rs2_29         | A ^ -> Y ^     | CLKBUFX8 | 0.137 |   0.373 |    3.465 | 
     |                               | pcpi_rs2[29] ^ |          | 0.015 |   0.388 |    3.480 | 
     +----------------------------------------------------------------------------------------+ 
Path 9: MET Late External Delay Assertion 
Endpoint:   pcpi_rs2[13]                    (^) checked with  leading edge of 
'clk'
Beginpoint: picorv32_core_reg_op2_reg[13]/Q (^) triggered by  leading edge of 
'clk'
Path Groups: {reg2out}
Analysis View: analysis1
Other End Arrival Time          0.000
- External Delay                0.500
+ Phase Shift                   4.000
- Uncertainty                   0.020
= Required Time                 3.480
- Arrival Time                  0.384
= Slack Time                    3.096
     Clock Rise Edge                 0.000
     + Clock Network Latency (Prop)  -0.001
     = Beginpoint Arrival Time       -0.001
     +----------------------------------------------------------------------------------------+ 
     |           Instance            |      Arc       |   Cell   | Delay | Arrival | Required | 
     |                               |                |          |       |  Time   |   Time   | 
     |-------------------------------+----------------+----------+-------+---------+----------| 
     | picorv32_core_reg_op2_reg[13] | CK ^           |          |       |  -0.001 |    3.095 | 
     | picorv32_core_reg_op2_reg[13] | CK ^ -> Q ^    | DFFQXL   | 0.125 |   0.124 |    3.220 | 
     | FE_OFC396_pcpi_rs2_13         | A ^ -> Y v     | INVXL    | 0.055 |   0.179 |    3.275 | 
     | FE_OFC397_pcpi_rs2_13         | A v -> Y ^     | INVX1    | 0.053 |   0.232 |    3.329 | 
     | FE_OFC690_pcpi_rs2_13         | A ^ -> Y ^     | CLKBUFX8 | 0.142 |   0.374 |    3.470 | 
     |                               | pcpi_rs2[13] ^ |          | 0.009 |   0.384 |    3.480 | 
     +----------------------------------------------------------------------------------------+ 
Path 10: MET Late External Delay Assertion 
Endpoint:   pcpi_rs2[19]                    (v) checked with  leading edge of 
'clk'
Beginpoint: picorv32_core_reg_op2_reg[19]/Q (v) triggered by  leading edge of 
'clk'
Path Groups: {reg2out}
Analysis View: analysis1
Other End Arrival Time          0.000
- External Delay                0.500
+ Phase Shift                   4.000
- Uncertainty                   0.020
= Required Time                 3.480
- Arrival Time                  0.382
= Slack Time                    3.098
     Clock Rise Edge                 0.000
     + Clock Network Latency (Prop)  0.002
     = Beginpoint Arrival Time       0.002
     +--------------------------------------------------------------------------------------+ 
     |           Instance            |      Arc       |  Cell  | Delay | Arrival | Required | 
     |                               |                |        |       |  Time   |   Time   | 
     |-------------------------------+----------------+--------+-------+---------+----------| 
     | picorv32_core_reg_op2_reg[19] | CK ^           |        |       |   0.002 |    3.100 | 
     | picorv32_core_reg_op2_reg[19] | CK ^ -> Q v    | DFFQXL | 0.065 |   0.066 |    3.164 | 
     | FE_OFC846_pcpi_rs2_19         | A v -> Y ^     | INVXL  | 0.031 |   0.097 |    3.195 | 
     | FE_OFC847_pcpi_rs2_19         | A ^ -> Y v     | INVX1  | 0.082 |   0.179 |    3.277 | 
     | FE_OFC848_pcpi_rs2_19         | A v -> Y ^     | INVX1  | 0.051 |   0.231 |    3.329 | 
     | FE_OFC377_pcpi_rs2_19         | A ^ -> Y v     | INVX8  | 0.137 |   0.368 |    3.466 | 
     |                               | pcpi_rs2[19] v |        | 0.014 |   0.382 |    3.480 | 
     +--------------------------------------------------------------------------------------+ 
Path 11: MET Late External Delay Assertion 
Endpoint:   pcpi_rs2[7]                    (^) checked with  leading edge of 
'clk'
Beginpoint: picorv32_core_reg_op2_reg[7]/Q (^) triggered by  leading edge of 
'clk'
Path Groups: {reg2out}
Analysis View: analysis1
Other End Arrival Time          0.000
- External Delay                0.500
+ Phase Shift                   4.000
- Uncertainty                   0.020
= Required Time                 3.480
- Arrival Time                  0.380
= Slack Time                    3.100
     Clock Rise Edge                 0.000
     + Clock Network Latency (Prop)  0.000
     = Beginpoint Arrival Time       0.000
     +--------------------------------------------------------------------------------------+ 
     |           Instance           |      Arc      |   Cell   | Delay | Arrival | Required | 
     |                              |               |          |       |  Time   |   Time   | 
     |------------------------------+---------------+----------+-------+---------+----------| 
     | picorv32_core_reg_op2_reg[7] | CK ^          |          |       |   0.000 |    3.100 | 
     | picorv32_core_reg_op2_reg[7] | CK ^ -> Q ^   | DFFQXL   | 0.114 |   0.114 |    3.214 | 
     | FE_OFC418_pcpi_rs2_7         | A ^ -> Y v    | INVXL    | 0.057 |   0.171 |    3.271 | 
     | FE_OFC420_pcpi_rs2_7         | A v -> Y ^    | INVX1    | 0.057 |   0.228 |    3.328 | 
     | FE_OFC696_pcpi_rs2_7         | A ^ -> Y ^    | CLKBUFX8 | 0.143 |   0.371 |    3.471 | 
     |                              | pcpi_rs2[7] ^ |          | 0.009 |   0.380 |    3.480 | 
     +--------------------------------------------------------------------------------------+ 
Path 12: MET Late External Delay Assertion 
Endpoint:   pcpi_rs2[11]                    (^) checked with  leading edge of 
'clk'
Beginpoint: picorv32_core_reg_op2_reg[11]/Q (^) triggered by  leading edge of 
'clk'
Path Groups: {reg2out}
Analysis View: analysis1
Other End Arrival Time          0.000
- External Delay                0.500
+ Phase Shift                   4.000
- Uncertainty                   0.020
= Required Time                 3.480
- Arrival Time                  0.380
= Slack Time                    3.100
     Clock Rise Edge                 0.000
     + Clock Network Latency (Prop)  -0.001
     = Beginpoint Arrival Time       -0.001
     +----------------------------------------------------------------------------------------+ 
     |           Instance            |      Arc       |   Cell   | Delay | Arrival | Required | 
     |                               |                |          |       |  Time   |   Time   | 
     |-------------------------------+----------------+----------+-------+---------+----------| 
     | picorv32_core_reg_op2_reg[11] | CK ^           |          |       |  -0.001 |    3.099 | 
     | picorv32_core_reg_op2_reg[11] | CK ^ -> Q ^    | DFFQXL   | 0.116 |   0.115 |    3.215 | 
     | FE_OFC403_pcpi_rs2_11         | A ^ -> Y v     | INVXL    | 0.062 |   0.177 |    3.277 | 
     | FE_OFC404_pcpi_rs2_11         | A v -> Y ^     | INVX1    | 0.052 |   0.229 |    3.329 | 
     | FE_OFC693_pcpi_rs2_11         | A ^ -> Y ^     | CLKBUFX8 | 0.138 |   0.367 |    3.467 | 
     |                               | pcpi_rs2[11] ^ |          | 0.013 |   0.380 |    3.480 | 
     +----------------------------------------------------------------------------------------+ 
Path 13: MET Late External Delay Assertion 
Endpoint:   pcpi_rs2[1]                    (^) checked with  leading edge of 
'clk'
Beginpoint: picorv32_core_reg_op2_reg[1]/Q (^) triggered by  leading edge of 
'clk'
Path Groups: {reg2out}
Analysis View: analysis1
Other End Arrival Time          0.000
- External Delay                0.500
+ Phase Shift                   4.000
- Uncertainty                   0.020
= Required Time                 3.480
- Arrival Time                  0.377
= Slack Time                    3.103
     Clock Rise Edge                 0.000
     + Clock Network Latency (Prop)  -0.002
     = Beginpoint Arrival Time       -0.002
     +------------------------------------------------------------------------------------+ 
     |           Instance           |      Arc      |  Cell  | Delay | Arrival | Required | 
     |                              |               |        |       |  Time   |   Time   | 
     |------------------------------+---------------+--------+-------+---------+----------| 
     | picorv32_core_reg_op2_reg[1] | CK ^          |        |       |  -0.002 |    3.101 | 
     | picorv32_core_reg_op2_reg[1] | CK ^ -> Q ^   | DFFQXL | 0.141 |   0.139 |    3.242 | 
     | FE_OFC439_pcpi_rs2_1         | A ^ -> Y v    | INVXL  | 0.087 |   0.226 |    3.329 | 
     | FE_OFC706_pcpi_rs2_1         | A v -> Y ^    | INVX8  | 0.137 |   0.363 |    3.466 | 
     |                              | pcpi_rs2[1] ^ |        | 0.014 |   0.377 |    3.480 | 
     +------------------------------------------------------------------------------------+ 
Path 14: MET Late External Delay Assertion 
Endpoint:   pcpi_rs1[9]                    (v) checked with  leading edge of 
'clk'
Beginpoint: picorv32_core_reg_op1_reg[9]/Q (v) triggered by  leading edge of 
'clk'
Path Groups: {reg2out}
Analysis View: analysis1
Other End Arrival Time          0.000
- External Delay                0.500
+ Phase Shift                   4.000
- Uncertainty                   0.020
= Required Time                 3.480
- Arrival Time                  0.369
= Slack Time                    3.111
     Clock Rise Edge                 0.000
     + Clock Network Latency (Prop)  -0.001
     = Beginpoint Arrival Time       -0.001
     +--------------------------------------------------------------------------------------+ 
     |           Instance           |      Arc      |   Cell   | Delay | Arrival | Required | 
     |                              |               |          |       |  Time   |   Time   | 
     |------------------------------+---------------+----------+-------+---------+----------| 
     | picorv32_core_reg_op1_reg[9] | CK ^          |          |       |  -0.001 |    3.110 | 
     | picorv32_core_reg_op1_reg[9] | CK ^ -> Q v   | DFFQXL   | 0.100 |   0.099 |    3.210 | 
     | FE_OFC312_pcpi_rs1_9         | A v -> Y ^    | INVXL    | 0.100 |   0.199 |    3.310 | 
     | FE_OFC314_pcpi_rs1_9         | A ^ -> Y v    | INVX8    | 0.019 |   0.218 |    3.329 | 
     | FE_OFC194651_pcpi_rs1_9      | A v -> Y v    | CLKBUFX8 | 0.140 |   0.358 |    3.469 | 
     |                              | pcpi_rs1[9] v |          | 0.011 |   0.369 |    3.480 | 
     +--------------------------------------------------------------------------------------+ 
Path 15: MET Late External Delay Assertion 
Endpoint:   pcpi_rs2[17]                    (v) checked with  leading edge of 
'clk'
Beginpoint: picorv32_core_reg_op2_reg[17]/Q (v) triggered by  leading edge of 
'clk'
Path Groups: {reg2out}
Analysis View: analysis1
Other End Arrival Time          0.000
- External Delay                0.500
+ Phase Shift                   4.000
- Uncertainty                   0.020
= Required Time                 3.480
- Arrival Time                  0.368
= Slack Time                    3.112
     Clock Rise Edge                 0.000
     + Clock Network Latency (Prop)  -0.002
     = Beginpoint Arrival Time       -0.002
     +--------------------------------------------------------------------------------------+ 
     |           Instance            |      Arc       |  Cell  | Delay | Arrival | Required | 
     |                               |                |        |       |  Time   |   Time   | 
     |-------------------------------+----------------+--------+-------+---------+----------| 
     | picorv32_core_reg_op2_reg[17] | CK ^           |        |       |  -0.002 |    3.110 | 
     | picorv32_core_reg_op2_reg[17] | CK ^ -> Q v    | DFFQXL | 0.114 |   0.112 |    3.224 | 
     | FE_OFC380_pcpi_rs2_17         | A v -> Y ^     | INVXL  | 0.089 |   0.202 |    3.314 | 
     | FE_OFC685_pcpi_rs2_17         | A ^ -> Y v     | INVX8  | 0.154 |   0.355 |    3.467 | 
     |                               | pcpi_rs2[17] v |        | 0.013 |   0.368 |    3.480 | 
     +--------------------------------------------------------------------------------------+ 
Path 16: MET Late External Delay Assertion 
Endpoint:   pcpi_rs2[26]                    (^) checked with  leading edge of 
'clk'
Beginpoint: picorv32_core_reg_op2_reg[26]/Q (^) triggered by  leading edge of 
'clk'
Path Groups: {reg2out}
Analysis View: analysis1
Other End Arrival Time          0.000
- External Delay                0.500
+ Phase Shift                   4.000
- Uncertainty                   0.020
= Required Time                 3.480
- Arrival Time                  0.368
= Slack Time                    3.112
     Clock Rise Edge                 0.000
     + Clock Network Latency (Prop)  0.002
     = Beginpoint Arrival Time       0.002
     +----------------------------------------------------------------------------------------+ 
     |           Instance            |      Arc       |   Cell   | Delay | Arrival | Required | 
     |                               |                |          |       |  Time   |   Time   | 
     |-------------------------------+----------------+----------+-------+---------+----------| 
     | picorv32_core_reg_op2_reg[26] | CK ^           |          |       |   0.002 |    3.115 | 
     | picorv32_core_reg_op2_reg[26] | CK ^ -> Q ^    | DFFQXL   | 0.105 |   0.108 |    3.220 | 
     | FE_OFC359_pcpi_rs2_26         | A ^ -> Y v     | INVX1    | 0.056 |   0.163 |    3.276 | 
     | FE_OFC360_pcpi_rs2_26         | A v -> Y ^     | INVXL    | 0.052 |   0.216 |    3.328 | 
     | FE_OFC361_pcpi_rs2_26         | A ^ -> Y ^     | CLKBUFX8 | 0.135 |   0.351 |    3.464 | 
     |                               | pcpi_rs2[26] ^ |          | 0.016 |   0.368 |    3.480 | 
     +----------------------------------------------------------------------------------------+ 
Path 17: MET Late External Delay Assertion 
Endpoint:   pcpi_rs2[14]                    (v) checked with  leading edge of 
'clk'
Beginpoint: picorv32_core_reg_op2_reg[14]/Q (v) triggered by  leading edge of 
'clk'
Path Groups: {reg2out}
Analysis View: analysis1
Other End Arrival Time          0.000
- External Delay                0.500
+ Phase Shift                   4.000
- Uncertainty                   0.020
= Required Time                 3.480
- Arrival Time                  0.358
= Slack Time                    3.122
     Clock Rise Edge                 0.000
     + Clock Network Latency (Prop)  -0.000
     = Beginpoint Arrival Time       -0.000
     +----------------------------------------------------------------------------------------+ 
     |           Instance            |      Arc       |   Cell   | Delay | Arrival | Required | 
     |                               |                |          |       |  Time   |   Time   | 
     |-------------------------------+----------------+----------+-------+---------+----------| 
     | picorv32_core_reg_op2_reg[14] | CK ^           |          |       |  -0.000 |    3.122 | 
     | picorv32_core_reg_op2_reg[14] | CK ^ -> Q v    | DFFQXL   | 0.092 |   0.092 |    3.214 | 
     | FE_OFC810_pcpi_rs2_14         | A v -> Y ^     | INVXL    | 0.041 |   0.132 |    3.254 | 
     | FE_OFC811_pcpi_rs2_14         | A ^ -> Y v     | INVX1    | 0.063 |   0.195 |    3.317 | 
     | FE_OFC689_pcpi_rs2_14         | A v -> Y v     | CLKBUFX8 | 0.153 |   0.348 |    3.470 | 
     |                               | pcpi_rs2[14] v |          | 0.010 |   0.358 |    3.480 | 
     +----------------------------------------------------------------------------------------+ 
Path 18: MET Late External Delay Assertion 
Endpoint:   pcpi_rs1[13]                    (v) checked with  leading edge of 
'clk'
Beginpoint: picorv32_core_reg_op1_reg[13]/Q (v) triggered by  leading edge of 
'clk'
Path Groups: {reg2out}
Analysis View: analysis1
Other End Arrival Time          0.000
- External Delay                0.500
+ Phase Shift                   4.000
- Uncertainty                   0.020
= Required Time                 3.480
- Arrival Time                  0.357
= Slack Time                    3.123
     Clock Rise Edge                 0.000
     + Clock Network Latency (Prop)  -0.001
     = Beginpoint Arrival Time       -0.001
     +--------------------------------------------------------------------------------------+ 
     |           Instance            |      Arc       |  Cell  | Delay | Arrival | Required | 
     |                               |                |        |       |  Time   |   Time   | 
     |-------------------------------+----------------+--------+-------+---------+----------| 
     | picorv32_core_reg_op1_reg[13] | CK ^           |        |       |  -0.001 |    3.122 | 
     | picorv32_core_reg_op1_reg[13] | CK ^ -> Q v    | DFFQXL | 0.126 |   0.125 |    3.248 | 
     | FE_OFC300_pcpi_rs1_13         | A v -> Y ^     | INVXL  | 0.073 |   0.198 |    3.321 | 
     | FE_OFC664_pcpi_rs1_13         | A ^ -> Y v     | INVX8  | 0.142 |   0.341 |    3.464 | 
     |                               | pcpi_rs1[13] v |        | 0.016 |   0.357 |    3.480 | 
     +--------------------------------------------------------------------------------------+ 
Path 19: MET Late External Delay Assertion 
Endpoint:   pcpi_rs2[5]                    (^) checked with  leading edge of 
'clk'
Beginpoint: picorv32_core_reg_op2_reg[5]/Q (^) triggered by  leading edge of 
'clk'
Path Groups: {reg2out}
Analysis View: analysis1
Other End Arrival Time          0.000
- External Delay                0.500
+ Phase Shift                   4.000
- Uncertainty                   0.020
= Required Time                 3.480
- Arrival Time                  0.357
= Slack Time                    3.123
     Clock Rise Edge                 0.000
     + Clock Network Latency (Prop)  0.000
     = Beginpoint Arrival Time       0.000
     +--------------------------------------------------------------------------------------+ 
     |           Instance           |      Arc      |   Cell   | Delay | Arrival | Required | 
     |                              |               |          |       |  Time   |   Time   | 
     |------------------------------+---------------+----------+-------+---------+----------| 
     | picorv32_core_reg_op2_reg[5] | CK ^          |          |       |   0.000 |    3.123 | 
     | picorv32_core_reg_op2_reg[5] | CK ^ -> Q ^   | DFFQXL   | 0.104 |   0.104 |    3.227 | 
     | FE_OFC425_pcpi_rs2_5         | A ^ -> Y v    | INVX1    | 0.044 |   0.149 |    3.272 | 
     | FE_OFC426_pcpi_rs2_5         | A v -> Y ^    | INVX1    | 0.056 |   0.205 |    3.328 | 
     | FE_OFC698_pcpi_rs2_5         | A ^ -> Y ^    | CLKBUFX8 | 0.142 |   0.347 |    3.470 | 
     |                              | pcpi_rs2[5] ^ |          | 0.010 |   0.357 |    3.480 | 
     +--------------------------------------------------------------------------------------+ 
Path 20: MET Late External Delay Assertion 
Endpoint:   pcpi_rs1[3]                    (^) checked with  leading edge of 
'clk'
Beginpoint: picorv32_core_reg_op1_reg[3]/Q (^) triggered by  leading edge of 
'clk'
Path Groups: {reg2out}
Analysis View: analysis1
Other End Arrival Time          0.000
- External Delay                0.500
+ Phase Shift                   4.000
- Uncertainty                   0.020
= Required Time                 3.480
- Arrival Time                  0.356
= Slack Time                    3.124
     Clock Rise Edge                 0.000
     + Clock Network Latency (Prop)  -0.001
     = Beginpoint Arrival Time       -0.001
     +------------------------------------------------------------------------------------+ 
     |           Instance           |      Arc      |  Cell  | Delay | Arrival | Required | 
     |                              |               |        |       |  Time   |   Time   | 
     |------------------------------+---------------+--------+-------+---------+----------| 
     | picorv32_core_reg_op1_reg[3] | CK ^          |        |       |  -0.001 |    3.123 | 
     | picorv32_core_reg_op1_reg[3] | CK ^ -> Q ^   | DFFQXL | 0.149 |   0.148 |    3.272 | 
     | FE_RC_8_0                    | A ^ -> Y v    | INVX1  | 0.064 |   0.212 |    3.336 | 
     | FE_OFC676_pcpi_rs1_3         | A v -> Y ^    | INVX8  | 0.130 |   0.342 |    3.467 | 
     |                              | pcpi_rs1[3] ^ |        | 0.014 |   0.356 |    3.480 | 
     +------------------------------------------------------------------------------------+ 
Path 21: MET Late External Delay Assertion 
Endpoint:   pcpi_rs2[30]                    (v) checked with  leading edge of 
'clk'
Beginpoint: picorv32_core_reg_op2_reg[30]/Q (v) triggered by  leading edge of 
'clk'
Path Groups: {reg2out}
Analysis View: analysis1
Other End Arrival Time          0.000
- External Delay                0.500
+ Phase Shift                   4.000
- Uncertainty                   0.020
= Required Time                 3.480
- Arrival Time                  0.350
= Slack Time                    3.130
     Clock Rise Edge                 0.000
     + Clock Network Latency (Prop)  0.001
     = Beginpoint Arrival Time       0.001
     +--------------------------------------------------------------------------------------+ 
     |           Instance            |      Arc       |  Cell  | Delay | Arrival | Required | 
     |                               |                |        |       |  Time   |   Time   | 
     |-------------------------------+----------------+--------+-------+---------+----------| 
     | picorv32_core_reg_op2_reg[30] | CK ^           |        |       |   0.001 |    3.131 | 
     | picorv32_core_reg_op2_reg[30] | CK ^ -> Q v    | DFFQXL | 0.052 |   0.053 |    3.183 | 
     | FE_OFC872_pcpi_rs2_30         | A v -> Y ^     | INVX1  | 0.019 |   0.073 |    3.203 | 
     | FE_OFC873_pcpi_rs2_30         | A ^ -> Y v     | INVX1  | 0.079 |   0.152 |    3.282 | 
     | FE_OFC874_pcpi_rs2_30         | A v -> Y ^     | INVX1  | 0.048 |   0.200 |    3.330 | 
     | FE_OFC679_pcpi_rs2_30         | A ^ -> Y v     | INVX8  | 0.139 |   0.339 |    3.468 | 
     |                               | pcpi_rs2[30] v |        | 0.012 |   0.350 |    3.480 | 
     +--------------------------------------------------------------------------------------+ 
Path 22: MET Late External Delay Assertion 
Endpoint:   pcpi_rs1[24]                    (v) checked with  leading edge of 
'clk'
Beginpoint: picorv32_core_reg_op1_reg[24]/Q (v) triggered by  leading edge of 
'clk'
Path Groups: {reg2out}
Analysis View: analysis1
Other End Arrival Time          0.000
- External Delay                0.500
+ Phase Shift                   4.000
- Uncertainty                   0.020
= Required Time                 3.480
- Arrival Time                  0.350
= Slack Time                    3.130
     Clock Rise Edge                 0.000
     + Clock Network Latency (Prop)  -0.002
     = Beginpoint Arrival Time       -0.002
     +--------------------------------------------------------------------------------------+ 
     |           Instance            |      Arc       |  Cell  | Delay | Arrival | Required | 
     |                               |                |        |       |  Time   |   Time   | 
     |-------------------------------+----------------+--------+-------+---------+----------| 
     | picorv32_core_reg_op1_reg[24] | CK ^           |        |       |  -0.002 |    3.128 | 
     | picorv32_core_reg_op1_reg[24] | CK ^ -> Q v    | DFFQXL | 0.122 |   0.120 |    3.250 | 
     | FE_OFC268_pcpi_rs1_24         | A v -> Y ^     | INVXL  | 0.071 |   0.191 |    3.321 | 
     | FE_OFC644_pcpi_rs1_24         | A ^ -> Y v     | INVX8  | 0.142 |   0.333 |    3.463 | 
     |                               | pcpi_rs1[24] v |        | 0.017 |   0.350 |    3.480 | 
     +--------------------------------------------------------------------------------------+ 
Path 23: MET Late External Delay Assertion 
Endpoint:   pcpi_rs1[5]                    (^) checked with  leading edge of 
'clk'
Beginpoint: picorv32_core_reg_op1_reg[5]/Q (^) triggered by  leading edge of 
'clk'
Path Groups: {reg2out}
Analysis View: analysis1
Other End Arrival Time          0.000
- External Delay                0.500
+ Phase Shift                   4.000
- Uncertainty                   0.020
= Required Time                 3.480
- Arrival Time                  0.349
= Slack Time                    3.131
     Clock Rise Edge                 0.000
     + Clock Network Latency (Prop)  -0.002
     = Beginpoint Arrival Time       -0.002
     +------------------------------------------------------------------------------------+ 
     |           Instance           |      Arc      |  Cell  | Delay | Arrival | Required | 
     |                              |               |        |       |  Time   |   Time   | 
     |------------------------------+---------------+--------+-------+---------+----------| 
     | picorv32_core_reg_op1_reg[5] | CK ^          |        |       |  -0.002 |    3.129 | 
     | picorv32_core_reg_op1_reg[5] | CK ^ -> Q ^   | DFFQXL | 0.147 |   0.146 |    3.276 | 
     | FE_RC_9_0                    | A ^ -> Y v    | INVX1  | 0.061 |   0.206 |    3.337 | 
     | FE_OFC674_pcpi_rs1_5         | A v -> Y ^    | INVX8  | 0.129 |   0.336 |    3.466 | 
     |                              | pcpi_rs1[5] ^ |        | 0.014 |   0.349 |    3.480 | 
     +------------------------------------------------------------------------------------+ 
Path 24: MET Late External Delay Assertion 
Endpoint:   pcpi_rs2[12]                    (v) checked with  leading edge of 
'clk'
Beginpoint: picorv32_core_reg_op2_reg[12]/Q (v) triggered by  leading edge of 
'clk'
Path Groups: {reg2out}
Analysis View: analysis1
Other End Arrival Time          0.000
- External Delay                0.500
+ Phase Shift                   4.000
- Uncertainty                   0.020
= Required Time                 3.480
- Arrival Time                  0.349
= Slack Time                    3.131
     Clock Rise Edge                 0.000
     + Clock Network Latency (Prop)  0.000
     = Beginpoint Arrival Time       0.000
     +--------------------------------------------------------------------------------------+ 
     |           Instance            |      Arc       |  Cell  | Delay | Arrival | Required | 
     |                               |                |        |       |  Time   |   Time   | 
     |-------------------------------+----------------+--------+-------+---------+----------| 
     | picorv32_core_reg_op2_reg[12] | CK ^           |        |       |   0.000 |    3.131 | 
     | picorv32_core_reg_op2_reg[12] | CK ^ -> Q v    | DFFQXL | 0.041 |   0.041 |    3.172 | 
     | FE_OFC818_pcpi_rs2_12         | A v -> Y ^     | INVX1  | 0.039 |   0.080 |    3.211 | 
     | FE_OFC819_pcpi_rs2_12         | A ^ -> Y v     | INVX1  | 0.075 |   0.155 |    3.286 | 
     | FE_OFC820_pcpi_rs2_12         | A v -> Y ^     | INVX1  | 0.043 |   0.198 |    3.329 | 
     | FE_OFC692_pcpi_rs2_12         | A ^ -> Y v     | INVX8  | 0.131 |   0.330 |    3.461 | 
     |                               | pcpi_rs2[12] v |        | 0.019 |   0.349 |    3.480 | 
     +--------------------------------------------------------------------------------------+ 
Path 25: MET Late External Delay Assertion 
Endpoint:   pcpi_rs1[15]                    (v) checked with  leading edge of 
'clk'
Beginpoint: picorv32_core_reg_op1_reg[15]/Q (v) triggered by  leading edge of 
'clk'
Path Groups: {reg2out}
Analysis View: analysis1
Other End Arrival Time          0.000
- External Delay                0.500
+ Phase Shift                   4.000
- Uncertainty                   0.020
= Required Time                 3.480
- Arrival Time                  0.347
= Slack Time                    3.133
     Clock Rise Edge                 0.000
     + Clock Network Latency (Prop)  -0.002
     = Beginpoint Arrival Time       -0.002
     +--------------------------------------------------------------------------------------+ 
     |           Instance            |      Arc       |  Cell  | Delay | Arrival | Required | 
     |                               |                |        |       |  Time   |   Time   | 
     |-------------------------------+----------------+--------+-------+---------+----------| 
     | picorv32_core_reg_op1_reg[15] | CK ^           |        |       |  -0.002 |    3.131 | 
     | picorv32_core_reg_op1_reg[15] | CK ^ -> Q v    | DFFQXL | 0.116 |   0.115 |    3.247 | 
     | FE_OFC292_pcpi_rs1_15         | A v -> Y ^     | INVXL  | 0.073 |   0.188 |    3.320 | 
     | FE_OFC660_pcpi_rs1_15         | A ^ -> Y v     | INVX8  | 0.144 |   0.332 |    3.464 | 
     |                               | pcpi_rs1[15] v |        | 0.016 |   0.347 |    3.480 | 
     +--------------------------------------------------------------------------------------+ 
Path 26: MET Late External Delay Assertion 
Endpoint:   pcpi_rs1[28]                    (^) checked with  leading edge of 
'clk'
Beginpoint: picorv32_core_reg_op1_reg[28]/Q (^) triggered by  leading edge of 
'clk'
Path Groups: {reg2out}
Analysis View: analysis1
Other End Arrival Time          0.000
- External Delay                0.500
+ Phase Shift                   4.000
- Uncertainty                   0.020
= Required Time                 3.480
- Arrival Time                  0.347
= Slack Time                    3.133
     Clock Rise Edge                 0.000
     + Clock Network Latency (Prop)  -0.002
     = Beginpoint Arrival Time       -0.002
     +--------------------------------------------------------------------------------------+ 
     |           Instance            |      Arc       |  Cell  | Delay | Arrival | Required | 
     |                               |                |        |       |  Time   |   Time   | 
     |-------------------------------+----------------+--------+-------+---------+----------| 
     | picorv32_core_reg_op1_reg[28] | CK ^           |        |       |  -0.002 |    3.132 | 
     | picorv32_core_reg_op1_reg[28] | CK ^ -> Q ^    | DFFQXL | 0.140 |   0.138 |    3.271 | 
     | FE_OFC834_pcpi_rs1_28         | A ^ -> Y v     | INVX1  | 0.064 |   0.202 |    3.335 | 
     | FE_OFC639_pcpi_rs1_28         | A v -> Y ^     | INVX8  | 0.134 |   0.336 |    3.469 | 
     |                               | pcpi_rs1[28] ^ |        | 0.011 |   0.347 |    3.480 | 
     +--------------------------------------------------------------------------------------+ 
Path 27: MET Late External Delay Assertion 
Endpoint:   pcpi_rs2[3]                     (v) checked with  leading edge of 
'clk'
Beginpoint: picorv32_core_reg_op2_reg[3]/QN (^) triggered by  leading edge of 
'clk'
Path Groups: {reg2out}
Analysis View: analysis1
Other End Arrival Time          0.000
- External Delay                0.500
+ Phase Shift                   4.000
- Uncertainty                   0.020
= Required Time                 3.480
- Arrival Time                  0.346
= Slack Time                    3.134
     Clock Rise Edge                 0.000
     + Clock Network Latency (Prop)  -0.002
     = Beginpoint Arrival Time       -0.002
     +-----------------------------------------------------------------------------------+ 
     |           Instance           |      Arc      |  Cell | Delay | Arrival | Required | 
     |                              |               |       |       |  Time   |   Time   | 
     |------------------------------+---------------+-------+-------+---------+----------| 
     | picorv32_core_reg_op2_reg[3] | CK ^          |       |       |  -0.002 |    3.132 | 
     | picorv32_core_reg_op2_reg[3] | CK ^ -> QN ^  | DFFX1 | 0.062 |   0.060 |    3.194 | 
     | picorv32_core_g197736        | A ^ -> Y v    | INVX2 | 0.081 |   0.141 |    3.275 | 
     | FE_OFC788_pcpi_rs2_3         | A v -> Y ^    | INVX1 | 0.055 |   0.196 |    3.330 | 
     | FE_OFC702_pcpi_rs2_3         | A ^ -> Y v    | INVX8 | 0.137 |   0.333 |    3.467 | 
     |                              | pcpi_rs2[3] v |       | 0.013 |   0.346 |    3.480 | 
     +-----------------------------------------------------------------------------------+ 
Path 28: MET Late External Delay Assertion 
Endpoint:   pcpi_rs1[22]                    (v) checked with  leading edge of 
'clk'
Beginpoint: picorv32_core_reg_op1_reg[22]/Q (v) triggered by  leading edge of 
'clk'
Path Groups: {reg2out}
Analysis View: analysis1
Other End Arrival Time          0.000
- External Delay                0.500
+ Phase Shift                   4.000
- Uncertainty                   0.020
= Required Time                 3.480
- Arrival Time                  0.346
= Slack Time                    3.134
     Clock Rise Edge                 0.000
     + Clock Network Latency (Prop)  -0.002
     = Beginpoint Arrival Time       -0.002
     +--------------------------------------------------------------------------------------+ 
     |           Instance            |      Arc       |  Cell  | Delay | Arrival | Required | 
     |                               |                |        |       |  Time   |   Time   | 
     |-------------------------------+----------------+--------+-------+---------+----------| 
     | picorv32_core_reg_op1_reg[22] | CK ^           |        |       |  -0.002 |    3.132 | 
     | picorv32_core_reg_op1_reg[22] | CK ^ -> Q v    | DFFQXL | 0.117 |   0.115 |    3.249 | 
     | FE_OFC274_pcpi_rs1_22         | A v -> Y ^     | INVXL  | 0.073 |   0.188 |    3.322 | 
     | FE_OFC648_pcpi_rs1_22         | A ^ -> Y v     | INVX8  | 0.148 |   0.337 |    3.470 | 
     |                               | pcpi_rs1[22] v |        | 0.010 |   0.346 |    3.480 | 
     +--------------------------------------------------------------------------------------+ 
Path 29: MET Late External Delay Assertion 
Endpoint:   pcpi_rs2[24]                    (v) checked with  leading edge of 
'clk'
Beginpoint: picorv32_core_reg_op2_reg[24]/Q (v) triggered by  leading edge of 
'clk'
Path Groups: {reg2out}
Analysis View: analysis1
Other End Arrival Time          0.000
- External Delay                0.500
+ Phase Shift                   4.000
- Uncertainty                   0.020
= Required Time                 3.480
- Arrival Time                  0.346
= Slack Time                    3.134
     Clock Rise Edge                 0.000
     + Clock Network Latency (Prop)  0.003
     = Beginpoint Arrival Time       0.003
     +--------------------------------------------------------------------------------------+ 
     |           Instance            |      Arc       |  Cell  | Delay | Arrival | Required | 
     |                               |                |        |       |  Time   |   Time   | 
     |-------------------------------+----------------+--------+-------+---------+----------| 
     | picorv32_core_reg_op2_reg[24] | CK ^           |        |       |   0.003 |    3.137 | 
     | picorv32_core_reg_op2_reg[24] | CK ^ -> Q v    | DFFQXL | 0.064 |   0.067 |    3.201 | 
     | FE_OFC869_pcpi_rs2_24         | A v -> Y ^     | INVX1  | 0.038 |   0.106 |    3.240 | 
     | FE_OFC870_pcpi_rs2_24         | A ^ -> Y v     | INVX1  | 0.057 |   0.162 |    3.296 | 
     | FE_OFC871_pcpi_rs2_24         | A v -> Y ^     | INVX1  | 0.035 |   0.198 |    3.332 | 
     | FE_OFC683_pcpi_rs2_24         | A ^ -> Y v     | INVX8  | 0.133 |   0.330 |    3.464 | 
     |                               | pcpi_rs2[24] v |        | 0.016 |   0.346 |    3.480 | 
     +--------------------------------------------------------------------------------------+ 
Path 30: MET Late External Delay Assertion 
Endpoint:   pcpi_rs1[7]                    (^) checked with  leading edge of 
'clk'
Beginpoint: picorv32_core_reg_op1_reg[7]/Q (^) triggered by  leading edge of 
'clk'
Path Groups: {reg2out}
Analysis View: analysis1
Other End Arrival Time          0.000
- External Delay                0.500
+ Phase Shift                   4.000
- Uncertainty                   0.020
= Required Time                 3.480
- Arrival Time                  0.342
= Slack Time                    3.138
     Clock Rise Edge                 0.000
     + Clock Network Latency (Prop)  -0.001
     = Beginpoint Arrival Time       -0.001
     +------------------------------------------------------------------------------------+ 
     |           Instance           |      Arc      |  Cell  | Delay | Arrival | Required | 
     |                              |               |        |       |  Time   |   Time   | 
     |------------------------------+---------------+--------+-------+---------+----------| 
     | picorv32_core_reg_op1_reg[7] | CK ^          |        |       |  -0.001 |    3.137 | 
     | picorv32_core_reg_op1_reg[7] | CK ^ -> Q ^   | DFFQXL | 0.142 |   0.141 |    3.279 | 
     | FE_RC_10_0                   | A ^ -> Y v    | INVX1  | 0.060 |   0.200 |    3.338 | 
     | FE_OFC670_pcpi_rs1_7         | A v -> Y ^    | INVX8  | 0.133 |   0.333 |    3.471 | 
     |                              | pcpi_rs1[7] ^ |        | 0.009 |   0.342 |    3.480 | 
     +------------------------------------------------------------------------------------+ 
Path 31: MET Late External Delay Assertion 
Endpoint:   pcpi_rs1[20]                    (v) checked with  leading edge of 
'clk'
Beginpoint: picorv32_core_reg_op1_reg[20]/Q (v) triggered by  leading edge of 
'clk'
Path Groups: {reg2out}
Analysis View: analysis1
Other End Arrival Time          0.000
- External Delay                0.500
+ Phase Shift                   4.000
- Uncertainty                   0.020
= Required Time                 3.480
- Arrival Time                  0.341
= Slack Time                    3.139
     Clock Rise Edge                 0.000
     + Clock Network Latency (Prop)  -0.002
     = Beginpoint Arrival Time       -0.002
     +--------------------------------------------------------------------------------------+ 
     |           Instance            |      Arc       |  Cell  | Delay | Arrival | Required | 
     |                               |                |        |       |  Time   |   Time   | 
     |-------------------------------+----------------+--------+-------+---------+----------| 
     | picorv32_core_reg_op1_reg[20] | CK ^           |        |       |  -0.002 |    3.136 | 
     | picorv32_core_reg_op1_reg[20] | CK ^ -> Q v    | DFFQXL | 0.114 |   0.111 |    3.250 | 
     | FE_OFC279_pcpi_rs1_20         | A v -> Y ^     | INVXL  | 0.072 |   0.183 |    3.321 | 
     | FE_OFC652_pcpi_rs1_20         | A ^ -> Y v     | INVX8  | 0.145 |   0.328 |    3.467 | 
     |                               | pcpi_rs1[20] v |        | 0.013 |   0.341 |    3.480 | 
     +--------------------------------------------------------------------------------------+ 
Path 32: MET Late External Delay Assertion 
Endpoint:   pcpi_rs1[11]                    (^) checked with  leading edge of 
'clk'
Beginpoint: picorv32_core_reg_op1_reg[11]/Q (^) triggered by  leading edge of 
'clk'
Path Groups: {reg2out}
Analysis View: analysis1
Other End Arrival Time          0.000
- External Delay                0.500
+ Phase Shift                   4.000
- Uncertainty                   0.020
= Required Time                 3.480
- Arrival Time                  0.339
= Slack Time                    3.141
     Clock Rise Edge                 0.000
     + Clock Network Latency (Prop)  -0.001
     = Beginpoint Arrival Time       -0.001
     +--------------------------------------------------------------------------------------+ 
     |           Instance            |      Arc       |  Cell  | Delay | Arrival | Required | 
     |                               |                |        |       |  Time   |   Time   | 
     |-------------------------------+----------------+--------+-------+---------+----------| 
     | picorv32_core_reg_op1_reg[11] | CK ^           |        |       |  -0.001 |    3.140 | 
     | picorv32_core_reg_op1_reg[11] | CK ^ -> Q ^    | DFFQXL | 0.135 |   0.134 |    3.275 | 
     | FE_OFC306_pcpi_rs1_11         | A ^ -> Y v     | INVX1  | 0.061 |   0.195 |    3.336 | 
     | FE_OFC307_pcpi_rs1_11         | A v -> Y ^     | INVX8  | 0.130 |   0.325 |    3.466 | 
     |                               | pcpi_rs1[11] ^ |        | 0.014 |   0.339 |    3.480 | 
     +--------------------------------------------------------------------------------------+ 
Path 33: MET Late External Delay Assertion 
Endpoint:   pcpi_rs1[14]                    (^) checked with  leading edge of 
'clk'
Beginpoint: picorv32_core_reg_op1_reg[14]/Q (^) triggered by  leading edge of 
'clk'
Path Groups: {reg2out}
Analysis View: analysis1
Other End Arrival Time          0.000
- External Delay                0.500
+ Phase Shift                   4.000
- Uncertainty                   0.020
= Required Time                 3.480
- Arrival Time                  0.338
= Slack Time                    3.142
     Clock Rise Edge                 0.000
     + Clock Network Latency (Prop)  -0.001
     = Beginpoint Arrival Time       -0.001
     +--------------------------------------------------------------------------------------+ 
     |           Instance            |      Arc       |  Cell  | Delay | Arrival | Required | 
     |                               |                |        |       |  Time   |   Time   | 
     |-------------------------------+----------------+--------+-------+---------+----------| 
     | picorv32_core_reg_op1_reg[14] | CK ^           |        |       |  -0.001 |    3.141 | 
     | picorv32_core_reg_op1_reg[14] | CK ^ -> Q ^    | DFFQXL | 0.135 |   0.134 |    3.276 | 
     | FE_OFC817_pcpi_rs1_14         | A ^ -> Y v     | INVX1  | 0.061 |   0.195 |    3.337 | 
     | FE_OFC662_pcpi_rs1_14         | A v -> Y ^     | INVX8  | 0.134 |   0.329 |    3.471 | 
     |                               | pcpi_rs1[14] ^ |        | 0.009 |   0.338 |    3.480 | 
     +--------------------------------------------------------------------------------------+ 
Path 34: MET Late External Delay Assertion 
Endpoint:   pcpi_rs2[27]                    (v) checked with  leading edge of 
'clk'
Beginpoint: picorv32_core_reg_op2_reg[27]/Q (v) triggered by  leading edge of 
'clk'
Path Groups: {reg2out}
Analysis View: analysis1
Other End Arrival Time          0.000
- External Delay                0.500
+ Phase Shift                   4.000
- Uncertainty                   0.020
= Required Time                 3.480
- Arrival Time                  0.337
= Slack Time                    3.143
     Clock Rise Edge                 0.000
     + Clock Network Latency (Prop)  0.002
     = Beginpoint Arrival Time       0.002
     +--------------------------------------------------------------------------------------+ 
     |           Instance            |      Arc       |  Cell  | Delay | Arrival | Required | 
     |                               |                |        |       |  Time   |   Time   | 
     |-------------------------------+----------------+--------+-------+---------+----------| 
     | picorv32_core_reg_op2_reg[27] | CK ^           |        |       |   0.002 |    3.145 | 
     | picorv32_core_reg_op2_reg[27] | CK ^ -> Q v    | DFFQXL | 0.043 |   0.046 |    3.188 | 
     | FE_OFC835_pcpi_rs2_27         | A v -> Y ^     | INVX1  | 0.015 |   0.061 |    3.204 | 
     | FE_OFC836_pcpi_rs2_27         | A ^ -> Y v     | INVX1  | 0.079 |   0.140 |    3.282 | 
     | FE_OFC837_pcpi_rs2_27         | A v -> Y ^     | INVX1  | 0.048 |   0.188 |    3.331 | 
     | FE_OFC681_pcpi_rs2_27         | A ^ -> Y v     | INVX8  | 0.139 |   0.327 |    3.470 | 
     |                               | pcpi_rs2[27] v |        | 0.010 |   0.337 |    3.480 | 
     +--------------------------------------------------------------------------------------+ 
Path 35: MET Late External Delay Assertion 
Endpoint:   pcpi_rs1[30]                    (v) checked with  leading edge of 
'clk'
Beginpoint: picorv32_core_reg_op1_reg[30]/Q (v) triggered by  leading edge of 
'clk'
Path Groups: {reg2out}
Analysis View: analysis1
Other End Arrival Time          0.000
- External Delay                0.500
+ Phase Shift                   4.000
- Uncertainty                   0.020
= Required Time                 3.480
- Arrival Time                  0.337
= Slack Time                    3.143
     Clock Rise Edge                 0.000
     + Clock Network Latency (Prop)  -0.002
     = Beginpoint Arrival Time       -0.002
     +--------------------------------------------------------------------------------------+ 
     |           Instance            |      Arc       |  Cell  | Delay | Arrival | Required | 
     |                               |                |        |       |  Time   |   Time   | 
     |-------------------------------+----------------+--------+-------+---------+----------| 
     | picorv32_core_reg_op1_reg[30] | CK ^           |        |       |  -0.002 |    3.142 | 
     | picorv32_core_reg_op1_reg[30] | CK ^ -> Q v    | DFFQXL | 0.112 |   0.110 |    3.254 | 
     | FE_OFC250_pcpi_rs1_30         | A v -> Y ^     | INVXL  | 0.065 |   0.176 |    3.319 | 
     | FE_OFC251_pcpi_rs1_30         | A ^ -> Y v     | INVX8  | 0.133 |   0.308 |    3.451 | 
     |                               | pcpi_rs1[30] v |        | 0.028 |   0.337 |    3.480 | 
     +--------------------------------------------------------------------------------------+ 
Path 36: MET Late External Delay Assertion 
Endpoint:   pcpi_rs1[29]                    (^) checked with  leading edge of 
'clk'
Beginpoint: picorv32_core_reg_op1_reg[29]/Q (^) triggered by  leading edge of 
'clk'
Path Groups: {reg2out}
Analysis View: analysis1
Other End Arrival Time          0.000
- External Delay                0.500
+ Phase Shift                   4.000
- Uncertainty                   0.020
= Required Time                 3.480
- Arrival Time                  0.336
= Slack Time                    3.144
     Clock Rise Edge                 0.000
     + Clock Network Latency (Prop)  -0.002
     = Beginpoint Arrival Time       -0.002
     +--------------------------------------------------------------------------------------+ 
     |           Instance            |      Arc       |  Cell  | Delay | Arrival | Required | 
     |                               |                |        |       |  Time   |   Time   | 
     |-------------------------------+----------------+--------+-------+---------+----------| 
     | picorv32_core_reg_op1_reg[29] | CK ^           |        |       |  -0.002 |    3.142 | 
     | picorv32_core_reg_op1_reg[29] | CK ^ -> Q ^    | DFFQXL | 0.133 |   0.131 |    3.276 | 
     | FE_OFC254_pcpi_rs1_29         | A ^ -> Y v     | INVX1  | 0.060 |   0.191 |    3.335 | 
     | FE_OFC255_pcpi_rs1_29         | A v -> Y ^     | INVX8  | 0.128 |   0.319 |    3.463 | 
     |                               | pcpi_rs1[29] ^ |        | 0.017 |   0.336 |    3.480 | 
     +--------------------------------------------------------------------------------------+ 
Path 37: MET Late External Delay Assertion 
Endpoint:   pcpi_rs1[23]                    (v) checked with  leading edge of 
'clk'
Beginpoint: picorv32_core_reg_op1_reg[23]/Q (v) triggered by  leading edge of 
'clk'
Path Groups: {reg2out}
Analysis View: analysis1
Other End Arrival Time          0.000
- External Delay                0.500
+ Phase Shift                   4.000
- Uncertainty                   0.020
= Required Time                 3.480
- Arrival Time                  0.333
= Slack Time                    3.147
     Clock Rise Edge                 0.000
     + Clock Network Latency (Prop)  -0.004
     = Beginpoint Arrival Time       -0.004
     +--------------------------------------------------------------------------------------+ 
     |           Instance            |      Arc       |  Cell  | Delay | Arrival | Required | 
     |                               |                |        |       |  Time   |   Time   | 
     |-------------------------------+----------------+--------+-------+---------+----------| 
     | picorv32_core_reg_op1_reg[23] | CK ^           |        |       |  -0.004 |    3.144 | 
     | picorv32_core_reg_op1_reg[23] | CK ^ -> Q v    | DFFQXL | 0.110 |   0.106 |    3.254 | 
     | FE_OFC271_pcpi_rs1_23         | A v -> Y ^     | INVXL  | 0.069 |   0.175 |    3.323 | 
     | FE_OFC646_pcpi_rs1_23         | A ^ -> Y v     | INVX8  | 0.146 |   0.321 |    3.469 | 
     |                               | pcpi_rs1[23] v |        | 0.011 |   0.333 |    3.480 | 
     +--------------------------------------------------------------------------------------+ 
Path 38: MET Late External Delay Assertion 
Endpoint:   pcpi_rs1[4]                    (v) checked with  leading edge of 
'clk'
Beginpoint: picorv32_core_reg_op1_reg[4]/Q (v) triggered by  leading edge of 
'clk'
Path Groups: {reg2out}
Analysis View: analysis1
Other End Arrival Time          0.000
- External Delay                0.500
+ Phase Shift                   4.000
- Uncertainty                   0.020
= Required Time                 3.480
- Arrival Time                  0.332
= Slack Time                    3.148
     Clock Rise Edge                 0.000
     + Clock Network Latency (Prop)  -0.002
     = Beginpoint Arrival Time       -0.002
     +------------------------------------------------------------------------------------+ 
     |           Instance           |      Arc      |  Cell  | Delay | Arrival | Required | 
     |                              |               |        |       |  Time   |   Time   | 
     |------------------------------+---------------+--------+-------+---------+----------| 
     | picorv32_core_reg_op1_reg[4] | CK ^          |        |       |  -0.002 |    3.146 | 
     | picorv32_core_reg_op1_reg[4] | CK ^ -> Q v   | DFFQXL | 0.047 |   0.046 |    3.193 | 
     | FE_OFC841_pcpi_rs1_4         | A v -> Y ^    | INVXL  | 0.023 |   0.069 |    3.217 | 
     | FE_OFC842_pcpi_rs1_4         | A ^ -> Y v    | INVX1  | 0.068 |   0.137 |    3.284 | 
     | FE_OFC843_pcpi_rs1_4         | A v -> Y ^    | INVX1  | 0.046 |   0.182 |    3.330 | 
     | FE_OFC329_pcpi_rs1_4         | A ^ -> Y v    | INVX8  | 0.141 |   0.323 |    3.471 | 
     |                              | pcpi_rs1[4] v |        | 0.009 |   0.332 |    3.480 | 
     +------------------------------------------------------------------------------------+ 
Path 39: MET Late External Delay Assertion 
Endpoint:   pcpi_rs1[18]                    (^) checked with  leading edge of 
'clk'
Beginpoint: picorv32_core_reg_op1_reg[18]/Q (^) triggered by  leading edge of 
'clk'
Path Groups: {reg2out}
Analysis View: analysis1
Other End Arrival Time          0.000
- External Delay                0.500
+ Phase Shift                   4.000
- Uncertainty                   0.020
= Required Time                 3.480
- Arrival Time                  0.332
= Slack Time                    3.148
     Clock Rise Edge                 0.000
     + Clock Network Latency (Prop)  -0.002
     = Beginpoint Arrival Time       -0.002
     +--------------------------------------------------------------------------------------+ 
     |           Instance            |      Arc       |  Cell  | Delay | Arrival | Required | 
     |                               |                |        |       |  Time   |   Time   | 
     |-------------------------------+----------------+--------+-------+---------+----------| 
     | picorv32_core_reg_op1_reg[18] | CK ^           |        |       |  -0.002 |    3.146 | 
     | picorv32_core_reg_op1_reg[18] | CK ^ -> Q ^    | DFFQXL | 0.134 |   0.131 |    3.279 | 
     | FE_OFC285_pcpi_rs1_18         | A ^ -> Y v     | INVX1  | 0.058 |   0.190 |    3.338 | 
     | FE_OFC654_pcpi_rs1_18         | A v -> Y ^     | INVX8  | 0.133 |   0.323 |    3.471 | 
     |                               | pcpi_rs1[18] ^ |        | 0.009 |   0.332 |    3.480 | 
     +--------------------------------------------------------------------------------------+ 
Path 40: MET Late External Delay Assertion 
Endpoint:   pcpi_rs1[2]                    (v) checked with  leading edge of 
'clk'
Beginpoint: picorv32_core_reg_op1_reg[2]/Q (v) triggered by  leading edge of 
'clk'
Path Groups: {reg2out}
Analysis View: analysis1
Other End Arrival Time          0.000
- External Delay                0.500
+ Phase Shift                   4.000
- Uncertainty                   0.020
= Required Time                 3.480
- Arrival Time                  0.331
= Slack Time                    3.149
     Clock Rise Edge                 0.000
     + Clock Network Latency (Prop)  -0.002
     = Beginpoint Arrival Time       -0.002
     +------------------------------------------------------------------------------------+ 
     |           Instance           |      Arc      |  Cell  | Delay | Arrival | Required | 
     |                              |               |        |       |  Time   |   Time   | 
     |------------------------------+---------------+--------+-------+---------+----------| 
     | picorv32_core_reg_op1_reg[2] | CK ^          |        |       |  -0.002 |    3.147 | 
     | picorv32_core_reg_op1_reg[2] | CK ^ -> Q v   | DFFQXL | 0.045 |   0.043 |    3.192 | 
     | FE_OFC830_pcpi_rs1_2         | A v -> Y ^    | INVXL  | 0.027 |   0.070 |    3.219 | 
     | FE_OFC831_pcpi_rs1_2         | A ^ -> Y v    | INVX1  | 0.068 |   0.138 |    3.287 | 
     | FE_OFC832_pcpi_rs1_2         | A v -> Y ^    | INVX1  | 0.044 |   0.182 |    3.331 | 
     | FE_OFC335_pcpi_rs1_2         | A ^ -> Y v    | INVX8  | 0.140 |   0.322 |    3.471 | 
     |                              | pcpi_rs1[2] v |        | 0.009 |   0.331 |    3.480 | 
     +------------------------------------------------------------------------------------+ 
Path 41: MET Late External Delay Assertion 
Endpoint:   pcpi_rs1[27]                    (^) checked with  leading edge of 
'clk'
Beginpoint: picorv32_core_reg_op1_reg[27]/Q (^) triggered by  leading edge of 
'clk'
Path Groups: {reg2out}
Analysis View: analysis1
Other End Arrival Time          0.000
- External Delay                0.500
+ Phase Shift                   4.000
- Uncertainty                   0.020
= Required Time                 3.480
- Arrival Time                  0.329
= Slack Time                    3.151
     Clock Rise Edge                 0.000
     + Clock Network Latency (Prop)  -0.002
     = Beginpoint Arrival Time       -0.002
     +--------------------------------------------------------------------------------------+ 
     |           Instance            |      Arc       |  Cell  | Delay | Arrival | Required | 
     |                               |                |        |       |  Time   |   Time   | 
     |-------------------------------+----------------+--------+-------+---------+----------| 
     | picorv32_core_reg_op1_reg[27] | CK ^           |        |       |  -0.002 |    3.149 | 
     | picorv32_core_reg_op1_reg[27] | CK ^ -> Q ^    | DFFQXL | 0.132 |   0.131 |    3.281 | 
     | FE_OFC640_pcpi_rs1_27         | A ^ -> Y v     | INVX1  | 0.056 |   0.186 |    3.337 | 
     | FE_OFC641_pcpi_rs1_27         | A v -> Y ^     | INVX8  | 0.126 |   0.312 |    3.463 | 
     |                               | pcpi_rs1[27] ^ |        | 0.017 |   0.329 |    3.480 | 
     +--------------------------------------------------------------------------------------+ 
Path 42: MET Late External Delay Assertion 
Endpoint:   pcpi_rs1[25]                    (^) checked with  leading edge of 
'clk'
Beginpoint: picorv32_core_reg_op1_reg[25]/Q (^) triggered by  leading edge of 
'clk'
Path Groups: {reg2out}
Analysis View: analysis1
Other End Arrival Time          0.000
- External Delay                0.500
+ Phase Shift                   4.000
- Uncertainty                   0.020
= Required Time                 3.480
- Arrival Time                  0.329
= Slack Time                    3.151
     Clock Rise Edge                 0.000
     + Clock Network Latency (Prop)  -0.002
     = Beginpoint Arrival Time       -0.002
     +--------------------------------------------------------------------------------------+ 
     |           Instance            |      Arc       |  Cell  | Delay | Arrival | Required | 
     |                               |                |        |       |  Time   |   Time   | 
     |-------------------------------+----------------+--------+-------+---------+----------| 
     | picorv32_core_reg_op1_reg[25] | CK ^           |        |       |  -0.002 |    3.149 | 
     | picorv32_core_reg_op1_reg[25] | CK ^ -> Q ^    | DFFQXL | 0.133 |   0.131 |    3.282 | 
     | FE_OFC266_pcpi_rs1_25         | A ^ -> Y v     | INVX1  | 0.057 |   0.188 |    3.339 | 
     | FE_OFC267_pcpi_rs1_25         | A v -> Y ^     | INVX8  | 0.132 |   0.320 |    3.471 | 
     |                               | pcpi_rs1[25] ^ |        | 0.009 |   0.329 |    3.480 | 
     +--------------------------------------------------------------------------------------+ 
Path 43: MET Late External Delay Assertion 
Endpoint:   pcpi_rs2[9]                    (v) checked with  leading edge of 
'clk'
Beginpoint: picorv32_core_reg_op2_reg[9]/Q (v) triggered by  leading edge of 
'clk'
Path Groups: {reg2out}
Analysis View: analysis1
Other End Arrival Time          0.000
- External Delay                0.500
+ Phase Shift                   4.000
- Uncertainty                   0.020
= Required Time                 3.480
- Arrival Time                  0.328
= Slack Time                    3.152
     Clock Rise Edge                 0.000
     + Clock Network Latency (Prop)  -0.002
     = Beginpoint Arrival Time       -0.002
     +--------------------------------------------------------------------------------------+ 
     |           Instance           |      Arc      |   Cell   | Delay | Arrival | Required | 
     |                              |               |          |       |  Time   |   Time   | 
     |------------------------------+---------------+----------+-------+---------+----------| 
     | picorv32_core_reg_op2_reg[9] | CK ^          |          |       |  -0.002 |    3.150 | 
     | picorv32_core_reg_op2_reg[9] | CK ^ -> Q v   | DFFQXL   | 0.044 |   0.042 |    3.194 | 
     | FE_OFC409_pcpi_rs2_9         | A v -> Y ^    | INVXL    | 0.041 |   0.083 |    3.235 | 
     | FE_OFC411_pcpi_rs2_9         | A ^ -> Y v    | INVX1    | 0.077 |   0.160 |    3.312 | 
     | FE_OFC695_pcpi_rs2_9         | A v -> Y v    | CLKBUFX8 | 0.146 |   0.307 |    3.458 | 
     |                              | pcpi_rs2[9] v |          | 0.022 |   0.328 |    3.480 | 
     +--------------------------------------------------------------------------------------+ 
Path 44: MET Late External Delay Assertion 
Endpoint:   pcpi_rs1[10]                    (v) checked with  leading edge of 
'clk'
Beginpoint: picorv32_core_reg_op1_reg[10]/Q (v) triggered by  leading edge of 
'clk'
Path Groups: {reg2out}
Analysis View: analysis1
Other End Arrival Time          0.000
- External Delay                0.500
+ Phase Shift                   4.000
- Uncertainty                   0.020
= Required Time                 3.480
- Arrival Time                  0.324
= Slack Time                    3.156
     Clock Rise Edge                 0.000
     + Clock Network Latency (Prop)  -0.001
     = Beginpoint Arrival Time       -0.001
     +--------------------------------------------------------------------------------------+ 
     |           Instance            |      Arc       |  Cell  | Delay | Arrival | Required | 
     |                               |                |        |       |  Time   |   Time   | 
     |-------------------------------+----------------+--------+-------+---------+----------| 
     | picorv32_core_reg_op1_reg[10] | CK ^           |        |       |  -0.001 |    3.155 | 
     | picorv32_core_reg_op1_reg[10] | CK ^ -> Q v    | DFFQXL | 0.044 |   0.043 |    3.199 | 
     | FE_OFC827_pcpi_rs1_10         | A v -> Y ^     | INVXL  | 0.024 |   0.067 |    3.223 | 
     | FE_OFC828_pcpi_rs1_10         | A ^ -> Y v     | INVX1  | 0.066 |   0.133 |    3.289 | 
     | FE_OFC829_pcpi_rs1_10         | A v -> Y ^     | INVX1  | 0.042 |   0.175 |    3.331 | 
     | FE_OFC668_pcpi_rs1_10         | A ^ -> Y v     | INVX8  | 0.139 |   0.315 |    3.471 | 
     |                               | pcpi_rs1[10] v |        | 0.009 |   0.324 |    3.480 | 
     +--------------------------------------------------------------------------------------+ 
Path 45: MET Late External Delay Assertion 
Endpoint:   pcpi_rs1[17]                    (^) checked with  leading edge of 
'clk'
Beginpoint: picorv32_core_reg_op1_reg[17]/Q (^) triggered by  leading edge of 
'clk'
Path Groups: {reg2out}
Analysis View: analysis1
Other End Arrival Time          0.000
- External Delay                0.500
+ Phase Shift                   4.000
- Uncertainty                   0.020
= Required Time                 3.480
- Arrival Time                  0.323
= Slack Time                    3.157
     Clock Rise Edge                 0.000
     + Clock Network Latency (Prop)  -0.002
     = Beginpoint Arrival Time       -0.002
     +--------------------------------------------------------------------------------------+ 
     |           Instance            |      Arc       |  Cell  | Delay | Arrival | Required | 
     |                               |                |        |       |  Time   |   Time   | 
     |-------------------------------+----------------+--------+-------+---------+----------| 
     | picorv32_core_reg_op1_reg[17] | CK ^           |        |       |  -0.002 |    3.155 | 
     | picorv32_core_reg_op1_reg[17] | CK ^ -> Q ^    | DFFQXL | 0.129 |   0.127 |    3.284 | 
     | FE_OFC287_pcpi_rs1_17         | A ^ -> Y v     | INVX1  | 0.055 |   0.182 |    3.339 | 
     | FE_OFC656_pcpi_rs1_17         | A v -> Y ^     | INVX8  | 0.131 |   0.313 |    3.470 | 
     |                               | pcpi_rs1[17] ^ |        | 0.010 |   0.323 |    3.480 | 
     +--------------------------------------------------------------------------------------+ 
Path 46: MET Late External Delay Assertion 
Endpoint:   pcpi_rs1[19]                    (^) checked with  leading edge of 
'clk'
Beginpoint: picorv32_core_reg_op1_reg[19]/Q (^) triggered by  leading edge of 
'clk'
Path Groups: {reg2out}
Analysis View: analysis1
Other End Arrival Time          0.000
- External Delay                0.500
+ Phase Shift                   4.000
- Uncertainty                   0.020
= Required Time                 3.480
- Arrival Time                  0.319
= Slack Time                    3.161
     Clock Rise Edge                 0.000
     + Clock Network Latency (Prop)  -0.002
     = Beginpoint Arrival Time       -0.002
     +--------------------------------------------------------------------------------------+ 
     |           Instance            |      Arc       |  Cell  | Delay | Arrival | Required | 
     |                               |                |        |       |  Time   |   Time   | 
     |-------------------------------+----------------+--------+-------+---------+----------| 
     | picorv32_core_reg_op1_reg[19] | CK ^           |        |       |  -0.002 |    3.158 | 
     | picorv32_core_reg_op1_reg[19] | CK ^ -> Q ^    | DFFQXL | 0.125 |   0.123 |    3.283 | 
     | FE_OFC283_pcpi_rs1_19         | A ^ -> Y v     | INVX1  | 0.055 |   0.178 |    3.339 | 
     | FE_OFC284_pcpi_rs1_19         | A v -> Y ^     | INVX8  | 0.132 |   0.310 |    3.471 | 
     |                               | pcpi_rs1[19] ^ |        | 0.009 |   0.319 |    3.480 | 
     +--------------------------------------------------------------------------------------+ 
Path 47: MET Late External Delay Assertion 
Endpoint:   pcpi_rs1[12]                    (v) checked with  leading edge of 
'clk'
Beginpoint: picorv32_core_reg_op1_reg[12]/Q (v) triggered by  leading edge of 
'clk'
Path Groups: {reg2out}
Analysis View: analysis1
Other End Arrival Time          0.000
- External Delay                0.500
+ Phase Shift                   4.000
- Uncertainty                   0.020
= Required Time                 3.480
- Arrival Time                  0.318
= Slack Time                    3.162
     Clock Rise Edge                 0.000
     + Clock Network Latency (Prop)  -0.001
     = Beginpoint Arrival Time       -0.001
     +--------------------------------------------------------------------------------------+ 
     |           Instance            |      Arc       |  Cell  | Delay | Arrival | Required | 
     |                               |                |        |       |  Time   |   Time   | 
     |-------------------------------+----------------+--------+-------+---------+----------| 
     | picorv32_core_reg_op1_reg[12] | CK ^           |        |       |  -0.001 |    3.161 | 
     | picorv32_core_reg_op1_reg[12] | CK ^ -> Q v    | DFFQXL | 0.045 |   0.044 |    3.206 | 
     | FE_OFC821_pcpi_rs1_12         | A v -> Y ^     | INVXL  | 0.020 |   0.064 |    3.226 | 
     | FE_OFC822_pcpi_rs1_12         | A ^ -> Y v     | INVX1  | 0.064 |   0.128 |    3.290 | 
     | FE_OFC823_pcpi_rs1_12         | A v -> Y ^     | INVX1  | 0.042 |   0.170 |    3.332 | 
     | FE_OFC666_pcpi_rs1_12         | A ^ -> Y v     | INVX8  | 0.139 |   0.309 |    3.471 | 
     |                               | pcpi_rs1[12] v |        | 0.009 |   0.318 |    3.480 | 
     +--------------------------------------------------------------------------------------+ 
Path 48: MET Late External Delay Assertion 
Endpoint:   pcpi_rs1[8]                    (v) checked with  leading edge of 
'clk'
Beginpoint: picorv32_core_reg_op1_reg[8]/Q (v) triggered by  leading edge of 
'clk'
Path Groups: {reg2out}
Analysis View: analysis1
Other End Arrival Time          0.000
- External Delay                0.500
+ Phase Shift                   4.000
- Uncertainty                   0.020
= Required Time                 3.480
- Arrival Time                  0.316
= Slack Time                    3.164
     Clock Rise Edge                 0.000
     + Clock Network Latency (Prop)  -0.001
     = Beginpoint Arrival Time       -0.001
     +------------------------------------------------------------------------------------+ 
     |           Instance           |      Arc      |  Cell  | Delay | Arrival | Required | 
     |                              |               |        |       |  Time   |   Time   | 
     |------------------------------+---------------+--------+-------+---------+----------| 
     | picorv32_core_reg_op1_reg[8] | CK ^          |        |       |  -0.001 |    3.163 | 
     | picorv32_core_reg_op1_reg[8] | CK ^ -> Q v   | DFFQXL | 0.045 |   0.044 |    3.208 | 
     | FE_OFC838_pcpi_rs1_8         | A v -> Y ^    | INVXL  | 0.019 |   0.062 |    3.226 | 
     | FE_OFC839_pcpi_rs1_8         | A ^ -> Y v    | INVX1  | 0.063 |   0.125 |    3.289 | 
     | FE_OFC840_pcpi_rs1_8         | A v -> Y ^    | INVX1  | 0.042 |   0.167 |    3.332 | 
     | FE_OFC317_pcpi_rs1_8         | A ^ -> Y v    | INVX8  | 0.139 |   0.307 |    3.471 | 
     |                              | pcpi_rs1[8] v |        | 0.009 |   0.316 |    3.480 | 
     +------------------------------------------------------------------------------------+ 
Path 49: MET Late External Delay Assertion 
Endpoint:   pcpi_rs1[31]                    (v) checked with  leading edge of 
'clk'
Beginpoint: picorv32_core_reg_op1_reg[31]/Q (v) triggered by  leading edge of 
'clk'
Path Groups: {reg2out}
Analysis View: analysis1
Other End Arrival Time          0.000
- External Delay                0.500
+ Phase Shift                   4.000
- Uncertainty                   0.020
= Required Time                 3.480
- Arrival Time                  0.315
= Slack Time                    3.165
     Clock Rise Edge                 0.000
     + Clock Network Latency (Prop)  -0.002
     = Beginpoint Arrival Time       -0.002
     +--------------------------------------------------------------------------------------+ 
     |           Instance            |      Arc       |  Cell  | Delay | Arrival | Required | 
     |                               |                |        |       |  Time   |   Time   | 
     |-------------------------------+----------------+--------+-------+---------+----------| 
     | picorv32_core_reg_op1_reg[31] | CK ^           |        |       |  -0.002 |    3.163 | 
     | picorv32_core_reg_op1_reg[31] | CK ^ -> Q v    | DFFQXL | 0.042 |   0.040 |    3.205 | 
     | FE_OFC824_pcpi_rs1_31         | A v -> Y ^     | INVX1  | 0.026 |   0.066 |    3.231 | 
     | FE_OFC825_pcpi_rs1_31         | A ^ -> Y v     | INVX1  | 0.064 |   0.130 |    3.295 | 
     | FE_OFC826_pcpi_rs1_31         | A v -> Y ^     | INVX1  | 0.038 |   0.168 |    3.333 | 
     | FE_OFC637_pcpi_rs1_31         | A ^ -> Y v     | INVX8  | 0.137 |   0.305 |    3.470 | 
     |                               | pcpi_rs1[31] v |        | 0.010 |   0.315 |    3.480 | 
     +--------------------------------------------------------------------------------------+ 
Path 50: MET Late External Delay Assertion 
Endpoint:   pcpi_rs1[21]                    (^) checked with  leading edge of 
'clk'
Beginpoint: picorv32_core_reg_op1_reg[21]/Q (^) triggered by  leading edge of 
'clk'
Path Groups: {reg2out}
Analysis View: analysis1
Other End Arrival Time          0.000
- External Delay                0.500
+ Phase Shift                   4.000
- Uncertainty                   0.020
= Required Time                 3.480
- Arrival Time                  0.309
= Slack Time                    3.171
     Clock Rise Edge                 0.000
     + Clock Network Latency (Prop)  -0.002
     = Beginpoint Arrival Time       -0.002
     +--------------------------------------------------------------------------------------+ 
     |           Instance            |      Arc       |  Cell  | Delay | Arrival | Required | 
     |                               |                |        |       |  Time   |   Time   | 
     |-------------------------------+----------------+--------+-------+---------+----------| 
     | picorv32_core_reg_op1_reg[21] | CK ^           |        |       |  -0.002 |    3.169 | 
     | picorv32_core_reg_op1_reg[21] | CK ^ -> Q ^    | DFFQXL | 0.117 |   0.115 |    3.286 | 
     | FE_OFC277_pcpi_rs1_21         | A ^ -> Y v     | INVX1  | 0.053 |   0.168 |    3.339 | 
     | FE_OFC650_pcpi_rs1_21         | A v -> Y ^     | INVX8  | 0.132 |   0.299 |    3.471 | 
     |                               | pcpi_rs1[21] ^ |        | 0.009 |   0.309 |    3.480 | 
     +--------------------------------------------------------------------------------------+ 

