-------------------------------------------------------------------------------
Name     : Shielded net name
Length   : Shielded net length
Shield   : Total length of shielding wire
Ratio    : Average shielding ratio
-------------------------------------------------------------------------------
Name          Length    Shield    Ratio   
                                         Layer:      Length     Shield  Ratio
-------------------------------------------------------------------------------
CTS_14:   preferred: Metal6 - Metal7
               372.8     666.7    0.894
                                         Metal2:      133.1      207.3  0.778
                                         Metal3:       71.7      125.9  0.877
                                         Metal4:       11.2       22.0  0.980
                                         Metal5:       38.4       75.6  0.984
                                         Metal6:       54.9      109.1  0.994
                                         Metal7:       63.4      126.8  1.000
CTS_8:   preferred: Metal6 - Metal7
               368.8     660.2    0.895
                                         Metal2:       99.0      136.7  0.691
                                         Metal3:      111.4      208.6  0.937
                                         Metal4:       25.1       50.0  0.996
                                         Metal5:       17.4       34.8  1.000
                                         Metal6:       77.3      153.5  0.993
                                         Metal7:       38.6       76.7  0.993
CTS_21:   preferred: Metal6 - Metal7
               368.9     661.9    0.897
                                         Metal2:      121.2      185.2  0.764
                                         Metal3:       97.2      177.5  0.914
                                         Metal4:       20.9       41.4  0.991
                                         Metal5:       14.6       29.0  0.993
                                         Metal6:       66.3      132.4  0.999
                                         Metal7:       48.8       96.3  0.987
CTS_19:   preferred: Metal6 - Metal7
               346.8     626.3    0.903
                                         Metal2:      140.6      224.7  0.799
                                         Metal3:       76.9      145.3  0.944
                                         Metal4:       15.6       30.0  0.964
                                         Metal5:        5.4       10.6  0.981
                                         Metal6:       55.1      109.2  0.991
                                         Metal7:       53.2      106.4  1.000
CTS_15:   preferred: Metal6 - Metal7
               363.1     660.6    0.910
                                         Metal2:      128.1      209.7  0.818
                                         Metal3:       84.8      153.4  0.905
                                         Metal4:       25.7       50.6  0.987
                                         Metal5:        5.4        9.9  0.920
                                         Metal6:       57.6      113.8  0.988
                                         Metal7:       61.6      123.2  1.000
CTS_16:   preferred: Metal6 - Metal7
               359.0     655.3    0.913
                                         Metal2:      124.5      198.6  0.798
                                         Metal3:       67.8      125.0  0.922
                                         Metal4:       12.2       24.1  0.992
                                         Metal5:       27.2       53.5  0.984
                                         Metal6:       73.0      145.2  0.995
                                         Metal7:       54.4      108.8  1.000
CTS_24:   preferred: Metal6 - Metal7
               376.5     687.4    0.913
                                         Metal1:        0.2        0.0  0.000
                                         Metal2:      101.1      157.6  0.779
                                         Metal3:       73.2      131.8  0.901
                                         Metal4:       21.9       39.9  0.914
                                         Metal5:       24.0       48.0  1.000
                                         Metal6:       84.6      166.8  0.986
                                         Metal7:       71.6      143.2  1.000
CTS_10:   preferred: Metal6 - Metal7
               418.1     763.5    0.913
                                         Metal2:       88.0      132.2  0.751
                                         Metal3:      120.2      213.4  0.888
                                         Metal4:       23.0       45.5  0.989
                                         Metal5:        8.8       17.4  0.989
                                         Metal6:       81.7      162.1  0.992
                                         Metal7:       96.4      192.8  1.000
CTS_3:   preferred: Metal6 - Metal7
               371.8     683.9    0.920
                                         Metal2:       79.0      120.2  0.761
                                         Metal3:      117.7      216.5  0.919
                                         Metal4:       38.0       75.2  0.990
                                         Metal5:       19.2       37.7  0.981
                                         Metal6:       67.8      134.2  0.989
                                         Metal7:       50.0      100.0  1.000
CTS_2:   preferred: Metal6 - Metal7
               381.4     702.7    0.921
                                         Metal2:       80.1      123.6  0.772
                                         Metal3:      126.8      234.8  0.926
                                         Metal4:       25.5       46.6  0.915
                                         Metal5:       25.2       50.0  0.992
                                         Metal6:       78.7      157.3  1.000
                                         Metal7:       45.2       90.4  1.000
CTS_11:   preferred: Metal6 - Metal7
               410.2     756.3    0.922
                                         Metal2:       87.4      131.2  0.751
                                         Metal3:      108.0      198.8  0.921
                                         Metal4:       32.3       63.3  0.979
                                         Metal5:        8.8       17.0  0.966
                                         Metal6:       81.7      162.1  0.992
                                         Metal7:       92.0      184.0  1.000
CTS_22:   preferred: Metal6 - Metal7
               373.5     688.7    0.922
                                         Metal2:      106.7      173.3  0.813
                                         Metal3:       91.1      165.7  0.909
                                         Metal4:       14.5       27.2  0.940
                                         Metal5:        8.8       17.6  1.000
                                         Metal6:       94.4      188.9  1.000
                                         Metal7:       58.0      116.0  1.000
CTS_18:   preferred: Metal6 - Metal7
               372.9     689.5    0.924
                                         Metal2:       97.2      154.2  0.793
                                         Metal3:       61.8      111.5  0.902
                                         Metal4:       17.1       33.9  0.991
                                         Metal5:       50.4      100.8  1.000
                                         Metal6:       93.7      184.4  0.984
                                         Metal7:       52.8      104.8  0.992
CTS_4:   preferred: Metal6 - Metal7
               392.2     725.7    0.925
                                         Metal2:       68.7      103.6  0.754
                                         Metal3:       55.8      102.2  0.916
                                         Metal4:       20.5       40.9  0.996
                                         Metal5:       10.6       21.2  1.000
                                         Metal6:      158.1      301.0  0.952
                                         Metal7:       78.4      156.8  1.000
CTS_12:   preferred: Metal6 - Metal7
               421.6     782.3    0.928
                                         Metal2:       85.5      128.5  0.752
                                         Metal3:       99.0      183.3  0.926
                                         Metal4:       22.4       42.4  0.946
                                         Metal5:       19.0       36.9  0.972
                                         Metal6:      126.7      253.3  0.999
                                         Metal7:       69.0      138.0  1.000
CTS_17:   preferred: Metal6 - Metal7
               367.1     681.5    0.928
                                         Metal2:      120.9      199.3  0.824
                                         Metal3:       67.6      126.5  0.936
                                         Metal4:       20.3       40.2  0.988
                                         Metal5:       19.6       39.0  0.995
                                         Metal6:       96.3      191.7  0.995
                                         Metal7:       42.4       84.8  1.000
CTS_9:   preferred: Metal6 - Metal7
               387.2     719.4    0.929
                                         Metal2:       70.6      108.4  0.768
                                         Metal3:       93.6      171.4  0.915
                                         Metal4:       35.0       68.5  0.980
                                         Metal5:       16.4       32.6  0.994
                                         Metal6:      107.6      210.6  0.978
                                         Metal7:       64.0      128.0  1.000
CTS_5:   preferred: Metal6 - Metal7
               388.3     721.9    0.930
                                         Metal2:       67.5       99.0  0.733
                                         Metal3:       50.8       93.9  0.924
                                         Metal4:       11.6       23.2  1.000
                                         Metal5:       21.0       42.0  1.000
                                         Metal6:      157.6      304.2  0.965
                                         Metal7:       79.8      159.6  1.000
CTS_1:   preferred: Metal6 - Metal7
               361.0     673.4    0.933
                                         Metal2:       81.3      126.6  0.779
                                         Metal3:       96.8      183.8  0.950
                                         Metal4:       25.8       51.5  0.996
                                         Metal5:       20.2       38.6  0.955
                                         Metal6:       85.9      170.8  0.994
                                         Metal7:       51.0      102.0  1.000
CTS_20:   preferred: Metal6 - Metal7
               338.2     634.1    0.938
                                         Metal2:      120.4      204.9  0.851
                                         Metal3:       52.2       98.6  0.945
                                         Metal4:       14.4       28.7  0.993
                                         Metal5:       29.6       59.0  0.997
                                         Metal6:       88.9      177.7  0.999
                                         Metal7:       32.6       65.2  1.000
CTS_13:   preferred: Metal6 - Metal7
               423.5     795.2    0.939
                                         Metal2:       63.8       95.7  0.750
                                         Metal3:       67.6      125.1  0.925
                                         Metal4:       14.5       26.8  0.928
                                         Metal5:       11.2       21.8  0.973
                                         Metal6:      168.5      329.7  0.978
                                         Metal7:       98.0      196.0  1.000
CTS_25:   preferred: Metal6 - Metal7
               412.7     780.4    0.946
                                         Metal2:       56.1       90.2  0.804
                                         Metal3:       65.8      120.0  0.912
                                         Metal4:        6.1       11.0  0.900
                                         Metal5:       25.4       50.2  0.988
                                         Metal6:      196.4      384.1  0.978
                                         Metal7:       62.8      124.9  0.994
CTS_6:   preferred: Metal6 - Metal7
               414.6     785.7    0.948
                                         Metal2:       43.4       65.3  0.752
                                         Metal3:       99.0      186.3  0.941
                                         Metal4:       17.1       33.7  0.985
                                         Metal5:       16.2       32.2  0.994
                                         Metal6:      176.1      342.6  0.973
                                         Metal7:       62.8      125.6  1.000
CTS_7:   preferred: Metal6 - Metal7
               427.2     820.0    0.960
                                         Metal2:       31.8       45.9  0.721
                                         Metal3:       69.8      130.2  0.932
                                         Metal4:       12.2       24.3  1.000
                                         Metal5:       16.4       32.4  0.989
                                         Metal6:      181.7      356.7  0.982
                                         Metal7:      115.4      230.5  0.999
wb_clk_i:   preferred: Metal6 - Metal7
               629.4    1218.0    0.968
                                         Metal2:       14.8       19.8  0.669
                                         Metal3:       15.2       16.1  0.531
                                         Metal4:        0.8        1.3  0.875
                                         Metal5:        9.0       16.8  0.933
                                         Metal6:      347.4      682.5  0.982
                                         Metal7:      242.2      481.5  0.994
-------------------------------------------------------------------------------

 Average ratio:                   0.926
                                         Metal1:          0.0        0.0  0.000
                                         Metal2:         88.4      137.7  0.778
                                         Metal3:         81.7      149.8  0.917
                                         Metal4:         19.3       37.7  0.974
                                         Metal5:         18.7       37.0  0.987
                                         Metal6:        114.3      225.0  0.984
                                         Metal7:         71.4      142.5  0.998


