###############################################################
#  Generated by:      Cadence Innovus 21.35-s114_1
#  OS:                Linux x86_64(Host ID cn89.it.auth.gr)
#  Generated on:      Thu Nov 27 16:45:26 2025
#  Design:            picorv32_wb
#  Command:           verify_drc
###############################################################

SHORT: ( Metal Short ) Regular Wire of Net picorv32_core_n_193712 & Regular Wire of Net CTS_1  ( Metal2 )
Bounds : ( 143.060, 162.565 ) ( 143.140, 162.645 )


SHORT: ( Metal Short ) Regular Wire of Net picorv32_core_n_12873 & Regular Wire of Net CTS_8  ( Metal2 )
Bounds : ( 161.860, 130.435 ) ( 161.940, 130.705 )


EndOfLine: ( EndOfLine Spacing ) Regular Wire of Net picorv32_core_genblk1.pcpi_mul_rs1[29] & Pin of Cell picorv32_core_genblk1.pcpi_mul_rs1_reg[29]  ( Metal1 )
Bounds : ( 155.965, 164.405 ) ( 156.035, 164.485 )


SPACING: ( ParallelRunLength Spacing ) Regular Wire of Net picorv32_core_genblk1.pcpi_mul_n_107 & Regular Wire of Net CTS_1  ( Metal2 )
Bounds : ( 154.620, 145.830 ) ( 154.660, 146.080 )


SPACING: ( ParallelRunLength Spacing ) Regular Wire of Net picorv32_core_genblk2.pcpi_div_n_9873 & Regular Wire of Net CTS_25  ( Metal2 )
Bounds : ( 191.795, 138.910 ) ( 191.860, 139.060 )


SHORT: ( Metal Short ) Regular Wire of Net picorv32_core_n_191860 & Regular Wire of Net CTS_24  ( Metal2 )
Bounds : ( 131.660, 185.005 ) ( 131.740, 185.085 )


SHORT: ( Metal Short ) Regular Wire of Net CTS_18 & Regular Wire of Net picorv32_core_n_194601  ( Metal2 )
Bounds : ( 48.460, 133.815 ) ( 48.540, 133.895 )


SHORT: ( Metal Short ) Regular Wire of Net picorv32_core_n_196666 & Regular Wire of Net CTS_16  ( Metal2 )
Bounds : ( 64.860, 205.825 ) ( 64.940, 205.905 )


SPACING: ( ParallelRunLength Spacing ) Regular Wire of Net picorv32_core_n_193574 & Regular Wire of Net CTS_13  ( Metal2 )
Bounds : ( 120.035, 200.285 ) ( 120.060, 200.365 )


SHORT: ( Metal Short ) Regular Wire of Net picorv32_core_irq_pending[11] & Regular Wire of Net CTS_3  ( Metal2 )
Bounds : ( 128.060, 94.295 ) ( 128.140, 94.375 )


SHORT: ( Metal Short ) Regular Wire of Net picorv32_core_reg_out[16] & Regular Wire of Net CTS_8  ( Metal2 )
Bounds : ( 135.660, 121.465 ) ( 135.675, 121.735 )


SHORT: ( Metal Short ) Regular Wire of Net n_2299 & Regular Wire of Net wb_clk_i  ( Metal2 )
Bounds : ( 198.630, 113.190 ) ( 198.665, 113.270 )


SHORT: ( Metal Short ) Regular Wire of Net picorv32_core_n_198540 & Regular Wire of Net CTS_14  ( Metal2 )
Bounds : ( 67.095, 70.535 ) ( 67.140, 70.615 )


SPACING: ( ParallelRunLength Spacing ) Regular Wire of Net picorv32_core_n_13066 & Regular Wire of Net CTS_3  ( Metal2 )
Bounds : ( 112.840, 77.400 ) ( 112.860, 77.480 )


SHORT: ( Metal Short ) Regular Wire of Net CTS_17 & Regular Wire of Net picorv32_core_n_195256  ( Metal2 )
Bounds : ( 56.860, 103.010 ) ( 56.940, 103.140 )


SHORT: ( Metal Short ) Regular Wire of Net picorv32_core_n_192584 & Regular Wire of Net CTS_12  ( Metal2 )
Bounds : ( 124.685, 102.845 ) ( 124.740, 102.925 )


SPACING: ( ParallelRunLength Spacing ) Regular Wire of Net CTS_3 & Regular Wire of Net picorv32_core_inc_add_1433_40_n_1023  ( Metal2 )
Bounds : ( 111.540, 95.980 ) ( 111.560, 96.275 )


SHORT: ( Metal Short ) Regular Wire of Net picorv32_core_n_198745 & Regular Wire of Net CTS_4  ( Metal2 )
Bounds : ( 92.860, 51.545 ) ( 92.940, 51.625 )


SHORT: ( Metal Short ) Regular Wire of Net picorv32_core_n_199999 & Regular Wire of Net CTS_2  ( Metal2 )
Bounds : ( 121.680, 54.965 ) ( 121.740, 55.070 )


  Total Violations : 19 Viols.
