###############################################################
#  Generated by:      Cadence Innovus 21.35-s114_1
#  OS:                Linux x86_64(Host ID cn99.it.auth.gr)
#  Generated on:      Sat Nov 29 12:55:10 2025
#  Design:            picorv32_wb
#  Command:           report_timing -path_group reg2out -check_type setup -max_paths 50 > reports/preCTS/setup_reg2out.rpt
###############################################################
Path 1: MET Late External Delay Assertion 
Endpoint:   pcpi_rs2[28]                    (v) checked with  leading edge of 
'clk'
Beginpoint: picorv32_core_reg_op2_reg[28]/Q (v) triggered by  leading edge of 
'clk'
Path Groups: {reg2out}
Analysis View: analysis1
Other End Arrival Time          0.000
- External Delay                0.500
+ Phase Shift                   4.000
- Uncertainty                   0.020
= Required Time                 3.480
- Arrival Time                  0.849
= Slack Time                    2.631
     Clock Rise Edge                 0.000
     + Clock Network Latency (Ideal) 0.000
     = Beginpoint Arrival Time       0.000
     +-----------------------------------------------------------------------------------------+ 
     |           Instance            |      Arc       |   Cell    | Delay | Arrival | Required | 
     |                               |                |           |       |  Time   |   Time   | 
     |-------------------------------+----------------+-----------+-------+---------+----------| 
     | picorv32_core_reg_op2_reg[28] | CK ^           |           |       |   0.000 |    2.631 | 
     | picorv32_core_reg_op2_reg[28] | CK ^ -> Q v    | DFFHQX1   | 0.202 |   0.202 |    2.833 | 
     | FE_OFC526_pcpi_rs2_28         | A v -> Y ^     | INVX1     | 0.114 |   0.316 |    2.947 | 
     | FE_OFC527_pcpi_rs2_28         | A ^ -> Y v     | INVX1     | 0.118 |   0.434 |    3.065 | 
     | FE_OFC528_pcpi_rs2_28         | A v -> Y ^     | INVX1     | 0.112 |   0.546 |    3.177 | 
     | FE_OFC241_pcpi_rs2_28         | A ^ -> Y v     | INVX1     | 0.091 |   0.637 |    3.268 | 
     | FE_OFC242_pcpi_rs2_28         | A v -> Y v     | CLKBUFX20 | 0.194 |   0.831 |    3.462 | 
     |                               | pcpi_rs2[28] v |           | 0.018 |   0.849 |    3.480 | 
     +-----------------------------------------------------------------------------------------+ 
Path 2: MET Late External Delay Assertion 
Endpoint:   pcpi_rs2[5]                    (v) checked with  leading edge of 
'clk'
Beginpoint: picorv32_core_reg_op2_reg[5]/Q (v) triggered by  leading edge of 
'clk'
Path Groups: {reg2out}
Analysis View: analysis1
Other End Arrival Time          0.000
- External Delay                0.500
+ Phase Shift                   4.000
- Uncertainty                   0.020
= Required Time                 3.480
- Arrival Time                  0.822
= Slack Time                    2.658
     Clock Rise Edge                 0.000
     + Clock Network Latency (Ideal) 0.000
     = Beginpoint Arrival Time       0.000
     +---------------------------------------------------------------------------------------+ 
     |           Instance           |      Arc      |   Cell    | Delay | Arrival | Required | 
     |                              |               |           |       |  Time   |   Time   | 
     |------------------------------+---------------+-----------+-------+---------+----------| 
     | picorv32_core_reg_op2_reg[5] | CK ^          |           |       |   0.000 |    2.658 | 
     | picorv32_core_reg_op2_reg[5] | CK ^ -> Q v   | DFFX1     | 0.229 |   0.229 |    2.887 | 
     | FE_OFC313_pcpi_rs2_5         | A v -> Y ^    | INVXL     | 0.159 |   0.388 |    3.046 | 
     | FE_OFC316_pcpi_rs2_5         | A ^ -> Y v    | INVXL     | 0.181 |   0.569 |    3.227 | 
     | FE_OFC317_pcpi_rs2_5         | A v -> Y v    | CLKBUFX20 | 0.241 |   0.810 |    3.468 | 
     |                              | pcpi_rs2[5] v |           | 0.012 |   0.822 |    3.480 | 
     +---------------------------------------------------------------------------------------+ 
Path 3: MET Late External Delay Assertion 
Endpoint:   pcpi_rs2[26]                    (v) checked with  leading edge of 
'clk'
Beginpoint: picorv32_core_reg_op2_reg[26]/Q (v) triggered by  leading edge of 
'clk'
Path Groups: {reg2out}
Analysis View: analysis1
Other End Arrival Time          0.000
- External Delay                0.500
+ Phase Shift                   4.000
- Uncertainty                   0.020
= Required Time                 3.480
- Arrival Time                  0.732
= Slack Time                    2.748
     Clock Rise Edge                 0.000
     + Clock Network Latency (Ideal) 0.000
     = Beginpoint Arrival Time       0.000
     +------------------------------------------------------------------------------------------+ 
     |            Instance            |      Arc       |   Cell    | Delay | Arrival | Required | 
     |                                |                |           |       |  Time   |   Time   | 
     |--------------------------------+----------------+-----------+-------+---------+----------| 
     | picorv32_core_reg_op2_reg[26]  | CK ^           |           |       |   0.000 |    2.748 | 
     | picorv32_core_reg_op2_reg[26]  | CK ^ -> Q v    | DFFHQX1   | 0.134 |   0.134 |    2.882 | 
     | FE_OFC247_pcpi_rs2_26          | A v -> Y v     | BUFX2     | 0.152 |   0.286 |    3.034 | 
     | picorv32_core_lt_1234_23_g2034 | A v -> Y ^     | INVX1     | 0.135 |   0.422 |    3.170 | 
     | FE_OFC249_pcpi_rs2_26          | A ^ -> Y v     | INVX1     | 0.096 |   0.517 |    3.265 | 
     | FE_OFC250_pcpi_rs2_26          | A v -> Y v     | CLKBUFX20 | 0.199 |   0.717 |    3.464 | 
     |                                | pcpi_rs2[26] v |           | 0.016 |   0.732 |    3.480 | 
     +------------------------------------------------------------------------------------------+ 
Path 4: MET Late External Delay Assertion 
Endpoint:   pcpi_rs2[17]                    (v) checked with  leading edge of 
'clk'
Beginpoint: picorv32_core_reg_op2_reg[17]/Q (v) triggered by  leading edge of 
'clk'
Path Groups: {reg2out}
Analysis View: analysis1
Other End Arrival Time          0.000
- External Delay                0.500
+ Phase Shift                   4.000
- Uncertainty                   0.020
= Required Time                 3.480
- Arrival Time                  0.667
= Slack Time                    2.813
     Clock Rise Edge                 0.000
     + Clock Network Latency (Ideal) 0.000
     = Beginpoint Arrival Time       0.000
     +-----------------------------------------------------------------------------------------+ 
     |           Instance            |      Arc       |   Cell    | Delay | Arrival | Required | 
     |                               |                |           |       |  Time   |   Time   | 
     |-------------------------------+----------------+-----------+-------+---------+----------| 
     | picorv32_core_reg_op2_reg[17] | CK ^           |           |       |   0.000 |    2.813 | 
     | picorv32_core_reg_op2_reg[17] | CK ^ -> Q v    | DFFHQX1   | 0.222 |   0.222 |    3.035 | 
     | FE_OFC276_pcpi_rs2_17         | A v -> Y v     | BUFX2     | 0.197 |   0.419 |    3.232 | 
     | FE_OFC278_pcpi_rs2_17         | A v -> Y v     | CLKBUFX20 | 0.232 |   0.651 |    3.464 | 
     |                               | pcpi_rs2[17] v |           | 0.016 |   0.667 |    3.480 | 
     +-----------------------------------------------------------------------------------------+ 
Path 5: MET Late External Delay Assertion 
Endpoint:   pcpi_rs2[20]                    (v) checked with  leading edge of 
'clk'
Beginpoint: picorv32_core_reg_op2_reg[20]/Q (v) triggered by  leading edge of 
'clk'
Path Groups: {reg2out}
Analysis View: analysis1
Other End Arrival Time          0.000
- External Delay                0.500
+ Phase Shift                   4.000
- Uncertainty                   0.020
= Required Time                 3.480
- Arrival Time                  0.659
= Slack Time                    2.821
     Clock Rise Edge                 0.000
     + Clock Network Latency (Ideal) 0.000
     = Beginpoint Arrival Time       0.000
     +-----------------------------------------------------------------------------------------+ 
     |           Instance            |      Arc       |   Cell    | Delay | Arrival | Required | 
     |                               |                |           |       |  Time   |   Time   | 
     |-------------------------------+----------------+-----------+-------+---------+----------| 
     | picorv32_core_reg_op2_reg[20] | CK ^           |           |       |   0.000 |    2.821 | 
     | picorv32_core_reg_op2_reg[20] | CK ^ -> Q v    | DFFHQX1   | 0.213 |   0.213 |    3.034 | 
     | FE_OFC516_pcpi_rs2_20         | A v -> Y v     | BUFX2     | 0.194 |   0.407 |    3.229 | 
     | FE_OFC269_pcpi_rs2_20         | A v -> Y v     | CLKBUFX20 | 0.227 |   0.634 |    3.456 | 
     |                               | pcpi_rs2[20] v |           | 0.025 |   0.659 |    3.480 | 
     +-----------------------------------------------------------------------------------------+ 
Path 6: MET Late External Delay Assertion 
Endpoint:   pcpi_rs1[1]                    (v) checked with  leading edge of 
'clk'
Beginpoint: picorv32_core_reg_op1_reg[1]/Q (v) triggered by  leading edge of 
'clk'
Path Groups: {reg2out}
Analysis View: analysis1
Other End Arrival Time          0.000
- External Delay                0.500
+ Phase Shift                   4.000
- Uncertainty                   0.020
= Required Time                 3.480
- Arrival Time                  0.659
= Slack Time                    2.821
     Clock Rise Edge                 0.000
     + Clock Network Latency (Ideal) 0.000
     = Beginpoint Arrival Time       0.000
     +---------------------------------------------------------------------------------------+ 
     |           Instance           |      Arc      |   Cell    | Delay | Arrival | Required | 
     |                              |               |           |       |  Time   |   Time   | 
     |------------------------------+---------------+-----------+-------+---------+----------| 
     | picorv32_core_reg_op1_reg[1] | CK ^          |           |       |   0.000 |    2.821 | 
     | picorv32_core_reg_op1_reg[1] | CK ^ -> Q v   | DFFX1     | 0.221 |   0.221 |    3.042 | 
     | FE_OFC220_pcpi_rs1_1         | A v -> Y v    | BUFX2     | 0.190 |   0.410 |    3.231 | 
     | FE_OFC222_pcpi_rs1_1         | A v -> Y v    | CLKBUFX20 | 0.215 |   0.625 |    3.446 | 
     |                              | pcpi_rs1[1] v |           | 0.034 |   0.659 |    3.480 | 
     +---------------------------------------------------------------------------------------+ 
Path 7: MET Late External Delay Assertion 
Endpoint:   pcpi_rs1[12]                    (v) checked with  leading edge of 
'clk'
Beginpoint: picorv32_core_reg_op1_reg[12]/Q (v) triggered by  leading edge of 
'clk'
Path Groups: {reg2out}
Analysis View: analysis1
Other End Arrival Time          0.000
- External Delay                0.500
+ Phase Shift                   4.000
- Uncertainty                   0.020
= Required Time                 3.480
- Arrival Time                  0.654
= Slack Time                    2.826
     Clock Rise Edge                 0.000
     + Clock Network Latency (Ideal) 0.000
     = Beginpoint Arrival Time       0.000
     +-----------------------------------------------------------------------------------------+ 
     |           Instance            |      Arc       |   Cell    | Delay | Arrival | Required | 
     |                               |                |           |       |  Time   |   Time   | 
     |-------------------------------+----------------+-----------+-------+---------+----------| 
     | picorv32_core_reg_op1_reg[12] | CK ^           |           |       |   0.000 |    2.826 | 
     | picorv32_core_reg_op1_reg[12] | CK ^ -> Q v    | DFFHQX1   | 0.234 |   0.234 |    3.060 | 
     | FE_OFC521_pcpi_rs1_12         | A v -> Y v     | BUFX2     | 0.186 |   0.420 |    3.247 | 
     | FE_OFC471_pcpi_rs1_12         | A v -> Y v     | CLKBUFX20 | 0.222 |   0.643 |    3.469 | 
     |                               | pcpi_rs1[12] v |           | 0.011 |   0.654 |    3.480 | 
     +-----------------------------------------------------------------------------------------+ 
Path 8: MET Late External Delay Assertion 
Endpoint:   pcpi_rs2[11]                    (v) checked with  leading edge of 
'clk'
Beginpoint: picorv32_core_reg_op2_reg[11]/Q (v) triggered by  leading edge of 
'clk'
Path Groups: {reg2out}
Analysis View: analysis1
Other End Arrival Time          0.000
- External Delay                0.500
+ Phase Shift                   4.000
- Uncertainty                   0.020
= Required Time                 3.480
- Arrival Time                  0.647
= Slack Time                    2.833
     Clock Rise Edge                 0.000
     + Clock Network Latency (Ideal) 0.000
     = Beginpoint Arrival Time       0.000
     +-----------------------------------------------------------------------------------------+ 
     |           Instance            |      Arc       |   Cell    | Delay | Arrival | Required | 
     |                               |                |           |       |  Time   |   Time   | 
     |-------------------------------+----------------+-----------+-------+---------+----------| 
     | picorv32_core_reg_op2_reg[11] | CK ^           |           |       |   0.000 |    2.833 | 
     | picorv32_core_reg_op2_reg[11] | CK ^ -> Q v    | DFFHQX1   | 0.214 |   0.214 |    3.048 | 
     | FE_OFC509_pcpi_rs2_11         | A v -> Y v     | BUFX2     | 0.187 |   0.402 |    3.235 | 
     | FE_OFC297_pcpi_rs2_11         | A v -> Y v     | CLKBUFX20 | 0.228 |   0.629 |    3.462 | 
     |                               | pcpi_rs2[11] v |           | 0.018 |   0.647 |    3.480 | 
     +-----------------------------------------------------------------------------------------+ 
Path 9: MET Late External Delay Assertion 
Endpoint:   pcpi_rs2[12]                    (v) checked with  leading edge of 
'clk'
Beginpoint: picorv32_core_reg_op2_reg[12]/Q (v) triggered by  leading edge of 
'clk'
Path Groups: {reg2out}
Analysis View: analysis1
Other End Arrival Time          0.000
- External Delay                0.500
+ Phase Shift                   4.000
- Uncertainty                   0.020
= Required Time                 3.480
- Arrival Time                  0.644
= Slack Time                    2.836
     Clock Rise Edge                 0.000
     + Clock Network Latency (Ideal) 0.000
     = Beginpoint Arrival Time       0.000
     +-----------------------------------------------------------------------------------------+ 
     |           Instance            |      Arc       |   Cell    | Delay | Arrival | Required | 
     |                               |                |           |       |  Time   |   Time   | 
     |-------------------------------+----------------+-----------+-------+---------+----------| 
     | picorv32_core_reg_op2_reg[12] | CK ^           |           |       |   0.000 |    2.836 | 
     | picorv32_core_reg_op2_reg[12] | CK ^ -> Q v    | DFFHQX1   | 0.213 |   0.213 |    3.049 | 
     | FE_OFC510_pcpi_rs2_12         | A v -> Y v     | BUFX2     | 0.187 |   0.400 |    3.235 | 
     | FE_OFC294_pcpi_rs2_12         | A v -> Y v     | CLKBUFX20 | 0.232 |   0.632 |    3.468 | 
     |                               | pcpi_rs2[12] v |           | 0.012 |   0.644 |    3.480 | 
     +-----------------------------------------------------------------------------------------+ 
Path 10: MET Late External Delay Assertion 
Endpoint:   pcpi_rs2[31]                    (v) checked with  leading edge of 
'clk'
Beginpoint: picorv32_core_reg_op2_reg[31]/Q (v) triggered by  leading edge of 
'clk'
Path Groups: {reg2out}
Analysis View: analysis1
Other End Arrival Time          0.000
- External Delay                0.500
+ Phase Shift                   4.000
- Uncertainty                   0.020
= Required Time                 3.480
- Arrival Time                  0.644
= Slack Time                    2.836
     Clock Rise Edge                 0.000
     + Clock Network Latency (Ideal) 0.000
     = Beginpoint Arrival Time       0.000
     +-----------------------------------------------------------------------------------------+ 
     |           Instance            |      Arc       |   Cell    | Delay | Arrival | Required | 
     |                               |                |           |       |  Time   |   Time   | 
     |-------------------------------+----------------+-----------+-------+---------+----------| 
     | picorv32_core_reg_op2_reg[31] | CK ^           |           |       |   0.000 |    2.836 | 
     | picorv32_core_reg_op2_reg[31] | CK ^ -> Q v    | DFFHQX1   | 0.133 |   0.133 |    2.969 | 
     | FE_OFC226_pcpi_rs2_31         | A v -> Y v     | BUFX2     | 0.120 |   0.253 |    3.089 | 
     | FE_OFC227_pcpi_rs2_31         | A v -> Y v     | BUFX2     | 0.158 |   0.411 |    3.247 | 
     | FE_OFC230_pcpi_rs2_31         | A v -> Y v     | CLKBUFX20 | 0.205 |   0.616 |    3.453 | 
     |                               | pcpi_rs2[31] v |           | 0.027 |   0.644 |    3.480 | 
     +-----------------------------------------------------------------------------------------+ 
Path 11: MET Late External Delay Assertion 
Endpoint:   pcpi_rs2[22]                    (v) checked with  leading edge of 
'clk'
Beginpoint: picorv32_core_reg_op2_reg[22]/Q (v) triggered by  leading edge of 
'clk'
Path Groups: {reg2out}
Analysis View: analysis1
Other End Arrival Time          0.000
- External Delay                0.500
+ Phase Shift                   4.000
- Uncertainty                   0.020
= Required Time                 3.480
- Arrival Time                  0.641
= Slack Time                    2.839
     Clock Rise Edge                 0.000
     + Clock Network Latency (Ideal) 0.000
     = Beginpoint Arrival Time       0.000
     +-----------------------------------------------------------------------------------------+ 
     |           Instance            |      Arc       |   Cell    | Delay | Arrival | Required | 
     |                               |                |           |       |  Time   |   Time   | 
     |-------------------------------+----------------+-----------+-------+---------+----------| 
     | picorv32_core_reg_op2_reg[22] | CK ^           |           |       |   0.000 |    2.839 | 
     | picorv32_core_reg_op2_reg[22] | CK ^ -> Q v    | DFFHQX1   | 0.190 |   0.190 |    3.029 | 
     | FE_OFC260_pcpi_rs2_22         | A v -> Y v     | BUFX2     | 0.194 |   0.384 |    3.223 | 
     | FE_OFC262_pcpi_rs2_22         | A v -> Y v     | CLKBUFX20 | 0.241 |   0.626 |    3.464 | 
     |                               | pcpi_rs2[22] v |           | 0.016 |   0.641 |    3.480 | 
     +-----------------------------------------------------------------------------------------+ 
Path 12: MET Late External Delay Assertion 
Endpoint:   pcpi_rs2[9]                    (v) checked with  leading edge of 
'clk'
Beginpoint: picorv32_core_reg_op2_reg[9]/Q (v) triggered by  leading edge of 
'clk'
Path Groups: {reg2out}
Analysis View: analysis1
Other End Arrival Time          0.000
- External Delay                0.500
+ Phase Shift                   4.000
- Uncertainty                   0.020
= Required Time                 3.480
- Arrival Time                  0.630
= Slack Time                    2.850
     Clock Rise Edge                 0.000
     + Clock Network Latency (Ideal) 0.000
     = Beginpoint Arrival Time       0.000
     +---------------------------------------------------------------------------------------+ 
     |           Instance           |      Arc      |   Cell    | Delay | Arrival | Required | 
     |                              |               |           |       |  Time   |   Time   | 
     |------------------------------+---------------+-----------+-------+---------+----------| 
     | picorv32_core_reg_op2_reg[9] | CK ^          |           |       |   0.000 |    2.850 | 
     | picorv32_core_reg_op2_reg[9] | CK ^ -> Q v   | DFFHQX1   | 0.211 |   0.211 |    3.061 | 
     | FE_OFC508_pcpi_rs2_9         | A v -> Y v    | BUFX2     | 0.179 |   0.391 |    3.240 | 
     | FE_OFC303_pcpi_rs2_9         | A v -> Y v    | CLKBUFX20 | 0.227 |   0.618 |    3.467 | 
     |                              | pcpi_rs2[9] v |           | 0.013 |   0.630 |    3.480 | 
     +---------------------------------------------------------------------------------------+ 
Path 13: MET Late External Delay Assertion 
Endpoint:   pcpi_rs2[0]                    (v) checked with  leading edge of 
'clk'
Beginpoint: picorv32_core_reg_op2_reg[0]/Q (v) triggered by  leading edge of 
'clk'
Path Groups: {reg2out}
Analysis View: analysis1
Other End Arrival Time          0.000
- External Delay                0.500
+ Phase Shift                   4.000
- Uncertainty                   0.020
= Required Time                 3.480
- Arrival Time                  0.625
= Slack Time                    2.855
     Clock Rise Edge                 0.000
     + Clock Network Latency (Ideal) 0.000
     = Beginpoint Arrival Time       0.000
     +---------------------------------------------------------------------------------------+ 
     |           Instance           |      Arc      |   Cell    | Delay | Arrival | Required | 
     |                              |               |           |       |  Time   |   Time   | 
     |------------------------------+---------------+-----------+-------+---------+----------| 
     | picorv32_core_reg_op2_reg[0] | CK ^          |           |       |   0.000 |    2.855 | 
     | picorv32_core_reg_op2_reg[0] | CK ^ -> Q v   | DFFHQX1   | 0.139 |   0.139 |    2.994 | 
     | FE_OFC333_pcpi_rs2_0         | A v -> Y v    | CLKBUFX6  | 0.130 |   0.268 |    3.123 | 
     | FE_OFC334_pcpi_rs2_0         | A v -> Y ^    | INVXL     | 0.095 |   0.363 |    3.218 | 
     | FE_OFC335_pcpi_rs2_0         | A ^ -> Y v    | INVX1     | 0.056 |   0.418 |    3.274 | 
     | FE_OFC336_pcpi_rs2_0         | A v -> Y v    | CLKBUFX20 | 0.182 |   0.600 |    3.455 | 
     |                              | pcpi_rs2[0] v |           | 0.025 |   0.625 |    3.480 | 
     +---------------------------------------------------------------------------------------+ 
Path 14: MET Late External Delay Assertion 
Endpoint:   pcpi_rs1[11]                    (v) checked with  leading edge of 
'clk'
Beginpoint: picorv32_core_reg_op1_reg[11]/Q (v) triggered by  leading edge of 
'clk'
Path Groups: {reg2out}
Analysis View: analysis1
Other End Arrival Time          0.000
- External Delay                0.500
+ Phase Shift                   4.000
- Uncertainty                   0.020
= Required Time                 3.480
- Arrival Time                  0.625
= Slack Time                    2.855
     Clock Rise Edge                 0.000
     + Clock Network Latency (Ideal) 0.000
     = Beginpoint Arrival Time       0.000
     +-----------------------------------------------------------------------------------------+ 
     |           Instance            |      Arc       |   Cell    | Delay | Arrival | Required | 
     |                               |                |           |       |  Time   |   Time   | 
     |-------------------------------+----------------+-----------+-------+---------+----------| 
     | picorv32_core_reg_op1_reg[11] | CK ^           |           |       |   0.000 |    2.855 | 
     | picorv32_core_reg_op1_reg[11] | CK ^ -> Q v    | DFFHQX1   | 0.214 |   0.214 |    3.069 | 
     | FE_OFC506_pcpi_rs1_11         | A v -> Y v     | BUFX2     | 0.174 |   0.388 |    3.243 | 
     | FE_OFC195_pcpi_rs1_11         | A v -> Y v     | CLKBUFX20 | 0.215 |   0.603 |    3.458 | 
     |                               | pcpi_rs1[11] v |           | 0.022 |   0.625 |    3.480 | 
     +-----------------------------------------------------------------------------------------+ 
Path 15: MET Late External Delay Assertion 
Endpoint:   pcpi_rs2[8]                    (v) checked with  leading edge of 
'clk'
Beginpoint: picorv32_core_reg_op2_reg[8]/Q (v) triggered by  leading edge of 
'clk'
Path Groups: {reg2out}
Analysis View: analysis1
Other End Arrival Time          0.000
- External Delay                0.500
+ Phase Shift                   4.000
- Uncertainty                   0.020
= Required Time                 3.480
- Arrival Time                  0.621
= Slack Time                    2.859
     Clock Rise Edge                 0.000
     + Clock Network Latency (Ideal) 0.000
     = Beginpoint Arrival Time       0.000
     +---------------------------------------------------------------------------------------+ 
     |           Instance           |      Arc      |   Cell    | Delay | Arrival | Required | 
     |                              |               |           |       |  Time   |   Time   | 
     |------------------------------+---------------+-----------+-------+---------+----------| 
     | picorv32_core_reg_op2_reg[8] | CK ^          |           |       |   0.000 |    2.859 | 
     | picorv32_core_reg_op2_reg[8] | CK ^ -> Q v   | DFFHQX1   | 0.215 |   0.215 |    3.074 | 
     | FE_OFC305_pcpi_rs2_8         | A v -> Y v    | BUFX2     | 0.172 |   0.388 |    3.247 | 
     | FE_OFC306_pcpi_rs2_8         | A v -> Y v    | CLKBUFX20 | 0.220 |   0.608 |    3.467 | 
     |                              | pcpi_rs2[8] v |           | 0.013 |   0.621 |    3.480 | 
     +---------------------------------------------------------------------------------------+ 
Path 16: MET Late External Delay Assertion 
Endpoint:   pcpi_rs1[10]                    (v) checked with  leading edge of 
'clk'
Beginpoint: picorv32_core_reg_op1_reg[10]/Q (v) triggered by  leading edge of 
'clk'
Path Groups: {reg2out}
Analysis View: analysis1
Other End Arrival Time          0.000
- External Delay                0.500
+ Phase Shift                   4.000
- Uncertainty                   0.020
= Required Time                 3.480
- Arrival Time                  0.619
= Slack Time                    2.861
     Clock Rise Edge                 0.000
     + Clock Network Latency (Ideal) 0.000
     = Beginpoint Arrival Time       0.000
     +-----------------------------------------------------------------------------------------+ 
     |           Instance            |      Arc       |   Cell    | Delay | Arrival | Required | 
     |                               |                |           |       |  Time   |   Time   | 
     |-------------------------------+----------------+-----------+-------+---------+----------| 
     | picorv32_core_reg_op1_reg[10] | CK ^           |           |       |   0.000 |    2.861 | 
     | picorv32_core_reg_op1_reg[10] | CK ^ -> Q v    | DFFHQX1   | 0.208 |   0.208 |    3.069 | 
     | FE_OFC505_pcpi_rs1_10         | A v -> Y v     | BUFX2     | 0.172 |   0.381 |    3.241 | 
     | FE_OFC198_pcpi_rs1_10         | A v -> Y v     | CLKBUFX20 | 0.211 |   0.592 |    3.452 | 
     |                               | pcpi_rs1[10] v |           | 0.028 |   0.619 |    3.480 | 
     +-----------------------------------------------------------------------------------------+ 
Path 17: MET Late External Delay Assertion 
Endpoint:   pcpi_rs2[16]                    (v) checked with  leading edge of 
'clk'
Beginpoint: picorv32_core_reg_op2_reg[16]/Q (v) triggered by  leading edge of 
'clk'
Path Groups: {reg2out}
Analysis View: analysis1
Other End Arrival Time          0.000
- External Delay                0.500
+ Phase Shift                   4.000
- Uncertainty                   0.020
= Required Time                 3.480
- Arrival Time                  0.616
= Slack Time                    2.864
     Clock Rise Edge                 0.000
     + Clock Network Latency (Ideal) 0.000
     = Beginpoint Arrival Time       0.000
     +-----------------------------------------------------------------------------------------+ 
     |           Instance            |      Arc       |   Cell    | Delay | Arrival | Required | 
     |                               |                |           |       |  Time   |   Time   | 
     |-------------------------------+----------------+-----------+-------+---------+----------| 
     | picorv32_core_reg_op2_reg[16] | CK ^           |           |       |   0.000 |    2.864 | 
     | picorv32_core_reg_op2_reg[16] | CK ^ -> Q v    | DFFHQX1   | 0.146 |   0.146 |    3.011 | 
     | FE_OFC279_pcpi_rs2_16         | A v -> Y ^     | INVX1     | 0.072 |   0.219 |    3.083 | 
     | FE_OFC280_pcpi_rs2_16         | A ^ -> Y v     | INVX2     | 0.144 |   0.362 |    3.227 | 
     | FE_OFC282_pcpi_rs2_16         | A v -> Y v     | CLKBUFX20 | 0.232 |   0.595 |    3.459 | 
     |                               | pcpi_rs2[16] v |           | 0.021 |   0.616 |    3.480 | 
     +-----------------------------------------------------------------------------------------+ 
Path 18: MET Late External Delay Assertion 
Endpoint:   pcpi_rs1[13]                    (v) checked with  leading edge of 
'clk'
Beginpoint: picorv32_core_reg_op1_reg[13]/Q (v) triggered by  leading edge of 
'clk'
Path Groups: {reg2out}
Analysis View: analysis1
Other End Arrival Time          0.000
- External Delay                0.500
+ Phase Shift                   4.000
- Uncertainty                   0.020
= Required Time                 3.480
- Arrival Time                  0.613
= Slack Time                    2.867
     Clock Rise Edge                 0.000
     + Clock Network Latency (Ideal) 0.000
     = Beginpoint Arrival Time       0.000
     +-------------------------------------------------------------------------------------------+ 
     |            Instance             |      Arc       |   Cell    | Delay | Arrival | Required | 
     |                                 |                |           |       |  Time   |   Time   | 
     |---------------------------------+----------------+-----------+-------+---------+----------| 
     | picorv32_core_reg_op1_reg[13]   | CK ^           |           |       |   0.000 |    2.867 | 
     | picorv32_core_reg_op1_reg[13]   | CK ^ -> Q v    | DFFHQX1   | 0.126 |   0.126 |    2.992 | 
     | FE_OFC529_FE_OFN187_pcpi_rs1_13 | A v -> Y v     | BUFX2     | 0.103 |   0.228 |    3.095 | 
     | FE_OFC522_pcpi_rs1_13           | A v -> Y v     | BUFX2     | 0.153 |   0.381 |    3.248 | 
     | FE_OFC465_pcpi_rs1_13           | A v -> Y v     | CLKBUFX20 | 0.220 |   0.602 |    3.468 | 
     |                                 | pcpi_rs1[13] v |           | 0.012 |   0.613 |    3.480 | 
     +-------------------------------------------------------------------------------------------+ 
Path 19: MET Late External Delay Assertion 
Endpoint:   pcpi_rs1[28]                    (v) checked with  leading edge of 
'clk'
Beginpoint: picorv32_core_reg_op1_reg[28]/Q (v) triggered by  leading edge of 
'clk'
Path Groups: {reg2out}
Analysis View: analysis1
Other End Arrival Time          0.000
- External Delay                0.500
+ Phase Shift                   4.000
- Uncertainty                   0.020
= Required Time                 3.480
- Arrival Time                  0.613
= Slack Time                    2.867
     Clock Rise Edge                 0.000
     + Clock Network Latency (Ideal) 0.000
     = Beginpoint Arrival Time       0.000
     +-----------------------------------------------------------------------------------------+ 
     |           Instance            |      Arc       |   Cell    | Delay | Arrival | Required | 
     |                               |                |           |       |  Time   |   Time   | 
     |-------------------------------+----------------+-----------+-------+---------+----------| 
     | picorv32_core_reg_op1_reg[28] | CK ^           |           |       |   0.000 |    2.867 | 
     | picorv32_core_reg_op1_reg[28] | CK ^ -> Q v    | DFFHQX1   | 0.196 |   0.196 |    3.063 | 
     | FE_OFC507_pcpi_rs1_28         | A v -> Y v     | BUFX2     | 0.174 |   0.370 |    3.237 | 
     | FE_OFC142_pcpi_rs1_28         | A v -> Y v     | CLKBUFX20 | 0.223 |   0.593 |    3.460 | 
     |                               | pcpi_rs1[28] v |           | 0.020 |   0.613 |    3.480 | 
     +-----------------------------------------------------------------------------------------+ 
Path 20: MET Late External Delay Assertion 
Endpoint:   pcpi_rs1[21]                    (v) checked with  leading edge of 
'clk'
Beginpoint: picorv32_core_reg_op1_reg[21]/Q (v) triggered by  leading edge of 
'clk'
Path Groups: {reg2out}
Analysis View: analysis1
Other End Arrival Time          0.000
- External Delay                0.500
+ Phase Shift                   4.000
- Uncertainty                   0.020
= Required Time                 3.480
- Arrival Time                  0.611
= Slack Time                    2.869
     Clock Rise Edge                 0.000
     + Clock Network Latency (Ideal) 0.000
     = Beginpoint Arrival Time       0.000
     +-----------------------------------------------------------------------------------------+ 
     |           Instance            |      Arc       |   Cell    | Delay | Arrival | Required | 
     |                               |                |           |       |  Time   |   Time   | 
     |-------------------------------+----------------+-----------+-------+---------+----------| 
     | picorv32_core_reg_op1_reg[21] | CK ^           |           |       |   0.000 |    2.869 | 
     | picorv32_core_reg_op1_reg[21] | CK ^ -> Q v    | DFFHQX1   | 0.206 |   0.206 |    3.075 | 
     | FE_OFC504_pcpi_rs1_21         | A v -> Y v     | BUFX2     | 0.169 |   0.375 |    3.244 | 
     | FE_OFC463_pcpi_rs1_21         | A v -> Y v     | CLKBUFX20 | 0.211 |   0.587 |    3.455 | 
     |                               | pcpi_rs1[21] v |           | 0.025 |   0.611 |    3.480 | 
     +-----------------------------------------------------------------------------------------+ 
Path 21: MET Late External Delay Assertion 
Endpoint:   pcpi_rs1[20]                    (v) checked with  leading edge of 
'clk'
Beginpoint: picorv32_core_reg_op1_reg[20]/Q (v) triggered by  leading edge of 
'clk'
Path Groups: {reg2out}
Analysis View: analysis1
Other End Arrival Time          0.000
- External Delay                0.500
+ Phase Shift                   4.000
- Uncertainty                   0.020
= Required Time                 3.480
- Arrival Time                  0.608
= Slack Time                    2.872
     Clock Rise Edge                 0.000
     + Clock Network Latency (Ideal) 0.000
     = Beginpoint Arrival Time       0.000
     +-----------------------------------------------------------------------------------------+ 
     |           Instance            |      Arc       |   Cell    | Delay | Arrival | Required | 
     |                               |                |           |       |  Time   |   Time   | 
     |-------------------------------+----------------+-----------+-------+---------+----------| 
     | picorv32_core_reg_op1_reg[20] | CK ^           |           |       |   0.000 |    2.872 | 
     | picorv32_core_reg_op1_reg[20] | CK ^ -> Q v    | DFFHQX1   | 0.154 |   0.154 |    3.026 | 
     | FE_OFC524_pcpi_rs1_20         | A v -> Y ^     | INVX1     | 0.075 |   0.228 |    3.100 | 
     | FE_OFC525_pcpi_rs1_20         | A ^ -> Y v     | INVX2     | 0.133 |   0.361 |    3.233 | 
     | FE_OFC461_pcpi_rs1_20         | A v -> Y v     | CLKBUFX20 | 0.224 |   0.585 |    3.457 | 
     |                               | pcpi_rs1[20] v |           | 0.023 |   0.608 |    3.480 | 
     +-----------------------------------------------------------------------------------------+ 
Path 22: MET Late External Delay Assertion 
Endpoint:   pcpi_rs1[30]                    (v) checked with  leading edge of 
'clk'
Beginpoint: picorv32_core_reg_op1_reg[30]/Q (v) triggered by  leading edge of 
'clk'
Path Groups: {reg2out}
Analysis View: analysis1
Other End Arrival Time          0.000
- External Delay                0.500
+ Phase Shift                   4.000
- Uncertainty                   0.020
= Required Time                 3.480
- Arrival Time                  0.607
= Slack Time                    2.873
     Clock Rise Edge                 0.000
     + Clock Network Latency (Ideal) 0.000
     = Beginpoint Arrival Time       0.000
     +-----------------------------------------------------------------------------------------+ 
     |           Instance            |      Arc       |   Cell    | Delay | Arrival | Required | 
     |                               |                |           |       |  Time   |   Time   | 
     |-------------------------------+----------------+-----------+-------+---------+----------| 
     | picorv32_core_reg_op1_reg[30] | CK ^           |           |       |   0.000 |    2.873 | 
     | picorv32_core_reg_op1_reg[30] | CK ^ -> Q v    | DFFHQX1   | 0.230 |   0.230 |    3.103 | 
     | FE_OFC135_pcpi_rs1_30         | A v -> Y v     | BUFX2     | 0.157 |   0.388 |    3.260 | 
     | FE_OFC136_pcpi_rs1_30         | A v -> Y v     | CLKBUFX20 | 0.192 |   0.580 |    3.453 | 
     |                               | pcpi_rs1[30] v |           | 0.027 |   0.607 |    3.480 | 
     +-----------------------------------------------------------------------------------------+ 
Path 23: MET Late External Delay Assertion 
Endpoint:   pcpi_rs2[24]                    (v) checked with  leading edge of 
'clk'
Beginpoint: picorv32_core_reg_op2_reg[24]/Q (v) triggered by  leading edge of 
'clk'
Path Groups: {reg2out}
Analysis View: analysis1
Other End Arrival Time          0.000
- External Delay                0.500
+ Phase Shift                   4.000
- Uncertainty                   0.020
= Required Time                 3.480
- Arrival Time                  0.594
= Slack Time                    2.886
     Clock Rise Edge                 0.000
     + Clock Network Latency (Ideal) 0.000
     = Beginpoint Arrival Time       0.000
     +-----------------------------------------------------------------------------------------+ 
     |           Instance            |      Arc       |   Cell    | Delay | Arrival | Required | 
     |                               |                |           |       |  Time   |   Time   | 
     |-------------------------------+----------------+-----------+-------+---------+----------| 
     | picorv32_core_reg_op2_reg[24] | CK ^           |           |       |   0.000 |    2.886 | 
     | picorv32_core_reg_op2_reg[24] | CK ^ -> Q v    | DFFHQX1   | 0.198 |   0.198 |    3.084 | 
     | FE_OFC518_pcpi_rs2_24         | A v -> Y v     | BUFX3     | 0.159 |   0.357 |    3.243 | 
     | FE_OFC256_pcpi_rs2_24         | A v -> Y v     | CLKBUFX20 | 0.223 |   0.580 |    3.465 | 
     |                               | pcpi_rs2[24] v |           | 0.015 |   0.594 |    3.480 | 
     +-----------------------------------------------------------------------------------------+ 
Path 24: MET Late External Delay Assertion 
Endpoint:   pcpi_rs2[3]                    (v) checked with  leading edge of 
'clk'
Beginpoint: picorv32_core_reg_op2_reg[3]/Q (v) triggered by  leading edge of 
'clk'
Path Groups: {reg2out}
Analysis View: analysis1
Other End Arrival Time          0.000
- External Delay                0.500
+ Phase Shift                   4.000
- Uncertainty                   0.020
= Required Time                 3.480
- Arrival Time                  0.589
= Slack Time                    2.891
     Clock Rise Edge                 0.000
     + Clock Network Latency (Ideal) 0.000
     = Beginpoint Arrival Time       0.000
     +---------------------------------------------------------------------------------------+ 
     |           Instance           |      Arc      |   Cell    | Delay | Arrival | Required | 
     |                              |               |           |       |  Time   |   Time   | 
     |------------------------------+---------------+-----------+-------+---------+----------| 
     | picorv32_core_reg_op2_reg[3] | CK ^          |           |       |   0.000 |    2.891 | 
     | picorv32_core_reg_op2_reg[3] | CK ^ -> Q v   | DFFX1     | 0.128 |   0.128 |    3.019 | 
     | FE_OFC322_pcpi_rs2_3         | A v -> Y v    | BUFX2     | 0.119 |   0.247 |    3.138 | 
     | FE_OFC324_pcpi_rs2_3         | A v -> Y v    | BUFX2     | 0.130 |   0.377 |    3.267 | 
     | FE_OFC325_pcpi_rs2_3         | A v -> Y v    | CLKBUFX20 | 0.186 |   0.563 |    3.454 | 
     |                              | pcpi_rs2[3] v |           | 0.026 |   0.589 |    3.480 | 
     +---------------------------------------------------------------------------------------+ 
Path 25: MET Late External Delay Assertion 
Endpoint:   pcpi_rs2[4]                    (v) checked with  leading edge of 
'clk'
Beginpoint: picorv32_core_reg_op2_reg[4]/Q (v) triggered by  leading edge of 
'clk'
Path Groups: {reg2out}
Analysis View: analysis1
Other End Arrival Time          0.000
- External Delay                0.500
+ Phase Shift                   4.000
- Uncertainty                   0.020
= Required Time                 3.480
- Arrival Time                  0.586
= Slack Time                    2.894
     Clock Rise Edge                 0.000
     + Clock Network Latency (Ideal) 0.000
     = Beginpoint Arrival Time       0.000
     +---------------------------------------------------------------------------------------+ 
     |           Instance           |      Arc      |   Cell    | Delay | Arrival | Required | 
     |                              |               |           |       |  Time   |   Time   | 
     |------------------------------+---------------+-----------+-------+---------+----------| 
     | picorv32_core_reg_op2_reg[4] | CK ^          |           |       |   0.000 |    2.894 | 
     | picorv32_core_reg_op2_reg[4] | CK ^ -> Q v   | DFFX1     | 0.130 |   0.130 |    3.024 | 
     | FE_OFC318_pcpi_rs2_4         | A v -> Y v    | BUFX3     | 0.112 |   0.243 |    3.136 | 
     | FE_OFC319_pcpi_rs2_4         | A v -> Y v    | BUFX2     | 0.131 |   0.374 |    3.268 | 
     | FE_OFC321_pcpi_rs2_4         | A v -> Y v    | CLKBUFX20 | 0.199 |   0.573 |    3.466 | 
     |                              | pcpi_rs2[4] v |           | 0.014 |   0.586 |    3.480 | 
     +---------------------------------------------------------------------------------------+ 
Path 26: MET Late External Delay Assertion 
Endpoint:   pcpi_rs1[2]                    (v) checked with  leading edge of 
'clk'
Beginpoint: picorv32_core_reg_op1_reg[2]/Q (v) triggered by  leading edge of 
'clk'
Path Groups: {reg2out}
Analysis View: analysis1
Other End Arrival Time          0.000
- External Delay                0.500
+ Phase Shift                   4.000
- Uncertainty                   0.020
= Required Time                 3.480
- Arrival Time                  0.581
= Slack Time                    2.899
     Clock Rise Edge                 0.000
     + Clock Network Latency (Ideal) 0.000
     = Beginpoint Arrival Time       0.000
     +---------------------------------------------------------------------------------------+ 
     |           Instance           |      Arc      |   Cell    | Delay | Arrival | Required | 
     |                              |               |           |       |  Time   |   Time   | 
     |------------------------------+---------------+-----------+-------+---------+----------| 
     | picorv32_core_reg_op1_reg[2] | CK ^          |           |       |   0.000 |    2.899 | 
     | picorv32_core_reg_op1_reg[2] | CK ^ -> Q v   | DFFX1     | 0.171 |   0.171 |    3.070 | 
     | FE_OFC217_pcpi_rs1_2         | A v -> Y v    | BUFX2     | 0.164 |   0.335 |    3.233 | 
     | FE_OFC218_pcpi_rs1_2         | A v -> Y v    | CLKBUFX20 | 0.230 |   0.565 |    3.464 | 
     |                              | pcpi_rs1[2] v |           | 0.016 |   0.581 |    3.480 | 
     +---------------------------------------------------------------------------------------+ 
Path 27: MET Late External Delay Assertion 
Endpoint:   pcpi_rs1[29]                    (v) checked with  leading edge of 
'clk'
Beginpoint: picorv32_core_reg_op1_reg[29]/Q (v) triggered by  leading edge of 
'clk'
Path Groups: {reg2out}
Analysis View: analysis1
Other End Arrival Time          0.000
- External Delay                0.500
+ Phase Shift                   4.000
- Uncertainty                   0.020
= Required Time                 3.480
- Arrival Time                  0.579
= Slack Time                    2.901
     Clock Rise Edge                 0.000
     + Clock Network Latency (Ideal) 0.000
     = Beginpoint Arrival Time       0.000
     +-----------------------------------------------------------------------------------------+ 
     |           Instance            |      Arc       |   Cell    | Delay | Arrival | Required | 
     |                               |                |           |       |  Time   |   Time   | 
     |-------------------------------+----------------+-----------+-------+---------+----------| 
     | picorv32_core_reg_op1_reg[29] | CK ^           |           |       |   0.000 |    2.901 | 
     | picorv32_core_reg_op1_reg[29] | CK ^ -> Q v    | DFFHQX1   | 0.181 |   0.180 |    3.082 | 
     | FE_OFC137_pcpi_rs1_29         | A v -> Y v     | BUFX2     | 0.158 |   0.338 |    3.240 | 
     | FE_OFC139_pcpi_rs1_29         | A v -> Y v     | CLKBUFX20 | 0.218 |   0.556 |    3.458 | 
     |                               | pcpi_rs1[29] v |           | 0.022 |   0.579 |    3.480 | 
     +-----------------------------------------------------------------------------------------+ 
Path 28: MET Late External Delay Assertion 
Endpoint:   pcpi_rs1[5]                    (v) checked with  leading edge of 
'clk'
Beginpoint: picorv32_core_reg_op1_reg[5]/Q (v) triggered by  leading edge of 
'clk'
Path Groups: {reg2out}
Analysis View: analysis1
Other End Arrival Time          0.000
- External Delay                0.500
+ Phase Shift                   4.000
- Uncertainty                   0.020
= Required Time                 3.480
- Arrival Time                  0.577
= Slack Time                    2.903
     Clock Rise Edge                 0.000
     + Clock Network Latency (Ideal) 0.000
     = Beginpoint Arrival Time       0.000
     +---------------------------------------------------------------------------------------+ 
     |           Instance           |      Arc      |   Cell    | Delay | Arrival | Required | 
     |                              |               |           |       |  Time   |   Time   | 
     |------------------------------+---------------+-----------+-------+---------+----------| 
     | picorv32_core_reg_op1_reg[5] | CK ^          |           |       |   0.000 |    2.903 | 
     | picorv32_core_reg_op1_reg[5] | CK ^ -> Q v   | DFFX1     | 0.130 |   0.130 |    3.033 | 
     | FE_OFC209_pcpi_rs1_5         | A v -> Y v    | BUFX2     | 0.104 |   0.234 |    3.137 | 
     | FE_OFC210_pcpi_rs1_5         | A v -> Y v    | BUFX2     | 0.126 |   0.360 |    3.263 | 
     | FE_OFC211_pcpi_rs1_5         | A v -> Y v    | CLKBUFX20 | 0.185 |   0.545 |    3.448 | 
     |                              | pcpi_rs1[5] v |           | 0.032 |   0.577 |    3.480 | 
     +---------------------------------------------------------------------------------------+ 
Path 29: MET Late External Delay Assertion 
Endpoint:   pcpi_insn[13]                     (v) checked with  leading edge of 
'clk'
Beginpoint: picorv32_core_pcpi_insn_reg[13]/Q (v) triggered by  leading edge of 
'clk'
Path Groups: {reg2out}
Analysis View: analysis1
Other End Arrival Time          0.000
- External Delay                0.500
+ Phase Shift                   4.000
- Uncertainty                   0.020
= Required Time                 3.480
- Arrival Time                  0.577
= Slack Time                    2.903
     Clock Rise Edge                 0.000
     + Clock Network Latency (Ideal) 0.000
     = Beginpoint Arrival Time       0.000
     +--------------------------------------------------------------------------------------------+ 
     |            Instance             |       Arc       |   Cell    | Delay | Arrival | Required | 
     |                                 |                 |           |       |  Time   |   Time   | 
     |---------------------------------+-----------------+-----------+-------+---------+----------| 
     | picorv32_core_pcpi_insn_reg[13] | CK ^            |           |       |   0.000 |    2.903 | 
     | picorv32_core_pcpi_insn_reg[13] | CK ^ -> Q v     | EDFFHQX1  | 0.135 |   0.135 |    3.038 | 
     | FE_OFC111_pcpi_insn_13          | A v -> Y ^      | INVX1     | 0.053 |   0.188 |    3.091 | 
     | FE_OFC112_pcpi_insn_13          | A ^ -> Y v      | INVX1     | 0.141 |   0.329 |    3.232 | 
     | FE_OFC113_pcpi_insn_13          | A v -> Y v      | CLKBUFX20 | 0.232 |   0.561 |    3.463 | 
     |                                 | pcpi_insn[13] v |           | 0.017 |   0.577 |    3.480 | 
     +--------------------------------------------------------------------------------------------+ 
Path 30: MET Late External Delay Assertion 
Endpoint:   pcpi_rs2[21]                    (v) checked with  leading edge of 
'clk'
Beginpoint: picorv32_core_reg_op2_reg[21]/Q (v) triggered by  leading edge of 
'clk'
Path Groups: {reg2out}
Analysis View: analysis1
Other End Arrival Time          0.000
- External Delay                0.500
+ Phase Shift                   4.000
- Uncertainty                   0.020
= Required Time                 3.480
- Arrival Time                  0.576
= Slack Time                    2.904
     Clock Rise Edge                 0.000
     + Clock Network Latency (Ideal) 0.000
     = Beginpoint Arrival Time       0.000
     +-----------------------------------------------------------------------------------------+ 
     |           Instance            |      Arc       |   Cell    | Delay | Arrival | Required | 
     |                               |                |           |       |  Time   |   Time   | 
     |-------------------------------+----------------+-----------+-------+---------+----------| 
     | picorv32_core_reg_op2_reg[21] | CK ^           |           |       |   0.000 |    2.904 | 
     | picorv32_core_reg_op2_reg[21] | CK ^ -> Q v    | DFFHQX1   | 0.191 |   0.191 |    3.096 | 
     | FE_OFC517_pcpi_rs2_21         | A v -> Y v     | BUFX3     | 0.150 |   0.341 |    3.246 | 
     | FE_OFC266_pcpi_rs2_21         | A v -> Y v     | CLKBUFX20 | 0.212 |   0.553 |    3.457 | 
     |                               | pcpi_rs2[21] v |           | 0.022 |   0.576 |    3.480 | 
     +-----------------------------------------------------------------------------------------+ 
Path 31: MET Late External Delay Assertion 
Endpoint:   pcpi_insn[12]                     (v) checked with  leading edge of 
'clk'
Beginpoint: picorv32_core_pcpi_insn_reg[12]/Q (v) triggered by  leading edge of 
'clk'
Path Groups: {reg2out}
Analysis View: analysis1
Other End Arrival Time          0.000
- External Delay                0.500
+ Phase Shift                   4.000
- Uncertainty                   0.020
= Required Time                 3.480
- Arrival Time                  0.570
= Slack Time                    2.910
     Clock Rise Edge                 0.000
     + Clock Network Latency (Ideal) 0.000
     = Beginpoint Arrival Time       0.000
     +--------------------------------------------------------------------------------------------+ 
     |            Instance             |       Arc       |   Cell    | Delay | Arrival | Required | 
     |                                 |                 |           |       |  Time   |   Time   | 
     |---------------------------------+-----------------+-----------+-------+---------+----------| 
     | picorv32_core_pcpi_insn_reg[12] | CK ^            |           |       |   0.000 |    2.910 | 
     | picorv32_core_pcpi_insn_reg[12] | CK ^ -> Q v     | EDFFHQX1  | 0.138 |   0.138 |    3.047 | 
     | FE_OFC114_pcpi_insn_12          | A v -> Y ^      | INVX1     | 0.065 |   0.202 |    3.112 | 
     | FE_OFC115_pcpi_insn_12          | A ^ -> Y v      | INVX1     | 0.132 |   0.334 |    3.244 | 
     | FE_OFC116_pcpi_insn_12          | A v -> Y v      | CLKBUFX20 | 0.228 |   0.562 |    3.472 | 
     |                                 | pcpi_insn[12] v |           | 0.008 |   0.570 |    3.480 | 
     +--------------------------------------------------------------------------------------------+ 
Path 32: MET Late External Delay Assertion 
Endpoint:   pcpi_rs1[3]                    (v) checked with  leading edge of 
'clk'
Beginpoint: picorv32_core_reg_op1_reg[3]/Q (v) triggered by  leading edge of 
'clk'
Path Groups: {reg2out}
Analysis View: analysis1
Other End Arrival Time          0.000
- External Delay                0.500
+ Phase Shift                   4.000
- Uncertainty                   0.020
= Required Time                 3.480
- Arrival Time                  0.569
= Slack Time                    2.911
     Clock Rise Edge                 0.000
     + Clock Network Latency (Ideal) 0.000
     = Beginpoint Arrival Time       0.000
     +---------------------------------------------------------------------------------------+ 
     |           Instance           |      Arc      |   Cell    | Delay | Arrival | Required | 
     |                              |               |           |       |  Time   |   Time   | 
     |------------------------------+---------------+-----------+-------+---------+----------| 
     | picorv32_core_reg_op1_reg[3] | CK ^          |           |       |   0.000 |    2.911 | 
     | picorv32_core_reg_op1_reg[3] | CK ^ -> Q v   | DFFX1     | 0.128 |   0.128 |    3.039 | 
     | FE_OFC214_pcpi_rs1_3         | A v -> Y v    | BUFX2     | 0.128 |   0.256 |    3.167 | 
     | FE_OFC215_pcpi_rs1_3         | A v -> Y v    | BUFX2     | 0.114 |   0.370 |    3.281 | 
     | FE_OFC216_pcpi_rs1_3         | A v -> Y v    | CLKBUFX20 | 0.175 |   0.545 |    3.456 | 
     |                              | pcpi_rs1[3] v |           | 0.024 |   0.569 |    3.480 | 
     +---------------------------------------------------------------------------------------+ 
Path 33: MET Late External Delay Assertion 
Endpoint:   pcpi_rs1[27]                    (v) checked with  leading edge of 
'clk'
Beginpoint: picorv32_core_reg_op1_reg[27]/Q (v) triggered by  leading edge of 
'clk'
Path Groups: {reg2out}
Analysis View: analysis1
Other End Arrival Time          0.000
- External Delay                0.500
+ Phase Shift                   4.000
- Uncertainty                   0.020
= Required Time                 3.480
- Arrival Time                  0.565
= Slack Time                    2.915
     Clock Rise Edge                 0.000
     + Clock Network Latency (Ideal) 0.000
     = Beginpoint Arrival Time       0.000
     +-----------------------------------------------------------------------------------------+ 
     |           Instance            |      Arc       |   Cell    | Delay | Arrival | Required | 
     |                               |                |           |       |  Time   |   Time   | 
     |-------------------------------+----------------+-----------+-------+---------+----------| 
     | picorv32_core_reg_op1_reg[27] | CK ^           |           |       |   0.000 |    2.915 | 
     | picorv32_core_reg_op1_reg[27] | CK ^ -> Q v    | DFFHQX1   | 0.188 |   0.188 |    3.103 | 
     | FE_OFC143_pcpi_rs1_27         | A v -> Y v     | BUFX2     | 0.148 |   0.336 |    3.251 | 
     | FE_OFC144_pcpi_rs1_27         | A v -> Y v     | CLKBUFX20 | 0.212 |   0.548 |    3.463 | 
     |                               | pcpi_rs1[27] v |           | 0.017 |   0.565 |    3.480 | 
     +-----------------------------------------------------------------------------------------+ 
Path 34: MET Late External Delay Assertion 
Endpoint:   pcpi_rs1[6]                    (v) checked with  leading edge of 
'clk'
Beginpoint: picorv32_core_reg_op1_reg[6]/Q (v) triggered by  leading edge of 
'clk'
Path Groups: {reg2out}
Analysis View: analysis1
Other End Arrival Time          0.000
- External Delay                0.500
+ Phase Shift                   4.000
- Uncertainty                   0.020
= Required Time                 3.480
- Arrival Time                  0.548
= Slack Time                    2.932
     Clock Rise Edge                 0.000
     + Clock Network Latency (Ideal) 0.000
     = Beginpoint Arrival Time       0.000
     +---------------------------------------------------------------------------------------+ 
     |           Instance           |      Arc      |   Cell    | Delay | Arrival | Required | 
     |                              |               |           |       |  Time   |   Time   | 
     |------------------------------+---------------+-----------+-------+---------+----------| 
     | picorv32_core_reg_op1_reg[6] | CK ^          |           |       |   0.000 |    2.932 | 
     | picorv32_core_reg_op1_reg[6] | CK ^ -> Q v   | DFFX1     | 0.169 |   0.168 |    3.100 | 
     | FE_OFC206_pcpi_rs1_6         | A v -> Y v    | BUFX2     | 0.145 |   0.313 |    3.245 | 
     | FE_OFC208_pcpi_rs1_6         | A v -> Y v    | CLKBUFX20 | 0.222 |   0.535 |    3.467 | 
     |                              | pcpi_rs1[6] v |           | 0.013 |   0.548 |    3.480 | 
     +---------------------------------------------------------------------------------------+ 
Path 35: MET Late External Delay Assertion 
Endpoint:   pcpi_rs2[6]                    (v) checked with  leading edge of 
'clk'
Beginpoint: picorv32_core_reg_op2_reg[6]/Q (v) triggered by  leading edge of 
'clk'
Path Groups: {reg2out}
Analysis View: analysis1
Other End Arrival Time          0.000
- External Delay                0.500
+ Phase Shift                   4.000
- Uncertainty                   0.020
= Required Time                 3.480
- Arrival Time                  0.544
= Slack Time                    2.936
     Clock Rise Edge                 0.000
     + Clock Network Latency (Ideal) 0.000
     = Beginpoint Arrival Time       0.000
     +---------------------------------------------------------------------------------------+ 
     |           Instance           |      Arc      |   Cell    | Delay | Arrival | Required | 
     |                              |               |           |       |  Time   |   Time   | 
     |------------------------------+---------------+-----------+-------+---------+----------| 
     | picorv32_core_reg_op2_reg[6] | CK ^          |           |       |   0.000 |    2.936 | 
     | picorv32_core_reg_op2_reg[6] | CK ^ -> Q v   | DFFX1     | 0.130 |   0.130 |    3.066 | 
     | FE_OFC310_pcpi_rs2_6         | A v -> Y v    | BUFX2     | 0.157 |   0.287 |    3.223 | 
     | FE_OFC312_pcpi_rs2_6         | A v -> Y v    | CLKBUFX20 | 0.246 |   0.533 |    3.469 | 
     |                              | pcpi_rs2[6] v |           | 0.011 |   0.544 |    3.480 | 
     +---------------------------------------------------------------------------------------+ 
Path 36: MET Late External Delay Assertion 
Endpoint:   pcpi_rs2[15]                    (v) checked with  leading edge of 
'clk'
Beginpoint: picorv32_core_reg_op2_reg[15]/Q (v) triggered by  leading edge of 
'clk'
Path Groups: {reg2out}
Analysis View: analysis1
Other End Arrival Time          0.000
- External Delay                0.500
+ Phase Shift                   4.000
- Uncertainty                   0.020
= Required Time                 3.480
- Arrival Time                  0.538
= Slack Time                    2.942
     Clock Rise Edge                 0.000
     + Clock Network Latency (Ideal) 0.000
     = Beginpoint Arrival Time       0.000
     +-----------------------------------------------------------------------------------------+ 
     |           Instance            |      Arc       |   Cell    | Delay | Arrival | Required | 
     |                               |                |           |       |  Time   |   Time   | 
     |-------------------------------+----------------+-----------+-------+---------+----------| 
     | picorv32_core_reg_op2_reg[15] | CK ^           |           |       |   0.000 |    2.942 | 
     | picorv32_core_reg_op2_reg[15] | CK ^ -> Q v    | DFFHQX1   | 0.148 |   0.148 |    3.090 | 
     | FE_OFC514_pcpi_rs2_15         | A v -> Y v     | BUFX3     | 0.141 |   0.289 |    3.231 | 
     | FE_OFC285_pcpi_rs2_15         | A v -> Y v     | CLKBUFX20 | 0.237 |   0.526 |    3.468 | 
     |                               | pcpi_rs2[15] v |           | 0.012 |   0.538 |    3.480 | 
     +-----------------------------------------------------------------------------------------+ 
Path 37: MET Late External Delay Assertion 
Endpoint:   pcpi_rs2[2]                    (v) checked with  leading edge of 
'clk'
Beginpoint: picorv32_core_reg_op2_reg[2]/Q (v) triggered by  leading edge of 
'clk'
Path Groups: {reg2out}
Analysis View: analysis1
Other End Arrival Time          0.000
- External Delay                0.500
+ Phase Shift                   4.000
- Uncertainty                   0.020
= Required Time                 3.480
- Arrival Time                  0.538
= Slack Time                    2.942
     Clock Rise Edge                 0.000
     + Clock Network Latency (Ideal) 0.000
     = Beginpoint Arrival Time       0.000
     +---------------------------------------------------------------------------------------+ 
     |           Instance           |      Arc      |   Cell    | Delay | Arrival | Required | 
     |                              |               |           |       |  Time   |   Time   | 
     |------------------------------+---------------+-----------+-------+---------+----------| 
     | picorv32_core_reg_op2_reg[2] | CK ^          |           |       |   0.000 |    2.942 | 
     | picorv32_core_reg_op2_reg[2] | CK ^ -> Q v   | DFFX1     | 0.192 |   0.192 |    3.134 | 
     | FE_OFC327_pcpi_rs2_2         | A v -> Y v    | BUFX2     | 0.128 |   0.320 |    3.262 | 
     | FE_OFC329_pcpi_rs2_2         | A v -> Y v    | CLKBUFX20 | 0.190 |   0.510 |    3.453 | 
     |                              | pcpi_rs2[2] v |           | 0.027 |   0.538 |    3.480 | 
     +---------------------------------------------------------------------------------------+ 
Path 38: MET Late External Delay Assertion 
Endpoint:   pcpi_rs2[30]                    (v) checked with  leading edge of 
'clk'
Beginpoint: picorv32_core_reg_op2_reg[30]/Q (v) triggered by  leading edge of 
'clk'
Path Groups: {reg2out}
Analysis View: analysis1
Other End Arrival Time          0.000
- External Delay                0.500
+ Phase Shift                   4.000
- Uncertainty                   0.020
= Required Time                 3.480
- Arrival Time                  0.537
= Slack Time                    2.943
     Clock Rise Edge                 0.000
     + Clock Network Latency (Ideal) 0.000
     = Beginpoint Arrival Time       0.000
     +-----------------------------------------------------------------------------------------+ 
     |           Instance            |      Arc       |   Cell    | Delay | Arrival | Required | 
     |                               |                |           |       |  Time   |   Time   | 
     |-------------------------------+----------------+-----------+-------+---------+----------| 
     | picorv32_core_reg_op2_reg[30] | CK ^           |           |       |   0.000 |    2.943 | 
     | picorv32_core_reg_op2_reg[30] | CK ^ -> Q v    | DFFHQX1   | 0.132 |   0.133 |    3.076 | 
     | FE_OFC231_pcpi_rs2_30         | A v -> Y v     | BUFX3     | 0.144 |   0.277 |    3.220 | 
     | FE_OFC234_pcpi_rs2_30         | A v -> Y v     | CLKBUFX20 | 0.234 |   0.511 |    3.454 | 
     |                               | pcpi_rs2[30] v |           | 0.026 |   0.537 |    3.480 | 
     +-----------------------------------------------------------------------------------------+ 
Path 39: MET Late External Delay Assertion 
Endpoint:   pcpi_rs2[23]                    (v) checked with  leading edge of 
'clk'
Beginpoint: picorv32_core_reg_op2_reg[23]/Q (v) triggered by  leading edge of 
'clk'
Path Groups: {reg2out}
Analysis View: analysis1
Other End Arrival Time          0.000
- External Delay                0.500
+ Phase Shift                   4.000
- Uncertainty                   0.020
= Required Time                 3.480
- Arrival Time                  0.535
= Slack Time                    2.945
     Clock Rise Edge                 0.000
     + Clock Network Latency (Ideal) 0.000
     = Beginpoint Arrival Time       0.000
     +-----------------------------------------------------------------------------------------+ 
     |           Instance            |      Arc       |   Cell    | Delay | Arrival | Required | 
     |                               |                |           |       |  Time   |   Time   | 
     |-------------------------------+----------------+-----------+-------+---------+----------| 
     | picorv32_core_reg_op2_reg[23] | CK ^           |           |       |   0.000 |    2.945 | 
     | picorv32_core_reg_op2_reg[23] | CK ^ -> Q v    | DFFHQX1   | 0.133 |   0.133 |    3.078 | 
     | FE_OFC257_pcpi_rs2_23         | A v -> Y v     | BUFX3     | 0.144 |   0.277 |    3.222 | 
     | FE_OFC259_pcpi_rs2_23         | A v -> Y v     | CLKBUFX20 | 0.236 |   0.513 |    3.458 | 
     |                               | pcpi_rs2[23] v |           | 0.022 |   0.535 |    3.480 | 
     +-----------------------------------------------------------------------------------------+ 
Path 40: MET Late External Delay Assertion 
Endpoint:   pcpi_rs2[29]                    (v) checked with  leading edge of 
'clk'
Beginpoint: picorv32_core_reg_op2_reg[29]/Q (v) triggered by  leading edge of 
'clk'
Path Groups: {reg2out}
Analysis View: analysis1
Other End Arrival Time          0.000
- External Delay                0.500
+ Phase Shift                   4.000
- Uncertainty                   0.020
= Required Time                 3.480
- Arrival Time                  0.535
= Slack Time                    2.945
     Clock Rise Edge                 0.000
     + Clock Network Latency (Ideal) 0.000
     = Beginpoint Arrival Time       0.000
     +-----------------------------------------------------------------------------------------+ 
     |           Instance            |      Arc       |   Cell    | Delay | Arrival | Required | 
     |                               |                |           |       |  Time   |   Time   | 
     |-------------------------------+----------------+-----------+-------+---------+----------| 
     | picorv32_core_reg_op2_reg[29] | CK ^           |           |       |   0.000 |    2.945 | 
     | picorv32_core_reg_op2_reg[29] | CK ^ -> Q v    | DFFHQX1   | 0.136 |   0.136 |    3.081 | 
     | FE_OFC235_pcpi_rs2_29         | A v -> Y v     | BUFX3     | 0.145 |   0.281 |    3.226 | 
     | FE_OFC237_pcpi_rs2_29         | A v -> Y v     | CLKBUFX20 | 0.236 |   0.517 |    3.462 | 
     |                               | pcpi_rs2[29] v |           | 0.018 |   0.535 |    3.480 | 
     +-----------------------------------------------------------------------------------------+ 
Path 41: MET Late External Delay Assertion 
Endpoint:   pcpi_rs1[4]                    (v) checked with  leading edge of 
'clk'
Beginpoint: picorv32_core_reg_op1_reg[4]/Q (v) triggered by  leading edge of 
'clk'
Path Groups: {reg2out}
Analysis View: analysis1
Other End Arrival Time          0.000
- External Delay                0.500
+ Phase Shift                   4.000
- Uncertainty                   0.020
= Required Time                 3.480
- Arrival Time                  0.534
= Slack Time                    2.946
     Clock Rise Edge                 0.000
     + Clock Network Latency (Ideal) 0.000
     = Beginpoint Arrival Time       0.000
     +---------------------------------------------------------------------------------------+ 
     |           Instance           |      Arc      |   Cell    | Delay | Arrival | Required | 
     |                              |               |           |       |  Time   |   Time   | 
     |------------------------------+---------------+-----------+-------+---------+----------| 
     | picorv32_core_reg_op1_reg[4] | CK ^          |           |       |   0.000 |    2.946 | 
     | picorv32_core_reg_op1_reg[4] | CK ^ -> Q v   | DFFX1     | 0.130 |   0.130 |    3.076 | 
     | FE_OFC212_pcpi_rs1_4         | A v -> Y v    | BUFX2     | 0.151 |   0.281 |    3.227 | 
     | FE_OFC213_pcpi_rs1_4         | A v -> Y v    | CLKBUFX20 | 0.242 |   0.523 |    3.469 | 
     |                              | pcpi_rs1[4] v |           | 0.011 |   0.534 |    3.480 | 
     +---------------------------------------------------------------------------------------+ 
Path 42: MET Late External Delay Assertion 
Endpoint:   pcpi_rs1[18]                    (v) checked with  leading edge of 
'clk'
Beginpoint: picorv32_core_reg_op1_reg[18]/Q (v) triggered by  leading edge of 
'clk'
Path Groups: {reg2out}
Analysis View: analysis1
Other End Arrival Time          0.000
- External Delay                0.500
+ Phase Shift                   4.000
- Uncertainty                   0.020
= Required Time                 3.480
- Arrival Time                  0.529
= Slack Time                    2.951
     Clock Rise Edge                 0.000
     + Clock Network Latency (Ideal) 0.000
     = Beginpoint Arrival Time       0.000
     +-----------------------------------------------------------------------------------------+ 
     |           Instance            |      Arc       |   Cell    | Delay | Arrival | Required | 
     |                               |                |           |       |  Time   |   Time   | 
     |-------------------------------+----------------+-----------+-------+---------+----------| 
     | picorv32_core_reg_op1_reg[18] | CK ^           |           |       |   0.000 |    2.951 | 
     | picorv32_core_reg_op1_reg[18] | CK ^ -> Q v    | DFFHQX1   | 0.142 |   0.142 |    3.093 | 
     | FE_OFC512_pcpi_rs1_18         | A v -> Y v     | BUFX3     | 0.136 |   0.279 |    3.229 | 
     | FE_OFC175_pcpi_rs1_18         | A v -> Y v     | CLKBUFX20 | 0.223 |   0.501 |    3.452 | 
     |                               | pcpi_rs1[18] v |           | 0.028 |   0.529 |    3.480 | 
     +-----------------------------------------------------------------------------------------+ 
Path 43: MET Late External Delay Assertion 
Endpoint:   pcpi_rs2[7]                    (v) checked with  leading edge of 
'clk'
Beginpoint: picorv32_core_reg_op2_reg[7]/Q (v) triggered by  leading edge of 
'clk'
Path Groups: {reg2out}
Analysis View: analysis1
Other End Arrival Time          0.000
- External Delay                0.500
+ Phase Shift                   4.000
- Uncertainty                   0.020
= Required Time                 3.480
- Arrival Time                  0.528
= Slack Time                    2.952
     Clock Rise Edge                 0.000
     + Clock Network Latency (Ideal) 0.000
     = Beginpoint Arrival Time       0.000
     +---------------------------------------------------------------------------------------+ 
     |           Instance           |      Arc      |   Cell    | Delay | Arrival | Required | 
     |                              |               |           |       |  Time   |   Time   | 
     |------------------------------+---------------+-----------+-------+---------+----------| 
     | picorv32_core_reg_op2_reg[7] | CK ^          |           |       |   0.000 |    2.952 | 
     | picorv32_core_reg_op2_reg[7] | CK ^ -> Q v   | DFFX1     | 0.131 |   0.131 |    3.082 | 
     | FE_OFC307_pcpi_rs2_7         | A v -> Y ^    | INVX1     | 0.022 |   0.152 |    3.104 | 
     | FE_OFC308_pcpi_rs2_7         | A ^ -> Y v    | INVX2     | 0.123 |   0.275 |    3.227 | 
     | FE_OFC309_pcpi_rs2_7         | A v -> Y v    | CLKBUFX20 | 0.237 |   0.512 |    3.464 | 
     |                              | pcpi_rs2[7] v |           | 0.016 |   0.528 |    3.480 | 
     +---------------------------------------------------------------------------------------+ 
Path 44: MET Late External Delay Assertion 
Endpoint:   pcpi_rs1[7]                    (v) checked with  leading edge of 
'clk'
Beginpoint: picorv32_core_reg_op1_reg[7]/Q (v) triggered by  leading edge of 
'clk'
Path Groups: {reg2out}
Analysis View: analysis1
Other End Arrival Time          0.000
- External Delay                0.500
+ Phase Shift                   4.000
- Uncertainty                   0.020
= Required Time                 3.480
- Arrival Time                  0.527
= Slack Time                    2.953
     Clock Rise Edge                 0.000
     + Clock Network Latency (Ideal) 0.000
     = Beginpoint Arrival Time       0.000
     +---------------------------------------------------------------------------------------+ 
     |           Instance           |      Arc      |   Cell    | Delay | Arrival | Required | 
     |                              |               |           |       |  Time   |   Time   | 
     |------------------------------+---------------+-----------+-------+---------+----------| 
     | picorv32_core_reg_op1_reg[7] | CK ^          |           |       |   0.000 |    2.953 | 
     | picorv32_core_reg_op1_reg[7] | CK ^ -> Q v   | DFFX1     | 0.129 |   0.129 |    3.082 | 
     | FE_OFC204_pcpi_rs1_7         | A v -> Y v    | BUFX2     | 0.146 |   0.275 |    3.228 | 
     | FE_OFC205_pcpi_rs1_7         | A v -> Y v    | CLKBUFX20 | 0.240 |   0.515 |    3.468 | 
     |                              | pcpi_rs1[7] v |           | 0.012 |   0.527 |    3.480 | 
     +---------------------------------------------------------------------------------------+ 
Path 45: MET Late External Delay Assertion 
Endpoint:   pcpi_rs1[24]                    (v) checked with  leading edge of 
'clk'
Beginpoint: picorv32_core_reg_op1_reg[24]/Q (v) triggered by  leading edge of 
'clk'
Path Groups: {reg2out}
Analysis View: analysis1
Other End Arrival Time          0.000
- External Delay                0.500
+ Phase Shift                   4.000
- Uncertainty                   0.020
= Required Time                 3.480
- Arrival Time                  0.526
= Slack Time                    2.954
     Clock Rise Edge                 0.000
     + Clock Network Latency (Ideal) 0.000
     = Beginpoint Arrival Time       0.000
     +-----------------------------------------------------------------------------------------+ 
     |           Instance            |      Arc       |   Cell    | Delay | Arrival | Required | 
     |                               |                |           |       |  Time   |   Time   | 
     |-------------------------------+----------------+-----------+-------+---------+----------| 
     | picorv32_core_reg_op1_reg[24] | CK ^           |           |       |   0.000 |    2.954 | 
     | picorv32_core_reg_op1_reg[24] | CK ^ -> Q v    | DFFHQX1   | 0.127 |   0.127 |    3.081 | 
     | FE_OFC152_pcpi_rs1_24         | A v -> Y ^     | INVX1     | 0.019 |   0.147 |    3.100 | 
     | FE_OFC153_pcpi_rs1_24         | A ^ -> Y v     | INVX2     | 0.124 |   0.270 |    3.224 | 
     | FE_OFC154_pcpi_rs1_24         | A v -> Y v     | CLKBUFX20 | 0.241 |   0.512 |    3.465 | 
     |                               | pcpi_rs1[24] v |           | 0.015 |   0.526 |    3.480 | 
     +-----------------------------------------------------------------------------------------+ 
Path 46: MET Late External Delay Assertion 
Endpoint:   pcpi_rs1[15]                    (v) checked with  leading edge of 
'clk'
Beginpoint: picorv32_core_reg_op1_reg[15]/Q (v) triggered by  leading edge of 
'clk'
Path Groups: {reg2out}
Analysis View: analysis1
Other End Arrival Time          0.000
- External Delay                0.500
+ Phase Shift                   4.000
- Uncertainty                   0.020
= Required Time                 3.480
- Arrival Time                  0.525
= Slack Time                    2.955
     Clock Rise Edge                 0.000
     + Clock Network Latency (Ideal) 0.000
     = Beginpoint Arrival Time       0.000
     +-----------------------------------------------------------------------------------------+ 
     |           Instance            |      Arc       |   Cell    | Delay | Arrival | Required | 
     |                               |                |           |       |  Time   |   Time   | 
     |-------------------------------+----------------+-----------+-------+---------+----------| 
     | picorv32_core_reg_op1_reg[15] | CK ^           |           |       |   0.000 |    2.955 | 
     | picorv32_core_reg_op1_reg[15] | CK ^ -> Q v    | DFFHQX1   | 0.152 |   0.152 |    3.107 | 
     | FE_OFC503_pcpi_rs1_15         | A v -> Y v     | BUFX3     | 0.133 |   0.285 |    3.240 | 
     | FE_OFC459_pcpi_rs1_15         | A v -> Y v     | CLKBUFX20 | 0.217 |   0.502 |    3.457 | 
     |                               | pcpi_rs1[15] v |           | 0.023 |   0.525 |    3.480 | 
     +-----------------------------------------------------------------------------------------+ 
Path 47: MET Late External Delay Assertion 
Endpoint:   pcpi_rs2[14]                    (v) checked with  leading edge of 
'clk'
Beginpoint: picorv32_core_reg_op2_reg[14]/Q (v) triggered by  leading edge of 
'clk'
Path Groups: {reg2out}
Analysis View: analysis1
Other End Arrival Time          0.000
- External Delay                0.500
+ Phase Shift                   4.000
- Uncertainty                   0.020
= Required Time                 3.480
- Arrival Time                  0.523
= Slack Time                    2.957
     Clock Rise Edge                 0.000
     + Clock Network Latency (Ideal) 0.000
     = Beginpoint Arrival Time       0.000
     +-----------------------------------------------------------------------------------------+ 
     |           Instance            |      Arc       |   Cell    | Delay | Arrival | Required | 
     |                               |                |           |       |  Time   |   Time   | 
     |-------------------------------+----------------+-----------+-------+---------+----------| 
     | picorv32_core_reg_op2_reg[14] | CK ^           |           |       |   0.000 |    2.957 | 
     | picorv32_core_reg_op2_reg[14] | CK ^ -> Q v    | DFFHQX1   | 0.142 |   0.142 |    3.099 | 
     | FE_OFC513_pcpi_rs2_14         | A v -> Y v     | BUFX3     | 0.134 |   0.277 |    3.233 | 
     | FE_OFC288_pcpi_rs2_14         | A v -> Y v     | CLKBUFX20 | 0.233 |   0.509 |    3.466 | 
     |                               | pcpi_rs2[14] v |           | 0.014 |   0.523 |    3.480 | 
     +-----------------------------------------------------------------------------------------+ 
Path 48: MET Late External Delay Assertion 
Endpoint:   pcpi_rs1[26]                    (v) checked with  leading edge of 
'clk'
Beginpoint: picorv32_core_reg_op1_reg[26]/Q (v) triggered by  leading edge of 
'clk'
Path Groups: {reg2out}
Analysis View: analysis1
Other End Arrival Time          0.000
- External Delay                0.500
+ Phase Shift                   4.000
- Uncertainty                   0.020
= Required Time                 3.480
- Arrival Time                  0.523
= Slack Time                    2.957
     Clock Rise Edge                 0.000
     + Clock Network Latency (Ideal) 0.000
     = Beginpoint Arrival Time       0.000
     +-----------------------------------------------------------------------------------------+ 
     |           Instance            |      Arc       |   Cell    | Delay | Arrival | Required | 
     |                               |                |           |       |  Time   |   Time   | 
     |-------------------------------+----------------+-----------+-------+---------+----------| 
     | picorv32_core_reg_op1_reg[26] | CK ^           |           |       |   0.000 |    2.958 | 
     | picorv32_core_reg_op1_reg[26] | CK ^ -> Q v    | DFFHQX1   | 0.127 |   0.127 |    3.085 | 
     | FE_OFC145_pcpi_rs1_26         | A v -> Y v     | BUFX2     | 0.144 |   0.271 |    3.229 | 
     | FE_OFC148_pcpi_rs1_26         | A v -> Y v     | CLKBUFX20 | 0.237 |   0.508 |    3.466 | 
     |                               | pcpi_rs1[26] v |           | 0.014 |   0.523 |    3.480 | 
     +-----------------------------------------------------------------------------------------+ 
Path 49: MET Late External Delay Assertion 
Endpoint:   pcpi_rs1[22]                    (v) checked with  leading edge of 
'clk'
Beginpoint: picorv32_core_reg_op1_reg[22]/Q (v) triggered by  leading edge of 
'clk'
Path Groups: {reg2out}
Analysis View: analysis1
Other End Arrival Time          0.000
- External Delay                0.500
+ Phase Shift                   4.000
- Uncertainty                   0.020
= Required Time                 3.480
- Arrival Time                  0.522
= Slack Time                    2.958
     Clock Rise Edge                 0.000
     + Clock Network Latency (Ideal) 0.000
     = Beginpoint Arrival Time       0.000
     +-----------------------------------------------------------------------------------------+ 
     |           Instance            |      Arc       |   Cell    | Delay | Arrival | Required | 
     |                               |                |           |       |  Time   |   Time   | 
     |-------------------------------+----------------+-----------+-------+---------+----------| 
     | picorv32_core_reg_op1_reg[22] | CK ^           |           |       |   0.000 |    2.958 | 
     | picorv32_core_reg_op1_reg[22] | CK ^ -> Q v    | DFFHQX1   | 0.157 |   0.157 |    3.115 | 
     | FE_OFC502_pcpi_rs1_22         | A v -> Y v     | BUFX3     | 0.130 |   0.287 |    3.245 | 
     | FE_OFC469_pcpi_rs1_22         | A v -> Y v     | CLKBUFX20 | 0.224 |   0.510 |    3.468 | 
     |                               | pcpi_rs1[22] v |           | 0.012 |   0.522 |    3.480 | 
     +-----------------------------------------------------------------------------------------+ 
Path 50: MET Late External Delay Assertion 
Endpoint:   pcpi_rs2[25]                    (v) checked with  leading edge of 
'clk'
Beginpoint: picorv32_core_reg_op2_reg[25]/Q (v) triggered by  leading edge of 
'clk'
Path Groups: {reg2out}
Analysis View: analysis1
Other End Arrival Time          0.000
- External Delay                0.500
+ Phase Shift                   4.000
- Uncertainty                   0.020
= Required Time                 3.480
- Arrival Time                  0.518
= Slack Time                    2.962
     Clock Rise Edge                 0.000
     + Clock Network Latency (Ideal) 0.000
     = Beginpoint Arrival Time       0.000
     +-----------------------------------------------------------------------------------------+ 
     |           Instance            |      Arc       |   Cell    | Delay | Arrival | Required | 
     |                               |                |           |       |  Time   |   Time   | 
     |-------------------------------+----------------+-----------+-------+---------+----------| 
     | picorv32_core_reg_op2_reg[25] | CK ^           |           |       |   0.000 |    2.962 | 
     | picorv32_core_reg_op2_reg[25] | CK ^ -> Q v    | DFFHQX1   | 0.153 |   0.153 |    3.115 | 
     | FE_OFC251_pcpi_rs2_25         | A v -> Y v     | BUFX2     | 0.132 |   0.285 |    3.247 | 
     | FE_OFC253_pcpi_rs2_25         | A v -> Y v     | CLKBUFX20 | 0.215 |   0.500 |    3.462 | 
     |                               | pcpi_rs2[25] v |           | 0.018 |   0.518 |    3.480 | 
     +-----------------------------------------------------------------------------------------+ 

