============================================================
  Generated by:           Genus(TM) Synthesis Solution 21.15-s080_1
  Generated on:           Nov 28 2025  02:37:01 pm
  Module:                 picorv32_wb
  Operating conditions:   PVT_1P32V_0C 
  Interconnect mode:      global
  Area mode:              physical library
============================================================

                                
   Gate    Instances    Area        Library    
-----------------------------------------------
ADDFX1           181    928.530    fast_vdd1v2 
ADDFXL           374   2558.160    fast_vdd1v2 
ADDHX1           174    654.588    fast_vdd1v2 
ADDHXL            15     71.820    fast_vdd1v2 
AND2X1           134    183.312    fast_vdd1v2 
AND2X2             2      3.420    fast_vdd1v2 
AND2X4             3      8.208    fast_vdd1v2 
AND2XL           248    339.264    fast_vdd1v2 
AND3X1             2      4.788    fast_vdd1v2 
AND3X2             1      2.736    fast_vdd1v2 
AND3X4             1      3.078    fast_vdd1v2 
AND3XL            10     20.520    fast_vdd1v2 
AND4X1             1      2.394    fast_vdd1v2 
AND4XL            80    191.520    fast_vdd1v2 
AO21X1             3      7.182    fast_vdd1v2 
AO21XL            91    217.854    fast_vdd1v2 
AO22X1             1      2.736    fast_vdd1v2 
AO22XL           257    703.152    fast_vdd1v2 
AOI211XL          65    133.380    fast_vdd1v2 
AOI21X1            1      1.710    fast_vdd1v2 
AOI21XL          149    254.790    fast_vdd1v2 
AOI221X1          51    122.094    fast_vdd1v2 
AOI221XL         120    410.400    fast_vdd1v2 
AOI222X1           8     24.624    fast_vdd1v2 
AOI222XL         103    352.260    fast_vdd1v2 
AOI22XL         1617   3318.084    fast_vdd1v2 
AOI2BB1XL          1      2.052    fast_vdd1v2 
AOI2BB2XL          1      3.762    fast_vdd1v2 
AOI32XL           25     68.400    fast_vdd1v2 
AOI33XL            1      2.394    fast_vdd1v2 
BUFX2              3      5.130    fast_vdd1v2 
BUFX4              3      7.182    fast_vdd1v2 
BUFX8             10     37.620    fast_vdd1v2 
CLKINVX3           1      1.710    fast_vdd1v2 
CLKINVX4           3      5.130    fast_vdd1v2 
CLKINVX8           2      6.156    fast_vdd1v2 
CLKXOR2X1          2      5.472    fast_vdd1v2 
DFFHQX8          159   1468.206    fast_vdd1v2 
DFFQX1             7     40.698    fast_vdd1v2 
DFFQX2             6     38.988    fast_vdd1v2 
DFFQXL          1894  10363.968    fast_vdd1v2 
DFFX1              5     35.910    fast_vdd1v2 
DFFXL              3     22.572    fast_vdd1v2 
EDFFHQX8          29    337.212    fast_vdd1v2 
EDFFTRXL           3     34.884    fast_vdd1v2 
EDFFX2           217   2003.778    fast_vdd1v2 
EDFFXL            76    727.776    fast_vdd1v2 
INVX1             42     28.728    fast_vdd1v2 
INVX2              2      2.052    fast_vdd1v2 
INVX3              2      2.736    fast_vdd1v2 
INVXL            359    245.556    fast_vdd1v2 
MX2X1             17     40.698    fast_vdd1v2 
MX2XL           1127   2698.038    fast_vdd1v2 
MX3XL              1      4.788    fast_vdd1v2 
MXI2XL           391    936.054    fast_vdd1v2 
NAND2BX1           6      8.208    fast_vdd1v2 
NAND2BX2           6     14.364    fast_vdd1v2 
NAND2BXL          94    128.592    fast_vdd1v2 
NAND2X1           10     10.260    fast_vdd1v2 
NAND2XL          341    349.866    fast_vdd1v2 
NAND3BX2           1      3.078    fast_vdd1v2 
NAND3BXL          29     49.590    fast_vdd1v2 
NAND3XL           55     94.050    fast_vdd1v2 
NAND4BBXL          2      6.156    fast_vdd1v2 
NAND4BXL          20     47.880    fast_vdd1v2 
NAND4XL          293    501.030    fast_vdd1v2 
NOR2BX1           26     35.568    fast_vdd1v2 
NOR2BX2            6     16.416    fast_vdd1v2 
NOR2BXL           26     44.460    fast_vdd1v2 
NOR2X1            11     11.286    fast_vdd1v2 
NOR2X2             7     11.970    fast_vdd1v2 
NOR2XL           390    400.140    fast_vdd1v2 
NOR3BX1            1      2.052    fast_vdd1v2 
NOR3BX2            1      3.420    fast_vdd1v2 
NOR3BXL           13     26.676    fast_vdd1v2 
NOR3X1             2      3.420    fast_vdd1v2 
NOR3XL            14     23.940    fast_vdd1v2 
NOR4BBX1           2      5.472    fast_vdd1v2 
NOR4BBXL           4     13.680    fast_vdd1v2 
NOR4BX1            2      4.788    fast_vdd1v2 
NOR4BXL            1      3.078    fast_vdd1v2 
NOR4X1             3      5.130    fast_vdd1v2 
NOR4XL            28     57.456    fast_vdd1v2 
OA21X1            36     73.872    fast_vdd1v2 
OA21X4             1      3.762    fast_vdd1v2 
OA22X1            15     35.910    fast_vdd1v2 
OA22XL             6     18.468    fast_vdd1v2 
OAI211XL          19     38.988    fast_vdd1v2 
OAI21XL          116    198.360    fast_vdd1v2 
OAI221XL         320    984.960    fast_vdd1v2 
OAI222XL          22     60.192    fast_vdd1v2 
OAI22XL          122    250.344    fast_vdd1v2 
OAI2BB1X1          9     15.390    fast_vdd1v2 
OAI2BB1XL        101    207.252    fast_vdd1v2 
OAI2BB2XL          2      7.524    fast_vdd1v2 
OAI31X1            1      2.052    fast_vdd1v2 
OAI31XL            2      4.788    fast_vdd1v2 
OAI32XL            1      3.078    fast_vdd1v2 
OR2X1             15     20.520    fast_vdd1v2 
OR2X2              2      3.420    fast_vdd1v2 
OR2XL             92    125.856    fast_vdd1v2 
OR3X1             35     71.820    fast_vdd1v2 
OR3XL             11     22.572    fast_vdd1v2 
OR4X1             73    149.796    fast_vdd1v2 
OR4XL              2      5.472    fast_vdd1v2 
XNOR2X1           37     88.578    fast_vdd1v2 
XNOR2XL          390   1067.040    fast_vdd1v2 
XNOR3XL            2     15.048    fast_vdd1v2 
XOR2XL            75    205.200    fast_vdd1v2 
-----------------------------------------------
total          10985  35260.542                


                                          
     Type      Instances    Area   Area % 
------------------------------------------
sequential          2399 15073.992   42.8 
inverter             411   292.068    0.8 
buffer                16    49.932    0.1 
logic               8159 19844.550   56.3 
physical_cells         0     0.000    0.0 
------------------------------------------
total              10985 35260.542  100.0 

