============================================================
  Generated by:           Genus(TM) Synthesis Solution 21.15-s080_1
  Generated on:           Nov 28 2025  02:36:59 pm
  Module:                 picorv32_wb
  Operating conditions:   PVT_1P32V_0C 
  Interconnect mode:      global
  Area mode:              physical library
============================================================


Path 1: MET (2153 ps) Setup Check with Pin picorv32_core_reg_op2_reg[28]/CK->D
          Group: I2R
     Startpoint: (R) wb_rst_i
          Clock: (R) clk
       Endpoint: (F) picorv32_core_reg_op2_reg[28]/D
          Clock: (R) clk

                     Capture       Launch     
        Clock Edge:+    4000            0     
        Drv Adjust:+       0          125     
       Src Latency:+     200          200     
       Net Latency:+       0 (I)        0 (I) 
           Arrival:=    4200          325     
                                              
             Setup:-      12                  
       Uncertainty:-      20                  
     Required Time:=    4168                  
      Launch Clock:-     325                  
       Input Delay:-     500                  
         Data Path:-    1189                  
             Slack:=    2153                  

Exceptions/Constraints:
  input_delay             500             constraints.sdc_line_32 

#----------------------------------------------------------------------------------------------------------
#          Timing Point           Flags    Arc   Edge   Cell     Fanout  Load Trans Delay Arrival Instance 
#                                                                        (fF)  (ps)  (ps)   (ps)  Location 
#----------------------------------------------------------------------------------------------------------
  wb_rst_i                        <<<     -      R     (arrival)     73  82.2   230     0     825    (-,-) 
  g59/Y                           -       A->Y   F     CLKINVX4     132 145.8   245   169     994    (-,-) 
  picorv32_core_g197451/Y         -       A->Y   R     INVX3        106 116.0   248   166    1160    (-,-) 
  picorv32_core_g197011/Y         -       B->Y   R     OR2X1         31  34.5   193   136    1296    (-,-) 
  picorv32_core_g196890/Y         -       A->Y   F     INVXL         12  14.5   158   120    1416    (-,-) 
  picorv32_core_g196363/Y         -       A1N->Y F     OAI2BB1X1      9  10.6   110    81    1497    (-,-) 
  picorv32_core_g195934/Y         -       B->Y   F     AND2XL         8   9.5    83    62    1559    (-,-) 
  picorv32_core_g195332/Y         -       B->Y   F     AND2X1        27  30.8   164   111    1670    (-,-) 
  picorv32_core_g194320/Y         -       B1->Y  R     AOI22XL        1   1.9    61    71    1741    (-,-) 
  picorv32_core_g193478/Y         -       B->Y   F     NAND4XL        1   1.9    73    58    1799    (-,-) 
  picorv32_core_g191263__2346/Y   -       B0->Y  R     AOI211XL       1   1.9    67    56    1855    (-,-) 
  picorv32_core_g191139__5115/Y   -       D->Y   F     NAND4XL        1   1.9    74    59    1914    (-,-) 
  picorv32_core_g191052__5115/Y   -       B0->Y  R     AOI21XL        1   1.9    49    45    1959    (-,-) 
  picorv32_core_g190941__5477/Y   -       D->Y   F     NAND4XL        1   2.0    76    55    2014    (-,-) 
  picorv32_core_reg_op2_reg[28]/D <<<     -      F     DFFHQX8        1     -     -     0    2014    (-,-) 
#----------------------------------------------------------------------------------------------------------

