============================================================
  Generated by:           Genus(TM) Synthesis Solution 21.15-s080_1
  Generated on:           Nov 28 2025  02:37:01 pm
  Module:                 picorv32_wb
  Operating conditions:   PVT_1P32V_0C 
  Interconnect mode:      global
  Area mode:              physical library
============================================================

Timing
--------

Clock Period 
-------------
clk   4000.0 


  Cost    Critical         Violating 
 Group   Path Slack  TNS     Paths   
-------------------------------------
clk        No paths   0.0            
default    No paths   0.0            
I2O        No paths   0.0            
I2R          2153.2   0.0          0 
R2O          3051.0   0.0          0 
R2R           986.4   0.0          0 
-------------------------------------
Total                 0.0          0 

Instance Count
--------------
Leaf Instance Count             10985 
Physical Instance count             0 
Sequential Instance Count        2399 
Combinational Instance Count     8586 
Hierarchical Instance Count         0 

Area
----
Cell Area                          35260.542
Physical Cell Area                 0.000
Total Cell Area (Cell+Physical)    35260.542
Net Area                           15252.672
Total Area (Cell+Physical+Net)     50513.214

Power
-----
Leakage Power                      3716.551 nW
Dynamic Power                      8326377.217 nW
Total Power                        8330093.768 nW

Max Fanout                         2399 (wb_clk_i)
Min Fanout                         1 (picorv32_core_alu_add_sub[1])
Average Fanout                     2.7
Terms to net ratio                 3.7166
Terms to instance ratio            4.0062
Runtime                            560.0430179999998 seconds
Elapsed Runtime                    815 seconds
Genus peak memory usage            1538.10 
Innovus peak memory usage          no_value 
Hostname                           cn92.it.auth.gr
