============================================================
  Generated by:           Genus(TM) Synthesis Solution 21.15-s080_1
  Generated on:           Nov 28 2025  02:36:59 pm
  Module:                 picorv32_wb
  Operating conditions:   PVT_1P32V_0C 
  Interconnect mode:      global
  Area mode:              physical library
============================================================


Path 1: MET (3051 ps) Late External Delay Assertion at pin wbm_cyc_o
          Group: R2O
     Startpoint: (R) wbm_cyc_o_reg/CK
          Clock: (R) clk
       Endpoint: (F) wbm_cyc_o
          Clock: (R) clk

                     Capture       Launch     
        Clock Edge:+    4000            0     
       Src Latency:+     200          200     
       Net Latency:+       0 (I)        0 (I) 
           Arrival:=    4200          200     
                                              
      Output Delay:-     500                  
       Uncertainty:-      20                  
     Required Time:=    3680                  
      Launch Clock:-     200                  
         Data Path:-     429                  
             Slack:=    3051                  

Exceptions/Constraints:
  output_delay             500             constraints.sdc_line_47_269_1 

#------------------------------------------------------------------------------------------
#  Timing Point    Flags   Arc   Edge   Cell     Fanout  Load Trans Delay Arrival Instance 
#                                                        (fF)  (ps)  (ps)   (ps)  Location 
#------------------------------------------------------------------------------------------
  wbm_cyc_o_reg/CK <<<     -     R     (arrival)   2399     -    40     0     200    (-,-) 
  wbm_cyc_o_reg/Q  -       CK->Q F     DFFHQX8        3 303.8   238   179     379    (-,-) 
  g490/Y           -       A->Y  R     INVXL          1   5.7    97    91     470    (-,-) 
  g489/Y           -       A->Y  F     CLKINVX8       1 301.6   245   156     627    (-,-) 
  wbm_cyc_o        <<<     -     F     (port)         -     -     -     2     629    (-,-) 
#------------------------------------------------------------------------------------------

