============================================================
  Generated by:           Genus(TM) Synthesis Solution 21.15-s080_1
  Generated on:           Nov 28 2025  02:36:58 pm
  Module:                 picorv32_wb
  Operating conditions:   PVT_1P32V_0C 
  Interconnect mode:      global
  Area mode:              physical library
============================================================


Path 1: MET (986 ps) Setup Check with Pin picorv32_core_genblk1.pcpi_mul_rd_reg[63]/CK->D
          Group: R2R
     Startpoint: (R) picorv32_core_genblk1.pcpi_mul_rs2_reg[5]/CK
          Clock: (R) clk
       Endpoint: (R) picorv32_core_genblk1.pcpi_mul_rd_reg[63]/D
          Clock: (R) clk

                     Capture       Launch     
        Clock Edge:+    4000            0     
       Src Latency:+     200          200     
       Net Latency:+       0 (I)        0 (I) 
           Arrival:=    4200          200     
                                              
             Setup:-      14                  
       Uncertainty:-      20                  
     Required Time:=    4166                  
      Launch Clock:-     200                  
         Data Path:-    2980                  
             Slack:=     986                  

#------------------------------------------------------------------------------------------------------------------------------------
#                       Timing Point                         Flags    Arc   Edge   Cell     Fanout Load Trans Delay Arrival Instance 
#                                                                                                  (fF)  (ps)  (ps)   (ps)  Location 
#------------------------------------------------------------------------------------------------------------------------------------
  picorv32_core_genblk1.pcpi_mul_rs2_reg[5]/CK               -       -      R     (arrival)   2399    -    40     0     200    (-,-) 
  picorv32_core_genblk1.pcpi_mul_rs2_reg[5]/Q                -       CK->Q  R     DFFQX2        26 29.6    84    84     284    (-,-) 
  g197995/Y                                                  -       A->Y   F     INVX1         19 21.8   130    86     369    (-,-) 
  picorv32_core_genblk1.pcpi_mul_mul_2371_47_g13954/Y        -       C->Y   R     NOR4XL         1  1.9    84    78     447    (-,-) 
  picorv32_core_genblk1.pcpi_mul_mul_2371_47_g13898/Y        -       A->Y   R     OR2X1         29 32.3   180   119     566    (-,-) 
  picorv32_core_genblk1.pcpi_mul_mul_2371_47_g13888/Y        -       A->Y   F     INVXL          5  6.3    87    78     644    (-,-) 
  picorv32_core_genblk1.pcpi_mul_mul_2371_47_g13821/Y        -       A1->Y  R     OAI22XL        1  1.9    69    52     696    (-,-) 
  picorv32_core_genblk1.pcpi_mul_mul_2371_47_g13690/Y        -       C0->Y  F     AOI221XL       1  2.2    77    32     728    (-,-) 
  picorv32_core_genblk1.pcpi_mul_mul_2371_47_g13663/Y        -       B->Y   R     XNOR2XL        1  2.2    23    38     765    (-,-) 
  picorv32_core_genblk1.pcpi_mul_mul_2371_47_g13591/CO       -       A->CO  R     ADDHX1         1  2.8    18    29     794    (-,-) 
  picorv32_core_genblk1.pcpi_mul_mul_2371_47_cdnfadd_006_0/S -       B->S   F     ADDFX1         1  2.7    20    56     850    (-,-) 
  picorv32_core_genblk1.pcpi_mul_mul_2371_47_cdnfadd6/CO     -       A->CO  F     ADDFXL         1  2.4    24    41     891    (-,-) 
  picorv32_core_genblk1.pcpi_mul_mul_2371_47_cdnfadd7/CO     -       CI->CO F     ADDFXL         1  2.4    24    40     931    (-,-) 
  picorv32_core_genblk1.pcpi_mul_mul_2371_47_cdnfadd8/CO     -       CI->CO F     ADDFXL         1  2.4    24    40     971    (-,-) 
  picorv32_core_genblk1.pcpi_mul_mul_2371_47_cdnfadd9/CO     -       CI->CO F     ADDFXL         1  2.4    24    40    1012    (-,-) 
  picorv32_core_genblk1.pcpi_mul_mul_2371_47_cdnfadd10/CO    -       CI->CO F     ADDFXL         1  2.4    24    40    1052    (-,-) 
  picorv32_core_genblk1.pcpi_mul_mul_2371_47_cdnfadd11/CO    -       CI->CO F     ADDFXL         1  2.4    24    40    1092    (-,-) 
  picorv32_core_genblk1.pcpi_mul_mul_2371_47_cdnfadd12/CO    -       CI->CO F     ADDFXL         1  2.4    24    40    1133    (-,-) 
  picorv32_core_genblk1.pcpi_mul_mul_2371_47_cdnfadd13/CO    -       CI->CO F     ADDFXL         1  2.4    24    40    1173    (-,-) 
  picorv32_core_genblk1.pcpi_mul_mul_2371_47_cdnfadd14/CO    -       CI->CO F     ADDFXL         1  2.4    24    40    1213    (-,-) 
  picorv32_core_genblk1.pcpi_mul_mul_2371_47_cdnfadd15/CO    -       CI->CO F     ADDFXL         1  2.4    24    40    1254    (-,-) 
  picorv32_core_genblk1.pcpi_mul_mul_2371_47_cdnfadd16/CO    -       CI->CO F     ADDFXL         1  2.4    24    40    1294    (-,-) 
  picorv32_core_genblk1.pcpi_mul_mul_2371_47_cdnfadd17/CO    -       CI->CO F     ADDFXL         1  2.4    24    40    1334    (-,-) 
  picorv32_core_genblk1.pcpi_mul_mul_2371_47_cdnfadd18/CO    -       CI->CO F     ADDFXL         1  2.4    24    40    1374    (-,-) 
  picorv32_core_genblk1.pcpi_mul_mul_2371_47_cdnfadd19/CO    -       CI->CO F     ADDFXL         1  2.4    24    40    1415    (-,-) 
  picorv32_core_genblk1.pcpi_mul_mul_2371_47_cdnfadd20/CO    -       CI->CO F     ADDFXL         1  2.4    24    40    1455    (-,-) 
  picorv32_core_genblk1.pcpi_mul_mul_2371_47_cdnfadd21/CO    -       CI->CO F     ADDFXL         1  2.4    24    40    1495    (-,-) 
  picorv32_core_genblk1.pcpi_mul_mul_2371_47_cdnfadd22/CO    -       CI->CO F     ADDFXL         1  2.4    24    40    1536    (-,-) 
  picorv32_core_genblk1.pcpi_mul_mul_2371_47_cdnfadd23/CO    -       CI->CO F     ADDFXL         1  2.4    24    40    1576    (-,-) 
  picorv32_core_genblk1.pcpi_mul_mul_2371_47_cdnfadd24/CO    -       CI->CO F     ADDFXL         1  2.4    24    40    1616    (-,-) 
  picorv32_core_genblk1.pcpi_mul_mul_2371_47_cdnfadd25/CO    -       CI->CO F     ADDFXL         1  2.4    24    40    1656    (-,-) 
  picorv32_core_genblk1.pcpi_mul_mul_2371_47_cdnfadd26/CO    -       CI->CO F     ADDFXL         1  2.4    24    40    1697    (-,-) 
  picorv32_core_genblk1.pcpi_mul_mul_2371_47_cdnfadd27/CO    -       CI->CO F     ADDFXL         1  2.4    24    40    1737    (-,-) 
  picorv32_core_genblk1.pcpi_mul_mul_2371_47_cdnfadd28/CO    -       CI->CO F     ADDFXL         1  2.4    24    40    1777    (-,-) 
  picorv32_core_genblk1.pcpi_mul_mul_2371_47_cdnfadd29/CO    -       CI->CO F     ADDFXL         1  2.4    24    40    1818    (-,-) 
  picorv32_core_genblk1.pcpi_mul_mul_2371_47_cdnfadd30/CO    -       CI->CO F     ADDFXL         1  2.4    24    40    1858    (-,-) 
  picorv32_core_genblk1.pcpi_mul_mul_2371_47_cdnfadd31/CO    -       CI->CO F     ADDFXL         1  2.4    24    40    1898    (-,-) 
  picorv32_core_genblk1.pcpi_mul_mul_2371_47_cdnfadd32/CO    -       CI->CO F     ADDFXL         1  2.4    24    40    1939    (-,-) 
  picorv32_core_genblk1.pcpi_mul_mul_2371_47_cdnfadd33/CO    -       CI->CO F     ADDFXL         1  2.4    24    40    1979    (-,-) 
  picorv32_core_genblk1.pcpi_mul_mul_2371_47_cdnfadd34/CO    -       CI->CO F     ADDFXL         1  2.4    24    40    2019    (-,-) 
  picorv32_core_genblk1.pcpi_mul_mul_2371_47_cdnfadd35/CO    -       CI->CO F     ADDFXL         1  2.4    24    40    2060    (-,-) 
  picorv32_core_genblk1.pcpi_mul_mul_2371_47_cdnfadd36/CO    -       CI->CO F     ADDFXL         1  2.4    24    40    2100    (-,-) 
  picorv32_core_genblk1.pcpi_mul_mul_2371_47_cdnfadd37/CO    -       CI->CO F     ADDFXL         1  2.4    24    40    2140    (-,-) 
  picorv32_core_genblk1.pcpi_mul_mul_2371_47_cdnfadd38/CO    -       CI->CO F     ADDFXL         1  2.4    24    40    2180    (-,-) 
  picorv32_core_genblk1.pcpi_mul_mul_2371_47_cdnfadd39/CO    -       CI->CO F     ADDFXL         1  2.4    24    40    2221    (-,-) 
  picorv32_core_genblk1.pcpi_mul_mul_2371_47_cdnfadd40/CO    -       CI->CO F     ADDFXL         1  2.4    24    40    2261    (-,-) 
  picorv32_core_genblk1.pcpi_mul_mul_2371_47_cdnfadd41/CO    -       CI->CO F     ADDFXL         1  2.4    24    40    2301    (-,-) 
  picorv32_core_genblk1.pcpi_mul_mul_2371_47_cdnfadd42/CO    -       CI->CO F     ADDFXL         1  2.4    24    40    2342    (-,-) 
  picorv32_core_genblk1.pcpi_mul_mul_2371_47_cdnfadd43/CO    -       CI->CO F     ADDFXL         1  2.4    24    40    2382    (-,-) 
  picorv32_core_genblk1.pcpi_mul_mul_2371_47_cdnfadd44/CO    -       CI->CO F     ADDFXL         1  2.4    24    40    2422    (-,-) 
  picorv32_core_genblk1.pcpi_mul_mul_2371_47_cdnfadd45/CO    -       CI->CO F     ADDFXL         1  2.4    24    40    2462    (-,-) 
  picorv32_core_genblk1.pcpi_mul_mul_2371_47_cdnfadd46/CO    -       CI->CO F     ADDFXL         1  2.4    24    40    2503    (-,-) 
  picorv32_core_genblk1.pcpi_mul_mul_2371_47_cdnfadd47/CO    -       CI->CO F     ADDFXL         1  2.4    24    40    2543    (-,-) 
  picorv32_core_genblk1.pcpi_mul_mul_2371_47_cdnfadd48/CO    -       CI->CO F     ADDFXL         1  2.4    24    40    2583    (-,-) 
  picorv32_core_genblk1.pcpi_mul_mul_2371_47_cdnfadd49/CO    -       CI->CO F     ADDFXL         1  2.4    24    40    2624    (-,-) 
  picorv32_core_genblk1.pcpi_mul_mul_2371_47_cdnfadd50/CO    -       CI->CO F     ADDFXL         1  2.4    24    40    2664    (-,-) 
  picorv32_core_genblk1.pcpi_mul_mul_2371_47_cdnfadd51/CO    -       CI->CO F     ADDFXL         1  2.4    24    40    2704    (-,-) 
  picorv32_core_genblk1.pcpi_mul_mul_2371_47_cdnfadd52/CO    -       CI->CO F     ADDFXL         1  2.4    24    40    2745    (-,-) 
  picorv32_core_genblk1.pcpi_mul_mul_2371_47_cdnfadd53/CO    -       CI->CO F     ADDFXL         1  2.4    24    40    2785    (-,-) 
  picorv32_core_genblk1.pcpi_mul_mul_2371_47_cdnfadd54/CO    -       CI->CO F     ADDFXL         1  2.4    24    40    2825    (-,-) 
  picorv32_core_genblk1.pcpi_mul_mul_2371_47_cdnfadd55/CO    -       CI->CO F     ADDFXL         1  2.4    24    40    2866    (-,-) 
  picorv32_core_genblk1.pcpi_mul_mul_2371_47_cdnfadd56/CO    -       CI->CO F     ADDFXL         1  2.4    24    40    2906    (-,-) 
  picorv32_core_genblk1.pcpi_mul_mul_2371_47_cdnfadd57/CO    -       CI->CO F     ADDFXL         1  2.4    24    40    2946    (-,-) 
  picorv32_core_genblk1.pcpi_mul_mul_2371_47_cdnfadd58/CO    -       CI->CO F     ADDFXL         1  2.4    24    40    2986    (-,-) 
  picorv32_core_genblk1.pcpi_mul_mul_2371_47_cdnfadd59/CO    -       CI->CO F     ADDFXL         1  2.4    24    40    3027    (-,-) 
  picorv32_core_genblk1.pcpi_mul_mul_2371_47_cdnfadd60/CO    -       CI->CO F     ADDFXL         1  2.4    24    40    3067    (-,-) 
  picorv32_core_genblk1.pcpi_mul_mul_2371_47_cdnfadd61/CO    -       CI->CO F     ADDFXL         1  2.4    24    40    3107    (-,-) 
  picorv32_core_genblk1.pcpi_mul_mul_2371_47_cdnfadd62/CO    -       CI->CO F     ADDFXL         1  2.3    23    40    3147    (-,-) 
  picorv32_core_genblk1.pcpi_mul_mul_2371_47_g14243/Y        -       C->Y   R     XNOR3XL        1  1.9    22    33    3180    (-,-) 
  picorv32_core_genblk1.pcpi_mul_rd_reg[63]/D                <<<     -      R     DFFQXL         1    -     -     0    3180    (-,-) 
#------------------------------------------------------------------------------------------------------------------------------------

