###############################################################
#  Generated by:      Cadence Innovus 21.35-s114_1
#  OS:                Linux x86_64(Host ID cn89.it.auth.gr)
#  Generated on:      Thu Nov 27 15:50:55 2025
#  Design:            picorv32_wb
#  Command:           report_timing -path_group reg2out -check_type setup -max_paths 50 > reports/preCTS/setup_reg2out.rpt
###############################################################
Path 1: MET Late External Delay Assertion 
Endpoint:   pcpi_rs2[1]                    (v) checked with  leading edge of 
'clk'
Beginpoint: picorv32_core_reg_op2_reg[1]/Q (v) triggered by  leading edge of 
'clk'
Path Groups: {reg2out}
Analysis View: analysis1
Other End Arrival Time          0.000
- External Delay                0.500
+ Phase Shift                   4.000
- Uncertainty                   0.020
= Required Time                 3.480
- Arrival Time                  0.427
= Slack Time                    3.053
     Clock Rise Edge                 0.000
     + Clock Network Latency (Ideal) 0.000
     = Beginpoint Arrival Time       0.000
     +--------------------------------------------------------------------------------------+ 
     |           Instance           |      Arc      |   Cell   | Delay | Arrival | Required | 
     |                              |               |          |       |  Time   |   Time   | 
     |------------------------------+---------------+----------+-------+---------+----------| 
     | picorv32_core_reg_op2_reg[1] | CK ^          |          |       |   0.000 |    3.053 | 
     | picorv32_core_reg_op2_reg[1] | CK ^ -> Q v   | DFFHQX1  | 0.113 |   0.113 |    3.166 | 
     | FE_OFC376_pcpi_rs2_1         | A v -> Y v    | BUFX2    | 0.088 |   0.201 |    3.255 | 
     | FE_OFC377_pcpi_rs2_1         | A v -> Y ^    | INVXL    | 0.067 |   0.268 |    3.321 | 
     | FE_OFC623_pcpi_rs2_1         | A ^ -> Y v    | CLKINVX8 | 0.146 |   0.414 |    3.467 | 
     |                              | pcpi_rs2[1] v |          | 0.013 |   0.427 |    3.480 | 
     +--------------------------------------------------------------------------------------+ 
Path 2: MET Late External Delay Assertion 
Endpoint:   pcpi_rs2[0]                    (v) checked with  leading edge of 
'clk'
Beginpoint: picorv32_core_reg_op2_reg[0]/Q (v) triggered by  leading edge of 
'clk'
Path Groups: {reg2out}
Analysis View: analysis1
Other End Arrival Time          0.000
- External Delay                0.500
+ Phase Shift                   4.000
- Uncertainty                   0.020
= Required Time                 3.480
- Arrival Time                  0.405
= Slack Time                    3.075
     Clock Rise Edge                 0.000
     + Clock Network Latency (Ideal) 0.000
     = Beginpoint Arrival Time       0.000
     +----------------------------------------------------------------------------------------+ 
     |            Instance            |      Arc      |   Cell   | Delay | Arrival | Required | 
     |                                |               |          |       |  Time   |   Time   | 
     |--------------------------------+---------------+----------+-------+---------+----------| 
     | picorv32_core_reg_op2_reg[0]   | CK ^          |          |       |   0.000 |    3.075 | 
     | picorv32_core_reg_op2_reg[0]   | CK ^ -> Q v   | DFFX1    | 0.043 |   0.043 |    3.118 | 
     | FE_OFC380_pcpi_rs2_0           | A v -> Y v    | BUFX2    | 0.043 |   0.086 |    3.161 | 
     | FE_OFC734_FE_OFN381_pcpi_rs2_0 | A v -> Y v    | BUFX2    | 0.103 |   0.189 |    3.264 | 
     | FE_OFC678_pcpi_rs2_0           | A v -> Y ^    | INVX1    | 0.063 |   0.252 |    3.327 | 
     | FE_OFC625_pcpi_rs2_0           | A ^ -> Y v    | CLKINVX8 | 0.144 |   0.397 |    3.471 | 
     |                                | pcpi_rs2[0] v |          | 0.009 |   0.405 |    3.480 | 
     +----------------------------------------------------------------------------------------+ 
Path 3: MET Late External Delay Assertion 
Endpoint:   pcpi_rs2[30]                    (v) checked with  leading edge of 
'clk'
Beginpoint: picorv32_core_reg_op2_reg[30]/Q (v) triggered by  leading edge of 
'clk'
Path Groups: {reg2out}
Analysis View: analysis1
Other End Arrival Time          0.000
- External Delay                0.500
+ Phase Shift                   4.000
- Uncertainty                   0.020
= Required Time                 3.480
- Arrival Time                  0.343
= Slack Time                    3.137
     Clock Rise Edge                 0.000
     + Clock Network Latency (Ideal) 0.000
     = Beginpoint Arrival Time       0.000
     +------------------------------------------------------------------------------------------------------------+ 
     |                     Instance                      |      Arc       |   Cell   | Delay | Arrival | Required | 
     |                                                   |                |          |       |  Time   |   Time   | 
     |---------------------------------------------------+----------------+----------+-------+---------+----------| 
     | picorv32_core_reg_op2_reg[30]                     | CK ^           |          |       |   0.000 |    3.137 | 
     | picorv32_core_reg_op2_reg[30]                     | CK ^ -> Q v    | DFFHQX1  | 0.119 |   0.119 |    3.256 | 
     | picorv32_core_genblk2.pcpi_div_minus_2475_59_g560 | A v -> Y ^     | INVX1    | 0.059 |   0.179 |    3.315 | 
     | FE_OFC290_pcpi_rs2_30                             | A ^ -> Y v     | CLKINVX8 | 0.013 |   0.192 |    3.328 | 
     | FE_OFC14846_pcpi_rs2_30                           | A v -> Y v     | BUFX8    | 0.137 |   0.329 |    3.465 | 
     |                                                   | pcpi_rs2[30] v |          | 0.015 |   0.343 |    3.480 | 
     +------------------------------------------------------------------------------------------------------------+ 
Path 4: MET Late External Delay Assertion 
Endpoint:   pcpi_rs2[20]                    (v) checked with  leading edge of 
'clk'
Beginpoint: picorv32_core_reg_op2_reg[20]/Q (v) triggered by  leading edge of 
'clk'
Path Groups: {reg2out}
Analysis View: analysis1
Other End Arrival Time          0.000
- External Delay                0.500
+ Phase Shift                   4.000
- Uncertainty                   0.020
= Required Time                 3.480
- Arrival Time                  0.339
= Slack Time                    3.141
     Clock Rise Edge                 0.000
     + Clock Network Latency (Ideal) 0.000
     = Beginpoint Arrival Time       0.000
     +----------------------------------------------------------------------------------------+ 
     |           Instance            |      Arc       |   Cell   | Delay | Arrival | Required | 
     |                               |                |          |       |  Time   |   Time   | 
     |-------------------------------+----------------+----------+-------+---------+----------| 
     | picorv32_core_reg_op2_reg[20] | CK ^           |          |       |   0.000 |    3.141 | 
     | picorv32_core_reg_op2_reg[20] | CK ^ -> Q v    | DFFHQX1  | 0.123 |   0.123 |    3.264 | 
     | FE_OFC322_pcpi_rs2_20         | A v -> Y ^     | INVX1    | 0.061 |   0.184 |    3.324 | 
     | FE_OFC596_pcpi_rs2_20         | A ^ -> Y v     | CLKINVX8 | 0.138 |   0.322 |    3.463 | 
     |                               | pcpi_rs2[20] v |          | 0.017 |   0.339 |    3.480 | 
     +----------------------------------------------------------------------------------------+ 
Path 5: MET Late External Delay Assertion 
Endpoint:   pcpi_rs2[7]                    (v) checked with  leading edge of 
'clk'
Beginpoint: picorv32_core_reg_op2_reg[7]/Q (v) triggered by  leading edge of 
'clk'
Path Groups: {reg2out}
Analysis View: analysis1
Other End Arrival Time          0.000
- External Delay                0.500
+ Phase Shift                   4.000
- Uncertainty                   0.020
= Required Time                 3.480
- Arrival Time                  0.339
= Slack Time                    3.141
     Clock Rise Edge                 0.000
     + Clock Network Latency (Ideal) 0.000
     = Beginpoint Arrival Time       0.000
     +--------------------------------------------------------------------------------------+ 
     |           Instance           |      Arc      |   Cell   | Delay | Arrival | Required | 
     |                              |               |          |       |  Time   |   Time   | 
     |------------------------------+---------------+----------+-------+---------+----------| 
     | picorv32_core_reg_op2_reg[7] | CK ^          |          |       |   0.000 |    3.141 | 
     | picorv32_core_reg_op2_reg[7] | CK ^ -> Q v   | DFFHQX1  | 0.128 |   0.128 |    3.268 | 
     | FE_OFC705_pcpi_rs2_7         | A v -> Y ^    | INVX1    | 0.058 |   0.186 |    3.326 | 
     | FE_OFC615_pcpi_rs2_7         | A ^ -> Y v    | CLKINVX8 | 0.140 |   0.326 |    3.467 | 
     |                              | pcpi_rs2[7] v |          | 0.014 |   0.339 |    3.480 | 
     +--------------------------------------------------------------------------------------+ 
Path 6: MET Late External Delay Assertion 
Endpoint:   pcpi_rs2[29]                    (v) checked with  leading edge of 
'clk'
Beginpoint: picorv32_core_reg_op2_reg[29]/Q (v) triggered by  leading edge of 
'clk'
Path Groups: {reg2out}
Analysis View: analysis1
Other End Arrival Time          0.000
- External Delay                0.500
+ Phase Shift                   4.000
- Uncertainty                   0.020
= Required Time                 3.480
- Arrival Time                  0.338
= Slack Time                    3.142
     Clock Rise Edge                 0.000
     + Clock Network Latency (Ideal) 0.000
     = Beginpoint Arrival Time       0.000
     +----------------------------------------------------------------------------------------+ 
     |           Instance            |      Arc       |   Cell   | Delay | Arrival | Required | 
     |                               |                |          |       |  Time   |   Time   | 
     |-------------------------------+----------------+----------+-------+---------+----------| 
     | picorv32_core_reg_op2_reg[29] | CK ^           |          |       |   0.000 |    3.142 | 
     | picorv32_core_reg_op2_reg[29] | CK ^ -> Q v    | DFFHQX1  | 0.123 |   0.123 |    3.266 | 
     | FE_OFC291_pcpi_rs2_29         | A v -> Y ^     | INVX1    | 0.060 |   0.183 |    3.326 | 
     | FE_OFC585_pcpi_rs2_29         | A ^ -> Y v     | CLKINVX8 | 0.141 |   0.325 |    3.467 | 
     |                               | pcpi_rs2[29] v |          | 0.013 |   0.338 |    3.480 | 
     +----------------------------------------------------------------------------------------+ 
Path 7: MET Late External Delay Assertion 
Endpoint:   pcpi_rs2[24]                    (v) checked with  leading edge of 
'clk'
Beginpoint: picorv32_core_reg_op2_reg[24]/Q (v) triggered by  leading edge of 
'clk'
Path Groups: {reg2out}
Analysis View: analysis1
Other End Arrival Time          0.000
- External Delay                0.500
+ Phase Shift                   4.000
- Uncertainty                   0.020
= Required Time                 3.480
- Arrival Time                  0.336
= Slack Time                    3.144
     Clock Rise Edge                 0.000
     + Clock Network Latency (Ideal) 0.000
     = Beginpoint Arrival Time       0.000
     +----------------------------------------------------------------------------------------+ 
     |           Instance            |      Arc       |   Cell   | Delay | Arrival | Required | 
     |                               |                |          |       |  Time   |   Time   | 
     |-------------------------------+----------------+----------+-------+---------+----------| 
     | picorv32_core_reg_op2_reg[24] | CK ^           |          |       |   0.000 |    3.144 | 
     | picorv32_core_reg_op2_reg[24] | CK ^ -> Q v    | DFFHQX1  | 0.124 |   0.124 |    3.268 | 
     | FE_OFC311_pcpi_rs2_24         | A v -> Y ^     | INVX1    | 0.059 |   0.182 |    3.326 | 
     | FE_OFC591_pcpi_rs2_24         | A ^ -> Y v     | CLKINVX8 | 0.141 |   0.323 |    3.467 | 
     |                               | pcpi_rs2[24] v |          | 0.013 |   0.336 |    3.480 | 
     +----------------------------------------------------------------------------------------+ 
Path 8: MET Late External Delay Assertion 
Endpoint:   pcpi_rs2[17]                    (v) checked with  leading edge of 
'clk'
Beginpoint: picorv32_core_reg_op2_reg[17]/Q (v) triggered by  leading edge of 
'clk'
Path Groups: {reg2out}
Analysis View: analysis1
Other End Arrival Time          0.000
- External Delay                0.500
+ Phase Shift                   4.000
- Uncertainty                   0.020
= Required Time                 3.480
- Arrival Time                  0.336
= Slack Time                    3.144
     Clock Rise Edge                 0.000
     + Clock Network Latency (Ideal) 0.000
     = Beginpoint Arrival Time       0.000
     +----------------------------------------------------------------------------------------+ 
     |           Instance            |      Arc       |   Cell   | Delay | Arrival | Required | 
     |                               |                |          |       |  Time   |   Time   | 
     |-------------------------------+----------------+----------+-------+---------+----------| 
     | picorv32_core_reg_op2_reg[17] | CK ^           |          |       |   0.000 |    3.144 | 
     | picorv32_core_reg_op2_reg[17] | CK ^ -> Q v    | DFFHQX1  | 0.124 |   0.124 |    3.268 | 
     | FE_OFC329_pcpi_rs2_17         | A v -> Y ^     | INVX1    | 0.057 |   0.181 |    3.325 | 
     | FE_OFC601_pcpi_rs2_17         | A ^ -> Y v     | CLKINVX8 | 0.137 |   0.318 |    3.462 | 
     |                               | pcpi_rs2[17] v |          | 0.018 |   0.336 |    3.480 | 
     +----------------------------------------------------------------------------------------+ 
Path 9: MET Late External Delay Assertion 
Endpoint:   pcpi_rs2[26]                    (v) checked with  leading edge of 
'clk'
Beginpoint: picorv32_core_reg_op2_reg[26]/Q (v) triggered by  leading edge of 
'clk'
Path Groups: {reg2out}
Analysis View: analysis1
Other End Arrival Time          0.000
- External Delay                0.500
+ Phase Shift                   4.000
- Uncertainty                   0.020
= Required Time                 3.480
- Arrival Time                  0.335
= Slack Time                    3.145
     Clock Rise Edge                 0.000
     + Clock Network Latency (Ideal) 0.000
     = Beginpoint Arrival Time       0.000
     +----------------------------------------------------------------------------------------+ 
     |           Instance            |      Arc       |   Cell   | Delay | Arrival | Required | 
     |                               |                |          |       |  Time   |   Time   | 
     |-------------------------------+----------------+----------+-------+---------+----------| 
     | picorv32_core_reg_op2_reg[26] | CK ^           |          |       |   0.000 |    3.145 | 
     | picorv32_core_reg_op2_reg[26] | CK ^ -> Q v    | DFFHQX1  | 0.125 |   0.125 |    3.271 | 
     | FE_OFC304_pcpi_rs2_26         | A v -> Y ^     | INVX1    | 0.058 |   0.183 |    3.328 | 
     | FE_OFC305_pcpi_rs2_26         | A ^ -> Y v     | CLKINVX8 | 0.139 |   0.322 |    3.467 | 
     |                               | pcpi_rs2[26] v |          | 0.013 |   0.335 |    3.480 | 
     +----------------------------------------------------------------------------------------+ 
Path 10: MET Late External Delay Assertion 
Endpoint:   pcpi_rs2[15]                    (v) checked with  leading edge of 
'clk'
Beginpoint: picorv32_core_reg_op2_reg[15]/Q (v) triggered by  leading edge of 
'clk'
Path Groups: {reg2out}
Analysis View: analysis1
Other End Arrival Time          0.000
- External Delay                0.500
+ Phase Shift                   4.000
- Uncertainty                   0.020
= Required Time                 3.480
- Arrival Time                  0.334
= Slack Time                    3.146
     Clock Rise Edge                 0.000
     + Clock Network Latency (Ideal) 0.000
     = Beginpoint Arrival Time       0.000
     +----------------------------------------------------------------------------------------+ 
     |           Instance            |      Arc       |   Cell   | Delay | Arrival | Required | 
     |                               |                |          |       |  Time   |   Time   | 
     |-------------------------------+----------------+----------+-------+---------+----------| 
     | picorv32_core_reg_op2_reg[15] | CK ^           |          |       |   0.000 |    3.146 | 
     | picorv32_core_reg_op2_reg[15] | CK ^ -> Q v    | DFFHQX1  | 0.125 |   0.125 |    3.271 | 
     | FE_OFC333_pcpi_rs2_15         | A v -> Y ^     | INVX1    | 0.056 |   0.182 |    3.328 | 
     | FE_OFC605_pcpi_rs2_15         | A ^ -> Y v     | CLKINVX8 | 0.139 |   0.321 |    3.467 | 
     |                               | pcpi_rs2[15] v |          | 0.013 |   0.334 |    3.480 | 
     +----------------------------------------------------------------------------------------+ 
Path 11: MET Late External Delay Assertion 
Endpoint:   pcpi_rs2[19]                    (v) checked with  leading edge of 
'clk'
Beginpoint: picorv32_core_reg_op2_reg[19]/Q (v) triggered by  leading edge of 
'clk'
Path Groups: {reg2out}
Analysis View: analysis1
Other End Arrival Time          0.000
- External Delay                0.500
+ Phase Shift                   4.000
- Uncertainty                   0.020
= Required Time                 3.480
- Arrival Time                  0.333
= Slack Time                    3.147
     Clock Rise Edge                 0.000
     + Clock Network Latency (Ideal) 0.000
     = Beginpoint Arrival Time       0.000
     +----------------------------------------------------------------------------------------+ 
     |           Instance            |      Arc       |   Cell   | Delay | Arrival | Required | 
     |                               |                |          |       |  Time   |   Time   | 
     |-------------------------------+----------------+----------+-------+---------+----------| 
     | picorv32_core_reg_op2_reg[19] | CK ^           |          |       |   0.000 |    3.147 | 
     | picorv32_core_reg_op2_reg[19] | CK ^ -> Q v    | DFFHQX1  | 0.089 |   0.089 |    3.236 | 
     | FE_OFC324_pcpi_rs2_19         | A v -> Y ^     | INVXL    | 0.078 |   0.167 |    3.314 | 
     | FE_OFC598_pcpi_rs2_19         | A ^ -> Y v     | CLKINVX8 | 0.153 |   0.320 |    3.467 | 
     |                               | pcpi_rs2[19] v |          | 0.013 |   0.333 |    3.480 | 
     +----------------------------------------------------------------------------------------+ 
Path 12: MET Late External Delay Assertion 
Endpoint:   pcpi_rs2[9]                    (v) checked with  leading edge of 
'clk'
Beginpoint: picorv32_core_reg_op2_reg[9]/Q (v) triggered by  leading edge of 
'clk'
Path Groups: {reg2out}
Analysis View: analysis1
Other End Arrival Time          0.000
- External Delay                0.500
+ Phase Shift                   4.000
- Uncertainty                   0.020
= Required Time                 3.480
- Arrival Time                  0.331
= Slack Time                    3.149
     Clock Rise Edge                 0.000
     + Clock Network Latency (Ideal) 0.000
     = Beginpoint Arrival Time       0.000
     +--------------------------------------------------------------------------------------+ 
     |           Instance           |      Arc      |   Cell   | Delay | Arrival | Required | 
     |                              |               |          |       |  Time   |   Time   | 
     |------------------------------+---------------+----------+-------+---------+----------| 
     | picorv32_core_reg_op2_reg[9] | CK ^          |          |       |   0.000 |    3.149 | 
     | picorv32_core_reg_op2_reg[9] | CK ^ -> Q v   | DFFHQX1  | 0.126 |   0.126 |    3.276 | 
     | FE_OFC611_pcpi_rs2_9         | A v -> Y ^    | INVX1    | 0.053 |   0.179 |    3.329 | 
     | FE_OFC612_pcpi_rs2_9         | A ^ -> Y v    | CLKINVX8 | 0.134 |   0.313 |    3.462 | 
     |                              | pcpi_rs2[9] v |          | 0.018 |   0.331 |    3.480 | 
     +--------------------------------------------------------------------------------------+ 
Path 13: MET Late External Delay Assertion 
Endpoint:   pcpi_rs2[6]                    (v) checked with  leading edge of 
'clk'
Beginpoint: picorv32_core_reg_op2_reg[6]/Q (v) triggered by  leading edge of 
'clk'
Path Groups: {reg2out}
Analysis View: analysis1
Other End Arrival Time          0.000
- External Delay                0.500
+ Phase Shift                   4.000
- Uncertainty                   0.020
= Required Time                 3.480
- Arrival Time                  0.329
= Slack Time                    3.151
     Clock Rise Edge                 0.000
     + Clock Network Latency (Ideal) 0.000
     = Beginpoint Arrival Time       0.000
     +--------------------------------------------------------------------------------------+ 
     |           Instance           |      Arc      |   Cell   | Delay | Arrival | Required | 
     |                              |               |          |       |  Time   |   Time   | 
     |------------------------------+---------------+----------+-------+---------+----------| 
     | picorv32_core_reg_op2_reg[6] | CK ^          |          |       |   0.000 |    3.151 | 
     | picorv32_core_reg_op2_reg[6] | CK ^ -> Q v   | DFFHQX1  | 0.112 |   0.112 |    3.262 | 
     | FE_OFC360_pcpi_rs2_6         | A v -> Y ^    | INVXL    | 0.064 |   0.175 |    3.326 | 
     | FE_OFC617_pcpi_rs2_6         | A ^ -> Y v    | CLKINVX8 | 0.143 |   0.318 |    3.469 | 
     |                              | pcpi_rs2[6] v |          | 0.011 |   0.329 |    3.480 | 
     +--------------------------------------------------------------------------------------+ 
Path 14: MET Late External Delay Assertion 
Endpoint:   pcpi_rs2[10]                    (v) checked with  leading edge of 
'clk'
Beginpoint: picorv32_core_reg_op2_reg[10]/Q (v) triggered by  leading edge of 
'clk'
Path Groups: {reg2out}
Analysis View: analysis1
Other End Arrival Time          0.000
- External Delay                0.500
+ Phase Shift                   4.000
- Uncertainty                   0.020
= Required Time                 3.480
- Arrival Time                  0.329
= Slack Time                    3.151
     Clock Rise Edge                 0.000
     + Clock Network Latency (Ideal) 0.000
     = Beginpoint Arrival Time       0.000
     +----------------------------------------------------------------------------------------+ 
     |           Instance            |      Arc       |   Cell   | Delay | Arrival | Required | 
     |                               |                |          |       |  Time   |   Time   | 
     |-------------------------------+----------------+----------+-------+---------+----------| 
     | picorv32_core_reg_op2_reg[10] | CK ^           |          |       |   0.000 |    3.151 | 
     | picorv32_core_reg_op2_reg[10] | CK ^ -> Q v    | DFFHQX1  | 0.123 |   0.123 |    3.274 | 
     | FE_OFC348_pcpi_rs2_10         | A v -> Y ^     | INVX1    | 0.054 |   0.177 |    3.328 | 
     | FE_OFC610_pcpi_rs2_10         | A ^ -> Y v     | CLKINVX8 | 0.135 |   0.312 |    3.462 | 
     |                               | pcpi_rs2[10] v |          | 0.018 |   0.329 |    3.480 | 
     +----------------------------------------------------------------------------------------+ 
Path 15: MET Late External Delay Assertion 
Endpoint:   pcpi_rs2[16]                    (v) checked with  leading edge of 
'clk'
Beginpoint: picorv32_core_reg_op2_reg[16]/Q (v) triggered by  leading edge of 
'clk'
Path Groups: {reg2out}
Analysis View: analysis1
Other End Arrival Time          0.000
- External Delay                0.500
+ Phase Shift                   4.000
- Uncertainty                   0.020
= Required Time                 3.480
- Arrival Time                  0.329
= Slack Time                    3.151
     Clock Rise Edge                 0.000
     + Clock Network Latency (Ideal) 0.000
     = Beginpoint Arrival Time       0.000
     +----------------------------------------------------------------------------------------+ 
     |           Instance            |      Arc       |   Cell   | Delay | Arrival | Required | 
     |                               |                |          |       |  Time   |   Time   | 
     |-------------------------------+----------------+----------+-------+---------+----------| 
     | picorv32_core_reg_op2_reg[16] | CK ^           |          |       |   0.000 |    3.151 | 
     | picorv32_core_reg_op2_reg[16] | CK ^ -> Q v    | DFFHQX1  | 0.122 |   0.122 |    3.273 | 
     | FE_OFC331_pcpi_rs2_16         | A v -> Y ^     | INVX1    | 0.055 |   0.176 |    3.328 | 
     | FE_OFC603_pcpi_rs2_16         | A ^ -> Y v     | CLKINVX8 | 0.139 |   0.315 |    3.467 | 
     |                               | pcpi_rs2[16] v |          | 0.013 |   0.329 |    3.480 | 
     +----------------------------------------------------------------------------------------+ 
Path 16: MET Late External Delay Assertion 
Endpoint:   pcpi_rs2[12]                    (v) checked with  leading edge of 
'clk'
Beginpoint: picorv32_core_reg_op2_reg[12]/Q (v) triggered by  leading edge of 
'clk'
Path Groups: {reg2out}
Analysis View: analysis1
Other End Arrival Time          0.000
- External Delay                0.500
+ Phase Shift                   4.000
- Uncertainty                   0.020
= Required Time                 3.480
- Arrival Time                  0.324
= Slack Time                    3.156
     Clock Rise Edge                 0.000
     + Clock Network Latency (Ideal) 0.000
     = Beginpoint Arrival Time       0.000
     +----------------------------------------------------------------------------------------+ 
     |           Instance            |      Arc       |   Cell   | Delay | Arrival | Required | 
     |                               |                |          |       |  Time   |   Time   | 
     |-------------------------------+----------------+----------+-------+---------+----------| 
     | picorv32_core_reg_op2_reg[12] | CK ^           |          |       |   0.000 |    3.156 | 
     | picorv32_core_reg_op2_reg[12] | CK ^ -> Q v    | DFFHQX1  | 0.122 |   0.122 |    3.279 | 
     | FE_OFC342_pcpi_rs2_12         | A v -> Y ^     | INVX1    | 0.051 |   0.174 |    3.330 | 
     | FE_OFC343_pcpi_rs2_12         | A ^ -> Y v     | CLKINVX8 | 0.137 |   0.311 |    3.467 | 
     |                               | pcpi_rs2[12] v |          | 0.013 |   0.324 |    3.480 | 
     +----------------------------------------------------------------------------------------+ 
Path 17: MET Late External Delay Assertion 
Endpoint:   pcpi_rs1[12]                    (v) checked with  leading edge of 
'clk'
Beginpoint: picorv32_core_reg_op1_reg[12]/Q (v) triggered by  leading edge of 
'clk'
Path Groups: {reg2out}
Analysis View: analysis1
Other End Arrival Time          0.000
- External Delay                0.500
+ Phase Shift                   4.000
- Uncertainty                   0.020
= Required Time                 3.480
- Arrival Time                  0.324
= Slack Time                    3.156
     Clock Rise Edge                 0.000
     + Clock Network Latency (Ideal) 0.000
     = Beginpoint Arrival Time       0.000
     +----------------------------------------------------------------------------------------+ 
     |           Instance            |      Arc       |   Cell   | Delay | Arrival | Required | 
     |                               |                |          |       |  Time   |   Time   | 
     |-------------------------------+----------------+----------+-------+---------+----------| 
     | picorv32_core_reg_op1_reg[12] | CK ^           |          |       |   0.000 |    3.156 | 
     | picorv32_core_reg_op1_reg[12] | CK ^ -> Q v    | DFFX1    | 0.074 |   0.074 |    3.231 | 
     | FE_OFC246_pcpi_rs1_12         | A v -> Y ^     | INVXL    | 0.020 |   0.094 |    3.250 | 
     | FE_OFC247_pcpi_rs1_12         | A ^ -> Y v     | INVXL    | 0.050 |   0.144 |    3.301 | 
     | FE_OFC569_pcpi_rs1_12         | A v -> Y ^     | INVX1    | 0.033 |   0.177 |    3.333 | 
     | FE_OFC570_pcpi_rs1_12         | A ^ -> Y v     | CLKINVX8 | 0.133 |   0.310 |    3.467 | 
     |                               | pcpi_rs1[12] v |          | 0.013 |   0.324 |    3.480 | 
     +----------------------------------------------------------------------------------------+ 
Path 18: MET Late External Delay Assertion 
Endpoint:   pcpi_rs2[4]                    (v) checked with  leading edge of 
'clk'
Beginpoint: picorv32_core_reg_op2_reg[4]/Q (v) triggered by  leading edge of 
'clk'
Path Groups: {reg2out}
Analysis View: analysis1
Other End Arrival Time          0.000
- External Delay                0.500
+ Phase Shift                   4.000
- Uncertainty                   0.020
= Required Time                 3.480
- Arrival Time                  0.324
= Slack Time                    3.156
     Clock Rise Edge                 0.000
     + Clock Network Latency (Ideal) 0.000
     = Beginpoint Arrival Time       0.000
     +--------------------------------------------------------------------------------------+ 
     |           Instance           |      Arc      |   Cell   | Delay | Arrival | Required | 
     |                              |               |          |       |  Time   |   Time   | 
     |------------------------------+---------------+----------+-------+---------+----------| 
     | picorv32_core_reg_op2_reg[4] | CK ^          |          |       |   0.000 |    3.156 | 
     | picorv32_core_reg_op2_reg[4] | CK ^ -> Q v   | DFFHQX1  | 0.109 |   0.109 |    3.266 | 
     | FE_OFC712_pcpi_rs2_4         | A v -> Y ^    | INVX1    | 0.058 |   0.168 |    3.324 | 
     | FE_OFC619_pcpi_rs2_4         | A ^ -> Y v    | CLKINVX8 | 0.143 |   0.310 |    3.467 | 
     |                              | pcpi_rs2[4] v |          | 0.013 |   0.324 |    3.480 | 
     +--------------------------------------------------------------------------------------+ 
Path 19: MET Late External Delay Assertion 
Endpoint:   pcpi_rs2[2]                    (v) checked with  leading edge of 
'clk'
Beginpoint: picorv32_core_reg_op2_reg[2]/Q (v) triggered by  leading edge of 
'clk'
Path Groups: {reg2out}
Analysis View: analysis1
Other End Arrival Time          0.000
- External Delay                0.500
+ Phase Shift                   4.000
- Uncertainty                   0.020
= Required Time                 3.480
- Arrival Time                  0.320
= Slack Time                    3.160
     Clock Rise Edge                 0.000
     + Clock Network Latency (Ideal) 0.000
     = Beginpoint Arrival Time       0.000
     +--------------------------------------------------------------------------------------+ 
     |           Instance           |      Arc      |   Cell   | Delay | Arrival | Required | 
     |                              |               |          |       |  Time   |   Time   | 
     |------------------------------+---------------+----------+-------+---------+----------| 
     | picorv32_core_reg_op2_reg[2] | CK ^          |          |       |   0.000 |    3.160 | 
     | picorv32_core_reg_op2_reg[2] | CK ^ -> Q v   | DFFHQX1  | 0.045 |   0.045 |    3.205 | 
     | FE_OFC710_pcpi_rs2_2         | A v -> Y v    | BUFX2    | 0.098 |   0.143 |    3.303 | 
     | FE_OFC621_pcpi_rs2_2         | A v -> Y v    | CLKBUFX8 | 0.166 |   0.309 |    3.470 | 
     |                              | pcpi_rs2[2] v |          | 0.010 |   0.320 |    3.480 | 
     +--------------------------------------------------------------------------------------+ 
Path 20: MET Late External Delay Assertion 
Endpoint:   pcpi_rs2[27]                    (v) checked with  leading edge of 
'clk'
Beginpoint: picorv32_core_reg_op2_reg[27]/Q (v) triggered by  leading edge of 
'clk'
Path Groups: {reg2out}
Analysis View: analysis1
Other End Arrival Time          0.000
- External Delay                0.500
+ Phase Shift                   4.000
- Uncertainty                   0.020
= Required Time                 3.480
- Arrival Time                  0.319
= Slack Time                    3.161
     Clock Rise Edge                 0.000
     + Clock Network Latency (Ideal) 0.000
     = Beginpoint Arrival Time       0.000
     +----------------------------------------------------------------------------------------+ 
     |           Instance            |      Arc       |   Cell   | Delay | Arrival | Required | 
     |                               |                |          |       |  Time   |   Time   | 
     |-------------------------------+----------------+----------+-------+---------+----------| 
     | picorv32_core_reg_op2_reg[27] | CK ^           |          |       |   0.000 |    3.161 | 
     | picorv32_core_reg_op2_reg[27] | CK ^ -> Q v    | DFFHQX1  | 0.088 |   0.088 |    3.249 | 
     | FE_OFC297_pcpi_rs2_27         | A v -> Y ^     | INVXL    | 0.070 |   0.158 |    3.319 | 
     | FE_OFC588_pcpi_rs2_27         | A ^ -> Y v     | CLKINVX8 | 0.152 |   0.310 |    3.471 | 
     |                               | pcpi_rs2[27] v |          | 0.009 |   0.319 |    3.480 | 
     +----------------------------------------------------------------------------------------+ 
Path 21: MET Late External Delay Assertion 
Endpoint:   pcpi_rs1[6]                    (v) checked with  leading edge of 
'clk'
Beginpoint: picorv32_core_reg_op1_reg[6]/Q (v) triggered by  leading edge of 
'clk'
Path Groups: {reg2out}
Analysis View: analysis1
Other End Arrival Time          0.000
- External Delay                0.500
+ Phase Shift                   4.000
- Uncertainty                   0.020
= Required Time                 3.480
- Arrival Time                  0.315
= Slack Time                    3.165
     Clock Rise Edge                 0.000
     + Clock Network Latency (Ideal) 0.000
     = Beginpoint Arrival Time       0.000
     +--------------------------------------------------------------------------------------+ 
     |           Instance           |      Arc      |   Cell   | Delay | Arrival | Required | 
     |                              |               |          |       |  Time   |   Time   | 
     |------------------------------+---------------+----------+-------+---------+----------| 
     | picorv32_core_reg_op1_reg[6] | CK ^          |          |       |   0.000 |    3.165 | 
     | picorv32_core_reg_op1_reg[6] | CK ^ -> Q v   | DFFX1    | 0.103 |   0.103 |    3.268 | 
     | FE_OFC264_pcpi_rs1_6         | A v -> Y ^    | INVXL    | 0.057 |   0.160 |    3.325 | 
     | FE_OFC575_pcpi_rs1_6         | A ^ -> Y v    | CLKINVX8 | 0.137 |   0.298 |    3.463 | 
     |                              | pcpi_rs1[6] v |          | 0.018 |   0.315 |    3.480 | 
     +--------------------------------------------------------------------------------------+ 
Path 22: MET Late External Delay Assertion 
Endpoint:   pcpi_rs1[4]                    (v) checked with  leading edge of 
'clk'
Beginpoint: picorv32_core_reg_op1_reg[4]/Q (v) triggered by  leading edge of 
'clk'
Path Groups: {reg2out}
Analysis View: analysis1
Other End Arrival Time          0.000
- External Delay                0.500
+ Phase Shift                   4.000
- Uncertainty                   0.020
= Required Time                 3.480
- Arrival Time                  0.315
= Slack Time                    3.165
     Clock Rise Edge                 0.000
     + Clock Network Latency (Ideal) 0.000
     = Beginpoint Arrival Time       0.000
     +--------------------------------------------------------------------------------------+ 
     |           Instance           |      Arc      |   Cell   | Delay | Arrival | Required | 
     |                              |               |          |       |  Time   |   Time   | 
     |------------------------------+---------------+----------+-------+---------+----------| 
     | picorv32_core_reg_op1_reg[4] | CK ^          |          |       |   0.000 |    3.165 | 
     | picorv32_core_reg_op1_reg[4] | CK ^ -> Q v   | DFFX1    | 0.105 |   0.104 |    3.270 | 
     | FE_OFC270_pcpi_rs1_4         | A v -> Y ^    | INVXL    | 0.057 |   0.161 |    3.326 | 
     | FE_OFC577_pcpi_rs1_4         | A ^ -> Y v    | CLKINVX8 | 0.140 |   0.302 |    3.467 | 
     |                              | pcpi_rs1[4] v |          | 0.013 |   0.315 |    3.480 | 
     +--------------------------------------------------------------------------------------+ 
Path 23: MET Late External Delay Assertion 
Endpoint:   pcpi_rs1[19]                    (v) checked with  leading edge of 
'clk'
Beginpoint: picorv32_core_reg_op1_reg[19]/Q (v) triggered by  leading edge of 
'clk'
Path Groups: {reg2out}
Analysis View: analysis1
Other End Arrival Time          0.000
- External Delay                0.500
+ Phase Shift                   4.000
- Uncertainty                   0.020
= Required Time                 3.480
- Arrival Time                  0.314
= Slack Time                    3.166
     Clock Rise Edge                 0.000
     + Clock Network Latency (Ideal) 0.000
     = Beginpoint Arrival Time       0.000
     +----------------------------------------------------------------------------------------+ 
     |           Instance            |      Arc       |   Cell   | Delay | Arrival | Required | 
     |                               |                |          |       |  Time   |   Time   | 
     |-------------------------------+----------------+----------+-------+---------+----------| 
     | picorv32_core_reg_op1_reg[19] | CK ^           |          |       |   0.000 |    3.166 | 
     | picorv32_core_reg_op1_reg[19] | CK ^ -> Q v    | DFFX1    | 0.091 |   0.091 |    3.258 | 
     | FE_OFC219_pcpi_rs1_19         | A v -> Y ^     | INVXL    | 0.036 |   0.127 |    3.293 | 
     | FE_OFC221_pcpi_rs1_19         | A ^ -> Y v     | INVXL    | 0.022 |   0.149 |    3.315 | 
     | FE_OFC561_pcpi_rs1_19         | A v -> Y ^     | INVX1    | 0.021 |   0.170 |    3.336 | 
     | FE_OFC562_pcpi_rs1_19         | A ^ -> Y v     | CLKINVX8 | 0.130 |   0.300 |    3.466 | 
     |                               | pcpi_rs1[19] v |          | 0.014 |   0.314 |    3.480 | 
     +----------------------------------------------------------------------------------------+ 
Path 24: MET Late External Delay Assertion 
Endpoint:   pcpi_rs1[20]                    (v) checked with  leading edge of 
'clk'
Beginpoint: picorv32_core_reg_op1_reg[20]/Q (v) triggered by  leading edge of 
'clk'
Path Groups: {reg2out}
Analysis View: analysis1
Other End Arrival Time          0.000
- External Delay                0.500
+ Phase Shift                   4.000
- Uncertainty                   0.020
= Required Time                 3.480
- Arrival Time                  0.313
= Slack Time                    3.167
     Clock Rise Edge                 0.000
     + Clock Network Latency (Ideal) 0.000
     = Beginpoint Arrival Time       0.000
     +----------------------------------------------------------------------------------------+ 
     |           Instance            |      Arc       |   Cell   | Delay | Arrival | Required | 
     |                               |                |          |       |  Time   |   Time   | 
     |-------------------------------+----------------+----------+-------+---------+----------| 
     | picorv32_core_reg_op1_reg[20] | CK ^           |          |       |   0.000 |    3.167 | 
     | picorv32_core_reg_op1_reg[20] | CK ^ -> Q v    | DFFX1    | 0.081 |   0.081 |    3.249 | 
     | FE_OFC215_pcpi_rs1_20         | A v -> Y ^     | INVXL    | 0.024 |   0.106 |    3.273 | 
     | FE_OFC216_pcpi_rs1_20         | A ^ -> Y v     | INVXL    | 0.047 |   0.153 |    3.320 | 
     | FE_OFC560_pcpi_rs1_20         | A v -> Y v     | CLKBUFX8 | 0.146 |   0.299 |    3.466 | 
     |                               | pcpi_rs1[20] v |          | 0.014 |   0.313 |    3.480 | 
     +----------------------------------------------------------------------------------------+ 
Path 25: MET Late External Delay Assertion 
Endpoint:   pcpi_rs2[5]                    (v) checked with  leading edge of 
'clk'
Beginpoint: picorv32_core_reg_op2_reg[5]/Q (v) triggered by  leading edge of 
'clk'
Path Groups: {reg2out}
Analysis View: analysis1
Other End Arrival Time          0.000
- External Delay                0.500
+ Phase Shift                   4.000
- Uncertainty                   0.020
= Required Time                 3.480
- Arrival Time                  0.312
= Slack Time                    3.168
     Clock Rise Edge                 0.000
     + Clock Network Latency (Ideal) 0.000
     = Beginpoint Arrival Time       0.000
     +--------------------------------------------------------------------------------------+ 
     |           Instance           |      Arc      |   Cell   | Delay | Arrival | Required | 
     |                              |               |          |       |  Time   |   Time   | 
     |------------------------------+---------------+----------+-------+---------+----------| 
     | picorv32_core_reg_op2_reg[5] | CK ^          |          |       |   0.000 |    3.168 | 
     | picorv32_core_reg_op2_reg[5] | CK ^ -> Q v   | DFFHQX1  | 0.109 |   0.109 |    3.277 | 
     | FE_OFC704_pcpi_rs2_5         | A v -> Y ^    | INVX1    | 0.052 |   0.161 |    3.329 | 
     | FE_OFC364_pcpi_rs2_5         | A ^ -> Y v    | CLKINVX8 | 0.140 |   0.301 |    3.468 | 
     |                              | pcpi_rs2[5] v |          | 0.012 |   0.312 |    3.480 | 
     +--------------------------------------------------------------------------------------+ 
Path 26: MET Late External Delay Assertion 
Endpoint:   pcpi_rs1[15]                    (v) checked with  leading edge of 
'clk'
Beginpoint: picorv32_core_reg_op1_reg[15]/Q (v) triggered by  leading edge of 
'clk'
Path Groups: {reg2out}
Analysis View: analysis1
Other End Arrival Time          0.000
- External Delay                0.500
+ Phase Shift                   4.000
- Uncertainty                   0.020
= Required Time                 3.480
- Arrival Time                  0.312
= Slack Time                    3.168
     Clock Rise Edge                 0.000
     + Clock Network Latency (Ideal) 0.000
     = Beginpoint Arrival Time       0.000
     +----------------------------------------------------------------------------------------+ 
     |           Instance            |      Arc       |   Cell   | Delay | Arrival | Required | 
     |                               |                |          |       |  Time   |   Time   | 
     |-------------------------------+----------------+----------+-------+---------+----------| 
     | picorv32_core_reg_op1_reg[15] | CK ^           |          |       |   0.000 |    3.168 | 
     | picorv32_core_reg_op1_reg[15] | CK ^ -> Q v    | DFFX1    | 0.082 |   0.082 |    3.249 | 
     | FE_OFC234_pcpi_rs1_15         | A v -> Y ^     | INVXL    | 0.024 |   0.105 |    3.273 | 
     | FE_OFC235_pcpi_rs1_15         | A ^ -> Y v     | INVXL    | 0.046 |   0.152 |    3.320 | 
     | FE_OFC566_pcpi_rs1_15         | A v -> Y v     | CLKBUFX8 | 0.142 |   0.294 |    3.462 | 
     |                               | pcpi_rs1[15] v |          | 0.018 |   0.312 |    3.480 | 
     +----------------------------------------------------------------------------------------+ 
Path 27: MET Late External Delay Assertion 
Endpoint:   pcpi_rs1[3]                    (v) checked with  leading edge of 
'clk'
Beginpoint: picorv32_core_reg_op1_reg[3]/Q (v) triggered by  leading edge of 
'clk'
Path Groups: {reg2out}
Analysis View: analysis1
Other End Arrival Time          0.000
- External Delay                0.500
+ Phase Shift                   4.000
- Uncertainty                   0.020
= Required Time                 3.480
- Arrival Time                  0.310
= Slack Time                    3.170
     Clock Rise Edge                 0.000
     + Clock Network Latency (Ideal) 0.000
     = Beginpoint Arrival Time       0.000
     +--------------------------------------------------------------------------------------+ 
     |           Instance           |      Arc      |   Cell   | Delay | Arrival | Required | 
     |                              |               |          |       |  Time   |   Time   | 
     |------------------------------+---------------+----------+-------+---------+----------| 
     | picorv32_core_reg_op1_reg[3] | CK ^          |          |       |   0.000 |    3.170 | 
     | picorv32_core_reg_op1_reg[3] | CK ^ -> Q v   | DFFX1    | 0.101 |   0.101 |    3.272 | 
     | FE_OFC273_pcpi_rs1_3         | A v -> Y ^    | INVXL    | 0.033 |   0.134 |    3.304 | 
     | FE_OFC274_pcpi_rs1_3         | A ^ -> Y v    | INVXL    | 0.022 |   0.156 |    3.326 | 
     | FE_OFC578_pcpi_rs1_3         | A v -> Y v    | CLKBUFX8 | 0.138 |   0.293 |    3.464 | 
     |                              | pcpi_rs1[3] v |          | 0.016 |   0.310 |    3.480 | 
     +--------------------------------------------------------------------------------------+ 
Path 28: MET Late External Delay Assertion 
Endpoint:   pcpi_rs2[25]                    (v) checked with  leading edge of 
'clk'
Beginpoint: picorv32_core_reg_op2_reg[25]/Q (v) triggered by  leading edge of 
'clk'
Path Groups: {reg2out}
Analysis View: analysis1
Other End Arrival Time          0.000
- External Delay                0.500
+ Phase Shift                   4.000
- Uncertainty                   0.020
= Required Time                 3.480
- Arrival Time                  0.309
= Slack Time                    3.171
     Clock Rise Edge                 0.000
     + Clock Network Latency (Ideal) 0.000
     = Beginpoint Arrival Time       0.000
     +----------------------------------------------------------------------------------------+ 
     |           Instance            |      Arc       |   Cell   | Delay | Arrival | Required | 
     |                               |                |          |       |  Time   |   Time   | 
     |-------------------------------+----------------+----------+-------+---------+----------| 
     | picorv32_core_reg_op2_reg[25] | CK ^           |          |       |   0.000 |    3.171 | 
     | picorv32_core_reg_op2_reg[25] | CK ^ -> Q v    | DFFHQX1  | 0.132 |   0.132 |    3.302 | 
     | FE_OFC589_pcpi_rs2_25         | A v -> Y v     | CLKBUFX8 | 0.164 |   0.296 |    3.466 | 
     |                               | pcpi_rs2[25] v |          | 0.014 |   0.309 |    3.480 | 
     +----------------------------------------------------------------------------------------+ 
Path 29: MET Late External Delay Assertion 
Endpoint:   pcpi_rs2[31]                    (v) checked with  leading edge of 
'clk'
Beginpoint: picorv32_core_reg_op2_reg[31]/Q (v) triggered by  leading edge of 
'clk'
Path Groups: {reg2out}
Analysis View: analysis1
Other End Arrival Time          0.000
- External Delay                0.500
+ Phase Shift                   4.000
- Uncertainty                   0.020
= Required Time                 3.480
- Arrival Time                  0.309
= Slack Time                    3.171
     Clock Rise Edge                 0.000
     + Clock Network Latency (Ideal) 0.000
     = Beginpoint Arrival Time       0.000
     +----------------------------------------------------------------------------------------+ 
     |           Instance            |      Arc       |   Cell   | Delay | Arrival | Required | 
     |                               |                |          |       |  Time   |   Time   | 
     |-------------------------------+----------------+----------+-------+---------+----------| 
     | picorv32_core_reg_op2_reg[31] | CK ^           |          |       |   0.000 |    3.171 | 
     | picorv32_core_reg_op2_reg[31] | CK ^ -> Q v    | DFFHQX1  | 0.131 |   0.131 |    3.303 | 
     | FE_OFC583_pcpi_rs2_31         | A v -> Y v     | CLKBUFX8 | 0.164 |   0.295 |    3.467 | 
     |                               | pcpi_rs2[31] v |          | 0.014 |   0.309 |    3.480 | 
     +----------------------------------------------------------------------------------------+ 
Path 30: MET Late External Delay Assertion 
Endpoint:   pcpi_rs1[8]                    (v) checked with  leading edge of 
'clk'
Beginpoint: picorv32_core_reg_op1_reg[8]/Q (v) triggered by  leading edge of 
'clk'
Path Groups: {reg2out}
Analysis View: analysis1
Other End Arrival Time          0.000
- External Delay                0.500
+ Phase Shift                   4.000
- Uncertainty                   0.020
= Required Time                 3.480
- Arrival Time                  0.308
= Slack Time                    3.172
     Clock Rise Edge                 0.000
     + Clock Network Latency (Ideal) 0.000
     = Beginpoint Arrival Time       0.000
     +--------------------------------------------------------------------------------------+ 
     |           Instance           |      Arc      |   Cell   | Delay | Arrival | Required | 
     |                              |               |          |       |  Time   |   Time   | 
     |------------------------------+---------------+----------+-------+---------+----------| 
     | picorv32_core_reg_op1_reg[8] | CK ^          |          |       |   0.000 |    3.172 | 
     | picorv32_core_reg_op1_reg[8] | CK ^ -> Q v   | DFFX1    | 0.093 |   0.093 |    3.265 | 
     | FE_OFC258_pcpi_rs1_8         | A v -> Y ^    | INVXL    | 0.030 |   0.122 |    3.294 | 
     | FE_OFC259_pcpi_rs1_8         | A ^ -> Y v    | INVXL    | 0.031 |   0.153 |    3.325 | 
     | FE_OFC573_pcpi_rs1_8         | A v -> Y v    | CLKBUFX8 | 0.144 |   0.297 |    3.469 | 
     |                              | pcpi_rs1[8] v |          | 0.011 |   0.308 |    3.480 | 
     +--------------------------------------------------------------------------------------+ 
Path 31: MET Late External Delay Assertion 
Endpoint:   pcpi_rs2[13]                    (v) checked with  leading edge of 
'clk'
Beginpoint: picorv32_core_reg_op2_reg[13]/Q (v) triggered by  leading edge of 
'clk'
Path Groups: {reg2out}
Analysis View: analysis1
Other End Arrival Time          0.000
- External Delay                0.500
+ Phase Shift                   4.000
- Uncertainty                   0.020
= Required Time                 3.480
- Arrival Time                  0.307
= Slack Time                    3.173
     Clock Rise Edge                 0.000
     + Clock Network Latency (Ideal) 0.000
     = Beginpoint Arrival Time       0.000
     +----------------------------------------------------------------------------------------+ 
     |           Instance            |      Arc       |   Cell   | Delay | Arrival | Required | 
     |                               |                |          |       |  Time   |   Time   | 
     |-------------------------------+----------------+----------+-------+---------+----------| 
     | picorv32_core_reg_op2_reg[13] | CK ^           |          |       |   0.000 |    3.173 | 
     | picorv32_core_reg_op2_reg[13] | CK ^ -> Q v    | DFFHQX1  | 0.129 |   0.129 |    3.302 | 
     | FE_OFC607_pcpi_rs2_13         | A v -> Y v     | CLKBUFX8 | 0.160 |   0.289 |    3.462 | 
     |                               | pcpi_rs2[13] v |          | 0.018 |   0.307 |    3.480 | 
     +----------------------------------------------------------------------------------------+ 
Path 32: MET Late External Delay Assertion 
Endpoint:   pcpi_rs2[8]                    (v) checked with  leading edge of 
'clk'
Beginpoint: picorv32_core_reg_op2_reg[8]/Q (v) triggered by  leading edge of 
'clk'
Path Groups: {reg2out}
Analysis View: analysis1
Other End Arrival Time          0.000
- External Delay                0.500
+ Phase Shift                   4.000
- Uncertainty                   0.020
= Required Time                 3.480
- Arrival Time                  0.306
= Slack Time                    3.174
     Clock Rise Edge                 0.000
     + Clock Network Latency (Ideal) 0.000
     = Beginpoint Arrival Time       0.000
     +--------------------------------------------------------------------------------------+ 
     |           Instance           |      Arc      |   Cell   | Delay | Arrival | Required | 
     |                              |               |          |       |  Time   |   Time   | 
     |------------------------------+---------------+----------+-------+---------+----------| 
     | picorv32_core_reg_op2_reg[8] | CK ^          |          |       |   0.000 |    3.174 | 
     | picorv32_core_reg_op2_reg[8] | CK ^ -> Q v   | DFFHQX1  | 0.128 |   0.128 |    3.302 | 
     | FE_OFC613_pcpi_rs2_8         | A v -> Y v    | CLKBUFX8 | 0.164 |   0.292 |    3.466 | 
     |                              | pcpi_rs2[8] v |          | 0.014 |   0.306 |    3.480 | 
     +--------------------------------------------------------------------------------------+ 
Path 33: MET Late External Delay Assertion 
Endpoint:   pcpi_rs2[14]                    (v) checked with  leading edge of 
'clk'
Beginpoint: picorv32_core_reg_op2_reg[14]/Q (v) triggered by  leading edge of 
'clk'
Path Groups: {reg2out}
Analysis View: analysis1
Other End Arrival Time          0.000
- External Delay                0.500
+ Phase Shift                   4.000
- Uncertainty                   0.020
= Required Time                 3.480
- Arrival Time                  0.306
= Slack Time                    3.174
     Clock Rise Edge                 0.000
     + Clock Network Latency (Ideal) 0.000
     = Beginpoint Arrival Time       0.000
     +----------------------------------------------------------------------------------------+ 
     |           Instance            |      Arc       |   Cell   | Delay | Arrival | Required | 
     |                               |                |          |       |  Time   |   Time   | 
     |-------------------------------+----------------+----------+-------+---------+----------| 
     | picorv32_core_reg_op2_reg[14] | CK ^           |          |       |   0.000 |    3.174 | 
     | picorv32_core_reg_op2_reg[14] | CK ^ -> Q v    | DFFHQX1  | 0.129 |   0.129 |    3.303 | 
     | FE_OFC606_pcpi_rs2_14         | A v -> Y v     | CLKBUFX8 | 0.161 |   0.290 |    3.464 | 
     |                               | pcpi_rs2[14] v |          | 0.016 |   0.306 |    3.480 | 
     +----------------------------------------------------------------------------------------+ 
Path 34: MET Late External Delay Assertion 
Endpoint:   pcpi_rs1[17]                    (v) checked with  leading edge of 
'clk'
Beginpoint: picorv32_core_reg_op1_reg[17]/Q (v) triggered by  leading edge of 
'clk'
Path Groups: {reg2out}
Analysis View: analysis1
Other End Arrival Time          0.000
- External Delay                0.500
+ Phase Shift                   4.000
- Uncertainty                   0.020
= Required Time                 3.480
- Arrival Time                  0.306
= Slack Time                    3.174
     Clock Rise Edge                 0.000
     + Clock Network Latency (Ideal) 0.000
     = Beginpoint Arrival Time       0.000
     +----------------------------------------------------------------------------------------+ 
     |           Instance            |      Arc       |   Cell   | Delay | Arrival | Required | 
     |                               |                |          |       |  Time   |   Time   | 
     |-------------------------------+----------------+----------+-------+---------+----------| 
     | picorv32_core_reg_op1_reg[17] | CK ^           |          |       |   0.000 |    3.174 | 
     | picorv32_core_reg_op1_reg[17] | CK ^ -> Q v    | DFFX1    | 0.079 |   0.079 |    3.254 | 
     | FE_OFC226_pcpi_rs1_17         | A v -> Y ^     | INVXL    | 0.023 |   0.102 |    3.276 | 
     | FE_OFC230_pcpi_rs1_17         | A ^ -> Y v     | INVXL    | 0.045 |   0.147 |    3.321 | 
     | FE_OFC564_pcpi_rs1_17         | A v -> Y v     | CLKBUFX8 | 0.145 |   0.292 |    3.466 | 
     |                               | pcpi_rs1[17] v |          | 0.014 |   0.306 |    3.480 | 
     +----------------------------------------------------------------------------------------+ 
Path 35: MET Late External Delay Assertion 
Endpoint:   pcpi_rs1[16]                    (v) checked with  leading edge of 
'clk'
Beginpoint: picorv32_core_reg_op1_reg[16]/Q (v) triggered by  leading edge of 
'clk'
Path Groups: {reg2out}
Analysis View: analysis1
Other End Arrival Time          0.000
- External Delay                0.500
+ Phase Shift                   4.000
- Uncertainty                   0.020
= Required Time                 3.480
- Arrival Time                  0.305
= Slack Time                    3.175
     Clock Rise Edge                 0.000
     + Clock Network Latency (Ideal) 0.000
     = Beginpoint Arrival Time       0.000
     +----------------------------------------------------------------------------------------+ 
     |           Instance            |      Arc       |   Cell   | Delay | Arrival | Required | 
     |                               |                |          |       |  Time   |   Time   | 
     |-------------------------------+----------------+----------+-------+---------+----------| 
     | picorv32_core_reg_op1_reg[16] | CK ^           |          |       |   0.000 |    3.175 | 
     | picorv32_core_reg_op1_reg[16] | CK ^ -> Q v    | DFFX1    | 0.089 |   0.089 |    3.264 | 
     | FE_OFC231_pcpi_rs1_16         | A v -> Y ^     | INVXL    | 0.035 |   0.124 |    3.299 | 
     | FE_OFC232_pcpi_rs1_16         | A ^ -> Y v     | INVXL    | 0.027 |   0.151 |    3.326 | 
     | FE_OFC565_pcpi_rs1_16         | A v -> Y v     | CLKBUFX8 | 0.140 |   0.291 |    3.465 | 
     |                               | pcpi_rs1[16] v |          | 0.015 |   0.305 |    3.480 | 
     +----------------------------------------------------------------------------------------+ 
Path 36: MET Late External Delay Assertion 
Endpoint:   pcpi_rs2[28]                    (v) checked with  leading edge of 
'clk'
Beginpoint: picorv32_core_reg_op2_reg[28]/Q (v) triggered by  leading edge of 
'clk'
Path Groups: {reg2out}
Analysis View: analysis1
Other End Arrival Time          0.000
- External Delay                0.500
+ Phase Shift                   4.000
- Uncertainty                   0.020
= Required Time                 3.480
- Arrival Time                  0.305
= Slack Time                    3.175
     Clock Rise Edge                 0.000
     + Clock Network Latency (Ideal) 0.000
     = Beginpoint Arrival Time       0.000
     +----------------------------------------------------------------------------------------+ 
     |           Instance            |      Arc       |   Cell   | Delay | Arrival | Required | 
     |                               |                |          |       |  Time   |   Time   | 
     |-------------------------------+----------------+----------+-------+---------+----------| 
     | picorv32_core_reg_op2_reg[28] | CK ^           |          |       |   0.000 |    3.175 | 
     | picorv32_core_reg_op2_reg[28] | CK ^ -> Q v    | DFFHQX1  | 0.128 |   0.128 |    3.303 | 
     | FE_OFC586_pcpi_rs2_28         | A v -> Y v     | CLKBUFX8 | 0.164 |   0.292 |    3.467 | 
     |                               | pcpi_rs2[28] v |          | 0.013 |   0.305 |    3.480 | 
     +----------------------------------------------------------------------------------------+ 
Path 37: MET Late External Delay Assertion 
Endpoint:   pcpi_rs1[18]                    (v) checked with  leading edge of 
'clk'
Beginpoint: picorv32_core_reg_op1_reg[18]/Q (v) triggered by  leading edge of 
'clk'
Path Groups: {reg2out}
Analysis View: analysis1
Other End Arrival Time          0.000
- External Delay                0.500
+ Phase Shift                   4.000
- Uncertainty                   0.020
= Required Time                 3.480
- Arrival Time                  0.305
= Slack Time                    3.175
     Clock Rise Edge                 0.000
     + Clock Network Latency (Ideal) 0.000
     = Beginpoint Arrival Time       0.000
     +----------------------------------------------------------------------------------------+ 
     |           Instance            |      Arc       |   Cell   | Delay | Arrival | Required | 
     |                               |                |          |       |  Time   |   Time   | 
     |-------------------------------+----------------+----------+-------+---------+----------| 
     | picorv32_core_reg_op1_reg[18] | CK ^           |          |       |   0.000 |    3.175 | 
     | picorv32_core_reg_op1_reg[18] | CK ^ -> Q v    | DFFX1    | 0.090 |   0.090 |    3.265 | 
     | FE_OFC223_pcpi_rs1_18         | A v -> Y ^     | INVXL    | 0.036 |   0.126 |    3.301 | 
     | FE_OFC224_pcpi_rs1_18         | A ^ -> Y v     | INVXL    | 0.026 |   0.152 |    3.327 | 
     | FE_OFC563_pcpi_rs1_18         | A v -> Y v     | CLKBUFX8 | 0.143 |   0.295 |    3.470 | 
     |                               | pcpi_rs1[18] v |          | 0.011 |   0.305 |    3.480 | 
     +----------------------------------------------------------------------------------------+ 
Path 38: MET Late External Delay Assertion 
Endpoint:   pcpi_rs1[13]                    (v) checked with  leading edge of 
'clk'
Beginpoint: picorv32_core_reg_op1_reg[13]/Q (v) triggered by  leading edge of 
'clk'
Path Groups: {reg2out}
Analysis View: analysis1
Other End Arrival Time          0.000
- External Delay                0.500
+ Phase Shift                   4.000
- Uncertainty                   0.020
= Required Time                 3.480
- Arrival Time                  0.304
= Slack Time                    3.176
     Clock Rise Edge                 0.000
     + Clock Network Latency (Ideal) 0.000
     = Beginpoint Arrival Time       0.000
     +----------------------------------------------------------------------------------------+ 
     |           Instance            |      Arc       |   Cell   | Delay | Arrival | Required | 
     |                               |                |          |       |  Time   |   Time   | 
     |-------------------------------+----------------+----------+-------+---------+----------| 
     | picorv32_core_reg_op1_reg[13] | CK ^           |          |       |   0.000 |    3.176 | 
     | picorv32_core_reg_op1_reg[13] | CK ^ -> Q v    | DFFX1    | 0.087 |   0.087 |    3.263 | 
     | FE_OFC243_pcpi_rs1_13         | A v -> Y ^     | INVXL    | 0.027 |   0.113 |    3.289 | 
     | FE_OFC244_pcpi_rs1_13         | A ^ -> Y v     | INVXL    | 0.035 |   0.148 |    3.324 | 
     | FE_OFC568_pcpi_rs1_13         | A v -> Y v     | CLKBUFX8 | 0.143 |   0.290 |    3.466 | 
     |                               | pcpi_rs1[13] v |          | 0.014 |   0.304 |    3.480 | 
     +----------------------------------------------------------------------------------------+ 
Path 39: MET Late External Delay Assertion 
Endpoint:   pcpi_rs2[21]                    (v) checked with  leading edge of 
'clk'
Beginpoint: picorv32_core_reg_op2_reg[21]/Q (v) triggered by  leading edge of 
'clk'
Path Groups: {reg2out}
Analysis View: analysis1
Other End Arrival Time          0.000
- External Delay                0.500
+ Phase Shift                   4.000
- Uncertainty                   0.020
= Required Time                 3.480
- Arrival Time                  0.302
= Slack Time                    3.178
     Clock Rise Edge                 0.000
     + Clock Network Latency (Ideal) 0.000
     = Beginpoint Arrival Time       0.000
     +----------------------------------------------------------------------------------------+ 
     |           Instance            |      Arc       |   Cell   | Delay | Arrival | Required | 
     |                               |                |          |       |  Time   |   Time   | 
     |-------------------------------+----------------+----------+-------+---------+----------| 
     | picorv32_core_reg_op2_reg[21] | CK ^           |          |       |   0.000 |    3.178 | 
     | picorv32_core_reg_op2_reg[21] | CK ^ -> Q v    | DFFHQX1  | 0.128 |   0.128 |    3.306 | 
     | FE_OFC594_pcpi_rs2_21         | A v -> Y v     | CLKBUFX8 | 0.160 |   0.288 |    3.466 | 
     |                               | pcpi_rs2[21] v |          | 0.014 |   0.302 |    3.480 | 
     +----------------------------------------------------------------------------------------+ 
Path 40: MET Late External Delay Assertion 
Endpoint:   pcpi_rs2[11]                    (v) checked with  leading edge of 
'clk'
Beginpoint: picorv32_core_reg_op2_reg[11]/Q (v) triggered by  leading edge of 
'clk'
Path Groups: {reg2out}
Analysis View: analysis1
Other End Arrival Time          0.000
- External Delay                0.500
+ Phase Shift                   4.000
- Uncertainty                   0.020
= Required Time                 3.480
- Arrival Time                  0.301
= Slack Time                    3.179
     Clock Rise Edge                 0.000
     + Clock Network Latency (Ideal) 0.000
     = Beginpoint Arrival Time       0.000
     +----------------------------------------------------------------------------------------+ 
     |           Instance            |      Arc       |   Cell   | Delay | Arrival | Required | 
     |                               |                |          |       |  Time   |   Time   | 
     |-------------------------------+----------------+----------+-------+---------+----------| 
     | picorv32_core_reg_op2_reg[11] | CK ^           |          |       |   0.000 |    3.179 | 
     | picorv32_core_reg_op2_reg[11] | CK ^ -> Q v    | DFFHQX1  | 0.125 |   0.125 |    3.304 | 
     | FE_OFC608_pcpi_rs2_11         | A v -> Y v     | CLKBUFX8 | 0.158 |   0.283 |    3.462 | 
     |                               | pcpi_rs2[11] v |          | 0.018 |   0.301 |    3.480 | 
     +----------------------------------------------------------------------------------------+ 
Path 41: MET Late External Delay Assertion 
Endpoint:   pcpi_rs2[23]                    (v) checked with  leading edge of 
'clk'
Beginpoint: picorv32_core_reg_op2_reg[23]/Q (v) triggered by  leading edge of 
'clk'
Path Groups: {reg2out}
Analysis View: analysis1
Other End Arrival Time          0.000
- External Delay                0.500
+ Phase Shift                   4.000
- Uncertainty                   0.020
= Required Time                 3.480
- Arrival Time                  0.301
= Slack Time                    3.179
     Clock Rise Edge                 0.000
     + Clock Network Latency (Ideal) 0.000
     = Beginpoint Arrival Time       0.000
     +----------------------------------------------------------------------------------------+ 
     |           Instance            |      Arc       |   Cell   | Delay | Arrival | Required | 
     |                               |                |          |       |  Time   |   Time   | 
     |-------------------------------+----------------+----------+-------+---------+----------| 
     | picorv32_core_reg_op2_reg[23] | CK ^           |          |       |   0.000 |    3.179 | 
     | picorv32_core_reg_op2_reg[23] | CK ^ -> Q v    | DFFHQX1  | 0.127 |   0.127 |    3.306 | 
     | FE_OFC592_pcpi_rs2_23         | A v -> Y v     | CLKBUFX8 | 0.160 |   0.287 |    3.466 | 
     |                               | pcpi_rs2[23] v |          | 0.014 |   0.301 |    3.480 | 
     +----------------------------------------------------------------------------------------+ 
Path 42: MET Late External Delay Assertion 
Endpoint:   pcpi_rs2[22]                    (v) checked with  leading edge of 
'clk'
Beginpoint: picorv32_core_reg_op2_reg[22]/Q (v) triggered by  leading edge of 
'clk'
Path Groups: {reg2out}
Analysis View: analysis1
Other End Arrival Time          0.000
- External Delay                0.500
+ Phase Shift                   4.000
- Uncertainty                   0.020
= Required Time                 3.480
- Arrival Time                  0.301
= Slack Time                    3.179
     Clock Rise Edge                 0.000
     + Clock Network Latency (Ideal) 0.000
     = Beginpoint Arrival Time       0.000
     +----------------------------------------------------------------------------------------+ 
     |           Instance            |      Arc       |   Cell   | Delay | Arrival | Required | 
     |                               |                |          |       |  Time   |   Time   | 
     |-------------------------------+----------------+----------+-------+---------+----------| 
     | picorv32_core_reg_op2_reg[22] | CK ^           |          |       |   0.000 |    3.179 | 
     | picorv32_core_reg_op2_reg[22] | CK ^ -> Q v    | DFFHQX1  | 0.125 |   0.125 |    3.304 | 
     | FE_OFC593_pcpi_rs2_22         | A v -> Y v     | CLKBUFX8 | 0.163 |   0.288 |    3.467 | 
     |                               | pcpi_rs2[22] v |          | 0.013 |   0.301 |    3.480 | 
     +----------------------------------------------------------------------------------------+ 
Path 43: MET Late External Delay Assertion 
Endpoint:   pcpi_rs1[5]                    (v) checked with  leading edge of 
'clk'
Beginpoint: picorv32_core_reg_op1_reg[5]/Q (v) triggered by  leading edge of 
'clk'
Path Groups: {reg2out}
Analysis View: analysis1
Other End Arrival Time          0.000
- External Delay                0.500
+ Phase Shift                   4.000
- Uncertainty                   0.020
= Required Time                 3.480
- Arrival Time                  0.301
= Slack Time                    3.179
     Clock Rise Edge                 0.000
     + Clock Network Latency (Ideal) 0.000
     = Beginpoint Arrival Time       0.000
     +--------------------------------------------------------------------------------------+ 
     |           Instance           |      Arc      |   Cell   | Delay | Arrival | Required | 
     |                              |               |          |       |  Time   |   Time   | 
     |------------------------------+---------------+----------+-------+---------+----------| 
     | picorv32_core_reg_op1_reg[5] | CK ^          |          |       |   0.000 |    3.179 | 
     | picorv32_core_reg_op1_reg[5] | CK ^ -> Q v   | DFFX1    | 0.107 |   0.107 |    3.286 | 
     | FE_OFC267_pcpi_rs1_5         | A v -> Y ^    | INVX1    | 0.043 |   0.151 |    3.330 | 
     | FE_OFC268_pcpi_rs1_5         | A ^ -> Y v    | CLKINVX8 | 0.135 |   0.285 |    3.464 | 
     |                              | pcpi_rs1[5] v |          | 0.016 |   0.301 |    3.480 | 
     +--------------------------------------------------------------------------------------+ 
Path 44: MET Late External Delay Assertion 
Endpoint:   pcpi_rs1[14]                    (v) checked with  leading edge of 
'clk'
Beginpoint: picorv32_core_reg_op1_reg[14]/Q (v) triggered by  leading edge of 
'clk'
Path Groups: {reg2out}
Analysis View: analysis1
Other End Arrival Time          0.000
- External Delay                0.500
+ Phase Shift                   4.000
- Uncertainty                   0.020
= Required Time                 3.480
- Arrival Time                  0.300
= Slack Time                    3.180
     Clock Rise Edge                 0.000
     + Clock Network Latency (Ideal) 0.000
     = Beginpoint Arrival Time       0.000
     +----------------------------------------------------------------------------------------+ 
     |           Instance            |      Arc       |   Cell   | Delay | Arrival | Required | 
     |                               |                |          |       |  Time   |   Time   | 
     |-------------------------------+----------------+----------+-------+---------+----------| 
     | picorv32_core_reg_op1_reg[14] | CK ^           |          |       |   0.000 |    3.180 | 
     | picorv32_core_reg_op1_reg[14] | CK ^ -> Q v    | DFFX1    | 0.092 |   0.092 |    3.272 | 
     | FE_OFC239_pcpi_rs1_14         | A v -> Y ^     | INVXL    | 0.030 |   0.122 |    3.301 | 
     | FE_OFC240_pcpi_rs1_14         | A ^ -> Y v     | INVXL    | 0.024 |   0.146 |    3.326 | 
     | FE_OFC567_pcpi_rs1_14         | A v -> Y v     | CLKBUFX8 | 0.138 |   0.284 |    3.464 | 
     |                               | pcpi_rs1[14] v |          | 0.016 |   0.300 |    3.480 | 
     +----------------------------------------------------------------------------------------+ 
Path 45: MET Late External Delay Assertion 
Endpoint:   pcpi_rs1[2]                    (v) checked with  leading edge of 
'clk'
Beginpoint: picorv32_core_reg_op1_reg[2]/Q (v) triggered by  leading edge of 
'clk'
Path Groups: {reg2out}
Analysis View: analysis1
Other End Arrival Time          0.000
- External Delay                0.500
+ Phase Shift                   4.000
- Uncertainty                   0.020
= Required Time                 3.480
- Arrival Time                  0.298
= Slack Time                    3.182
     Clock Rise Edge                 0.000
     + Clock Network Latency (Ideal) 0.000
     = Beginpoint Arrival Time       0.000
     +--------------------------------------------------------------------------------------+ 
     |           Instance           |      Arc      |   Cell   | Delay | Arrival | Required | 
     |                              |               |          |       |  Time   |   Time   | 
     |------------------------------+---------------+----------+-------+---------+----------| 
     | picorv32_core_reg_op1_reg[2] | CK ^          |          |       |   0.000 |    3.182 | 
     | picorv32_core_reg_op1_reg[2] | CK ^ -> Q v   | DFFX1    | 0.091 |   0.091 |    3.273 | 
     | FE_OFC276_pcpi_rs1_2         | A v -> Y ^    | INVXL    | 0.053 |   0.144 |    3.326 | 
     | FE_OFC580_pcpi_rs1_2         | A ^ -> Y v    | CLKINVX8 | 0.141 |   0.285 |    3.467 | 
     |                              | pcpi_rs1[2] v |          | 0.013 |   0.298 |    3.480 | 
     +--------------------------------------------------------------------------------------+ 
Path 46: MET Late External Delay Assertion 
Endpoint:   pcpi_rs2[18]                    (v) checked with  leading edge of 
'clk'
Beginpoint: picorv32_core_reg_op2_reg[18]/Q (v) triggered by  leading edge of 
'clk'
Path Groups: {reg2out}
Analysis View: analysis1
Other End Arrival Time          0.000
- External Delay                0.500
+ Phase Shift                   4.000
- Uncertainty                   0.020
= Required Time                 3.480
- Arrival Time                  0.297
= Slack Time                    3.183
     Clock Rise Edge                 0.000
     + Clock Network Latency (Ideal) 0.000
     = Beginpoint Arrival Time       0.000
     +----------------------------------------------------------------------------------------+ 
     |           Instance            |      Arc       |   Cell   | Delay | Arrival | Required | 
     |                               |                |          |       |  Time   |   Time   | 
     |-------------------------------+----------------+----------+-------+---------+----------| 
     | picorv32_core_reg_op2_reg[18] | CK ^           |          |       |   0.000 |    3.183 | 
     | picorv32_core_reg_op2_reg[18] | CK ^ -> Q v    | DFFHQX1  | 0.123 |   0.122 |    3.306 | 
     | FE_OFC599_pcpi_rs2_18         | A v -> Y v     | CLKBUFX8 | 0.157 |   0.279 |    3.462 | 
     |                               | pcpi_rs2[18] v |          | 0.018 |   0.297 |    3.480 | 
     +----------------------------------------------------------------------------------------+ 
Path 47: MET Late External Delay Assertion 
Endpoint:   pcpi_rs1[9]                    (v) checked with  leading edge of 
'clk'
Beginpoint: picorv32_core_reg_op1_reg[9]/Q (v) triggered by  leading edge of 
'clk'
Path Groups: {reg2out}
Analysis View: analysis1
Other End Arrival Time          0.000
- External Delay                0.500
+ Phase Shift                   4.000
- Uncertainty                   0.020
= Required Time                 3.480
- Arrival Time                  0.293
= Slack Time                    3.187
     Clock Rise Edge                 0.000
     + Clock Network Latency (Ideal) 0.000
     = Beginpoint Arrival Time       0.000
     +--------------------------------------------------------------------------------------+ 
     |           Instance           |      Arc      |   Cell   | Delay | Arrival | Required | 
     |                              |               |          |       |  Time   |   Time   | 
     |------------------------------+---------------+----------+-------+---------+----------| 
     | picorv32_core_reg_op1_reg[9] | CK ^          |          |       |   0.000 |    3.187 | 
     | picorv32_core_reg_op1_reg[9] | CK ^ -> Q v   | DFFX1    | 0.078 |   0.078 |    3.265 | 
     | FE_OFC254_pcpi_rs1_9         | A v -> Y ^    | INVXL    | 0.058 |   0.136 |    3.323 | 
     | FE_OFC572_pcpi_rs1_9         | A ^ -> Y v    | CLKINVX8 | 0.144 |   0.280 |    3.467 | 
     |                              | pcpi_rs1[9] v |          | 0.013 |   0.293 |    3.480 | 
     +--------------------------------------------------------------------------------------+ 
Path 48: MET Late External Delay Assertion 
Endpoint:   pcpi_rs1[25]                    (v) checked with  leading edge of 
'clk'
Beginpoint: picorv32_core_reg_op1_reg[25]/Q (v) triggered by  leading edge of 
'clk'
Path Groups: {reg2out}
Analysis View: analysis1
Other End Arrival Time          0.000
- External Delay                0.500
+ Phase Shift                   4.000
- Uncertainty                   0.020
= Required Time                 3.480
- Arrival Time                  0.292
= Slack Time                    3.188
     Clock Rise Edge                 0.000
     + Clock Network Latency (Ideal) 0.000
     = Beginpoint Arrival Time       0.000
     +----------------------------------------------------------------------------------------+ 
     |           Instance            |      Arc       |   Cell   | Delay | Arrival | Required | 
     |                               |                |          |       |  Time   |   Time   | 
     |-------------------------------+----------------+----------+-------+---------+----------| 
     | picorv32_core_reg_op1_reg[25] | CK ^           |          |       |   0.000 |    3.188 | 
     | picorv32_core_reg_op1_reg[25] | CK ^ -> Q v    | DFFHQX1  | 0.097 |   0.097 |    3.285 | 
     | FE_OFC703_pcpi_rs1_25         | A v -> Y ^     | INVX1    | 0.045 |   0.143 |    3.330 | 
     | FE_OFC201_pcpi_rs1_25         | A ^ -> Y v     | CLKINVX8 | 0.141 |   0.284 |    3.471 | 
     |                               | pcpi_rs1[25] v |          | 0.009 |   0.292 |    3.480 | 
     +----------------------------------------------------------------------------------------+ 
Path 49: MET Late External Delay Assertion 
Endpoint:   pcpi_rs1[21]                    (v) checked with  leading edge of 
'clk'
Beginpoint: picorv32_core_reg_op1_reg[21]/Q (v) triggered by  leading edge of 
'clk'
Path Groups: {reg2out}
Analysis View: analysis1
Other End Arrival Time          0.000
- External Delay                0.500
+ Phase Shift                   4.000
- Uncertainty                   0.020
= Required Time                 3.480
- Arrival Time                  0.291
= Slack Time                    3.189
     Clock Rise Edge                 0.000
     + Clock Network Latency (Ideal) 0.000
     = Beginpoint Arrival Time       0.000
     +----------------------------------------------------------------------------------------+ 
     |           Instance            |      Arc       |   Cell   | Delay | Arrival | Required | 
     |                               |                |          |       |  Time   |   Time   | 
     |-------------------------------+----------------+----------+-------+---------+----------| 
     | picorv32_core_reg_op1_reg[21] | CK ^           |          |       |   0.000 |    3.189 | 
     | picorv32_core_reg_op1_reg[21] | CK ^ -> Q v    | DFFX1    | 0.101 |   0.102 |    3.290 | 
     | FE_OFC213_pcpi_rs1_21         | A v -> Y ^     | INVX1    | 0.041 |   0.143 |    3.331 | 
     | FE_OFC559_pcpi_rs1_21         | A ^ -> Y v     | CLKINVX8 | 0.135 |   0.278 |    3.467 | 
     |                               | pcpi_rs1[21] v |          | 0.013 |   0.291 |    3.480 | 
     +----------------------------------------------------------------------------------------+ 
Path 50: MET Late External Delay Assertion 
Endpoint:   pcpi_rs1[27]                    (v) checked with  leading edge of 
'clk'
Beginpoint: picorv32_core_reg_op1_reg[27]/Q (v) triggered by  leading edge of 
'clk'
Path Groups: {reg2out}
Analysis View: analysis1
Other End Arrival Time          0.000
- External Delay                0.500
+ Phase Shift                   4.000
- Uncertainty                   0.020
= Required Time                 3.480
- Arrival Time                  0.289
= Slack Time                    3.191
     Clock Rise Edge                 0.000
     + Clock Network Latency (Ideal) 0.000
     = Beginpoint Arrival Time       0.000
     +----------------------------------------------------------------------------------------+ 
     |           Instance            |      Arc       |   Cell   | Delay | Arrival | Required | 
     |                               |                |          |       |  Time   |   Time   | 
     |-------------------------------+----------------+----------+-------+---------+----------| 
     | picorv32_core_reg_op1_reg[27] | CK ^           |          |       |   0.000 |    3.191 | 
     | picorv32_core_reg_op1_reg[27] | CK ^ -> Q v    | DFFHQX1  | 0.094 |   0.094 |    3.284 | 
     | FE_OFC194_pcpi_rs1_27         | A v -> Y ^     | INVX1    | 0.045 |   0.138 |    3.329 | 
     | FE_OFC553_pcpi_rs1_27         | A ^ -> Y v     | CLKINVX8 | 0.138 |   0.276 |    3.467 | 
     |                               | pcpi_rs1[27] v |          | 0.014 |   0.289 |    3.480 | 
     +----------------------------------------------------------------------------------------+ 

