
Power Net Detected:
        Voltage	    Name
             0V	    VSS
          1.32V	    VDD
Using Power View: analysis1.

Begin Power Analysis

             0V	    VSS
          1.32V	    VDD

Begin Processing Timing Library for Power Calculation

Begin Processing Timing Library for Power Calculation



Begin Processing Power Net/Grid for Power Calculation

Ended Processing Power Net/Grid for Power Calculation: (cpu=0:00:00, real=0:00:00, mem(process/total/peak)=1813.57MB/3297.34MB/1964.50MB)

Begin Processing Timing Window Data for Power Calculation

clk(400MHz) CK: assigning clock clk to net wb_clk_i
Ended Processing Timing Window Data for Power Calculation: (cpu=0:00:00, real=0:00:00, mem(process/total/peak)=1814.19MB/3297.34MB/1964.50MB)

Begin Processing User Attributes

Ended Processing User Attributes: (cpu=0:00:00, real=0:00:00, mem(process/total/peak)=1814.19MB/3297.34MB/1964.50MB)

Begin Processing Signal Activity


Starting Levelizing
2025-Nov-28 21:04:50 (2025-Nov-28 19:04:50 GMT)
2025-Nov-28 21:04:50 (2025-Nov-28 19:04:50 GMT): 10%
2025-Nov-28 21:04:50 (2025-Nov-28 19:04:50 GMT): 20%
2025-Nov-28 21:04:50 (2025-Nov-28 19:04:50 GMT): 30%
2025-Nov-28 21:04:50 (2025-Nov-28 19:04:50 GMT): 40%
2025-Nov-28 21:04:50 (2025-Nov-28 19:04:50 GMT): 50%
2025-Nov-28 21:04:50 (2025-Nov-28 19:04:50 GMT): 60%
2025-Nov-28 21:04:50 (2025-Nov-28 19:04:50 GMT): 70%
2025-Nov-28 21:04:50 (2025-Nov-28 19:04:50 GMT): 80%
2025-Nov-28 21:04:50 (2025-Nov-28 19:04:50 GMT): 90%

Finished Levelizing
2025-Nov-28 21:04:50 (2025-Nov-28 19:04:50 GMT)

Starting Activity Propagation
2025-Nov-28 21:04:50 (2025-Nov-28 19:04:50 GMT)
** INFO:  (VOLTUS_POWR-1356): No default input activity has been set. Defaulting to 0.2.
Use 'set_default_switching_activity -input_activity' command to change the default activity value.

2025-Nov-28 21:04:51 (2025-Nov-28 19:04:51 GMT): 10%
2025-Nov-28 21:04:51 (2025-Nov-28 19:04:51 GMT): 20%

Finished Activity Propagation
2025-Nov-28 21:04:51 (2025-Nov-28 19:04:51 GMT)
Ended Processing Signal Activity: (cpu=0:00:01, real=0:00:00, mem(process/total/peak)=1814.94MB/3297.34MB/1964.50MB)

Begin Power Computation

      ----------------------------------------------------------
      # of cell(s) missing both power/leakage table: 0
      # of cell(s) missing power table: 0
      # of cell(s) missing leakage table: 0
      ----------------------------------------------------------



Starting Calculating power
2025-Nov-28 21:04:51 (2025-Nov-28 19:04:51 GMT)
 ... Calculating switching power
2025-Nov-28 21:04:51 (2025-Nov-28 19:04:51 GMT): 10%
2025-Nov-28 21:04:51 (2025-Nov-28 19:04:51 GMT): 20%
2025-Nov-28 21:04:51 (2025-Nov-28 19:04:51 GMT): 30%
2025-Nov-28 21:04:51 (2025-Nov-28 19:04:51 GMT): 40%
2025-Nov-28 21:04:51 (2025-Nov-28 19:04:51 GMT): 50%
 ... Calculating internal and leakage power
2025-Nov-28 21:04:51 (2025-Nov-28 19:04:51 GMT): 60%
2025-Nov-28 21:04:51 (2025-Nov-28 19:04:51 GMT): 70%
2025-Nov-28 21:04:52 (2025-Nov-28 19:04:52 GMT): 80%
2025-Nov-28 21:04:52 (2025-Nov-28 19:04:52 GMT): 90%

Finished Calculating power
2025-Nov-28 21:04:52 (2025-Nov-28 19:04:52 GMT)
      # of MSMV cell(s) missing power_level: 0
Ended Power Computation: (cpu=0:00:00, real=0:00:01, mem(process/total/peak)=1815.69MB/3297.34MB/1964.50MB)

Begin Processing User Attributes

Ended Processing User Attributes: (cpu=0:00:00, real=0:00:00, mem(process/total/peak)=1815.94MB/3297.34MB/1964.50MB)

Ended Power Analysis: (cpu=0:00:01, real=0:00:02, mem(process/total/peak)=1815.94MB/3297.34MB/1964.50MB)

Begin Boundary Leakage Calculation
Ended Boundary Leakage Calculation: (cpu=0:00:00, real=0:00:00,
mem(process/total/peak)=1815.94MB/3297.34MB/1964.50MB)
Begin Static Power Report Generation
*----------------------------------------------------------------------------------------
*	Innovus 21.35-s114_1 (64bit) 10/13/2022 12:11 (Linux 3.10.0-693.el7.x86_64)
*	
*
* 	Date & Time:	2025-Nov-28 21:04:52 (2025-Nov-28 19:04:52 GMT)
*
*----------------------------------------------------------------------------------------
*
*	Design: picorv32_wb
*
*	Liberty Libraries used:
*	        analysis1: /mnt/apps/prebuilt/eda/designkits/GPDK/gsclib045/lan/flow/t1u1/reference_libs/GPDK045/gsclib045_svt_v4.4/gsclib045/timing/fast_vdd1v2_basicCells.lib
*
*	Parasitic Files used:
*
*       Power View : analysis1
*
*       User-Defined Activity : N.A.
*
*       Activity File: N.A.
*
*       Hierarchical Global Activity: N.A.
*
*       Global Activity: N.A.
*
*       Sequential Element Activity: 0.200000
*
*       Primary Input Activity: 0.200000
*
*       Default icg ratio: N.A.
*
*       Global Comb ClockGate Ratio: N.A.
*
*	Power Units = 1mW
*
*	Time Units = 1e-09 secs
*
*       report_power
*
-----------------------------------------------------------------------------------------
*



Total Power
-----------------------------------------------------------------------------------------
Total Internal Power:        7.54227376 	   53.5069%
Total Switching Power:       6.54924960 	   46.4621%
Total Leakage Power:         0.00436971 	    0.0310%
Total Power:                14.09589308
-----------------------------------------------------------------------------------------


Group                           Internal   Switching     Leakage       Total  Percentage 
                                Power      Power         Power         Power  (%)        
-----------------------------------------------------------------------------------------
Sequential                         5.601      0.8406    0.001939       6.444       45.71
Macro                                  0           0           0           0           0
IO                                     0           0           0           0           0
Combinational                      1.941       5.709    0.002431       7.652       54.29
Clock (Combinational)                  0           0           0           0           0
Clock (Sequential)                     0           0           0           0           0
-----------------------------------------------------------------------------------------
Total                              7.542       6.549     0.00437        14.1         100
-----------------------------------------------------------------------------------------


Rail                  Voltage   Internal   Switching     Leakage       Total  Percentage 
                                Power      Power         Power         Power  (%)        
-----------------------------------------------------------------------------------------
VDD                      1.32      7.542       6.549     0.00437        14.1         100
 
 
-----------------------------------------------------------------------------------------
*	Power Distribution Summary: 
*              Highest Average Power: picorv32_core_pcpi_insn_reg[15] (EDFFHQX8):          0.02432
*              Highest Leakage Power: picorv32_core_pcpi_insn_reg[3] (EDFFHQX8):        1.656e-06
*                Total Cap:      9.02848e-11 F
*                Total instances in design: 10384
*                Total instances in design with no power:     0
*                Total instances in design with no activty:     0

*                Total Fillers and Decap:     0
-----------------------------------------------------------------------------------------
 
** INFO:  (VOLTUS_POWR-3465): There are 0 decaps and 0 fillers in the design

Ended Static Power Report Generation: (cpu=0:00:00, real=0:00:00,
mem(process/total/peak)=1819.57MB/3297.34MB/1964.50MB)

