-------------------------------------------------------------------------------
Name     : Shielded net name
Length   : Shielded net length
Shield   : Total length of shielding wire
Ratio    : Average shielding ratio
-------------------------------------------------------------------------------
Name          Length    Shield    Ratio   
                                         Layer:      Length     Shield  Ratio
-------------------------------------------------------------------------------
CTS_17:   preferred: Metal6 - Metal7
               381.2     662.8    0.869
                                         Metal2:      107.6      149.8  0.696
                                         Metal3:       94.6      163.1  0.862
                                         Metal4:       22.1       37.7  0.855
                                         Metal5:       17.4       33.8  0.972
                                         Metal6:       84.2      167.6  0.996
                                         Metal7:       55.4      110.8  1.000
CTS_14:   preferred: Metal6 - Metal7
               361.2     631.8    0.875
                                         Metal2:       97.5      131.3  0.673
                                         Metal3:       57.8       96.1  0.831
                                         Metal4:       15.4       29.0  0.941
                                         Metal5:       20.2       40.4  1.000
                                         Metal6:      115.3      227.6  0.987
                                         Metal7:       55.0      107.4  0.976
CTS_13:   preferred: Metal6 - Metal7
               363.6     643.2    0.885
                                         Metal2:      101.2      133.2  0.658
                                         Metal3:       88.0      165.3  0.939
                                         Metal4:       14.8       26.5  0.895
                                         Metal5:       27.8       54.7  0.985
                                         Metal6:       84.7      169.5  1.000
                                         Metal7:       47.0       94.0  1.000
CTS_20:   preferred: Metal6 - Metal7
               358.8     637.4    0.888
                                         Metal2:       82.5      105.5  0.639
                                         Metal3:      105.2      191.5  0.910
                                         Metal4:       32.1       63.8  0.994
                                         Metal5:       22.8       44.3  0.973
                                         Metal6:       79.0      157.9  0.999
                                         Metal7:       37.2       74.4  1.000
CTS_9:   preferred: Metal6 - Metal7
               389.4     694.1    0.891
                                         Metal2:       97.3      137.9  0.709
                                         Metal3:       96.6      173.7  0.899
                                         Metal4:       22.8       45.4  0.996
                                         Metal5:       22.2       42.7  0.961
                                         Metal6:       85.3      170.6  1.000
                                         Metal7:       65.2      123.8  0.949
CTS_19:   preferred: Metal6 - Metal7
               373.6     667.4    0.893
                                         Metal2:      112.1      158.1  0.705
                                         Metal3:       71.9      131.5  0.914
                                         Metal4:       17.9       34.5  0.965
                                         Metal5:       26.2       52.4  1.000
                                         Metal6:       86.8      173.7  1.000
                                         Metal7:       58.6      117.2  1.000
CTS_18:   preferred: Metal6 - Metal7
               381.0     686.2    0.901
                                         Metal2:       98.7      136.8  0.694
                                         Metal3:       92.8      173.1  0.933
                                         Metal4:       27.4       52.2  0.955
                                         Metal5:       25.4       50.4  0.992
                                         Metal6:       90.6      181.3  1.000
                                         Metal7:       46.2       92.4  1.000
CTS_7:   preferred: Metal6 - Metal7
               426.8     780.7    0.915
                                         Metal2:       19.6       32.2  0.822
                                         Metal3:       13.4       19.6  0.731
                                         Metal4:        4.0        6.5  0.810
                                         Metal5:        7.8       11.2  0.718
                                         Metal6:      261.8      472.2  0.902
                                         Metal7:      120.2      239.0  0.994
wb_clk_i:   preferred: Metal6 - Metal7
               680.9    1254.1    0.921
                                         Metal1:        0.2        0.0  0.000
                                         Metal2:        1.9        1.5  0.406
                                         Metal3:        9.2        5.7  0.308
                                         Metal4:        5.9        6.6  0.560
                                         Metal5:       37.8       67.9  0.899
                                         Metal6:      288.8      509.7  0.883
                                         Metal7:      337.2      662.6  0.983
CTS_5:   preferred: Metal6 - Metal7
               383.6     708.3    0.923
                                         Metal2:       58.5       83.3  0.712
                                         Metal3:       78.8      141.5  0.898
                                         Metal4:       31.4       60.6  0.967
                                         Metal5:        9.0       17.0  0.944
                                         Metal6:      133.9      261.9  0.978
                                         Metal7:       72.0      144.0  1.000
CTS_21:   preferred: Metal6 - Metal7
               351.5     652.7    0.928
                                         Metal2:       89.8      141.7  0.789
                                         Metal3:       64.4      117.5  0.913
                                         Metal4:       29.3       57.3  0.979
                                         Metal5:       29.2       58.4  1.000
                                         Metal6:       93.5      187.0  1.000
                                         Metal7:       45.4       90.8  1.000
CTS_3:   preferred: Metal6 - Metal7
               435.8     810.7    0.930
                                         Metal2:       20.6       33.5  0.814
                                         Metal3:       39.2       70.8  0.904
                                         Metal4:       22.0       34.2  0.776
                                         Metal5:        8.0       14.0  0.875
                                         Metal6:      217.0      400.8  0.923
                                         Metal7:      129.0      257.4  0.998
CTS_4:   preferred: Metal6 - Metal7
               442.5     826.4    0.934
                                         Metal2:       15.2       19.0  0.624
                                         Metal3:       21.6       33.8  0.782
                                         Metal4:        1.7        2.3  0.667
                                         Metal5:        8.4       13.2  0.786
                                         Metal6:      300.6      568.1  0.945
                                         Metal7:       95.0      190.0  1.000
CTS_8:   preferred: Metal6 - Metal7
               384.3     729.1    0.949
                                         Metal2:       44.0       69.2  0.787
                                         Metal3:       45.2       76.7  0.848
                                         Metal4:       23.0       44.7  0.972
                                         Metal5:       10.4       20.4  0.981
                                         Metal6:      175.5      345.7  0.985
                                         Metal7:       86.2      172.4  1.000
CTS_1:   preferred: Metal6 - Metal7
               391.6     744.0    0.950
                                         Metal2:       45.1       70.4  0.782
                                         Metal3:       75.0      141.1  0.940
                                         Metal4:       22.6       44.1  0.975
                                         Metal5:       12.4       24.3  0.978
                                         Metal6:      136.5      264.1  0.967
                                         Metal7:      100.0      200.0  1.000
CTS_22:   preferred: Metal6 - Metal7
               371.1     708.9    0.955
                                         Metal2:       37.6       63.8  0.847
                                         Metal3:       44.4       81.1  0.914
                                         Metal4:       69.6      125.7  0.903
                                         Metal5:       50.0      100.0  1.000
                                         Metal6:      112.3      223.9  0.997
                                         Metal7:       57.2      114.4  1.000
CTS_16:   preferred: Metal6 - Metal7
               437.4     836.0    0.956
                                         Metal2:       13.1       19.7  0.751
                                         Metal3:       15.2       21.4  0.705
                                         Metal4:        2.9        4.8  0.833
                                         Metal5:        7.6       13.6  0.895
                                         Metal6:      286.7      552.8  0.964
                                         Metal7:      112.0      223.7  0.999
CTS_25:   preferred: Metal6 - Metal7
               402.5     771.4    0.958
                                         Metal2:       63.1      106.3  0.842
                                         Metal3:       41.0       77.0  0.939
                                         Metal4:        1.0        1.7  0.900
                                         Metal5:       14.8       29.6  1.000
                                         Metal6:      169.8      331.2  0.975
                                         Metal7:      112.8      225.6  1.000
CTS_11:   preferred: Metal6 - Metal7
               425.1     818.5    0.963
                                         Metal2:       25.3       41.4  0.818
                                         Metal3:       18.2       29.6  0.813
                                         Metal4:        3.2        4.9  0.765
                                         Metal5:        9.0       17.0  0.944
                                         Metal6:      267.7      522.4  0.976
                                         Metal7:      101.6      203.2  1.000
CTS_12:   preferred: Metal6 - Metal7
               425.1     819.0    0.963
                                         Metal2:       16.5       28.5  0.861
                                         Metal3:       12.6       19.0  0.754
                                         Metal4:        2.9        4.2  0.733
                                         Metal5:        7.4       13.2  0.892
                                         Metal6:      272.1      526.9  0.968
                                         Metal7:      113.6      227.2  1.000
CTS_6:   preferred: Metal6 - Metal7
               364.5     702.2    0.963
                                         Metal2:       57.8       99.7  0.863
                                         Metal3:       78.4      147.9  0.943
                                         Metal4:       47.1       94.1  0.998
                                         Metal5:       22.0       42.8  0.973
                                         Metal6:      110.2      219.8  0.997
                                         Metal7:       49.0       98.0  1.000
CTS_10:   preferred: Metal6 - Metal7
               487.8     943.5    0.967
                                         Metal2:       12.9       22.3  0.864
                                         Metal3:       14.4       23.4  0.812
                                         Metal4:        4.6        5.9  0.646
                                         Metal5:        9.0       13.0  0.722
                                         Metal6:      294.6      574.1  0.975
                                         Metal7:      152.4      304.8  1.000
CTS_24:   preferred: Metal6 - Metal7
               382.4     740.2    0.968
                                         Metal2:       35.6       59.8  0.841
                                         Metal3:       52.6       99.6  0.947
                                         Metal4:       16.7       33.2  0.994
                                         Metal5:       23.6       46.5  0.985
                                         Metal6:      164.3      321.8  0.979
                                         Metal7:       89.6      179.2  1.000
CTS_15:   preferred: Metal6 - Metal7
               382.9     741.3    0.968
                                         Metal2:       13.1       22.4  0.853
                                         Metal3:       17.6       32.2  0.915
                                         Metal4:        1.3        2.3  0.857
                                         Metal5:        8.2       16.0  0.976
                                         Metal6:      249.0      481.2  0.966
                                         Metal7:       93.6      187.2  1.000
CTS_2:   preferred: Metal6 - Metal7
               413.9     803.2    0.970
                                         Metal2:       12.0       18.8  0.784
                                         Metal3:       17.4       28.0  0.804
                                         Metal4:        2.5        4.6  0.923
                                         Metal5:        5.4        9.6  0.889
                                         Metal6:      255.5      499.9  0.978
                                         Metal7:      121.2      242.4  1.000
-------------------------------------------------------------------------------

 Average ratio:                   0.932
                                         Metal1:          0.0        0.0  0.000
                                         Metal2:         51.1       75.4  0.738
                                         Metal3:         50.6       90.4  0.893
                                         Metal4:         17.8       33.1  0.931
                                         Metal5:         17.7       33.9  0.958
                                         Metal6:        176.6      340.5  0.964
                                         Metal7:         94.1      187.3  0.995


